OpenJDK 64-Bit Server VM (25.151-b12) for linux-amd64 JRE (1.8.0_151-8u151-b12-1~deb9u1-b12), built on Nov  1 2017 14:17:57 by "pbuilder" with gcc 6.3.0 20170516
Memory: 4k page, physical 16431412k(3785952k free), swap 0k(0k free)
CommandLine flags: -XX:CMSInitiatingOccupancyFraction=50 -XX:CMSMaxAbortablePrecleanTime=6000 -XX:+CMSParallelRemarkEnabled -XX:+CMSScavengeBeforeRemark -XX:ConcGCThreads=4 -XX:GCLogFileSize=20971520 -XX:InitialHeapSize=536870912 -XX:MaxHeapSize=536870912 -XX:MaxTenuringThreshold=8 -XX:NewRatio=3 -XX:NumberOfGCLogFiles=9 -XX:OldPLABSize=16 -XX:-OmitStackTraceInFastThrow -XX:ParallelGCThreads=4 -XX:+ParallelRefProcEnabled -XX:PretenureSizeThreshold=67108864 -XX:+PrintGC -XX:+PrintGCApplicationStoppedTime -XX:+PrintGCDateStamps -XX:+PrintGCDetails -XX:+PrintGCTimeStamps -XX:+PrintHeapAtGC -XX:+PrintTenuringDistribution -XX:SurvivorRatio=4 -XX:TargetSurvivorRatio=90 -XX:ThreadStackSize=256 -XX:+UseCMSInitiatingOccupancyOnly -XX:+UseCompressedClassPointers -XX:+UseCompressedOops -XX:+UseConcMarkSweepGC -XX:+UseGCLogFileRotation -XX:+UseParNewGC 
2018-10-23T07:37:46.212+0000: 0.118: Total time for which application threads were stopped: 0.0001293 seconds, Stopping threads took: 0.0000596 seconds
2018-10-23T07:37:46.272+0000: 0.179: Total time for which application threads were stopped: 0.0001606 seconds, Stopping threads took: 0.0000517 seconds
2018-10-23T07:37:46.282+0000: 0.189: Total time for which application threads were stopped: 0.0001111 seconds, Stopping threads took: 0.0000550 seconds
2018-10-23T07:37:46.538+0000: 0.445: Total time for which application threads were stopped: 0.0002530 seconds, Stopping threads took: 0.0000661 seconds
2018-10-23T07:37:46.654+0000: 0.561: Total time for which application threads were stopped: 0.0002216 seconds, Stopping threads took: 0.0000416 seconds
2018-10-23T07:37:46.666+0000: 0.572: Total time for which application threads were stopped: 0.0002307 seconds, Stopping threads took: 0.0000843 seconds
2018-10-23T07:37:46.816+0000: 0.722: Total time for which application threads were stopped: 0.0003076 seconds, Stopping threads took: 0.0000575 seconds
2018-10-23T07:37:46.840+0000: 0.747: Total time for which application threads were stopped: 0.0002614 seconds, Stopping threads took: 0.0000629 seconds
{Heap before GC invocations=0 (full 0):
 par new generation   total 109248K, used 87424K [0x00000000e0000000, 0x00000000e8000000, 0x00000000e8000000)
  eden space 87424K, 100% used [0x00000000e0000000, 0x00000000e5560000, 0x00000000e5560000)
  from space 21824K,   0% used [0x00000000e5560000, 0x00000000e5560000, 0x00000000e6ab0000)
  to   space 21824K,   0% used [0x00000000e6ab0000, 0x00000000e6ab0000, 0x00000000e8000000)
 concurrent mark-sweep generation total 393216K, used 0K [0x00000000e8000000, 0x0000000100000000, 0x0000000100000000)
 Metaspace       used 18009K, capacity 18334K, committed 18688K, reserved 1064960K
  class space    used 2095K, capacity 2221K, committed 2304K, reserved 1048576K
2018-10-23T07:37:47.124+0000: 1.031: [GC (Allocation Failure) 2018-10-23T07:37:47.124+0000: 1.031: [ParNew
Desired survivor size 20112992 bytes, new threshold 8 (max 8)
- age   1:   10712184 bytes,   10712184 total
: 87424K->10568K(109248K), 0.0138131 secs] 87424K->10568K(502464K), 0.0139050 secs] [Times: user=0.03 sys=0.00, real=0.02 secs] 
Heap after GC invocations=1 (full 0):
 par new generation   total 109248K, used 10568K [0x00000000e0000000, 0x00000000e8000000, 0x00000000e8000000)
  eden space 87424K,   0% used [0x00000000e0000000, 0x00000000e0000000, 0x00000000e5560000)
  from space 21824K,  48% used [0x00000000e6ab0000, 0x00000000e7502100, 0x00000000e8000000)
  to   space 21824K,   0% used [0x00000000e5560000, 0x00000000e5560000, 0x00000000e6ab0000)
 concurrent mark-sweep generation total 393216K, used 0K [0x00000000e8000000, 0x0000000100000000, 0x0000000100000000)
 Metaspace       used 18009K, capacity 18334K, committed 18688K, reserved 1064960K
  class space    used 2095K, capacity 2221K, committed 2304K, reserved 1048576K
}
2018-10-23T07:37:47.138+0000: 1.045: Total time for which application threads were stopped: 0.0141669 seconds, Stopping threads took: 0.0000509 seconds
2018-10-23T07:37:47.190+0000: 1.097: Total time for which application threads were stopped: 0.0003043 seconds, Stopping threads took: 0.0000396 seconds
2018-10-23T07:37:47.206+0000: 1.113: Total time for which application threads were stopped: 0.0003009 seconds, Stopping threads took: 0.0000813 seconds
2018-10-23T07:37:47.234+0000: 1.141: Total time for which application threads were stopped: 0.0003283 seconds, Stopping threads took: 0.0000519 seconds
2018-10-23T07:37:47.235+0000: 1.142: Total time for which application threads were stopped: 0.0001701 seconds, Stopping threads took: 0.0000449 seconds
2018-10-23T07:37:47.244+0000: 1.151: Total time for which application threads were stopped: 0.0002269 seconds, Stopping threads took: 0.0000458 seconds
2018-10-23T07:37:47.305+0000: 1.212: Total time for which application threads were stopped: 0.0003635 seconds, Stopping threads took: 0.0000595 seconds
2018-10-23T07:37:47.373+0000: 1.280: Total time for which application threads were stopped: 0.0001878 seconds, Stopping threads took: 0.0000554 seconds
2018-10-23T07:37:47.400+0000: 1.307: Total time for which application threads were stopped: 0.0001314 seconds, Stopping threads took: 0.0000422 seconds
2018-10-23T07:37:47.462+0000: 1.369: Total time for which application threads were stopped: 0.0001833 seconds, Stopping threads took: 0.0000727 seconds
2018-10-23T07:37:47.501+0000: 1.408: Total time for which application threads were stopped: 0.0001541 seconds, Stopping threads took: 0.0000632 seconds
2018-10-23T07:37:47.522+0000: 1.429: Total time for which application threads were stopped: 0.0001189 seconds, Stopping threads took: 0.0000389 seconds
2018-10-23T07:37:47.540+0000: 1.447: Total time for which application threads were stopped: 0.0001132 seconds, Stopping threads took: 0.0000471 seconds
2018-10-23T07:37:47.559+0000: 1.466: Total time for which application threads were stopped: 0.0001330 seconds, Stopping threads took: 0.0000226 seconds
2018-10-23T07:37:47.569+0000: 1.476: Total time for which application threads were stopped: 0.0061690 seconds, Stopping threads took: 0.0061016 seconds
2018-10-23T07:37:47.571+0000: 1.478: Total time for which application threads were stopped: 0.0002203 seconds, Stopping threads took: 0.0001469 seconds
2018-10-23T07:37:47.705+0000: 1.612: Total time for which application threads were stopped: 0.0005152 seconds, Stopping threads took: 0.0001318 seconds
2018-10-23T07:37:47.712+0000: 1.619: Total time for which application threads were stopped: 0.0001666 seconds, Stopping threads took: 0.0000851 seconds
2018-10-23T07:37:47.743+0000: 1.650: Total time for which application threads were stopped: 0.0004336 seconds, Stopping threads took: 0.0000639 seconds
2018-10-23T07:37:47.750+0000: 1.656: Total time for which application threads were stopped: 0.0002772 seconds, Stopping threads took: 0.0000415 seconds
2018-10-23T07:37:47.752+0000: 1.659: Total time for which application threads were stopped: 0.0001768 seconds, Stopping threads took: 0.0000868 seconds
2018-10-23T07:37:47.798+0000: 1.705: Total time for which application threads were stopped: 0.0003939 seconds, Stopping threads took: 0.0002315 seconds
2018-10-23T07:37:47.828+0000: 1.735: Total time for which application threads were stopped: 0.0001786 seconds, Stopping threads took: 0.0000684 seconds
2018-10-23T07:37:47.884+0000: 1.791: Total time for which application threads were stopped: 0.0013730 seconds, Stopping threads took: 0.0012194 seconds
2018-10-23T07:37:47.933+0000: 1.840: Total time for which application threads were stopped: 0.0006604 seconds, Stopping threads took: 0.0005191 seconds
2018-10-23T07:37:47.935+0000: 1.842: Total time for which application threads were stopped: 0.0004482 seconds, Stopping threads took: 0.0000905 seconds
2018-10-23T07:37:47.972+0000: 1.879: Total time for which application threads were stopped: 0.0005233 seconds, Stopping threads took: 0.0001087 seconds
2018-10-23T07:37:47.989+0000: 1.896: Total time for which application threads were stopped: 0.0003650 seconds, Stopping threads took: 0.0001953 seconds
{Heap before GC invocations=1 (full 0):
 par new generation   total 109248K, used 97992K [0x00000000e0000000, 0x00000000e8000000, 0x00000000e8000000)
  eden space 87424K, 100% used [0x00000000e0000000, 0x00000000e5560000, 0x00000000e5560000)
  from space 21824K,  48% used [0x00000000e6ab0000, 0x00000000e7502100, 0x00000000e8000000)
  to   space 21824K,   0% used [0x00000000e5560000, 0x00000000e5560000, 0x00000000e6ab0000)
 concurrent mark-sweep generation total 393216K, used 0K [0x00000000e8000000, 0x0000000100000000, 0x0000000100000000)
 Metaspace       used 25081K, capacity 25737K, committed 25868K, reserved 1073152K
  class space    used 2914K, capacity 3119K, committed 3120K, reserved 1048576K
2018-10-23T07:37:48.118+0000: 2.025: [GC (Allocation Failure) 2018-10-23T07:37:48.118+0000: 2.025: [ParNew
Desired survivor size 20112992 bytes, new threshold 8 (max 8)
- age   1:   11216384 bytes,   11216384 total
- age   2:    4175552 bytes,   15391936 total
: 97992K->18518K(109248K), 0.0213712 secs] 97992K->18518K(502464K), 0.0214852 secs] [Times: user=0.07 sys=0.00, real=0.02 secs] 
Heap after GC invocations=2 (full 0):
 par new generation   total 109248K, used 18518K [0x00000000e0000000, 0x00000000e8000000, 0x00000000e8000000)
  eden space 87424K,   0% used [0x00000000e0000000, 0x00000000e0000000, 0x00000000e5560000)
  from space 21824K,  84% used [0x00000000e5560000, 0x00000000e6775ae0, 0x00000000e6ab0000)
  to   space 21824K,   0% used [0x00000000e6ab0000, 0x00000000e6ab0000, 0x00000000e8000000)
 concurrent mark-sweep generation total 393216K, used 0K [0x00000000e8000000, 0x0000000100000000, 0x0000000100000000)
 Metaspace       used 25081K, capacity 25737K, committed 25868K, reserved 1073152K
  class space    used 2914K, capacity 3119K, committed 3120K, reserved 1048576K
}
2018-10-23T07:37:48.139+0000: 2.046: Total time for which application threads were stopped: 0.0253320 seconds, Stopping threads took: 0.0035832 seconds
2018-10-23T07:37:48.140+0000: 2.047: [GC (CMS Initial Mark) [1 CMS-initial-mark: 0K(393216K)] 18927K(502464K), 0.0041123 secs] [Times: user=0.01 sys=0.00, real=0.00 secs] 
2018-10-23T07:37:48.144+0000: 2.051: Total time for which application threads were stopped: 0.0043627 seconds, Stopping threads took: 0.0001078 seconds
2018-10-23T07:37:48.150+0000: 2.057: [CMS-concurrent-mark-start]
2018-10-23T07:37:48.152+0000: 2.059: [CMS-concurrent-mark: 0.002/0.002 secs] [Times: user=0.01 sys=0.00, real=0.00 secs] 
2018-10-23T07:37:48.152+0000: 2.059: [CMS-concurrent-preclean-start]
2018-10-23T07:37:48.152+0000: 2.059: [CMS-concurrent-preclean: 0.001/0.001 secs] [Times: user=0.00 sys=0.00, real=0.00 secs] 
2018-10-23T07:37:48.153+0000: 2.059: [CMS-concurrent-abortable-preclean-start]
2018-10-23T07:37:48.205+0000: 2.112: Total time for which application threads were stopped: 0.0002580 seconds, Stopping threads took: 0.0000963 seconds
2018-10-23T07:37:48.240+0000: 2.147: Total time for which application threads were stopped: 0.0026652 seconds, Stopping threads took: 0.0021562 seconds
2018-10-23T07:37:48.259+0000: 2.166: Total time for which application threads were stopped: 0.0010516 seconds, Stopping threads took: 0.0009145 seconds
2018-10-23T07:37:48.290+0000: 2.197: Total time for which application threads were stopped: 0.0018660 seconds, Stopping threads took: 0.0012972 seconds
{Heap before GC invocations=2 (full 1):
 par new generation   total 109248K, used 105942K [0x00000000e0000000, 0x00000000e8000000, 0x00000000e8000000)
  eden space 87424K, 100% used [0x00000000e0000000, 0x00000000e5560000, 0x00000000e5560000)
  from space 21824K,  84% used [0x00000000e5560000, 0x00000000e6775ae0, 0x00000000e6ab0000)
  to   space 21824K,   0% used [0x00000000e6ab0000, 0x00000000e6ab0000, 0x00000000e8000000)
 concurrent mark-sweep generation total 393216K, used 0K [0x00000000e8000000, 0x0000000100000000, 0x0000000100000000)
 Metaspace       used 25734K, capacity 26455K, committed 26532K, reserved 1073152K
  class space    used 2970K, capacity 3190K, committed 3196K, reserved 1048576K
2018-10-23T07:37:48.349+0000: 2.256: [GC (Allocation Failure) 2018-10-23T07:37:48.349+0000: 2.256: [ParNew
Desired survivor size 20112992 bytes, new threshold 8 (max 8)
- age   1:     695408 bytes,     695408 total
- age   2:    6280920 bytes,    6976328 total
- age   3:    4174192 bytes,   11150520 total
: 105942K->19224K(109248K), 0.0176115 secs] 105942K->19224K(502464K), 0.0177111 secs] [Times: user=0.04 sys=0.00, real=0.02 secs] 
Heap after GC invocations=3 (full 1):
 par new generation   total 109248K, used 19224K [0x00000000e0000000, 0x00000000e8000000, 0x00000000e8000000)
  eden space 87424K,   0% used [0x00000000e0000000, 0x00000000e0000000, 0x00000000e5560000)
  from space 21824K,  88% used [0x00000000e6ab0000, 0x00000000e7d762d0, 0x00000000e8000000)
  to   space 21824K,   0% used [0x00000000e5560000, 0x00000000e5560000, 0x00000000e6ab0000)
 concurrent mark-sweep generation total 393216K, used 0K [0x00000000e8000000, 0x0000000100000000, 0x0000000100000000)
 Metaspace       used 25734K, capacity 26455K, committed 26532K, reserved 1073152K
  class space    used 2970K, capacity 3190K, committed 3196K, reserved 1048576K
}
2018-10-23T07:37:48.367+0000: 2.274: Total time for which application threads were stopped: 0.0231139 seconds, Stopping threads took: 0.0051936 seconds
2018-10-23T07:37:48.367+0000: 2.274: [CMS-concurrent-abortable-preclean: 0.129/0.215 secs] [Times: user=0.60 sys=0.00, real=0.21 secs] 
2018-10-23T07:37:48.372+0000: 2.278: [GC (CMS Final Remark) [YG occupancy: 20307 K (109248 K)]{Heap before GC invocations=3 (full 1):
 par new generation   total 109248K, used 20307K [0x00000000e0000000, 0x00000000e8000000, 0x00000000e8000000)
  eden space 87424K,   1% used [0x00000000e0000000, 0x00000000e010ecf8, 0x00000000e5560000)
  from space 21824K,  88% used [0x00000000e6ab0000, 0x00000000e7d762d0, 0x00000000e8000000)
  to   space 21824K,   0% used [0x00000000e5560000, 0x00000000e5560000, 0x00000000e6ab0000)
 concurrent mark-sweep generation total 393216K, used 0K [0x00000000e8000000, 0x0000000100000000, 0x0000000100000000)
 Metaspace       used 25742K, capacity 26463K, committed 26532K, reserved 1073152K
  class space    used 2973K, capacity 3194K, committed 3196K, reserved 1048576K
2018-10-23T07:37:48.372+0000: 2.278: [GC (CMS Final Remark) 2018-10-23T07:37:48.372+0000: 2.278: [ParNew
Desired survivor size 20112992 bytes, new threshold 8 (max 8)
- age   1:     194624 bytes,     194624 total
- age   2:     640344 bytes,     834968 total
- age   3:    6280920 bytes,    7115888 total
- age   4:    4173936 bytes,   11289824 total
: 20307K->14815K(109248K), 0.0149271 secs] 20307K->14815K(502464K), 0.0149799 secs] [Times: user=0.03 sys=0.00, real=0.01 secs] 
Heap after GC invocations=4 (full 1):
 par new generation   total 109248K, used 14815K [0x00000000e0000000, 0x00000000e8000000, 0x00000000e8000000)
  eden space 87424K,   0% used [0x00000000e0000000, 0x00000000e0000000, 0x00000000e5560000)
  from space 21824K,  67% used [0x00000000e5560000, 0x00000000e63d7f70, 0x00000000e6ab0000)
  to   space 21824K,   0% used [0x00000000e6ab0000, 0x00000000e6ab0000, 0x00000000e8000000)
 concurrent mark-sweep generation total 393216K, used 0K [0x00000000e8000000, 0x0000000100000000, 0x0000000100000000)
 Metaspace       used 25742K, capacity 26463K, committed 26532K, reserved 1073152K
  class space    used 2973K, capacity 3194K, committed 3196K, reserved 1048576K
}
2018-10-23T07:37:48.387+0000: 2.293: [Rescan (parallel) , 0.0038338 secs]2018-10-23T07:37:48.390+0000: 2.297: [weak refs processing, 0.0020845 secs]2018-10-23T07:37:48.393+0000: 2.299: [class unloading, 0.0040958 secs]2018-10-23T07:37:48.397+0000: 2.304: [scrub symbol table, 0.0037489 secs]2018-10-23T07:37:48.400+0000: 2.307: [scrub string table, 0.0005006 secs][1 CMS-remark: 0K(393216K)] 14815K(502464K), 0.0300703 secs] [Times: user=0.05 sys=0.00, real=0.03 secs] 
2018-10-23T07:37:48.402+0000: 2.309: Total time for which application threads were stopped: 0.0327330 seconds, Stopping threads took: 0.0025096 seconds
2018-10-23T07:37:48.410+0000: 2.317: [CMS-concurrent-sweep-start]
2018-10-23T07:37:48.410+0000: 2.317: [CMS-concurrent-sweep: 0.000/0.000 secs] [Times: user=0.00 sys=0.00, real=0.00 secs] 
2018-10-23T07:37:48.410+0000: 2.317: [CMS-concurrent-reset-start]
2018-10-23T07:37:48.412+0000: 2.319: [CMS-concurrent-reset: 0.002/0.002 secs] [Times: user=0.00 sys=0.00, real=0.00 secs] 
{Heap before GC invocations=4 (full 1):
 par new generation   total 109248K, used 102233K [0x00000000e0000000, 0x00000000e8000000, 0x00000000e8000000)
  eden space 87424K,  99% used [0x00000000e0000000, 0x00000000e555e690, 0x00000000e5560000)
  from space 21824K,  67% used [0x00000000e5560000, 0x00000000e63d7f70, 0x00000000e6ab0000)
  to   space 21824K,   0% used [0x00000000e6ab0000, 0x00000000e6ab0000, 0x00000000e8000000)
 concurrent mark-sweep generation total 393216K, used 0K [0x00000000e8000000, 0x0000000100000000, 0x0000000100000000)
 Metaspace       used 26640K, capacity 27275K, committed 27428K, reserved 1073152K
  class space    used 3088K, capacity 3292K, committed 3324K, reserved 1048576K
2018-10-23T07:37:48.588+0000: 2.495: [GC (Allocation Failure) 2018-10-23T07:37:48.588+0000: 2.495: [ParNew
Desired survivor size 20112992 bytes, new threshold 8 (max 8)
- age   1:    3293440 bytes,    3293440 total
- age   2:      35968 bytes,    3329408 total
- age   3:     202696 bytes,    3532104 total
- age   4:    6119328 bytes,    9651432 total
- age   5:    4173680 bytes,   13825112 total
: 102233K->15444K(109248K), 0.0181528 secs] 102233K->15444K(502464K), 0.0182430 secs] [Times: user=0.05 sys=0.00, real=0.02 secs] 
Heap after GC invocations=5 (full 1):
 par new generation   total 109248K, used 15444K [0x00000000e0000000, 0x00000000e8000000, 0x00000000e8000000)
  eden space 87424K,   0% used [0x00000000e0000000, 0x00000000e0000000, 0x00000000e5560000)
  from space 21824K,  70% used [0x00000000e6ab0000, 0x00000000e79c5058, 0x00000000e8000000)
  to   space 21824K,   0% used [0x00000000e5560000, 0x00000000e5560000, 0x00000000e6ab0000)
 concurrent mark-sweep generation total 393216K, used 0K [0x00000000e8000000, 0x0000000100000000, 0x0000000100000000)
 Metaspace       used 26640K, capacity 27275K, committed 27428K, reserved 1073152K
  class space    used 3088K, capacity 3292K, committed 3324K, reserved 1048576K
}
2018-10-23T07:37:48.606+0000: 2.513: Total time for which application threads were stopped: 0.0187252 seconds, Stopping threads took: 0.0001766 seconds
{Heap before GC invocations=5 (full 1):
 par new generation   total 109248K, used 102868K [0x00000000e0000000, 0x00000000e8000000, 0x00000000e8000000)
  eden space 87424K, 100% used [0x00000000e0000000, 0x00000000e5560000, 0x00000000e5560000)
  from space 21824K,  70% used [0x00000000e6ab0000, 0x00000000e79c5058, 0x00000000e8000000)
  to   space 21824K,   0% used [0x00000000e5560000, 0x00000000e5560000, 0x00000000e6ab0000)
 concurrent mark-sweep generation total 393216K, used 0K [0x00000000e8000000, 0x0000000100000000, 0x0000000100000000)
 Metaspace       used 26826K, capacity 27447K, committed 27812K, reserved 1073152K
  class space    used 3115K, capacity 3326K, committed 3452K, reserved 1048576K
2018-10-23T07:37:48.675+0000: 2.581: [GC (Allocation Failure) 2018-10-23T07:37:48.675+0000: 2.581: [ParNew
Desired survivor size 20112992 bytes, new threshold 8 (max 8)
- age   1:     848296 bytes,     848296 total
- age   2:    2255064 bytes,    3103360 total
- age   3:      35968 bytes,    3139328 total
- age   4:     202664 bytes,    3341992 total
- age   5:    6115232 bytes,    9457224 total
- age   6:    4239072 bytes,   13696296 total
: 102868K->17294K(109248K), 0.0172766 secs] 102868K->17294K(502464K), 0.0173664 secs] [Times: user=0.04 sys=0.00, real=0.02 secs] 
Heap after GC invocations=6 (full 1):
 par new generation   total 109248K, used 17294K [0x00000000e0000000, 0x00000000e8000000, 0x00000000e8000000)
  eden space 87424K,   0% used [0x00000000e0000000, 0x00000000e0000000, 0x00000000e5560000)
  from space 21824K,  79% used [0x00000000e5560000, 0x00000000e6643ab0, 0x00000000e6ab0000)
  to   space 21824K,   0% used [0x00000000e6ab0000, 0x00000000e6ab0000, 0x00000000e8000000)
 concurrent mark-sweep generation total 393216K, used 0K [0x00000000e8000000, 0x0000000100000000, 0x0000000100000000)
 Metaspace       used 26826K, capacity 27447K, committed 27812K, reserved 1073152K
  class space    used 3115K, capacity 3326K, committed 3452K, reserved 1048576K
}
2018-10-23T07:37:48.692+0000: 2.599: Total time for which application threads were stopped: 0.0220113 seconds, Stopping threads took: 0.0044309 seconds
{Heap before GC invocations=6 (full 1):
 par new generation   total 109248K, used 104718K [0x00000000e0000000, 0x00000000e8000000, 0x00000000e8000000)
  eden space 87424K, 100% used [0x00000000e0000000, 0x00000000e5560000, 0x00000000e5560000)
  from space 21824K,  79% used [0x00000000e5560000, 0x00000000e6643ab0, 0x00000000e6ab0000)
  to   space 21824K,   0% used [0x00000000e6ab0000, 0x00000000e6ab0000, 0x00000000e8000000)
 concurrent mark-sweep generation total 393216K, used 0K [0x00000000e8000000, 0x0000000100000000, 0x0000000100000000)
 Metaspace       used 26940K, capacity 27593K, committed 27812K, reserved 1073152K
  class space    used 3127K, capacity 3329K, committed 3452K, reserved 1048576K
2018-10-23T07:37:48.759+0000: 2.666: [GC (Allocation Failure) 2018-10-23T07:37:48.759+0000: 2.666: [ParNew
Desired survivor size 20112992 bytes, new threshold 8 (max 8)
- age   1:     959376 bytes,     959376 total
- age   2:     102984 bytes,    1062360 total
- age   3:    2254384 bytes,    3316744 total
- age   4:      35968 bytes,    3352712 total
- age   5:     202664 bytes,    3555376 total
- age   6:    6115184 bytes,    9670560 total
- age   7:    4173280 bytes,   13843840 total
: 104718K->15748K(109248K), 0.0289339 secs] 104718K->15748K(502464K), 0.0290365 secs] [Times: user=0.06 sys=0.00, real=0.02 secs] 
Heap after GC invocations=7 (full 1):
 par new generation   total 109248K, used 15748K [0x00000000e0000000, 0x00000000e8000000, 0x00000000e8000000)
  eden space 87424K,   0% used [0x00000000e0000000, 0x00000000e0000000, 0x00000000e5560000)
  from space 21824K,  72% used [0x00000000e6ab0000, 0x00000000e7a11180, 0x00000000e8000000)
  to   space 21824K,   0% used [0x00000000e5560000, 0x00000000e5560000, 0x00000000e6ab0000)
 concurrent mark-sweep generation total 393216K, used 0K [0x00000000e8000000, 0x0000000100000000, 0x0000000100000000)
 Metaspace       used 26940K, capacity 27593K, committed 27812K, reserved 1073152K
  class space    used 3127K, capacity 3329K, committed 3452K, reserved 1048576K
}
2018-10-23T07:37:48.788+0000: 2.695: Total time for which application threads were stopped: 0.0334836 seconds, Stopping threads took: 0.0042432 seconds
{Heap before GC invocations=7 (full 1):
 par new generation   total 109248K, used 103172K [0x00000000e0000000, 0x00000000e8000000, 0x00000000e8000000)
  eden space 87424K, 100% used [0x00000000e0000000, 0x00000000e5560000, 0x00000000e5560000)
  from space 21824K,  72% used [0x00000000e6ab0000, 0x00000000e7a11180, 0x00000000e8000000)
  to   space 21824K,   0% used [0x00000000e5560000, 0x00000000e5560000, 0x00000000e6ab0000)
 concurrent mark-sweep generation total 393216K, used 0K [0x00000000e8000000, 0x0000000100000000, 0x0000000100000000)
 Metaspace       used 27104K, capacity 27765K, committed 27992K, reserved 1073152K
  class space    used 3149K, capacity 3363K, committed 3452K, reserved 1048576K
2018-10-23T07:37:48.852+0000: 2.759: [GC (Allocation Failure) 2018-10-23T07:37:48.852+0000: 2.759: [ParNew
Desired survivor size 20112992 bytes, new threshold 8 (max 8)
- age   1:     710792 bytes,     710792 total
- age   2:     142696 bytes,     853488 total
- age   3:     101848 bytes,     955336 total
- age   4:    2254336 bytes,    3209672 total
- age   5:      35968 bytes,    3245640 total
- age   6:     202536 bytes,    3448176 total
- age   7:    6115144 bytes,    9563320 total
- age   8:    4173152 bytes,   13736472 total
: 103172K->21189K(109248K), 0.0265140 secs] 103172K->21189K(502464K), 0.0266070 secs] [Times: user=0.05 sys=0.00, real=0.03 secs] 
Heap after GC invocations=8 (full 1):
 par new generation   total 109248K, used 21189K [0x00000000e0000000, 0x00000000e8000000, 0x00000000e8000000)
  eden space 87424K,   0% used [0x00000000e0000000, 0x00000000e0000000, 0x00000000e5560000)
  from space 21824K,  97% used [0x00000000e5560000, 0x00000000e6a114e0, 0x00000000e6ab0000)
  to   space 21824K,   0% used [0x00000000e6ab0000, 0x00000000e6ab0000, 0x00000000e8000000)
 concurrent mark-sweep generation total 393216K, used 0K [0x00000000e8000000, 0x0000000100000000, 0x0000000100000000)
 Metaspace       used 27104K, capacity 27765K, committed 27992K, reserved 1073152K
  class space    used 3149K, capacity 3363K, committed 3452K, reserved 1048576K
}
2018-10-23T07:37:48.879+0000: 2.786: Total time for which application threads were stopped: 0.0272040 seconds, Stopping threads took: 0.0003518 seconds
2018-10-23T07:37:48.979+0000: 2.886: Total time for which application threads were stopped: 0.0007087 seconds, Stopping threads took: 0.0000878 seconds
{Heap before GC invocations=8 (full 1):
 par new generation   total 109248K, used 108613K [0x00000000e0000000, 0x00000000e8000000, 0x00000000e8000000)
  eden space 87424K, 100% used [0x00000000e0000000, 0x00000000e5560000, 0x00000000e5560000)
  from space 21824K,  97% used [0x00000000e5560000, 0x00000000e6a114e0, 0x00000000e6ab0000)
  to   space 21824K,   0% used [0x00000000e6ab0000, 0x00000000e6ab0000, 0x00000000e8000000)
 concurrent mark-sweep generation total 393216K, used 0K [0x00000000e8000000, 0x0000000100000000, 0x0000000100000000)
 Metaspace       used 28482K, capacity 29131K, committed 29400K, reserved 1075200K
  class space    used 3296K, capacity 3498K, committed 3580K, reserved 1048576K
2018-10-23T07:37:49.144+0000: 3.051: [GC (Allocation Failure) 2018-10-23T07:37:49.145+0000: 3.051: [ParNew
Desired survivor size 20112992 bytes, new threshold 8 (max 8)
- age   1:    2574768 bytes,    2574768 total
- age   2:     118920 bytes,    2693688 total
- age   3:     141816 bytes,    2835504 total
- age   4:     100496 bytes,    2936000 total
- age   5:    2245608 bytes,    5181608 total
- age   6:      35968 bytes,    5217576 total
- age   7:     202536 bytes,    5420112 total
- age   8:    6114792 bytes,   11534904 total
: 108613K->12761K(109248K), 0.0490049 secs] 108613K->16904K(502464K), 0.0490950 secs] [Times: user=0.10 sys=0.00, real=0.05 secs] 
Heap after GC invocations=9 (full 1):
 par new generation   total 109248K, used 12761K [0x00000000e0000000, 0x00000000e8000000, 0x00000000e8000000)
  eden space 87424K,   0% used [0x00000000e0000000, 0x00000000e0000000, 0x00000000e5560000)
  from space 21824K,  58% used [0x00000000e6ab0000, 0x00000000e7726540, 0x00000000e8000000)
  to   space 21824K,   0% used [0x00000000e5560000, 0x00000000e5560000, 0x00000000e6ab0000)
 concurrent mark-sweep generation total 393216K, used 4142K [0x00000000e8000000, 0x0000000100000000, 0x0000000100000000)
 Metaspace       used 28482K, capacity 29131K, committed 29400K, reserved 1075200K
  class space    used 3296K, capacity 3498K, committed 3580K, reserved 1048576K
}
2018-10-23T07:37:49.194+0000: 3.101: Total time for which application threads were stopped: 0.0515164 seconds, Stopping threads took: 0.0021277 seconds
2018-10-23T07:37:49.421+0000: 3.328: Total time for which application threads were stopped: 0.0008132 seconds, Stopping threads took: 0.0000765 seconds
{Heap before GC invocations=9 (full 1):
 par new generation   total 109248K, used 100185K [0x00000000e0000000, 0x00000000e8000000, 0x00000000e8000000)
  eden space 87424K, 100% used [0x00000000e0000000, 0x00000000e5560000, 0x00000000e5560000)
  from space 21824K,  58% used [0x00000000e6ab0000, 0x00000000e7726540, 0x00000000e8000000)
  to   space 21824K,   0% used [0x00000000e5560000, 0x00000000e5560000, 0x00000000e6ab0000)
 concurrent mark-sweep generation total 393216K, used 4142K [0x00000000e8000000, 0x0000000100000000, 0x0000000100000000)
 Metaspace       used 31575K, capacity 32373K, committed 32600K, reserved 1077248K
  class space    used 3688K, capacity 3929K, committed 3964K, reserved 1048576K
2018-10-23T07:37:49.703+0000: 3.609: [GC (Allocation Failure) 2018-10-23T07:37:49.703+0000: 3.610: [ParNew
Desired survivor size 20112992 bytes, new threshold 8 (max 8)
- age   1:    5709712 bytes,    5709712 total
- age   2:     488056 bytes,    6197768 total
- age   3:     118728 bytes,    6316496 total
- age   4:     141000 bytes,    6457496 total
- age   5:      97472 bytes,    6554968 total
- age   6:     523096 bytes,    7078064 total
- age   7:       4496 bytes,    7082560 total
- age   8:     169384 bytes,    7251944 total
: 100185K->12554K(109248K), 0.0302181 secs] 104328K->22689K(502464K), 0.0303300 secs] [Times: user=0.05 sys=0.00, real=0.03 secs] 
Heap after GC invocations=10 (full 1):
 par new generation   total 109248K, used 12554K [0x00000000e0000000, 0x00000000e8000000, 0x00000000e8000000)
  eden space 87424K,   0% used [0x00000000e0000000, 0x00000000e0000000, 0x00000000e5560000)
  from space 21824K,  57% used [0x00000000e5560000, 0x00000000e61a2980, 0x00000000e6ab0000)
  to   space 21824K,   0% used [0x00000000e6ab0000, 0x00000000e6ab0000, 0x00000000e8000000)
 concurrent mark-sweep generation total 393216K, used 10134K [0x00000000e8000000, 0x0000000100000000, 0x0000000100000000)
 Metaspace       used 31575K, capacity 32373K, committed 32600K, reserved 1077248K
  class space    used 3688K, capacity 3929K, committed 3964K, reserved 1048576K
}
2018-10-23T07:37:49.733+0000: 3.640: Total time for which application threads were stopped: 0.0307545 seconds, Stopping threads took: 0.0001134 seconds
2018-10-23T07:37:49.868+0000: 3.775: Total time for which application threads were stopped: 0.0007592 seconds, Stopping threads took: 0.0000655 seconds
2018-10-23T07:37:49.943+0000: 3.850: Total time for which application threads were stopped: 0.0008251 seconds, Stopping threads took: 0.0001155 seconds
2018-10-23T07:37:50.006+0000: 3.913: Total time for which application threads were stopped: 0.0033574 seconds, Stopping threads took: 0.0026793 seconds
2018-10-23T07:37:50.020+0000: 3.927: Total time for which application threads were stopped: 0.0007473 seconds, Stopping threads took: 0.0000832 seconds
2018-10-23T07:37:50.139+0000: 4.046: Total time for which application threads were stopped: 0.0053452 seconds, Stopping threads took: 0.0046318 seconds
2018-10-23T07:37:50.164+0000: 4.071: Total time for which application threads were stopped: 0.0034620 seconds, Stopping threads took: 0.0013013 seconds
2018-10-23T07:37:50.183+0000: 4.090: Total time for which application threads were stopped: 0.0022007 seconds, Stopping threads took: 0.0020637 seconds
2018-10-23T07:37:50.195+0000: 4.102: Total time for which application threads were stopped: 0.0084464 seconds, Stopping threads took: 0.0083179 seconds
2018-10-23T07:37:50.224+0000: 4.131: Total time for which application threads were stopped: 0.0068822 seconds, Stopping threads took: 0.0067386 seconds
2018-10-23T07:37:50.250+0000: 4.157: Total time for which application threads were stopped: 0.0005465 seconds, Stopping threads took: 0.0003708 seconds
2018-10-23T07:37:50.253+0000: 4.160: Total time for which application threads were stopped: 0.0002493 seconds, Stopping threads took: 0.0001583 seconds
2018-10-23T07:37:50.254+0000: 4.161: Total time for which application threads were stopped: 0.0003192 seconds, Stopping threads took: 0.0001865 seconds
2018-10-23T07:37:50.262+0000: 4.169: Total time for which application threads were stopped: 0.0073547 seconds, Stopping threads took: 0.0072526 seconds
2018-10-23T07:37:50.262+0000: 4.169: Total time for which application threads were stopped: 0.0001375 seconds, Stopping threads took: 0.0000530 seconds
2018-10-23T07:37:50.288+0000: 4.195: Total time for which application threads were stopped: 0.0044957 seconds, Stopping threads took: 0.0038944 seconds
2018-10-23T07:37:50.302+0000: 4.209: Total time for which application threads were stopped: 0.0002810 seconds, Stopping threads took: 0.0001071 seconds
2018-10-23T07:37:50.311+0000: 4.217: Total time for which application threads were stopped: 0.0026584 seconds, Stopping threads took: 0.0025554 seconds
2018-10-23T07:37:50.332+0000: 4.239: Total time for which application threads were stopped: 0.0090192 seconds, Stopping threads took: 0.0087836 seconds
2018-10-23T07:37:50.360+0000: 4.267: Total time for which application threads were stopped: 0.0132381 seconds, Stopping threads took: 0.0130622 seconds
2018-10-23T07:37:50.361+0000: 4.268: Total time for which application threads were stopped: 0.0002940 seconds, Stopping threads took: 0.0001738 seconds
2018-10-23T07:37:50.362+0000: 4.269: Total time for which application threads were stopped: 0.0001895 seconds, Stopping threads took: 0.0000643 seconds
2018-10-23T07:37:50.362+0000: 4.269: Total time for which application threads were stopped: 0.0001610 seconds, Stopping threads took: 0.0000439 seconds
2018-10-23T07:37:50.362+0000: 4.269: Total time for which application threads were stopped: 0.0001494 seconds, Stopping threads took: 0.0000382 seconds
2018-10-23T07:37:50.363+0000: 4.270: Total time for which application threads were stopped: 0.0002580 seconds, Stopping threads took: 0.0001277 seconds
2018-10-23T07:37:50.363+0000: 4.270: Total time for which application threads were stopped: 0.0001620 seconds, Stopping threads took: 0.0000375 seconds
2018-10-23T07:37:50.363+0000: 4.270: Total time for which application threads were stopped: 0.0002007 seconds, Stopping threads took: 0.0000758 seconds
2018-10-23T07:37:50.363+0000: 4.270: Total time for which application threads were stopped: 0.0001313 seconds, Stopping threads took: 0.0000372 seconds
2018-10-23T07:37:50.364+0000: 4.271: Total time for which application threads were stopped: 0.0005763 seconds, Stopping threads took: 0.0001262 seconds
2018-10-23T07:37:50.368+0000: 4.275: Total time for which application threads were stopped: 0.0003044 seconds, Stopping threads took: 0.0001827 seconds
2018-10-23T07:37:50.380+0000: 4.287: Total time for which application threads were stopped: 0.0031888 seconds, Stopping threads took: 0.0029686 seconds
2018-10-23T07:37:50.381+0000: 4.288: Total time for which application threads were stopped: 0.0002499 seconds, Stopping threads took: 0.0001124 seconds
2018-10-23T07:37:50.382+0000: 4.289: Total time for which application threads were stopped: 0.0005079 seconds, Stopping threads took: 0.0003889 seconds
2018-10-23T07:37:50.384+0000: 4.291: Total time for which application threads were stopped: 0.0002588 seconds, Stopping threads took: 0.0001505 seconds
2018-10-23T07:37:50.386+0000: 4.293: Total time for which application threads were stopped: 0.0002161 seconds, Stopping threads took: 0.0000967 seconds
2018-10-23T07:37:50.386+0000: 4.293: Total time for which application threads were stopped: 0.0001729 seconds, Stopping threads took: 0.0000771 seconds
2018-10-23T07:37:50.387+0000: 4.293: Total time for which application threads were stopped: 0.0001615 seconds, Stopping threads took: 0.0000436 seconds
2018-10-23T07:37:50.387+0000: 4.294: Total time for which application threads were stopped: 0.0001292 seconds, Stopping threads took: 0.0000406 seconds
2018-10-23T07:37:50.387+0000: 4.294: Total time for which application threads were stopped: 0.0003672 seconds, Stopping threads took: 0.0000485 seconds
2018-10-23T07:37:50.390+0000: 4.297: Total time for which application threads were stopped: 0.0001840 seconds, Stopping threads took: 0.0000938 seconds
2018-10-23T07:37:50.391+0000: 4.297: Total time for which application threads were stopped: 0.0002506 seconds, Stopping threads took: 0.0001614 seconds
2018-10-23T07:37:50.392+0000: 4.299: Total time for which application threads were stopped: 0.0002512 seconds, Stopping threads took: 0.0001510 seconds
2018-10-23T07:37:50.392+0000: 4.299: Total time for which application threads were stopped: 0.0001533 seconds, Stopping threads took: 0.0000836 seconds
2018-10-23T07:37:50.393+0000: 4.300: Total time for which application threads were stopped: 0.0001136 seconds, Stopping threads took: 0.0000409 seconds
2018-10-23T07:37:50.398+0000: 4.305: Total time for which application threads were stopped: 0.0004269 seconds, Stopping threads took: 0.0003045 seconds
2018-10-23T07:37:50.399+0000: 4.306: Total time for which application threads were stopped: 0.0003036 seconds, Stopping threads took: 0.0001902 seconds
2018-10-23T07:37:50.399+0000: 4.306: Total time for which application threads were stopped: 0.0002599 seconds, Stopping threads took: 0.0001512 seconds
2018-10-23T07:37:50.400+0000: 4.307: Total time for which application threads were stopped: 0.0002852 seconds, Stopping threads took: 0.0001762 seconds
2018-10-23T07:37:50.403+0000: 4.309: Total time for which application threads were stopped: 0.0003548 seconds, Stopping threads took: 0.0002300 seconds
2018-10-23T07:37:50.407+0000: 4.314: Total time for which application threads were stopped: 0.0008463 seconds, Stopping threads took: 0.0007104 seconds
2018-10-23T07:37:50.416+0000: 4.323: Total time for which application threads were stopped: 0.0001820 seconds, Stopping threads took: 0.0000597 seconds
2018-10-23T07:37:50.416+0000: 4.323: Total time for which application threads were stopped: 0.0001185 seconds, Stopping threads took: 0.0000378 seconds
2018-10-23T07:37:50.417+0000: 4.323: Total time for which application threads were stopped: 0.0001176 seconds, Stopping threads took: 0.0000372 seconds
2018-10-23T07:37:50.417+0000: 4.324: Total time for which application threads were stopped: 0.0001154 seconds, Stopping threads took: 0.0000365 seconds
2018-10-23T07:37:50.438+0000: 4.345: Total time for which application threads were stopped: 0.0149734 seconds, Stopping threads took: 0.0147671 seconds
2018-10-23T07:37:50.438+0000: 4.345: Total time for which application threads were stopped: 0.0001280 seconds, Stopping threads took: 0.0000432 seconds
2018-10-23T07:37:50.438+0000: 4.345: Total time for which application threads were stopped: 0.0001159 seconds, Stopping threads took: 0.0000358 seconds
2018-10-23T07:37:50.439+0000: 4.346: Total time for which application threads were stopped: 0.0001243 seconds, Stopping threads took: 0.0000404 seconds
2018-10-23T07:37:50.467+0000: 4.374: Total time for which application threads were stopped: 0.0054211 seconds, Stopping threads took: 0.0051587 seconds
2018-10-23T07:37:50.468+0000: 4.375: Total time for which application threads were stopped: 0.0005214 seconds, Stopping threads took: 0.0003642 seconds
2018-10-23T07:37:50.475+0000: 4.382: Total time for which application threads were stopped: 0.0016858 seconds, Stopping threads took: 0.0015513 seconds
2018-10-23T07:37:50.476+0000: 4.383: Total time for which application threads were stopped: 0.0004195 seconds, Stopping threads took: 0.0002860 seconds
2018-10-23T07:37:50.476+0000: 4.383: Total time for which application threads were stopped: 0.0001357 seconds, Stopping threads took: 0.0000392 seconds
2018-10-23T07:37:50.476+0000: 4.383: Total time for which application threads were stopped: 0.0001347 seconds, Stopping threads took: 0.0000407 seconds
2018-10-23T07:37:50.486+0000: 4.393: Total time for which application threads were stopped: 0.0003149 seconds, Stopping threads took: 0.0001727 seconds
2018-10-23T07:37:50.510+0000: 4.417: Total time for which application threads were stopped: 0.0002692 seconds, Stopping threads took: 0.0001075 seconds
2018-10-23T07:37:50.522+0000: 4.429: Total time for which application threads were stopped: 0.0030552 seconds, Stopping threads took: 0.0029245 seconds
2018-10-23T07:37:50.530+0000: 4.437: Total time for which application threads were stopped: 0.0035671 seconds, Stopping threads took: 0.0032177 seconds
2018-10-23T07:37:50.536+0000: 4.443: Total time for which application threads were stopped: 0.0001600 seconds, Stopping threads took: 0.0000561 seconds
2018-10-23T07:37:50.538+0000: 4.445: Total time for which application threads were stopped: 0.0001322 seconds, Stopping threads took: 0.0000496 seconds
{Heap before GC invocations=10 (full 1):
 par new generation   total 109248K, used 99978K [0x00000000e0000000, 0x00000000e8000000, 0x00000000e8000000)
  eden space 87424K, 100% used [0x00000000e0000000, 0x00000000e5560000, 0x00000000e5560000)
  from space 21824K,  57% used [0x00000000e5560000, 0x00000000e61a2980, 0x00000000e6ab0000)
  to   space 21824K,   0% used [0x00000000e6ab0000, 0x00000000e6ab0000, 0x00000000e8000000)
 concurrent mark-sweep generation total 393216K, used 10134K [0x00000000e8000000, 0x0000000100000000, 0x0000000100000000)
 Metaspace       used 35454K, capacity 36509K, committed 36696K, reserved 1081344K
  class space    used 4146K, capacity 4411K, committed 4476K, reserved 1048576K
2018-10-23T07:37:50.557+0000: 4.463: [GC (Allocation Failure) 2018-10-23T07:37:50.557+0000: 4.463: [ParNew
Desired survivor size 20112992 bytes, new threshold 8 (max 8)
- age   1:   14567152 bytes,   14567152 total
- age   2:    2793688 bytes,   17360840 total
- age   3:     487776 bytes,   17848616 total
- age   4:     118696 bytes,   17967312 total
- age   5:     140984 bytes,   18108296 total
- age   6:      94864 bytes,   18203160 total
- age   7:     522184 bytes,   18725344 total
- age   8:       4496 bytes,   18729840 total
: 99978K->20627K(109248K), 0.0444418 secs] 110113K->30937K(502464K), 0.0445454 secs] [Times: user=0.11 sys=0.00, real=0.05 secs] 
Heap after GC invocations=11 (full 1):
 par new generation   total 109248K, used 20627K [0x00000000e0000000, 0x00000000e8000000, 0x00000000e8000000)
  eden space 87424K,   0% used [0x00000000e0000000, 0x00000000e0000000, 0x00000000e5560000)
  from space 21824K,  94% used [0x00000000e6ab0000, 0x00000000e7ed4ef8, 0x00000000e8000000)
  to   space 21824K,   0% used [0x00000000e5560000, 0x00000000e5560000, 0x00000000e6ab0000)
 concurrent mark-sweep generation total 393216K, used 10309K [0x00000000e8000000, 0x0000000100000000, 0x0000000100000000)
 Metaspace       used 35454K, capacity 36509K, committed 36696K, reserved 1081344K
  class space    used 4146K, capacity 4411K, committed 4476K, reserved 1048576K
}
2018-10-23T07:37:50.601+0000: 4.508: Total time for which application threads were stopped: 0.0456343 seconds, Stopping threads took: 0.0008497 seconds
2018-10-23T07:37:50.637+0000: 4.544: Total time for which application threads were stopped: 0.0039276 seconds, Stopping threads took: 0.0037513 seconds
2018-10-23T07:37:50.678+0000: 4.585: Total time for which application threads were stopped: 0.0193936 seconds, Stopping threads took: 0.0190875 seconds
2018-10-23T07:37:50.682+0000: 4.589: Total time for which application threads were stopped: 0.0002014 seconds, Stopping threads took: 0.0001042 seconds
2018-10-23T07:37:50.706+0000: 4.613: Total time for which application threads were stopped: 0.0045594 seconds, Stopping threads took: 0.0044125 seconds
{Heap before GC invocations=11 (full 1):
 par new generation   total 109248K, used 108051K [0x00000000e0000000, 0x00000000e8000000, 0x00000000e8000000)
  eden space 87424K, 100% used [0x00000000e0000000, 0x00000000e5560000, 0x00000000e5560000)
  from space 21824K,  94% used [0x00000000e6ab0000, 0x00000000e7ed4ef8, 0x00000000e8000000)
  to   space 21824K,   0% used [0x00000000e5560000, 0x00000000e5560000, 0x00000000e6ab0000)
 concurrent mark-sweep generation total 393216K, used 10309K [0x00000000e8000000, 0x0000000100000000, 0x0000000100000000)
 Metaspace       used 35607K, capacity 36623K, committed 36696K, reserved 1081344K
  class space    used 4159K, capacity 4446K, committed 4476K, reserved 1048576K
2018-10-23T07:37:50.806+0000: 4.713: [GC (Allocation Failure) 2018-10-23T07:37:50.806+0000: 4.713: [ParNew
Desired survivor size 20112992 bytes, new threshold 8 (max 8)
- age   1:    3621656 bytes,    3621656 total
- age   2:   10910032 bytes,   14531688 total
- age   3:    2450040 bytes,   16981728 total
- age   4:     487776 bytes,   17469504 total
- age   5:     118696 bytes,   17588200 total
- age   6:     140984 bytes,   17729184 total
- age   7:      94864 bytes,   17824048 total
- age   8:     521984 bytes,   18346032 total
: 108051K->21824K(109248K), 0.0339150 secs] 118361K->32138K(502464K), 0.0340058 secs] [Times: user=0.09 sys=0.00, real=0.04 secs] 
Heap after GC invocations=12 (full 1):
 par new generation   total 109248K, used 21824K [0x00000000e0000000, 0x00000000e8000000, 0x00000000e8000000)
  eden space 87424K,   0% used [0x00000000e0000000, 0x00000000e0000000, 0x00000000e5560000)
  from space 21824K, 100% used [0x00000000e5560000, 0x00000000e6ab0000, 0x00000000e6ab0000)
  to   space 21824K,   0% used [0x00000000e6ab0000, 0x00000000e6ab0000, 0x00000000e8000000)
 concurrent mark-sweep generation total 393216K, used 10314K [0x00000000e8000000, 0x0000000100000000, 0x0000000100000000)
 Metaspace       used 35607K, capacity 36623K, committed 36696K, reserved 1081344K
  class space    used 4159K, capacity 4446K, committed 4476K, reserved 1048576K
}
2018-10-23T07:37:50.840+0000: 4.747: Total time for which application threads were stopped: 0.0343487 seconds, Stopping threads took: 0.0000630 seconds
2018-10-23T07:37:50.850+0000: 4.757: Total time for which application threads were stopped: 0.0041528 seconds, Stopping threads took: 0.0039850 seconds
2018-10-23T07:37:50.850+0000: 4.757: Total time for which application threads were stopped: 0.0001252 seconds, Stopping threads took: 0.0000410 seconds
2018-10-23T07:37:50.850+0000: 4.757: Total time for which application threads were stopped: 0.0001352 seconds, Stopping threads took: 0.0000359 seconds
2018-10-23T07:37:50.850+0000: 4.757: Total time for which application threads were stopped: 0.0001143 seconds, Stopping threads took: 0.0000335 seconds
{Heap before GC invocations=12 (full 1):
 par new generation   total 109248K, used 109248K [0x00000000e0000000, 0x00000000e8000000, 0x00000000e8000000)
  eden space 87424K, 100% used [0x00000000e0000000, 0x00000000e5560000, 0x00000000e5560000)
  from space 21824K, 100% used [0x00000000e5560000, 0x00000000e6ab0000, 0x00000000e6ab0000)
  to   space 21824K,   0% used [0x00000000e6ab0000, 0x00000000e6ab0000, 0x00000000e8000000)
 concurrent mark-sweep generation total 393216K, used 10314K [0x00000000e8000000, 0x0000000100000000, 0x0000000100000000)
 Metaspace       used 35625K, capacity 36629K, committed 36696K, reserved 1081344K
  class space    used 4160K, capacity 4447K, committed 4476K, reserved 1048576K
2018-10-23T07:37:50.888+0000: 4.794: [GC (Allocation Failure) 2018-10-23T07:37:50.888+0000: 4.794: [ParNew
Desired survivor size 20112992 bytes, new threshold 8 (max 8)
- age   1:     332096 bytes,     332096 total
- age   2:    2661480 bytes,    2993576 total
- age   3:   10452072 bytes,   13445648 total
- age   4:    2449600 bytes,   15895248 total
- age   5:     487776 bytes,   16383024 total
- age   6:     118696 bytes,   16501720 total
- age   7:     140880 bytes,   16642600 total
- age   8:      94864 bytes,   16737464 total
: 109248K->21824K(109248K), 0.0351047 secs] 119562K->33233K(502464K), 0.0352093 secs] [Times: user=0.07 sys=0.00, real=0.04 secs] 
Heap after GC invocations=13 (full 1):
 par new generation   total 109248K, used 21824K [0x00000000e0000000, 0x00000000e8000000, 0x00000000e8000000)
  eden space 87424K,   0% used [0x00000000e0000000, 0x00000000e0000000, 0x00000000e5560000)
  from space 21824K, 100% used [0x00000000e6ab0000, 0x00000000e8000000, 0x00000000e8000000)
  to   space 21824K,   0% used [0x00000000e5560000, 0x00000000e5560000, 0x00000000e6ab0000)
 concurrent mark-sweep generation total 393216K, used 11409K [0x00000000e8000000, 0x0000000100000000, 0x0000000100000000)
 Metaspace       used 35625K, capacity 36629K, committed 36696K, reserved 1081344K
  class space    used 4160K, capacity 4447K, committed 4476K, reserved 1048576K
}
2018-10-23T07:37:50.923+0000: 4.830: Total time for which application threads were stopped: 0.0417882 seconds, Stopping threads took: 0.0063271 seconds
2018-10-23T07:37:50.944+0000: 4.851: Total time for which application threads were stopped: 0.0020373 seconds, Stopping threads took: 0.0018532 seconds
2018-10-23T07:37:50.944+0000: 4.851: Total time for which application threads were stopped: 0.0002323 seconds, Stopping threads took: 0.0001374 seconds
2018-10-23T07:37:50.944+0000: 4.851: Total time for which application threads were stopped: 0.0001547 seconds, Stopping threads took: 0.0000616 seconds
2018-10-23T07:37:50.945+0000: 4.851: Total time for which application threads were stopped: 0.0001301 seconds, Stopping threads took: 0.0000413 seconds
2018-10-23T07:37:50.954+0000: 4.861: Total time for which application threads were stopped: 0.0038916 seconds, Stopping threads took: 0.0037510 seconds
{Heap before GC invocations=13 (full 1):
 par new generation   total 109248K, used 109231K [0x00000000e0000000, 0x00000000e8000000, 0x00000000e8000000)
  eden space 87424K,  99% used [0x00000000e0000000, 0x00000000e555bfc0, 0x00000000e5560000)
  from space 21824K, 100% used [0x00000000e6ab0000, 0x00000000e8000000, 0x00000000e8000000)
  to   space 21824K,   0% used [0x00000000e5560000, 0x00000000e5560000, 0x00000000e6ab0000)
 concurrent mark-sweep generation total 393216K, used 11409K [0x00000000e8000000, 0x0000000100000000, 0x0000000100000000)
 Metaspace       used 35642K, capacity 36709K, committed 36952K, reserved 1081344K
  class space    used 4161K, capacity 4449K, committed 4476K, reserved 1048576K
2018-10-23T07:37:50.977+0000: 4.884: [GC (Allocation Failure) 2018-10-23T07:37:50.977+0000: 4.884: [ParNew
Desired survivor size 20112992 bytes, new threshold 8 (max 8)
- age   1:    1721912 bytes,    1721912 total
- age   2:     149024 bytes,    1870936 total
- age   3:    2616648 bytes,    4487584 total
- age   4:   10451864 bytes,   14939448 total
- age   5:    2378144 bytes,   17317592 total
- age   6:     473736 bytes,   17791328 total
- age   7:     115528 bytes,   17906856 total
- age   8:     134072 bytes,   18040928 total
: 109231K->21824K(109248K), 0.0277866 secs] 120641K->33424K(502464K), 0.0278891 secs] [Times: user=0.07 sys=0.00, real=0.03 secs] 
Heap after GC invocations=14 (full 1):
 par new generation   total 109248K, used 21824K [0x00000000e0000000, 0x00000000e8000000, 0x00000000e8000000)
  eden space 87424K,   0% used [0x00000000e0000000, 0x00000000e0000000, 0x00000000e5560000)
  from space 21824K, 100% used [0x00000000e5560000, 0x00000000e6ab0000, 0x00000000e6ab0000)
  to   space 21824K,   0% used [0x00000000e6ab0000, 0x00000000e6ab0000, 0x00000000e8000000)
 concurrent mark-sweep generation total 393216K, used 11600K [0x00000000e8000000, 0x0000000100000000, 0x0000000100000000)
 Metaspace       used 35642K, capacity 36709K, committed 36952K, reserved 1081344K
  class space    used 4161K, capacity 4449K, committed 4476K, reserved 1048576K
}
2018-10-23T07:37:51.005+0000: 4.912: Total time for which application threads were stopped: 0.0290841 seconds, Stopping threads took: 0.0009433 seconds
{Heap before GC invocations=14 (full 1):
 par new generation   total 109248K, used 109248K [0x00000000e0000000, 0x00000000e8000000, 0x00000000e8000000)
  eden space 87424K, 100% used [0x00000000e0000000, 0x00000000e5560000, 0x00000000e5560000)
  from space 21824K, 100% used [0x00000000e5560000, 0x00000000e6ab0000, 0x00000000e6ab0000)
  to   space 21824K,   0% used [0x00000000e6ab0000, 0x00000000e6ab0000, 0x00000000e8000000)
 concurrent mark-sweep generation total 393216K, used 11600K [0x00000000e8000000, 0x0000000100000000, 0x0000000100000000)
 Metaspace       used 35656K, capacity 36779K, committed 36952K, reserved 1081344K
  class space    used 4162K, capacity 4450K, committed 4476K, reserved 1048576K
2018-10-23T07:37:51.034+0000: 4.941: [GC (Allocation Failure) 2018-10-23T07:37:51.034+0000: 4.941: [ParNew
Desired survivor size 20112992 bytes, new threshold 8 (max 8)
- age   1:     528080 bytes,     528080 total
- age   2:    1389752 bytes,    1917832 total
- age   3:     148808 bytes,    2066640 total
- age   4:    2616648 bytes,    4683288 total
- age   5:   10451840 bytes,   15135128 total
- age   6:    2378144 bytes,   17513272 total
- age   7:     473736 bytes,   17987008 total
- age   8:     115528 bytes,   18102536 total
: 109248K->21824K(109248K), 0.0160274 secs] 120848K->33557K(502464K), 0.0161079 secs] [Times: user=0.04 sys=0.00, real=0.02 secs] 
Heap after GC invocations=15 (full 1):
 par new generation   total 109248K, used 21824K [0x00000000e0000000, 0x00000000e8000000, 0x00000000e8000000)
  eden space 87424K,   0% used [0x00000000e0000000, 0x00000000e0000000, 0x00000000e5560000)
  from space 21824K, 100% used [0x00000000e6ab0000, 0x00000000e8000000, 0x00000000e8000000)
  to   space 21824K,   0% used [0x00000000e5560000, 0x00000000e5560000, 0x00000000e6ab0000)
 concurrent mark-sweep generation total 393216K, used 11733K [0x00000000e8000000, 0x0000000100000000, 0x0000000100000000)
 Metaspace       used 35656K, capacity 36779K, committed 36952K, reserved 1081344K
  class space    used 4162K, capacity 4450K, committed 4476K, reserved 1048576K
}
2018-10-23T07:37:51.050+0000: 4.957: Total time for which application threads were stopped: 0.0170017 seconds, Stopping threads took: 0.0006424 seconds
{Heap before GC invocations=15 (full 1):
 par new generation   total 109248K, used 109248K [0x00000000e0000000, 0x00000000e8000000, 0x00000000e8000000)
  eden space 87424K, 100% used [0x00000000e0000000, 0x00000000e5560000, 0x00000000e5560000)
  from space 21824K, 100% used [0x00000000e6ab0000, 0x00000000e8000000, 0x00000000e8000000)
  to   space 21824K,   0% used [0x00000000e5560000, 0x00000000e5560000, 0x00000000e6ab0000)
 concurrent mark-sweep generation total 393216K, used 11733K [0x00000000e8000000, 0x0000000100000000, 0x0000000100000000)
 Metaspace       used 35673K, capacity 36785K, committed 36952K, reserved 1081344K
  class space    used 4162K, capacity 4451K, committed 4476K, reserved 1048576K
2018-10-23T07:37:51.092+0000: 4.998: [GC (Allocation Failure) 2018-10-23T07:37:51.092+0000: 4.998: [ParNew
Desired survivor size 20112992 bytes, new threshold 8 (max 8)
- age   1:     554720 bytes,     554720 total
- age   2:      82512 bytes,     637232 total
- age   3:    1389456 bytes,    2026688 total
- age   4:     148136 bytes,    2174824 total
- age   5:    2616136 bytes,    4790960 total
- age   6:   10451840 bytes,   15242800 total
- age   7:    2378144 bytes,   17620944 total
- age   8:     473736 bytes,   18094680 total
: 109248K->21824K(109248K), 0.0262625 secs] 120981K->33683K(502464K), 0.0263608 secs] [Times: user=0.06 sys=0.00, real=0.03 secs] 
Heap after GC invocations=16 (full 1):
 par new generation   total 109248K, used 21824K [0x00000000e0000000, 0x00000000e8000000, 0x00000000e8000000)
  eden space 87424K,   0% used [0x00000000e0000000, 0x00000000e0000000, 0x00000000e5560000)
  from space 21824K, 100% used [0x00000000e5560000, 0x00000000e6ab0000, 0x00000000e6ab0000)
  to   space 21824K,   0% used [0x00000000e6ab0000, 0x00000000e6ab0000, 0x00000000e8000000)
 concurrent mark-sweep generation total 393216K, used 11859K [0x00000000e8000000, 0x0000000100000000, 0x0000000100000000)
 Metaspace       used 35673K, capacity 36785K, committed 36952K, reserved 1081344K
  class space    used 4162K, capacity 4451K, committed 4476K, reserved 1048576K
}
2018-10-23T07:37:51.118+0000: 5.025: Total time for which application threads were stopped: 0.0266918 seconds, Stopping threads took: 0.0000783 seconds
{Heap before GC invocations=16 (full 1):
 par new generation   total 109248K, used 109248K [0x00000000e0000000, 0x00000000e8000000, 0x00000000e8000000)
  eden space 87424K, 100% used [0x00000000e0000000, 0x00000000e5560000, 0x00000000e5560000)
  from space 21824K, 100% used [0x00000000e5560000, 0x00000000e6ab0000, 0x00000000e6ab0000)
  to   space 21824K,   0% used [0x00000000e6ab0000, 0x00000000e6ab0000, 0x00000000e8000000)
 concurrent mark-sweep generation total 393216K, used 11859K [0x00000000e8000000, 0x0000000100000000, 0x0000000100000000)
 Metaspace       used 35768K, capacity 36845K, committed 36952K, reserved 1081344K
  class space    used 4168K, capacity 4461K, committed 4476K, reserved 1048576K
2018-10-23T07:37:51.382+0000: 5.289: [GC (Allocation Failure) 2018-10-23T07:37:51.383+0000: 5.289: [ParNew
Desired survivor size 20112992 bytes, new threshold 8 (max 8)
- age   1:    1320656 bytes,    1320656 total
- age   2:     190760 bytes,    1511416 total
- age   3:      81160 bytes,    1592576 total
- age   4:    1185688 bytes,    2778264 total
- age   5:     147360 bytes,    2925624 total
- age   6:    2045584 bytes,    4971208 total
- age   7:   10451024 bytes,   15422232 total
- age   8:    2378144 bytes,   17800376 total
: 109248K->21824K(109248K), 0.0314588 secs] 121107K->34349K(502464K), 0.0315550 secs] [Times: user=0.06 sys=0.00, real=0.03 secs] 
Heap after GC invocations=17 (full 1):
 par new generation   total 109248K, used 21824K [0x00000000e0000000, 0x00000000e8000000, 0x00000000e8000000)
  eden space 87424K,   0% used [0x00000000e0000000, 0x00000000e0000000, 0x00000000e5560000)
  from space 21824K, 100% used [0x00000000e6ab0000, 0x00000000e8000000, 0x00000000e8000000)
  to   space 21824K,   0% used [0x00000000e5560000, 0x00000000e5560000, 0x00000000e6ab0000)
 concurrent mark-sweep generation total 393216K, used 12525K [0x00000000e8000000, 0x0000000100000000, 0x0000000100000000)
 Metaspace       used 35768K, capacity 36845K, committed 36952K, reserved 1081344K
  class space    used 4168K, capacity 4461K, committed 4476K, reserved 1048576K
}
2018-10-23T07:37:51.414+0000: 5.321: Total time for which application threads were stopped: 0.0319001 seconds, Stopping threads took: 0.0000525 seconds
2018-10-23T07:37:51.457+0000: 5.364: Total time for which application threads were stopped: 0.0061942 seconds, Stopping threads took: 0.0059881 seconds
2018-10-23T07:37:51.514+0000: 5.420: Total time for which application threads were stopped: 0.0002538 seconds, Stopping threads took: 0.0000709 seconds
2018-10-23T07:37:51.574+0000: 5.481: Total time for which application threads were stopped: 0.0025598 seconds, Stopping threads took: 0.0023936 seconds
2018-10-23T07:37:51.598+0000: 5.505: Total time for which application threads were stopped: 0.0066157 seconds, Stopping threads took: 0.0064507 seconds
2018-10-23T07:37:51.655+0000: 5.562: Total time for which application threads were stopped: 0.0002884 seconds, Stopping threads took: 0.0001143 seconds
2018-10-23T07:37:51.702+0000: 5.609: Total time for which application threads were stopped: 0.0004489 seconds, Stopping threads took: 0.0000805 seconds
2018-10-23T07:37:51.720+0000: 5.627: Total time for which application threads were stopped: 0.0050148 seconds, Stopping threads took: 0.0048808 seconds
2018-10-23T07:37:51.721+0000: 5.627: Total time for which application threads were stopped: 0.0001177 seconds, Stopping threads took: 0.0000294 seconds
2018-10-23T07:37:51.721+0000: 5.628: Total time for which application threads were stopped: 0.0001745 seconds, Stopping threads took: 0.0000807 seconds
2018-10-23T07:37:51.721+0000: 5.628: Total time for which application threads were stopped: 0.0002355 seconds, Stopping threads took: 0.0001602 seconds
2018-10-23T07:37:51.721+0000: 5.628: Total time for which application threads were stopped: 0.0000926 seconds, Stopping threads took: 0.0000152 seconds
2018-10-23T07:37:51.721+0000: 5.628: Total time for which application threads were stopped: 0.0000884 seconds, Stopping threads took: 0.0000148 seconds
2018-10-23T07:37:51.721+0000: 5.628: Total time for which application threads were stopped: 0.0000879 seconds, Stopping threads took: 0.0000149 seconds
2018-10-23T07:37:51.721+0000: 5.628: Total time for which application threads were stopped: 0.0000871 seconds, Stopping threads took: 0.0000148 seconds
2018-10-23T07:37:51.722+0000: 5.628: Total time for which application threads were stopped: 0.0000873 seconds, Stopping threads took: 0.0000149 seconds
2018-10-23T07:37:51.722+0000: 5.629: Total time for which application threads were stopped: 0.0000910 seconds, Stopping threads took: 0.0000166 seconds
2018-10-23T07:37:51.722+0000: 5.629: Total time for which application threads were stopped: 0.0001033 seconds, Stopping threads took: 0.0000304 seconds
2018-10-23T07:37:51.722+0000: 5.629: Total time for which application threads were stopped: 0.0001010 seconds, Stopping threads took: 0.0000281 seconds
2018-10-23T07:37:51.725+0000: 5.632: Total time for which application threads were stopped: 0.0034092 seconds, Stopping threads took: 0.0033353 seconds
2018-10-23T07:37:51.726+0000: 5.632: Total time for which application threads were stopped: 0.0000987 seconds, Stopping threads took: 0.0000262 seconds
2018-10-23T07:37:51.726+0000: 5.633: Total time for which application threads were stopped: 0.0001735 seconds, Stopping threads took: 0.0001011 seconds
2018-10-23T07:37:51.726+0000: 5.633: Total time for which application threads were stopped: 0.0001196 seconds, Stopping threads took: 0.0000399 seconds
2018-10-23T07:37:51.726+0000: 5.633: Total time for which application threads were stopped: 0.0001255 seconds, Stopping threads took: 0.0000418 seconds
2018-10-23T07:37:51.729+0000: 5.636: Total time for which application threads were stopped: 0.0004946 seconds, Stopping threads took: 0.0002646 seconds
2018-10-23T07:37:51.738+0000: 5.645: Total time for which application threads were stopped: 0.0024629 seconds, Stopping threads took: 0.0023550 seconds
2018-10-23T07:37:51.746+0000: 5.653: Total time for which application threads were stopped: 0.0002571 seconds, Stopping threads took: 0.0001443 seconds
2018-10-23T07:37:51.790+0000: 5.697: Total time for which application threads were stopped: 0.0133437 seconds, Stopping threads took: 0.0131785 seconds
2018-10-23T07:37:51.826+0000: 5.733: Total time for which application threads were stopped: 0.0120391 seconds, Stopping threads took: 0.0118629 seconds
2018-10-23T07:37:51.842+0000: 5.749: Total time for which application threads were stopped: 0.0131999 seconds, Stopping threads took: 0.0130952 seconds
2018-10-23T07:37:51.850+0000: 5.757: Total time for which application threads were stopped: 0.0031159 seconds, Stopping threads took: 0.0029746 seconds
2018-10-23T07:37:51.862+0000: 5.769: Total time for which application threads were stopped: 0.0002670 seconds, Stopping threads took: 0.0000739 seconds
2018-10-23T07:37:51.862+0000: 5.769: Total time for which application threads were stopped: 0.0001821 seconds, Stopping threads took: 0.0000658 seconds
2018-10-23T07:37:51.868+0000: 5.775: Total time for which application threads were stopped: 0.0001684 seconds, Stopping threads took: 0.0000497 seconds
{Heap before GC invocations=17 (full 1):
 par new generation   total 109248K, used 109248K [0x00000000e0000000, 0x00000000e8000000, 0x00000000e8000000)
  eden space 87424K, 100% used [0x00000000e0000000, 0x00000000e5560000, 0x00000000e5560000)
  from space 21824K, 100% used [0x00000000e6ab0000, 0x00000000e8000000, 0x00000000e8000000)
  to   space 21824K,   0% used [0x00000000e5560000, 0x00000000e5560000, 0x00000000e6ab0000)
 concurrent mark-sweep generation total 393216K, used 12525K [0x00000000e8000000, 0x0000000100000000, 0x0000000100000000)
 Metaspace       used 36151K, capacity 37285K, committed 37464K, reserved 1083392K
  class space    used 4195K, capacity 4473K, committed 4476K, reserved 1048576K
2018-10-23T07:37:51.917+0000: 5.824: [GC (Allocation Failure) 2018-10-23T07:37:51.917+0000: 5.824: [ParNew
Desired survivor size 20112992 bytes, new threshold 8 (max 8)
- age   1:    7549632 bytes,    7549632 total
- age   2:     461216 bytes,    8010848 total
- age   3:     145392 bytes,    8156240 total
- age   4:      81000 bytes,    8237240 total
- age   5:     278880 bytes,    8516120 total
- age   6:     104704 bytes,    8620824 total
- age   7:    1990184 bytes,   10611008 total
- age   8:    7974088 bytes,   18585096 total
: 109248K->21824K(109248K), 0.0945304 secs] 121773K->42280K(502464K), 0.0946317 secs] [Times: user=0.11 sys=0.00, real=0.10 secs] 
Heap after GC invocations=18 (full 1):
 par new generation   total 109248K, used 21824K [0x00000000e0000000, 0x00000000e8000000, 0x00000000e8000000)
  eden space 87424K,   0% used [0x00000000e0000000, 0x00000000e0000000, 0x00000000e5560000)
  from space 21824K, 100% used [0x00000000e5560000, 0x00000000e6ab0000, 0x00000000e6ab0000)
  to   space 21824K,   0% used [0x00000000e6ab0000, 0x00000000e6ab0000, 0x00000000e8000000)
 concurrent mark-sweep generation total 393216K, used 20456K [0x00000000e8000000, 0x0000000100000000, 0x0000000100000000)
 Metaspace       used 36151K, capacity 37285K, committed 37464K, reserved 1083392K
  class space    used 4195K, capacity 4473K, committed 4476K, reserved 1048576K
}
2018-10-23T07:37:52.012+0000: 5.919: Total time for which application threads were stopped: 0.1020493 seconds, Stopping threads took: 0.0071396 seconds
2018-10-23T07:37:52.022+0000: 5.929: Total time for which application threads were stopped: 0.0046821 seconds, Stopping threads took: 0.0044994 seconds
2018-10-23T07:37:52.038+0000: 5.945: Total time for which application threads were stopped: 0.0036280 seconds, Stopping threads took: 0.0034700 seconds
2018-10-23T07:37:52.038+0000: 5.945: Total time for which application threads were stopped: 0.0001075 seconds, Stopping threads took: 0.0000188 seconds
{Heap before GC invocations=18 (full 1):
 par new generation   total 109248K, used 109248K [0x00000000e0000000, 0x00000000e8000000, 0x00000000e8000000)
  eden space 87424K, 100% used [0x00000000e0000000, 0x00000000e5560000, 0x00000000e5560000)
  from space 21824K, 100% used [0x00000000e5560000, 0x00000000e6ab0000, 0x00000000e6ab0000)
  to   space 21824K,   0% used [0x00000000e6ab0000, 0x00000000e6ab0000, 0x00000000e8000000)
 concurrent mark-sweep generation total 393216K, used 20456K [0x00000000e8000000, 0x0000000100000000, 0x0000000100000000)
 Metaspace       used 36197K, capacity 37301K, committed 37464K, reserved 1083392K
  class space    used 4196K, capacity 4475K, committed 4476K, reserved 1048576K
2018-10-23T07:37:52.131+0000: 6.038: [GC (Allocation Failure) 2018-10-23T07:37:52.131+0000: 6.038: [ParNew
Desired survivor size 20112992 bytes, new threshold 8 (max 8)
- age   1:    3991712 bytes,    3991712 total
- age   2:    6647264 bytes,   10638976 total
- age   3:     461104 bytes,   11100080 total
- age   4:     145392 bytes,   11245472 total
- age   5:      81000 bytes,   11326472 total
- age   6:     273600 bytes,   11600072 total
- age   7:     104688 bytes,   11704760 total
- age   8:    1990184 bytes,   13694944 total
: 109248K->21824K(109248K), 0.0357485 secs] 129704K->50415K(502464K), 0.0358450 secs] [Times: user=0.06 sys=0.00, real=0.03 secs] 
Heap after GC invocations=19 (full 1):
 par new generation   total 109248K, used 21824K [0x00000000e0000000, 0x00000000e8000000, 0x00000000e8000000)
  eden space 87424K,   0% used [0x00000000e0000000, 0x00000000e0000000, 0x00000000e5560000)
  from space 21824K, 100% used [0x00000000e6ab0000, 0x00000000e8000000, 0x00000000e8000000)
  to   space 21824K,   0% used [0x00000000e5560000, 0x00000000e5560000, 0x00000000e6ab0000)
 concurrent mark-sweep generation total 393216K, used 28591K [0x00000000e8000000, 0x0000000100000000, 0x0000000100000000)
 Metaspace       used 36197K, capacity 37301K, committed 37464K, reserved 1083392K
  class space    used 4196K, capacity 4475K, committed 4476K, reserved 1048576K
}
2018-10-23T07:37:52.167+0000: 6.074: Total time for which application threads were stopped: 0.0367381 seconds, Stopping threads took: 0.0005960 seconds
2018-10-23T07:37:52.167+0000: 6.074: Total time for which application threads were stopped: 0.0003619 seconds, Stopping threads took: 0.0001910 seconds
2018-10-23T07:37:52.169+0000: 6.076: Total time for which application threads were stopped: 0.0018282 seconds, Stopping threads took: 0.0017333 seconds
2018-10-23T07:37:52.170+0000: 6.076: Total time for which application threads were stopped: 0.0001189 seconds, Stopping threads took: 0.0000382 seconds
2018-10-23T07:37:52.170+0000: 6.077: Total time for which application threads were stopped: 0.0002247 seconds, Stopping threads took: 0.0000730 seconds
2018-10-23T07:37:52.174+0000: 6.081: Total time for which application threads were stopped: 0.0001825 seconds, Stopping threads took: 0.0000580 seconds
2018-10-23T07:37:52.174+0000: 6.081: Total time for which application threads were stopped: 0.0001977 seconds, Stopping threads took: 0.0000882 seconds
2018-10-23T07:37:52.174+0000: 6.081: Total time for which application threads were stopped: 0.0001726 seconds, Stopping threads took: 0.0000674 seconds
2018-10-23T07:37:52.175+0000: 6.081: Total time for which application threads were stopped: 0.0001468 seconds, Stopping threads took: 0.0000510 seconds
2018-10-23T07:37:52.175+0000: 6.082: Total time for which application threads were stopped: 0.0001497 seconds, Stopping threads took: 0.0000551 seconds
2018-10-23T07:37:52.175+0000: 6.082: Total time for which application threads were stopped: 0.0001283 seconds, Stopping threads took: 0.0000456 seconds
2018-10-23T07:37:52.182+0000: 6.089: Total time for which application threads were stopped: 0.0003297 seconds, Stopping threads took: 0.0002350 seconds
2018-10-23T07:37:52.194+0000: 6.101: Total time for which application threads were stopped: 0.0119373 seconds, Stopping threads took: 0.0118228 seconds
2018-10-23T07:37:52.206+0000: 6.113: Total time for which application threads were stopped: 0.0081302 seconds, Stopping threads took: 0.0080001 seconds
2018-10-23T07:37:52.214+0000: 6.121: Total time for which application threads were stopped: 0.0041184 seconds, Stopping threads took: 0.0040021 seconds
2018-10-23T07:37:52.218+0000: 6.125: Total time for which application threads were stopped: 0.0008435 seconds, Stopping threads took: 0.0005188 seconds
2018-10-23T07:37:52.219+0000: 6.126: Total time for which application threads were stopped: 0.0001803 seconds, Stopping threads took: 0.0000884 seconds
2018-10-23T07:37:52.269+0000: 6.176: Total time for which application threads were stopped: 0.0086591 seconds, Stopping threads took: 0.0084645 seconds
{Heap before GC invocations=19 (full 1):
 par new generation   total 109248K, used 109248K [0x00000000e0000000, 0x00000000e8000000, 0x00000000e8000000)
  eden space 87424K, 100% used [0x00000000e0000000, 0x00000000e5560000, 0x00000000e5560000)
  from space 21824K, 100% used [0x00000000e6ab0000, 0x00000000e8000000, 0x00000000e8000000)
  to   space 21824K,   0% used [0x00000000e5560000, 0x00000000e5560000, 0x00000000e6ab0000)
 concurrent mark-sweep generation total 393216K, used 28591K [0x00000000e8000000, 0x0000000100000000, 0x0000000100000000)
 Metaspace       used 36270K, capacity 37389K, committed 37592K, reserved 1083392K
  class space    used 4201K, capacity 4479K, committed 4604K, reserved 1048576K
2018-10-23T07:37:52.296+0000: 6.203: [GC (Allocation Failure) 2018-10-23T07:37:52.297+0000: 6.203: [ParNew
Desired survivor size 20112992 bytes, new threshold 8 (max 8)
- age   1:    1056944 bytes,    1056944 total
- age   2:    3569344 bytes,    4626288 total
- age   3:    6421328 bytes,   11047616 total
- age   4:     461104 bytes,   11508720 total
- age   5:     145392 bytes,   11654112 total
- age   6:      81000 bytes,   11735112 total
- age   7:     273600 bytes,   12008712 total
- age   8:     104688 bytes,   12113400 total
: 109248K->15671K(109248K), 0.0779826 secs] 137839K->46213K(502464K), 0.0780688 secs] [Times: user=0.06 sys=0.00, real=0.08 secs] 
Heap after GC invocations=20 (full 1):
 par new generation   total 109248K, used 15671K [0x00000000e0000000, 0x00000000e8000000, 0x00000000e8000000)
  eden space 87424K,   0% used [0x00000000e0000000, 0x00000000e0000000, 0x00000000e5560000)
  from space 21824K,  71% used [0x00000000e5560000, 0x00000000e64add40, 0x00000000e6ab0000)
  to   space 21824K,   0% used [0x00000000e6ab0000, 0x00000000e6ab0000, 0x00000000e8000000)
 concurrent mark-sweep generation total 393216K, used 30541K [0x00000000e8000000, 0x0000000100000000, 0x0000000100000000)
 Metaspace       used 36270K, capacity 37389K, committed 37592K, reserved 1083392K
  class space    used 4201K, capacity 4479K, committed 4604K, reserved 1048576K
}
2018-10-23T07:37:52.375+0000: 6.281: Total time for which application threads were stopped: 0.0783879 seconds, Stopping threads took: 0.0000644 seconds
{Heap before GC invocations=20 (full 1):
 par new generation   total 109248K, used 103095K [0x00000000e0000000, 0x00000000e8000000, 0x00000000e8000000)
  eden space 87424K, 100% used [0x00000000e0000000, 0x00000000e5560000, 0x00000000e5560000)
  from space 21824K,  71% used [0x00000000e5560000, 0x00000000e64add40, 0x00000000e6ab0000)
  to   space 21824K,   0% used [0x00000000e6ab0000, 0x00000000e6ab0000, 0x00000000e8000000)
 concurrent mark-sweep generation total 393216K, used 30541K [0x00000000e8000000, 0x0000000100000000, 0x0000000100000000)
 Metaspace       used 36302K, capacity 37489K, committed 37848K, reserved 1083392K
  class space    used 4204K, capacity 4485K, committed 4604K, reserved 1048576K
2018-10-23T07:37:52.429+0000: 6.335: [GC (Allocation Failure) 2018-10-23T07:37:52.429+0000: 6.336: [ParNew
Desired survivor size 20112992 bytes, new threshold 8 (max 8)
- age   1:    1088720 bytes,    1088720 total
- age   2:     900512 bytes,    1989232 total
- age   3:    3552408 bytes,    5541640 total
- age   4:    6421288 bytes,   11962928 total
- age   5:     461104 bytes,   12424032 total
- age   6:     145392 bytes,   12569424 total
- age   7:      81000 bytes,   12650424 total
- age   8:     273600 bytes,   12924024 total
: 103095K->14388K(109248K), 0.0317432 secs] 133637K->45035K(502464K), 0.0318483 secs] [Times: user=0.06 sys=0.00, real=0.04 secs] 
Heap after GC invocations=21 (full 1):
 par new generation   total 109248K, used 14388K [0x00000000e0000000, 0x00000000e8000000, 0x00000000e8000000)
  eden space 87424K,   0% used [0x00000000e0000000, 0x00000000e0000000, 0x00000000e5560000)
  from space 21824K,  65% used [0x00000000e6ab0000, 0x00000000e78bd2b8, 0x00000000e8000000)
  to   space 21824K,   0% used [0x00000000e5560000, 0x00000000e5560000, 0x00000000e6ab0000)
 concurrent mark-sweep generation total 393216K, used 30646K [0x00000000e8000000, 0x0000000100000000, 0x0000000100000000)
 Metaspace       used 36302K, capacity 37489K, committed 37848K, reserved 1083392K
  class space    used 4204K, capacity 4485K, committed 4604K, reserved 1048576K
}
2018-10-23T07:37:52.461+0000: 6.367: Total time for which application threads were stopped: 0.0341144 seconds, Stopping threads took: 0.0020122 seconds
{Heap before GC invocations=21 (full 1):
 par new generation   total 109248K, used 101790K [0x00000000e0000000, 0x00000000e8000000, 0x00000000e8000000)
  eden space 87424K,  99% used [0x00000000e0000000, 0x00000000e555a670, 0x00000000e5560000)
  from space 21824K,  65% used [0x00000000e6ab0000, 0x00000000e78bd2b8, 0x00000000e8000000)
  to   space 21824K,   0% used [0x00000000e5560000, 0x00000000e5560000, 0x00000000e6ab0000)
 concurrent mark-sweep generation total 393216K, used 30646K [0x00000000e8000000, 0x0000000100000000, 0x0000000100000000)
 Metaspace       used 36318K, capacity 37495K, committed 37848K, reserved 1083392K
  class space    used 4205K, capacity 4486K, committed 4604K, reserved 1048576K
2018-10-23T07:37:52.566+0000: 6.476: [GC (Allocation Failure) 2018-10-23T07:37:52.570+0000: 6.477: [ParNew
Desired survivor size 20112992 bytes, new threshold 8 (max 8)
- age   1:    1196520 bytes,    1196520 total
- age   2:     626056 bytes,    1822576 total
- age   3:     898576 bytes,    2721152 total
- age   4:    2978384 bytes,    5699536 total
- age   5:    6420792 bytes,   12120328 total
- age   6:     461104 bytes,   12581432 total
- age   7:     145392 bytes,   12726824 total
- age   8:      81000 bytes,   12807824 total
: 101790K->16596K(109248K), 0.0654513 secs] 132436K->47513K(502464K), 0.0695967 secs] [Times: user=0.11 sys=0.00, real=0.07 secs] 
Heap after GC invocations=22 (full 1):
 par new generation   total 109248K, used 16596K [0x00000000e0000000, 0x00000000e8000000, 0x00000000e8000000)
  eden space 87424K,   0% used [0x00000000e0000000, 0x00000000e0000000, 0x00000000e5560000)
  from space 21824K,  76% used [0x00000000e5560000, 0x00000000e6595360, 0x00000000e6ab0000)
  to   space 21824K,   0% used [0x00000000e6ab0000, 0x00000000e6ab0000, 0x00000000e8000000)
 concurrent mark-sweep generation total 393216K, used 30916K [0x00000000e8000000, 0x0000000100000000, 0x0000000100000000)
 Metaspace       used 36318K, capacity 37495K, committed 37848K, reserved 1083392K
  class space    used 4205K, capacity 4486K, committed 4604K, reserved 1048576K
}
2018-10-23T07:37:52.635+0000: 6.542: Total time for which application threads were stopped: 0.0699484 seconds, Stopping threads took: 0.0000858 seconds
2018-10-23T07:37:52.637+0000: 6.544: Total time for which application threads were stopped: 0.0002193 seconds, Stopping threads took: 0.0000718 seconds
{Heap before GC invocations=22 (full 1):
 par new generation   total 109248K, used 104020K [0x00000000e0000000, 0x00000000e8000000, 0x00000000e8000000)
  eden space 87424K, 100% used [0x00000000e0000000, 0x00000000e5560000, 0x00000000e5560000)
  from space 21824K,  76% used [0x00000000e5560000, 0x00000000e6595360, 0x00000000e6ab0000)
  to   space 21824K,   0% used [0x00000000e6ab0000, 0x00000000e6ab0000, 0x00000000e8000000)
 concurrent mark-sweep generation total 393216K, used 30916K [0x00000000e8000000, 0x0000000100000000, 0x0000000100000000)
 Metaspace       used 36332K, capacity 37501K, committed 37848K, reserved 1083392K
  class space    used 4205K, capacity 4487K, committed 4604K, reserved 1048576K
2018-10-23T07:37:52.718+0000: 6.625: [GC (Allocation Failure) 2018-10-23T07:37:52.718+0000: 6.625: [ParNew
Desired survivor size 20112992 bytes, new threshold 8 (max 8)
- age   1:    1555936 bytes,    1555936 total
- age   2:     688216 bytes,    2244152 total
- age   3:     625880 bytes,    2870032 total
- age   4:     898576 bytes,    3768608 total
- age   5:    2978384 bytes,    6746992 total
- age   6:    6420792 bytes,   13167784 total
- age   7:     461104 bytes,   13628888 total
- age   8:     145392 bytes,   13774280 total
: 104020K->16777K(109248K), 0.0365524 secs] 134937K->47775K(502464K), 0.0366707 secs] [Times: user=0.09 sys=0.00, real=0.03 secs] 
Heap after GC invocations=23 (full 1):
 par new generation   total 109248K, used 16777K [0x00000000e0000000, 0x00000000e8000000, 0x00000000e8000000)
  eden space 87424K,   0% used [0x00000000e0000000, 0x00000000e0000000, 0x00000000e5560000)
  from space 21824K,  76% used [0x00000000e6ab0000, 0x00000000e7b12480, 0x00000000e8000000)
  to   space 21824K,   0% used [0x00000000e5560000, 0x00000000e5560000, 0x00000000e6ab0000)
 concurrent mark-sweep generation total 393216K, used 30997K [0x00000000e8000000, 0x0000000100000000, 0x0000000100000000)
 Metaspace       used 36332K, capacity 37501K, committed 37848K, reserved 1083392K
  class space    used 4205K, capacity 4487K, committed 4604K, reserved 1048576K
}
2018-10-23T07:37:52.755+0000: 6.662: Total time for which application threads were stopped: 0.0370275 seconds, Stopping threads took: 0.0000932 seconds
2018-10-23T07:37:52.770+0000: 6.677: Total time for which application threads were stopped: 0.0086183 seconds, Stopping threads took: 0.0084218 seconds
2018-10-23T07:37:52.790+0000: 6.697: Total time for which application threads were stopped: 0.0034452 seconds, Stopping threads took: 0.0032563 seconds
2018-10-23T07:37:52.845+0000: 6.752: Total time for which application threads were stopped: 0.0063995 seconds, Stopping threads took: 0.0062201 seconds
{Heap before GC invocations=23 (full 1):
 par new generation   total 109248K, used 104201K [0x00000000e0000000, 0x00000000e8000000, 0x00000000e8000000)
  eden space 87424K, 100% used [0x00000000e0000000, 0x00000000e5560000, 0x00000000e5560000)
  from space 21824K,  76% used [0x00000000e6ab0000, 0x00000000e7b12480, 0x00000000e8000000)
  to   space 21824K,   0% used [0x00000000e5560000, 0x00000000e5560000, 0x00000000e6ab0000)
 concurrent mark-sweep generation total 393216K, used 30997K [0x00000000e8000000, 0x0000000100000000, 0x0000000100000000)
 Metaspace       used 36414K, capacity 37609K, committed 37848K, reserved 1083392K
  class space    used 4211K, capacity 4497K, committed 4604K, reserved 1048576K
2018-10-23T07:37:52.930+0000: 6.837: [GC (Allocation Failure) 2018-10-23T07:37:52.930+0000: 6.837: [ParNew
Desired survivor size 20112992 bytes, new threshold 8 (max 8)
- age   1:    3786120 bytes,    3786120 total
- age   2:    1137200 bytes,    4923320 total
- age   3:     625432 bytes,    5548752 total
- age   4:     625880 bytes,    6174632 total
- age   5:     330088 bytes,    6504720 total
- age   6:    2948088 bytes,    9452808 total
- age   7:    6417952 bytes,   15870760 total
- age   8:     461104 bytes,   16331864 total
: 104201K->20917K(109248K), 0.0298705 secs] 135199K->52060K(502464K), 0.0299735 secs] [Times: user=0.04 sys=0.00, real=0.03 secs] 
Heap after GC invocations=24 (full 1):
 par new generation   total 109248K, used 20917K [0x00000000e0000000, 0x00000000e8000000, 0x00000000e8000000)
  eden space 87424K,   0% used [0x00000000e0000000, 0x00000000e0000000, 0x00000000e5560000)
  from space 21824K,  95% used [0x00000000e5560000, 0x00000000e69cd540, 0x00000000e6ab0000)
  to   space 21824K,   0% used [0x00000000e6ab0000, 0x00000000e6ab0000, 0x00000000e8000000)
 concurrent mark-sweep generation total 393216K, used 31142K [0x00000000e8000000, 0x0000000100000000, 0x0000000100000000)
 Metaspace       used 36414K, capacity 37609K, committed 37848K, reserved 1083392K
  class space    used 4211K, capacity 4497K, committed 4604K, reserved 1048576K
}
2018-10-23T07:37:52.960+0000: 6.867: Total time for which application threads were stopped: 0.0474472 seconds, Stopping threads took: 0.0171695 seconds
2018-10-23T07:37:52.982+0000: 6.889: Total time for which application threads were stopped: 0.0028828 seconds, Stopping threads took: 0.0027010 seconds
2018-10-23T07:37:53.062+0000: 6.969: Total time for which application threads were stopped: 0.0082363 seconds, Stopping threads took: 0.0080458 seconds
2018-10-23T07:37:53.065+0000: 6.972: Total time for which application threads were stopped: 0.0001626 seconds, Stopping threads took: 0.0000621 seconds
2018-10-23T07:37:53.086+0000: 6.993: Total time for which application threads were stopped: 0.0011682 seconds, Stopping threads took: 0.0010001 seconds
2018-10-23T07:37:53.086+0000: 6.993: Total time for which application threads were stopped: 0.0001226 seconds, Stopping threads took: 0.0000354 seconds
2018-10-23T07:37:53.123+0000: 7.030: Total time for which application threads were stopped: 0.0002998 seconds, Stopping threads took: 0.0000942 seconds
{Heap before GC invocations=24 (full 1):
 par new generation   total 109248K, used 108341K [0x00000000e0000000, 0x00000000e8000000, 0x00000000e8000000)
  eden space 87424K, 100% used [0x00000000e0000000, 0x00000000e5560000, 0x00000000e5560000)
  from space 21824K,  95% used [0x00000000e5560000, 0x00000000e69cd540, 0x00000000e6ab0000)
  to   space 21824K,   0% used [0x00000000e6ab0000, 0x00000000e6ab0000, 0x00000000e8000000)
 concurrent mark-sweep generation total 393216K, used 31142K [0x00000000e8000000, 0x0000000100000000, 0x0000000100000000)
 Metaspace       used 36555K, capacity 37791K, committed 38104K, reserved 1083392K
  class space    used 4224K, capacity 4516K, committed 4604K, reserved 1048576K
2018-10-23T07:37:53.213+0000: 7.120: [GC (Allocation Failure) 2018-10-23T07:37:53.213+0000: 7.120: [ParNew
Desired survivor size 20112992 bytes, new threshold 8 (max 8)
- age   1:    5347304 bytes,    5347304 total
- age   2:    3288648 bytes,    8635952 total
- age   3:     353808 bytes,    8989760 total
- age   4:     590440 bytes,    9580200 total
- age   5:     624824 bytes,   10205024 total
- age   6:     298280 bytes,   10503304 total
- age   7:    2908296 bytes,   13411600 total
- age   8:    6416368 bytes,   19827968 total
: 108341K->21824K(109248K), 0.0256332 secs] 139484K->53555K(502464K), 0.0257241 secs] [Times: user=0.05 sys=0.00, real=0.03 secs] 
Heap after GC invocations=25 (full 1):
 par new generation   total 109248K, used 21824K [0x00000000e0000000, 0x00000000e8000000, 0x00000000e8000000)
  eden space 87424K,   0% used [0x00000000e0000000, 0x00000000e0000000, 0x00000000e5560000)
  from space 21824K, 100% used [0x00000000e6ab0000, 0x00000000e8000000, 0x00000000e8000000)
  to   space 21824K,   0% used [0x00000000e5560000, 0x00000000e5560000, 0x00000000e6ab0000)
 concurrent mark-sweep generation total 393216K, used 31731K [0x00000000e8000000, 0x0000000100000000, 0x0000000100000000)
 Metaspace       used 36555K, capacity 37791K, committed 38104K, reserved 1083392K
  class space    used 4224K, capacity 4516K, committed 4604K, reserved 1048576K
}
2018-10-23T07:37:53.239+0000: 7.146: Total time for which application threads were stopped: 0.0260528 seconds, Stopping threads took: 0.0000391 seconds
2018-10-23T07:37:53.253+0000: 7.160: Total time for which application threads were stopped: 0.0039468 seconds, Stopping threads took: 0.0037581 seconds
2018-10-23T07:37:53.253+0000: 7.160: Total time for which application threads were stopped: 0.0001263 seconds, Stopping threads took: 0.0000336 seconds
2018-10-23T07:37:53.255+0000: 7.162: Total time for which application threads were stopped: 0.0002108 seconds, Stopping threads took: 0.0000974 seconds
2018-10-23T07:37:53.256+0000: 7.163: Total time for which application threads were stopped: 0.0001343 seconds, Stopping threads took: 0.0000194 seconds
2018-10-23T07:37:53.256+0000: 7.163: Total time for which application threads were stopped: 0.0001148 seconds, Stopping threads took: 0.0000338 seconds
2018-10-23T07:37:53.256+0000: 7.163: Total time for which application threads were stopped: 0.0001178 seconds, Stopping threads took: 0.0000354 seconds
2018-10-23T07:37:53.262+0000: 7.169: Total time for which application threads were stopped: 0.0045692 seconds, Stopping threads took: 0.0043970 seconds
2018-10-23T07:37:53.266+0000: 7.173: Total time for which application threads were stopped: 0.0001516 seconds, Stopping threads took: 0.0000360 seconds
2018-10-23T07:37:53.271+0000: 7.178: Total time for which application threads were stopped: 0.0012111 seconds, Stopping threads took: 0.0011046 seconds
2018-10-23T07:37:53.273+0000: 7.180: Total time for which application threads were stopped: 0.0001225 seconds, Stopping threads took: 0.0000197 seconds
2018-10-23T07:37:53.278+0000: 7.185: Total time for which application threads were stopped: 0.0004285 seconds, Stopping threads took: 0.0003085 seconds
2018-10-23T07:37:53.282+0000: 7.189: Total time for which application threads were stopped: 0.0001642 seconds, Stopping threads took: 0.0000475 seconds
2018-10-23T07:37:53.287+0000: 7.194: Total time for which application threads were stopped: 0.0001886 seconds, Stopping threads took: 0.0000802 seconds
2018-10-23T07:37:53.288+0000: 7.195: Total time for which application threads were stopped: 0.0002098 seconds, Stopping threads took: 0.0001033 seconds
2018-10-23T07:37:53.302+0000: 7.209: Total time for which application threads were stopped: 0.0132783 seconds, Stopping threads took: 0.0131589 seconds
2018-10-23T07:37:53.306+0000: 7.213: Total time for which application threads were stopped: 0.0023890 seconds, Stopping threads took: 0.0022736 seconds
2018-10-23T07:37:53.315+0000: 7.222: Total time for which application threads were stopped: 0.0053420 seconds, Stopping threads took: 0.0052356 seconds
2018-10-23T07:37:53.321+0000: 7.227: Total time for which application threads were stopped: 0.0028688 seconds, Stopping threads took: 0.0027362 seconds
2018-10-23T07:37:53.324+0000: 7.231: Total time for which application threads were stopped: 0.0032832 seconds, Stopping threads took: 0.0029139 seconds
2018-10-23T07:37:53.325+0000: 7.232: Total time for which application threads were stopped: 0.0002643 seconds, Stopping threads took: 0.0001388 seconds
{Heap before GC invocations=25 (full 1):
 par new generation   total 109248K, used 109248K [0x00000000e0000000, 0x00000000e8000000, 0x00000000e8000000)
  eden space 87424K, 100% used [0x00000000e0000000, 0x00000000e5560000, 0x00000000e5560000)
  from space 21824K, 100% used [0x00000000e6ab0000, 0x00000000e8000000, 0x00000000e8000000)
  to   space 21824K,   0% used [0x00000000e5560000, 0x00000000e5560000, 0x00000000e6ab0000)
 concurrent mark-sweep generation total 393216K, used 31731K [0x00000000e8000000, 0x0000000100000000, 0x0000000100000000)
 Metaspace       used 36565K, capacity 37797K, committed 38104K, reserved 1083392K
  class space    used 4224K, capacity 4517K, committed 4604K, reserved 1048576K
2018-10-23T07:37:53.352+0000: 7.259: [GC (Allocation Failure) 2018-10-23T07:37:53.353+0000: 7.259: [ParNew
Desired survivor size 20112992 bytes, new threshold 8 (max 8)
- age   1:     649048 bytes,     649048 total
- age   2:    4913880 bytes,    5562928 total
- age   3:    3114256 bytes,    8677184 total
- age   4:     353808 bytes,    9030992 total
- age   5:     590312 bytes,    9621304 total
- age   6:     624824 bytes,   10246128 total
- age   7:     298280 bytes,   10544408 total
- age   8:    2902560 bytes,   13446968 total
: 109248K->20955K(109248K), 0.0971294 secs] 140979K->59036K(502464K), 0.0972289 secs] [Times: user=0.07 sys=0.00, real=0.10 secs] 
Heap after GC invocations=26 (full 1):
 par new generation   total 109248K, used 20955K [0x00000000e0000000, 0x00000000e8000000, 0x00000000e8000000)
  eden space 87424K,   0% used [0x00000000e0000000, 0x00000000e0000000, 0x00000000e5560000)
  from space 21824K,  96% used [0x00000000e5560000, 0x00000000e69d6f98, 0x00000000e6ab0000)
  to   space 21824K,   0% used [0x00000000e6ab0000, 0x00000000e6ab0000, 0x00000000e8000000)
 concurrent mark-sweep generation total 393216K, used 38080K [0x00000000e8000000, 0x0000000100000000, 0x0000000100000000)
 Metaspace       used 36565K, capacity 37797K, committed 38104K, reserved 1083392K
  class space    used 4224K, capacity 4517K, committed 4604K, reserved 1048576K
}
2018-10-23T07:37:53.450+0000: 7.357: Total time for which application threads were stopped: 0.1049587 seconds, Stopping threads took: 0.0074464 seconds
2018-10-23T07:37:53.498+0000: 7.405: Total time for which application threads were stopped: 0.0198361 seconds, Stopping threads took: 0.0196449 seconds
2018-10-23T07:37:53.538+0000: 7.445: Total time for which application threads were stopped: 0.0037976 seconds, Stopping threads took: 0.0035927 seconds
{Heap before GC invocations=26 (full 1):
 par new generation   total 109248K, used 108379K [0x00000000e0000000, 0x00000000e8000000, 0x00000000e8000000)
  eden space 87424K, 100% used [0x00000000e0000000, 0x00000000e5560000, 0x00000000e5560000)
  from space 21824K,  96% used [0x00000000e5560000, 0x00000000e69d6f98, 0x00000000e6ab0000)
  to   space 21824K,   0% used [0x00000000e6ab0000, 0x00000000e6ab0000, 0x00000000e8000000)
 concurrent mark-sweep generation total 393216K, used 38080K [0x00000000e8000000, 0x0000000100000000, 0x0000000100000000)
 Metaspace       used 36599K, capacity 37865K, committed 38104K, reserved 1083392K
  class space    used 4224K, capacity 4517K, committed 4604K, reserved 1048576K
2018-10-23T07:37:53.614+0000: 7.521: [GC (Allocation Failure) 2018-10-23T07:37:53.614+0000: 7.521: [ParNew
Desired survivor size 20112992 bytes, new threshold 8 (max 8)
- age   1:    4719864 bytes,    4719864 total
- age   2:     353832 bytes,    5073696 total
- age   3:    4180256 bytes,    9253952 total
- age   4:    3095928 bytes,   12349880 total
- age   5:     322112 bytes,   12671992 total
- age   6:     587224 bytes,   13259216 total
- age   7:     624824 bytes,   13884040 total
- age   8:     298064 bytes,   14182104 total
: 108379K->18685K(109248K), 0.0274040 secs] 146460K->59899K(502464K), 0.0274892 secs] [Times: user=0.06 sys=0.00, real=0.03 secs] 
Heap after GC invocations=27 (full 1):
 par new generation   total 109248K, used 18685K [0x00000000e0000000, 0x00000000e8000000, 0x00000000e8000000)
  eden space 87424K,   0% used [0x00000000e0000000, 0x00000000e0000000, 0x00000000e5560000)
  from space 21824K,  85% used [0x00000000e6ab0000, 0x00000000e7cef540, 0x00000000e8000000)
  to   space 21824K,   0% used [0x00000000e5560000, 0x00000000e5560000, 0x00000000e6ab0000)
 concurrent mark-sweep generation total 393216K, used 41214K [0x00000000e8000000, 0x0000000100000000, 0x0000000100000000)
 Metaspace       used 36599K, capacity 37865K, committed 38104K, reserved 1083392K
  class space    used 4224K, capacity 4517K, committed 4604K, reserved 1048576K
}
2018-10-23T07:37:53.642+0000: 7.549: Total time for which application threads were stopped: 0.0288900 seconds, Stopping threads took: 0.0011003 seconds
2018-10-23T07:37:53.642+0000: 7.549: Total time for which application threads were stopped: 0.0002473 seconds, Stopping threads took: 0.0000601 seconds
2018-10-23T07:37:53.653+0000: 7.560: Total time for which application threads were stopped: 0.0002763 seconds, Stopping threads took: 0.0000915 seconds
{Heap before GC invocations=27 (full 1):
 par new generation   total 109248K, used 106109K [0x00000000e0000000, 0x00000000e8000000, 0x00000000e8000000)
  eden space 87424K, 100% used [0x00000000e0000000, 0x00000000e5560000, 0x00000000e5560000)
  from space 21824K,  85% used [0x00000000e6ab0000, 0x00000000e7cef540, 0x00000000e8000000)
  to   space 21824K,   0% used [0x00000000e5560000, 0x00000000e5560000, 0x00000000e6ab0000)
 concurrent mark-sweep generation total 393216K, used 41214K [0x00000000e8000000, 0x0000000100000000, 0x0000000100000000)
 Metaspace       used 36629K, capacity 37877K, committed 38104K, reserved 1083392K
  class space    used 4225K, capacity 4519K, committed 4604K, reserved 1048576K
2018-10-23T07:37:53.734+0000: 7.641: [GC (Allocation Failure) 2018-10-23T07:37:53.734+0000: 7.641: [ParNew
Desired survivor size 20112992 bytes, new threshold 8 (max 8)
- age   1:    1418112 bytes,    1418112 total
- age   2:    3953888 bytes,    5372000 total
- age   3:     353808 bytes,    5725808 total
- age   4:    4148528 bytes,    9874336 total
- age   5:    3095928 bytes,   12970264 total
- age   6:     322112 bytes,   13292376 total
- age   7:     587120 bytes,   13879496 total
- age   8:     624824 bytes,   14504320 total
: 106109K->17655K(109248K), 0.0241184 secs] 147323K->59164K(502464K), 0.0242184 secs] [Times: user=0.06 sys=0.00, real=0.03 secs] 
Heap after GC invocations=28 (full 1):
 par new generation   total 109248K, used 17655K [0x00000000e0000000, 0x00000000e8000000, 0x00000000e8000000)
  eden space 87424K,   0% used [0x00000000e0000000, 0x00000000e0000000, 0x00000000e5560000)
  from space 21824K,  80% used [0x00000000e5560000, 0x00000000e669dde0, 0x00000000e6ab0000)
  to   space 21824K,   0% used [0x00000000e6ab0000, 0x00000000e6ab0000, 0x00000000e8000000)
 concurrent mark-sweep generation total 393216K, used 41509K [0x00000000e8000000, 0x0000000100000000, 0x0000000100000000)
 Metaspace       used 36629K, capacity 37877K, committed 38104K, reserved 1083392K
  class space    used 4225K, capacity 4519K, committed 4604K, reserved 1048576K
}
2018-10-23T07:37:53.758+0000: 7.665: Total time for which application threads were stopped: 0.0285376 seconds, Stopping threads took: 0.0040277 seconds
2018-10-23T07:37:53.776+0000: 7.683: Total time for which application threads were stopped: 0.0025336 seconds, Stopping threads took: 0.0022963 seconds
2018-10-23T07:37:53.776+0000: 7.683: Total time for which application threads were stopped: 0.0001475 seconds, Stopping threads took: 0.0000396 seconds
2018-10-23T07:37:53.816+0000: 7.723: Total time for which application threads were stopped: 0.0006281 seconds, Stopping threads took: 0.0001283 seconds
{Heap before GC invocations=28 (full 1):
 par new generation   total 109248K, used 105079K [0x00000000e0000000, 0x00000000e8000000, 0x00000000e8000000)
  eden space 87424K, 100% used [0x00000000e0000000, 0x00000000e5560000, 0x00000000e5560000)
  from space 21824K,  80% used [0x00000000e5560000, 0x00000000e669dde0, 0x00000000e6ab0000)
  to   space 21824K,   0% used [0x00000000e6ab0000, 0x00000000e6ab0000, 0x00000000e8000000)
 concurrent mark-sweep generation total 393216K, used 41509K [0x00000000e8000000, 0x0000000100000000, 0x0000000100000000)
 Metaspace       used 36649K, capacity 37881K, committed 38104K, reserved 1083392K
  class space    used 4225K, capacity 4519K, committed 4604K, reserved 1048576K
2018-10-23T07:37:53.858+0000: 7.765: [GC (Allocation Failure) 2018-10-23T07:37:53.858+0000: 7.765: [ParNew
Desired survivor size 20112992 bytes, new threshold 8 (max 8)
- age   1:    3648392 bytes,    3648392 total
- age   2:    1168176 bytes,    4816568 total
- age   3:    3859200 bytes,    8675768 total
- age   4:     353808 bytes,    9029576 total
- age   5:    4146472 bytes,   13176048 total
- age   6:    3095928 bytes,   16271976 total
- age   7:     322112 bytes,   16594088 total
- age   8:     587120 bytes,   17181208 total
: 105079K->21680K(109248K), 0.0295199 secs] 146588K->63802K(502464K), 0.0296143 secs] [Times: user=0.06 sys=0.00, real=0.02 secs] 
Heap after GC invocations=29 (full 1):
 par new generation   total 109248K, used 21680K [0x00000000e0000000, 0x00000000e8000000, 0x00000000e8000000)
  eden space 87424K,   0% used [0x00000000e0000000, 0x00000000e0000000, 0x00000000e5560000)
  from space 21824K,  99% used [0x00000000e6ab0000, 0x00000000e7fdc220, 0x00000000e8000000)
  to   space 21824K,   0% used [0x00000000e5560000, 0x00000000e5560000, 0x00000000e6ab0000)
 concurrent mark-sweep generation total 393216K, used 42121K [0x00000000e8000000, 0x0000000100000000, 0x0000000100000000)
 Metaspace       used 36649K, capacity 37881K, committed 38104K, reserved 1083392K
  class space    used 4225K, capacity 4519K, committed 4604K, reserved 1048576K
}
2018-10-23T07:37:53.888+0000: 7.795: Total time for which application threads were stopped: 0.0359607 seconds, Stopping threads took: 0.0060637 seconds
2018-10-23T07:37:53.913+0000: 7.820: Total time for which application threads were stopped: 0.0003531 seconds, Stopping threads took: 0.0001272 seconds
2018-10-23T07:37:53.927+0000: 7.834: Total time for which application threads were stopped: 0.0048732 seconds, Stopping threads took: 0.0046822 seconds
{Heap before GC invocations=29 (full 1):
 par new generation   total 109248K, used 109104K [0x00000000e0000000, 0x00000000e8000000, 0x00000000e8000000)
  eden space 87424K, 100% used [0x00000000e0000000, 0x00000000e5560000, 0x00000000e5560000)
  from space 21824K,  99% used [0x00000000e6ab0000, 0x00000000e7fdc220, 0x00000000e8000000)
  to   space 21824K,   0% used [0x00000000e5560000, 0x00000000e5560000, 0x00000000e6ab0000)
 concurrent mark-sweep generation total 393216K, used 42121K [0x00000000e8000000, 0x0000000100000000, 0x0000000100000000)
 Metaspace       used 36670K, capacity 37891K, committed 38104K, reserved 1083392K
  class space    used 4226K, capacity 4520K, committed 4604K, reserved 1048576K
2018-10-23T07:37:53.982+0000: 7.889: [GC (Allocation Failure) 2018-10-23T07:37:53.982+0000: 7.889: [ParNew
Desired survivor size 20112992 bytes, new threshold 8 (max 8)
- age   1:    1592208 bytes,    1592208 total
- age   2:    2931224 bytes,    4523432 total
- age   3:    1031408 bytes,    5554840 total
- age   4:    3649096 bytes,    9203936 total
- age   5:     353584 bytes,    9557520 total
- age   6:    4138800 bytes,   13696320 total
- age   7:    3095928 bytes,   16792248 total
- age   8:     322112 bytes,   17114360 total
: 109104K->21824K(109248K), 0.0653603 secs] 151226K->64798K(502464K), 0.0654773 secs] [Times: user=0.06 sys=0.00, real=0.06 secs] 
Heap after GC invocations=30 (full 1):
 par new generation   total 109248K, used 21824K [0x00000000e0000000, 0x00000000e8000000, 0x00000000e8000000)
  eden space 87424K,   0% used [0x00000000e0000000, 0x00000000e0000000, 0x00000000e5560000)
  from space 21824K, 100% used [0x00000000e5560000, 0x00000000e6ab0000, 0x00000000e6ab0000)
  to   space 21824K,   0% used [0x00000000e6ab0000, 0x00000000e6ab0000, 0x00000000e8000000)
 concurrent mark-sweep generation total 393216K, used 42974K [0x00000000e8000000, 0x0000000100000000, 0x0000000100000000)
 Metaspace       used 36670K, capacity 37891K, committed 38104K, reserved 1083392K
  class space    used 4226K, capacity 4520K, committed 4604K, reserved 1048576K
}
2018-10-23T07:37:54.047+0000: 7.954: Total time for which application threads were stopped: 0.0658229 seconds, Stopping threads took: 0.0000736 seconds
{Heap before GC invocations=30 (full 1):
 par new generation   total 109248K, used 109248K [0x00000000e0000000, 0x00000000e8000000, 0x00000000e8000000)
  eden space 87424K, 100% used [0x00000000e0000000, 0x00000000e5560000, 0x00000000e5560000)
  from space 21824K, 100% used [0x00000000e5560000, 0x00000000e6ab0000, 0x00000000e6ab0000)
  to   space 21824K,   0% used [0x00000000e6ab0000, 0x00000000e6ab0000, 0x00000000e8000000)
 concurrent mark-sweep generation total 393216K, used 42974K [0x00000000e8000000, 0x0000000100000000, 0x0000000100000000)
 Metaspace       used 36677K, capacity 37891K, committed 38104K, reserved 1083392K
  class space    used 4226K, capacity 4520K, committed 4604K, reserved 1048576K
2018-10-23T07:37:54.107+0000: 8.014: [GC (Allocation Failure) 2018-10-23T07:37:54.107+0000: 8.014: [ParNew
Desired survivor size 20112992 bytes, new threshold 8 (max 8)
- age   1:     877536 bytes,     877536 total
- age   2:    1311360 bytes,    2188896 total
- age   3:    2785408 bytes,    4974304 total
- age   4:    1023792 bytes,    5998096 total
- age   5:    3647352 bytes,    9645448 total
- age   6:     353552 bytes,    9999000 total
- age   7:    4138208 bytes,   14137208 total
- age   8:    3095928 bytes,   17233136 total
: 109248K->20375K(109248K), 0.0710384 secs] 152222K->63667K(502464K), 0.0711533 secs] [Times: user=0.07 sys=0.00, real=0.08 secs] 
Heap after GC invocations=31 (full 1):
 par new generation   total 109248K, used 20375K [0x00000000e0000000, 0x00000000e8000000, 0x00000000e8000000)
  eden space 87424K,   0% used [0x00000000e0000000, 0x00000000e0000000, 0x00000000e5560000)
  from space 21824K,  93% used [0x00000000e6ab0000, 0x00000000e7e95e00, 0x00000000e8000000)
  to   space 21824K,   0% used [0x00000000e5560000, 0x00000000e5560000, 0x00000000e6ab0000)
 concurrent mark-sweep generation total 393216K, used 43291K [0x00000000e8000000, 0x0000000100000000, 0x0000000100000000)
 Metaspace       used 36677K, capacity 37891K, committed 38104K, reserved 1083392K
  class space    used 4226K, capacity 4520K, committed 4604K, reserved 1048576K
}
2018-10-23T07:37:54.178+0000: 8.085: Total time for which application threads were stopped: 0.0726823 seconds, Stopping threads took: 0.0012320 seconds
2018-10-23T07:37:54.185+0000: 8.092: Total time for which application threads were stopped: 0.0062289 seconds, Stopping threads took: 0.0060193 seconds
{Heap before GC invocations=31 (full 1):
 par new generation   total 109248K, used 107799K [0x00000000e0000000, 0x00000000e8000000, 0x00000000e8000000)
  eden space 87424K, 100% used [0x00000000e0000000, 0x00000000e5560000, 0x00000000e5560000)
  from space 21824K,  93% used [0x00000000e6ab0000, 0x00000000e7e95e00, 0x00000000e8000000)
  to   space 21824K,   0% used [0x00000000e5560000, 0x00000000e5560000, 0x00000000e6ab0000)
 concurrent mark-sweep generation total 393216K, used 43291K [0x00000000e8000000, 0x0000000100000000, 0x0000000100000000)
 Metaspace       used 36678K, capacity 37891K, committed 38104K, reserved 1083392K
  class space    used 4226K, capacity 4520K, committed 4604K, reserved 1048576K
2018-10-23T07:37:54.280+0000: 8.187: [GC (Allocation Failure) 2018-10-23T07:37:54.280+0000: 8.187: [ParNew
Desired survivor size 20112992 bytes, new threshold 8 (max 8)
- age   1:    1487208 bytes,    1487208 total
- age   2:     495112 bytes,    1982320 total
- age   3:    1311184 bytes,    3293504 total
- age   4:    2785408 bytes,    6078912 total
- age   5:    1023792 bytes,    7102704 total
- age   6:    3647352 bytes,   10750056 total
- age   7:     353552 bytes,   11103608 total
- age   8:    4138208 bytes,   15241816 total
: 107799K->21824K(109248K), 0.0774653 secs] 151091K->68308K(502464K), 0.0775720 secs] [Times: user=0.09 sys=0.00, real=0.07 secs] 
Heap after GC invocations=32 (full 1):
 par new generation   total 109248K, used 21824K [0x00000000e0000000, 0x00000000e8000000, 0x00000000e8000000)
  eden space 87424K,   0% used [0x00000000e0000000, 0x00000000e0000000, 0x00000000e5560000)
  from space 21824K, 100% used [0x00000000e5560000, 0x00000000e6ab0000, 0x00000000e6ab0000)
  to   space 21824K,   0% used [0x00000000e6ab0000, 0x00000000e6ab0000, 0x00000000e8000000)
 concurrent mark-sweep generation total 393216K, used 46484K [0x00000000e8000000, 0x0000000100000000, 0x0000000100000000)
 Metaspace       used 36678K, capacity 37891K, committed 38104K, reserved 1083392K
  class space    used 4226K, capacity 4520K, committed 4604K, reserved 1048576K
}
2018-10-23T07:37:54.357+0000: 8.264: Total time for which application threads were stopped: 0.0779637 seconds, Stopping threads took: 0.0000969 seconds
2018-10-23T07:37:54.498+0000: 8.405: Total time for which application threads were stopped: 0.0093145 seconds, Stopping threads took: 0.0084469 seconds
2018-10-23T07:37:54.499+0000: 8.406: Total time for which application threads were stopped: 0.0001571 seconds, Stopping threads took: 0.0000457 seconds
2018-10-23T07:37:54.534+0000: 8.441: Total time for which application threads were stopped: 0.0018765 seconds, Stopping threads took: 0.0016668 seconds
{Heap before GC invocations=32 (full 1):
 par new generation   total 109248K, used 109248K [0x00000000e0000000, 0x00000000e8000000, 0x00000000e8000000)
  eden space 87424K, 100% used [0x00000000e0000000, 0x00000000e5560000, 0x00000000e5560000)
  from space 21824K, 100% used [0x00000000e5560000, 0x00000000e6ab0000, 0x00000000e6ab0000)
  to   space 21824K,   0% used [0x00000000e6ab0000, 0x00000000e6ab0000, 0x00000000e8000000)
 concurrent mark-sweep generation total 393216K, used 46628K [0x00000000e8000000, 0x0000000100000000, 0x0000000100000000)
 Metaspace       used 37120K, capacity 38339K, committed 38360K, reserved 1083392K
  class space    used 4284K, capacity 4584K, committed 4604K, reserved 1048576K
2018-10-23T07:37:54.538+0000: 8.445: [GC (GCLocker Initiated GC) 2018-10-23T07:37:54.538+0000: 8.445: [ParNew
Desired survivor size 20112992 bytes, new threshold 8 (max 8)
- age   1:    1948936 bytes,    1948936 total
- age   2:     922640 bytes,    2871576 total
- age   3:     317736 bytes,    3189312 total
- age   4:     782544 bytes,    3971856 total
- age   5:    2546184 bytes,    6518040 total
- age   6:    1023792 bytes,    7541832 total
- age   7:    3047080 bytes,   10588912 total
- age   8:     353552 bytes,   10942464 total
: 109248K->16404K(109248K), 0.0625855 secs] 155876K->67195K(502464K), 0.0626969 secs] [Times: user=0.09 sys=0.00, real=0.06 secs] 
Heap after GC invocations=33 (full 1):
 par new generation   total 109248K, used 16404K [0x00000000e0000000, 0x00000000e8000000, 0x00000000e8000000)
  eden space 87424K,   0% used [0x00000000e0000000, 0x00000000e0000000, 0x00000000e5560000)
  from space 21824K,  75% used [0x00000000e6ab0000, 0x00000000e7ab5190, 0x00000000e8000000)
  to   space 21824K,   0% used [0x00000000e5560000, 0x00000000e5560000, 0x00000000e6ab0000)
 concurrent mark-sweep generation total 393216K, used 50791K [0x00000000e8000000, 0x0000000100000000, 0x0000000100000000)
 Metaspace       used 37120K, capacity 38339K, committed 38360K, reserved 1083392K
  class space    used 4284K, capacity 4584K, committed 4604K, reserved 1048576K
}
2018-10-23T07:37:54.601+0000: 8.507: Total time for which application threads were stopped: 0.0629450 seconds, Stopping threads took: 0.0000377 seconds
2018-10-23T07:37:54.632+0000: 8.539: Total time for which application threads were stopped: 0.0021408 seconds, Stopping threads took: 0.0019106 seconds
2018-10-23T07:37:54.648+0000: 8.555: Total time for which application threads were stopped: 0.0083505 seconds, Stopping threads took: 0.0081408 seconds
2018-10-23T07:37:54.722+0000: 8.629: Total time for which application threads were stopped: 0.0026714 seconds, Stopping threads took: 0.0024680 seconds
2018-10-23T07:37:54.737+0000: 8.644: Total time for which application threads were stopped: 0.0062678 seconds, Stopping threads took: 0.0060740 seconds
2018-10-23T07:37:54.741+0000: 8.648: Total time for which application threads were stopped: 0.0008557 seconds, Stopping threads took: 0.0007014 seconds
2018-10-23T07:37:54.803+0000: 8.710: Total time for which application threads were stopped: 0.0035804 seconds, Stopping threads took: 0.0033736 seconds
2018-10-23T07:37:54.826+0000: 8.733: Total time for which application threads were stopped: 0.0003086 seconds, Stopping threads took: 0.0001125 seconds
2018-10-23T07:37:54.874+0000: 8.781: Total time for which application threads were stopped: 0.0004531 seconds, Stopping threads took: 0.0001257 seconds
2018-10-23T07:37:54.880+0000: 8.787: Total time for which application threads were stopped: 0.0002183 seconds, Stopping threads took: 0.0000749 seconds
{Heap before GC invocations=33 (full 1):
 par new generation   total 109248K, used 103828K [0x00000000e0000000, 0x00000000e8000000, 0x00000000e8000000)
  eden space 87424K, 100% used [0x00000000e0000000, 0x00000000e5560000, 0x00000000e5560000)
  from space 21824K,  75% used [0x00000000e6ab0000, 0x00000000e7ab5190, 0x00000000e8000000)
  to   space 21824K,   0% used [0x00000000e5560000, 0x00000000e5560000, 0x00000000e6ab0000)
 concurrent mark-sweep generation total 393216K, used 50791K [0x00000000e8000000, 0x0000000100000000, 0x0000000100000000)
 Metaspace       used 37494K, capacity 38747K, committed 39000K, reserved 1083392K
  class space    used 4340K, capacity 4642K, committed 4732K, reserved 1048576K
2018-10-23T07:37:54.916+0000: 8.823: [GC (Allocation Failure) 2018-10-23T07:37:54.916+0000: 8.823: [ParNew
Desired survivor size 20112992 bytes, new threshold 8 (max 8)
- age   1:    8755568 bytes,    8755568 total
- age   2:    1330520 bytes,   10086088 total
- age   3:     922464 bytes,   11008552 total
- age   4:     295944 bytes,   11304496 total
- age   5:     780976 bytes,   12085472 total
- age   6:    2515152 bytes,   14600624 total
- age   7:    1020304 bytes,   15620928 total
- age   8:    3046568 bytes,   18667496 total
: 103828K->20059K(109248K), 0.0377148 secs] 154619K->71199K(502464K), 0.0378296 secs] [Times: user=0.05 sys=0.00, real=0.04 secs] 
Heap after GC invocations=34 (full 1):
 par new generation   total 109248K, used 20059K [0x00000000e0000000, 0x00000000e8000000, 0x00000000e8000000)
  eden space 87424K,   0% used [0x00000000e0000000, 0x00000000e0000000, 0x00000000e5560000)
  from space 21824K,  91% used [0x00000000e5560000, 0x00000000e68f6f80, 0x00000000e6ab0000)
  to   space 21824K,   0% used [0x00000000e6ab0000, 0x00000000e6ab0000, 0x00000000e8000000)
 concurrent mark-sweep generation total 393216K, used 51139K [0x00000000e8000000, 0x0000000100000000, 0x0000000100000000)
 Metaspace       used 37494K, capacity 38747K, committed 39000K, reserved 1083392K
  class space    used 4340K, capacity 4642K, committed 4732K, reserved 1048576K
}
2018-10-23T07:37:54.954+0000: 8.861: Total time for which application threads were stopped: 0.0382155 seconds, Stopping threads took: 0.0000597 seconds
2018-10-23T07:37:54.966+0000: 8.873: Total time for which application threads were stopped: 0.0077287 seconds, Stopping threads took: 0.0074835 seconds
2018-10-23T07:37:54.966+0000: 8.873: Total time for which application threads were stopped: 0.0001550 seconds, Stopping threads took: 0.0000443 seconds
2018-10-23T07:37:55.003+0000: 8.909: Total time for which application threads were stopped: 0.0048630 seconds, Stopping threads took: 0.0039426 seconds
{Heap before GC invocations=34 (full 1):
 par new generation   total 109248K, used 107483K [0x00000000e0000000, 0x00000000e8000000, 0x00000000e8000000)
  eden space 87424K, 100% used [0x00000000e0000000, 0x00000000e5560000, 0x00000000e5560000)
  from space 21824K,  91% used [0x00000000e5560000, 0x00000000e68f6f80, 0x00000000e6ab0000)
  to   space 21824K,   0% used [0x00000000e6ab0000, 0x00000000e6ab0000, 0x00000000e8000000)
 concurrent mark-sweep generation total 393216K, used 51139K [0x00000000e8000000, 0x0000000100000000, 0x0000000100000000)
 Metaspace       used 37631K, capacity 38843K, committed 39000K, reserved 1083392K
  class space    used 4357K, capacity 4674K, committed 4732K, reserved 1048576K
2018-10-23T07:37:55.041+0000: 8.948: [GC (Allocation Failure) 2018-10-23T07:37:55.041+0000: 8.948: [ParNew
Desired survivor size 20112992 bytes, new threshold 8 (max 8)
- age   1:    1392144 bytes,    1392144 total
- age   2:    7547144 bytes,    8939288 total
- age   3:    1185672 bytes,   10124960 total
- age   4:     194168 bytes,   10319128 total
- age   5:     285080 bytes,   10604208 total
- age   6:     780864 bytes,   11385072 total
- age   7:    2509488 bytes,   13894560 total
- age   8:    1019608 bytes,   14914168 total
: 107483K->21824K(109248K), 0.0434831 secs] 158623K->75962K(502464K), 0.0435820 secs] [Times: user=0.11 sys=0.00, real=0.04 secs] 
Heap after GC invocations=35 (full 1):
 par new generation   total 109248K, used 21824K [0x00000000e0000000, 0x00000000e8000000, 0x00000000e8000000)
  eden space 87424K,   0% used [0x00000000e0000000, 0x00000000e0000000, 0x00000000e5560000)
  from space 21824K, 100% used [0x00000000e6ab0000, 0x00000000e8000000, 0x00000000e8000000)
  to   space 21824K,   0% used [0x00000000e5560000, 0x00000000e5560000, 0x00000000e6ab0000)
 concurrent mark-sweep generation total 393216K, used 54138K [0x00000000e8000000, 0x0000000100000000, 0x0000000100000000)
 Metaspace       used 37631K, capacity 38843K, committed 39000K, reserved 1083392K
  class space    used 4357K, capacity 4674K, committed 4732K, reserved 1048576K
}
2018-10-23T07:37:55.085+0000: 8.991: Total time for which application threads were stopped: 0.0439760 seconds, Stopping threads took: 0.0000687 seconds
{Heap before GC invocations=35 (full 1):
 par new generation   total 109248K, used 109248K [0x00000000e0000000, 0x00000000e8000000, 0x00000000e8000000)
  eden space 87424K, 100% used [0x00000000e0000000, 0x00000000e5560000, 0x00000000e5560000)
  from space 21824K, 100% used [0x00000000e6ab0000, 0x00000000e8000000, 0x00000000e8000000)
  to   space 21824K,   0% used [0x00000000e5560000, 0x00000000e5560000, 0x00000000e6ab0000)
 concurrent mark-sweep generation total 393216K, used 54138K [0x00000000e8000000, 0x0000000100000000, 0x0000000100000000)
 Metaspace       used 37633K, capacity 38843K, committed 39000K, reserved 1083392K
  class space    used 4357K, capacity 4674K, committed 4732K, reserved 1048576K
2018-10-23T07:37:55.150+0000: 9.057: [GC (Allocation Failure) 2018-10-23T07:37:55.150+0000: 9.057: [ParNew
Desired survivor size 20112992 bytes, new threshold 8 (max 8)
- age   1:     536728 bytes,     536728 total
- age   2:    1245544 bytes,    1782272 total
- age   3:    7186240 bytes,    8968512 total
- age   4:    1182568 bytes,   10151080 total
- age   5:     194168 bytes,   10345248 total
- age   6:     285080 bytes,   10630328 total
- age   7:     780864 bytes,   11411192 total
- age   8:    2509488 bytes,   13920680 total
: 109248K->16088K(109248K), 0.0816374 secs] 163386K->71227K(502464K), 0.0817493 secs] [Times: user=0.13 sys=0.00, real=0.08 secs] 
Heap after GC invocations=36 (full 1):
 par new generation   total 109248K, used 16088K [0x00000000e0000000, 0x00000000e8000000, 0x00000000e8000000)
  eden space 87424K,   0% used [0x00000000e0000000, 0x00000000e0000000, 0x00000000e5560000)
  from space 21824K,  73% used [0x00000000e5560000, 0x00000000e65160f8, 0x00000000e6ab0000)
  to   space 21824K,   0% used [0x00000000e6ab0000, 0x00000000e6ab0000, 0x00000000e8000000)
 concurrent mark-sweep generation total 393216K, used 55138K [0x00000000e8000000, 0x0000000100000000, 0x0000000100000000)
 Metaspace       used 37633K, capacity 38843K, committed 39000K, reserved 1083392K
  class space    used 4357K, capacity 4674K, committed 4732K, reserved 1048576K
}
2018-10-23T07:37:55.232+0000: 9.139: Total time for which application threads were stopped: 0.0940565 seconds, Stopping threads took: 0.0119880 seconds
2018-10-23T07:37:55.263+0000: 9.170: Total time for which application threads were stopped: 0.0004686 seconds, Stopping threads took: 0.0002162 seconds
{Heap before GC invocations=36 (full 1):
 par new generation   total 109248K, used 103512K [0x00000000e0000000, 0x00000000e8000000, 0x00000000e8000000)
  eden space 87424K, 100% used [0x00000000e0000000, 0x00000000e5560000, 0x00000000e5560000)
  from space 21824K,  73% used [0x00000000e5560000, 0x00000000e65160f8, 0x00000000e6ab0000)
  to   space 21824K,   0% used [0x00000000e6ab0000, 0x00000000e6ab0000, 0x00000000e8000000)
 concurrent mark-sweep generation total 393216K, used 55138K [0x00000000e8000000, 0x0000000100000000, 0x0000000100000000)
 Metaspace       used 37643K, capacity 38975K, committed 39256K, reserved 1083392K
  class space    used 4358K, capacity 4674K, committed 4732K, reserved 1048576K
2018-10-23T07:37:55.282+0000: 9.189: [GC (Allocation Failure) 2018-10-23T07:37:55.282+0000: 9.189: [ParNew
Desired survivor size 20112992 bytes, new threshold 8 (max 8)
- age   1:     836712 bytes,     836712 total
- age   2:     243384 bytes,    1080096 total
- age   3:    1227296 bytes,    2307392 total
- age   4:    7110208 bytes,    9417600 total
- age   5:    1166544 bytes,   10584144 total
- age   6:     133728 bytes,   10717872 total
- age   7:     282992 bytes,   11000864 total
- age   8:     780864 bytes,   11781728 total
: 103512K->18741K(109248K), 0.0539582 secs] 158651K->76338K(502464K), 0.0540746 secs] [Times: user=0.05 sys=0.00, real=0.05 secs] 
Heap after GC invocations=37 (full 1):
 par new generation   total 109248K, used 18741K [0x00000000e0000000, 0x00000000e8000000, 0x00000000e8000000)
  eden space 87424K,   0% used [0x00000000e0000000, 0x00000000e0000000, 0x00000000e5560000)
  from space 21824K,  85% used [0x00000000e6ab0000, 0x00000000e7cfd4f0, 0x00000000e8000000)
  to   space 21824K,   0% used [0x00000000e5560000, 0x00000000e5560000, 0x00000000e6ab0000)
 concurrent mark-sweep generation total 393216K, used 57597K [0x00000000e8000000, 0x0000000100000000, 0x0000000100000000)
 Metaspace       used 37643K, capacity 38975K, committed 39256K, reserved 1083392K
  class space    used 4358K, capacity 4674K, committed 4732K, reserved 1048576K
}
2018-10-23T07:37:55.336+0000: 9.243: Total time for which application threads were stopped: 0.0573399 seconds, Stopping threads took: 0.0029673 seconds
2018-10-23T07:37:55.382+0000: 9.289: Total time for which application threads were stopped: 0.0102638 seconds, Stopping threads took: 0.0100046 seconds
2018-10-23T07:37:55.394+0000: 9.301: Total time for which application threads were stopped: 0.0042141 seconds, Stopping threads took: 0.0040269 seconds
2018-10-23T07:37:55.415+0000: 9.321: Total time for which application threads were stopped: 0.0124453 seconds, Stopping threads took: 0.0114836 seconds
2018-10-23T07:37:55.425+0000: 9.332: Total time for which application threads were stopped: 0.0002531 seconds, Stopping threads took: 0.0000666 seconds
2018-10-23T07:37:55.433+0000: 9.340: Total time for which application threads were stopped: 0.0013627 seconds, Stopping threads took: 0.0012257 seconds
2018-10-23T07:37:55.440+0000: 9.347: Total time for which application threads were stopped: 0.0009257 seconds, Stopping threads took: 0.0001113 seconds
2018-10-23T07:37:55.450+0000: 9.357: Total time for which application threads were stopped: 0.0005596 seconds, Stopping threads took: 0.0004258 seconds
2018-10-23T07:37:55.498+0000: 9.405: Total time for which application threads were stopped: 0.0082494 seconds, Stopping threads took: 0.0079732 seconds
2018-10-23T07:37:55.498+0000: 9.405: Total time for which application threads were stopped: 0.0001695 seconds, Stopping threads took: 0.0000501 seconds
2018-10-23T07:37:55.500+0000: 9.406: Total time for which application threads were stopped: 0.0012744 seconds, Stopping threads took: 0.0011331 seconds
2018-10-23T07:37:55.506+0000: 9.413: Total time for which application threads were stopped: 0.0040793 seconds, Stopping threads took: 0.0039176 seconds
2018-10-23T07:37:55.547+0000: 9.454: Total time for which application threads were stopped: 0.0003663 seconds, Stopping threads took: 0.0001310 seconds
2018-10-23T07:37:55.550+0000: 9.457: Total time for which application threads were stopped: 0.0008926 seconds, Stopping threads took: 0.0000541 seconds
2018-10-23T07:37:55.551+0000: 9.458: Total time for which application threads were stopped: 0.0004183 seconds, Stopping threads took: 0.0000469 seconds
{Heap before GC invocations=37 (full 1):
 par new generation   total 109248K, used 106165K [0x00000000e0000000, 0x00000000e8000000, 0x00000000e8000000)
  eden space 87424K, 100% used [0x00000000e0000000, 0x00000000e5560000, 0x00000000e5560000)
  from space 21824K,  85% used [0x00000000e6ab0000, 0x00000000e7cfd4f0, 0x00000000e8000000)
  to   space 21824K,   0% used [0x00000000e5560000, 0x00000000e5560000, 0x00000000e6ab0000)
 concurrent mark-sweep generation total 393216K, used 57597K [0x00000000e8000000, 0x0000000100000000, 0x0000000100000000)
 Metaspace       used 38349K, capacity 39727K, committed 39896K, reserved 1085440K
  class space    used 4444K, capacity 4774K, committed 4860K, reserved 1048576K
2018-10-23T07:37:55.589+0000: 9.495: [GC (Allocation Failure) 2018-10-23T07:37:55.589+0000: 9.495: [ParNew
Desired survivor size 20112992 bytes, new threshold 8 (max 8)
- age   1:    4700592 bytes,    4700592 total
- age   2:     434096 bytes,    5134688 total
- age   3:     239128 bytes,    5373816 total
- age   4:     681768 bytes,    6055584 total
- age   5:    7101376 bytes,   13156960 total
- age   6:    1166544 bytes,   14323504 total
- age   7:     133728 bytes,   14457232 total
- age   8:     282768 bytes,   14740000 total
: 106165K->17999K(109248K), 0.0530082 secs] 163762K->76363K(502464K), 0.0531396 secs] [Times: user=0.05 sys=0.00, real=0.06 secs] 
Heap after GC invocations=38 (full 1):
 par new generation   total 109248K, used 17999K [0x00000000e0000000, 0x00000000e8000000, 0x00000000e8000000)
  eden space 87424K,   0% used [0x00000000e0000000, 0x00000000e0000000, 0x00000000e5560000)
  from space 21824K,  82% used [0x00000000e5560000, 0x00000000e66f3f40, 0x00000000e6ab0000)
  to   space 21824K,   0% used [0x00000000e6ab0000, 0x00000000e6ab0000, 0x00000000e8000000)
 concurrent mark-sweep generation total 393216K, used 58363K [0x00000000e8000000, 0x0000000100000000, 0x0000000100000000)
 Metaspace       used 38349K, capacity 39727K, committed 39896K, reserved 1085440K
  class space    used 4444K, capacity 4774K, committed 4860K, reserved 1048576K
}
2018-10-23T07:37:55.642+0000: 9.549: Total time for which application threads were stopped: 0.0536929 seconds, Stopping threads took: 0.0002329 seconds
2018-10-23T07:37:55.643+0000: 9.550: Total time for which application threads were stopped: 0.0002892 seconds, Stopping threads took: 0.0000796 seconds
{Heap before GC invocations=38 (full 1):
 par new generation   total 109248K, used 105423K [0x00000000e0000000, 0x00000000e8000000, 0x00000000e8000000)
  eden space 87424K, 100% used [0x00000000e0000000, 0x00000000e5560000, 0x00000000e5560000)
  from space 21824K,  82% used [0x00000000e5560000, 0x00000000e66f3f40, 0x00000000e6ab0000)
  to   space 21824K,   0% used [0x00000000e6ab0000, 0x00000000e6ab0000, 0x00000000e8000000)
 concurrent mark-sweep generation total 393216K, used 58363K [0x00000000e8000000, 0x0000000100000000, 0x0000000100000000)
 Metaspace       used 38416K, capacity 39829K, committed 40152K, reserved 1085440K
  class space    used 4453K, capacity 4791K, committed 4860K, reserved 1048576K
2018-10-23T07:37:55.708+0000: 9.615: [GC (Allocation Failure) 2018-10-23T07:37:55.708+0000: 9.615: [ParNew
Desired survivor size 20112992 bytes, new threshold 8 (max 8)
- age   1:    1257128 bytes,    1257128 total
- age   2:    3620104 bytes,    4877232 total
- age   3:     316064 bytes,    5193296 total
- age   4:     239128 bytes,    5432424 total
- age   5:     681768 bytes,    6114192 total
- age   6:    6373056 bytes,   12487248 total
- age   7:    1166544 bytes,   13653792 total
- age   8:     133728 bytes,   13787520 total
: 105423K->18443K(109248K), 0.0553638 secs] 163787K->77087K(502464K), 0.0554799 secs] [Times: user=0.05 sys=0.00, real=0.06 secs] 
Heap after GC invocations=39 (full 1):
 par new generation   total 109248K, used 18443K [0x00000000e0000000, 0x00000000e8000000, 0x00000000e8000000)
  eden space 87424K,   0% used [0x00000000e0000000, 0x00000000e0000000, 0x00000000e5560000)
  from space 21824K,  84% used [0x00000000e6ab0000, 0x00000000e7cb2f10, 0x00000000e8000000)
  to   space 21824K,   0% used [0x00000000e5560000, 0x00000000e5560000, 0x00000000e6ab0000)
 concurrent mark-sweep generation total 393216K, used 58644K [0x00000000e8000000, 0x0000000100000000, 0x0000000100000000)
 Metaspace       used 38416K, capacity 39829K, committed 40152K, reserved 1085440K
  class space    used 4453K, capacity 4791K, committed 4860K, reserved 1048576K
}
2018-10-23T07:37:55.763+0000: 9.670: Total time for which application threads were stopped: 0.0558965 seconds, Stopping threads took: 0.0000923 seconds
2018-10-23T07:37:55.793+0000: 9.700: Total time for which application threads were stopped: 0.0064453 seconds, Stopping threads took: 0.0061836 seconds
2018-10-23T07:37:55.844+0000: 9.751: Total time for which application threads were stopped: 0.0020414 seconds, Stopping threads took: 0.0017715 seconds
2018-10-23T07:37:55.858+0000: 9.765: Total time for which application threads were stopped: 0.0080716 seconds, Stopping threads took: 0.0078651 seconds
2018-10-23T07:37:55.913+0000: 9.820: Total time for which application threads were stopped: 0.0063465 seconds, Stopping threads took: 0.0061263 seconds
2018-10-23T07:37:55.922+0000: 9.829: Total time for which application threads were stopped: 0.0009804 seconds, Stopping threads took: 0.0007453 seconds
2018-10-23T07:37:55.924+0000: 9.831: Total time for which application threads were stopped: 0.0002336 seconds, Stopping threads took: 0.0000933 seconds
{Heap before GC invocations=39 (full 1):
 par new generation   total 109248K, used 105867K [0x00000000e0000000, 0x00000000e8000000, 0x00000000e8000000)
  eden space 87424K, 100% used [0x00000000e0000000, 0x00000000e5560000, 0x00000000e5560000)
  from space 21824K,  84% used [0x00000000e6ab0000, 0x00000000e7cb2f10, 0x00000000e8000000)
  to   space 21824K,   0% used [0x00000000e5560000, 0x00000000e5560000, 0x00000000e6ab0000)
 concurrent mark-sweep generation total 393216K, used 58644K [0x00000000e8000000, 0x0000000100000000, 0x0000000100000000)
 Metaspace       used 38616K, capacity 40005K, committed 40152K, reserved 1085440K
  class space    used 4476K, capacity 4809K, committed 4860K, reserved 1048576K
2018-10-23T07:37:55.956+0000: 9.863: [GC (Allocation Failure) 2018-10-23T07:37:55.956+0000: 9.863: [ParNew
Desired survivor size 20112992 bytes, new threshold 8 (max 8)
- age   1:    5828536 bytes,    5828536 total
- age   2:     968696 bytes,    6797232 total
- age   3:    3198320 bytes,    9995552 total
- age   4:     308600 bytes,   10304152 total
- age   5:     239128 bytes,   10543280 total
- age   6:     652104 bytes,   11195384 total
- age   7:    6307912 bytes,   17503296 total
- age   8:    1166544 bytes,   18669840 total
: 105867K->20563K(109248K), 0.0208547 secs] 164511K->79341K(502464K), 0.0209601 secs] [Times: user=0.05 sys=0.00, real=0.02 secs] 
Heap after GC invocations=40 (full 1):
 par new generation   total 109248K, used 20563K [0x00000000e0000000, 0x00000000e8000000, 0x00000000e8000000)
  eden space 87424K,   0% used [0x00000000e0000000, 0x00000000e0000000, 0x00000000e5560000)
  from space 21824K,  94% used [0x00000000e5560000, 0x00000000e6974f50, 0x00000000e6ab0000)
  to   space 21824K,   0% used [0x00000000e6ab0000, 0x00000000e6ab0000, 0x00000000e8000000)
 concurrent mark-sweep generation total 393216K, used 58777K [0x00000000e8000000, 0x0000000100000000, 0x0000000100000000)
 Metaspace       used 38616K, capacity 40005K, committed 40152K, reserved 1085440K
  class space    used 4476K, capacity 4809K, committed 4860K, reserved 1048576K
}
2018-10-23T07:37:55.977+0000: 9.884: Total time for which application threads were stopped: 0.0216211 seconds, Stopping threads took: 0.0003655 seconds
2018-10-23T07:37:55.978+0000: 9.885: Total time for which application threads were stopped: 0.0002495 seconds, Stopping threads took: 0.0000498 seconds
2018-10-23T07:37:55.980+0000: 9.887: Total time for which application threads were stopped: 0.0011324 seconds, Stopping threads took: 0.0009624 seconds
2018-10-23T07:37:56.026+0000: 9.933: Total time for which application threads were stopped: 0.0003676 seconds, Stopping threads took: 0.0001355 seconds
2018-10-23T07:37:56.055+0000: 9.962: Total time for which application threads were stopped: 0.0162902 seconds, Stopping threads took: 0.0160687 seconds
2018-10-23T07:37:56.078+0000: 9.985: Total time for which application threads were stopped: 0.0132588 seconds, Stopping threads took: 0.0130312 seconds
2018-10-23T07:37:56.087+0000: 9.994: Total time for which application threads were stopped: 0.0065071 seconds, Stopping threads took: 0.0061462 seconds
2018-10-23T07:37:56.087+0000: 9.994: Total time for which application threads were stopped: 0.0001749 seconds, Stopping threads took: 0.0000239 seconds
2018-10-23T07:37:56.087+0000: 9.994: Total time for which application threads were stopped: 0.0001378 seconds, Stopping threads took: 0.0000201 seconds
2018-10-23T07:37:56.087+0000: 9.994: Total time for which application threads were stopped: 0.0001349 seconds, Stopping threads took: 0.0000192 seconds
2018-10-23T07:37:56.088+0000: 9.995: Total time for which application threads were stopped: 0.0001578 seconds, Stopping threads took: 0.0000225 seconds
2018-10-23T07:37:56.114+0000: 10.021: Total time for which application threads were stopped: 0.0085154 seconds, Stopping threads took: 0.0082608 seconds
2018-10-23T07:37:56.114+0000: 10.021: Total time for which application threads were stopped: 0.0001590 seconds, Stopping threads took: 0.0000397 seconds
2018-10-23T07:37:56.114+0000: 10.021: Total time for which application threads were stopped: 0.0001646 seconds, Stopping threads took: 0.0000433 seconds
2018-10-23T07:37:56.115+0000: 10.021: Total time for which application threads were stopped: 0.0001614 seconds, Stopping threads took: 0.0000416 seconds
2018-10-23T07:37:56.115+0000: 10.022: Total time for which application threads were stopped: 0.0001676 seconds, Stopping threads took: 0.0000486 seconds
2018-10-23T07:37:56.115+0000: 10.022: Total time for which application threads were stopped: 0.0001514 seconds, Stopping threads took: 0.0000340 seconds
{Heap before GC invocations=40 (full 1):
 par new generation   total 109248K, used 107987K [0x00000000e0000000, 0x00000000e8000000, 0x00000000e8000000)
  eden space 87424K, 100% used [0x00000000e0000000, 0x00000000e5560000, 0x00000000e5560000)
  from space 21824K,  94% used [0x00000000e5560000, 0x00000000e6974f50, 0x00000000e6ab0000)
  to   space 21824K,   0% used [0x00000000e6ab0000, 0x00000000e6ab0000, 0x00000000e8000000)
 concurrent mark-sweep generation total 393216K, used 58777K [0x00000000e8000000, 0x0000000100000000, 0x0000000100000000)
 Metaspace       used 38721K, capacity 40139K, committed 40152K, reserved 1085440K
  class space    used 4488K, capacity 4852K, committed 4860K, reserved 1048576K
2018-10-23T07:37:56.218+0000: 10.125: [GC (Allocation Failure) 2018-10-23T07:37:56.218+0000: 10.125: [ParNew
Desired survivor size 20112992 bytes, new threshold 8 (max 8)
- age   1:    4643192 bytes,    4643192 total
- age   2:    4757328 bytes,    9400520 total
- age   3:     413304 bytes,    9813824 total
- age   4:    3196496 bytes,   13010320 total
- age   5:     308560 bytes,   13318880 total
- age   6:     239128 bytes,   13558008 total
- age   7:     651896 bytes,   14209904 total
- age   8:    6241448 bytes,   20451352 total
: 107987K->21824K(109248K), 0.0918289 secs] 166765K->82169K(502464K), 0.0919632 secs] [Times: user=0.07 sys=0.00, real=0.09 secs] 
Heap after GC invocations=41 (full 1):
 par new generation   total 109248K, used 21824K [0x00000000e0000000, 0x00000000e8000000, 0x00000000e8000000)
  eden space 87424K,   0% used [0x00000000e0000000, 0x00000000e0000000, 0x00000000e5560000)
  from space 21824K, 100% used [0x00000000e6ab0000, 0x00000000e8000000, 0x00000000e8000000)
  to   space 21824K,   0% used [0x00000000e5560000, 0x00000000e5560000, 0x00000000e6ab0000)
 concurrent mark-sweep generation total 393216K, used 60345K [0x00000000e8000000, 0x0000000100000000, 0x0000000100000000)
 Metaspace       used 38721K, capacity 40139K, committed 40152K, reserved 1085440K
  class space    used 4488K, capacity 4852K, committed 4860K, reserved 1048576K
}
2018-10-23T07:37:56.310+0000: 10.217: Total time for which application threads were stopped: 0.0992755 seconds, Stopping threads took: 0.0069397 seconds
2018-10-23T07:37:56.314+0000: 10.221: Total time for which application threads were stopped: 0.0026489 seconds, Stopping threads took: 0.0024000 seconds
2018-10-23T07:37:56.329+0000: 10.235: Total time for which application threads were stopped: 0.0021973 seconds, Stopping threads took: 0.0013955 seconds
2018-10-23T07:37:56.363+0000: 10.270: Total time for which application threads were stopped: 0.0084182 seconds, Stopping threads took: 0.0061892 seconds
{Heap before GC invocations=41 (full 1):
 par new generation   total 109248K, used 109248K [0x00000000e0000000, 0x00000000e8000000, 0x00000000e8000000)
  eden space 87424K, 100% used [0x00000000e0000000, 0x00000000e5560000, 0x00000000e5560000)
  from space 21824K, 100% used [0x00000000e6ab0000, 0x00000000e8000000, 0x00000000e8000000)
  to   space 21824K,   0% used [0x00000000e5560000, 0x00000000e5560000, 0x00000000e6ab0000)
 concurrent mark-sweep generation total 393216K, used 60345K [0x00000000e8000000, 0x0000000100000000, 0x0000000100000000)
 Metaspace       used 38881K, capacity 40389K, committed 40536K, reserved 1085440K
  class space    used 4510K, capacity 4883K, committed 4988K, reserved 1048576K
2018-10-23T07:37:56.394+0000: 10.301: [GC (Allocation Failure) 2018-10-23T07:37:56.394+0000: 10.301: [ParNew
Desired survivor size 20112992 bytes, new threshold 8 (max 8)
- age   1:     772624 bytes,     772624 total
- age   2:    3808512 bytes,    4581136 total
- age   3:    4537576 bytes,    9118712 total
- age   4:     413216 bytes,    9531928 total
- age   5:    3192584 bytes,   12724512 total
- age   6:     308112 bytes,   13032624 total
- age   7:     236040 bytes,   13268664 total
- age   8:     550952 bytes,   13819616 total
: 109248K->21824K(109248K), 0.0441108 secs] 169593K->88910K(502464K), 0.0442437 secs] [Times: user=0.06 sys=0.00, real=0.05 secs] 
Heap after GC invocations=42 (full 1):
 par new generation   total 109248K, used 21824K [0x00000000e0000000, 0x00000000e8000000, 0x00000000e8000000)
  eden space 87424K,   0% used [0x00000000e0000000, 0x00000000e0000000, 0x00000000e5560000)
  from space 21824K, 100% used [0x00000000e5560000, 0x00000000e6ab0000, 0x00000000e6ab0000)
  to   space 21824K,   0% used [0x00000000e6ab0000, 0x00000000e6ab0000, 0x00000000e8000000)
 concurrent mark-sweep generation total 393216K, used 67086K [0x00000000e8000000, 0x0000000100000000, 0x0000000100000000)
 Metaspace       used 38881K, capacity 40389K, committed 40536K, reserved 1085440K
  class space    used 4510K, capacity 4883K, committed 4988K, reserved 1048576K
}
2018-10-23T07:37:56.438+0000: 10.345: Total time for which application threads were stopped: 0.0475917 seconds, Stopping threads took: 0.0030276 seconds
2018-10-23T07:37:56.479+0000: 10.386: Total time for which application threads were stopped: 0.0005070 seconds, Stopping threads took: 0.0002708 seconds
{Heap before GC invocations=42 (full 1):
 par new generation   total 109248K, used 109248K [0x00000000e0000000, 0x00000000e8000000, 0x00000000e8000000)
  eden space 87424K, 100% used [0x00000000e0000000, 0x00000000e5560000, 0x00000000e5560000)
  from space 21824K, 100% used [0x00000000e5560000, 0x00000000e6ab0000, 0x00000000e6ab0000)
  to   space 21824K,   0% used [0x00000000e6ab0000, 0x00000000e6ab0000, 0x00000000e8000000)
 concurrent mark-sweep generation total 393216K, used 67086K [0x00000000e8000000, 0x0000000100000000, 0x0000000100000000)
 Metaspace       used 38966K, capacity 40509K, committed 40792K, reserved 1085440K
  class space    used 4521K, capacity 4903K, committed 4988K, reserved 1048576K
2018-10-23T07:37:56.541+0000: 10.447: [GC (Allocation Failure) 2018-10-23T07:37:56.541+0000: 10.447: [ParNew
Desired survivor size 20112992 bytes, new threshold 8 (max 8)
- age   1:    4397416 bytes,    4397416 total
- age   2:     508880 bytes,    4906296 total
- age   3:    3798000 bytes,    8704296 total
- age   4:    4537576 bytes,   13241872 total
- age   5:     413216 bytes,   13655088 total
- age   6:    3192536 bytes,   16847624 total
- age   7:     308112 bytes,   17155736 total
- age   8:     236040 bytes,   17391776 total
: 109248K->20220K(109248K), 0.0506853 secs] 176334K->87848K(502464K), 0.0507771 secs] [Times: user=0.05 sys=0.00, real=0.05 secs] 
Heap after GC invocations=43 (full 1):
 par new generation   total 109248K, used 20220K [0x00000000e0000000, 0x00000000e8000000, 0x00000000e8000000)
  eden space 87424K,   0% used [0x00000000e0000000, 0x00000000e0000000, 0x00000000e5560000)
  from space 21824K,  92% used [0x00000000e6ab0000, 0x00000000e7e6f1e0, 0x00000000e8000000)
  to   space 21824K,   0% used [0x00000000e5560000, 0x00000000e5560000, 0x00000000e6ab0000)
 concurrent mark-sweep generation total 393216K, used 67627K [0x00000000e8000000, 0x0000000100000000, 0x0000000100000000)
 Metaspace       used 38966K, capacity 40509K, committed 40792K, reserved 1085440K
  class space    used 4521K, capacity 4903K, committed 4988K, reserved 1048576K
}
2018-10-23T07:37:56.591+0000: 10.498: Total time for which application threads were stopped: 0.0652143 seconds, Stopping threads took: 0.0140936 seconds
2018-10-23T07:37:56.627+0000: 10.534: Total time for which application threads were stopped: 0.0043985 seconds, Stopping threads took: 0.0041874 seconds
{Heap before GC invocations=43 (full 1):
 par new generation   total 109248K, used 107644K [0x00000000e0000000, 0x00000000e8000000, 0x00000000e8000000)
  eden space 87424K, 100% used [0x00000000e0000000, 0x00000000e5560000, 0x00000000e5560000)
  from space 21824K,  92% used [0x00000000e6ab0000, 0x00000000e7e6f1e0, 0x00000000e8000000)
  to   space 21824K,   0% used [0x00000000e5560000, 0x00000000e5560000, 0x00000000e6ab0000)
 concurrent mark-sweep generation total 393216K, used 67627K [0x00000000e8000000, 0x0000000100000000, 0x0000000100000000)
 Metaspace       used 39012K, capacity 40639K, committed 40792K, reserved 1085440K
  class space    used 4527K, capacity 4914K, committed 4988K, reserved 1048576K
2018-10-23T07:37:56.702+0000: 10.609: [GC (Allocation Failure) 2018-10-23T07:37:56.702+0000: 10.609: [ParNew
Desired survivor size 20112992 bytes, new threshold 8 (max 8)
- age   1:    1163696 bytes,    1163696 total
- age   2:    3837176 bytes,    5000872 total
- age   3:     351704 bytes,    5352576 total
- age   4:    3787360 bytes,    9139936 total
- age   5:    4514704 bytes,   13654640 total
- age   6:     413216 bytes,   14067856 total
- age   7:    3190176 bytes,   17258032 total
- age   8:     308112 bytes,   17566144 total
: 107644K->21824K(109248K), 0.0388024 secs] 175272K->89684K(502464K), 0.0389469 secs] [Times: user=0.06 sys=0.00, real=0.04 secs] 
Heap after GC invocations=44 (full 1):
 par new generation   total 109248K, used 21824K [0x00000000e0000000, 0x00000000e8000000, 0x00000000e8000000)
  eden space 87424K,   0% used [0x00000000e0000000, 0x00000000e0000000, 0x00000000e5560000)
  from space 21824K, 100% used [0x00000000e5560000, 0x00000000e6ab0000, 0x00000000e6ab0000)
  to   space 21824K,   0% used [0x00000000e6ab0000, 0x00000000e6ab0000, 0x00000000e8000000)
 concurrent mark-sweep generation total 393216K, used 67860K [0x00000000e8000000, 0x0000000100000000, 0x0000000100000000)
 Metaspace       used 39012K, capacity 40639K, committed 40792K, reserved 1085440K
  class space    used 4527K, capacity 4914K, committed 4988K, reserved 1048576K
}
2018-10-23T07:37:56.741+0000: 10.648: Total time for which application threads were stopped: 0.0485318 seconds, Stopping threads took: 0.0092478 seconds
2018-10-23T07:37:56.750+0000: 10.657: Total time for which application threads were stopped: 0.0080756 seconds, Stopping threads took: 0.0078514 seconds
{Heap before GC invocations=44 (full 1):
 par new generation   total 109248K, used 109248K [0x00000000e0000000, 0x00000000e8000000, 0x00000000e8000000)
  eden space 87424K, 100% used [0x00000000e0000000, 0x00000000e5560000, 0x00000000e5560000)
  from space 21824K, 100% used [0x00000000e5560000, 0x00000000e6ab0000, 0x00000000e6ab0000)
  to   space 21824K,   0% used [0x00000000e6ab0000, 0x00000000e6ab0000, 0x00000000e8000000)
 concurrent mark-sweep generation total 393216K, used 67860K [0x00000000e8000000, 0x0000000100000000, 0x0000000100000000)
 Metaspace       used 39025K, capacity 40639K, committed 40792K, reserved 1085440K
  class space    used 4527K, capacity 4914K, committed 4988K, reserved 1048576K
2018-10-23T07:37:56.826+0000: 10.732: [GC (Allocation Failure) 2018-10-23T07:37:56.826+0000: 10.733: [ParNew
Desired survivor size 20112992 bytes, new threshold 8 (max 8)
- age   1:    1445928 bytes,    1445928 total
- age   2:     872304 bytes,    2318232 total
- age   3:    3789464 bytes,    6107696 total
- age   4:     350760 bytes,    6458456 total
- age   5:    3504680 bytes,    9963136 total
- age   6:    4514640 bytes,   14477776 total
- age   7:     410560 bytes,   14888336 total
- age   8:    3189432 bytes,   18077768 total
: 109248K->21824K(109248K), 0.0384211 secs] 177108K->90355K(502464K), 0.0385766 secs] [Times: user=0.04 sys=0.00, real=0.04 secs] 
Heap after GC invocations=45 (full 1):
 par new generation   total 109248K, used 21824K [0x00000000e0000000, 0x00000000e8000000, 0x00000000e8000000)
  eden space 87424K,   0% used [0x00000000e0000000, 0x00000000e0000000, 0x00000000e5560000)
  from space 21824K, 100% used [0x00000000e6ab0000, 0x00000000e8000000, 0x00000000e8000000)
  to   space 21824K,   0% used [0x00000000e5560000, 0x00000000e5560000, 0x00000000e6ab0000)
 concurrent mark-sweep generation total 393216K, used 68531K [0x00000000e8000000, 0x0000000100000000, 0x0000000100000000)
 Metaspace       used 39025K, capacity 40639K, committed 40792K, reserved 1085440K
  class space    used 4527K, capacity 4914K, committed 4988K, reserved 1048576K
}
2018-10-23T07:37:56.864+0000: 10.771: Total time for which application threads were stopped: 0.0520689 seconds, Stopping threads took: 0.0131152 seconds
2018-10-23T07:37:56.890+0000: 10.797: Total time for which application threads were stopped: 0.0047152 seconds, Stopping threads took: 0.0044482 seconds
2018-10-23T07:37:56.893+0000: 10.800: Total time for which application threads were stopped: 0.0024404 seconds, Stopping threads took: 0.0022680 seconds
2018-10-23T07:37:56.894+0000: 10.801: Total time for which application threads were stopped: 0.0002073 seconds, Stopping threads took: 0.0000715 seconds
2018-10-23T07:37:56.926+0000: 10.833: Total time for which application threads were stopped: 0.0062986 seconds, Stopping threads took: 0.0060429 seconds
2018-10-23T07:37:56.952+0000: 10.858: Total time for which application threads were stopped: 0.0129499 seconds, Stopping threads took: 0.0126884 seconds
2018-10-23T07:37:56.952+0000: 10.859: Total time for which application threads were stopped: 0.0005595 seconds, Stopping threads took: 0.0003953 seconds
2018-10-23T07:37:56.953+0000: 10.859: Total time for which application threads were stopped: 0.0001448 seconds, Stopping threads took: 0.0000249 seconds
2018-10-23T07:37:56.953+0000: 10.860: Total time for which application threads were stopped: 0.0001397 seconds, Stopping threads took: 0.0000212 seconds
2018-10-23T07:37:56.953+0000: 10.860: Total time for which application threads were stopped: 0.0001424 seconds, Stopping threads took: 0.0000194 seconds
2018-10-23T07:37:56.953+0000: 10.860: Total time for which application threads were stopped: 0.0001373 seconds, Stopping threads took: 0.0000201 seconds
2018-10-23T07:37:56.953+0000: 10.860: Total time for which application threads were stopped: 0.0001372 seconds, Stopping threads took: 0.0000190 seconds
2018-10-23T07:37:56.966+0000: 10.873: Total time for which application threads were stopped: 0.0026497 seconds, Stopping threads took: 0.0024014 seconds
2018-10-23T07:37:56.966+0000: 10.873: Total time for which application threads were stopped: 0.0001859 seconds, Stopping threads took: 0.0000468 seconds
2018-10-23T07:37:56.966+0000: 10.873: Total time for which application threads were stopped: 0.0001747 seconds, Stopping threads took: 0.0000375 seconds
{Heap before GC invocations=45 (full 1):
 par new generation   total 109248K, used 109248K [0x00000000e0000000, 0x00000000e8000000, 0x00000000e8000000)
  eden space 87424K, 100% used [0x00000000e0000000, 0x00000000e5560000, 0x00000000e5560000)
  from space 21824K, 100% used [0x00000000e6ab0000, 0x00000000e8000000, 0x00000000e8000000)
  to   space 21824K,   0% used [0x00000000e5560000, 0x00000000e5560000, 0x00000000e6ab0000)
 concurrent mark-sweep generation total 393216K, used 68531K [0x00000000e8000000, 0x0000000100000000, 0x0000000100000000)
 Metaspace       used 39050K, capacity 40639K, committed 40792K, reserved 1085440K
  class space    used 4527K, capacity 4914K, committed 4988K, reserved 1048576K
2018-10-23T07:37:57.003+0000: 10.910: [GC (Allocation Failure) 2018-10-23T07:37:57.003+0000: 10.910: [ParNew
Desired survivor size 20112992 bytes, new threshold 8 (max 8)
- age   1:     858320 bytes,     858320 total
- age   2:    1229952 bytes,    2088272 total
- age   3:     862328 bytes,    2950600 total
- age   4:    3788840 bytes,    6739440 total
- age   5:     350512 bytes,    7089952 total
- age   6:    3504568 bytes,   10594520 total
- age   7:    4514592 bytes,   15109112 total
- age   8:     410560 bytes,   15519672 total
: 109248K->21724K(109248K), 0.0324596 secs] 177779K->93380K(502464K), 0.0326087 secs] [Times: user=0.05 sys=0.00, real=0.03 secs] 
Heap after GC invocations=46 (full 1):
 par new generation   total 109248K, used 21724K [0x00000000e0000000, 0x00000000e8000000, 0x00000000e8000000)
  eden space 87424K,   0% used [0x00000000e0000000, 0x00000000e0000000, 0x00000000e5560000)
  from space 21824K,  99% used [0x00000000e5560000, 0x00000000e6a971a8, 0x00000000e6ab0000)
  to   space 21824K,   0% used [0x00000000e6ab0000, 0x00000000e6ab0000, 0x00000000e8000000)
 concurrent mark-sweep generation total 393216K, used 71655K [0x00000000e8000000, 0x0000000100000000, 0x0000000100000000)
 Metaspace       used 39050K, capacity 40639K, committed 40792K, reserved 1085440K
  class space    used 4527K, capacity 4914K, committed 4988K, reserved 1048576K
}
2018-10-23T07:37:57.035+0000: 10.942: Total time for which application threads were stopped: 0.0452485 seconds, Stopping threads took: 0.0122621 seconds
2018-10-23T07:37:57.062+0000: 10.969: Total time for which application threads were stopped: 0.0116219 seconds, Stopping threads took: 0.0112968 seconds
2018-10-23T07:37:57.063+0000: 10.970: Total time for which application threads were stopped: 0.0005875 seconds, Stopping threads took: 0.0004105 seconds
2018-10-23T07:37:57.077+0000: 10.984: Total time for which application threads were stopped: 0.0138239 seconds, Stopping threads took: 0.0135668 seconds
2018-10-23T07:37:57.079+0000: 10.985: Total time for which application threads were stopped: 0.0002629 seconds, Stopping threads took: 0.0001055 seconds
2018-10-23T07:37:57.131+0000: 11.038: Total time for which application threads were stopped: 0.0003906 seconds, Stopping threads took: 0.0001173 seconds
2018-10-23T07:37:57.134+0000: 11.041: Total time for which application threads were stopped: 0.0027199 seconds, Stopping threads took: 0.0025669 seconds
2018-10-23T07:37:57.134+0000: 11.041: Total time for which application threads were stopped: 0.0002562 seconds, Stopping threads took: 0.0001177 seconds
2018-10-23T07:37:57.135+0000: 11.041: Total time for which application threads were stopped: 0.0002036 seconds, Stopping threads took: 0.0000667 seconds
2018-10-23T07:37:57.135+0000: 11.042: Total time for which application threads were stopped: 0.0001682 seconds, Stopping threads took: 0.0000399 seconds
2018-10-23T07:37:57.135+0000: 11.042: Total time for which application threads were stopped: 0.0001726 seconds, Stopping threads took: 0.0000434 seconds
2018-10-23T07:37:57.135+0000: 11.042: Total time for which application threads were stopped: 0.0001968 seconds, Stopping threads took: 0.0000620 seconds
2018-10-23T07:37:57.226+0000: 11.133: Total time for which application threads were stopped: 0.0089404 seconds, Stopping threads took: 0.0086664 seconds
2018-10-23T07:37:57.226+0000: 11.133: Total time for which application threads were stopped: 0.0002181 seconds, Stopping threads took: 0.0000602 seconds
2018-10-23T07:37:57.227+0000: 11.133: Total time for which application threads were stopped: 0.0001396 seconds, Stopping threads took: 0.0000205 seconds
2018-10-23T07:37:57.227+0000: 11.134: Total time for which application threads were stopped: 0.0001339 seconds, Stopping threads took: 0.0000200 seconds
2018-10-23T07:37:57.227+0000: 11.134: Total time for which application threads were stopped: 0.0001341 seconds, Stopping threads took: 0.0000197 seconds
2018-10-23T07:37:57.228+0000: 11.134: Total time for which application threads were stopped: 0.0005298 seconds, Stopping threads took: 0.0000194 seconds
{Heap before GC invocations=46 (full 1):
 par new generation   total 109248K, used 109148K [0x00000000e0000000, 0x00000000e8000000, 0x00000000e8000000)
  eden space 87424K, 100% used [0x00000000e0000000, 0x00000000e5560000, 0x00000000e5560000)
  from space 21824K,  99% used [0x00000000e5560000, 0x00000000e6a971a8, 0x00000000e6ab0000)
  to   space 21824K,   0% used [0x00000000e6ab0000, 0x00000000e6ab0000, 0x00000000e8000000)
 concurrent mark-sweep generation total 393216K, used 71655K [0x00000000e8000000, 0x0000000100000000, 0x0000000100000000)
 Metaspace       used 39151K, capacity 40759K, committed 41048K, reserved 1085440K
  class space    used 4538K, capacity 4934K, committed 4988K, reserved 1048576K
2018-10-23T07:37:57.282+0000: 11.189: [GC (Allocation Failure) 2018-10-23T07:37:57.282+0000: 11.189: [ParNew
Desired survivor size 20112992 bytes, new threshold 8 (max 8)
- age   1:    1586504 bytes,    1586504 total
- age   2:     238712 bytes,    1825216 total
- age   3:     950504 bytes,    2775720 total
- age   4:     860408 bytes,    3636128 total
- age   5:    3582616 bytes,    7218744 total
- age   6:     340752 bytes,    7559496 total
- age   7:    3443720 bytes,   11003216 total
- age   8:    4512456 bytes,   15515672 total
: 109148K->20056K(109248K), 0.0564691 secs] 180804K->92116K(502464K), 0.0565719 secs] [Times: user=0.05 sys=0.00, real=0.06 secs] 
Heap after GC invocations=47 (full 1):
 par new generation   total 109248K, used 20056K [0x00000000e0000000, 0x00000000e8000000, 0x00000000e8000000)
  eden space 87424K,   0% used [0x00000000e0000000, 0x00000000e0000000, 0x00000000e5560000)
  from space 21824K,  91% used [0x00000000e6ab0000, 0x00000000e7e46280, 0x00000000e8000000)
  to   space 21824K,   0% used [0x00000000e5560000, 0x00000000e5560000, 0x00000000e6ab0000)
 concurrent mark-sweep generation total 393216K, used 72060K [0x00000000e8000000, 0x0000000100000000, 0x0000000100000000)
 Metaspace       used 39151K, capacity 40759K, committed 41048K, reserved 1085440K
  class space    used 4538K, capacity 4934K, committed 4988K, reserved 1048576K
}
2018-10-23T07:37:57.339+0000: 11.246: Total time for which application threads were stopped: 0.0570748 seconds, Stopping threads took: 0.0001203 seconds
2018-10-23T07:37:57.470+0000: 11.377: Total time for which application threads were stopped: 0.0028397 seconds, Stopping threads took: 0.0025596 seconds
2018-10-23T07:37:57.490+0000: 11.397: Total time for which application threads were stopped: 0.0007409 seconds, Stopping threads took: 0.0004792 seconds
2018-10-23T07:37:57.498+0000: 11.405: Total time for which application threads were stopped: 0.0041798 seconds, Stopping threads took: 0.0039741 seconds
2018-10-23T07:37:57.502+0000: 11.409: Total time for which application threads were stopped: 0.0001618 seconds, Stopping threads took: 0.0000249 seconds
2018-10-23T07:37:57.512+0000: 11.419: Total time for which application threads were stopped: 0.0077257 seconds, Stopping threads took: 0.0075749 seconds
2018-10-23T07:37:57.528+0000: 11.435: Total time for which application threads were stopped: 0.0065103 seconds, Stopping threads took: 0.0062298 seconds
2018-10-23T07:37:57.562+0000: 11.469: Total time for which application threads were stopped: 0.0077049 seconds, Stopping threads took: 0.0074349 seconds
2018-10-23T07:37:57.562+0000: 11.469: Total time for which application threads were stopped: 0.0002497 seconds, Stopping threads took: 0.0000979 seconds
2018-10-23T07:37:57.563+0000: 11.469: Total time for which application threads were stopped: 0.0001817 seconds, Stopping threads took: 0.0000454 seconds
2018-10-23T07:37:57.563+0000: 11.470: Total time for which application threads were stopped: 0.0002286 seconds, Stopping threads took: 0.0000840 seconds
2018-10-23T07:37:57.620+0000: 11.527: Total time for which application threads were stopped: 0.0067586 seconds, Stopping threads took: 0.0040463 seconds
{Heap before GC invocations=47 (full 1):
 par new generation   total 109248K, used 107480K [0x00000000e0000000, 0x00000000e8000000, 0x00000000e8000000)
  eden space 87424K, 100% used [0x00000000e0000000, 0x00000000e5560000, 0x00000000e5560000)
  from space 21824K,  91% used [0x00000000e6ab0000, 0x00000000e7e46280, 0x00000000e8000000)
  to   space 21824K,   0% used [0x00000000e5560000, 0x00000000e5560000, 0x00000000e6ab0000)
 concurrent mark-sweep generation total 393216K, used 72060K [0x00000000e8000000, 0x0000000100000000, 0x0000000100000000)
 Metaspace       used 39214K, capacity 40835K, committed 41048K, reserved 1085440K
  class space    used 4539K, capacity 4936K, committed 4988K, reserved 1048576K
2018-10-23T07:37:57.641+0000: 11.548: [GC (Allocation Failure) 2018-10-23T07:37:57.641+0000: 11.548: [ParNew
Desired survivor size 20112992 bytes, new threshold 8 (max 8)
- age   1:   12329896 bytes,   12329896 total
- age   2:    1153744 bytes,   13483640 total
- age   3:     184920 bytes,   13668560 total
- age   4:     161520 bytes,   13830080 total
- age   5:     847832 bytes,   14677912 total
- age   6:    3569496 bytes,   18247408 total
- age   7:     265448 bytes,   18512856 total
- age   8:    3436976 bytes,   21949832 total
: 107480K->21824K(109248K), 0.0826166 secs] 179540K->99042K(502464K), 0.0827654 secs] [Times: user=0.11 sys=0.00, real=0.08 secs] 
Heap after GC invocations=48 (full 1):
 par new generation   total 109248K, used 21824K [0x00000000e0000000, 0x00000000e8000000, 0x00000000e8000000)
  eden space 87424K,   0% used [0x00000000e0000000, 0x00000000e0000000, 0x00000000e5560000)
  from space 21824K, 100% used [0x00000000e5560000, 0x00000000e6ab0000, 0x00000000e6ab0000)
  to   space 21824K,   0% used [0x00000000e6ab0000, 0x00000000e6ab0000, 0x00000000e8000000)
 concurrent mark-sweep generation total 393216K, used 77218K [0x00000000e8000000, 0x0000000100000000, 0x0000000100000000)
 Metaspace       used 39214K, capacity 40835K, committed 41048K, reserved 1085440K
  class space    used 4539K, capacity 4936K, committed 4988K, reserved 1048576K
}
2018-10-23T07:37:57.724+0000: 11.631: Total time for which application threads were stopped: 0.0859428 seconds, Stopping threads took: 0.0028075 seconds
2018-10-23T07:37:57.733+0000: 11.640: Total time for which application threads were stopped: 0.0028693 seconds, Stopping threads took: 0.0019642 seconds
2018-10-23T07:37:57.777+0000: 11.683: Total time for which application threads were stopped: 0.0024152 seconds, Stopping threads took: 0.0021550 seconds
2018-10-23T07:37:57.783+0000: 11.690: Total time for which application threads were stopped: 0.0036139 seconds, Stopping threads took: 0.0034335 seconds
2018-10-23T07:37:57.783+0000: 11.690: Total time for which application threads were stopped: 0.0002581 seconds, Stopping threads took: 0.0000408 seconds
2018-10-23T07:37:57.784+0000: 11.691: Total time for which application threads were stopped: 0.0002689 seconds, Stopping threads took: 0.0000436 seconds
{Heap before GC invocations=48 (full 1):
 par new generation   total 109248K, used 109248K [0x00000000e0000000, 0x00000000e8000000, 0x00000000e8000000)
  eden space 87424K, 100% used [0x00000000e0000000, 0x00000000e5560000, 0x00000000e5560000)
  from space 21824K, 100% used [0x00000000e5560000, 0x00000000e6ab0000, 0x00000000e6ab0000)
  to   space 21824K,   0% used [0x00000000e6ab0000, 0x00000000e6ab0000, 0x00000000e8000000)
 concurrent mark-sweep generation total 393216K, used 77218K [0x00000000e8000000, 0x0000000100000000, 0x0000000100000000)
 Metaspace       used 39224K, capacity 40835K, committed 41048K, reserved 1085440K
  class space    used 4539K, capacity 4936K, committed 4988K, reserved 1048576K
2018-10-23T07:37:57.792+0000: 11.699: [GC (Allocation Failure) 2018-10-23T07:37:57.792+0000: 11.699: [ParNew
Desired survivor size 20112992 bytes, new threshold 8 (max 8)
- age   1:    2091784 bytes,    2091784 total
- age   2:   11647144 bytes,   13738928 total
- age   3:    1120472 bytes,   14859400 total
- age   4:     184792 bytes,   15044192 total
- age   5:     161520 bytes,   15205712 total
- age   6:     847832 bytes,   16053544 total
- age   7:    3569480 bytes,   19623024 total
- age   8:     259688 bytes,   19882712 total
: 109248K->21824K(109248K), 0.0387302 secs] 186466K->102879K(502464K), 0.0388379 secs] [Times: user=0.06 sys=0.00, real=0.04 secs] 
Heap after GC invocations=49 (full 1):
 par new generation   total 109248K, used 21824K [0x00000000e0000000, 0x00000000e8000000, 0x00000000e8000000)
  eden space 87424K,   0% used [0x00000000e0000000, 0x00000000e0000000, 0x00000000e5560000)
  from space 21824K, 100% used [0x00000000e6ab0000, 0x00000000e8000000, 0x00000000e8000000)
  to   space 21824K,   0% used [0x00000000e5560000, 0x00000000e5560000, 0x00000000e6ab0000)
 concurrent mark-sweep generation total 393216K, used 81055K [0x00000000e8000000, 0x0000000100000000, 0x0000000100000000)
 Metaspace       used 39224K, capacity 40835K, committed 41048K, reserved 1085440K
  class space    used 4539K, capacity 4936K, committed 4988K, reserved 1048576K
}
2018-10-23T07:37:57.831+0000: 11.738: Total time for which application threads were stopped: 0.0392072 seconds, Stopping threads took: 0.0000830 seconds
{Heap before GC invocations=49 (full 1):
 par new generation   total 109248K, used 109248K [0x00000000e0000000, 0x00000000e8000000, 0x00000000e8000000)
  eden space 87424K, 100% used [0x00000000e0000000, 0x00000000e5560000, 0x00000000e5560000)
  from space 21824K, 100% used [0x00000000e6ab0000, 0x00000000e8000000, 0x00000000e8000000)
  to   space 21824K,   0% used [0x00000000e5560000, 0x00000000e5560000, 0x00000000e6ab0000)
 concurrent mark-sweep generation total 393216K, used 81055K [0x00000000e8000000, 0x0000000100000000, 0x0000000100000000)
 Metaspace       used 39227K, capacity 40835K, committed 41048K, reserved 1085440K
  class space    used 4539K, capacity 4936K, committed 4988K, reserved 1048576K
2018-10-23T07:37:57.882+0000: 11.789: [GC (Allocation Failure) 2018-10-23T07:37:57.882+0000: 11.789: [ParNew
Desired survivor size 20112992 bytes, new threshold 8 (max 8)
- age   1:    1140384 bytes,    1140384 total
- age   2:    2081936 bytes,    3222320 total
- age   3:   10747000 bytes,   13969320 total
- age   4:    1120288 bytes,   15089608 total
- age   5:     184792 bytes,   15274400 total
- age   6:     161488 bytes,   15435888 total
- age   7:     847832 bytes,   16283720 total
- age   8:    3355480 bytes,   19639200 total
: 109248K->21824K(109248K), 0.0350168 secs] 190303K->104232K(502464K), 0.0351332 secs] [Times: user=0.09 sys=0.00, real=0.03 secs] 
Heap after GC invocations=50 (full 1):
 par new generation   total 109248K, used 21824K [0x00000000e0000000, 0x00000000e8000000, 0x00000000e8000000)
  eden space 87424K,   0% used [0x00000000e0000000, 0x00000000e0000000, 0x00000000e5560000)
  from space 21824K, 100% used [0x00000000e5560000, 0x00000000e6ab0000, 0x00000000e6ab0000)
  to   space 21824K,   0% used [0x00000000e6ab0000, 0x00000000e6ab0000, 0x00000000e8000000)
 concurrent mark-sweep generation total 393216K, used 82408K [0x00000000e8000000, 0x0000000100000000, 0x0000000100000000)
 Metaspace       used 39227K, capacity 40835K, committed 41048K, reserved 1085440K
  class space    used 4539K, capacity 4936K, committed 4988K, reserved 1048576K
}
2018-10-23T07:37:57.917+0000: 11.824: Total time for which application threads were stopped: 0.0403622 seconds, Stopping threads took: 0.0045776 seconds
2018-10-23T07:37:57.930+0000: 11.837: Total time for which application threads were stopped: 0.0027019 seconds, Stopping threads took: 0.0023553 seconds
{Heap before GC invocations=50 (full 1):
 par new generation   total 109248K, used 109248K [0x00000000e0000000, 0x00000000e8000000, 0x00000000e8000000)
  eden space 87424K, 100% used [0x00000000e0000000, 0x00000000e5560000, 0x00000000e5560000)
  from space 21824K, 100% used [0x00000000e5560000, 0x00000000e6ab0000, 0x00000000e6ab0000)
  to   space 21824K,   0% used [0x00000000e6ab0000, 0x00000000e6ab0000, 0x00000000e8000000)
 concurrent mark-sweep generation total 393216K, used 82408K [0x00000000e8000000, 0x0000000100000000, 0x0000000100000000)
 Metaspace       used 39233K, capacity 40841K, committed 41048K, reserved 1085440K
  class space    used 4540K, capacity 4937K, committed 4988K, reserved 1048576K
2018-10-23T07:37:57.978+0000: 11.885: [GC (Allocation Failure) 2018-10-23T07:37:57.978+0000: 11.885: [ParNew
Desired survivor size 20112992 bytes, new threshold 8 (max 8)
- age   1:    2008488 bytes,    2008488 total
- age   2:     465696 bytes,    2474184 total
- age   3:    1969200 bytes,    4443384 total
- age   4:   10745824 bytes,   15189208 total
- age   5:    1119464 bytes,   16308672 total
- age   6:     184688 bytes,   16493360 total
- age   7:     160696 bytes,   16654056 total
- age   8:     846840 bytes,   17500896 total
: 109248K->21824K(109248K), 0.0411622 secs] 191656K->107527K(502464K), 0.0412872 secs] [Times: user=0.07 sys=0.00, real=0.04 secs] 
Heap after GC invocations=51 (full 1):
 par new generation   total 109248K, used 21824K [0x00000000e0000000, 0x00000000e8000000, 0x00000000e8000000)
  eden space 87424K,   0% used [0x00000000e0000000, 0x00000000e0000000, 0x00000000e5560000)
  from space 21824K, 100% used [0x00000000e6ab0000, 0x00000000e8000000, 0x00000000e8000000)
  to   space 21824K,   0% used [0x00000000e5560000, 0x00000000e5560000, 0x00000000e6ab0000)
 concurrent mark-sweep generation total 393216K, used 85703K [0x00000000e8000000, 0x0000000100000000, 0x0000000100000000)
 Metaspace       used 39233K, capacity 40841K, committed 41048K, reserved 1085440K
  class space    used 4540K, capacity 4937K, committed 4988K, reserved 1048576K
}
2018-10-23T07:37:58.020+0000: 11.926: Total time for which application threads were stopped: 0.0427528 seconds, Stopping threads took: 0.0010497 seconds
{Heap before GC invocations=51 (full 1):
 par new generation   total 109248K, used 109248K [0x00000000e0000000, 0x00000000e8000000, 0x00000000e8000000)
  eden space 87424K, 100% used [0x00000000e0000000, 0x00000000e5560000, 0x00000000e5560000)
  from space 21824K, 100% used [0x00000000e6ab0000, 0x00000000e8000000, 0x00000000e8000000)
  to   space 21824K,   0% used [0x00000000e5560000, 0x00000000e5560000, 0x00000000e6ab0000)
 concurrent mark-sweep generation total 393216K, used 85703K [0x00000000e8000000, 0x0000000100000000, 0x0000000100000000)
 Metaspace       used 39248K, capacity 40865K, committed 41048K, reserved 1085440K
  class space    used 4542K, capacity 4941K, committed 4988K, reserved 1048576K
2018-10-23T07:37:58.082+0000: 11.988: [GC (Allocation Failure) 2018-10-23T07:37:58.082+0000: 11.989: [ParNew
Desired survivor size 20112992 bytes, new threshold 8 (max 8)
- age   1:     719456 bytes,     719456 total
- age   2:     974448 bytes,    1693904 total
- age   3:     455464 bytes,    2149368 total
- age   4:    1967264 bytes,    4116632 total
- age   5:   10744736 bytes,   14861368 total
- age   6:    1117840 bytes,   15979208 total
- age   7:     184688 bytes,   16163896 total
- age   8:     160696 bytes,   16324592 total
: 109248K->21824K(109248K), 0.0511691 secs] 194951K->108359K(502464K), 0.0513032 secs] [Times: user=0.08 sys=0.00, real=0.05 secs] 
Heap after GC invocations=52 (full 1):
 par new generation   total 109248K, used 21824K [0x00000000e0000000, 0x00000000e8000000, 0x00000000e8000000)
  eden space 87424K,   0% used [0x00000000e0000000, 0x00000000e0000000, 0x00000000e5560000)
  from space 21824K, 100% used [0x00000000e5560000, 0x00000000e6ab0000, 0x00000000e6ab0000)
  to   space 21824K,   0% used [0x00000000e6ab0000, 0x00000000e6ab0000, 0x00000000e8000000)
 concurrent mark-sweep generation total 393216K, used 86535K [0x00000000e8000000, 0x0000000100000000, 0x0000000100000000)
 Metaspace       used 39248K, capacity 40865K, committed 41048K, reserved 1085440K
  class space    used 4542K, capacity 4941K, committed 4988K, reserved 1048576K
}
2018-10-23T07:37:58.133+0000: 12.040: Total time for which application threads were stopped: 0.0579233 seconds, Stopping threads took: 0.0062514 seconds
{Heap before GC invocations=52 (full 1):
 par new generation   total 109248K, used 109248K [0x00000000e0000000, 0x00000000e8000000, 0x00000000e8000000)
  eden space 87424K, 100% used [0x00000000e0000000, 0x00000000e5560000, 0x00000000e5560000)
  from space 21824K, 100% used [0x00000000e5560000, 0x00000000e6ab0000, 0x00000000e6ab0000)
  to   space 21824K,   0% used [0x00000000e6ab0000, 0x00000000e6ab0000, 0x00000000e8000000)
 concurrent mark-sweep generation total 393216K, used 86535K [0x00000000e8000000, 0x0000000100000000, 0x0000000100000000)
 Metaspace       used 39276K, capacity 40941K, committed 41048K, reserved 1085440K
  class space    used 4543K, capacity 4943K, committed 4988K, reserved 1048576K
2018-10-23T07:37:58.206+0000: 12.113: [GC (Allocation Failure) 2018-10-23T07:37:58.206+0000: 12.113: [ParNew
Desired survivor size 20112992 bytes, new threshold 8 (max 8)
- age   1:     724616 bytes,     724616 total
- age   2:     107472 bytes,     832088 total
- age   3:     965992 bytes,    1798080 total
- age   4:     455440 bytes,    2253520 total
- age   5:    1940272 bytes,    4193792 total
- age   6:   10744488 bytes,   14938280 total
- age   7:    1117608 bytes,   16055888 total
- age   8:     184496 bytes,   16240384 total
: 109248K->20758K(109248K), 0.0802292 secs] 195783K->107453K(502464K), 0.0803535 secs] [Times: user=0.13 sys=0.00, real=0.08 secs] 
Heap after GC invocations=53 (full 1):
 par new generation   total 109248K, used 20758K [0x00000000e0000000, 0x00000000e8000000, 0x00000000e8000000)
  eden space 87424K,   0% used [0x00000000e0000000, 0x00000000e0000000, 0x00000000e5560000)
  from space 21824K,  95% used [0x00000000e6ab0000, 0x00000000e7ef5ac0, 0x00000000e8000000)
  to   space 21824K,   0% used [0x00000000e5560000, 0x00000000e5560000, 0x00000000e6ab0000)
 concurrent mark-sweep generation total 393216K, used 86694K [0x00000000e8000000, 0x0000000100000000, 0x0000000100000000)
 Metaspace       used 39276K, capacity 40941K, committed 41048K, reserved 1085440K
  class space    used 4543K, capacity 4943K, committed 4988K, reserved 1048576K
}
2018-10-23T07:37:58.286+0000: 12.193: Total time for which application threads were stopped: 0.0892808 seconds, Stopping threads took: 0.0085365 seconds
2018-10-23T07:37:58.442+0000: 12.349: Total time for which application threads were stopped: 0.0080168 seconds, Stopping threads took: 0.0076833 seconds
2018-10-23T07:37:58.442+0000: 12.349: Total time for which application threads were stopped: 0.0002967 seconds, Stopping threads took: 0.0001508 seconds
2018-10-23T07:37:58.442+0000: 12.349: Total time for which application threads were stopped: 0.0002374 seconds, Stopping threads took: 0.0000931 seconds
{Heap before GC invocations=53 (full 1):
 par new generation   total 109248K, used 108182K [0x00000000e0000000, 0x00000000e8000000, 0x00000000e8000000)
  eden space 87424K, 100% used [0x00000000e0000000, 0x00000000e5560000, 0x00000000e5560000)
  from space 21824K,  95% used [0x00000000e6ab0000, 0x00000000e7ef5ac0, 0x00000000e8000000)
  to   space 21824K,   0% used [0x00000000e5560000, 0x00000000e5560000, 0x00000000e6ab0000)
 concurrent mark-sweep generation total 393216K, used 86694K [0x00000000e8000000, 0x0000000100000000, 0x0000000100000000)
 Metaspace       used 39296K, capacity 40959K, committed 41048K, reserved 1085440K
  class space    used 4545K, capacity 4946K, committed 4988K, reserved 1048576K
2018-10-23T07:37:58.446+0000: 12.353: [GC (Allocation Failure) 2018-10-23T07:37:58.446+0000: 12.353: [ParNew
Desired survivor size 20112992 bytes, new threshold 8 (max 8)
- age   1:     941184 bytes,     941184 total
- age   2:     174080 bytes,    1115264 total
- age   3:     106144 bytes,    1221408 total
- age   4:     964952 bytes,    2186360 total
- age   5:     454760 bytes,    2641120 total
- age   6:    1498432 bytes,    4139552 total
- age   7:   10744232 bytes,   14883784 total
- age   8:    1117560 bytes,   16001344 total
: 108182K->19220K(109248K), 0.0473158 secs] 194877K->106098K(502464K), 0.0474299 secs] [Times: user=0.10 sys=0.00, real=0.05 secs] 
Heap after GC invocations=54 (full 1):
 par new generation   total 109248K, used 19220K [0x00000000e0000000, 0x00000000e8000000, 0x00000000e8000000)
  eden space 87424K,   0% used [0x00000000e0000000, 0x00000000e0000000, 0x00000000e5560000)
  from space 21824K,  88% used [0x00000000e5560000, 0x00000000e6825040, 0x00000000e6ab0000)
  to   space 21824K,   0% used [0x00000000e6ab0000, 0x00000000e6ab0000, 0x00000000e8000000)
 concurrent mark-sweep generation total 393216K, used 86878K [0x00000000e8000000, 0x0000000100000000, 0x0000000100000000)
 Metaspace       used 39296K, capacity 40959K, committed 41048K, reserved 1085440K
  class space    used 4545K, capacity 4946K, committed 4988K, reserved 1048576K
}
2018-10-23T07:37:58.494+0000: 12.401: Total time for which application threads were stopped: 0.0477548 seconds, Stopping threads took: 0.0000582 seconds
2018-10-23T07:37:58.500+0000: 12.407: Total time for which application threads were stopped: 0.0006310 seconds, Stopping threads took: 0.0003634 seconds
2018-10-23T07:37:58.533+0000: 12.440: Total time for which application threads were stopped: 0.0003109 seconds, Stopping threads took: 0.0000488 seconds
2018-10-23T07:37:58.533+0000: 12.440: Total time for which application threads were stopped: 0.0001534 seconds, Stopping threads took: 0.0000275 seconds
2018-10-23T07:37:58.533+0000: 12.440: Total time for which application threads were stopped: 0.0001395 seconds, Stopping threads took: 0.0000208 seconds
2018-10-23T07:37:58.534+0000: 12.441: Total time for which application threads were stopped: 0.0001750 seconds, Stopping threads took: 0.0000200 seconds
2018-10-23T07:37:58.551+0000: 12.458: Total time for which application threads were stopped: 0.0020626 seconds, Stopping threads took: 0.0018096 seconds
2018-10-23T07:37:58.553+0000: 12.460: Total time for which application threads were stopped: 0.0003019 seconds, Stopping threads took: 0.0001120 seconds
2018-10-23T07:37:58.558+0000: 12.465: Total time for which application threads were stopped: 0.0041048 seconds, Stopping threads took: 0.0039574 seconds
2018-10-23T07:37:58.659+0000: 12.566: Total time for which application threads were stopped: 0.0086130 seconds, Stopping threads took: 0.0048163 seconds
2018-10-23T07:37:58.710+0000: 12.617: Total time for which application threads were stopped: 0.0064033 seconds, Stopping threads took: 0.0061037 seconds
2018-10-23T07:37:58.727+0000: 12.634: Total time for which application threads were stopped: 0.0003817 seconds, Stopping threads took: 0.0001247 seconds
2018-10-23T07:37:58.728+0000: 12.635: Total time for which application threads were stopped: 0.0002802 seconds, Stopping threads took: 0.0001065 seconds
2018-10-23T07:37:58.728+0000: 12.635: Total time for which application threads were stopped: 0.0003212 seconds, Stopping threads took: 0.0001862 seconds
2018-10-23T07:37:58.734+0000: 12.641: Total time for which application threads were stopped: 0.0054316 seconds, Stopping threads took: 0.0052855 seconds
2018-10-23T07:37:58.746+0000: 12.653: Total time for which application threads were stopped: 0.0012597 seconds, Stopping threads took: 0.0010437 seconds
2018-10-23T07:37:58.776+0000: 12.683: Total time for which application threads were stopped: 0.0003570 seconds, Stopping threads took: 0.0000802 seconds
2018-10-23T07:37:58.777+0000: 12.683: Total time for which application threads were stopped: 0.0002065 seconds, Stopping threads took: 0.0000551 seconds
2018-10-23T07:37:58.777+0000: 12.684: Total time for which application threads were stopped: 0.0003192 seconds, Stopping threads took: 0.0001490 seconds
2018-10-23T07:37:58.778+0000: 12.685: Total time for which application threads were stopped: 0.0002218 seconds, Stopping threads took: 0.0000674 seconds
2018-10-23T07:37:58.786+0000: 12.693: Total time for which application threads were stopped: 0.0003630 seconds, Stopping threads took: 0.0001437 seconds
2018-10-23T07:37:58.819+0000: 12.726: Total time for which application threads were stopped: 0.0004151 seconds, Stopping threads took: 0.0001288 seconds
2018-10-23T07:37:58.819+0000: 12.726: Total time for which application threads were stopped: 0.0002550 seconds, Stopping threads took: 0.0000854 seconds
2018-10-23T07:37:58.819+0000: 12.726: Total time for which application threads were stopped: 0.0002016 seconds, Stopping threads took: 0.0000379 seconds
2018-10-23T07:37:58.820+0000: 12.726: Total time for which application threads were stopped: 0.0001593 seconds, Stopping threads took: 0.0000273 seconds
2018-10-23T07:37:58.854+0000: 12.761: Total time for which application threads were stopped: 0.0028615 seconds, Stopping threads took: 0.0025961 seconds
{Heap before GC invocations=54 (full 1):
 par new generation   total 109248K, used 108406K [0x00000000e0000000, 0x00000000e8000000, 0x00000000e8000000)
  eden space 87424K, 100% used [0x00000000e0000000, 0x00000000e5560000, 0x00000000e5560000)
  from space 21824K,  96% used [0x00000000e5560000, 0x00000000e69dd8f8, 0x00000000e6ab0000)
  to   space 21824K,   0% used [0x00000000e6ab0000, 0x00000000e6ab0000, 0x00000000e8000000)
 concurrent mark-sweep generation total 393216K, used 86878K [0x00000000e8000000, 0x0000000100000000, 0x0000000100000000)
 Metaspace       used 39355K, capacity 41029K, committed 41304K, reserved 1085440K
  class space    used 4546K, capacity 4947K, committed 4988K, reserved 1048576K
2018-10-23T07:37:58.865+0000: 12.772: [GC (GCLocker Initiated GC) 2018-10-23T07:37:58.865+0000: 12.772: [ParNew
Desired survivor size 20112992 bytes, new threshold 8 (max 8)
- age   1:    9277192 bytes,    9277192 total
- age   2:     430344 bytes,    9707536 total
- age   3:     152576 bytes,    9860112 total
- age   4:     105928 bytes,    9966040 total
- age   5:     175904 bytes,   10141944 total
- age   6:     238568 bytes,   10380512 total
- age   7:     854728 bytes,   11235240 total
- age   8:   10398832 bytes,   21634072 total
: 108406K->21824K(109248K), 0.0251984 secs] 195284K->111071K(502464K), 0.0253246 secs] [Times: user=0.06 sys=0.00, real=0.03 secs] 
Heap after GC invocations=55 (full 1):
 par new generation   total 109248K, used 21824K [0x00000000e0000000, 0x00000000e8000000, 0x00000000e8000000)
  eden space 87424K,   0% used [0x00000000e0000000, 0x00000000e0000000, 0x00000000e5560000)
  from space 21824K, 100% used [0x00000000e6ab0000, 0x00000000e8000000, 0x00000000e8000000)
  to   space 21824K,   0% used [0x00000000e5560000, 0x00000000e5560000, 0x00000000e6ab0000)
 concurrent mark-sweep generation total 393216K, used 89247K [0x00000000e8000000, 0x0000000100000000, 0x0000000100000000)
 Metaspace       used 39355K, capacity 41029K, committed 41304K, reserved 1085440K
  class space    used 4546K, capacity 4947K, committed 4988K, reserved 1048576K
}
2018-10-23T07:37:58.891+0000: 12.798: Total time for which application threads were stopped: 0.0289519 seconds, Stopping threads took: 0.0032807 seconds
2018-10-23T07:37:58.898+0000: 12.805: Total time for which application threads were stopped: 0.0039568 seconds, Stopping threads took: 0.0037076 seconds
2018-10-23T07:37:58.898+0000: 12.805: Total time for which application threads were stopped: 0.0001580 seconds, Stopping threads took: 0.0000216 seconds
{Heap before GC invocations=55 (full 1):
 par new generation   total 109248K, used 109248K [0x00000000e0000000, 0x00000000e8000000, 0x00000000e8000000)
  eden space 87424K, 100% used [0x00000000e0000000, 0x00000000e5560000, 0x00000000e5560000)
  from space 21824K, 100% used [0x00000000e6ab0000, 0x00000000e8000000, 0x00000000e8000000)
  to   space 21824K,   0% used [0x00000000e5560000, 0x00000000e5560000, 0x00000000e6ab0000)
 concurrent mark-sweep generation total 393216K, used 89247K [0x00000000e8000000, 0x0000000100000000, 0x0000000100000000)
 Metaspace       used 39360K, capacity 41029K, committed 41304K, reserved 1085440K
  class space    used 4546K, capacity 4947K, committed 4988K, reserved 1048576K
2018-10-23T07:37:58.997+0000: 12.904: [GC (Allocation Failure) 2018-10-23T07:37:58.997+0000: 12.904: [ParNew
Desired survivor size 20112992 bytes, new threshold 8 (max 8)
- age   1:    5106200 bytes,    5106200 total
- age   2:    7736488 bytes,   12842688 total
- age   3:     430328 bytes,   13273016 total
- age   4:     152512 bytes,   13425528 total
- age   5:     105928 bytes,   13531456 total
- age   6:     149624 bytes,   13681080 total
- age   7:     231816 bytes,   13912896 total
- age   8:     853936 bytes,   14766832 total
: 109248K->21824K(109248K), 0.1167186 secs] 198495K->123026K(502464K), 0.1168434 secs] [Times: user=0.11 sys=0.00, real=0.12 secs] 
Heap after GC invocations=56 (full 1):
 par new generation   total 109248K, used 21824K [0x00000000e0000000, 0x00000000e8000000, 0x00000000e8000000)
  eden space 87424K,   0% used [0x00000000e0000000, 0x00000000e0000000, 0x00000000e5560000)
  from space 21824K, 100% used [0x00000000e5560000, 0x00000000e6ab0000, 0x00000000e6ab0000)
  to   space 21824K,   0% used [0x00000000e6ab0000, 0x00000000e6ab0000, 0x00000000e8000000)
 concurrent mark-sweep generation total 393216K, used 101202K [0x00000000e8000000, 0x0000000100000000, 0x0000000100000000)
 Metaspace       used 39360K, capacity 41029K, committed 41304K, reserved 1085440K
  class space    used 4546K, capacity 4947K, committed 4988K, reserved 1048576K
}
2018-10-23T07:37:59.114+0000: 13.021: Total time for which application threads were stopped: 0.1173047 seconds, Stopping threads took: 0.0000745 seconds
{Heap before GC invocations=56 (full 1):
 par new generation   total 109248K, used 109248K [0x00000000e0000000, 0x00000000e8000000, 0x00000000e8000000)
  eden space 87424K, 100% used [0x00000000e0000000, 0x00000000e5560000, 0x00000000e5560000)
  from space 21824K, 100% used [0x00000000e5560000, 0x00000000e6ab0000, 0x00000000e6ab0000)
  to   space 21824K,   0% used [0x00000000e6ab0000, 0x00000000e6ab0000, 0x00000000e8000000)
 concurrent mark-sweep generation total 393216K, used 101202K [0x00000000e8000000, 0x0000000100000000, 0x0000000100000000)
 Metaspace       used 39371K, capacity 41035K, committed 41304K, reserved 1085440K
  class space    used 4547K, capacity 4948K, committed 4988K, reserved 1048576K
2018-10-23T07:37:59.186+0000: 13.093: [GC (Allocation Failure) 2018-10-23T07:37:59.186+0000: 13.093: [ParNew
Desired survivor size 20112992 bytes, new threshold 8 (max 8)
- age   1:     681032 bytes,     681032 total
- age   2:    4673224 bytes,    5354256 total
- age   3:    7574448 bytes,   12928704 total
- age   4:     430184 bytes,   13358888 total
- age   5:     152336 bytes,   13511224 total
- age   6:     105928 bytes,   13617152 total
- age   7:     149624 bytes,   13766776 total
- age   8:     231816 bytes,   13998592 total
: 109248K->16864K(109248K), 0.0394612 secs] 210450K->118893K(502464K), 0.0395816 secs] [Times: user=0.05 sys=0.00, real=0.04 secs] 
Heap after GC invocations=57 (full 1):
 par new generation   total 109248K, used 16864K [0x00000000e0000000, 0x00000000e8000000, 0x00000000e8000000)
  eden space 87424K,   0% used [0x00000000e0000000, 0x00000000e0000000, 0x00000000e5560000)
  from space 21824K,  77% used [0x00000000e6ab0000, 0x00000000e7b28380, 0x00000000e8000000)
  to   space 21824K,   0% used [0x00000000e5560000, 0x00000000e5560000, 0x00000000e6ab0000)
 concurrent mark-sweep generation total 393216K, used 102028K [0x00000000e8000000, 0x0000000100000000, 0x0000000100000000)
 Metaspace       used 39371K, capacity 41035K, committed 41304K, reserved 1085440K
  class space    used 4547K, capacity 4948K, committed 4988K, reserved 1048576K
}
2018-10-23T07:37:59.226+0000: 13.133: Total time for which application threads were stopped: 0.0400966 seconds, Stopping threads took: 0.0001324 seconds
2018-10-23T07:37:59.248+0000: 13.154: Total time for which application threads were stopped: 0.0007551 seconds, Stopping threads took: 0.0004960 seconds
2018-10-23T07:37:59.296+0000: 13.203: Total time for which application threads were stopped: 0.0107584 seconds, Stopping threads took: 0.0100493 seconds
2018-10-23T07:37:59.300+0000: 13.207: Total time for which application threads were stopped: 0.0023636 seconds, Stopping threads took: 0.0018980 seconds
{Heap before GC invocations=57 (full 1):
 par new generation   total 109248K, used 104288K [0x00000000e0000000, 0x00000000e8000000, 0x00000000e8000000)
  eden space 87424K, 100% used [0x00000000e0000000, 0x00000000e5560000, 0x00000000e5560000)
  from space 21824K,  77% used [0x00000000e6ab0000, 0x00000000e7b28380, 0x00000000e8000000)
  to   space 21824K,   0% used [0x00000000e5560000, 0x00000000e5560000, 0x00000000e6ab0000)
 concurrent mark-sweep generation total 393216K, used 102028K [0x00000000e8000000, 0x0000000100000000, 0x0000000100000000)
 Metaspace       used 39402K, capacity 41059K, committed 41304K, reserved 1085440K
  class space    used 4549K, capacity 4952K, committed 4988K, reserved 1048576K
2018-10-23T07:37:59.313+0000: 13.220: [GC (Allocation Failure) 2018-10-23T07:37:59.314+0000: 13.220: [ParNew
Desired survivor size 20112992 bytes, new threshold 8 (max 8)
- age   1:    1789464 bytes,    1789464 total
- age   2:     495800 bytes,    2285264 total
- age   3:    4550728 bytes,    6835992 total
- age   4:    7552824 bytes,   14388816 total
- age   5:     430184 bytes,   14819000 total
- age   6:     151544 bytes,   14970544 total
- age   7:     105928 bytes,   15076472 total
- age   8:     135832 bytes,   15212304 total
: 104288K->18541K(109248K), 0.1046973 secs] 206317K->120800K(502464K), 0.1048245 secs] [Times: user=0.06 sys=0.00, real=0.11 secs] 
Heap after GC invocations=58 (full 1):
 par new generation   total 109248K, used 18541K [0x00000000e0000000, 0x00000000e8000000, 0x00000000e8000000)
  eden space 87424K,   0% used [0x00000000e0000000, 0x00000000e0000000, 0x00000000e5560000)
  from space 21824K,  84% used [0x00000000e5560000, 0x00000000e677b630, 0x00000000e6ab0000)
  to   space 21824K,   0% used [0x00000000e6ab0000, 0x00000000e6ab0000, 0x00000000e8000000)
 concurrent mark-sweep generation total 393216K, used 102258K [0x00000000e8000000, 0x0000000100000000, 0x0000000100000000)
 Metaspace       used 39402K, capacity 41059K, committed 41304K, reserved 1085440K
  class space    used 4549K, capacity 4952K, committed 4988K, reserved 1048576K
}
2018-10-23T07:37:59.418+0000: 13.325: Total time for which application threads were stopped: 0.1052420 seconds, Stopping threads took: 0.0001012 seconds
2018-10-23T07:37:59.450+0000: 13.357: Total time for which application threads were stopped: 0.0119523 seconds, Stopping threads took: 0.0116519 seconds
2018-10-23T07:37:59.482+0000: 13.389: Total time for which application threads were stopped: 0.0033124 seconds, Stopping threads took: 0.0030164 seconds
{Heap before GC invocations=58 (full 1):
 par new generation   total 109248K, used 105965K [0x00000000e0000000, 0x00000000e8000000, 0x00000000e8000000)
  eden space 87424K, 100% used [0x00000000e0000000, 0x00000000e5560000, 0x00000000e5560000)
  from space 21824K,  84% used [0x00000000e5560000, 0x00000000e677b630, 0x00000000e6ab0000)
  to   space 21824K,   0% used [0x00000000e6ab0000, 0x00000000e6ab0000, 0x00000000e8000000)
 concurrent mark-sweep generation total 393216K, used 102258K [0x00000000e8000000, 0x0000000100000000, 0x0000000100000000)
 Metaspace       used 39411K, capacity 41063K, committed 41304K, reserved 1085440K
  class space    used 4549K, capacity 4952K, committed 4988K, reserved 1048576K
2018-10-23T07:37:59.513+0000: 13.420: [GC (Allocation Failure) 2018-10-23T07:37:59.513+0000: 13.420: [ParNew
Desired survivor size 20112992 bytes, new threshold 8 (max 8)
- age   1:     584416 bytes,     584416 total
- age   2:     937720 bytes,    1522136 total
- age   3:     493080 bytes,    2015216 total
- age   4:    4549952 bytes,    6565168 total
- age   5:    7552776 bytes,   14117944 total
- age   6:     430184 bytes,   14548128 total
- age   7:     151544 bytes,   14699672 total
- age   8:     105928 bytes,   14805600 total
: 105965K->21348K(109248K), 0.0849477 secs] 208224K->123741K(502464K), 0.0850716 secs] [Times: user=0.12 sys=0.00, real=0.09 secs] 
Heap after GC invocations=59 (full 1):
 par new generation   total 109248K, used 21348K [0x00000000e0000000, 0x00000000e8000000, 0x00000000e8000000)
  eden space 87424K,   0% used [0x00000000e0000000, 0x00000000e0000000, 0x00000000e5560000)
  from space 21824K,  97% used [0x00000000e6ab0000, 0x00000000e7f89090, 0x00000000e8000000)
  to   space 21824K,   0% used [0x00000000e5560000, 0x00000000e5560000, 0x00000000e6ab0000)
 concurrent mark-sweep generation total 393216K, used 102393K [0x00000000e8000000, 0x0000000100000000, 0x0000000100000000)
 Metaspace       used 39411K, capacity 41063K, committed 41304K, reserved 1085440K
  class space    used 4549K, capacity 4952K, committed 4988K, reserved 1048576K
}
2018-10-23T07:37:59.598+0000: 13.505: Total time for which application threads were stopped: 0.0907081 seconds, Stopping threads took: 0.0052567 seconds
{Heap before GC invocations=59 (full 1):
 par new generation   total 109248K, used 108772K [0x00000000e0000000, 0x00000000e8000000, 0x00000000e8000000)
  eden space 87424K, 100% used [0x00000000e0000000, 0x00000000e5560000, 0x00000000e5560000)
  from space 21824K,  97% used [0x00000000e6ab0000, 0x00000000e7f89090, 0x00000000e8000000)
  to   space 21824K,   0% used [0x00000000e5560000, 0x00000000e5560000, 0x00000000e6ab0000)
 concurrent mark-sweep generation total 393216K, used 102393K [0x00000000e8000000, 0x0000000100000000, 0x0000000100000000)
 Metaspace       used 39415K, capacity 41063K, committed 41304K, reserved 1085440K
  class space    used 4549K, capacity 4952K, committed 4988K, reserved 1048576K
2018-10-23T07:37:59.682+0000: 13.589: [GC (Allocation Failure) 2018-10-23T07:37:59.682+0000: 13.589: [ParNew
Desired survivor size 20112992 bytes, new threshold 8 (max 8)
- age   1:    1706752 bytes,    1706752 total
- age   2:     156248 bytes,    1863000 total
- age   3:     918864 bytes,    2781864 total
- age   4:     471648 bytes,    3253512 total
- age   5:    4549216 bytes,    7802728 total
- age   6:    7552664 bytes,   15355392 total
- age   7:     430184 bytes,   15785576 total
- age   8:     146328 bytes,   15931904 total
: 108772K->20461K(109248K), 0.0231645 secs] 211165K->122960K(502464K), 0.0232731 secs] [Times: user=0.04 sys=0.00, real=0.02 secs] 
Heap after GC invocations=60 (full 1):
 par new generation   total 109248K, used 20461K [0x00000000e0000000, 0x00000000e8000000, 0x00000000e8000000)
  eden space 87424K,   0% used [0x00000000e0000000, 0x00000000e0000000, 0x00000000e5560000)
  from space 21824K,  93% used [0x00000000e5560000, 0x00000000e695b410, 0x00000000e6ab0000)
  to   space 21824K,   0% used [0x00000000e6ab0000, 0x00000000e6ab0000, 0x00000000e8000000)
 concurrent mark-sweep generation total 393216K, used 102499K [0x00000000e8000000, 0x0000000100000000, 0x0000000100000000)
 Metaspace       used 39415K, capacity 41063K, committed 41304K, reserved 1085440K
  class space    used 4549K, capacity 4952K, committed 4988K, reserved 1048576K
}
2018-10-23T07:37:59.705+0000: 13.612: Total time for which application threads were stopped: 0.0237464 seconds, Stopping threads took: 0.0001113 seconds
{Heap before GC invocations=60 (full 1):
 par new generation   total 109248K, used 107885K [0x00000000e0000000, 0x00000000e8000000, 0x00000000e8000000)
  eden space 87424K, 100% used [0x00000000e0000000, 0x00000000e5560000, 0x00000000e5560000)
  from space 21824K,  93% used [0x00000000e5560000, 0x00000000e695b410, 0x00000000e6ab0000)
  to   space 21824K,   0% used [0x00000000e6ab0000, 0x00000000e6ab0000, 0x00000000e8000000)
 concurrent mark-sweep generation total 393216K, used 102499K [0x00000000e8000000, 0x0000000100000000, 0x0000000100000000)
 Metaspace       used 39431K, capacity 41063K, committed 41304K, reserved 1085440K
  class space    used 4550K, capacity 4952K, committed 4988K, reserved 1048576K
2018-10-23T07:37:59.857+0000: 13.763: [GC (Allocation Failure) 2018-10-23T07:37:59.857+0000: 13.763: [ParNew
Desired survivor size 20112992 bytes, new threshold 8 (max 8)
- age   1:    4349064 bytes,    4349064 total
- age   2:    1050696 bytes,    5399760 total
- age   3:     155904 bytes,    5555664 total
- age   4:     918776 bytes,    6474440 total
- age   5:     471584 bytes,    6946024 total
- age   6:    3032184 bytes,    9978208 total
- age   7:    7550576 bytes,   17528784 total
- age   8:     430152 bytes,   17958936 total
: 107885K->21824K(109248K), 0.0187944 secs] 210384K->124469K(502464K), 0.0189087 secs] [Times: user=0.04 sys=0.00, real=0.02 secs] 
Heap after GC invocations=61 (full 1):
 par new generation   total 109248K, used 21824K [0x00000000e0000000, 0x00000000e8000000, 0x00000000e8000000)
  eden space 87424K,   0% used [0x00000000e0000000, 0x00000000e0000000, 0x00000000e5560000)
  from space 21824K, 100% used [0x00000000e6ab0000, 0x00000000e8000000, 0x00000000e8000000)
  to   space 21824K,   0% used [0x00000000e5560000, 0x00000000e5560000, 0x00000000e6ab0000)
 concurrent mark-sweep generation total 393216K, used 102645K [0x00000000e8000000, 0x0000000100000000, 0x0000000100000000)
 Metaspace       used 39431K, capacity 41063K, committed 41304K, reserved 1085440K
  class space    used 4550K, capacity 4952K, committed 4988K, reserved 1048576K
}
2018-10-23T07:37:59.876+0000: 13.782: Total time for which application threads were stopped: 0.0194212 seconds, Stopping threads took: 0.0001257 seconds
2018-10-23T07:37:59.934+0000: 13.841: Total time for which application threads were stopped: 0.0087017 seconds, Stopping threads took: 0.0081014 seconds
2018-10-23T07:37:59.964+0000: 13.871: Total time for which application threads were stopped: 0.0166151 seconds, Stopping threads took: 0.0162760 seconds
2018-10-23T07:37:59.982+0000: 13.889: Total time for which application threads were stopped: 0.0027688 seconds, Stopping threads took: 0.0025070 seconds
2018-10-23T07:37:59.982+0000: 13.889: Total time for which application threads were stopped: 0.0002308 seconds, Stopping threads took: 0.0000825 seconds
2018-10-23T07:37:59.983+0000: 13.890: Total time for which application threads were stopped: 0.0003035 seconds, Stopping threads took: 0.0001056 seconds
2018-10-23T07:37:59.983+0000: 13.890: Total time for which application threads were stopped: 0.0002128 seconds, Stopping threads took: 0.0000611 seconds
2018-10-23T07:38:00.054+0000: 13.961: Total time for which application threads were stopped: 0.0212828 seconds, Stopping threads took: 0.0208693 seconds
2018-10-23T07:38:00.054+0000: 13.961: Total time for which application threads were stopped: 0.0002459 seconds, Stopping threads took: 0.0000915 seconds
2018-10-23T07:38:00.066+0000: 13.973: Total time for which application threads were stopped: 0.0082978 seconds, Stopping threads took: 0.0079874 seconds
2018-10-23T07:38:00.068+0000: 13.975: Total time for which application threads were stopped: 0.0005794 seconds, Stopping threads took: 0.0003819 seconds
2018-10-23T07:38:00.101+0000: 14.008: Total time for which application threads were stopped: 0.0152928 seconds, Stopping threads took: 0.0149440 seconds
{Heap before GC invocations=61 (full 1):
 par new generation   total 109248K, used 109248K [0x00000000e0000000, 0x00000000e8000000, 0x00000000e8000000)
  eden space 87424K, 100% used [0x00000000e0000000, 0x00000000e5560000, 0x00000000e5560000)
  from space 21824K, 100% used [0x00000000e6ab0000, 0x00000000e8000000, 0x00000000e8000000)
  to   space 21824K,   0% used [0x00000000e5560000, 0x00000000e5560000, 0x00000000e6ab0000)
 concurrent mark-sweep generation total 393216K, used 102645K [0x00000000e8000000, 0x0000000100000000, 0x0000000100000000)
 Metaspace       used 39472K, capacity 41195K, committed 41304K, reserved 1085440K
  class space    used 4550K, capacity 4952K, committed 4988K, reserved 1048576K
2018-10-23T07:38:00.130+0000: 14.037: [GC (Allocation Failure) 2018-10-23T07:38:00.130+0000: 14.037: [ParNew
Desired survivor size 20112992 bytes, new threshold 8 (max 8)
- age   1:    4239880 bytes,    4239880 total
- age   2:    3774384 bytes,    8014264 total
- age   3:    1000208 bytes,    9014472 total
- age   4:     155664 bytes,    9170136 total
- age   5:     910992 bytes,   10081128 total
- age   6:     470552 bytes,   10551680 total
- age   7:    2970968 bytes,   13522648 total
- age   8:    7121848 bytes,   20644496 total
: 109248K->21824K(109248K), 0.0839804 secs] 211893K->125603K(502464K), 0.0841162 secs] [Times: user=0.07 sys=0.00, real=0.08 secs] 
Heap after GC invocations=62 (full 1):
 par new generation   total 109248K, used 21824K [0x00000000e0000000, 0x00000000e8000000, 0x00000000e8000000)
  eden space 87424K,   0% used [0x00000000e0000000, 0x00000000e0000000, 0x00000000e5560000)
  from space 21824K, 100% used [0x00000000e5560000, 0x00000000e6ab0000, 0x00000000e6ab0000)
  to   space 21824K,   0% used [0x00000000e6ab0000, 0x00000000e6ab0000, 0x00000000e8000000)
 concurrent mark-sweep generation total 393216K, used 103779K [0x00000000e8000000, 0x0000000100000000, 0x0000000100000000)
 Metaspace       used 39472K, capacity 41195K, committed 41304K, reserved 1085440K
  class space    used 4550K, capacity 4952K, committed 4988K, reserved 1048576K
}
2018-10-23T07:38:00.214+0000: 14.121: Total time for which application threads were stopped: 0.0884513 seconds, Stopping threads took: 0.0039470 seconds
2018-10-23T07:38:00.225+0000: 14.132: Total time for which application threads were stopped: 0.0106226 seconds, Stopping threads took: 0.0103104 seconds
2018-10-23T07:38:00.234+0000: 14.141: Total time for which application threads were stopped: 0.0054557 seconds, Stopping threads took: 0.0052275 seconds
2018-10-23T07:38:00.248+0000: 14.155: Total time for which application threads were stopped: 0.0003028 seconds, Stopping threads took: 0.0000875 seconds
2018-10-23T07:38:00.251+0000: 14.158: Total time for which application threads were stopped: 0.0028324 seconds, Stopping threads took: 0.0026332 seconds
2018-10-23T07:38:00.254+0000: 14.161: Total time for which application threads were stopped: 0.0014770 seconds, Stopping threads took: 0.0013013 seconds
2018-10-23T07:38:00.255+0000: 14.162: Total time for which application threads were stopped: 0.0003758 seconds, Stopping threads took: 0.0002145 seconds
{Heap before GC invocations=62 (full 1):
 par new generation   total 109248K, used 109248K [0x00000000e0000000, 0x00000000e8000000, 0x00000000e8000000)
  eden space 87424K, 100% used [0x00000000e0000000, 0x00000000e5560000, 0x00000000e5560000)
  from space 21824K, 100% used [0x00000000e5560000, 0x00000000e6ab0000, 0x00000000e6ab0000)
  to   space 21824K,   0% used [0x00000000e6ab0000, 0x00000000e6ab0000, 0x00000000e8000000)
 concurrent mark-sweep generation total 393216K, used 103779K [0x00000000e8000000, 0x0000000100000000, 0x0000000100000000)
 Metaspace       used 39483K, capacity 41195K, committed 41304K, reserved 1085440K
  class space    used 4550K, capacity 4952K, committed 4988K, reserved 1048576K
2018-10-23T07:38:00.338+0000: 14.245: [GC (Allocation Failure) 2018-10-23T07:38:00.338+0000: 14.245: [ParNew
Desired survivor size 20112992 bytes, new threshold 8 (max 8)
- age   1:    2307520 bytes,    2307520 total
- age   2:    3994664 bytes,    6302184 total
- age   3:    3734680 bytes,   10036864 total
- age   4:     271512 bytes,   10308376 total
- age   5:     155664 bytes,   10464040 total
- age   6:     891488 bytes,   11355528 total
- age   7:     469528 bytes,   11825056 total
- age   8:    2564448 bytes,   14389504 total
: 109248K->21824K(109248K), 0.0838138 secs] 213027K->132987K(502464K), 0.0839517 secs] [Times: user=0.07 sys=0.00, real=0.08 secs] 
Heap after GC invocations=63 (full 1):
 par new generation   total 109248K, used 21824K [0x00000000e0000000, 0x00000000e8000000, 0x00000000e8000000)
  eden space 87424K,   0% used [0x00000000e0000000, 0x00000000e0000000, 0x00000000e5560000)
  from space 21824K, 100% used [0x00000000e6ab0000, 0x00000000e8000000, 0x00000000e8000000)
  to   space 21824K,   0% used [0x00000000e5560000, 0x00000000e5560000, 0x00000000e6ab0000)
 concurrent mark-sweep generation total 393216K, used 111163K [0x00000000e8000000, 0x0000000100000000, 0x0000000100000000)
 Metaspace       used 39483K, capacity 41195K, committed 41304K, reserved 1085440K
  class space    used 4550K, capacity 4952K, committed 4988K, reserved 1048576K
}
2018-10-23T07:38:00.422+0000: 14.329: Total time for which application threads were stopped: 0.0873900 seconds, Stopping threads took: 0.0030574 seconds
2018-10-23T07:38:00.430+0000: 14.337: Total time for which application threads were stopped: 0.0045532 seconds, Stopping threads took: 0.0042522 seconds
{Heap before GC invocations=63 (full 1):
 par new generation   total 109248K, used 109248K [0x00000000e0000000, 0x00000000e8000000, 0x00000000e8000000)
  eden space 87424K, 100% used [0x00000000e0000000, 0x00000000e5560000, 0x00000000e5560000)
  from space 21824K, 100% used [0x00000000e6ab0000, 0x00000000e8000000, 0x00000000e8000000)
  to   space 21824K,   0% used [0x00000000e5560000, 0x00000000e5560000, 0x00000000e6ab0000)
 concurrent mark-sweep generation total 393216K, used 111163K [0x00000000e8000000, 0x0000000100000000, 0x0000000100000000)
 Metaspace       used 39497K, capacity 41195K, committed 41304K, reserved 1085440K
  class space    used 4550K, capacity 4952K, committed 4988K, reserved 1048576K
2018-10-23T07:38:00.537+0000: 14.444: [GC (Allocation Failure) 2018-10-23T07:38:00.537+0000: 14.444: [ParNew
Desired survivor size 20112992 bytes, new threshold 8 (max 8)
- age   1:    1566376 bytes,    1566376 total
- age   2:    1664376 bytes,    3230752 total
- age   3:    3626800 bytes,    6857552 total
- age   4:    3733960 bytes,   10591512 total
- age   5:     270720 bytes,   10862232 total
- age   6:     128512 bytes,   10990744 total
- age   7:     891456 bytes,   11882200 total
- age   8:     458216 bytes,   12340416 total
: 109248K->16456K(109248K), 0.0639277 secs] 220411K->130128K(502464K), 0.0640777 secs] [Times: user=0.08 sys=0.00, real=0.07 secs] 
Heap after GC invocations=64 (full 1):
 par new generation   total 109248K, used 16456K [0x00000000e0000000, 0x00000000e8000000, 0x00000000e8000000)
  eden space 87424K,   0% used [0x00000000e0000000, 0x00000000e0000000, 0x00000000e5560000)
  from space 21824K,  75% used [0x00000000e5560000, 0x00000000e6572040, 0x00000000e6ab0000)
  to   space 21824K,   0% used [0x00000000e6ab0000, 0x00000000e6ab0000, 0x00000000e8000000)
 concurrent mark-sweep generation total 393216K, used 113672K [0x00000000e8000000, 0x0000000100000000, 0x0000000100000000)
 Metaspace       used 39497K, capacity 41195K, committed 41304K, reserved 1085440K
  class space    used 4550K, capacity 4952K, committed 4988K, reserved 1048576K
}
2018-10-23T07:38:00.601+0000: 14.508: Total time for which application threads were stopped: 0.0683303 seconds, Stopping threads took: 0.0037880 seconds
{Heap before GC invocations=64 (full 1):
 par new generation   total 109248K, used 103880K [0x00000000e0000000, 0x00000000e8000000, 0x00000000e8000000)
  eden space 87424K, 100% used [0x00000000e0000000, 0x00000000e5560000, 0x00000000e5560000)
  from space 21824K,  75% used [0x00000000e5560000, 0x00000000e6572040, 0x00000000e6ab0000)
  to   space 21824K,   0% used [0x00000000e6ab0000, 0x00000000e6ab0000, 0x00000000e8000000)
 concurrent mark-sweep generation total 393216K, used 113672K [0x00000000e8000000, 0x0000000100000000, 0x0000000100000000)
 Metaspace       used 39497K, capacity 41195K, committed 41304K, reserved 1085440K
  class space    used 4550K, capacity 4952K, committed 4988K, reserved 1048576K
2018-10-23T07:38:00.679+0000: 14.586: [GC (Allocation Failure) 2018-10-23T07:38:00.679+0000: 14.586: [ParNew
Desired survivor size 20112992 bytes, new threshold 8 (max 8)
- age   1:     506136 bytes,     506136 total
- age   2:    1423232 bytes,    1929368 total
- age   3:    1637752 bytes,    3567120 total
- age   4:    3616264 bytes,    7183384 total
- age   5:    3733960 bytes,   10917344 total
- age   6:     270720 bytes,   11188064 total
- age   7:     128512 bytes,   11316576 total
- age   8:     891456 bytes,   12208032 total
: 103880K->13408K(109248K), 0.0842444 secs] 217552K->127536K(502464K), 0.0843901 secs] [Times: user=0.15 sys=0.00, real=0.08 secs] 
Heap after GC invocations=65 (full 1):
 par new generation   total 109248K, used 13408K [0x00000000e0000000, 0x00000000e8000000, 0x00000000e8000000)
  eden space 87424K,   0% used [0x00000000e0000000, 0x00000000e0000000, 0x00000000e5560000)
  from space 21824K,  61% used [0x00000000e6ab0000, 0x00000000e77c81d0, 0x00000000e8000000)
  to   space 21824K,   0% used [0x00000000e5560000, 0x00000000e5560000, 0x00000000e6ab0000)
 concurrent mark-sweep generation total 393216K, used 114127K [0x00000000e8000000, 0x0000000100000000, 0x0000000100000000)
 Metaspace       used 39497K, capacity 41195K, committed 41304K, reserved 1085440K
  class space    used 4550K, capacity 4952K, committed 4988K, reserved 1048576K
}
2018-10-23T07:38:00.764+0000: 14.671: Total time for which application threads were stopped: 0.0958278 seconds, Stopping threads took: 0.0109884 seconds
2018-10-23T07:38:00.866+0000: 14.773: Total time for which application threads were stopped: 0.0032407 seconds, Stopping threads took: 0.0029458 seconds
2018-10-23T07:38:00.884+0000: 14.791: Total time for which application threads were stopped: 0.0034803 seconds, Stopping threads took: 0.0032433 seconds
2018-10-23T07:38:00.884+0000: 14.791: Total time for which application threads were stopped: 0.0002297 seconds, Stopping threads took: 0.0000867 seconds
2018-10-23T07:38:00.885+0000: 14.791: Total time for which application threads were stopped: 0.0002387 seconds, Stopping threads took: 0.0001126 seconds
2018-10-23T07:38:00.885+0000: 14.792: Total time for which application threads were stopped: 0.0001629 seconds, Stopping threads took: 0.0000423 seconds
{Heap before GC invocations=65 (full 1):
 par new generation   total 109248K, used 100832K [0x00000000e0000000, 0x00000000e8000000, 0x00000000e8000000)
  eden space 87424K, 100% used [0x00000000e0000000, 0x00000000e5560000, 0x00000000e5560000)
  from space 21824K,  61% used [0x00000000e6ab0000, 0x00000000e77c81d0, 0x00000000e8000000)
  to   space 21824K,   0% used [0x00000000e5560000, 0x00000000e5560000, 0x00000000e6ab0000)
 concurrent mark-sweep generation total 393216K, used 114127K [0x00000000e8000000, 0x0000000100000000, 0x0000000100000000)
 Metaspace       used 39507K, capacity 41195K, committed 41304K, reserved 1085440K
  class space    used 4550K, capacity 4952K, committed 4988K, reserved 1048576K
2018-10-23T07:38:00.901+0000: 14.808: [GC (Allocation Failure) 2018-10-23T07:38:00.901+0000: 14.808: [ParNew
Desired survivor size 20112992 bytes, new threshold 8 (max 8)
- age   1:    4161128 bytes,    4161128 total
- age   2:     118408 bytes,    4279536 total
- age   3:    1392728 bytes,    5672264 total
- age   4:    1636296 bytes,    7308560 total
- age   5:    3595280 bytes,   10903840 total
- age   6:    3733896 bytes,   14637736 total
- age   7:     209368 bytes,   14847104 total
- age   8:     127784 bytes,   14974888 total
: 100832K->18188K(109248K), 0.0582438 secs] 214960K->133188K(502464K), 0.0583602 secs] [Times: user=0.05 sys=0.00, real=0.06 secs] 
Heap after GC invocations=66 (full 1):
 par new generation   total 109248K, used 18188K [0x00000000e0000000, 0x00000000e8000000, 0x00000000e8000000)
  eden space 87424K,   0% used [0x00000000e0000000, 0x00000000e0000000, 0x00000000e5560000)
  from space 21824K,  83% used [0x00000000e5560000, 0x00000000e6723280, 0x00000000e6ab0000)
  to   space 21824K,   0% used [0x00000000e6ab0000, 0x00000000e6ab0000, 0x00000000e8000000)
 concurrent mark-sweep generation total 393216K, used 115000K [0x00000000e8000000, 0x0000000100000000, 0x0000000100000000)
 Metaspace       used 39507K, capacity 41195K, committed 41304K, reserved 1085440K
  class space    used 4550K, capacity 4952K, committed 4988K, reserved 1048576K
}
2018-10-23T07:38:00.960+0000: 14.867: Total time for which application threads were stopped: 0.0656342 seconds, Stopping threads took: 0.0068975 seconds
{Heap before GC invocations=66 (full 1):
 par new generation   total 109248K, used 105612K [0x00000000e0000000, 0x00000000e8000000, 0x00000000e8000000)
  eden space 87424K, 100% used [0x00000000e0000000, 0x00000000e5560000, 0x00000000e5560000)
  from space 21824K,  83% used [0x00000000e5560000, 0x00000000e6723280, 0x00000000e6ab0000)
  to   space 21824K,   0% used [0x00000000e6ab0000, 0x00000000e6ab0000, 0x00000000e8000000)
 concurrent mark-sweep generation total 393216K, used 115000K [0x00000000e8000000, 0x0000000100000000, 0x0000000100000000)
 Metaspace       used 39536K, capacity 41201K, committed 41304K, reserved 1085440K
  class space    used 4550K, capacity 4953K, committed 4988K, reserved 1048576K
2018-10-23T07:38:01.125+0000: 15.032: [GC (Allocation Failure) 2018-10-23T07:38:01.125+0000: 15.032: [ParNew
Desired survivor size 20112992 bytes, new threshold 8 (max 8)
- age   1:    2760104 bytes,    2760104 total
- age   2:    2785264 bytes,    5545368 total
- age   3:     117752 bytes,    5663120 total
- age   4:    1391120 bytes,    7054240 total
- age   5:     900176 bytes,    7954416 total
- age   6:    3595168 bytes,   11549584 total
- age   7:    3729016 bytes,   15278600 total
- age   8:     209368 bytes,   15487968 total
: 105612K->21824K(109248K), 0.0442664 secs] 220612K->137713K(502464K), 0.0444084 secs] [Times: user=0.05 sys=0.00, real=0.04 secs] 
Heap after GC invocations=67 (full 1):
 par new generation   total 109248K, used 21824K [0x00000000e0000000, 0x00000000e8000000, 0x00000000e8000000)
  eden space 87424K,   0% used [0x00000000e0000000, 0x00000000e0000000, 0x00000000e5560000)
  from space 21824K, 100% used [0x00000000e6ab0000, 0x00000000e8000000, 0x00000000e8000000)
  to   space 21824K,   0% used [0x00000000e5560000, 0x00000000e5560000, 0x00000000e6ab0000)
 concurrent mark-sweep generation total 393216K, used 115889K [0x00000000e8000000, 0x0000000100000000, 0x0000000100000000)
 Metaspace       used 39536K, capacity 41201K, committed 41304K, reserved 1085440K
  class space    used 4550K, capacity 4953K, committed 4988K, reserved 1048576K
}
2018-10-23T07:38:01.170+0000: 15.077: Total time for which application threads were stopped: 0.0450342 seconds, Stopping threads took: 0.0002013 seconds
2018-10-23T07:38:01.170+0000: 15.077: Total time for which application threads were stopped: 0.0003515 seconds, Stopping threads took: 0.0000887 seconds
2018-10-23T07:38:01.258+0000: 15.164: Total time for which application threads were stopped: 0.0003974 seconds, Stopping threads took: 0.0001040 seconds
{Heap before GC invocations=67 (full 1):
 par new generation   total 109248K, used 109248K [0x00000000e0000000, 0x00000000e8000000, 0x00000000e8000000)
  eden space 87424K, 100% used [0x00000000e0000000, 0x00000000e5560000, 0x00000000e5560000)
  from space 21824K, 100% used [0x00000000e6ab0000, 0x00000000e8000000, 0x00000000e8000000)
  to   space 21824K,   0% used [0x00000000e5560000, 0x00000000e5560000, 0x00000000e6ab0000)
 concurrent mark-sweep generation total 393216K, used 115921K [0x00000000e8000000, 0x0000000100000000, 0x0000000100000000)
 Metaspace       used 39542K, capacity 41201K, committed 41304K, reserved 1085440K
  class space    used 4550K, capacity 4953K, committed 4988K, reserved 1048576K
2018-10-23T07:38:01.258+0000: 15.165: [GC (Allocation Failure) 2018-10-23T07:38:01.258+0000: 15.165: [ParNew
Desired survivor size 20112992 bytes, new threshold 8 (max 8)
- age   1:    1355568 bytes,    1355568 total
- age   2:    2119368 bytes,    3474936 total
- age   3:    2596048 bytes,    6070984 total
- age   4:     117752 bytes,    6188736 total
- age   5:     662824 bytes,    6851560 total
- age   6:     839736 bytes,    7691296 total
- age   7:    3593080 bytes,   11284376 total
- age   8:    3729016 bytes,   15013392 total
: 109248K->18126K(109248K), 0.0311979 secs] 225169K->134256K(502464K), 0.0313085 secs] [Times: user=0.06 sys=0.00, real=0.02 secs] 
Heap after GC invocations=68 (full 1):
 par new generation   total 109248K, used 18126K [0x00000000e0000000, 0x00000000e8000000, 0x00000000e8000000)
  eden space 87424K,   0% used [0x00000000e0000000, 0x00000000e0000000, 0x00000000e5560000)
  from space 21824K,  83% used [0x00000000e5560000, 0x00000000e6713b80, 0x00000000e6ab0000)
  to   space 21824K,   0% used [0x00000000e6ab0000, 0x00000000e6ab0000, 0x00000000e8000000)
 concurrent mark-sweep generation total 393216K, used 116129K [0x00000000e8000000, 0x0000000100000000, 0x0000000100000000)
 Metaspace       used 39542K, capacity 41201K, committed 41304K, reserved 1085440K
  class space    used 4550K, capacity 4953K, committed 4988K, reserved 1048576K
}
2018-10-23T07:38:01.289+0000: 15.196: Total time for which application threads were stopped: 0.0316368 seconds, Stopping threads took: 0.0000616 seconds
{Heap before GC invocations=68 (full 1):
 par new generation   total 109248K, used 23076K [0x00000000e0000000, 0x00000000e8000000, 0x00000000e8000000)
  eden space 87424K,   5% used [0x00000000e0000000, 0x00000000e04d5680, 0x00000000e5560000)
  from space 21824K,  83% used [0x00000000e5560000, 0x00000000e6713b80, 0x00000000e6ab0000)
  to   space 21824K,   0% used [0x00000000e6ab0000, 0x00000000e6ab0000, 0x00000000e8000000)
 concurrent mark-sweep generation total 393216K, used 116129K [0x00000000e8000000, 0x0000000100000000, 0x0000000100000000)
 Metaspace       used 39542K, capacity 41201K, committed 41304K, reserved 1085440K
  class space    used 4550K, capacity 4953K, committed 4988K, reserved 1048576K
2018-10-23T07:38:01.307+0000: 15.214: [GC (GCLocker Initiated GC) 2018-10-23T07:38:01.307+0000: 15.214: [ParNew
Desired survivor size 20112992 bytes, new threshold 8 (max 8)
- age   1:     509496 bytes,     509496 total
- age   2:     812088 bytes,    1321584 total
- age   3:    2109624 bytes,    3431208 total
- age   4:    2596048 bytes,    6027256 total
- age   5:     117752 bytes,    6145008 total
- age   6:     662824 bytes,    6807832 total
- age   7:     839736 bytes,    7647568 total
- age   8:    3593080 bytes,   11240648 total
: 23076K->16577K(109248K), 0.0464774 secs] 139205K->136359K(502464K), 0.0466082 secs] [Times: user=0.04 sys=0.00, real=0.05 secs] 
Heap after GC invocations=69 (full 1):
 par new generation   total 109248K, used 16577K [0x00000000e0000000, 0x00000000e8000000, 0x00000000e8000000)
  eden space 87424K,   0% used [0x00000000e0000000, 0x00000000e0000000, 0x00000000e5560000)
  from space 21824K,  75% used [0x00000000e6ab0000, 0x00000000e7ae0628, 0x00000000e8000000)
  to   space 21824K,   0% used [0x00000000e5560000, 0x00000000e5560000, 0x00000000e6ab0000)
 concurrent mark-sweep generation total 393216K, used 119782K [0x00000000e8000000, 0x0000000100000000, 0x0000000100000000)
 Metaspace       used 39542K, capacity 41201K, committed 41304K, reserved 1085440K
  class space    used 4550K, capacity 4953K, committed 4988K, reserved 1048576K
}
2018-10-23T07:38:01.354+0000: 15.261: Total time for which application threads were stopped: 0.0600357 seconds, Stopping threads took: 0.0130392 seconds
2018-10-23T07:38:01.469+0000: 15.376: Total time for which application threads were stopped: 0.0004141 seconds, Stopping threads took: 0.0000918 seconds
2018-10-23T07:38:01.482+0000: 15.389: Total time for which application threads were stopped: 0.0069173 seconds, Stopping threads took: 0.0065602 seconds
2018-10-23T07:38:01.482+0000: 15.389: Total time for which application threads were stopped: 0.0001514 seconds, Stopping threads took: 0.0000245 seconds
2018-10-23T07:38:01.482+0000: 15.389: Total time for which application threads were stopped: 0.0001414 seconds, Stopping threads took: 0.0000210 seconds
2018-10-23T07:38:01.483+0000: 15.389: Total time for which application threads were stopped: 0.0001400 seconds, Stopping threads took: 0.0000200 seconds
2018-10-23T07:38:01.483+0000: 15.390: Total time for which application threads were stopped: 0.0001513 seconds, Stopping threads took: 0.0000275 seconds
2018-10-23T07:38:01.483+0000: 15.390: Total time for which application threads were stopped: 0.0001394 seconds, Stopping threads took: 0.0000199 seconds
2018-10-23T07:38:01.483+0000: 15.390: Total time for which application threads were stopped: 0.0001399 seconds, Stopping threads took: 0.0000197 seconds
2018-10-23T07:38:01.509+0000: 15.415: Total time for which application threads were stopped: 0.0012785 seconds, Stopping threads took: 0.0010185 seconds
2018-10-23T07:38:01.511+0000: 15.418: Total time for which application threads were stopped: 0.0001899 seconds, Stopping threads took: 0.0000266 seconds
2018-10-23T07:38:01.511+0000: 15.418: Total time for which application threads were stopped: 0.0001565 seconds, Stopping threads took: 0.0000231 seconds
2018-10-23T07:38:01.512+0000: 15.418: Total time for which application threads were stopped: 0.0001486 seconds, Stopping threads took: 0.0000217 seconds
2018-10-23T07:38:01.512+0000: 15.419: Total time for which application threads were stopped: 0.0001541 seconds, Stopping threads took: 0.0000214 seconds
2018-10-23T07:38:01.534+0000: 15.441: Total time for which application threads were stopped: 0.0003721 seconds, Stopping threads took: 0.0000877 seconds
2018-10-23T07:38:01.535+0000: 15.442: Total time for which application threads were stopped: 0.0012098 seconds, Stopping threads took: 0.0010528 seconds
2018-10-23T07:38:01.536+0000: 15.443: Total time for which application threads were stopped: 0.0001606 seconds, Stopping threads took: 0.0000333 seconds
2018-10-23T07:38:01.536+0000: 15.443: Total time for which application threads were stopped: 0.0001636 seconds, Stopping threads took: 0.0000322 seconds
{Heap before GC invocations=69 (full 1):
 par new generation   total 109248K, used 104001K [0x00000000e0000000, 0x00000000e8000000, 0x00000000e8000000)
  eden space 87424K, 100% used [0x00000000e0000000, 0x00000000e5560000, 0x00000000e5560000)
  from space 21824K,  75% used [0x00000000e6ab0000, 0x00000000e7ae0628, 0x00000000e8000000)
  to   space 21824K,   0% used [0x00000000e5560000, 0x00000000e5560000, 0x00000000e6ab0000)
 concurrent mark-sweep generation total 393216K, used 119782K [0x00000000e8000000, 0x0000000100000000, 0x0000000100000000)
 Metaspace       used 39570K, capacity 41201K, committed 41304K, reserved 1085440K
  class space    used 4551K, capacity 4953K, committed 4988K, reserved 1048576K
2018-10-23T07:38:01.576+0000: 15.483: [GC (Allocation Failure) 2018-10-23T07:38:01.576+0000: 15.483: [ParNew
Desired survivor size 20112992 bytes, new threshold 8 (max 8)
- age   1:    9326120 bytes,    9326120 total
- age   2:       4680 bytes,    9330800 total
- age   3:     691512 bytes,   10022312 total
- age   4:    1234288 bytes,   11256600 total
- age   5:    2578472 bytes,   13835072 total
- age   6:     117640 bytes,   13952712 total
- age   7:     581128 bytes,   14533840 total
- age   8:     836656 bytes,   15370496 total
: 104001K->18179K(109248K), 0.0185720 secs] 223783K->141480K(502464K), 0.0186863 secs] [Times: user=0.05 sys=0.00, real=0.02 secs] 
Heap after GC invocations=70 (full 1):
 par new generation   total 109248K, used 18179K [0x00000000e0000000, 0x00000000e8000000, 0x00000000e8000000)
  eden space 87424K,   0% used [0x00000000e0000000, 0x00000000e0000000, 0x00000000e5560000)
  from space 21824K,  83% used [0x00000000e5560000, 0x00000000e6720d60, 0x00000000e6ab0000)
  to   space 21824K,   0% used [0x00000000e6ab0000, 0x00000000e6ab0000, 0x00000000e8000000)
 concurrent mark-sweep generation total 393216K, used 123300K [0x00000000e8000000, 0x0000000100000000, 0x0000000100000000)
 Metaspace       used 39570K, capacity 41201K, committed 41304K, reserved 1085440K
  class space    used 4551K, capacity 4953K, committed 4988K, reserved 1048576K
}
2018-10-23T07:38:01.595+0000: 15.502: Total time for which application threads were stopped: 0.0194925 seconds, Stopping threads took: 0.0001430 seconds
2018-10-23T07:38:01.614+0000: 15.521: Total time for which application threads were stopped: 0.0058805 seconds, Stopping threads took: 0.0055752 seconds
2018-10-23T07:38:01.616+0000: 15.523: Total time for which application threads were stopped: 0.0003294 seconds, Stopping threads took: 0.0001386 seconds
{Heap before GC invocations=70 (full 1):
 par new generation   total 109248K, used 105603K [0x00000000e0000000, 0x00000000e8000000, 0x00000000e8000000)
  eden space 87424K, 100% used [0x00000000e0000000, 0x00000000e5560000, 0x00000000e5560000)
  from space 21824K,  83% used [0x00000000e5560000, 0x00000000e6720d60, 0x00000000e6ab0000)
  to   space 21824K,   0% used [0x00000000e6ab0000, 0x00000000e6ab0000, 0x00000000e8000000)
 concurrent mark-sweep generation total 393216K, used 123300K [0x00000000e8000000, 0x0000000100000000, 0x0000000100000000)
 Metaspace       used 39572K, capacity 41201K, committed 41304K, reserved 1085440K
  class space    used 4551K, capacity 4953K, committed 4988K, reserved 1048576K
2018-10-23T07:38:01.681+0000: 15.588: [GC (Allocation Failure) 2018-10-23T07:38:01.681+0000: 15.588: [ParNew
Desired survivor size 20112992 bytes, new threshold 8 (max 8)
- age   1:    2232392 bytes,    2232392 total
- age   2:    8289648 bytes,   10522040 total
- age   3:       4680 bytes,   10526720 total
- age   4:     690728 bytes,   11217448 total
- age   5:    1171816 bytes,   12389264 total
- age   6:    2578472 bytes,   14967736 total
- age   7:     117640 bytes,   15085376 total
- age   8:     581128 bytes,   15666504 total
: 105603K->21824K(109248K), 0.0459420 secs] 228904K->145945K(502464K), 0.0460848 secs] [Times: user=0.04 sys=0.00, real=0.04 secs] 
Heap after GC invocations=71 (full 1):
 par new generation   total 109248K, used 21824K [0x00000000e0000000, 0x00000000e8000000, 0x00000000e8000000)
  eden space 87424K,   0% used [0x00000000e0000000, 0x00000000e0000000, 0x00000000e5560000)
  from space 21824K, 100% used [0x00000000e6ab0000, 0x00000000e8000000, 0x00000000e8000000)
  to   space 21824K,   0% used [0x00000000e5560000, 0x00000000e5560000, 0x00000000e6ab0000)
 concurrent mark-sweep generation total 393216K, used 124121K [0x00000000e8000000, 0x0000000100000000, 0x0000000100000000)
 Metaspace       used 39572K, capacity 41201K, committed 41304K, reserved 1085440K
  class space    used 4551K, capacity 4953K, committed 4988K, reserved 1048576K
}
2018-10-23T07:38:01.727+0000: 15.634: Total time for which application threads were stopped: 0.0467647 seconds, Stopping threads took: 0.0001404 seconds
{Heap before GC invocations=71 (full 1):
 par new generation   total 109248K, used 109242K [0x00000000e0000000, 0x00000000e8000000, 0x00000000e8000000)
  eden space 87424K,  99% used [0x00000000e0000000, 0x00000000e555eb70, 0x00000000e5560000)
  from space 21824K, 100% used [0x00000000e6ab0000, 0x00000000e8000000, 0x00000000e8000000)
  to   space 21824K,   0% used [0x00000000e5560000, 0x00000000e5560000, 0x00000000e6ab0000)
 concurrent mark-sweep generation total 393216K, used 124121K [0x00000000e8000000, 0x0000000100000000, 0x0000000100000000)
 Metaspace       used 39590K, capacity 41265K, committed 41304K, reserved 1085440K
  class space    used 4551K, capacity 4953K, committed 4988K, reserved 1048576K
2018-10-23T07:38:01.778+0000: 15.685: [GC (Allocation Failure) 2018-10-23T07:38:01.778+0000: 15.685: [ParNew
Desired survivor size 20112992 bytes, new threshold 8 (max 8)
- age   1:    3499480 bytes,    3499480 total
- age   2:    2083672 bytes,    5583152 total
- age   3:    7993544 bytes,   13576696 total
- age   4:       4680 bytes,   13581376 total
- age   5:     689144 bytes,   14270520 total
- age   6:    1171760 bytes,   15442280 total
- age   7:    2578472 bytes,   18020752 total
- age   8:     117640 bytes,   18138392 total
: 109242K->20093K(109248K), 0.0363589 secs] 233364K->144774K(502464K), 0.0364732 secs] [Times: user=0.06 sys=0.00, real=0.03 secs] 
Heap after GC invocations=72 (full 1):
 par new generation   total 109248K, used 20093K [0x00000000e0000000, 0x00000000e8000000, 0x00000000e8000000)
  eden space 87424K,   0% used [0x00000000e0000000, 0x00000000e0000000, 0x00000000e5560000)
  from space 21824K,  92% used [0x00000000e5560000, 0x00000000e68ff5f0, 0x00000000e6ab0000)
  to   space 21824K,   0% used [0x00000000e6ab0000, 0x00000000e6ab0000, 0x00000000e8000000)
 concurrent mark-sweep generation total 393216K, used 124681K [0x00000000e8000000, 0x0000000100000000, 0x0000000100000000)
 Metaspace       used 39590K, capacity 41265K, committed 41304K, reserved 1085440K
  class space    used 4551K, capacity 4953K, committed 4988K, reserved 1048576K
}
2018-10-23T07:38:01.815+0000: 15.722: Total time for which application threads were stopped: 0.0369754 seconds, Stopping threads took: 0.0001201 seconds
{Heap before GC invocations=72 (full 1):
 par new generation   total 109248K, used 107517K [0x00000000e0000000, 0x00000000e8000000, 0x00000000e8000000)
  eden space 87424K, 100% used [0x00000000e0000000, 0x00000000e5560000, 0x00000000e5560000)
  from space 21824K,  92% used [0x00000000e5560000, 0x00000000e68ff5f0, 0x00000000e6ab0000)
  to   space 21824K,   0% used [0x00000000e6ab0000, 0x00000000e6ab0000, 0x00000000e8000000)
 concurrent mark-sweep generation total 393216K, used 124681K [0x00000000e8000000, 0x0000000100000000, 0x0000000100000000)
 Metaspace       used 39608K, capacity 41265K, committed 41304K, reserved 1085440K
  class space    used 4551K, capacity 4953K, committed 4988K, reserved 1048576K
2018-10-23T07:38:01.962+0000: 15.868: [GC (Allocation Failure) 2018-10-23T07:38:01.962+0000: 15.868: [ParNew
Desired survivor size 20112992 bytes, new threshold 8 (max 8)
- age   1:     662528 bytes,     662528 total
- age   2:    2777672 bytes,    3440200 total
- age   3:    2082768 bytes,    5522968 total
- age   4:    7959520 bytes,   13482488 total
- age   5:       4680 bytes,   13487168 total
- age   6:     654376 bytes,   14141544 total
- age   7:    1171688 bytes,   15313232 total
- age   8:    2571104 bytes,   17884336 total
: 107517K->21824K(109248K), 0.0446006 secs] 232198K->146703K(502464K), 0.0447357 secs] [Times: user=0.05 sys=0.00, real=0.04 secs] 
Heap after GC invocations=73 (full 1):
 par new generation   total 109248K, used 21824K [0x00000000e0000000, 0x00000000e8000000, 0x00000000e8000000)
  eden space 87424K,   0% used [0x00000000e0000000, 0x00000000e0000000, 0x00000000e5560000)
  from space 21824K, 100% used [0x00000000e6ab0000, 0x00000000e8000000, 0x00000000e8000000)
  to   space 21824K,   0% used [0x00000000e5560000, 0x00000000e5560000, 0x00000000e6ab0000)
 concurrent mark-sweep generation total 393216K, used 124879K [0x00000000e8000000, 0x0000000100000000, 0x0000000100000000)
 Metaspace       used 39608K, capacity 41265K, committed 41304K, reserved 1085440K
  class space    used 4551K, capacity 4953K, committed 4988K, reserved 1048576K
}
2018-10-23T07:38:02.006+0000: 15.913: Total time for which application threads were stopped: 0.0619369 seconds, Stopping threads took: 0.0167760 seconds
2018-10-23T07:38:02.012+0000: 15.919: Total time for which application threads were stopped: 0.0003669 seconds, Stopping threads took: 0.0000836 seconds
2018-10-23T07:38:02.050+0000: 15.957: Total time for which application threads were stopped: 0.0021020 seconds, Stopping threads took: 0.0018242 seconds
2018-10-23T07:38:02.050+0000: 15.957: Total time for which application threads were stopped: 0.0002137 seconds, Stopping threads took: 0.0000615 seconds
2018-10-23T07:38:02.051+0000: 15.958: Total time for which application threads were stopped: 0.0002311 seconds, Stopping threads took: 0.0000885 seconds
2018-10-23T07:38:02.052+0000: 15.959: Total time for which application threads were stopped: 0.0002125 seconds, Stopping threads took: 0.0000579 seconds
{Heap before GC invocations=73 (full 1):
 par new generation   total 109248K, used 109248K [0x00000000e0000000, 0x00000000e8000000, 0x00000000e8000000)
  eden space 87424K, 100% used [0x00000000e0000000, 0x00000000e5560000, 0x00000000e5560000)
  from space 21824K, 100% used [0x00000000e6ab0000, 0x00000000e8000000, 0x00000000e8000000)
  to   space 21824K,   0% used [0x00000000e5560000, 0x00000000e5560000, 0x00000000e6ab0000)
 concurrent mark-sweep generation total 393216K, used 124879K [0x00000000e8000000, 0x0000000100000000, 0x0000000100000000)
 Metaspace       used 39616K, capacity 41265K, committed 41304K, reserved 1085440K
  class space    used 4551K, capacity 4953K, committed 4988K, reserved 1048576K
2018-10-23T07:38:02.106+0000: 16.013: [GC (Allocation Failure) 2018-10-23T07:38:02.106+0000: 16.013: [ParNew
Desired survivor size 20112992 bytes, new threshold 8 (max 8)
- age   1:    1725968 bytes,    1725968 total
- age   2:     386760 bytes,    2112728 total
- age   3:    2639672 bytes,    4752400 total
- age   4:    2081624 bytes,    6834024 total
- age   5:    7950936 bytes,   14784960 total
- age   6:       4680 bytes,   14789640 total
- age   7:     654376 bytes,   15444016 total
- age   8:    1145296 bytes,   16589312 total
: 109248K->21215K(109248K), 0.0550850 secs] 234127K->148617K(502464K), 0.0552262 secs] [Times: user=0.07 sys=0.00, real=0.06 secs] 
Heap after GC invocations=74 (full 1):
 par new generation   total 109248K, used 21215K [0x00000000e0000000, 0x00000000e8000000, 0x00000000e8000000)
  eden space 87424K,   0% used [0x00000000e0000000, 0x00000000e0000000, 0x00000000e5560000)
  from space 21824K,  97% used [0x00000000e5560000, 0x00000000e6a17d90, 0x00000000e6ab0000)
  to   space 21824K,   0% used [0x00000000e6ab0000, 0x00000000e6ab0000, 0x00000000e8000000)
 concurrent mark-sweep generation total 393216K, used 127401K [0x00000000e8000000, 0x0000000100000000, 0x0000000100000000)
 Metaspace       used 39616K, capacity 41265K, committed 41304K, reserved 1085440K
  class space    used 4551K, capacity 4953K, committed 4988K, reserved 1048576K
}
2018-10-23T07:38:02.161+0000: 16.068: Total time for which application threads were stopped: 0.0654422 seconds, Stopping threads took: 0.0097951 seconds
2018-10-23T07:38:02.172+0000: 16.079: Total time for which application threads were stopped: 0.0023801 seconds, Stopping threads took: 0.0020529 seconds
{Heap before GC invocations=74 (full 1):
 par new generation   total 109248K, used 108634K [0x00000000e0000000, 0x00000000e8000000, 0x00000000e8000000)
  eden space 87424K,  99% used [0x00000000e0000000, 0x00000000e555ebb0, 0x00000000e5560000)
  from space 21824K,  97% used [0x00000000e5560000, 0x00000000e6a17d90, 0x00000000e6ab0000)
  to   space 21824K,   0% used [0x00000000e6ab0000, 0x00000000e6ab0000, 0x00000000e8000000)
 concurrent mark-sweep generation total 393216K, used 127401K [0x00000000e8000000, 0x0000000100000000, 0x0000000100000000)
 Metaspace       used 39617K, capacity 41265K, committed 41304K, reserved 1085440K
  class space    used 4551K, capacity 4953K, committed 4988K, reserved 1048576K
2018-10-23T07:38:02.227+0000: 16.134: [GC (Allocation Failure) 2018-10-23T07:38:02.227+0000: 16.134: [ParNew
Desired survivor size 20112992 bytes, new threshold 8 (max 8)
- age   1:    2037256 bytes,    2037256 total
- age   2:     802080 bytes,    2839336 total
- age   3:     385792 bytes,    3225128 total
- age   4:    2638792 bytes,    5863920 total
- age   5:    2080600 bytes,    7944520 total
- age   6:    7945192 bytes,   15889712 total
- age   7:       4680 bytes,   15894392 total
- age   8:     654376 bytes,   16548768 total
: 108634K->20636K(109248K), 0.0246922 secs] 236036K->149161K(502464K), 0.0248287 secs] [Times: user=0.04 sys=0.00, real=0.03 secs] 
Heap after GC invocations=75 (full 1):
 par new generation   total 109248K, used 20636K [0x00000000e0000000, 0x00000000e8000000, 0x00000000e8000000)
  eden space 87424K,   0% used [0x00000000e0000000, 0x00000000e0000000, 0x00000000e5560000)
  from space 21824K,  94% used [0x00000000e6ab0000, 0x00000000e7ed7240, 0x00000000e8000000)
  to   space 21824K,   0% used [0x00000000e5560000, 0x00000000e5560000, 0x00000000e6ab0000)
 concurrent mark-sweep generation total 393216K, used 128525K [0x00000000e8000000, 0x0000000100000000, 0x0000000100000000)
 Metaspace       used 39617K, capacity 41265K, committed 41304K, reserved 1085440K
  class space    used 4551K, capacity 4953K, committed 4988K, reserved 1048576K
}
2018-10-23T07:38:02.252+0000: 16.159: Total time for which application threads were stopped: 0.0254056 seconds, Stopping threads took: 0.0001852 seconds
{Heap before GC invocations=75 (full 1):
 par new generation   total 109248K, used 108060K [0x00000000e0000000, 0x00000000e8000000, 0x00000000e8000000)
  eden space 87424K, 100% used [0x00000000e0000000, 0x00000000e5560000, 0x00000000e5560000)
  from space 21824K,  94% used [0x00000000e6ab0000, 0x00000000e7ed7240, 0x00000000e8000000)
  to   space 21824K,   0% used [0x00000000e5560000, 0x00000000e5560000, 0x00000000e6ab0000)
 concurrent mark-sweep generation total 393216K, used 128525K [0x00000000e8000000, 0x0000000100000000, 0x0000000100000000)
 Metaspace       used 39618K, capacity 41265K, committed 41304K, reserved 1085440K
  class space    used 4551K, capacity 4953K, committed 4988K, reserved 1048576K
2018-10-23T07:38:02.338+0000: 16.245: [GC (Allocation Failure) 2018-10-23T07:38:02.338+0000: 16.245: [ParNew
Desired survivor size 20112992 bytes, new threshold 8 (max 8)
- age   1:     818576 bytes,     818576 total
- age   2:    1357088 bytes,    2175664 total
- age   3:     790968 bytes,    2966632 total
- age   4:     385792 bytes,    3352424 total
- age   5:    2638792 bytes,    5991216 total
- age   6:     624008 bytes,    6615224 total
- age   7:    7944432 bytes,   14559656 total
- age   8:       4680 bytes,   14564336 total
: 108060K->21824K(109248K), 0.0583573 secs] 236585K->150993K(502464K), 0.0584831 secs] [Times: user=0.05 sys=0.00, real=0.05 secs] 
Heap after GC invocations=76 (full 1):
 par new generation   total 109248K, used 21824K [0x00000000e0000000, 0x00000000e8000000, 0x00000000e8000000)
  eden space 87424K,   0% used [0x00000000e0000000, 0x00000000e0000000, 0x00000000e5560000)
  from space 21824K, 100% used [0x00000000e5560000, 0x00000000e6ab0000, 0x00000000e6ab0000)
  to   space 21824K,   0% used [0x00000000e6ab0000, 0x00000000e6ab0000, 0x00000000e8000000)
 concurrent mark-sweep generation total 393216K, used 129169K [0x00000000e8000000, 0x0000000100000000, 0x0000000100000000)
 Metaspace       used 39618K, capacity 41265K, committed 41304K, reserved 1085440K
  class space    used 4551K, capacity 4953K, committed 4988K, reserved 1048576K
}
2018-10-23T07:38:02.396+0000: 16.303: Total time for which application threads were stopped: 0.0653244 seconds, Stopping threads took: 0.0064588 seconds
2018-10-23T07:38:02.580+0000: 16.487: Total time for which application threads were stopped: 0.0005066 seconds, Stopping threads took: 0.0002282 seconds
2018-10-23T07:38:02.594+0000: 16.501: Total time for which application threads were stopped: 0.0021744 seconds, Stopping threads took: 0.0019343 seconds
2018-10-23T07:38:02.610+0000: 16.516: Total time for which application threads were stopped: 0.0003717 seconds, Stopping threads took: 0.0001340 seconds
2018-10-23T07:38:02.614+0000: 16.521: Total time for which application threads were stopped: 0.0041215 seconds, Stopping threads took: 0.0039207 seconds
2018-10-23T07:38:02.614+0000: 16.521: Total time for which application threads were stopped: 0.0001818 seconds, Stopping threads took: 0.0000480 seconds
2018-10-23T07:38:02.614+0000: 16.521: Total time for which application threads were stopped: 0.0001783 seconds, Stopping threads took: 0.0000461 seconds
{Heap before GC invocations=76 (full 1):
 par new generation   total 109248K, used 109248K [0x00000000e0000000, 0x00000000e8000000, 0x00000000e8000000)
  eden space 87424K, 100% used [0x00000000e0000000, 0x00000000e5560000, 0x00000000e5560000)
  from space 21824K, 100% used [0x00000000e5560000, 0x00000000e6ab0000, 0x00000000e6ab0000)
  to   space 21824K,   0% used [0x00000000e6ab0000, 0x00000000e6ab0000, 0x00000000e8000000)
 concurrent mark-sweep generation total 393216K, used 129169K [0x00000000e8000000, 0x0000000100000000, 0x0000000100000000)
 Metaspace       used 39634K, capacity 41265K, committed 41304K, reserved 1085440K
  class space    used 4552K, capacity 4953K, committed 4988K, reserved 1048576K
2018-10-23T07:38:02.669+0000: 16.576: [GC (Allocation Failure) 2018-10-23T07:38:02.669+0000: 16.576: [ParNew
Desired survivor size 20112992 bytes, new threshold 8 (max 8)
- age   1:    8846024 bytes,    8846024 total
- age   2:     372952 bytes,    9218976 total
- age   3:     291616 bytes,    9510592 total
- age   4:     780672 bytes,   10291264 total
- age   5:     385472 bytes,   10676736 total
- age   6:    2271552 bytes,   12948288 total
- age   7:     502992 bytes,   13451280 total
- age   8:    7368760 bytes,   20820040 total
: 109248K->21824K(109248K), 0.0482642 secs] 238417K->152162K(502464K), 0.0484013 secs] [Times: user=0.06 sys=0.00, real=0.05 secs] 
Heap after GC invocations=77 (full 1):
 par new generation   total 109248K, used 21824K [0x00000000e0000000, 0x00000000e8000000, 0x00000000e8000000)
  eden space 87424K,   0% used [0x00000000e0000000, 0x00000000e0000000, 0x00000000e5560000)
  from space 21824K, 100% used [0x00000000e6ab0000, 0x00000000e8000000, 0x00000000e8000000)
  to   space 21824K,   0% used [0x00000000e5560000, 0x00000000e5560000, 0x00000000e6ab0000)
 concurrent mark-sweep generation total 393216K, used 130338K [0x00000000e8000000, 0x0000000100000000, 0x0000000100000000)
 Metaspace       used 39634K, capacity 41265K, committed 41304K, reserved 1085440K
  class space    used 4552K, capacity 4953K, committed 4988K, reserved 1048576K
}
2018-10-23T07:38:02.718+0000: 16.625: Total time for which application threads were stopped: 0.0494751 seconds, Stopping threads took: 0.0005393 seconds
2018-10-23T07:38:02.724+0000: 16.631: Total time for which application threads were stopped: 0.0019202 seconds, Stopping threads took: 0.0016588 seconds
2018-10-23T07:38:02.735+0000: 16.642: Total time for which application threads were stopped: 0.0054544 seconds, Stopping threads took: 0.0052237 seconds
2018-10-23T07:38:02.806+0000: 16.713: Total time for which application threads were stopped: 0.0123066 seconds, Stopping threads took: 0.0119916 seconds
2018-10-23T07:38:02.806+0000: 16.713: Total time for which application threads were stopped: 0.0001760 seconds, Stopping threads took: 0.0000507 seconds
2018-10-23T07:38:02.806+0000: 16.713: Total time for which application threads were stopped: 0.0001624 seconds, Stopping threads took: 0.0000377 seconds
2018-10-23T07:38:02.807+0000: 16.713: Total time for which application threads were stopped: 0.0001666 seconds, Stopping threads took: 0.0000369 seconds
{Heap before GC invocations=77 (full 1):
 par new generation   total 109248K, used 109248K [0x00000000e0000000, 0x00000000e8000000, 0x00000000e8000000)
  eden space 87424K, 100% used [0x00000000e0000000, 0x00000000e5560000, 0x00000000e5560000)
  from space 21824K, 100% used [0x00000000e6ab0000, 0x00000000e8000000, 0x00000000e8000000)
  to   space 21824K,   0% used [0x00000000e5560000, 0x00000000e5560000, 0x00000000e6ab0000)
 concurrent mark-sweep generation total 393216K, used 130338K [0x00000000e8000000, 0x0000000100000000, 0x0000000100000000)
 Metaspace       used 39636K, capacity 41265K, committed 41304K, reserved 1085440K
  class space    used 4552K, capacity 4953K, committed 4988K, reserved 1048576K
2018-10-23T07:38:02.817+0000: 16.724: [GC (Allocation Failure) 2018-10-23T07:38:02.817+0000: 16.724: [ParNew
Desired survivor size 20112992 bytes, new threshold 8 (max 8)
- age   1:    4783680 bytes,    4783680 total
- age   2:    7358080 bytes,   12141760 total
- age   3:     370840 bytes,   12512600 total
- age   4:     226064 bytes,   12738664 total
- age   5:     621944 bytes,   13360608 total
- age   6:     384520 bytes,   13745128 total
- age   7:    2269360 bytes,   16014488 total
- age   8:     501392 bytes,   16515880 total
: 109248K->21824K(109248K), 0.0431878 secs] 239586K->160371K(502464K), 0.0433152 secs] [Times: user=0.09 sys=0.00, real=0.05 secs] 
Heap after GC invocations=78 (full 1):
 par new generation   total 109248K, used 21824K [0x00000000e0000000, 0x00000000e8000000, 0x00000000e8000000)
  eden space 87424K,   0% used [0x00000000e0000000, 0x00000000e0000000, 0x00000000e5560000)
  from space 21824K, 100% used [0x00000000e5560000, 0x00000000e6ab0000, 0x00000000e6ab0000)
  to   space 21824K,   0% used [0x00000000e6ab0000, 0x00000000e6ab0000, 0x00000000e8000000)
 concurrent mark-sweep generation total 393216K, used 138547K [0x00000000e8000000, 0x0000000100000000, 0x0000000100000000)
 Metaspace       used 39636K, capacity 41265K, committed 41304K, reserved 1085440K
  class space    used 4552K, capacity 4953K, committed 4988K, reserved 1048576K
}
2018-10-23T07:38:02.860+0000: 16.767: Total time for which application threads were stopped: 0.0437014 seconds, Stopping threads took: 0.0000850 seconds
2018-10-23T07:38:02.897+0000: 16.804: Total time for which application threads were stopped: 0.0016283 seconds, Stopping threads took: 0.0013060 seconds
{Heap before GC invocations=78 (full 1):
 par new generation   total 109248K, used 109248K [0x00000000e0000000, 0x00000000e8000000, 0x00000000e8000000)
  eden space 87424K, 100% used [0x00000000e0000000, 0x00000000e5560000, 0x00000000e5560000)
  from space 21824K, 100% used [0x00000000e5560000, 0x00000000e6ab0000, 0x00000000e6ab0000)
  to   space 21824K,   0% used [0x00000000e6ab0000, 0x00000000e6ab0000, 0x00000000e8000000)
 concurrent mark-sweep generation total 393216K, used 138547K [0x00000000e8000000, 0x0000000100000000, 0x0000000100000000)
 Metaspace       used 39639K, capacity 41265K, committed 41304K, reserved 1085440K
  class space    used 4552K, capacity 4953K, committed 4988K, reserved 1048576K
2018-10-23T07:38:02.914+0000: 16.821: [GC (Allocation Failure) 2018-10-23T07:38:02.914+0000: 16.821: [ParNew
Desired survivor size 20112992 bytes, new threshold 8 (max 8)
- age   1:     691464 bytes,     691464 total
- age   2:    4632608 bytes,    5324072 total
- age   3:    7118680 bytes,   12442752 total
- age   4:     370840 bytes,   12813592 total
- age   5:     226000 bytes,   13039592 total
- age   6:     621880 bytes,   13661472 total
- age   7:     384320 bytes,   14045792 total
- age   8:    2268424 bytes,   16314216 total
: 109248K->20625K(109248K), 0.0491971 secs] 247795K->159666K(502464K), 0.0493243 secs] [Times: user=0.04 sys=0.00, real=0.05 secs] 
Heap after GC invocations=79 (full 1):
 par new generation   total 109248K, used 20625K [0x00000000e0000000, 0x00000000e8000000, 0x00000000e8000000)
  eden space 87424K,   0% used [0x00000000e0000000, 0x00000000e0000000, 0x00000000e5560000)
  from space 21824K,  94% used [0x00000000e6ab0000, 0x00000000e7ed4400, 0x00000000e8000000)
  to   space 21824K,   0% used [0x00000000e5560000, 0x00000000e5560000, 0x00000000e6ab0000)
 concurrent mark-sweep generation total 393216K, used 139041K [0x00000000e8000000, 0x0000000100000000, 0x0000000100000000)
 Metaspace       used 39639K, capacity 41265K, committed 41304K, reserved 1085440K
  class space    used 4552K, capacity 4953K, committed 4988K, reserved 1048576K
}
2018-10-23T07:38:02.964+0000: 16.870: Total time for which application threads were stopped: 0.0497784 seconds, Stopping threads took: 0.0000752 seconds
2018-10-23T07:38:02.982+0000: 16.889: Total time for which application threads were stopped: 0.0150162 seconds, Stopping threads took: 0.0147078 seconds
2018-10-23T07:38:02.982+0000: 16.889: Total time for which application threads were stopped: 0.0002622 seconds, Stopping threads took: 0.0001115 seconds
2018-10-23T07:38:02.982+0000: 16.889: Total time for which application threads were stopped: 0.0001888 seconds, Stopping threads took: 0.0000453 seconds
2018-10-23T07:38:02.983+0000: 16.890: Total time for which application threads were stopped: 0.0001874 seconds, Stopping threads took: 0.0000455 seconds
2018-10-23T07:38:02.990+0000: 16.897: Total time for which application threads were stopped: 0.0059243 seconds, Stopping threads took: 0.0057716 seconds
2018-10-23T07:38:02.991+0000: 16.897: Total time for which application threads were stopped: 0.0002613 seconds, Stopping threads took: 0.0000758 seconds
2018-10-23T07:38:02.991+0000: 16.898: Total time for which application threads were stopped: 0.0006819 seconds, Stopping threads took: 0.0005486 seconds
2018-10-23T07:38:03.003+0000: 16.910: Total time for which application threads were stopped: 0.0005029 seconds, Stopping threads took: 0.0002604 seconds
2018-10-23T07:38:03.003+0000: 16.910: Total time for which application threads were stopped: 0.0001839 seconds, Stopping threads took: 0.0000243 seconds
2018-10-23T07:38:03.005+0000: 16.912: Total time for which application threads were stopped: 0.0010588 seconds, Stopping threads took: 0.0009044 seconds
2018-10-23T07:38:03.006+0000: 16.913: Total time for which application threads were stopped: 0.0003507 seconds, Stopping threads took: 0.0001820 seconds
{Heap before GC invocations=79 (full 1):
 par new generation   total 109248K, used 108049K [0x00000000e0000000, 0x00000000e8000000, 0x00000000e8000000)
  eden space 87424K, 100% used [0x00000000e0000000, 0x00000000e5560000, 0x00000000e5560000)
  from space 21824K,  94% used [0x00000000e6ab0000, 0x00000000e7ed4400, 0x00000000e8000000)
  to   space 21824K,   0% used [0x00000000e5560000, 0x00000000e5560000, 0x00000000e6ab0000)
 concurrent mark-sweep generation total 393216K, used 139041K [0x00000000e8000000, 0x0000000100000000, 0x0000000100000000)
 Metaspace       used 39644K, capacity 41329K, committed 41560K, reserved 1085440K
  class space    used 4552K, capacity 4953K, committed 4988K, reserved 1048576K
2018-10-23T07:38:03.066+0000: 16.973: [GC (Allocation Failure) 2018-10-23T07:38:03.066+0000: 16.973: [ParNew
Desired survivor size 20112992 bytes, new threshold 8 (max 8)
- age   1:    2377992 bytes,    2377992 total
- age   2:     330544 bytes,    2708536 total
- age   3:    4460184 bytes,    7168720 total
- age   4:    7110088 bytes,   14278808 total
- age   5:     370840 bytes,   14649648 total
- age   6:     225208 bytes,   14874856 total
- age   7:     620736 bytes,   15495592 total
- age   8:     384320 bytes,   15879912 total
: 108049K->19499K(109248K), 0.0273628 secs] 247090K->160761K(502464K), 0.0274777 secs] [Times: user=0.04 sys=0.00, real=0.03 secs] 
Heap after GC invocations=80 (full 1):
 par new generation   total 109248K, used 19499K [0x00000000e0000000, 0x00000000e8000000, 0x00000000e8000000)
  eden space 87424K,   0% used [0x00000000e0000000, 0x00000000e0000000, 0x00000000e5560000)
  from space 21824K,  89% used [0x00000000e5560000, 0x00000000e686ad20, 0x00000000e6ab0000)
  to   space 21824K,   0% used [0x00000000e6ab0000, 0x00000000e6ab0000, 0x00000000e8000000)
 concurrent mark-sweep generation total 393216K, used 141262K [0x00000000e8000000, 0x0000000100000000, 0x0000000100000000)
 Metaspace       used 39644K, capacity 41329K, committed 41560K, reserved 1085440K
  class space    used 4552K, capacity 4953K, committed 4988K, reserved 1048576K
}
2018-10-23T07:38:03.093+0000: 17.000: Total time for which application threads were stopped: 0.0347410 seconds, Stopping threads took: 0.0068659 seconds
2018-10-23T07:38:03.101+0000: 17.008: Total time for which application threads were stopped: 0.0036910 seconds, Stopping threads took: 0.0032374 seconds
{Heap before GC invocations=80 (full 1):
 par new generation   total 109248K, used 106923K [0x00000000e0000000, 0x00000000e8000000, 0x00000000e8000000)
  eden space 87424K, 100% used [0x00000000e0000000, 0x00000000e5560000, 0x00000000e5560000)
  from space 21824K,  89% used [0x00000000e5560000, 0x00000000e686ad20, 0x00000000e6ab0000)
  to   space 21824K,   0% used [0x00000000e6ab0000, 0x00000000e6ab0000, 0x00000000e8000000)
 concurrent mark-sweep generation total 393216K, used 141262K [0x00000000e8000000, 0x0000000100000000, 0x0000000100000000)
 Metaspace       used 39644K, capacity 41329K, committed 41560K, reserved 1085440K
  class space    used 4552K, capacity 4953K, committed 4988K, reserved 1048576K
2018-10-23T07:38:03.131+0000: 17.037: [GC (Allocation Failure) 2018-10-23T07:38:03.131+0000: 17.038: [ParNew
Desired survivor size 20112992 bytes, new threshold 8 (max 8)
- age   1:     744944 bytes,     744944 total
- age   2:    1462024 bytes,    2206968 total
- age   3:     330272 bytes,    2537240 total
- age   4:    4460184 bytes,    6997424 total
- age   5:    7110088 bytes,   14107512 total
- age   6:     370840 bytes,   14478352 total
- age   7:     225208 bytes,   14703560 total
- age   8:     620736 bytes,   15324296 total
: 106923K->21824K(109248K), 0.0283184 secs] 248185K->163468K(502464K), 0.0284440 secs] [Times: user=0.04 sys=0.00, real=0.03 secs] 
Heap after GC invocations=81 (full 1):
 par new generation   total 109248K, used 21824K [0x00000000e0000000, 0x00000000e8000000, 0x00000000e8000000)
  eden space 87424K,   0% used [0x00000000e0000000, 0x00000000e0000000, 0x00000000e5560000)
  from space 21824K, 100% used [0x00000000e6ab0000, 0x00000000e8000000, 0x00000000e8000000)
  to   space 21824K,   0% used [0x00000000e5560000, 0x00000000e5560000, 0x00000000e6ab0000)
 concurrent mark-sweep generation total 393216K, used 141644K [0x00000000e8000000, 0x0000000100000000, 0x0000000100000000)
 Metaspace       used 39644K, capacity 41329K, committed 41560K, reserved 1085440K
  class space    used 4552K, capacity 4953K, committed 4988K, reserved 1048576K
}
2018-10-23T07:38:03.159+0000: 17.066: Total time for which application threads were stopped: 0.0289397 seconds, Stopping threads took: 0.0001043 seconds
{Heap before GC invocations=81 (full 1):
 par new generation   total 109248K, used 109248K [0x00000000e0000000, 0x00000000e8000000, 0x00000000e8000000)
  eden space 87424K, 100% used [0x00000000e0000000, 0x00000000e5560000, 0x00000000e5560000)
  from space 21824K, 100% used [0x00000000e6ab0000, 0x00000000e8000000, 0x00000000e8000000)
  to   space 21824K,   0% used [0x00000000e5560000, 0x00000000e5560000, 0x00000000e6ab0000)
 concurrent mark-sweep generation total 393216K, used 141644K [0x00000000e8000000, 0x0000000100000000, 0x0000000100000000)
 Metaspace       used 39645K, capacity 41329K, committed 41560K, reserved 1085440K
  class space    used 4552K, capacity 4953K, committed 4988K, reserved 1048576K
2018-10-23T07:38:03.218+0000: 17.125: [GC (Allocation Failure) 2018-10-23T07:38:03.218+0000: 17.125: [ParNew
Desired survivor size 20112992 bytes, new threshold 8 (max 8)
- age   1:     848504 bytes,     848504 total
- age   2:     288032 bytes,    1136536 total
- age   3:    1431816 bytes,    2568352 total
- age   4:     324208 bytes,    2892560 total
- age   5:    4459792 bytes,    7352352 total
- age   6:    7110088 bytes,   14462440 total
- age   7:     370840 bytes,   14833280 total
- age   8:     224800 bytes,   15058080 total
: 109248K->18268K(109248K), 0.0525866 secs] 250892K->160520K(502464K), 0.0527379 secs] [Times: user=0.05 sys=0.00, real=0.05 secs] 
Heap after GC invocations=82 (full 1):
 par new generation   total 109248K, used 18268K [0x00000000e0000000, 0x00000000e8000000, 0x00000000e8000000)
  eden space 87424K,   0% used [0x00000000e0000000, 0x00000000e0000000, 0x00000000e5560000)
  from space 21824K,  83% used [0x00000000e5560000, 0x00000000e6737150, 0x00000000e6ab0000)
  to   space 21824K,   0% used [0x00000000e6ab0000, 0x00000000e6ab0000, 0x00000000e8000000)
 concurrent mark-sweep generation total 393216K, used 142252K [0x00000000e8000000, 0x0000000100000000, 0x0000000100000000)
 Metaspace       used 39645K, capacity 41329K, committed 41560K, reserved 1085440K
  class space    used 4552K, capacity 4953K, committed 4988K, reserved 1048576K
}
2018-10-23T07:38:03.271+0000: 17.177: Total time for which application threads were stopped: 0.0635081 seconds, Stopping threads took: 0.0103457 seconds
{Heap before GC invocations=82 (full 1):
 par new generation   total 109248K, used 105692K [0x00000000e0000000, 0x00000000e8000000, 0x00000000e8000000)
  eden space 87424K, 100% used [0x00000000e0000000, 0x00000000e5560000, 0x00000000e5560000)
  from space 21824K,  83% used [0x00000000e5560000, 0x00000000e6737150, 0x00000000e6ab0000)
  to   space 21824K,   0% used [0x00000000e6ab0000, 0x00000000e6ab0000, 0x00000000e8000000)
 concurrent mark-sweep generation total 393216K, used 142252K [0x00000000e8000000, 0x0000000100000000, 0x0000000100000000)
 Metaspace       used 39645K, capacity 41329K, committed 41560K, reserved 1085440K
  class space    used 4552K, capacity 4953K, committed 4988K, reserved 1048576K
2018-10-23T07:38:03.330+0000: 17.237: [GC (Allocation Failure) 2018-10-23T07:38:03.330+0000: 17.237: [ParNew
Desired survivor size 20112992 bytes, new threshold 8 (max 8)
- age   1:     478552 bytes,     478552 total
- age   2:     156984 bytes,     635536 total
- age   3:     287880 bytes,     923416 total
- age   4:    1430752 bytes,    2354168 total
- age   5:     324208 bytes,    2678376 total
- age   6:    4459792 bytes,    7138168 total
- age   7:    7110088 bytes,   14248256 total
- age   8:     370840 bytes,   14619096 total
: 105692K->21824K(109248K), 0.0583133 secs] 247944K->164299K(502464K), 0.0584588 secs] [Times: user=0.04 sys=0.00, real=0.05 secs] 
Heap after GC invocations=83 (full 1):
 par new generation   total 109248K, used 21824K [0x00000000e0000000, 0x00000000e8000000, 0x00000000e8000000)
  eden space 87424K,   0% used [0x00000000e0000000, 0x00000000e0000000, 0x00000000e5560000)
  from space 21824K, 100% used [0x00000000e6ab0000, 0x00000000e8000000, 0x00000000e8000000)
  to   space 21824K,   0% used [0x00000000e5560000, 0x00000000e5560000, 0x00000000e6ab0000)
 concurrent mark-sweep generation total 393216K, used 142475K [0x00000000e8000000, 0x0000000100000000, 0x0000000100000000)
 Metaspace       used 39645K, capacity 41329K, committed 41560K, reserved 1085440K
  class space    used 4552K, capacity 4953K, committed 4988K, reserved 1048576K
}
2018-10-23T07:38:03.389+0000: 17.295: Total time for which application threads were stopped: 0.0589294 seconds, Stopping threads took: 0.0000599 seconds
2018-10-23T07:38:03.612+0000: 17.519: Total time for which application threads were stopped: 0.0009238 seconds, Stopping threads took: 0.0005408 seconds
{Heap before GC invocations=83 (full 1):
 par new generation   total 109248K, used 109248K [0x00000000e0000000, 0x00000000e8000000, 0x00000000e8000000)
  eden space 87424K, 100% used [0x00000000e0000000, 0x00000000e5560000, 0x00000000e5560000)
  from space 21824K, 100% used [0x00000000e6ab0000, 0x00000000e8000000, 0x00000000e8000000)
  to   space 21824K,   0% used [0x00000000e5560000, 0x00000000e5560000, 0x00000000e6ab0000)
 concurrent mark-sweep generation total 393216K, used 142475K [0x00000000e8000000, 0x0000000100000000, 0x0000000100000000)
 Metaspace       used 39673K, capacity 41333K, committed 41560K, reserved 1085440K
  class space    used 4552K, capacity 4953K, committed 4988K, reserved 1048576K
2018-10-23T07:38:03.682+0000: 17.588: [GC (Allocation Failure) 2018-10-23T07:38:03.682+0000: 17.589: [ParNew
Desired survivor size 20112992 bytes, new threshold 8 (max 8)
- age   1:    5593800 bytes,    5593800 total
- age   2:      86000 bytes,    5679800 total
- age   3:     148568 bytes,    5828368 total
- age   4:      80744 bytes,    5909112 total
- age   5:     837992 bytes,    6747104 total
- age   6:     322920 bytes,    7070024 total
- age   7:    2942168 bytes,   10012192 total
- age   8:    7103392 bytes,   17115584 total
: 109248K->20523K(109248K), 0.0501381 secs] 251723K->163362K(502464K), 0.0502855 secs] [Times: user=0.06 sys=0.00, real=0.05 secs] 
Heap after GC invocations=84 (full 1):
 par new generation   total 109248K, used 20523K [0x00000000e0000000, 0x00000000e8000000, 0x00000000e8000000)
  eden space 87424K,   0% used [0x00000000e0000000, 0x00000000e0000000, 0x00000000e5560000)
  from space 21824K,  94% used [0x00000000e5560000, 0x00000000e696ae40, 0x00000000e6ab0000)
  to   space 21824K,   0% used [0x00000000e6ab0000, 0x00000000e6ab0000, 0x00000000e8000000)
 concurrent mark-sweep generation total 393216K, used 142839K [0x00000000e8000000, 0x0000000100000000, 0x0000000100000000)
 Metaspace       used 39673K, capacity 41333K, committed 41560K, reserved 1085440K
  class space    used 4552K, capacity 4953K, committed 4988K, reserved 1048576K
}
2018-10-23T07:38:03.732+0000: 17.639: Total time for which application threads were stopped: 0.0507743 seconds, Stopping threads took: 0.0001088 seconds
2018-10-23T07:38:03.758+0000: 17.665: Total time for which application threads were stopped: 0.0147642 seconds, Stopping threads took: 0.0144561 seconds
{Heap before GC invocations=84 (full 1):
 par new generation   total 109248K, used 107947K [0x00000000e0000000, 0x00000000e8000000, 0x00000000e8000000)
  eden space 87424K, 100% used [0x00000000e0000000, 0x00000000e5560000, 0x00000000e5560000)
  from space 21824K,  94% used [0x00000000e5560000, 0x00000000e696ae40, 0x00000000e6ab0000)
  to   space 21824K,   0% used [0x00000000e6ab0000, 0x00000000e6ab0000, 0x00000000e8000000)
 concurrent mark-sweep generation total 393216K, used 142839K [0x00000000e8000000, 0x0000000100000000, 0x0000000100000000)
 Metaspace       used 39683K, capacity 41333K, committed 41560K, reserved 1085440K
  class space    used 4553K, capacity 4953K, committed 4988K, reserved 1048576K
2018-10-23T07:38:03.819+0000: 17.726: [GC (Allocation Failure) 2018-10-23T07:38:03.822+0000: 17.729: [ParNew
Desired survivor size 20112992 bytes, new threshold 8 (max 8)
- age   1:    6417752 bytes,    6417752 total
- age   2:    5116240 bytes,   11533992 total
- age   3:      86000 bytes,   11619992 total
- age   4:     148568 bytes,   11768560 total
- age   5:      80744 bytes,   11849304 total
- age   6:     837992 bytes,   12687296 total
- age   7:     322920 bytes,   13010216 total
- age   8:    2942112 bytes,   15952328 total
: 107947K->21369K(109248K), 0.0701320 secs] 250786K->171163K(502464K), 0.0724135 secs] [Times: user=0.10 sys=0.00, real=0.07 secs] 
Heap after GC invocations=85 (full 1):
 par new generation   total 109248K, used 21369K [0x00000000e0000000, 0x00000000e8000000, 0x00000000e8000000)
  eden space 87424K,   0% used [0x00000000e0000000, 0x00000000e0000000, 0x00000000e5560000)
  from space 21824K,  97% used [0x00000000e6ab0000, 0x00000000e7f8e4f0, 0x00000000e8000000)
  to   space 21824K,   0% used [0x00000000e5560000, 0x00000000e5560000, 0x00000000e6ab0000)
 concurrent mark-sweep generation total 393216K, used 149794K [0x00000000e8000000, 0x0000000100000000, 0x0000000100000000)
 Metaspace       used 39683K, capacity 41333K, committed 41560K, reserved 1085440K
  class space    used 4553K, capacity 4953K, committed 4988K, reserved 1048576K
}
2018-10-23T07:38:03.892+0000: 17.799: Total time for which application threads were stopped: 0.0729786 seconds, Stopping threads took: 0.0001579 seconds
2018-10-23T07:38:03.896+0000: 17.803: Total time for which application threads were stopped: 0.0004501 seconds, Stopping threads took: 0.0001720 seconds
2018-10-23T07:38:03.898+0000: 17.804: Total time for which application threads were stopped: 0.0003191 seconds, Stopping threads took: 0.0001223 seconds
2018-10-23T07:38:03.954+0000: 17.861: Total time for which application threads were stopped: 0.0099513 seconds, Stopping threads took: 0.0095617 seconds
2018-10-23T07:38:03.958+0000: 17.865: Total time for which application threads were stopped: 0.0036694 seconds, Stopping threads took: 0.0034937 seconds
2018-10-23T07:38:03.964+0000: 17.871: Total time for which application threads were stopped: 0.0031698 seconds, Stopping threads took: 0.0029623 seconds
2018-10-23T07:38:03.965+0000: 17.872: Total time for which application threads were stopped: 0.0001949 seconds, Stopping threads took: 0.0000429 seconds
2018-10-23T07:38:03.967+0000: 17.874: Total time for which application threads were stopped: 0.0015315 seconds, Stopping threads took: 0.0013101 seconds
2018-10-23T07:38:03.982+0000: 17.889: Total time for which application threads were stopped: 0.0115350 seconds, Stopping threads took: 0.0112229 seconds
2018-10-23T07:38:04.006+0000: 17.913: Total time for which application threads were stopped: 0.0081896 seconds, Stopping threads took: 0.0078741 seconds
2018-10-23T07:38:04.022+0000: 17.929: Total time for which application threads were stopped: 0.0046608 seconds, Stopping threads took: 0.0043465 seconds
{Heap before GC invocations=85 (full 1):
 par new generation   total 109248K, used 108793K [0x00000000e0000000, 0x00000000e8000000, 0x00000000e8000000)
  eden space 87424K, 100% used [0x00000000e0000000, 0x00000000e5560000, 0x00000000e5560000)
  from space 21824K,  97% used [0x00000000e6ab0000, 0x00000000e7f8e4f0, 0x00000000e8000000)
  to   space 21824K,   0% used [0x00000000e5560000, 0x00000000e5560000, 0x00000000e6ab0000)
 concurrent mark-sweep generation total 393216K, used 149794K [0x00000000e8000000, 0x0000000100000000, 0x0000000100000000)
 Metaspace       used 39690K, capacity 41397K, committed 41560K, reserved 1085440K
  class space    used 4553K, capacity 4953K, committed 4988K, reserved 1048576K
2018-10-23T07:38:04.062+0000: 17.969: [GC (Allocation Failure) 2018-10-23T07:38:04.062+0000: 17.969: [ParNew
Desired survivor size 20112992 bytes, new threshold 8 (max 8)
- age   1:    2920176 bytes,    2920176 total
- age   2:    6054624 bytes,    8974800 total
- age   3:    4732936 bytes,   13707736 total
- age   4:      86000 bytes,   13793736 total
- age   5:     148504 bytes,   13942240 total
- age   6:      80744 bytes,   14022984 total
- age   7:     837664 bytes,   14860648 total
- age   8:     317032 bytes,   15177680 total
: 108793K->21824K(109248K), 0.0635716 secs] 258587K->174498K(502464K), 0.0637128 secs] [Times: user=0.06 sys=0.00, real=0.06 secs] 
Heap after GC invocations=86 (full 1):
 par new generation   total 109248K, used 21824K [0x00000000e0000000, 0x00000000e8000000, 0x00000000e8000000)
  eden space 87424K,   0% used [0x00000000e0000000, 0x00000000e0000000, 0x00000000e5560000)
  from space 21824K, 100% used [0x00000000e5560000, 0x00000000e6ab0000, 0x00000000e6ab0000)
  to   space 21824K,   0% used [0x00000000e6ab0000, 0x00000000e6ab0000, 0x00000000e8000000)
 concurrent mark-sweep generation total 393216K, used 152674K [0x00000000e8000000, 0x0000000100000000, 0x0000000100000000)
 Metaspace       used 39690K, capacity 41397K, committed 41560K, reserved 1085440K
  class space    used 4553K, capacity 4953K, committed 4988K, reserved 1048576K
}
2018-10-23T07:38:04.126+0000: 18.033: Total time for which application threads were stopped: 0.0754202 seconds, Stopping threads took: 0.0112654 seconds
2018-10-23T07:38:04.150+0000: 18.057: Total time for which application threads were stopped: 0.0010162 seconds, Stopping threads took: 0.0007021 seconds
2018-10-23T07:38:04.150+0000: 18.057: Total time for which application threads were stopped: 0.0001619 seconds, Stopping threads took: 0.0000233 seconds
{Heap before GC invocations=86 (full 1):
 par new generation   total 109248K, used 109248K [0x00000000e0000000, 0x00000000e8000000, 0x00000000e8000000)
  eden space 87424K, 100% used [0x00000000e0000000, 0x00000000e5560000, 0x00000000e5560000)
  from space 21824K, 100% used [0x00000000e5560000, 0x00000000e6ab0000, 0x00000000e6ab0000)
  to   space 21824K,   0% used [0x00000000e6ab0000, 0x00000000e6ab0000, 0x00000000e8000000)
 concurrent mark-sweep generation total 393216K, used 152674K [0x00000000e8000000, 0x0000000100000000, 0x0000000100000000)
 Metaspace       used 39690K, capacity 41397K, committed 41560K, reserved 1085440K
  class space    used 4553K, capacity 4953K, committed 4988K, reserved 1048576K
2018-10-23T07:38:04.167+0000: 18.074: [GC (Allocation Failure) 2018-10-23T07:38:04.167+0000: 18.074: [ParNew
Desired survivor size 20112992 bytes, new threshold 8 (max 8)
- age   1:    2243656 bytes,    2243656 total
- age   2:    1573824 bytes,    3817480 total
- age   3:    5882648 bytes,    9700128 total
- age   4:    4732152 bytes,   14432280 total
- age   5:      86000 bytes,   14518280 total
- age   6:     147712 bytes,   14665992 total
- age   7:      80744 bytes,   14746736 total
- age   8:     836672 bytes,   15583408 total
: 109248K->17795K(109248K), 0.0610573 secs] 261922K->170783K(502464K), 0.0611748 secs] [Times: user=0.04 sys=0.00, real=0.06 secs] 
Heap after GC invocations=87 (full 1):
 par new generation   total 109248K, used 17795K [0x00000000e0000000, 0x00000000e8000000, 0x00000000e8000000)
  eden space 87424K,   0% used [0x00000000e0000000, 0x00000000e0000000, 0x00000000e5560000)
  from space 21824K,  81% used [0x00000000e6ab0000, 0x00000000e7c10dd8, 0x00000000e8000000)
  to   space 21824K,   0% used [0x00000000e5560000, 0x00000000e5560000, 0x00000000e6ab0000)
 concurrent mark-sweep generation total 393216K, used 152988K [0x00000000e8000000, 0x0000000100000000, 0x0000000100000000)
 Metaspace       used 39690K, capacity 41397K, committed 41560K, reserved 1085440K
  class space    used 4553K, capacity 4953K, committed 4988K, reserved 1048576K
}
2018-10-23T07:38:04.228+0000: 18.135: Total time for which application threads were stopped: 0.0615899 seconds, Stopping threads took: 0.0000685 seconds
{Heap before GC invocations=87 (full 1):
 par new generation   total 109248K, used 105219K [0x00000000e0000000, 0x00000000e8000000, 0x00000000e8000000)
  eden space 87424K, 100% used [0x00000000e0000000, 0x00000000e5560000, 0x00000000e5560000)
  from space 21824K,  81% used [0x00000000e6ab0000, 0x00000000e7c10dd8, 0x00000000e8000000)
  to   space 21824K,   0% used [0x00000000e5560000, 0x00000000e5560000, 0x00000000e6ab0000)
 concurrent mark-sweep generation total 393216K, used 152988K [0x00000000e8000000, 0x0000000100000000, 0x0000000100000000)
 Metaspace       used 39691K, capacity 41397K, committed 41560K, reserved 1085440K
  class space    used 4553K, capacity 4953K, committed 4988K, reserved 1048576K
2018-10-23T07:38:04.262+0000: 18.169: [GC (Allocation Failure) 2018-10-23T07:38:04.262+0000: 18.169: [ParNew
Desired survivor size 20112992 bytes, new threshold 8 (max 8)
- age   1:     591400 bytes,     591400 total
- age   2:    1784384 bytes,    2375784 total
- age   3:    1553472 bytes,    3929256 total
- age   4:    5882000 bytes,    9811256 total
- age   5:    4732152 bytes,   14543408 total
- age   6:      86000 bytes,   14629408 total
- age   7:     146808 bytes,   14776216 total
- age   8:      80744 bytes,   14856960 total
: 105219K->20086K(109248K), 0.0237304 secs] 258207K->173895K(502464K), 0.0238559 secs] [Times: user=0.04 sys=0.00, real=0.02 secs] 
Heap after GC invocations=88 (full 1):
 par new generation   total 109248K, used 20086K [0x00000000e0000000, 0x00000000e8000000, 0x00000000e8000000)
  eden space 87424K,   0% used [0x00000000e0000000, 0x00000000e0000000, 0x00000000e5560000)
  from space 21824K,  92% used [0x00000000e5560000, 0x00000000e68fd9a0, 0x00000000e6ab0000)
  to   space 21824K,   0% used [0x00000000e6ab0000, 0x00000000e6ab0000, 0x00000000e8000000)
 concurrent mark-sweep generation total 393216K, used 153808K [0x00000000e8000000, 0x0000000100000000, 0x0000000100000000)
 Metaspace       used 39691K, capacity 41397K, committed 41560K, reserved 1085440K
  class space    used 4553K, capacity 4953K, committed 4988K, reserved 1048576K
}
2018-10-23T07:38:04.286+0000: 18.193: Total time for which application threads were stopped: 0.0243946 seconds, Stopping threads took: 0.0001438 seconds
{Heap before GC invocations=88 (full 1):
 par new generation   total 109248K, used 107510K [0x00000000e0000000, 0x00000000e8000000, 0x00000000e8000000)
  eden space 87424K, 100% used [0x00000000e0000000, 0x00000000e5560000, 0x00000000e5560000)
  from space 21824K,  92% used [0x00000000e5560000, 0x00000000e68fd9a0, 0x00000000e6ab0000)
  to   space 21824K,   0% used [0x00000000e6ab0000, 0x00000000e6ab0000, 0x00000000e8000000)
 concurrent mark-sweep generation total 393216K, used 153808K [0x00000000e8000000, 0x0000000100000000, 0x0000000100000000)
 Metaspace       used 39693K, capacity 41397K, committed 41560K, reserved 1085440K
  class space    used 4553K, capacity 4953K, committed 4988K, reserved 1048576K
2018-10-23T07:38:04.328+0000: 18.235: [GC (Allocation Failure) 2018-10-23T07:38:04.328+0000: 18.235: [ParNew
Desired survivor size 20112992 bytes, new threshold 8 (max 8)
- age   1:     287600 bytes,     287600 total
- age   2:     120688 bytes,     408288 total
- age   3:    1783984 bytes,    2192272 total
- age   4:    1553472 bytes,    3745744 total
- age   5:    5881776 bytes,    9627520 total
- age   6:    4731360 bytes,   14358880 total
- age   7:      85008 bytes,   14443888 total
- age   8:     146808 bytes,   14590696 total
: 107510K->17577K(109248K), 0.0354718 secs] 261319K->171466K(502464K), 0.0355974 secs] [Times: user=0.06 sys=0.00, real=0.04 secs] 
Heap after GC invocations=89 (full 1):
 par new generation   total 109248K, used 17577K [0x00000000e0000000, 0x00000000e8000000, 0x00000000e8000000)
  eden space 87424K,   0% used [0x00000000e0000000, 0x00000000e0000000, 0x00000000e5560000)
  from space 21824K,  80% used [0x00000000e6ab0000, 0x00000000e7bda440, 0x00000000e8000000)
  to   space 21824K,   0% used [0x00000000e5560000, 0x00000000e5560000, 0x00000000e6ab0000)
 concurrent mark-sweep generation total 393216K, used 153889K [0x00000000e8000000, 0x0000000100000000, 0x0000000100000000)
 Metaspace       used 39693K, capacity 41397K, committed 41560K, reserved 1085440K
  class space    used 4553K, capacity 4953K, committed 4988K, reserved 1048576K
}
2018-10-23T07:38:04.364+0000: 18.271: Total time for which application threads were stopped: 0.0360668 seconds, Stopping threads took: 0.0000745 seconds
{Heap before GC invocations=89 (full 1):
 par new generation   total 109248K, used 105001K [0x00000000e0000000, 0x00000000e8000000, 0x00000000e8000000)
  eden space 87424K, 100% used [0x00000000e0000000, 0x00000000e5560000, 0x00000000e5560000)
  from space 21824K,  80% used [0x00000000e6ab0000, 0x00000000e7bda440, 0x00000000e8000000)
  to   space 21824K,   0% used [0x00000000e5560000, 0x00000000e5560000, 0x00000000e6ab0000)
 concurrent mark-sweep generation total 393216K, used 153889K [0x00000000e8000000, 0x0000000100000000, 0x0000000100000000)
 Metaspace       used 39693K, capacity 41397K, committed 41560K, reserved 1085440K
  class space    used 4553K, capacity 4953K, committed 4988K, reserved 1048576K
2018-10-23T07:38:04.412+0000: 18.319: [GC (Allocation Failure) 2018-10-23T07:38:04.412+0000: 18.319: [ParNew
Desired survivor size 20112992 bytes, new threshold 8 (max 8)
- age   1:     497136 bytes,     497136 total
- age   2:     134104 bytes,     631240 total
- age   3:     120064 bytes,     751304 total
- age   4:    1783328 bytes,    2534632 total
- age   5:    1553472 bytes,    4088104 total
- age   6:    5881776 bytes,    9969880 total
- age   7:    4731360 bytes,   14701240 total
- age   8:      85008 bytes,   14786248 total
: 105001K->16104K(109248K), 0.0253516 secs] 258890K->170140K(502464K), 0.0254885 secs] [Times: user=0.06 sys=0.00, real=0.02 secs] 
Heap after GC invocations=90 (full 1):
 par new generation   total 109248K, used 16104K [0x00000000e0000000, 0x00000000e8000000, 0x00000000e8000000)
  eden space 87424K,   0% used [0x00000000e0000000, 0x00000000e0000000, 0x00000000e5560000)
  from space 21824K,  73% used [0x00000000e5560000, 0x00000000e651a298, 0x00000000e6ab0000)
  to   space 21824K,   0% used [0x00000000e6ab0000, 0x00000000e6ab0000, 0x00000000e8000000)
 concurrent mark-sweep generation total 393216K, used 154036K [0x00000000e8000000, 0x0000000100000000, 0x0000000100000000)
 Metaspace       used 39693K, capacity 41397K, committed 41560K, reserved 1085440K
  class space    used 4553K, capacity 4953K, committed 4988K, reserved 1048576K
}
2018-10-23T07:38:04.438+0000: 18.344: Total time for which application threads were stopped: 0.0259599 seconds, Stopping threads took: 0.0000711 seconds
2018-10-23T07:38:04.602+0000: 18.509: Total time for which application threads were stopped: 0.0066365 seconds, Stopping threads took: 0.0063093 seconds
2018-10-23T07:38:04.604+0000: 18.510: Total time for which application threads were stopped: 0.0002372 seconds, Stopping threads took: 0.0000839 seconds
2018-10-23T07:38:04.606+0000: 18.512: Total time for which application threads were stopped: 0.0002972 seconds, Stopping threads took: 0.0001495 seconds
2018-10-23T07:38:04.615+0000: 18.522: Total time for which application threads were stopped: 0.0079071 seconds, Stopping threads took: 0.0077211 seconds
2018-10-23T07:38:04.618+0000: 18.525: Total time for which application threads were stopped: 0.0028046 seconds, Stopping threads took: 0.0026541 seconds
2018-10-23T07:38:04.620+0000: 18.526: Total time for which application threads were stopped: 0.0012311 seconds, Stopping threads took: 0.0000239 seconds
2018-10-23T07:38:04.689+0000: 18.596: Total time for which application threads were stopped: 0.0006124 seconds, Stopping threads took: 0.0002583 seconds
2018-10-23T07:38:04.700+0000: 18.607: Total time for which application threads were stopped: 0.0005695 seconds, Stopping threads took: 0.0002697 seconds
2018-10-23T07:38:04.701+0000: 18.608: Total time for which application threads were stopped: 0.0002274 seconds, Stopping threads took: 0.0000591 seconds
2018-10-23T07:38:04.701+0000: 18.608: Total time for which application threads were stopped: 0.0002988 seconds, Stopping threads took: 0.0001473 seconds
2018-10-23T07:38:04.702+0000: 18.608: Total time for which application threads were stopped: 0.0003450 seconds, Stopping threads took: 0.0001641 seconds
{Heap before GC invocations=90 (full 1):
 par new generation   total 109248K, used 103528K [0x00000000e0000000, 0x00000000e8000000, 0x00000000e8000000)
  eden space 87424K, 100% used [0x00000000e0000000, 0x00000000e5560000, 0x00000000e5560000)
  from space 21824K,  73% used [0x00000000e5560000, 0x00000000e651a298, 0x00000000e6ab0000)
  to   space 21824K,   0% used [0x00000000e6ab0000, 0x00000000e6ab0000, 0x00000000e8000000)
 concurrent mark-sweep generation total 393216K, used 154036K [0x00000000e8000000, 0x0000000100000000, 0x0000000100000000)
 Metaspace       used 39712K, capacity 41397K, committed 41560K, reserved 1085440K
  class space    used 4553K, capacity 4953K, committed 4988K, reserved 1048576K
2018-10-23T07:38:04.712+0000: 18.619: [GC (Allocation Failure) 2018-10-23T07:38:04.712+0000: 18.619: [ParNew
Desired survivor size 20112992 bytes, new threshold 8 (max 8)
- age   1:    9584320 bytes,    9584320 total
- age   2:      98216 bytes,    9682536 total
- age   3:      88280 bytes,    9770816 total
- age   4:     113816 bytes,    9884632 total
- age   5:     177384 bytes,   10062016 total
- age   6:    1403432 bytes,   11465448 total
- age   7:    5093008 bytes,   16558456 total
- age   8:    4727264 bytes,   21285720 total
: 103528K->21824K(109248K), 0.0433321 secs] 257564K->176797K(502464K), 0.0434493 secs] [Times: user=0.06 sys=0.00, real=0.04 secs] 
Heap after GC invocations=91 (full 1):
 par new generation   total 109248K, used 21824K [0x00000000e0000000, 0x00000000e8000000, 0x00000000e8000000)
  eden space 87424K,   0% used [0x00000000e0000000, 0x00000000e0000000, 0x00000000e5560000)
  from space 21824K, 100% used [0x00000000e6ab0000, 0x00000000e8000000, 0x00000000e8000000)
  to   space 21824K,   0% used [0x00000000e5560000, 0x00000000e5560000, 0x00000000e6ab0000)
 concurrent mark-sweep generation total 393216K, used 154973K [0x00000000e8000000, 0x0000000100000000, 0x0000000100000000)
 Metaspace       used 39712K, capacity 41397K, committed 41560K, reserved 1085440K
  class space    used 4553K, capacity 4953K, committed 4988K, reserved 1048576K
}
2018-10-23T07:38:04.756+0000: 18.663: Total time for which application threads were stopped: 0.0440174 seconds, Stopping threads took: 0.0002492 seconds
2018-10-23T07:38:04.822+0000: 18.729: Total time for which application threads were stopped: 0.0021719 seconds, Stopping threads took: 0.0018462 seconds
2018-10-23T07:38:04.866+0000: 18.773: Total time for which application threads were stopped: 0.0053897 seconds, Stopping threads took: 0.0050739 seconds
2018-10-23T07:38:04.866+0000: 18.773: Total time for which application threads were stopped: 0.0002504 seconds, Stopping threads took: 0.0000963 seconds
2018-10-23T07:38:04.867+0000: 18.774: Total time for which application threads were stopped: 0.0007056 seconds, Stopping threads took: 0.0001437 seconds
2018-10-23T07:38:04.870+0000: 18.777: Total time for which application threads were stopped: 0.0005587 seconds, Stopping threads took: 0.0000561 seconds
2018-10-23T07:38:04.898+0000: 18.805: Total time for which application threads were stopped: 0.0176109 seconds, Stopping threads took: 0.0172859 seconds
{Heap before GC invocations=91 (full 1):
 par new generation   total 109248K, used 109248K [0x00000000e0000000, 0x00000000e8000000, 0x00000000e8000000)
  eden space 87424K, 100% used [0x00000000e0000000, 0x00000000e5560000, 0x00000000e5560000)
  from space 21824K, 100% used [0x00000000e6ab0000, 0x00000000e8000000, 0x00000000e8000000)
  to   space 21824K,   0% used [0x00000000e5560000, 0x00000000e5560000, 0x00000000e6ab0000)
 concurrent mark-sweep generation total 393216K, used 154973K [0x00000000e8000000, 0x0000000100000000, 0x0000000100000000)
 Metaspace       used 39730K, capacity 41397K, committed 41560K, reserved 1085440K
  class space    used 4553K, capacity 4953K, committed 4988K, reserved 1048576K
2018-10-23T07:38:04.941+0000: 18.848: [GC (Allocation Failure) 2018-10-23T07:38:04.941+0000: 18.848: [ParNew
Desired survivor size 20112992 bytes, new threshold 8 (max 8)
- age   1:    4400512 bytes,    4400512 total
- age   2:    9303464 bytes,   13703976 total
- age   3:      98048 bytes,   13802024 total
- age   4:      87880 bytes,   13889904 total
- age   5:     113632 bytes,   14003536 total
- age   6:     175240 bytes,   14178776 total
- age   7:    1394048 bytes,   15572824 total
- age   8:    5091392 bytes,   20664216 total
: 109248K->21824K(109248K), 0.0938248 secs] 264221K->181940K(502464K), 0.0939517 secs] [Times: user=0.10 sys=0.00, real=0.09 secs] 
Heap after GC invocations=92 (full 1):
 par new generation   total 109248K, used 21824K [0x00000000e0000000, 0x00000000e8000000, 0x00000000e8000000)
  eden space 87424K,   0% used [0x00000000e0000000, 0x00000000e0000000, 0x00000000e5560000)
  from space 21824K, 100% used [0x00000000e5560000, 0x00000000e6ab0000, 0x00000000e6ab0000)
  to   space 21824K,   0% used [0x00000000e6ab0000, 0x00000000e6ab0000, 0x00000000e8000000)
 concurrent mark-sweep generation total 393216K, used 160116K [0x00000000e8000000, 0x0000000100000000, 0x0000000100000000)
 Metaspace       used 39730K, capacity 41397K, committed 41560K, reserved 1085440K
  class space    used 4553K, capacity 4953K, committed 4988K, reserved 1048576K
}
2018-10-23T07:38:05.035+0000: 18.942: Total time for which application threads were stopped: 0.1028245 seconds, Stopping threads took: 0.0084486 seconds
2018-10-23T07:38:05.036+0000: 18.943: Total time for which application threads were stopped: 0.0004178 seconds, Stopping threads took: 0.0001081 seconds
2018-10-23T07:38:05.045+0000: 18.951: Total time for which application threads were stopped: 0.0010913 seconds, Stopping threads took: 0.0008172 seconds
{Heap before GC invocations=92 (full 1):
 par new generation   total 109248K, used 109248K [0x00000000e0000000, 0x00000000e8000000, 0x00000000e8000000)
  eden space 87424K, 100% used [0x00000000e0000000, 0x00000000e5560000, 0x00000000e5560000)
  from space 21824K, 100% used [0x00000000e5560000, 0x00000000e6ab0000, 0x00000000e6ab0000)
  to   space 21824K,   0% used [0x00000000e6ab0000, 0x00000000e6ab0000, 0x00000000e8000000)
 concurrent mark-sweep generation total 393216K, used 160116K [0x00000000e8000000, 0x0000000100000000, 0x0000000100000000)
 Metaspace       used 39738K, capacity 41397K, committed 41560K, reserved 1085440K
  class space    used 4553K, capacity 4953K, committed 4988K, reserved 1048576K
2018-10-23T07:38:05.094+0000: 19.001: [GC (Allocation Failure) 2018-10-23T07:38:05.094+0000: 19.001: [ParNew
Desired survivor size 20112992 bytes, new threshold 8 (max 8)
- age   1:    2359104 bytes,    2359104 total
- age   2:    3765600 bytes,    6124704 total
- age   3:    8975584 bytes,   15100288 total
- age   4:      98048 bytes,   15198336 total
- age   5:      87824 bytes,   15286160 total
- age   6:     112448 bytes,   15398608 total
- age   7:     174528 bytes,   15573136 total
- age   8:    1383760 bytes,   16956896 total
: 109248K->21824K(109248K), 0.0386228 secs] 269364K->187283K(502464K), 0.0387494 secs] [Times: user=0.06 sys=0.00, real=0.04 secs] 
Heap after GC invocations=93 (full 1):
 par new generation   total 109248K, used 21824K [0x00000000e0000000, 0x00000000e8000000, 0x00000000e8000000)
  eden space 87424K,   0% used [0x00000000e0000000, 0x00000000e0000000, 0x00000000e5560000)
  from space 21824K, 100% used [0x00000000e6ab0000, 0x00000000e8000000, 0x00000000e8000000)
  to   space 21824K,   0% used [0x00000000e5560000, 0x00000000e5560000, 0x00000000e6ab0000)
 concurrent mark-sweep generation total 393216K, used 165459K [0x00000000e8000000, 0x0000000100000000, 0x0000000100000000)
 Metaspace       used 39738K, capacity 41397K, committed 41560K, reserved 1085440K
  class space    used 4553K, capacity 4953K, committed 4988K, reserved 1048576K
}
2018-10-23T07:38:05.133+0000: 19.039: Total time for which application threads were stopped: 0.0452132 seconds, Stopping threads took: 0.0060160 seconds
2018-10-23T07:38:05.133+0000: 19.040: Total time for which application threads were stopped: 0.0007993 seconds, Stopping threads took: 0.0000570 seconds
2018-10-23T07:38:05.134+0000: 19.041: Total time for which application threads were stopped: 0.0002342 seconds, Stopping threads took: 0.0000238 seconds
{Heap before GC invocations=93 (full 1):
 par new generation   total 109248K, used 109248K [0x00000000e0000000, 0x00000000e8000000, 0x00000000e8000000)
  eden space 87424K, 100% used [0x00000000e0000000, 0x00000000e5560000, 0x00000000e5560000)
  from space 21824K, 100% used [0x00000000e6ab0000, 0x00000000e8000000, 0x00000000e8000000)
  to   space 21824K,   0% used [0x00000000e5560000, 0x00000000e5560000, 0x00000000e6ab0000)
 concurrent mark-sweep generation total 393216K, used 165459K [0x00000000e8000000, 0x0000000100000000, 0x0000000100000000)
 Metaspace       used 39739K, capacity 41397K, committed 41560K, reserved 1085440K
  class space    used 4553K, capacity 4953K, committed 4988K, reserved 1048576K
2018-10-23T07:38:05.178+0000: 19.085: [GC (Allocation Failure) 2018-10-23T07:38:05.178+0000: 19.085: [ParNew
Desired survivor size 20112992 bytes, new threshold 8 (max 8)
- age   1:    1408960 bytes,    1408960 total
- age   2:    1597112 bytes,    3006072 total
- age   3:    3755928 bytes,    6762000 total
- age   4:    8975584 bytes,   15737584 total
- age   5:      98048 bytes,   15835632 total
- age   6:      87824 bytes,   15923456 total
- age   7:     112448 bytes,   16035904 total
- age   8:     173872 bytes,   16209776 total
: 109248K->21824K(109248K), 0.0159466 secs] 274707K->188640K(502464K), 0.0160866 secs] [Times: user=0.04 sys=0.00, real=0.01 secs] 
Heap after GC invocations=94 (full 1):
 par new generation   total 109248K, used 21824K [0x00000000e0000000, 0x00000000e8000000, 0x00000000e8000000)
  eden space 87424K,   0% used [0x00000000e0000000, 0x00000000e0000000, 0x00000000e5560000)
  from space 21824K, 100% used [0x00000000e5560000, 0x00000000e6ab0000, 0x00000000e6ab0000)
  to   space 21824K,   0% used [0x00000000e6ab0000, 0x00000000e6ab0000, 0x00000000e8000000)
 concurrent mark-sweep generation total 393216K, used 166816K [0x00000000e8000000, 0x0000000100000000, 0x0000000100000000)
 Metaspace       used 39739K, capacity 41397K, committed 41560K, reserved 1085440K
  class space    used 4553K, capacity 4953K, committed 4988K, reserved 1048576K
}
2018-10-23T07:38:05.194+0000: 19.101: Total time for which application threads were stopped: 0.0252953 seconds, Stopping threads took: 0.0087383 seconds
{Heap before GC invocations=94 (full 1):
 par new generation   total 109248K, used 109248K [0x00000000e0000000, 0x00000000e8000000, 0x00000000e8000000)
  eden space 87424K, 100% used [0x00000000e0000000, 0x00000000e5560000, 0x00000000e5560000)
  from space 21824K, 100% used [0x00000000e5560000, 0x00000000e6ab0000, 0x00000000e6ab0000)
  to   space 21824K,   0% used [0x00000000e6ab0000, 0x00000000e6ab0000, 0x00000000e8000000)
 concurrent mark-sweep generation total 393216K, used 166816K [0x00000000e8000000, 0x0000000100000000, 0x0000000100000000)
 Metaspace       used 39739K, capacity 41397K, committed 41560K, reserved 1085440K
  class space    used 4553K, capacity 4953K, committed 4988K, reserved 1048576K
2018-10-23T07:38:05.234+0000: 19.141: [GC (Allocation Failure) 2018-10-23T07:38:05.234+0000: 19.141: [ParNew
Desired survivor size 20112992 bytes, new threshold 8 (max 8)
- age   1:     792216 bytes,     792216 total
- age   2:     928472 bytes,    1720688 total
- age   3:    1587056 bytes,    3307744 total
- age   4:    3755928 bytes,    7063672 total
- age   5:    8974792 bytes,   16038464 total
- age   6:      98048 bytes,   16136512 total
- age   7:      87824 bytes,   16224336 total
- age   8:     111456 bytes,   16335792 total
: 109248K->21824K(109248K), 0.0361029 secs] 276064K->188812K(502464K), 0.0362322 secs] [Times: user=0.04 sys=0.00, real=0.04 secs] 
Heap after GC invocations=95 (full 1):
 par new generation   total 109248K, used 21824K [0x00000000e0000000, 0x00000000e8000000, 0x00000000e8000000)
  eden space 87424K,   0% used [0x00000000e0000000, 0x00000000e0000000, 0x00000000e5560000)
  from space 21824K, 100% used [0x00000000e6ab0000, 0x00000000e8000000, 0x00000000e8000000)
  to   space 21824K,   0% used [0x00000000e5560000, 0x00000000e5560000, 0x00000000e6ab0000)
 concurrent mark-sweep generation total 393216K, used 166988K [0x00000000e8000000, 0x0000000100000000, 0x0000000100000000)
 Metaspace       used 39739K, capacity 41397K, committed 41560K, reserved 1085440K
  class space    used 4553K, capacity 4953K, committed 4988K, reserved 1048576K
}
2018-10-23T07:38:05.270+0000: 19.177: Total time for which application threads were stopped: 0.0453187 seconds, Stopping threads took: 0.0086267 seconds
{Heap before GC invocations=95 (full 1):
 par new generation   total 109248K, used 109248K [0x00000000e0000000, 0x00000000e8000000, 0x00000000e8000000)
  eden space 87424K, 100% used [0x00000000e0000000, 0x00000000e5560000, 0x00000000e5560000)
  from space 21824K, 100% used [0x00000000e6ab0000, 0x00000000e8000000, 0x00000000e8000000)
  to   space 21824K,   0% used [0x00000000e5560000, 0x00000000e5560000, 0x00000000e6ab0000)
 concurrent mark-sweep generation total 393216K, used 166988K [0x00000000e8000000, 0x0000000100000000, 0x0000000100000000)
 Metaspace       used 39739K, capacity 41397K, committed 41560K, reserved 1085440K
  class space    used 4553K, capacity 4953K, committed 4988K, reserved 1048576K
2018-10-23T07:38:05.294+0000: 19.201: [GC (Allocation Failure) 2018-10-23T07:38:05.294+0000: 19.201: [ParNew
Desired survivor size 20112992 bytes, new threshold 8 (max 8)
- age   1:     780160 bytes,     780160 total
- age   2:     107176 bytes,     887336 total
- age   3:     928160 bytes,    1815496 total
- age   4:    1587056 bytes,    3402552 total
- age   5:    3755928 bytes,    7158480 total
- age   6:    8974792 bytes,   16133272 total
- age   7:      98048 bytes,   16231320 total
- age   8:      87824 bytes,   16319144 total
: 109248K->20413K(109248K), 0.0147287 secs] 276236K->187514K(502464K), 0.0148582 secs] [Times: user=0.04 sys=0.00, real=0.01 secs] 
Heap after GC invocations=96 (full 1):
 par new generation   total 109248K, used 20413K [0x00000000e0000000, 0x00000000e8000000, 0x00000000e8000000)
  eden space 87424K,   0% used [0x00000000e0000000, 0x00000000e0000000, 0x00000000e5560000)
  from space 21824K,  93% used [0x00000000e5560000, 0x00000000e694f7f0, 0x00000000e6ab0000)
  to   space 21824K,   0% used [0x00000000e6ab0000, 0x00000000e6ab0000, 0x00000000e8000000)
 concurrent mark-sweep generation total 393216K, used 167100K [0x00000000e8000000, 0x0000000100000000, 0x0000000100000000)
 Metaspace       used 39739K, capacity 41397K, committed 41560K, reserved 1085440K
  class space    used 4553K, capacity 4953K, committed 4988K, reserved 1048576K
}
2018-10-23T07:38:05.309+0000: 19.216: Total time for which application threads were stopped: 0.0154469 seconds, Stopping threads took: 0.0001765 seconds
{Heap before GC invocations=96 (full 1):
 par new generation   total 109248K, used 107837K [0x00000000e0000000, 0x00000000e8000000, 0x00000000e8000000)
  eden space 87424K, 100% used [0x00000000e0000000, 0x00000000e5560000, 0x00000000e5560000)
  from space 21824K,  93% used [0x00000000e5560000, 0x00000000e694f7f0, 0x00000000e6ab0000)
  to   space 21824K,   0% used [0x00000000e6ab0000, 0x00000000e6ab0000, 0x00000000e8000000)
 concurrent mark-sweep generation total 393216K, used 167100K [0x00000000e8000000, 0x0000000100000000, 0x0000000100000000)
 Metaspace       used 39739K, capacity 41397K, committed 41560K, reserved 1085440K
  class space    used 4553K, capacity 4953K, committed 4988K, reserved 1048576K
2018-10-23T07:38:05.371+0000: 19.277: [GC (Allocation Failure) 2018-10-23T07:38:05.371+0000: 19.278: [ParNew
Desired survivor size 20112992 bytes, new threshold 8 (max 8)
- age   1:     673176 bytes,     673176 total
- age   2:      76336 bytes,     749512 total
- age   3:      95728 bytes,     845240 total
- age   4:     926712 bytes,    1771952 total
- age   5:    1585280 bytes,    3357232 total
- age   6:    3750816 bytes,    7108048 total
- age   7:    9025312 bytes,   16133360 total
- age   8:      98048 bytes,   16231408 total
: 107837K->21824K(109248K), 0.0462378 secs] 274938K->189012K(502464K), 0.0463633 secs] [Times: user=0.05 sys=0.00, real=0.04 secs] 
Heap after GC invocations=97 (full 1):
 par new generation   total 109248K, used 21824K [0x00000000e0000000, 0x00000000e8000000, 0x00000000e8000000)
  eden space 87424K,   0% used [0x00000000e0000000, 0x00000000e0000000, 0x00000000e5560000)
  from space 21824K, 100% used [0x00000000e6ab0000, 0x00000000e8000000, 0x00000000e8000000)
  to   space 21824K,   0% used [0x00000000e5560000, 0x00000000e5560000, 0x00000000e6ab0000)
 concurrent mark-sweep generation total 393216K, used 167188K [0x00000000e8000000, 0x0000000100000000, 0x0000000100000000)
 Metaspace       used 39739K, capacity 41397K, committed 41560K, reserved 1085440K
  class space    used 4553K, capacity 4953K, committed 4988K, reserved 1048576K
}
2018-10-23T07:38:05.417+0000: 19.324: Total time for which application threads were stopped: 0.0502984 seconds, Stopping threads took: 0.0035033 seconds
{Heap before GC invocations=97 (full 1):
 par new generation   total 109248K, used 109248K [0x00000000e0000000, 0x00000000e8000000, 0x00000000e8000000)
  eden space 87424K, 100% used [0x00000000e0000000, 0x00000000e5560000, 0x00000000e5560000)
  from space 21824K, 100% used [0x00000000e6ab0000, 0x00000000e8000000, 0x00000000e8000000)
  to   space 21824K,   0% used [0x00000000e5560000, 0x00000000e5560000, 0x00000000e6ab0000)
 concurrent mark-sweep generation total 393216K, used 167188K [0x00000000e8000000, 0x0000000100000000, 0x0000000100000000)
 Metaspace       used 39768K, capacity 41397K, committed 41560K, reserved 1085440K
  class space    used 4553K, capacity 4953K, committed 4988K, reserved 1048576K
2018-10-23T07:38:05.702+0000: 19.609: [GC (Allocation Failure) 2018-10-23T07:38:05.702+0000: 19.609: [ParNew
Desired survivor size 20112992 bytes, new threshold 8 (max 8)
- age   1:    6580576 bytes,    6580576 total
- age   2:     208792 bytes,    6789368 total
- age   3:      75920 bytes,    6865288 total
- age   4:      94816 bytes,    6960104 total
- age   5:     132040 bytes,    7092144 total
- age   6:     793312 bytes,    7885456 total
- age   7:    3603160 bytes,   11488616 total
- age   8:    8680928 bytes,   20169544 total
: 109248K->21824K(109248K), 0.0413594 secs] 276436K->190305K(502464K), 0.0414946 secs] [Times: user=0.06 sys=0.00, real=0.04 secs] 
Heap after GC invocations=98 (full 1):
 par new generation   total 109248K, used 21824K [0x00000000e0000000, 0x00000000e8000000, 0x00000000e8000000)
  eden space 87424K,   0% used [0x00000000e0000000, 0x00000000e0000000, 0x00000000e5560000)
  from space 21824K, 100% used [0x00000000e5560000, 0x00000000e6ab0000, 0x00000000e6ab0000)
  to   space 21824K,   0% used [0x00000000e6ab0000, 0x00000000e6ab0000, 0x00000000e8000000)
 concurrent mark-sweep generation total 393216K, used 168481K [0x00000000e8000000, 0x0000000100000000, 0x0000000100000000)
 Metaspace       used 39768K, capacity 41397K, committed 41560K, reserved 1085440K
  class space    used 4553K, capacity 4953K, committed 4988K, reserved 1048576K
}
2018-10-23T07:38:05.744+0000: 19.651: Total time for which application threads were stopped: 0.0492159 seconds, Stopping threads took: 0.0072303 seconds
2018-10-23T07:38:05.773+0000: 19.680: Total time for which application threads were stopped: 0.0066212 seconds, Stopping threads took: 0.0063355 seconds
2018-10-23T07:38:05.787+0000: 19.693: Total time for which application threads were stopped: 0.0025585 seconds, Stopping threads took: 0.0022862 seconds
2018-10-23T07:38:05.844+0000: 19.751: Total time for which application threads were stopped: 0.0005470 seconds, Stopping threads took: 0.0002329 seconds
{Heap before GC invocations=98 (full 1):
 par new generation   total 109248K, used 109248K [0x00000000e0000000, 0x00000000e8000000, 0x00000000e8000000)
  eden space 87424K, 100% used [0x00000000e0000000, 0x00000000e5560000, 0x00000000e5560000)
  from space 21824K, 100% used [0x00000000e5560000, 0x00000000e6ab0000, 0x00000000e6ab0000)
  to   space 21824K,   0% used [0x00000000e6ab0000, 0x00000000e6ab0000, 0x00000000e8000000)
 concurrent mark-sweep generation total 393216K, used 168481K [0x00000000e8000000, 0x0000000100000000, 0x0000000100000000)
 Metaspace       used 39782K, capacity 41397K, committed 41560K, reserved 1085440K
  class space    used 4553K, capacity 4953K, committed 4988K, reserved 1048576K
2018-10-23T07:38:05.891+0000: 19.798: [GC (Allocation Failure) 2018-10-23T07:38:05.892+0000: 19.798: [ParNew
Desired survivor size 20112992 bytes, new threshold 8 (max 8)
- age   1:    5233480 bytes,    5233480 total
- age   2:    6208816 bytes,   11442296 total
- age   3:     198792 bytes,   11641088 total
- age   4:      75920 bytes,   11717008 total
- age   5:      94816 bytes,   11811824 total
- age   6:     131784 bytes,   11943608 total
- age   7:     785600 bytes,   12729208 total
- age   8:    3598176 bytes,   16327384 total
: 109248K->21824K(109248K), 0.0653521 secs] 277729K->199981K(502464K), 0.0654870 secs] [Times: user=0.07 sys=0.00, real=0.06 secs] 
Heap after GC invocations=99 (full 1):
 par new generation   total 109248K, used 21824K [0x00000000e0000000, 0x00000000e8000000, 0x00000000e8000000)
  eden space 87424K,   0% used [0x00000000e0000000, 0x00000000e0000000, 0x00000000e5560000)
  from space 21824K, 100% used [0x00000000e6ab0000, 0x00000000e8000000, 0x00000000e8000000)
  to   space 21824K,   0% used [0x00000000e5560000, 0x00000000e5560000, 0x00000000e6ab0000)
 concurrent mark-sweep generation total 393216K, used 178157K [0x00000000e8000000, 0x0000000100000000, 0x0000000100000000)
 Metaspace       used 39782K, capacity 41397K, committed 41560K, reserved 1085440K
  class space    used 4553K, capacity 4953K, committed 4988K, reserved 1048576K
}
2018-10-23T07:38:05.957+0000: 19.864: Total time for which application threads were stopped: 0.0719442 seconds, Stopping threads took: 0.0060154 seconds
2018-10-23T07:38:05.965+0000: 19.872: Total time for which application threads were stopped: 0.0071307 seconds, Stopping threads took: 0.0063512 seconds
2018-10-23T07:38:05.971+0000: 19.878: Total time for which application threads were stopped: 0.0025717 seconds, Stopping threads took: 0.0024008 seconds
{Heap before GC invocations=99 (full 1):
 par new generation   total 109248K, used 109248K [0x00000000e0000000, 0x00000000e8000000, 0x00000000e8000000)
  eden space 87424K, 100% used [0x00000000e0000000, 0x00000000e5560000, 0x00000000e5560000)
  from space 21824K, 100% used [0x00000000e6ab0000, 0x00000000e8000000, 0x00000000e8000000)
  to   space 21824K,   0% used [0x00000000e5560000, 0x00000000e5560000, 0x00000000e6ab0000)
 concurrent mark-sweep generation total 393216K, used 178157K [0x00000000e8000000, 0x0000000100000000, 0x0000000100000000)
 Metaspace       used 39785K, capacity 41461K, committed 41560K, reserved 1085440K
  class space    used 4553K, capacity 4953K, committed 4988K, reserved 1048576K
2018-10-23T07:38:06.003+0000: 19.909: [GC (Allocation Failure) 2018-10-23T07:38:06.003+0000: 19.910: [ParNew
Desired survivor size 20112992 bytes, new threshold 8 (max 8)
- age   1:    1157576 bytes,    1157576 total
- age   2:    4879168 bytes,    6036744 total
- age   3:    5971600 bytes,   12008344 total
- age   4:     198000 bytes,   12206344 total
- age   5:      75920 bytes,   12282264 total
- age   6:      94816 bytes,   12377080 total
- age   7:     131784 bytes,   12508864 total
- age   8:     784608 bytes,   13293472 total
: 109248K->17942K(109248K), 0.0425639 secs] 287405K->199625K(502464K), 0.0426741 secs] [Times: user=0.07 sys=0.00, real=0.04 secs] 
Heap after GC invocations=100 (full 1):
 par new generation   total 109248K, used 17942K [0x00000000e0000000, 0x00000000e8000000, 0x00000000e8000000)
  eden space 87424K,   0% used [0x00000000e0000000, 0x00000000e0000000, 0x00000000e5560000)
  from space 21824K,  82% used [0x00000000e5560000, 0x00000000e66e58d0, 0x00000000e6ab0000)
  to   space 21824K,   0% used [0x00000000e6ab0000, 0x00000000e6ab0000, 0x00000000e8000000)
 concurrent mark-sweep generation total 393216K, used 181683K [0x00000000e8000000, 0x0000000100000000, 0x0000000100000000)
 Metaspace       used 39785K, capacity 41461K, committed 41560K, reserved 1085440K
  class space    used 4553K, capacity 4953K, committed 4988K, reserved 1048576K
}
2018-10-23T07:38:06.045+0000: 19.952: Total time for which application threads were stopped: 0.0470875 seconds, Stopping threads took: 0.0039883 seconds
{Heap before GC invocations=100 (full 1):
 par new generation   total 109248K, used 105366K [0x00000000e0000000, 0x00000000e8000000, 0x00000000e8000000)
  eden space 87424K, 100% used [0x00000000e0000000, 0x00000000e5560000, 0x00000000e5560000)
  from space 21824K,  82% used [0x00000000e5560000, 0x00000000e66e58d0, 0x00000000e6ab0000)
  to   space 21824K,   0% used [0x00000000e6ab0000, 0x00000000e6ab0000, 0x00000000e8000000)
 concurrent mark-sweep generation total 393216K, used 181683K [0x00000000e8000000, 0x0000000100000000, 0x0000000100000000)
 Metaspace       used 39785K, capacity 41461K, committed 41560K, reserved 1085440K
  class space    used 4553K, capacity 4953K, committed 4988K, reserved 1048576K
2018-10-23T07:38:06.088+0000: 19.995: [GC (Allocation Failure) 2018-10-23T07:38:06.088+0000: 19.995: [ParNew
Desired survivor size 20112992 bytes, new threshold 8 (max 8)
- age   1:     519896 bytes,     519896 total
- age   2:     954888 bytes,    1474784 total
- age   3:    4710600 bytes,    6185384 total
- age   4:    5970552 bytes,   12155936 total
- age   5:     198000 bytes,   12353936 total
- age   6:      75920 bytes,   12429856 total
- age   7:      94816 bytes,   12524672 total
- age   8:     131784 bytes,   12656456 total
: 105366K->14862K(109248K), 0.0252989 secs] 287049K->197315K(502464K), 0.0254305 secs] [Times: user=0.04 sys=0.00, real=0.03 secs] 
Heap after GC invocations=101 (full 1):
 par new generation   total 109248K, used 14862K [0x00000000e0000000, 0x00000000e8000000, 0x00000000e8000000)
  eden space 87424K,   0% used [0x00000000e0000000, 0x00000000e0000000, 0x00000000e5560000)
  from space 21824K,  68% used [0x00000000e6ab0000, 0x00000000e7933b00, 0x00000000e8000000)
  to   space 21824K,   0% used [0x00000000e5560000, 0x00000000e5560000, 0x00000000e6ab0000)
 concurrent mark-sweep generation total 393216K, used 182452K [0x00000000e8000000, 0x0000000100000000, 0x0000000100000000)
 Metaspace       used 39785K, capacity 41461K, committed 41560K, reserved 1085440K
  class space    used 4553K, capacity 4953K, committed 4988K, reserved 1048576K
}
2018-10-23T07:38:06.114+0000: 20.020: Total time for which application threads were stopped: 0.0259869 seconds, Stopping threads took: 0.0001337 seconds
{Heap before GC invocations=101 (full 1):
 par new generation   total 109248K, used 102286K [0x00000000e0000000, 0x00000000e8000000, 0x00000000e8000000)
  eden space 87424K, 100% used [0x00000000e0000000, 0x00000000e5560000, 0x00000000e5560000)
  from space 21824K,  68% used [0x00000000e6ab0000, 0x00000000e7933b00, 0x00000000e8000000)
  to   space 21824K,   0% used [0x00000000e5560000, 0x00000000e5560000, 0x00000000e6ab0000)
 concurrent mark-sweep generation total 393216K, used 182452K [0x00000000e8000000, 0x0000000100000000, 0x0000000100000000)
 Metaspace       used 39785K, capacity 41461K, committed 41560K, reserved 1085440K
  class space    used 4553K, capacity 4953K, committed 4988K, reserved 1048576K
2018-10-23T07:38:06.167+0000: 20.074: [GC (Allocation Failure) 2018-10-23T07:38:06.167+0000: 20.074: [ParNew
Desired survivor size 20112992 bytes, new threshold 8 (max 8)
- age   1:     432640 bytes,     432640 total
- age   2:      74728 bytes,     507368 total
- age   3:     954888 bytes,    1462256 total
- age   4:    4710600 bytes,    6172856 total
- age   5:    5970552 bytes,   12143408 total
- age   6:     197208 bytes,   12340616 total
- age   7:      75920 bytes,   12416536 total
- age   8:      94816 bytes,   12511352 total
: 102286K->16691K(109248K), 0.0486292 secs] 284739K->199273K(502464K), 0.0487503 secs] [Times: user=0.05 sys=0.00, real=0.05 secs] 
Heap after GC invocations=102 (full 1):
 par new generation   total 109248K, used 16691K [0x00000000e0000000, 0x00000000e8000000, 0x00000000e8000000)
  eden space 87424K,   0% used [0x00000000e0000000, 0x00000000e0000000, 0x00000000e5560000)
  from space 21824K,  76% used [0x00000000e5560000, 0x00000000e65ace80, 0x00000000e6ab0000)
  to   space 21824K,   0% used [0x00000000e6ab0000, 0x00000000e6ab0000, 0x00000000e8000000)
 concurrent mark-sweep generation total 393216K, used 182582K [0x00000000e8000000, 0x0000000100000000, 0x0000000100000000)
 Metaspace       used 39785K, capacity 41461K, committed 41560K, reserved 1085440K
  class space    used 4553K, capacity 4953K, committed 4988K, reserved 1048576K
}
2018-10-23T07:38:06.216+0000: 20.123: Total time for which application threads were stopped: 0.0492824 seconds, Stopping threads took: 0.0001132 seconds
2018-10-23T07:38:06.512+0000: 20.418: Total time for which application threads were stopped: 0.0005093 seconds, Stopping threads took: 0.0001227 seconds
2018-10-23T07:38:06.515+0000: 20.422: Total time for which application threads were stopped: 0.0003542 seconds, Stopping threads took: 0.0001759 seconds
2018-10-23T07:38:07.516+0000: 21.423: Total time for which application threads were stopped: 0.0003976 seconds, Stopping threads took: 0.0000840 seconds
2018-10-23T07:38:17.518+0000: 31.425: Total time for which application threads were stopped: 0.0004504 seconds, Stopping threads took: 0.0001289 seconds
2018-10-23T07:38:47.696+0000: 61.603: Total time for which application threads were stopped: 0.0004685 seconds, Stopping threads took: 0.0001629 seconds
2018-10-23T07:38:47.702+0000: 61.609: Total time for which application threads were stopped: 0.0048985 seconds, Stopping threads took: 0.0046940 seconds
2018-10-23T07:38:47.702+0000: 61.609: Total time for which application threads were stopped: 0.0002511 seconds, Stopping threads took: 0.0000887 seconds
{Heap before GC invocations=102 (full 1):
 par new generation   total 109248K, used 104115K [0x00000000e0000000, 0x00000000e8000000, 0x00000000e8000000)
  eden space 87424K, 100% used [0x00000000e0000000, 0x00000000e5560000, 0x00000000e5560000)
  from space 21824K,  76% used [0x00000000e5560000, 0x00000000e65ace80, 0x00000000e6ab0000)
  to   space 21824K,   0% used [0x00000000e6ab0000, 0x00000000e6ab0000, 0x00000000e8000000)
 concurrent mark-sweep generation total 393216K, used 182582K [0x00000000e8000000, 0x0000000100000000, 0x0000000100000000)
 Metaspace       used 39905K, capacity 41531K, committed 41816K, reserved 1085440K
  class space    used 4566K, capacity 4954K, committed 4988K, reserved 1048576K
2018-10-23T07:38:47.714+0000: 61.621: [GC (Allocation Failure) 2018-10-23T07:38:47.714+0000: 61.621: [ParNew
Desired survivor size 20112992 bytes, new threshold 8 (max 8)
- age   1:    7490760 bytes,    7490760 total
- age   2:      85000 bytes,    7575760 total
- age   3:      71168 bytes,    7646928 total
- age   4:     155840 bytes,    7802768 total
- age   5:    3893496 bytes,   11696264 total
- age   6:    5967872 bytes,   17664136 total
- age   7:     176856 bytes,   17840992 total
- age   8:      75920 bytes,   17916912 total
: 104115K->21824K(109248K), 0.0127178 secs] 286697K->204501K(502464K), 0.0128396 secs] [Times: user=0.05 sys=0.00, real=0.01 secs] 
Heap after GC invocations=103 (full 1):
 par new generation   total 109248K, used 21824K [0x00000000e0000000, 0x00000000e8000000, 0x00000000e8000000)
  eden space 87424K,   0% used [0x00000000e0000000, 0x00000000e0000000, 0x00000000e5560000)
  from space 21824K, 100% used [0x00000000e6ab0000, 0x00000000e8000000, 0x00000000e8000000)
  to   space 21824K,   0% used [0x00000000e5560000, 0x00000000e5560000, 0x00000000e6ab0000)
 concurrent mark-sweep generation total 393216K, used 182677K [0x00000000e8000000, 0x0000000100000000, 0x0000000100000000)
 Metaspace       used 39905K, capacity 41531K, committed 41816K, reserved 1085440K
  class space    used 4566K, capacity 4954K, committed 4988K, reserved 1048576K
}
2018-10-23T07:38:47.727+0000: 61.634: Total time for which application threads were stopped: 0.0132805 seconds, Stopping threads took: 0.0000644 seconds
2018-10-23T07:38:47.728+0000: 61.634: Total time for which application threads were stopped: 0.0005053 seconds, Stopping threads took: 0.0001985 seconds
2018-10-23T07:38:47.735+0000: 61.642: Total time for which application threads were stopped: 0.0050376 seconds, Stopping threads took: 0.0048030 seconds
2018-10-23T07:38:47.738+0000: 61.645: Total time for which application threads were stopped: 0.0006248 seconds, Stopping threads took: 0.0002868 seconds
2018-10-23T07:38:47.740+0000: 61.647: Total time for which application threads were stopped: 0.0003930 seconds, Stopping threads took: 0.0001278 seconds
2018-10-23T07:38:47.740+0000: 61.647: Total time for which application threads were stopped: 0.0003523 seconds, Stopping threads took: 0.0001534 seconds
2018-10-23T07:38:47.746+0000: 61.653: Total time for which application threads were stopped: 0.0048476 seconds, Stopping threads took: 0.0045519 seconds
2018-10-23T07:38:47.747+0000: 61.654: Total time for which application threads were stopped: 0.0005156 seconds, Stopping threads took: 0.0002000 seconds
2018-10-23T07:38:47.752+0000: 61.659: Total time for which application threads were stopped: 0.0015685 seconds, Stopping threads took: 0.0001371 seconds
2018-10-23T07:38:47.759+0000: 61.666: Total time for which application threads were stopped: 0.0009896 seconds, Stopping threads took: 0.0001088 seconds
2018-10-23T07:38:47.763+0000: 61.670: Total time for which application threads were stopped: 0.0010349 seconds, Stopping threads took: 0.0001902 seconds
2018-10-23T07:38:47.767+0000: 61.674: Total time for which application threads were stopped: 0.0013772 seconds, Stopping threads took: 0.0001628 seconds
2018-10-23T07:38:47.767+0000: 61.674: Total time for which application threads were stopped: 0.0006974 seconds, Stopping threads took: 0.0000937 seconds
2018-10-23T07:38:47.771+0000: 61.678: Total time for which application threads were stopped: 0.0012918 seconds, Stopping threads took: 0.0003339 seconds
2018-10-23T07:38:47.783+0000: 61.690: Total time for which application threads were stopped: 0.0010188 seconds, Stopping threads took: 0.0001190 seconds
2018-10-23T07:38:47.786+0000: 61.693: Total time for which application threads were stopped: 0.0010574 seconds, Stopping threads took: 0.0002480 seconds
2018-10-23T07:38:47.790+0000: 61.697: Total time for which application threads were stopped: 0.0015564 seconds, Stopping threads took: 0.0002053 seconds
2018-10-23T07:38:47.829+0000: 61.735: Total time for which application threads were stopped: 0.0047975 seconds, Stopping threads took: 0.0039400 seconds
2018-10-23T07:38:47.840+0000: 61.747: Total time for which application threads were stopped: 0.0020363 seconds, Stopping threads took: 0.0006063 seconds
2018-10-23T07:38:47.840+0000: 61.747: Total time for which application threads were stopped: 0.0003184 seconds, Stopping threads took: 0.0001191 seconds
2018-10-23T07:38:47.847+0000: 61.754: Total time for which application threads were stopped: 0.0012472 seconds, Stopping threads took: 0.0004607 seconds
2018-10-23T07:38:47.915+0000: 61.822: Total time for which application threads were stopped: 0.0002516 seconds, Stopping threads took: 0.0000479 seconds
2018-10-23T07:38:47.915+0000: 61.822: Total time for which application threads were stopped: 0.0001339 seconds, Stopping threads took: 0.0000207 seconds
Heap
 par new generation   total 109248K, used 42956K [0x00000000e0000000, 0x00000000e8000000, 0x00000000e8000000)
  eden space 87424K,  24% used [0x00000000e0000000, 0x00000000e14a3018, 0x00000000e5560000)
  from space 21824K, 100% used [0x00000000e6ab0000, 0x00000000e8000000, 0x00000000e8000000)
  to   space 21824K,   0% used [0x00000000e5560000, 0x00000000e5560000, 0x00000000e6ab0000)
 concurrent mark-sweep generation total 393216K, used 182677K [0x00000000e8000000, 0x0000000100000000, 0x0000000100000000)
 Metaspace       used 39990K, capacity 41603K, committed 41816K, reserved 1085440K
  class space    used 4571K, capacity 4956K, committed 4988K, reserved 1048576K
