OpenJDK 64-Bit Server VM (25.151-b12) for linux-amd64 JRE (1.8.0_151-8u151-b12-1~deb9u1-b12), built on Nov  1 2017 14:17:57 by "pbuilder" with gcc 6.3.0 20170516
Memory: 4k page, physical 16431412k(3905564k free), swap 0k(0k free)
CommandLine flags: -XX:CMSInitiatingOccupancyFraction=50 -XX:CMSMaxAbortablePrecleanTime=6000 -XX:+CMSParallelRemarkEnabled -XX:+CMSScavengeBeforeRemark -XX:ConcGCThreads=4 -XX:GCLogFileSize=20971520 -XX:InitialHeapSize=536870912 -XX:MaxHeapSize=536870912 -XX:MaxTenuringThreshold=8 -XX:NewRatio=3 -XX:NumberOfGCLogFiles=9 -XX:OldPLABSize=16 -XX:-OmitStackTraceInFastThrow -XX:ParallelGCThreads=4 -XX:+ParallelRefProcEnabled -XX:PretenureSizeThreshold=67108864 -XX:+PrintGC -XX:+PrintGCApplicationStoppedTime -XX:+PrintGCDateStamps -XX:+PrintGCDetails -XX:+PrintGCTimeStamps -XX:+PrintHeapAtGC -XX:+PrintTenuringDistribution -XX:SurvivorRatio=4 -XX:TargetSurvivorRatio=90 -XX:ThreadStackSize=256 -XX:+UseCMSInitiatingOccupancyOnly -XX:+UseCompressedClassPointers -XX:+UseCompressedOops -XX:+UseConcMarkSweepGC -XX:+UseGCLogFileRotation -XX:+UseParNewGC 
2018-10-23T07:38:50.172+0000: 0.117: Total time for which application threads were stopped: 0.0001356 seconds, Stopping threads took: 0.0000610 seconds
2018-10-23T07:38:50.231+0000: 0.177: Total time for which application threads were stopped: 0.0001406 seconds, Stopping threads took: 0.0000433 seconds
2018-10-23T07:38:50.242+0000: 0.187: Total time for which application threads were stopped: 0.0001054 seconds, Stopping threads took: 0.0000523 seconds
2018-10-23T07:38:50.498+0000: 0.444: Total time for which application threads were stopped: 0.0002322 seconds, Stopping threads took: 0.0000446 seconds
2018-10-23T07:38:50.613+0000: 0.559: Total time for which application threads were stopped: 0.0002433 seconds, Stopping threads took: 0.0000635 seconds
2018-10-23T07:38:50.625+0000: 0.570: Total time for which application threads were stopped: 0.0001968 seconds, Stopping threads took: 0.0000560 seconds
2018-10-23T07:38:50.777+0000: 0.722: Total time for which application threads were stopped: 0.0002818 seconds, Stopping threads took: 0.0000458 seconds
2018-10-23T07:38:50.802+0000: 0.748: Total time for which application threads were stopped: 0.0002336 seconds, Stopping threads took: 0.0000352 seconds
{Heap before GC invocations=0 (full 0):
 par new generation   total 109248K, used 87424K [0x00000000e0000000, 0x00000000e8000000, 0x00000000e8000000)
  eden space 87424K, 100% used [0x00000000e0000000, 0x00000000e5560000, 0x00000000e5560000)
  from space 21824K,   0% used [0x00000000e5560000, 0x00000000e5560000, 0x00000000e6ab0000)
  to   space 21824K,   0% used [0x00000000e6ab0000, 0x00000000e6ab0000, 0x00000000e8000000)
 concurrent mark-sweep generation total 393216K, used 0K [0x00000000e8000000, 0x0000000100000000, 0x0000000100000000)
 Metaspace       used 18006K, capacity 18334K, committed 18688K, reserved 1064960K
  class space    used 2095K, capacity 2221K, committed 2304K, reserved 1048576K
2018-10-23T07:38:51.086+0000: 1.031: [GC (Allocation Failure) 2018-10-23T07:38:51.086+0000: 1.031: [ParNew
Desired survivor size 20112992 bytes, new threshold 8 (max 8)
- age   1:   10710776 bytes,   10710776 total
: 87424K->10570K(109248K), 0.0104437 secs] 87424K->10570K(502464K), 0.0105629 secs] [Times: user=0.03 sys=0.00, real=0.01 secs] 
Heap after GC invocations=1 (full 0):
 par new generation   total 109248K, used 10570K [0x00000000e0000000, 0x00000000e8000000, 0x00000000e8000000)
  eden space 87424K,   0% used [0x00000000e0000000, 0x00000000e0000000, 0x00000000e5560000)
  from space 21824K,  48% used [0x00000000e6ab0000, 0x00000000e7502a90, 0x00000000e8000000)
  to   space 21824K,   0% used [0x00000000e5560000, 0x00000000e5560000, 0x00000000e6ab0000)
 concurrent mark-sweep generation total 393216K, used 0K [0x00000000e8000000, 0x0000000100000000, 0x0000000100000000)
 Metaspace       used 18006K, capacity 18334K, committed 18688K, reserved 1064960K
  class space    used 2095K, capacity 2221K, committed 2304K, reserved 1048576K
}
2018-10-23T07:38:51.096+0000: 1.042: Total time for which application threads were stopped: 0.0108155 seconds, Stopping threads took: 0.0000416 seconds
2018-10-23T07:38:51.148+0000: 1.094: Total time for which application threads were stopped: 0.0003153 seconds, Stopping threads took: 0.0000426 seconds
2018-10-23T07:38:51.164+0000: 1.110: Total time for which application threads were stopped: 0.0002464 seconds, Stopping threads took: 0.0000415 seconds
2018-10-23T07:38:51.185+0000: 1.131: Total time for which application threads were stopped: 0.0002473 seconds, Stopping threads took: 0.0000401 seconds
2018-10-23T07:38:51.187+0000: 1.132: Total time for which application threads were stopped: 0.0001748 seconds, Stopping threads took: 0.0000454 seconds
2018-10-23T07:38:51.196+0000: 1.141: Total time for which application threads were stopped: 0.0001580 seconds, Stopping threads took: 0.0000166 seconds
2018-10-23T07:38:51.256+0000: 1.202: Total time for which application threads were stopped: 0.0003652 seconds, Stopping threads took: 0.0000548 seconds
2018-10-23T07:38:51.316+0000: 1.262: Total time for which application threads were stopped: 0.0001804 seconds, Stopping threads took: 0.0000474 seconds
2018-10-23T07:38:51.341+0000: 1.287: Total time for which application threads were stopped: 0.0001290 seconds, Stopping threads took: 0.0000452 seconds
2018-10-23T07:38:51.394+0000: 1.340: Total time for which application threads were stopped: 0.0001868 seconds, Stopping threads took: 0.0000727 seconds
2018-10-23T07:38:51.437+0000: 1.383: Total time for which application threads were stopped: 0.0001602 seconds, Stopping threads took: 0.0000629 seconds
2018-10-23T07:38:51.458+0000: 1.404: Total time for which application threads were stopped: 0.0001025 seconds, Stopping threads took: 0.0000341 seconds
2018-10-23T07:38:51.476+0000: 1.422: Total time for which application threads were stopped: 0.0001341 seconds, Stopping threads took: 0.0000378 seconds
2018-10-23T07:38:51.499+0000: 1.445: Total time for which application threads were stopped: 0.0002641 seconds, Stopping threads took: 0.0001429 seconds
2018-10-23T07:38:51.587+0000: 1.533: Total time for which application threads were stopped: 0.0005520 seconds, Stopping threads took: 0.0001799 seconds
2018-10-23T07:38:51.603+0000: 1.549: Total time for which application threads were stopped: 0.0001494 seconds, Stopping threads took: 0.0000554 seconds
2018-10-23T07:38:51.639+0000: 1.585: Total time for which application threads were stopped: 0.0004099 seconds, Stopping threads took: 0.0000505 seconds
2018-10-23T07:38:51.646+0000: 1.592: Total time for which application threads were stopped: 0.0003140 seconds, Stopping threads took: 0.0000492 seconds
2018-10-23T07:38:51.666+0000: 1.612: Total time for which application threads were stopped: 0.0001840 seconds, Stopping threads took: 0.0000833 seconds
2018-10-23T07:38:51.705+0000: 1.651: Total time for which application threads were stopped: 0.0002377 seconds, Stopping threads took: 0.0000985 seconds
2018-10-23T07:38:51.738+0000: 1.684: Total time for which application threads were stopped: 0.0042265 seconds, Stopping threads took: 0.0041158 seconds
2018-10-23T07:38:51.798+0000: 1.744: Total time for which application threads were stopped: 0.0062550 seconds, Stopping threads took: 0.0060997 seconds
2018-10-23T07:38:51.831+0000: 1.777: Total time for which application threads were stopped: 0.0006466 seconds, Stopping threads took: 0.0005157 seconds
2018-10-23T07:38:51.833+0000: 1.779: Total time for which application threads were stopped: 0.0004519 seconds, Stopping threads took: 0.0000895 seconds
2018-10-23T07:38:51.836+0000: 1.782: Total time for which application threads were stopped: 0.0003223 seconds, Stopping threads took: 0.0000681 seconds
2018-10-23T07:38:51.903+0000: 1.848: Total time for which application threads were stopped: 0.0001806 seconds, Stopping threads took: 0.0000559 seconds
{Heap before GC invocations=1 (full 0):
 par new generation   total 109248K, used 97994K [0x00000000e0000000, 0x00000000e8000000, 0x00000000e8000000)
  eden space 87424K, 100% used [0x00000000e0000000, 0x00000000e5560000, 0x00000000e5560000)
  from space 21824K,  48% used [0x00000000e6ab0000, 0x00000000e7502a90, 0x00000000e8000000)
  to   space 21824K,   0% used [0x00000000e5560000, 0x00000000e5560000, 0x00000000e6ab0000)
 concurrent mark-sweep generation total 393216K, used 0K [0x00000000e8000000, 0x0000000100000000, 0x0000000100000000)
 Metaspace       used 25105K, capacity 25831K, committed 25944K, reserved 1073152K
  class space    used 2916K, capacity 3124K, committed 3196K, reserved 1048576K
2018-10-23T07:38:52.034+0000: 1.980: [GC (Allocation Failure) 2018-10-23T07:38:52.034+0000: 1.980: [ParNew
Desired survivor size 20112992 bytes, new threshold 8 (max 8)
- age   1:   11172984 bytes,   11172984 total
- age   2:    4176112 bytes,   15349096 total
: 97994K->20075K(109248K), 0.0175646 secs] 97994K->20075K(502464K), 0.0176669 secs] [Times: user=0.04 sys=0.00, real=0.02 secs] 
Heap after GC invocations=2 (full 0):
 par new generation   total 109248K, used 20075K [0x00000000e0000000, 0x00000000e8000000, 0x00000000e8000000)
  eden space 87424K,   0% used [0x00000000e0000000, 0x00000000e0000000, 0x00000000e5560000)
  from space 21824K,  91% used [0x00000000e5560000, 0x00000000e68fad00, 0x00000000e6ab0000)
  to   space 21824K,   0% used [0x00000000e6ab0000, 0x00000000e6ab0000, 0x00000000e8000000)
 concurrent mark-sweep generation total 393216K, used 0K [0x00000000e8000000, 0x0000000100000000, 0x0000000100000000)
 Metaspace       used 25105K, capacity 25831K, committed 25944K, reserved 1073152K
  class space    used 2916K, capacity 3124K, committed 3196K, reserved 1048576K
}
2018-10-23T07:38:52.052+0000: 1.998: Total time for which application threads were stopped: 0.0192343 seconds, Stopping threads took: 0.0012909 seconds
2018-10-23T07:38:52.058+0000: 2.004: [GC (CMS Initial Mark) [1 CMS-initial-mark: 0K(393216K)] 20460K(502464K), 0.0033147 secs] [Times: user=0.01 sys=0.00, real=0.00 secs] 
2018-10-23T07:38:52.061+0000: 2.007: Total time for which application threads were stopped: 0.0093019 seconds, Stopping threads took: 0.0058520 seconds
2018-10-23T07:38:52.061+0000: 2.007: [CMS-concurrent-mark-start]
2018-10-23T07:38:52.062+0000: 2.008: [CMS-concurrent-mark: 0.001/0.001 secs] [Times: user=0.00 sys=0.00, real=0.00 secs] 
2018-10-23T07:38:52.062+0000: 2.008: [CMS-concurrent-preclean-start]
2018-10-23T07:38:52.062+0000: 2.008: [CMS-concurrent-preclean: 0.001/0.001 secs] [Times: user=0.00 sys=0.00, real=0.00 secs] 
2018-10-23T07:38:52.063+0000: 2.008: [GC (CMS Final Remark) [YG occupancy: 21762 K (109248 K)]{Heap before GC invocations=2 (full 1):
 par new generation   total 109248K, used 21762K [0x00000000e0000000, 0x00000000e8000000, 0x00000000e8000000)
  eden space 87424K,   1% used [0x00000000e0000000, 0x00000000e01a5e60, 0x00000000e5560000)
  from space 21824K,  91% used [0x00000000e5560000, 0x00000000e68fad00, 0x00000000e6ab0000)
  to   space 21824K,   0% used [0x00000000e6ab0000, 0x00000000e6ab0000, 0x00000000e8000000)
 concurrent mark-sweep generation total 393216K, used 0K [0x00000000e8000000, 0x0000000100000000, 0x0000000100000000)
 Metaspace       used 25106K, capacity 25831K, committed 25944K, reserved 1073152K
  class space    used 2916K, capacity 3124K, committed 3196K, reserved 1048576K
2018-10-23T07:38:52.063+0000: 2.009: [GC (CMS Final Remark) 2018-10-23T07:38:52.063+0000: 2.009: [ParNew
Desired survivor size 20112992 bytes, new threshold 8 (max 8)
- age   1:     299144 bytes,     299144 total
- age   2:   10993008 bytes,   11292152 total
- age   3:    4176112 bytes,   15468264 total
: 21762K->17913K(109248K), 0.0133281 secs] 21762K->17913K(502464K), 0.0133798 secs] [Times: user=0.03 sys=0.00, real=0.01 secs] 
Heap after GC invocations=3 (full 1):
 par new generation   total 109248K, used 17913K [0x00000000e0000000, 0x00000000e8000000, 0x00000000e8000000)
  eden space 87424K,   0% used [0x00000000e0000000, 0x00000000e0000000, 0x00000000e5560000)
  from space 21824K,  82% used [0x00000000e6ab0000, 0x00000000e7c2e480, 0x00000000e8000000)
  to   space 21824K,   0% used [0x00000000e5560000, 0x00000000e5560000, 0x00000000e6ab0000)
 concurrent mark-sweep generation total 393216K, used 0K [0x00000000e8000000, 0x0000000100000000, 0x0000000100000000)
 Metaspace       used 25106K, capacity 25831K, committed 25944K, reserved 1073152K
  class space    used 2916K, capacity 3124K, committed 3196K, reserved 1048576K
}
2018-10-23T07:38:52.076+0000: 2.022: [Rescan (parallel) , 0.0031593 secs]2018-10-23T07:38:52.079+0000: 2.025: [weak refs processing, 0.0019637 secs]2018-10-23T07:38:52.081+0000: 2.027: [class unloading, 0.0039645 secs]2018-10-23T07:38:52.085+0000: 2.031: [scrub symbol table, 0.0036381 secs]2018-10-23T07:38:52.089+0000: 2.035: [scrub string table, 0.0005004 secs][1 CMS-remark: 0K(393216K)] 17913K(502464K), 0.0274237 secs] [Times: user=0.06 sys=0.00, real=0.03 secs] 
2018-10-23T07:38:52.090+0000: 2.036: Total time for which application threads were stopped: 0.0276866 seconds, Stopping threads took: 0.0001494 seconds
2018-10-23T07:38:52.096+0000: 2.042: [CMS-concurrent-sweep-start]
2018-10-23T07:38:52.096+0000: 2.042: [CMS-concurrent-sweep: 0.000/0.000 secs] [Times: user=0.00 sys=0.00, real=0.00 secs] 
2018-10-23T07:38:52.096+0000: 2.042: [CMS-concurrent-reset-start]
2018-10-23T07:38:52.099+0000: 2.045: [CMS-concurrent-reset: 0.003/0.003 secs] [Times: user=0.01 sys=0.00, real=0.01 secs] 
2018-10-23T07:38:52.183+0000: 2.129: Total time for which application threads were stopped: 0.0005695 seconds, Stopping threads took: 0.0000635 seconds
2018-10-23T07:38:52.238+0000: 2.184: Total time for which application threads were stopped: 0.0013219 seconds, Stopping threads took: 0.0008097 seconds
{Heap before GC invocations=3 (full 1):
 par new generation   total 109248K, used 105337K [0x00000000e0000000, 0x00000000e8000000, 0x00000000e8000000)
  eden space 87424K, 100% used [0x00000000e0000000, 0x00000000e5560000, 0x00000000e5560000)
  from space 21824K,  82% used [0x00000000e6ab0000, 0x00000000e7c2e480, 0x00000000e8000000)
  to   space 21824K,   0% used [0x00000000e5560000, 0x00000000e5560000, 0x00000000e6ab0000)
 concurrent mark-sweep generation total 393216K, used 0K [0x00000000e8000000, 0x0000000100000000, 0x0000000100000000)
 Metaspace       used 25703K, capacity 26345K, committed 26456K, reserved 1073152K
  class space    used 2968K, capacity 3189K, committed 3196K, reserved 1048576K
2018-10-23T07:38:52.307+0000: 2.253: [GC (Allocation Failure) 2018-10-23T07:38:52.307+0000: 2.253: [ParNew
Desired survivor size 20112992 bytes, new threshold 8 (max 8)
- age   1:     810104 bytes,     810104 total
- age   2:        152 bytes,     810256 total
- age   3:    6284760 bytes,    7095016 total
- age   4:    4175800 bytes,   11270816 total
: 105337K->19680K(109248K), 0.0277172 secs] 105337K->19680K(502464K), 0.0278094 secs] [Times: user=0.05 sys=0.00, real=0.03 secs] 
Heap after GC invocations=4 (full 1):
 par new generation   total 109248K, used 19680K [0x00000000e0000000, 0x00000000e8000000, 0x00000000e8000000)
  eden space 87424K,   0% used [0x00000000e0000000, 0x00000000e0000000, 0x00000000e5560000)
  from space 21824K,  90% used [0x00000000e5560000, 0x00000000e68983c0, 0x00000000e6ab0000)
  to   space 21824K,   0% used [0x00000000e6ab0000, 0x00000000e6ab0000, 0x00000000e8000000)
 concurrent mark-sweep generation total 393216K, used 0K [0x00000000e8000000, 0x0000000100000000, 0x0000000100000000)
 Metaspace       used 25703K, capacity 26345K, committed 26456K, reserved 1073152K
  class space    used 2968K, capacity 3189K, committed 3196K, reserved 1048576K
}
2018-10-23T07:38:52.335+0000: 2.281: Total time for which application threads were stopped: 0.0281363 seconds, Stopping threads took: 0.0001186 seconds
{Heap before GC invocations=4 (full 1):
 par new generation   total 109248K, used 107104K [0x00000000e0000000, 0x00000000e8000000, 0x00000000e8000000)
  eden space 87424K, 100% used [0x00000000e0000000, 0x00000000e5560000, 0x00000000e5560000)
  from space 21824K,  90% used [0x00000000e5560000, 0x00000000e68983c0, 0x00000000e6ab0000)
  to   space 21824K,   0% used [0x00000000e6ab0000, 0x00000000e6ab0000, 0x00000000e8000000)
 concurrent mark-sweep generation total 393216K, used 0K [0x00000000e8000000, 0x0000000100000000, 0x0000000100000000)
 Metaspace       used 26701K, capacity 27433K, committed 27608K, reserved 1073152K
  class space    used 3092K, capacity 3297K, committed 3324K, reserved 1048576K
2018-10-23T07:38:52.522+0000: 2.468: [GC (Allocation Failure) 2018-10-23T07:38:52.522+0000: 2.468: [ParNew
Desired survivor size 20112992 bytes, new threshold 8 (max 8)
- age   1:    3237432 bytes,    3237432 total
- age   2:     230536 bytes,    3467968 total
- age   3:        152 bytes,    3468120 total
- age   4:    6276704 bytes,    9744824 total
- age   5:    4175544 bytes,   13920368 total
: 107104K->18095K(109248K), 0.0220049 secs] 107104K->18095K(502464K), 0.0221046 secs] [Times: user=0.06 sys=0.00, real=0.02 secs] 
Heap after GC invocations=5 (full 1):
 par new generation   total 109248K, used 18095K [0x00000000e0000000, 0x00000000e8000000, 0x00000000e8000000)
  eden space 87424K,   0% used [0x00000000e0000000, 0x00000000e0000000, 0x00000000e5560000)
  from space 21824K,  82% used [0x00000000e6ab0000, 0x00000000e7c5bdc0, 0x00000000e8000000)
  to   space 21824K,   0% used [0x00000000e5560000, 0x00000000e5560000, 0x00000000e6ab0000)
 concurrent mark-sweep generation total 393216K, used 0K [0x00000000e8000000, 0x0000000100000000, 0x0000000100000000)
 Metaspace       used 26701K, capacity 27433K, committed 27608K, reserved 1073152K
  class space    used 3092K, capacity 3297K, committed 3324K, reserved 1048576K
}
2018-10-23T07:38:52.544+0000: 2.490: Total time for which application threads were stopped: 0.0259908 seconds, Stopping threads took: 0.0036234 seconds
{Heap before GC invocations=5 (full 1):
 par new generation   total 109248K, used 105519K [0x00000000e0000000, 0x00000000e8000000, 0x00000000e8000000)
  eden space 87424K, 100% used [0x00000000e0000000, 0x00000000e5560000, 0x00000000e5560000)
  from space 21824K,  82% used [0x00000000e6ab0000, 0x00000000e7c5bdc0, 0x00000000e8000000)
  to   space 21824K,   0% used [0x00000000e5560000, 0x00000000e5560000, 0x00000000e6ab0000)
 concurrent mark-sweep generation total 393216K, used 0K [0x00000000e8000000, 0x0000000100000000, 0x0000000100000000)
 Metaspace       used 26878K, capacity 27541K, committed 27736K, reserved 1073152K
  class space    used 3118K, capacity 3331K, committed 3452K, reserved 1048576K
2018-10-23T07:38:52.622+0000: 2.568: [GC (Allocation Failure) 2018-10-23T07:38:52.622+0000: 2.568: [ParNew
Desired survivor size 20112992 bytes, new threshold 8 (max 8)
- age   1:    1013840 bytes,    1013840 total
- age   2:    2278912 bytes,    3292752 total
- age   3:     230504 bytes,    3523256 total
- age   4:        152 bytes,    3523408 total
- age   5:    6274576 bytes,    9797984 total
- age   6:    4175384 bytes,   13973368 total
: 105519K->16514K(109248K), 0.0214686 secs] 105519K->16514K(502464K), 0.0215620 secs] [Times: user=0.03 sys=0.00, real=0.02 secs] 
Heap after GC invocations=6 (full 1):
 par new generation   total 109248K, used 16514K [0x00000000e0000000, 0x00000000e8000000, 0x00000000e8000000)
  eden space 87424K,   0% used [0x00000000e0000000, 0x00000000e0000000, 0x00000000e5560000)
  from space 21824K,  75% used [0x00000000e5560000, 0x00000000e6580980, 0x00000000e6ab0000)
  to   space 21824K,   0% used [0x00000000e6ab0000, 0x00000000e6ab0000, 0x00000000e8000000)
 concurrent mark-sweep generation total 393216K, used 0K [0x00000000e8000000, 0x0000000100000000, 0x0000000100000000)
 Metaspace       used 26878K, capacity 27541K, committed 27736K, reserved 1073152K
  class space    used 3118K, capacity 3331K, committed 3452K, reserved 1048576K
}
2018-10-23T07:38:52.643+0000: 2.589: Total time for which application threads were stopped: 0.0240954 seconds, Stopping threads took: 0.0011846 seconds
{Heap before GC invocations=6 (full 1):
 par new generation   total 109248K, used 103938K [0x00000000e0000000, 0x00000000e8000000, 0x00000000e8000000)
  eden space 87424K, 100% used [0x00000000e0000000, 0x00000000e5560000, 0x00000000e5560000)
  from space 21824K,  75% used [0x00000000e5560000, 0x00000000e6580980, 0x00000000e6ab0000)
  to   space 21824K,   0% used [0x00000000e6ab0000, 0x00000000e6ab0000, 0x00000000e8000000)
 concurrent mark-sweep generation total 393216K, used 0K [0x00000000e8000000, 0x0000000100000000, 0x0000000100000000)
 Metaspace       used 27005K, capacity 27719K, committed 27992K, reserved 1073152K
  class space    used 3132K, capacity 3366K, committed 3452K, reserved 1048576K
2018-10-23T07:38:52.719+0000: 2.665: [GC (Allocation Failure) 2018-10-23T07:38:52.720+0000: 2.665: [ParNew
Desired survivor size 20112992 bytes, new threshold 8 (max 8)
- age   1:     621240 bytes,     621240 total
- age   2:      90288 bytes,     711528 total
- age   3:    2278288 bytes,    2989816 total
- age   4:     230504 bytes,    3220320 total
- age   5:        152 bytes,    3220472 total
- age   6:    6274544 bytes,    9495016 total
- age   7:    4175184 bytes,   13670200 total
: 103938K->20800K(109248K), 0.0150764 secs] 103938K->20800K(502464K), 0.0151847 secs] [Times: user=0.03 sys=0.00, real=0.01 secs] 
Heap after GC invocations=7 (full 1):
 par new generation   total 109248K, used 20800K [0x00000000e0000000, 0x00000000e8000000, 0x00000000e8000000)
  eden space 87424K,   0% used [0x00000000e0000000, 0x00000000e0000000, 0x00000000e5560000)
  from space 21824K,  95% used [0x00000000e6ab0000, 0x00000000e7f000e8, 0x00000000e8000000)
  to   space 21824K,   0% used [0x00000000e5560000, 0x00000000e5560000, 0x00000000e6ab0000)
 concurrent mark-sweep generation total 393216K, used 0K [0x00000000e8000000, 0x0000000100000000, 0x0000000100000000)
 Metaspace       used 27005K, capacity 27719K, committed 27992K, reserved 1073152K
  class space    used 3132K, capacity 3366K, committed 3452K, reserved 1048576K
}
2018-10-23T07:38:52.735+0000: 2.681: Total time for which application threads were stopped: 0.0176156 seconds, Stopping threads took: 0.0022129 seconds
{Heap before GC invocations=7 (full 1):
 par new generation   total 109248K, used 108218K [0x00000000e0000000, 0x00000000e8000000, 0x00000000e8000000)
  eden space 87424K,  99% used [0x00000000e0000000, 0x00000000e555e9d8, 0x00000000e5560000)
  from space 21824K,  95% used [0x00000000e6ab0000, 0x00000000e7f000e8, 0x00000000e8000000)
  to   space 21824K,   0% used [0x00000000e5560000, 0x00000000e5560000, 0x00000000e6ab0000)
 concurrent mark-sweep generation total 393216K, used 0K [0x00000000e8000000, 0x0000000100000000, 0x0000000100000000)
 Metaspace       used 27157K, capacity 27859K, committed 27992K, reserved 1073152K
  class space    used 3151K, capacity 3368K, committed 3452K, reserved 1048576K
2018-10-23T07:38:52.811+0000: 2.757: [GC (Allocation Failure) 2018-10-23T07:38:52.811+0000: 2.757: [ParNew
Desired survivor size 20112992 bytes, new threshold 8 (max 8)
- age   1:    1299224 bytes,    1299224 total
- age   2:     151216 bytes,    1450440 total
- age   3:      89368 bytes,    1539808 total
- age   4:    2278176 bytes,    3817984 total
- age   5:     230504 bytes,    4048488 total
- age   6:        152 bytes,    4048640 total
- age   7:    6274464 bytes,   10323104 total
- age   8:    4175040 bytes,   14498144 total
: 108218K->17349K(109248K), 0.0180630 secs] 108218K->17349K(502464K), 0.0181500 secs] [Times: user=0.05 sys=0.00, real=0.01 secs] 
Heap after GC invocations=8 (full 1):
 par new generation   total 109248K, used 17349K [0x00000000e0000000, 0x00000000e8000000, 0x00000000e8000000)
  eden space 87424K,   0% used [0x00000000e0000000, 0x00000000e0000000, 0x00000000e5560000)
  from space 21824K,  79% used [0x00000000e5560000, 0x00000000e66515a0, 0x00000000e6ab0000)
  to   space 21824K,   0% used [0x00000000e6ab0000, 0x00000000e6ab0000, 0x00000000e8000000)
 concurrent mark-sweep generation total 393216K, used 0K [0x00000000e8000000, 0x0000000100000000, 0x0000000100000000)
 Metaspace       used 27157K, capacity 27859K, committed 27992K, reserved 1073152K
  class space    used 3151K, capacity 3368K, committed 3452K, reserved 1048576K
}
2018-10-23T07:38:52.829+0000: 2.775: Total time for which application threads were stopped: 0.0195545 seconds, Stopping threads took: 0.0011397 seconds
2018-10-23T07:38:52.934+0000: 2.880: Total time for which application threads were stopped: 0.0007411 seconds, Stopping threads took: 0.0001045 seconds
{Heap before GC invocations=8 (full 1):
 par new generation   total 109248K, used 104773K [0x00000000e0000000, 0x00000000e8000000, 0x00000000e8000000)
  eden space 87424K, 100% used [0x00000000e0000000, 0x00000000e5560000, 0x00000000e5560000)
  from space 21824K,  79% used [0x00000000e5560000, 0x00000000e66515a0, 0x00000000e6ab0000)
  to   space 21824K,   0% used [0x00000000e6ab0000, 0x00000000e6ab0000, 0x00000000e8000000)
 concurrent mark-sweep generation total 393216K, used 0K [0x00000000e8000000, 0x0000000100000000, 0x0000000100000000)
 Metaspace       used 28500K, capacity 29225K, committed 29400K, reserved 1075200K
  class space    used 3297K, capacity 3503K, committed 3580K, reserved 1048576K
2018-10-23T07:38:53.133+0000: 3.078: [GC (Allocation Failure) 2018-10-23T07:38:53.133+0000: 3.078: [ParNew
Desired survivor size 20112992 bytes, new threshold 8 (max 8)
- age   1:    2443624 bytes,    2443624 total
- age   2:     115688 bytes,    2559312 total
- age   3:     150048 bytes,    2709360 total
- age   4:      88016 bytes,    2797376 total
- age   5:    2269504 bytes,    5066880 total
- age   6:     230504 bytes,    5297384 total
- age   7:        152 bytes,    5297536 total
- age   8:    6273992 bytes,   11571528 total
: 104773K->15244K(109248K), 0.0767912 secs] 104773K->19391K(502464K), 0.0768945 secs] [Times: user=0.16 sys=0.00, real=0.07 secs] 
Heap after GC invocations=9 (full 1):
 par new generation   total 109248K, used 15244K [0x00000000e0000000, 0x00000000e8000000, 0x00000000e8000000)
  eden space 87424K,   0% used [0x00000000e0000000, 0x00000000e0000000, 0x00000000e5560000)
  from space 21824K,  69% used [0x00000000e6ab0000, 0x00000000e79933d8, 0x00000000e8000000)
  to   space 21824K,   0% used [0x00000000e5560000, 0x00000000e5560000, 0x00000000e6ab0000)
 concurrent mark-sweep generation total 393216K, used 4146K [0x00000000e8000000, 0x0000000100000000, 0x0000000100000000)
 Metaspace       used 28500K, capacity 29225K, committed 29400K, reserved 1075200K
  class space    used 3297K, capacity 3503K, committed 3580K, reserved 1048576K
}
2018-10-23T07:38:53.210+0000: 3.155: Total time for which application threads were stopped: 0.0773480 seconds, Stopping threads took: 0.0001789 seconds
2018-10-23T07:38:53.452+0000: 3.398: Total time for which application threads were stopped: 0.0008965 seconds, Stopping threads took: 0.0001410 seconds
{Heap before GC invocations=9 (full 1):
 par new generation   total 109248K, used 102668K [0x00000000e0000000, 0x00000000e8000000, 0x00000000e8000000)
  eden space 87424K, 100% used [0x00000000e0000000, 0x00000000e5560000, 0x00000000e5560000)
  from space 21824K,  69% used [0x00000000e6ab0000, 0x00000000e79933d8, 0x00000000e8000000)
  to   space 21824K,   0% used [0x00000000e5560000, 0x00000000e5560000, 0x00000000e6ab0000)
 concurrent mark-sweep generation total 393216K, used 4146K [0x00000000e8000000, 0x0000000100000000, 0x0000000100000000)
 Metaspace       used 31580K, capacity 32415K, committed 32600K, reserved 1077248K
  class space    used 3688K, capacity 3938K, committed 3964K, reserved 1048576K
2018-10-23T07:38:53.775+0000: 3.721: [GC (Allocation Failure) 2018-10-23T07:38:53.775+0000: 3.721: [ParNew
Desired survivor size 20112992 bytes, new threshold 8 (max 8)
- age   1:    5751632 bytes,    5751632 total
- age   2:     474272 bytes,    6225904 total
- age   3:     115528 bytes,    6341432 total
- age   4:     149168 bytes,    6490600 total
- age   5:      84960 bytes,    6575560 total
- age   6:     545584 bytes,    7121144 total
- age   7:     167208 bytes,    7288352 total
- age   8:        152 bytes,    7288504 total
: 102668K->10929K(109248K), 0.0410723 secs] 106815K->21221K(502464K), 0.0411696 secs] [Times: user=0.10 sys=0.00, real=0.04 secs] 
Heap after GC invocations=10 (full 1):
 par new generation   total 109248K, used 10929K [0x00000000e0000000, 0x00000000e8000000, 0x00000000e8000000)
  eden space 87424K,   0% used [0x00000000e0000000, 0x00000000e0000000, 0x00000000e5560000)
  from space 21824K,  50% used [0x00000000e5560000, 0x00000000e600c760, 0x00000000e6ab0000)
  to   space 21824K,   0% used [0x00000000e6ab0000, 0x00000000e6ab0000, 0x00000000e8000000)
 concurrent mark-sweep generation total 393216K, used 10291K [0x00000000e8000000, 0x0000000100000000, 0x0000000100000000)
 Metaspace       used 31580K, capacity 32415K, committed 32600K, reserved 1077248K
  class space    used 3688K, capacity 3938K, committed 3964K, reserved 1048576K
}
2018-10-23T07:38:53.816+0000: 3.762: Total time for which application threads were stopped: 0.0418757 seconds, Stopping threads took: 0.0003691 seconds
2018-10-23T07:38:53.943+0000: 3.888: Total time for which application threads were stopped: 0.0052491 seconds, Stopping threads took: 0.0045207 seconds
2018-10-23T07:38:54.025+0000: 3.971: Total time for which application threads were stopped: 0.0007588 seconds, Stopping threads took: 0.0000817 seconds
2018-10-23T07:38:54.080+0000: 4.026: Total time for which application threads were stopped: 0.0007735 seconds, Stopping threads took: 0.0000989 seconds
2018-10-23T07:38:54.102+0000: 4.047: Total time for which application threads were stopped: 0.0008177 seconds, Stopping threads took: 0.0000971 seconds
2018-10-23T07:38:54.122+0000: 4.068: Total time for which application threads were stopped: 0.0005481 seconds, Stopping threads took: 0.0000471 seconds
2018-10-23T07:38:54.130+0000: 4.076: Total time for which application threads were stopped: 0.0002548 seconds, Stopping threads took: 0.0000893 seconds
2018-10-23T07:38:54.142+0000: 4.088: Total time for which application threads were stopped: 0.0002526 seconds, Stopping threads took: 0.0000852 seconds
2018-10-23T07:38:54.144+0000: 4.090: Total time for which application threads were stopped: 0.0002040 seconds, Stopping threads took: 0.0000783 seconds
2018-10-23T07:38:54.220+0000: 4.165: Total time for which application threads were stopped: 0.0002721 seconds, Stopping threads took: 0.0001031 seconds
2018-10-23T07:38:54.235+0000: 4.181: Total time for which application threads were stopped: 0.0027999 seconds, Stopping threads took: 0.0021027 seconds
2018-10-23T07:38:54.258+0000: 4.204: Total time for which application threads were stopped: 0.0041327 seconds, Stopping threads took: 0.0040043 seconds
2018-10-23T07:38:54.264+0000: 4.210: Total time for which application threads were stopped: 0.0024211 seconds, Stopping threads took: 0.0022821 seconds
2018-10-23T07:38:54.303+0000: 4.249: Total time for which application threads were stopped: 0.0104499 seconds, Stopping threads took: 0.0103012 seconds
2018-10-23T07:38:54.313+0000: 4.259: Total time for which application threads were stopped: 0.0009964 seconds, Stopping threads took: 0.0008445 seconds
2018-10-23T07:38:54.315+0000: 4.261: Total time for which application threads were stopped: 0.0019308 seconds, Stopping threads took: 0.0018076 seconds
2018-10-23T07:38:54.315+0000: 4.261: Total time for which application threads were stopped: 0.0001210 seconds, Stopping threads took: 0.0000398 seconds
2018-10-23T07:38:54.316+0000: 4.261: Total time for which application threads were stopped: 0.0001559 seconds, Stopping threads took: 0.0000649 seconds
2018-10-23T07:38:54.316+0000: 4.262: Total time for which application threads were stopped: 0.0001404 seconds, Stopping threads took: 0.0000547 seconds
2018-10-23T07:38:54.316+0000: 4.262: Total time for which application threads were stopped: 0.0001271 seconds, Stopping threads took: 0.0000412 seconds
2018-10-23T07:38:54.316+0000: 4.262: Total time for which application threads were stopped: 0.0001185 seconds, Stopping threads took: 0.0000396 seconds
2018-10-23T07:38:54.316+0000: 4.262: Total time for which application threads were stopped: 0.0001222 seconds, Stopping threads took: 0.0000413 seconds
2018-10-23T07:38:54.317+0000: 4.262: Total time for which application threads were stopped: 0.0001155 seconds, Stopping threads took: 0.0000399 seconds
2018-10-23T07:38:54.317+0000: 4.263: Total time for which application threads were stopped: 0.0001211 seconds, Stopping threads took: 0.0000405 seconds
2018-10-23T07:38:54.317+0000: 4.263: Total time for which application threads were stopped: 0.0001248 seconds, Stopping threads took: 0.0000433 seconds
2018-10-23T07:38:54.317+0000: 4.263: Total time for which application threads were stopped: 0.0001192 seconds, Stopping threads took: 0.0000394 seconds
2018-10-23T07:38:54.318+0000: 4.263: Total time for which application threads were stopped: 0.0001219 seconds, Stopping threads took: 0.0000413 seconds
2018-10-23T07:38:54.318+0000: 4.264: Total time for which application threads were stopped: 0.0001690 seconds, Stopping threads took: 0.0000398 seconds
2018-10-23T07:38:54.331+0000: 4.277: Total time for which application threads were stopped: 0.0002600 seconds, Stopping threads took: 0.0000902 seconds
2018-10-23T07:38:54.338+0000: 4.284: Total time for which application threads were stopped: 0.0023423 seconds, Stopping threads took: 0.0018023 seconds
2018-10-23T07:38:54.340+0000: 4.286: Total time for which application threads were stopped: 0.0001776 seconds, Stopping threads took: 0.0000440 seconds
2018-10-23T07:38:54.345+0000: 4.291: Total time for which application threads were stopped: 0.0003370 seconds, Stopping threads took: 0.0000966 seconds
2018-10-23T07:38:54.349+0000: 4.295: Total time for which application threads were stopped: 0.0002712 seconds, Stopping threads took: 0.0001480 seconds
2018-10-23T07:38:54.350+0000: 4.296: Total time for which application threads were stopped: 0.0002181 seconds, Stopping threads took: 0.0001120 seconds
2018-10-23T07:38:54.364+0000: 4.309: Total time for which application threads were stopped: 0.0041627 seconds, Stopping threads took: 0.0039230 seconds
2018-10-23T07:38:54.364+0000: 4.310: Total time for which application threads were stopped: 0.0002669 seconds, Stopping threads took: 0.0000736 seconds
2018-10-23T07:38:54.367+0000: 4.313: Total time for which application threads were stopped: 0.0004476 seconds, Stopping threads took: 0.0003487 seconds
2018-10-23T07:38:54.371+0000: 4.317: Total time for which application threads were stopped: 0.0009712 seconds, Stopping threads took: 0.0008427 seconds
2018-10-23T07:38:54.375+0000: 4.320: Total time for which application threads were stopped: 0.0001806 seconds, Stopping threads took: 0.0000624 seconds
2018-10-23T07:38:54.382+0000: 4.328: Total time for which application threads were stopped: 0.0002036 seconds, Stopping threads took: 0.0000687 seconds
2018-10-23T07:38:54.382+0000: 4.328: Total time for which application threads were stopped: 0.0001383 seconds, Stopping threads took: 0.0000519 seconds
2018-10-23T07:38:54.382+0000: 4.328: Total time for which application threads were stopped: 0.0001432 seconds, Stopping threads took: 0.0000536 seconds
2018-10-23T07:38:54.383+0000: 4.328: Total time for which application threads were stopped: 0.0001417 seconds, Stopping threads took: 0.0000530 seconds
2018-10-23T07:38:54.383+0000: 4.328: Total time for which application threads were stopped: 0.0001336 seconds, Stopping threads took: 0.0000505 seconds
2018-10-23T07:38:54.383+0000: 4.329: Total time for which application threads were stopped: 0.0001501 seconds, Stopping threads took: 0.0000628 seconds
2018-10-23T07:38:54.383+0000: 4.329: Total time for which application threads were stopped: 0.0001353 seconds, Stopping threads took: 0.0000527 seconds
2018-10-23T07:38:54.383+0000: 4.329: Total time for which application threads were stopped: 0.0001325 seconds, Stopping threads took: 0.0000493 seconds
2018-10-23T07:38:54.384+0000: 4.329: Total time for which application threads were stopped: 0.0001398 seconds, Stopping threads took: 0.0000543 seconds
2018-10-23T07:38:54.384+0000: 4.330: Total time for which application threads were stopped: 0.0001311 seconds, Stopping threads took: 0.0000498 seconds
2018-10-23T07:38:54.384+0000: 4.330: Total time for which application threads were stopped: 0.0001637 seconds, Stopping threads took: 0.0000518 seconds
2018-10-23T07:38:54.384+0000: 4.330: Total time for which application threads were stopped: 0.0001330 seconds, Stopping threads took: 0.0000501 seconds
2018-10-23T07:38:54.384+0000: 4.330: Total time for which application threads were stopped: 0.0001425 seconds, Stopping threads took: 0.0000540 seconds
2018-10-23T07:38:54.385+0000: 4.331: Total time for which application threads were stopped: 0.0001361 seconds, Stopping threads took: 0.0000531 seconds
2018-10-23T07:38:54.385+0000: 4.331: Total time for which application threads were stopped: 0.0001273 seconds, Stopping threads took: 0.0000444 seconds
2018-10-23T07:38:54.385+0000: 4.331: Total time for which application threads were stopped: 0.0001402 seconds, Stopping threads took: 0.0000564 seconds
2018-10-23T07:38:54.386+0000: 4.332: Total time for which application threads were stopped: 0.0005236 seconds, Stopping threads took: 0.0000501 seconds
2018-10-23T07:38:54.401+0000: 4.347: Total time for which application threads were stopped: 0.0004328 seconds, Stopping threads took: 0.0002958 seconds
2018-10-23T07:38:54.408+0000: 4.354: Total time for which application threads were stopped: 0.0062160 seconds, Stopping threads took: 0.0060673 seconds
2018-10-23T07:38:54.408+0000: 4.354: Total time for which application threads were stopped: 0.0001997 seconds, Stopping threads took: 0.0001045 seconds
2018-10-23T07:38:54.410+0000: 4.356: Total time for which application threads were stopped: 0.0015645 seconds, Stopping threads took: 0.0014386 seconds
2018-10-23T07:38:54.411+0000: 4.356: Total time for which application threads were stopped: 0.0002137 seconds, Stopping threads took: 0.0000997 seconds
2018-10-23T07:38:54.411+0000: 4.357: Total time for which application threads were stopped: 0.0001715 seconds, Stopping threads took: 0.0000838 seconds
2018-10-23T07:38:54.411+0000: 4.357: Total time for which application threads were stopped: 0.0001736 seconds, Stopping threads took: 0.0000827 seconds
2018-10-23T07:38:54.412+0000: 4.357: Total time for which application threads were stopped: 0.0002162 seconds, Stopping threads took: 0.0000972 seconds
2018-10-23T07:38:54.412+0000: 4.358: Total time for which application threads were stopped: 0.0001877 seconds, Stopping threads took: 0.0000984 seconds
2018-10-23T07:38:54.412+0000: 4.358: Total time for which application threads were stopped: 0.0001374 seconds, Stopping threads took: 0.0000616 seconds
2018-10-23T07:38:54.420+0000: 4.366: Total time for which application threads were stopped: 0.0012005 seconds, Stopping threads took: 0.0010771 seconds
2018-10-23T07:38:54.420+0000: 4.366: Total time for which application threads were stopped: 0.0001331 seconds, Stopping threads took: 0.0000424 seconds
2018-10-23T07:38:54.421+0000: 4.366: Total time for which application threads were stopped: 0.0001004 seconds, Stopping threads took: 0.0000329 seconds
2018-10-23T07:38:54.428+0000: 4.374: Total time for which application threads were stopped: 0.0001397 seconds, Stopping threads took: 0.0000573 seconds
2018-10-23T07:38:54.443+0000: 4.389: Total time for which application threads were stopped: 0.0003859 seconds, Stopping threads took: 0.0002429 seconds
2018-10-23T07:38:54.444+0000: 4.390: Total time for which application threads were stopped: 0.0003462 seconds, Stopping threads took: 0.0001237 seconds
2018-10-23T07:38:54.463+0000: 4.409: Total time for which application threads were stopped: 0.0003268 seconds, Stopping threads took: 0.0001824 seconds
2018-10-23T07:38:54.490+0000: 4.436: Total time for which application threads were stopped: 0.0029247 seconds, Stopping threads took: 0.0027697 seconds
{Heap before GC invocations=10 (full 1):
 par new generation   total 109248K, used 98353K [0x00000000e0000000, 0x00000000e8000000, 0x00000000e8000000)
  eden space 87424K, 100% used [0x00000000e0000000, 0x00000000e5560000, 0x00000000e5560000)
  from space 21824K,  50% used [0x00000000e5560000, 0x00000000e600c760, 0x00000000e6ab0000)
  to   space 21824K,   0% used [0x00000000e6ab0000, 0x00000000e6ab0000, 0x00000000e8000000)
 concurrent mark-sweep generation total 393216K, used 10291K [0x00000000e8000000, 0x0000000100000000, 0x0000000100000000)
 Metaspace       used 35208K, capacity 36187K, committed 36440K, reserved 1081344K
  class space    used 4107K, capacity 4372K, committed 4476K, reserved 1048576K
2018-10-23T07:38:54.509+0000: 4.455: [GC (Allocation Failure) 2018-10-23T07:38:54.509+0000: 4.455: [ParNew
Desired survivor size 20112992 bytes, new threshold 8 (max 8)
- age   1:   14296536 bytes,   14296536 total
- age   2:    2841240 bytes,   17137776 total
- age   3:     473992 bytes,   17611768 total
- age   4:     115528 bytes,   17727296 total
- age   5:     149136 bytes,   17876432 total
- age   6:      84800 bytes,   17961232 total
- age   7:     542176 bytes,   18503408 total
- age   8:     156456 bytes,   18659864 total
: 98353K->21081K(109248K), 0.0165850 secs] 108645K->31373K(502464K), 0.0166622 secs] [Times: user=0.04 sys=0.00, real=0.02 secs] 
Heap after GC invocations=11 (full 1):
 par new generation   total 109248K, used 21081K [0x00000000e0000000, 0x00000000e8000000, 0x00000000e8000000)
  eden space 87424K,   0% used [0x00000000e0000000, 0x00000000e0000000, 0x00000000e5560000)
  from space 21824K,  96% used [0x00000000e6ab0000, 0x00000000e7f46660, 0x00000000e8000000)
  to   space 21824K,   0% used [0x00000000e5560000, 0x00000000e5560000, 0x00000000e6ab0000)
 concurrent mark-sweep generation total 393216K, used 10291K [0x00000000e8000000, 0x0000000100000000, 0x0000000100000000)
 Metaspace       used 35208K, capacity 36187K, committed 36440K, reserved 1081344K
  class space    used 4107K, capacity 4372K, committed 4476K, reserved 1048576K
}
2018-10-23T07:38:54.526+0000: 4.472: Total time for which application threads were stopped: 0.0172401 seconds, Stopping threads took: 0.0003108 seconds
2018-10-23T07:38:54.554+0000: 4.500: Total time for which application threads were stopped: 0.0030243 seconds, Stopping threads took: 0.0028831 seconds
2018-10-23T07:38:54.554+0000: 4.500: Total time for which application threads were stopped: 0.0001548 seconds, Stopping threads took: 0.0000793 seconds
2018-10-23T07:38:54.586+0000: 4.532: Total time for which application threads were stopped: 0.0004393 seconds, Stopping threads took: 0.0001027 seconds
2018-10-23T07:38:54.636+0000: 4.582: Total time for which application threads were stopped: 0.0014543 seconds, Stopping threads took: 0.0012797 seconds
2018-10-23T07:38:54.638+0000: 4.584: Total time for which application threads were stopped: 0.0002082 seconds, Stopping threads took: 0.0001202 seconds
2018-10-23T07:38:54.651+0000: 4.597: Total time for which application threads were stopped: 0.0002081 seconds, Stopping threads took: 0.0000991 seconds
2018-10-23T07:38:54.682+0000: 4.628: Total time for which application threads were stopped: 0.0107482 seconds, Stopping threads took: 0.0105784 seconds
{Heap before GC invocations=11 (full 1):
 par new generation   total 109248K, used 108505K [0x00000000e0000000, 0x00000000e8000000, 0x00000000e8000000)
  eden space 87424K, 100% used [0x00000000e0000000, 0x00000000e5560000, 0x00000000e5560000)
  from space 21824K,  96% used [0x00000000e6ab0000, 0x00000000e7f46660, 0x00000000e8000000)
  to   space 21824K,   0% used [0x00000000e5560000, 0x00000000e5560000, 0x00000000e6ab0000)
 concurrent mark-sweep generation total 393216K, used 10291K [0x00000000e8000000, 0x0000000100000000, 0x0000000100000000)
 Metaspace       used 35613K, capacity 36603K, committed 36696K, reserved 1081344K
  class space    used 4158K, capacity 4444K, committed 4476K, reserved 1048576K
2018-10-23T07:38:54.818+0000: 4.764: [GC (Allocation Failure) 2018-10-23T07:38:54.818+0000: 4.764: [ParNew
Desired survivor size 20112992 bytes, new threshold 8 (max 8)
- age   1:    3514848 bytes,    3514848 total
- age   2:   10823624 bytes,   14338472 total
- age   3:    2440672 bytes,   16779144 total
- age   4:     473992 bytes,   17253136 total
- age   5:     115528 bytes,   17368664 total
- age   6:     149120 bytes,   17517784 total
- age   7:      84800 bytes,   17602584 total
- age   8:     541960 bytes,   18144544 total
: 108505K->21824K(109248K), 0.0243962 secs] 118797K->32478K(502464K), 0.0245162 secs] [Times: user=0.05 sys=0.00, real=0.02 secs] 
Heap after GC invocations=12 (full 1):
 par new generation   total 109248K, used 21824K [0x00000000e0000000, 0x00000000e8000000, 0x00000000e8000000)
  eden space 87424K,   0% used [0x00000000e0000000, 0x00000000e0000000, 0x00000000e5560000)
  from space 21824K, 100% used [0x00000000e5560000, 0x00000000e6ab0000, 0x00000000e6ab0000)
  to   space 21824K,   0% used [0x00000000e6ab0000, 0x00000000e6ab0000, 0x00000000e8000000)
 concurrent mark-sweep generation total 393216K, used 10654K [0x00000000e8000000, 0x0000000100000000, 0x0000000100000000)
 Metaspace       used 35613K, capacity 36603K, committed 36696K, reserved 1081344K
  class space    used 4158K, capacity 4444K, committed 4476K, reserved 1048576K
}
2018-10-23T07:38:54.842+0000: 4.788: Total time for which application threads were stopped: 0.0314519 seconds, Stopping threads took: 0.0066868 seconds
2018-10-23T07:38:54.851+0000: 4.797: Total time for which application threads were stopped: 0.0010584 seconds, Stopping threads took: 0.0009008 seconds
2018-10-23T07:38:54.851+0000: 4.797: Total time for which application threads were stopped: 0.0001547 seconds, Stopping threads took: 0.0000872 seconds
2018-10-23T07:38:54.855+0000: 4.801: Total time for which application threads were stopped: 0.0001353 seconds, Stopping threads took: 0.0000443 seconds
2018-10-23T07:38:54.855+0000: 4.801: Total time for which application threads were stopped: 0.0001057 seconds, Stopping threads took: 0.0000334 seconds
2018-10-23T07:38:54.898+0000: 4.844: Total time for which application threads were stopped: 0.0121624 seconds, Stopping threads took: 0.0119896 seconds
{Heap before GC invocations=12 (full 1):
 par new generation   total 109248K, used 109248K [0x00000000e0000000, 0x00000000e8000000, 0x00000000e8000000)
  eden space 87424K, 100% used [0x00000000e0000000, 0x00000000e5560000, 0x00000000e5560000)
  from space 21824K, 100% used [0x00000000e5560000, 0x00000000e6ab0000, 0x00000000e6ab0000)
  to   space 21824K,   0% used [0x00000000e6ab0000, 0x00000000e6ab0000, 0x00000000e8000000)
 concurrent mark-sweep generation total 393216K, used 10654K [0x00000000e8000000, 0x0000000100000000, 0x0000000100000000)
 Metaspace       used 35632K, capacity 36677K, committed 36952K, reserved 1081344K
  class space    used 4159K, capacity 4445K, committed 4476K, reserved 1048576K
2018-10-23T07:38:54.930+0000: 4.876: [GC (Allocation Failure) 2018-10-23T07:38:54.930+0000: 4.876: [ParNew
Desired survivor size 20112992 bytes, new threshold 8 (max 8)
- age   1:    2634064 bytes,    2634064 total
- age   2:    2328600 bytes,    4962664 total
- age   3:   10626016 bytes,   15588680 total
- age   4:    2439512 bytes,   18028192 total
- age   5:     473992 bytes,   18502184 total
- age   6:     115528 bytes,   18617712 total
- age   7:     149120 bytes,   18766832 total
- age   8:      84800 bytes,   18851632 total
: 109248K->21824K(109248K), 0.0284264 secs] 119902K->33177K(502464K), 0.0285245 secs] [Times: user=0.06 sys=0.00, real=0.03 secs] 
Heap after GC invocations=13 (full 1):
 par new generation   total 109248K, used 21824K [0x00000000e0000000, 0x00000000e8000000, 0x00000000e8000000)
  eden space 87424K,   0% used [0x00000000e0000000, 0x00000000e0000000, 0x00000000e5560000)
  from space 21824K, 100% used [0x00000000e6ab0000, 0x00000000e8000000, 0x00000000e8000000)
  to   space 21824K,   0% used [0x00000000e5560000, 0x00000000e5560000, 0x00000000e6ab0000)
 concurrent mark-sweep generation total 393216K, used 11353K [0x00000000e8000000, 0x0000000100000000, 0x0000000100000000)
 Metaspace       used 35632K, capacity 36677K, committed 36952K, reserved 1081344K
  class space    used 4159K, capacity 4445K, committed 4476K, reserved 1048576K
}
2018-10-23T07:38:54.958+0000: 4.904: Total time for which application threads were stopped: 0.0356478 seconds, Stopping threads took: 0.0068808 seconds
2018-10-23T07:38:54.969+0000: 4.914: Total time for which application threads were stopped: 0.0015055 seconds, Stopping threads took: 0.0013404 seconds
2018-10-23T07:38:54.969+0000: 4.915: Total time for which application threads were stopped: 0.0002108 seconds, Stopping threads took: 0.0001069 seconds
{Heap before GC invocations=13 (full 1):
 par new generation   total 109248K, used 109248K [0x00000000e0000000, 0x00000000e8000000, 0x00000000e8000000)
  eden space 87424K, 100% used [0x00000000e0000000, 0x00000000e5560000, 0x00000000e5560000)
  from space 21824K, 100% used [0x00000000e6ab0000, 0x00000000e8000000, 0x00000000e8000000)
  to   space 21824K,   0% used [0x00000000e5560000, 0x00000000e5560000, 0x00000000e6ab0000)
 concurrent mark-sweep generation total 393216K, used 11353K [0x00000000e8000000, 0x0000000100000000, 0x0000000100000000)
 Metaspace       used 35644K, capacity 36689K, committed 36952K, reserved 1081344K
  class space    used 4160K, capacity 4447K, committed 4476K, reserved 1048576K
2018-10-23T07:38:55.006+0000: 4.952: [GC (Allocation Failure) 2018-10-23T07:38:55.006+0000: 4.952: [ParNew
Desired survivor size 20112992 bytes, new threshold 8 (max 8)
- age   1:     286120 bytes,     286120 total
- age   2:    2064472 bytes,    2350592 total
- age   3:    2314712 bytes,    4665304 total
- age   4:   10540688 bytes,   15205992 total
- age   5:    2412824 bytes,   17618816 total
- age   6:     473544 bytes,   18092360 total
- age   7:     115528 bytes,   18207888 total
- age   8:     146328 bytes,   18354216 total
: 109248K->21824K(109248K), 0.0252262 secs] 120601K->33413K(502464K), 0.0253204 secs] [Times: user=0.06 sys=0.00, real=0.03 secs] 
Heap after GC invocations=14 (full 1):
 par new generation   total 109248K, used 21824K [0x00000000e0000000, 0x00000000e8000000, 0x00000000e8000000)
  eden space 87424K,   0% used [0x00000000e0000000, 0x00000000e0000000, 0x00000000e5560000)
  from space 21824K, 100% used [0x00000000e5560000, 0x00000000e6ab0000, 0x00000000e6ab0000)
  to   space 21824K,   0% used [0x00000000e6ab0000, 0x00000000e6ab0000, 0x00000000e8000000)
 concurrent mark-sweep generation total 393216K, used 11589K [0x00000000e8000000, 0x0000000100000000, 0x0000000100000000)
 Metaspace       used 35644K, capacity 36689K, committed 36952K, reserved 1081344K
  class space    used 4160K, capacity 4447K, committed 4476K, reserved 1048576K
}
2018-10-23T07:38:55.031+0000: 4.977: Total time for which application threads were stopped: 0.0301309 seconds, Stopping threads took: 0.0045117 seconds
{Heap before GC invocations=14 (full 1):
 par new generation   total 109248K, used 109248K [0x00000000e0000000, 0x00000000e8000000, 0x00000000e8000000)
  eden space 87424K, 100% used [0x00000000e0000000, 0x00000000e5560000, 0x00000000e5560000)
  from space 21824K, 100% used [0x00000000e5560000, 0x00000000e6ab0000, 0x00000000e6ab0000)
  to   space 21824K,   0% used [0x00000000e6ab0000, 0x00000000e6ab0000, 0x00000000e8000000)
 concurrent mark-sweep generation total 393216K, used 11589K [0x00000000e8000000, 0x0000000100000000, 0x0000000100000000)
 Metaspace       used 35658K, capacity 36701K, committed 36952K, reserved 1081344K
  class space    used 4161K, capacity 4449K, committed 4476K, reserved 1048576K
2018-10-23T07:38:55.057+0000: 5.003: [GC (Allocation Failure) 2018-10-23T07:38:55.057+0000: 5.003: [ParNew
Desired survivor size 20112992 bytes, new threshold 8 (max 8)
- age   1:     311312 bytes,     311312 total
- age   2:      80400 bytes,     391712 total
- age   3:    2064472 bytes,    2456184 total
- age   4:    2297016 bytes,    4753200 total
- age   5:   10440856 bytes,   15194056 total
- age   6:    2213528 bytes,   17407584 total
- age   7:     436584 bytes,   17844168 total
- age   8:     100920 bytes,   17945088 total
: 109248K->21824K(109248K), 0.0198778 secs] 120837K->33937K(502464K), 0.0199700 secs] [Times: user=0.04 sys=0.00, real=0.02 secs] 
Heap after GC invocations=15 (full 1):
 par new generation   total 109248K, used 21824K [0x00000000e0000000, 0x00000000e8000000, 0x00000000e8000000)
  eden space 87424K,   0% used [0x00000000e0000000, 0x00000000e0000000, 0x00000000e5560000)
  from space 21824K, 100% used [0x00000000e6ab0000, 0x00000000e8000000, 0x00000000e8000000)
  to   space 21824K,   0% used [0x00000000e5560000, 0x00000000e5560000, 0x00000000e6ab0000)
 concurrent mark-sweep generation total 393216K, used 12113K [0x00000000e8000000, 0x0000000100000000, 0x0000000100000000)
 Metaspace       used 35658K, capacity 36701K, committed 36952K, reserved 1081344K
  class space    used 4161K, capacity 4449K, committed 4476K, reserved 1048576K
}
2018-10-23T07:38:55.077+0000: 5.023: Total time for which application threads were stopped: 0.0202875 seconds, Stopping threads took: 0.0000791 seconds
{Heap before GC invocations=15 (full 1):
 par new generation   total 109248K, used 109216K [0x00000000e0000000, 0x00000000e8000000, 0x00000000e8000000)
  eden space 87424K,  99% used [0x00000000e0000000, 0x00000000e5558140, 0x00000000e5560000)
  from space 21824K, 100% used [0x00000000e6ab0000, 0x00000000e8000000, 0x00000000e8000000)
  to   space 21824K,   0% used [0x00000000e5560000, 0x00000000e5560000, 0x00000000e6ab0000)
 concurrent mark-sweep generation total 393216K, used 12113K [0x00000000e8000000, 0x0000000100000000, 0x0000000100000000)
 Metaspace       used 35676K, capacity 36771K, committed 36952K, reserved 1081344K
  class space    used 4162K, capacity 4450K, committed 4476K, reserved 1048576K
2018-10-23T07:38:55.138+0000: 5.084: [GC (Allocation Failure) 2018-10-23T07:38:55.138+0000: 5.084: [ParNew
Desired survivor size 20112992 bytes, new threshold 8 (max 8)
- age   1:     386400 bytes,     386400 total
- age   2:     103504 bytes,     489904 total
- age   3:      79744 bytes,     569648 total
- age   4:    2063416 bytes,    2633064 total
- age   5:    2292408 bytes,    4925472 total
- age   6:   10231648 bytes,   15157120 total
- age   7:    2150080 bytes,   17307200 total
- age   8:     434968 bytes,   17742168 total
: 109216K->21824K(109248K), 0.0459264 secs] 121329K->34362K(502464K), 0.0460389 secs] [Times: user=0.06 sys=0.00, real=0.04 secs] 
Heap after GC invocations=16 (full 1):
 par new generation   total 109248K, used 21824K [0x00000000e0000000, 0x00000000e8000000, 0x00000000e8000000)
  eden space 87424K,   0% used [0x00000000e0000000, 0x00000000e0000000, 0x00000000e5560000)
  from space 21824K, 100% used [0x00000000e5560000, 0x00000000e6ab0000, 0x00000000e6ab0000)
  to   space 21824K,   0% used [0x00000000e6ab0000, 0x00000000e6ab0000, 0x00000000e8000000)
 concurrent mark-sweep generation total 393216K, used 12538K [0x00000000e8000000, 0x0000000100000000, 0x0000000100000000)
 Metaspace       used 35676K, capacity 36771K, committed 36952K, reserved 1081344K
  class space    used 4162K, capacity 4450K, committed 4476K, reserved 1048576K
}
2018-10-23T07:38:55.184+0000: 5.130: Total time for which application threads were stopped: 0.0615607 seconds, Stopping threads took: 0.0152476 seconds
{Heap before GC invocations=16 (full 1):
 par new generation   total 109248K, used 109248K [0x00000000e0000000, 0x00000000e8000000, 0x00000000e8000000)
  eden space 87424K, 100% used [0x00000000e0000000, 0x00000000e5560000, 0x00000000e5560000)
  from space 21824K, 100% used [0x00000000e5560000, 0x00000000e6ab0000, 0x00000000e6ab0000)
  to   space 21824K,   0% used [0x00000000e6ab0000, 0x00000000e6ab0000, 0x00000000e8000000)
 concurrent mark-sweep generation total 393216K, used 12538K [0x00000000e8000000, 0x0000000100000000, 0x0000000100000000)
 Metaspace       used 35746K, capacity 36831K, committed 36952K, reserved 1081344K
  class space    used 4167K, capacity 4460K, committed 4476K, reserved 1048576K
2018-10-23T07:38:55.365+0000: 5.311: [GC (Allocation Failure) 2018-10-23T07:38:55.365+0000: 5.311: [ParNew
Desired survivor size 20112992 bytes, new threshold 8 (max 8)
- age   1:     978728 bytes,     978728 total
- age   2:     125832 bytes,    1104560 total
- age   3:     100192 bytes,    1204752 total
- age   4:      75752 bytes,    1280504 total
- age   5:    2046928 bytes,    3327432 total
- age   6:    2288976 bytes,    5616408 total
- age   7:   10082920 bytes,   15699328 total
- age   8:    2150080 bytes,   17849408 total
: 109248K->21824K(109248K), 0.0449841 secs] 121786K->35228K(502464K), 0.0450988 secs] [Times: user=0.08 sys=0.00, real=0.05 secs] 
Heap after GC invocations=17 (full 1):
 par new generation   total 109248K, used 21824K [0x00000000e0000000, 0x00000000e8000000, 0x00000000e8000000)
  eden space 87424K,   0% used [0x00000000e0000000, 0x00000000e0000000, 0x00000000e5560000)
  from space 21824K, 100% used [0x00000000e6ab0000, 0x00000000e8000000, 0x00000000e8000000)
  to   space 21824K,   0% used [0x00000000e5560000, 0x00000000e5560000, 0x00000000e6ab0000)
 concurrent mark-sweep generation total 393216K, used 13404K [0x00000000e8000000, 0x0000000100000000, 0x0000000100000000)
 Metaspace       used 35746K, capacity 36831K, committed 36952K, reserved 1081344K
  class space    used 4167K, capacity 4460K, committed 4476K, reserved 1048576K
}
2018-10-23T07:38:55.410+0000: 5.356: Total time for which application threads were stopped: 0.0454487 seconds, Stopping threads took: 0.0000670 seconds
2018-10-23T07:38:55.578+0000: 5.524: Total time for which application threads were stopped: 0.0002553 seconds, Stopping threads took: 0.0000357 seconds
2018-10-23T07:38:55.630+0000: 5.576: Total time for which application threads were stopped: 0.0002686 seconds, Stopping threads took: 0.0000896 seconds
2018-10-23T07:38:55.689+0000: 5.635: Total time for which application threads were stopped: 0.0002965 seconds, Stopping threads took: 0.0001139 seconds
2018-10-23T07:38:55.751+0000: 5.697: Total time for which application threads were stopped: 0.0006227 seconds, Stopping threads took: 0.0004240 seconds
2018-10-23T07:38:55.759+0000: 5.705: Total time for which application threads were stopped: 0.0061374 seconds, Stopping threads took: 0.0060376 seconds
2018-10-23T07:38:55.761+0000: 5.707: Total time for which application threads were stopped: 0.0001222 seconds, Stopping threads took: 0.0000351 seconds
2018-10-23T07:38:55.785+0000: 5.731: Total time for which application threads were stopped: 0.0012493 seconds, Stopping threads took: 0.0010892 seconds
2018-10-23T07:38:55.826+0000: 5.771: Total time for which application threads were stopped: 0.0171765 seconds, Stopping threads took: 0.0169736 seconds
2018-10-23T07:38:55.843+0000: 5.789: Total time for which application threads were stopped: 0.0024948 seconds, Stopping threads took: 0.0023331 seconds
2018-10-23T07:38:55.844+0000: 5.789: Total time for which application threads were stopped: 0.0001353 seconds, Stopping threads took: 0.0000382 seconds
2018-10-23T07:38:55.844+0000: 5.790: Total time for which application threads were stopped: 0.0001802 seconds, Stopping threads took: 0.0000810 seconds
2018-10-23T07:38:55.854+0000: 5.800: Total time for which application threads were stopped: 0.0041078 seconds, Stopping threads took: 0.0040101 seconds
2018-10-23T07:38:55.862+0000: 5.808: Total time for which application threads were stopped: 0.0040963 seconds, Stopping threads took: 0.0040039 seconds
2018-10-23T07:38:55.862+0000: 5.808: Total time for which application threads were stopped: 0.0000971 seconds, Stopping threads took: 0.0000183 seconds
2018-10-23T07:38:55.862+0000: 5.808: Total time for which application threads were stopped: 0.0000856 seconds, Stopping threads took: 0.0000164 seconds
2018-10-23T07:38:55.862+0000: 5.808: Total time for which application threads were stopped: 0.0000849 seconds, Stopping threads took: 0.0000160 seconds
2018-10-23T07:38:55.862+0000: 5.808: Total time for which application threads were stopped: 0.0002682 seconds, Stopping threads took: 0.0000161 seconds
2018-10-23T07:38:55.863+0000: 5.808: Total time for which application threads were stopped: 0.0000963 seconds, Stopping threads took: 0.0000183 seconds
2018-10-23T07:38:55.884+0000: 5.830: Total time for which application threads were stopped: 0.0099788 seconds, Stopping threads took: 0.0097686 seconds
2018-10-23T07:38:55.893+0000: 5.838: Total time for which application threads were stopped: 0.0019012 seconds, Stopping threads took: 0.0017578 seconds
2018-10-23T07:38:55.899+0000: 5.844: Total time for which application threads were stopped: 0.0006555 seconds, Stopping threads took: 0.0005313 seconds
2018-10-23T07:38:55.918+0000: 5.864: Total time for which application threads were stopped: 0.0049506 seconds, Stopping threads took: 0.0048250 seconds
2018-10-23T07:38:55.954+0000: 5.900: Total time for which application threads were stopped: 0.0076369 seconds, Stopping threads took: 0.0074612 seconds
2018-10-23T07:38:55.954+0000: 5.900: Total time for which application threads were stopped: 0.0001073 seconds, Stopping threads took: 0.0000217 seconds
2018-10-23T07:38:55.982+0000: 5.928: Total time for which application threads were stopped: 0.0046708 seconds, Stopping threads took: 0.0045211 seconds
{Heap before GC invocations=17 (full 1):
 par new generation   total 109248K, used 109248K [0x00000000e0000000, 0x00000000e8000000, 0x00000000e8000000)
  eden space 87424K, 100% used [0x00000000e0000000, 0x00000000e5560000, 0x00000000e5560000)
  from space 21824K, 100% used [0x00000000e6ab0000, 0x00000000e8000000, 0x00000000e8000000)
  to   space 21824K,   0% used [0x00000000e5560000, 0x00000000e5560000, 0x00000000e6ab0000)
 concurrent mark-sweep generation total 393216K, used 13404K [0x00000000e8000000, 0x0000000100000000, 0x0000000100000000)
 Metaspace       used 36165K, capacity 37271K, committed 37464K, reserved 1083392K
  class space    used 4194K, capacity 4472K, committed 4476K, reserved 1048576K
2018-10-23T07:38:56.000+0000: 5.946: [GC (Allocation Failure) 2018-10-23T07:38:56.000+0000: 5.946: [ParNew
Desired survivor size 20112992 bytes, new threshold 8 (max 8)
- age   1:    9521016 bytes,    9521016 total
- age   2:     147504 bytes,    9668520 total
- age   3:     106216 bytes,    9774736 total
- age   4:      50896 bytes,    9825632 total
- age   5:      64824 bytes,    9890456 total
- age   6:     351816 bytes,   10242272 total
- age   7:    1710416 bytes,   11952688 total
- age   8:    7416984 bytes,   19369672 total
: 109248K->21824K(109248K), 0.1013123 secs] 122652K->44434K(502464K), 0.1014252 secs] [Times: user=0.09 sys=0.00, real=0.10 secs] 
Heap after GC invocations=18 (full 1):
 par new generation   total 109248K, used 21824K [0x00000000e0000000, 0x00000000e8000000, 0x00000000e8000000)
  eden space 87424K,   0% used [0x00000000e0000000, 0x00000000e0000000, 0x00000000e5560000)
  from space 21824K, 100% used [0x00000000e5560000, 0x00000000e6ab0000, 0x00000000e6ab0000)
  to   space 21824K,   0% used [0x00000000e6ab0000, 0x00000000e6ab0000, 0x00000000e8000000)
 concurrent mark-sweep generation total 393216K, used 22610K [0x00000000e8000000, 0x0000000100000000, 0x0000000100000000)
 Metaspace       used 36165K, capacity 37271K, committed 37464K, reserved 1083392K
  class space    used 4194K, capacity 4472K, committed 4476K, reserved 1048576K
}
2018-10-23T07:38:56.102+0000: 6.048: Total time for which application threads were stopped: 0.1082526 seconds, Stopping threads took: 0.0065823 seconds
2018-10-23T07:38:56.103+0000: 6.049: Total time for which application threads were stopped: 0.0002660 seconds, Stopping threads took: 0.0000922 seconds
{Heap before GC invocations=18 (full 1):
 par new generation   total 109248K, used 109248K [0x00000000e0000000, 0x00000000e8000000, 0x00000000e8000000)
  eden space 87424K, 100% used [0x00000000e0000000, 0x00000000e5560000, 0x00000000e5560000)
  from space 21824K, 100% used [0x00000000e5560000, 0x00000000e6ab0000, 0x00000000e6ab0000)
  to   space 21824K,   0% used [0x00000000e6ab0000, 0x00000000e6ab0000, 0x00000000e8000000)
 concurrent mark-sweep generation total 393216K, used 22610K [0x00000000e8000000, 0x0000000100000000, 0x0000000100000000)
 Metaspace       used 36207K, capacity 37287K, committed 37464K, reserved 1083392K
  class space    used 4195K, capacity 4474K, committed 4476K, reserved 1048576K
2018-10-23T07:38:56.187+0000: 6.133: [GC (Allocation Failure) 2018-10-23T07:38:56.187+0000: 6.133: [ParNew
Desired survivor size 20112992 bytes, new threshold 8 (max 8)
- age   1:    1994392 bytes,    1994392 total
- age   2:    9169016 bytes,   11163408 total
- age   3:     147504 bytes,   11310912 total
- age   4:     106104 bytes,   11417016 total
- age   5:      50896 bytes,   11467912 total
- age   6:      64824 bytes,   11532736 total
- age   7:     346616 bytes,   11879352 total
- age   8:    1709536 bytes,   13588888 total
: 109248K->21824K(109248K), 0.0372908 secs] 131858K->52127K(502464K), 0.0373963 secs] [Times: user=0.09 sys=0.00, real=0.04 secs] 
Heap after GC invocations=19 (full 1):
 par new generation   total 109248K, used 21824K [0x00000000e0000000, 0x00000000e8000000, 0x00000000e8000000)
  eden space 87424K,   0% used [0x00000000e0000000, 0x00000000e0000000, 0x00000000e5560000)
  from space 21824K, 100% used [0x00000000e6ab0000, 0x00000000e8000000, 0x00000000e8000000)
  to   space 21824K,   0% used [0x00000000e5560000, 0x00000000e5560000, 0x00000000e6ab0000)
 concurrent mark-sweep generation total 393216K, used 30303K [0x00000000e8000000, 0x0000000100000000, 0x0000000100000000)
 Metaspace       used 36207K, capacity 37287K, committed 37464K, reserved 1083392K
  class space    used 4195K, capacity 4474K, committed 4476K, reserved 1048576K
}
2018-10-23T07:38:56.225+0000: 6.170: Total time for which application threads were stopped: 0.0420719 seconds, Stopping threads took: 0.0043776 seconds
2018-10-23T07:38:56.231+0000: 6.177: Total time for which application threads were stopped: 0.0010375 seconds, Stopping threads took: 0.0008706 seconds
2018-10-23T07:38:56.231+0000: 6.177: Total time for which application threads were stopped: 0.0001328 seconds, Stopping threads took: 0.0000397 seconds
2018-10-23T07:38:56.231+0000: 6.177: Total time for which application threads were stopped: 0.0001288 seconds, Stopping threads took: 0.0000375 seconds
2018-10-23T07:38:56.231+0000: 6.177: Total time for which application threads were stopped: 0.0001182 seconds, Stopping threads took: 0.0000330 seconds
2018-10-23T07:38:56.231+0000: 6.177: Total time for which application threads were stopped: 0.0001191 seconds, Stopping threads took: 0.0000331 seconds
2018-10-23T07:38:56.232+0000: 6.177: Total time for which application threads were stopped: 0.0001265 seconds, Stopping threads took: 0.0000351 seconds
2018-10-23T07:38:56.234+0000: 6.180: Total time for which application threads were stopped: 0.0021576 seconds, Stopping threads took: 0.0020312 seconds
2018-10-23T07:38:56.234+0000: 6.180: Total time for which application threads were stopped: 0.0001783 seconds, Stopping threads took: 0.0000690 seconds
2018-10-23T07:38:56.234+0000: 6.180: Total time for which application threads were stopped: 0.0001161 seconds, Stopping threads took: 0.0000280 seconds
2018-10-23T07:38:56.258+0000: 6.204: Total time for which application threads were stopped: 0.0161793 seconds, Stopping threads took: 0.0159850 seconds
2018-10-23T07:38:56.266+0000: 6.212: Total time for which application threads were stopped: 0.0073305 seconds, Stopping threads took: 0.0072231 seconds
2018-10-23T07:38:56.269+0000: 6.215: Total time for which application threads were stopped: 0.0001485 seconds, Stopping threads took: 0.0000208 seconds
2018-10-23T07:38:56.286+0000: 6.232: Total time for which application threads were stopped: 0.0081213 seconds, Stopping threads took: 0.0079972 seconds
2018-10-23T07:38:56.286+0000: 6.232: Total time for which application threads were stopped: 0.0001120 seconds, Stopping threads took: 0.0000212 seconds
2018-10-23T07:38:56.289+0000: 6.235: Total time for which application threads were stopped: 0.0001079 seconds, Stopping threads took: 0.0000200 seconds
2018-10-23T07:38:56.293+0000: 6.239: Total time for which application threads were stopped: 0.0032099 seconds, Stopping threads took: 0.0031112 seconds
2018-10-23T07:38:56.297+0000: 6.243: Total time for which application threads were stopped: 0.0038329 seconds, Stopping threads took: 0.0037214 seconds
2018-10-23T07:38:56.297+0000: 6.243: Total time for which application threads were stopped: 0.0003021 seconds, Stopping threads took: 0.0000194 seconds
2018-10-23T07:38:56.353+0000: 6.298: Total time for which application threads were stopped: 0.0104065 seconds, Stopping threads took: 0.0102142 seconds
{Heap before GC invocations=19 (full 1):
 par new generation   total 109248K, used 109248K [0x00000000e0000000, 0x00000000e8000000, 0x00000000e8000000)
  eden space 87424K, 100% used [0x00000000e0000000, 0x00000000e5560000, 0x00000000e5560000)
  from space 21824K, 100% used [0x00000000e6ab0000, 0x00000000e8000000, 0x00000000e8000000)
  to   space 21824K,   0% used [0x00000000e5560000, 0x00000000e5560000, 0x00000000e6ab0000)
 concurrent mark-sweep generation total 393216K, used 30303K [0x00000000e8000000, 0x0000000100000000, 0x0000000100000000)
 Metaspace       used 36267K, capacity 37387K, committed 37592K, reserved 1083392K
  class space    used 4202K, capacity 4480K, committed 4604K, reserved 1048576K
2018-10-23T07:38:56.358+0000: 6.303: [GC (Allocation Failure) 2018-10-23T07:38:56.358+0000: 6.303: [ParNew
Desired survivor size 20112992 bytes, new threshold 8 (max 8)
- age   1:    1041048 bytes,    1041048 total
- age   2:    1815896 bytes,    2856944 total
- age   3:    8993264 bytes,   11850208 total
- age   4:     147024 bytes,   11997232 total
- age   5:     106104 bytes,   12103336 total
- age   6:      50896 bytes,   12154232 total
- age   7:      64824 bytes,   12219056 total
- age   8:     346616 bytes,   12565672 total
: 109248K->15906K(109248K), 0.0242121 secs] 139551K->47885K(502464K), 0.0242860 secs] [Times: user=0.05 sys=0.00, real=0.03 secs] 
Heap after GC invocations=20 (full 1):
 par new generation   total 109248K, used 15906K [0x00000000e0000000, 0x00000000e8000000, 0x00000000e8000000)
  eden space 87424K,   0% used [0x00000000e0000000, 0x00000000e0000000, 0x00000000e5560000)
  from space 21824K,  72% used [0x00000000e5560000, 0x00000000e64e8a00, 0x00000000e6ab0000)
  to   space 21824K,   0% used [0x00000000e6ab0000, 0x00000000e6ab0000, 0x00000000e8000000)
 concurrent mark-sweep generation total 393216K, used 31979K [0x00000000e8000000, 0x0000000100000000, 0x0000000100000000)
 Metaspace       used 36267K, capacity 37387K, committed 37592K, reserved 1083392K
  class space    used 4202K, capacity 4480K, committed 4604K, reserved 1048576K
}
2018-10-23T07:38:56.382+0000: 6.328: Total time for which application threads were stopped: 0.0246067 seconds, Stopping threads took: 0.0000750 seconds
{Heap before GC invocations=20 (full 1):
 par new generation   total 109248K, used 103330K [0x00000000e0000000, 0x00000000e8000000, 0x00000000e8000000)
  eden space 87424K, 100% used [0x00000000e0000000, 0x00000000e5560000, 0x00000000e5560000)
  from space 21824K,  72% used [0x00000000e5560000, 0x00000000e64e8a00, 0x00000000e6ab0000)
  to   space 21824K,   0% used [0x00000000e6ab0000, 0x00000000e6ab0000, 0x00000000e8000000)
 concurrent mark-sweep generation total 393216K, used 31979K [0x00000000e8000000, 0x0000000100000000, 0x0000000100000000)
 Metaspace       used 36295K, capacity 37475K, committed 37848K, reserved 1083392K
  class space    used 4204K, capacity 4484K, committed 4604K, reserved 1048576K
2018-10-23T07:38:56.470+0000: 6.416: [GC (Allocation Failure) 2018-10-23T07:38:56.470+0000: 6.416: [ParNew
Desired survivor size 20112992 bytes, new threshold 8 (max 8)
- age   1:     573896 bytes,     573896 total
- age   2:     713560 bytes,    1287456 total
- age   3:    1797416 bytes,    3084872 total
- age   4:    8985344 bytes,   12070216 total
- age   5:     146544 bytes,   12216760 total
- age   6:     106104 bytes,   12322864 total
- age   7:      50896 bytes,   12373760 total
- age   8:      64824 bytes,   12438584 total
: 103330K->14827K(109248K), 0.1016106 secs] 135309K->47148K(502464K), 0.1017046 secs] [Times: user=0.10 sys=0.00, real=0.10 secs] 
Heap after GC invocations=21 (full 1):
 par new generation   total 109248K, used 14827K [0x00000000e0000000, 0x00000000e8000000, 0x00000000e8000000)
  eden space 87424K,   0% used [0x00000000e0000000, 0x00000000e0000000, 0x00000000e5560000)
  from space 21824K,  67% used [0x00000000e6ab0000, 0x00000000e792ae00, 0x00000000e8000000)
  to   space 21824K,   0% used [0x00000000e5560000, 0x00000000e5560000, 0x00000000e6ab0000)
 concurrent mark-sweep generation total 393216K, used 32320K [0x00000000e8000000, 0x0000000100000000, 0x0000000100000000)
 Metaspace       used 36295K, capacity 37475K, committed 37848K, reserved 1083392K
  class space    used 4204K, capacity 4484K, committed 4604K, reserved 1048576K
}
2018-10-23T07:38:56.572+0000: 6.518: Total time for which application threads were stopped: 0.1079933 seconds, Stopping threads took: 0.0060367 seconds
2018-10-23T07:38:56.590+0000: 6.536: Total time for which application threads were stopped: 0.0017697 seconds, Stopping threads took: 0.0015954 seconds
{Heap before GC invocations=21 (full 1):
 par new generation   total 109248K, used 102251K [0x00000000e0000000, 0x00000000e8000000, 0x00000000e8000000)
  eden space 87424K, 100% used [0x00000000e0000000, 0x00000000e5560000, 0x00000000e5560000)
  from space 21824K,  67% used [0x00000000e6ab0000, 0x00000000e792ae00, 0x00000000e8000000)
  to   space 21824K,   0% used [0x00000000e5560000, 0x00000000e5560000, 0x00000000e6ab0000)
 concurrent mark-sweep generation total 393216K, used 32320K [0x00000000e8000000, 0x0000000100000000, 0x0000000100000000)
 Metaspace       used 36306K, capacity 37481K, committed 37848K, reserved 1083392K
  class space    used 4204K, capacity 4485K, committed 4604K, reserved 1048576K
2018-10-23T07:38:56.650+0000: 6.596: [GC (Allocation Failure) 2018-10-23T07:38:56.650+0000: 6.596: [ParNew
Desired survivor size 20112992 bytes, new threshold 8 (max 8)
- age   1:     487568 bytes,     487568 total
- age   2:     328816 bytes,     816384 total
- age   3:     712496 bytes,    1528880 total
- age   4:    1797320 bytes,    3326200 total
- age   5:    8985344 bytes,   12311544 total
- age   6:     146544 bytes,   12458088 total
- age   7:     106104 bytes,   12564192 total
- age   8:      50896 bytes,   12615088 total
: 102251K->18826K(109248K), 0.0580136 secs] 134572K->51212K(502464K), 0.0581348 secs] [Times: user=0.11 sys=0.00, real=0.05 secs] 
Heap after GC invocations=22 (full 1):
 par new generation   total 109248K, used 18826K [0x00000000e0000000, 0x00000000e8000000, 0x00000000e8000000)
  eden space 87424K,   0% used [0x00000000e0000000, 0x00000000e0000000, 0x00000000e5560000)
  from space 21824K,  86% used [0x00000000e5560000, 0x00000000e67c28b0, 0x00000000e6ab0000)
  to   space 21824K,   0% used [0x00000000e6ab0000, 0x00000000e6ab0000, 0x00000000e8000000)
 concurrent mark-sweep generation total 393216K, used 32385K [0x00000000e8000000, 0x0000000100000000, 0x0000000100000000)
 Metaspace       used 36306K, capacity 37481K, committed 37848K, reserved 1083392K
  class space    used 4204K, capacity 4485K, committed 4604K, reserved 1048576K
}
2018-10-23T07:38:56.708+0000: 6.654: Total time for which application threads were stopped: 0.0584929 seconds, Stopping threads took: 0.0000988 seconds
2018-10-23T07:38:56.711+0000: 6.657: Total time for which application threads were stopped: 0.0010391 seconds, Stopping threads took: 0.0008772 seconds
{Heap before GC invocations=22 (full 1):
 par new generation   total 109248K, used 106250K [0x00000000e0000000, 0x00000000e8000000, 0x00000000e8000000)
  eden space 87424K, 100% used [0x00000000e0000000, 0x00000000e5560000, 0x00000000e5560000)
  from space 21824K,  86% used [0x00000000e5560000, 0x00000000e67c28b0, 0x00000000e6ab0000)
  to   space 21824K,   0% used [0x00000000e6ab0000, 0x00000000e6ab0000, 0x00000000e8000000)
 concurrent mark-sweep generation total 393216K, used 32385K [0x00000000e8000000, 0x0000000100000000, 0x0000000100000000)
 Metaspace       used 36318K, capacity 37487K, committed 37848K, reserved 1083392K
  class space    used 4205K, capacity 4486K, committed 4604K, reserved 1048576K
2018-10-23T07:38:56.804+0000: 6.749: [GC (Allocation Failure) 2018-10-23T07:38:56.804+0000: 6.750: [ParNew
Desired survivor size 20112992 bytes, new threshold 8 (max 8)
- age   1:    1603464 bytes,    1603464 total
- age   2:     111264 bytes,    1714728 total
- age   3:     318712 bytes,    2033440 total
- age   4:     711816 bytes,    2745256 total
- age   5:    1796608 bytes,    4541864 total
- age   6:    8985344 bytes,   13527208 total
- age   7:     146544 bytes,   13673752 total
- age   8:     106104 bytes,   13779856 total
: 106250K->17307K(109248K), 0.0370808 secs] 138636K->49744K(502464K), 0.0371996 secs] [Times: user=0.06 sys=0.00, real=0.04 secs] 
Heap after GC invocations=23 (full 1):
 par new generation   total 109248K, used 17307K [0x00000000e0000000, 0x00000000e8000000, 0x00000000e8000000)
  eden space 87424K,   0% used [0x00000000e0000000, 0x00000000e0000000, 0x00000000e5560000)
  from space 21824K,  79% used [0x00000000e6ab0000, 0x00000000e7b96f60, 0x00000000e8000000)
  to   space 21824K,   0% used [0x00000000e5560000, 0x00000000e5560000, 0x00000000e6ab0000)
 concurrent mark-sweep generation total 393216K, used 32436K [0x00000000e8000000, 0x0000000100000000, 0x0000000100000000)
 Metaspace       used 36318K, capacity 37487K, committed 37848K, reserved 1083392K
  class space    used 4205K, capacity 4486K, committed 4604K, reserved 1048576K
}
2018-10-23T07:38:56.841+0000: 6.787: Total time for which application threads were stopped: 0.0375583 seconds, Stopping threads took: 0.0000901 seconds
2018-10-23T07:38:56.967+0000: 6.913: Total time for which application threads were stopped: 0.0174685 seconds, Stopping threads took: 0.0172545 seconds
{Heap before GC invocations=23 (full 1):
 par new generation   total 109248K, used 104731K [0x00000000e0000000, 0x00000000e8000000, 0x00000000e8000000)
  eden space 87424K, 100% used [0x00000000e0000000, 0x00000000e5560000, 0x00000000e5560000)
  from space 21824K,  79% used [0x00000000e6ab0000, 0x00000000e7b96f60, 0x00000000e8000000)
  to   space 21824K,   0% used [0x00000000e5560000, 0x00000000e5560000, 0x00000000e6ab0000)
 concurrent mark-sweep generation total 393216K, used 32436K [0x00000000e8000000, 0x0000000100000000, 0x0000000100000000)
 Metaspace       used 36400K, capacity 37617K, committed 37848K, reserved 1083392K
  class space    used 4212K, capacity 4499K, committed 4604K, reserved 1048576K
2018-10-23T07:38:57.020+0000: 6.966: [GC (Allocation Failure) 2018-10-23T07:38:57.020+0000: 6.966: [ParNew
Desired survivor size 20112992 bytes, new threshold 8 (max 8)
- age   1:    1829784 bytes,    1829784 total
- age   2:     844288 bytes,    2674072 total
- age   3:     111168 bytes,    2785240 total
- age   4:     318712 bytes,    3103952 total
- age   5:     711816 bytes,    3815768 total
- age   6:     648512 bytes,    4464280 total
- age   7:    8985192 bytes,   13449472 total
- age   8:     146544 bytes,   13596016 total
: 104731K->20186K(109248K), 0.0289280 secs] 137168K->52729K(502464K), 0.0290288 secs] [Times: user=0.06 sys=0.00, real=0.02 secs] 
Heap after GC invocations=24 (full 1):
 par new generation   total 109248K, used 20186K [0x00000000e0000000, 0x00000000e8000000, 0x00000000e8000000)
  eden space 87424K,   0% used [0x00000000e0000000, 0x00000000e0000000, 0x00000000e5560000)
  from space 21824K,  92% used [0x00000000e5560000, 0x00000000e6916900, 0x00000000e6ab0000)
  to   space 21824K,   0% used [0x00000000e6ab0000, 0x00000000e6ab0000, 0x00000000e8000000)
 concurrent mark-sweep generation total 393216K, used 32542K [0x00000000e8000000, 0x0000000100000000, 0x0000000100000000)
 Metaspace       used 36400K, capacity 37617K, committed 37848K, reserved 1083392K
  class space    used 4212K, capacity 4499K, committed 4604K, reserved 1048576K
}
2018-10-23T07:38:57.049+0000: 6.995: Total time for which application threads were stopped: 0.0353990 seconds, Stopping threads took: 0.0060823 seconds
2018-10-23T07:38:57.053+0000: 6.999: Total time for which application threads were stopped: 0.0002370 seconds, Stopping threads took: 0.0000832 seconds
2018-10-23T07:38:57.118+0000: 7.064: Total time for which application threads were stopped: 0.0036255 seconds, Stopping threads took: 0.0033875 seconds
2018-10-23T07:38:57.163+0000: 7.109: Total time for which application threads were stopped: 0.0134024 seconds, Stopping threads took: 0.0132099 seconds
2018-10-23T07:38:57.181+0000: 7.127: Total time for which application threads were stopped: 0.0005615 seconds, Stopping threads took: 0.0004352 seconds
2018-10-23T07:38:57.203+0000: 7.149: Total time for which application threads were stopped: 0.0008348 seconds, Stopping threads took: 0.0004933 seconds
2018-10-23T07:38:57.228+0000: 7.174: Total time for which application threads were stopped: 0.0002987 seconds, Stopping threads took: 0.0001298 seconds
2018-10-23T07:38:57.244+0000: 7.190: Total time for which application threads were stopped: 0.0002152 seconds, Stopping threads took: 0.0000573 seconds
2018-10-23T07:38:57.264+0000: 7.210: Total time for which application threads were stopped: 0.0007506 seconds, Stopping threads took: 0.0005919 seconds
2018-10-23T07:38:57.264+0000: 7.210: Total time for which application threads were stopped: 0.0001377 seconds, Stopping threads took: 0.0000483 seconds
2018-10-23T07:38:57.353+0000: 7.299: Total time for which application threads were stopped: 0.0233320 seconds, Stopping threads took: 0.0230662 seconds
{Heap before GC invocations=24 (full 1):
 par new generation   total 109248K, used 107594K [0x00000000e0000000, 0x00000000e8000000, 0x00000000e8000000)
  eden space 87424K,  99% used [0x00000000e0000000, 0x00000000e555bff8, 0x00000000e5560000)
  from space 21824K,  92% used [0x00000000e5560000, 0x00000000e6916900, 0x00000000e6ab0000)
  to   space 21824K,   0% used [0x00000000e6ab0000, 0x00000000e6ab0000, 0x00000000e8000000)
 concurrent mark-sweep generation total 393216K, used 32542K [0x00000000e8000000, 0x0000000100000000, 0x0000000100000000)
 Metaspace       used 36587K, capacity 37839K, committed 38104K, reserved 1083392K
  class space    used 4223K, capacity 4514K, committed 4604K, reserved 1048576K
2018-10-23T07:38:57.398+0000: 7.344: [GC (Allocation Failure) 2018-10-23T07:38:57.398+0000: 7.344: [ParNew
Desired survivor size 20112992 bytes, new threshold 8 (max 8)
- age   1:    8493432 bytes,    8493432 total
- age   2:    1107048 bytes,    9600480 total
- age   3:     198800 bytes,    9799280 total
- age   4:     111168 bytes,    9910448 total
- age   5:     296376 bytes,   10206824 total
- age   6:     710736 bytes,   10917560 total
- age   7:     615736 bytes,   11533296 total
- age   8:    8982696 bytes,   20515992 total
: 107594K->21824K(109248K), 0.0334694 secs] 140137K->54754K(502464K), 0.0335696 secs] [Times: user=0.06 sys=0.00, real=0.03 secs] 
Heap after GC invocations=25 (full 1):
 par new generation   total 109248K, used 21824K [0x00000000e0000000, 0x00000000e8000000, 0x00000000e8000000)
  eden space 87424K,   0% used [0x00000000e0000000, 0x00000000e0000000, 0x00000000e5560000)
  from space 21824K, 100% used [0x00000000e6ab0000, 0x00000000e8000000, 0x00000000e8000000)
  to   space 21824K,   0% used [0x00000000e5560000, 0x00000000e5560000, 0x00000000e6ab0000)
 concurrent mark-sweep generation total 393216K, used 32930K [0x00000000e8000000, 0x0000000100000000, 0x0000000100000000)
 Metaspace       used 36587K, capacity 37839K, committed 38104K, reserved 1083392K
  class space    used 4223K, capacity 4514K, committed 4604K, reserved 1048576K
}
2018-10-23T07:38:57.432+0000: 7.378: Total time for which application threads were stopped: 0.0402070 seconds, Stopping threads took: 0.0063775 seconds
2018-10-23T07:38:57.435+0000: 7.381: Total time for which application threads were stopped: 0.0002644 seconds, Stopping threads took: 0.0000736 seconds
2018-10-23T07:38:57.436+0000: 7.381: Total time for which application threads were stopped: 0.0001604 seconds, Stopping threads took: 0.0000690 seconds
2018-10-23T07:38:57.438+0000: 7.384: Total time for which application threads were stopped: 0.0001121 seconds, Stopping threads took: 0.0000196 seconds
2018-10-23T07:38:57.438+0000: 7.384: Total time for which application threads were stopped: 0.0001049 seconds, Stopping threads took: 0.0000177 seconds
2018-10-23T07:38:57.438+0000: 7.384: Total time for which application threads were stopped: 0.0001041 seconds, Stopping threads took: 0.0000170 seconds
2018-10-23T07:38:57.438+0000: 7.384: Total time for which application threads were stopped: 0.0001027 seconds, Stopping threads took: 0.0000173 seconds
2018-10-23T07:38:57.438+0000: 7.384: Total time for which application threads were stopped: 0.0001038 seconds, Stopping threads took: 0.0000172 seconds
2018-10-23T07:38:57.439+0000: 7.384: Total time for which application threads were stopped: 0.0001035 seconds, Stopping threads took: 0.0000173 seconds
2018-10-23T07:38:57.439+0000: 7.384: Total time for which application threads were stopped: 0.0001023 seconds, Stopping threads took: 0.0000172 seconds
2018-10-23T07:38:57.439+0000: 7.385: Total time for which application threads were stopped: 0.0001022 seconds, Stopping threads took: 0.0000172 seconds
2018-10-23T07:38:57.439+0000: 7.385: Total time for which application threads were stopped: 0.0001027 seconds, Stopping threads took: 0.0000172 seconds
2018-10-23T07:38:57.439+0000: 7.385: Total time for which application threads were stopped: 0.0001081 seconds, Stopping threads took: 0.0000174 seconds
2018-10-23T07:38:57.439+0000: 7.385: Total time for which application threads were stopped: 0.0001017 seconds, Stopping threads took: 0.0000168 seconds
2018-10-23T07:38:57.439+0000: 7.385: Total time for which application threads were stopped: 0.0001028 seconds, Stopping threads took: 0.0000170 seconds
2018-10-23T07:38:57.439+0000: 7.385: Total time for which application threads were stopped: 0.0001030 seconds, Stopping threads took: 0.0000171 seconds
2018-10-23T07:38:57.440+0000: 7.385: Total time for which application threads were stopped: 0.0001019 seconds, Stopping threads took: 0.0000166 seconds
2018-10-23T07:38:57.440+0000: 7.386: Total time for which application threads were stopped: 0.0001019 seconds, Stopping threads took: 0.0000165 seconds
2018-10-23T07:38:57.440+0000: 7.386: Total time for which application threads were stopped: 0.0001027 seconds, Stopping threads took: 0.0000165 seconds
2018-10-23T07:38:57.440+0000: 7.386: Total time for which application threads were stopped: 0.0002863 seconds, Stopping threads took: 0.0000168 seconds
2018-10-23T07:38:57.450+0000: 7.396: Total time for which application threads were stopped: 0.0005317 seconds, Stopping threads took: 0.0003856 seconds
2018-10-23T07:38:57.450+0000: 7.396: Total time for which application threads were stopped: 0.0001298 seconds, Stopping threads took: 0.0000429 seconds
2018-10-23T07:38:57.494+0000: 7.440: Total time for which application threads were stopped: 0.0048252 seconds, Stopping threads took: 0.0046231 seconds
{Heap before GC invocations=25 (full 1):
 par new generation   total 109248K, used 109248K [0x00000000e0000000, 0x00000000e8000000, 0x00000000e8000000)
  eden space 87424K, 100% used [0x00000000e0000000, 0x00000000e5560000, 0x00000000e5560000)
  from space 21824K, 100% used [0x00000000e6ab0000, 0x00000000e8000000, 0x00000000e8000000)
  to   space 21824K,   0% used [0x00000000e5560000, 0x00000000e5560000, 0x00000000e6ab0000)
 concurrent mark-sweep generation total 393216K, used 32930K [0x00000000e8000000, 0x0000000100000000, 0x0000000100000000)
 Metaspace       used 36610K, capacity 37855K, committed 38104K, reserved 1083392K
  class space    used 4224K, capacity 4516K, committed 4604K, reserved 1048576K
2018-10-23T07:38:57.521+0000: 7.467: [GC (Allocation Failure) 2018-10-23T07:38:57.521+0000: 7.467: [ParNew
Desired survivor size 20112992 bytes, new threshold 8 (max 8)
- age   1:    3947296 bytes,    3947296 total
- age   2:    7714136 bytes,   11661432 total
- age   3:    1096576 bytes,   12758008 total
- age   4:     198800 bytes,   12956808 total
- age   5:     111168 bytes,   13067976 total
- age   6:     295144 bytes,   13363120 total
- age   7:     710552 bytes,   14073672 total
- age   8:     610136 bytes,   14683808 total
: 109248K->20721K(109248K), 0.0869807 secs] 142178K->62648K(502464K), 0.0870836 secs] [Times: user=0.08 sys=0.00, real=0.08 secs] 
Heap after GC invocations=26 (full 1):
 par new generation   total 109248K, used 20721K [0x00000000e0000000, 0x00000000e8000000, 0x00000000e8000000)
  eden space 87424K,   0% used [0x00000000e0000000, 0x00000000e0000000, 0x00000000e5560000)
  from space 21824K,  94% used [0x00000000e5560000, 0x00000000e699c5c8, 0x00000000e6ab0000)
  to   space 21824K,   0% used [0x00000000e6ab0000, 0x00000000e6ab0000, 0x00000000e8000000)
 concurrent mark-sweep generation total 393216K, used 41926K [0x00000000e8000000, 0x0000000100000000, 0x0000000100000000)
 Metaspace       used 36610K, capacity 37855K, committed 38104K, reserved 1083392K
  class space    used 4224K, capacity 4516K, committed 4604K, reserved 1048576K
}
2018-10-23T07:38:57.608+0000: 7.554: Total time for which application threads were stopped: 0.0875646 seconds, Stopping threads took: 0.0000982 seconds
{Heap before GC invocations=26 (full 1):
 par new generation   total 109248K, used 108145K [0x00000000e0000000, 0x00000000e8000000, 0x00000000e8000000)
  eden space 87424K, 100% used [0x00000000e0000000, 0x00000000e5560000, 0x00000000e5560000)
  from space 21824K,  94% used [0x00000000e5560000, 0x00000000e699c5c8, 0x00000000e6ab0000)
  to   space 21824K,   0% used [0x00000000e6ab0000, 0x00000000e6ab0000, 0x00000000e8000000)
 concurrent mark-sweep generation total 393216K, used 41926K [0x00000000e8000000, 0x0000000100000000, 0x0000000100000000)
 Metaspace       used 36621K, capacity 37867K, committed 38104K, reserved 1083392K
  class space    used 4225K, capacity 4518K, committed 4604K, reserved 1048576K
2018-10-23T07:38:57.641+0000: 7.587: [GC (Allocation Failure) 2018-10-23T07:38:57.641+0000: 7.587: [ParNew
Desired survivor size 20112992 bytes, new threshold 8 (max 8)
- age   1:     525712 bytes,     525712 total
- age   2:    3621344 bytes,    4147056 total
- age   3:    7353824 bytes,   11500880 total
- age   4:    1096576 bytes,   12597456 total
- age   5:     198800 bytes,   12796256 total
- age   6:     111168 bytes,   12907424 total
- age   7:     295144 bytes,   13202568 total
- age   8:     710552 bytes,   13913120 total
: 108145K->19043K(109248K), 0.0260024 secs] 150072K->61572K(502464K), 0.0261005 secs] [Times: user=0.06 sys=0.00, real=0.02 secs] 
Heap after GC invocations=27 (full 1):
 par new generation   total 109248K, used 19043K [0x00000000e0000000, 0x00000000e8000000, 0x00000000e8000000)
  eden space 87424K,   0% used [0x00000000e0000000, 0x00000000e0000000, 0x00000000e5560000)
  from space 21824K,  87% used [0x00000000e6ab0000, 0x00000000e7d48d40, 0x00000000e8000000)
  to   space 21824K,   0% used [0x00000000e5560000, 0x00000000e5560000, 0x00000000e6ab0000)
 concurrent mark-sweep generation total 393216K, used 42528K [0x00000000e8000000, 0x0000000100000000, 0x0000000100000000)
 Metaspace       used 36621K, capacity 37867K, committed 38104K, reserved 1083392K
  class space    used 4225K, capacity 4518K, committed 4604K, reserved 1048576K
}
2018-10-23T07:38:57.667+0000: 7.613: Total time for which application threads were stopped: 0.0265173 seconds, Stopping threads took: 0.0001584 seconds
2018-10-23T07:38:57.690+0000: 7.636: Total time for which application threads were stopped: 0.0063275 seconds, Stopping threads took: 0.0061375 seconds
{Heap before GC invocations=27 (full 1):
 par new generation   total 109248K, used 106467K [0x00000000e0000000, 0x00000000e8000000, 0x00000000e8000000)
  eden space 87424K, 100% used [0x00000000e0000000, 0x00000000e5560000, 0x00000000e5560000)
  from space 21824K,  87% used [0x00000000e6ab0000, 0x00000000e7d48d40, 0x00000000e8000000)
  to   space 21824K,   0% used [0x00000000e5560000, 0x00000000e5560000, 0x00000000e6ab0000)
 concurrent mark-sweep generation total 393216K, used 42528K [0x00000000e8000000, 0x0000000100000000, 0x0000000100000000)
 Metaspace       used 36638K, capacity 37867K, committed 38104K, reserved 1083392K
  class space    used 4225K, capacity 4518K, committed 4604K, reserved 1048576K
2018-10-23T07:38:57.717+0000: 7.663: [GC (Allocation Failure) 2018-10-23T07:38:57.717+0000: 7.663: [ParNew
Desired survivor size 20112992 bytes, new threshold 8 (max 8)
- age   1:     814416 bytes,     814416 total
- age   2:      96088 bytes,     910504 total
- age   3:    3602736 bytes,    4513240 total
- age   4:    7351160 bytes,   11864400 total
- age   5:    1096576 bytes,   12960976 total
- age   6:     198800 bytes,   13159776 total
- age   7:     111168 bytes,   13270944 total
- age   8:     295040 bytes,   13565984 total
: 106467K->16820K(109248K), 0.0306810 secs] 148996K->60045K(502464K), 0.0307740 secs] [Times: user=0.06 sys=0.00, real=0.03 secs] 
Heap after GC invocations=28 (full 1):
 par new generation   total 109248K, used 16820K [0x00000000e0000000, 0x00000000e8000000, 0x00000000e8000000)
  eden space 87424K,   0% used [0x00000000e0000000, 0x00000000e0000000, 0x00000000e5560000)
  from space 21824K,  77% used [0x00000000e5560000, 0x00000000e65cd010, 0x00000000e6ab0000)
  to   space 21824K,   0% used [0x00000000e6ab0000, 0x00000000e6ab0000, 0x00000000e8000000)
 concurrent mark-sweep generation total 393216K, used 43225K [0x00000000e8000000, 0x0000000100000000, 0x0000000100000000)
 Metaspace       used 36638K, capacity 37867K, committed 38104K, reserved 1083392K
  class space    used 4225K, capacity 4518K, committed 4604K, reserved 1048576K
}
2018-10-23T07:38:57.748+0000: 7.693: Total time for which application threads were stopped: 0.0371167 seconds, Stopping threads took: 0.0060818 seconds
{Heap before GC invocations=28 (full 1):
 par new generation   total 109248K, used 104244K [0x00000000e0000000, 0x00000000e8000000, 0x00000000e8000000)
  eden space 87424K, 100% used [0x00000000e0000000, 0x00000000e5560000, 0x00000000e5560000)
  from space 21824K,  77% used [0x00000000e5560000, 0x00000000e65cd010, 0x00000000e6ab0000)
  to   space 21824K,   0% used [0x00000000e6ab0000, 0x00000000e6ab0000, 0x00000000e8000000)
 concurrent mark-sweep generation total 393216K, used 43225K [0x00000000e8000000, 0x0000000100000000, 0x0000000100000000)
 Metaspace       used 36650K, capacity 37867K, committed 38104K, reserved 1083392K
  class space    used 4225K, capacity 4518K, committed 4604K, reserved 1048576K
2018-10-23T07:38:57.839+0000: 7.785: [GC (Allocation Failure) 2018-10-23T07:38:57.839+0000: 7.785: [ParNew
Desired survivor size 20112992 bytes, new threshold 8 (max 8)
- age   1:    2239704 bytes,    2239704 total
- age   2:     234200 bytes,    2473904 total
- age   3:      94720 bytes,    2568624 total
- age   4:    3032784 bytes,    5601408 total
- age   5:    7343520 bytes,   12944928 total
- age   6:    1096576 bytes,   14041504 total
- age   7:     198800 bytes,   14240304 total
- age   8:     111168 bytes,   14351472 total
: 104244K->20658K(109248K), 0.0483660 secs] 147469K->64176K(502464K), 0.0484577 secs] [Times: user=0.06 sys=0.00, real=0.04 secs] 
Heap after GC invocations=29 (full 1):
 par new generation   total 109248K, used 20658K [0x00000000e0000000, 0x00000000e8000000, 0x00000000e8000000)
  eden space 87424K,   0% used [0x00000000e0000000, 0x00000000e0000000, 0x00000000e5560000)
  from space 21824K,  94% used [0x00000000e6ab0000, 0x00000000e7edca90, 0x00000000e8000000)
  to   space 21824K,   0% used [0x00000000e5560000, 0x00000000e5560000, 0x00000000e6ab0000)
 concurrent mark-sweep generation total 393216K, used 43517K [0x00000000e8000000, 0x0000000100000000, 0x0000000100000000)
 Metaspace       used 36650K, capacity 37867K, committed 38104K, reserved 1083392K
  class space    used 4225K, capacity 4518K, committed 4604K, reserved 1048576K
}
2018-10-23T07:38:57.888+0000: 7.834: Total time for which application threads were stopped: 0.0489178 seconds, Stopping threads took: 0.0001727 seconds
2018-10-23T07:38:57.894+0000: 7.840: Total time for which application threads were stopped: 0.0002530 seconds, Stopping threads took: 0.0000803 seconds
2018-10-23T07:38:57.895+0000: 7.841: Total time for which application threads were stopped: 0.0010282 seconds, Stopping threads took: 0.0009158 seconds
2018-10-23T07:38:57.916+0000: 7.862: Total time for which application threads were stopped: 0.0068879 seconds, Stopping threads took: 0.0067153 seconds
{Heap before GC invocations=29 (full 1):
 par new generation   total 109248K, used 108082K [0x00000000e0000000, 0x00000000e8000000, 0x00000000e8000000)
  eden space 87424K, 100% used [0x00000000e0000000, 0x00000000e5560000, 0x00000000e5560000)
  from space 21824K,  94% used [0x00000000e6ab0000, 0x00000000e7edca90, 0x00000000e8000000)
  to   space 21824K,   0% used [0x00000000e5560000, 0x00000000e5560000, 0x00000000e6ab0000)
 concurrent mark-sweep generation total 393216K, used 43517K [0x00000000e8000000, 0x0000000100000000, 0x0000000100000000)
 Metaspace       used 36665K, capacity 37873K, committed 38104K, reserved 1083392K
  class space    used 4225K, capacity 4519K, committed 4604K, reserved 1048576K
2018-10-23T07:38:57.950+0000: 7.895: [GC (Allocation Failure) 2018-10-23T07:38:57.950+0000: 7.895: [ParNew
Desired survivor size 20112992 bytes, new threshold 8 (max 8)
- age   1:     349352 bytes,     349352 total
- age   2:    1791352 bytes,    2140704 total
- age   3:     220584 bytes,    2361288 total
- age   4:      94624 bytes,    2455912 total
- age   5:    3031720 bytes,    5487632 total
- age   6:    7343336 bytes,   12830968 total
- age   7:    1096576 bytes,   13927544 total
- age   8:     198800 bytes,   14126344 total
: 108082K->18465K(109248K), 0.0504877 secs] 151600K->62094K(502464K), 0.0506294 secs] [Times: user=0.06 sys=0.00, real=0.06 secs] 
Heap after GC invocations=30 (full 1):
 par new generation   total 109248K, used 18465K [0x00000000e0000000, 0x00000000e8000000, 0x00000000e8000000)
  eden space 87424K,   0% used [0x00000000e0000000, 0x00000000e0000000, 0x00000000e5560000)
  from space 21824K,  84% used [0x00000000e5560000, 0x00000000e6768628, 0x00000000e6ab0000)
  to   space 21824K,   0% used [0x00000000e6ab0000, 0x00000000e6ab0000, 0x00000000e8000000)
 concurrent mark-sweep generation total 393216K, used 43629K [0x00000000e8000000, 0x0000000100000000, 0x0000000100000000)
 Metaspace       used 36665K, capacity 37873K, committed 38104K, reserved 1083392K
  class space    used 4225K, capacity 4519K, committed 4604K, reserved 1048576K
}
2018-10-23T07:38:58.000+0000: 7.946: Total time for which application threads were stopped: 0.0509545 seconds, Stopping threads took: 0.0000586 seconds
2018-10-23T07:38:58.134+0000: 8.080: Total time for which application threads were stopped: 0.0005608 seconds, Stopping threads took: 0.0001137 seconds
2018-10-23T07:38:58.173+0000: 8.119: Total time for which application threads were stopped: 0.0003704 seconds, Stopping threads took: 0.0001499 seconds
2018-10-23T07:38:58.252+0000: 8.198: Total time for which application threads were stopped: 0.0099378 seconds, Stopping threads took: 0.0096542 seconds
2018-10-23T07:38:58.266+0000: 8.212: Total time for which application threads were stopped: 0.0038238 seconds, Stopping threads took: 0.0036427 seconds
2018-10-23T07:38:58.276+0000: 8.222: Total time for which application threads were stopped: 0.0002308 seconds, Stopping threads took: 0.0000731 seconds
2018-10-23T07:38:58.293+0000: 8.239: Total time for which application threads were stopped: 0.0002428 seconds, Stopping threads took: 0.0000758 seconds
{Heap before GC invocations=30 (full 1):
 par new generation   total 109248K, used 105889K [0x00000000e0000000, 0x00000000e8000000, 0x00000000e8000000)
  eden space 87424K, 100% used [0x00000000e0000000, 0x00000000e5560000, 0x00000000e5560000)
  from space 21824K,  84% used [0x00000000e5560000, 0x00000000e6768628, 0x00000000e6ab0000)
  to   space 21824K,   0% used [0x00000000e6ab0000, 0x00000000e6ab0000, 0x00000000e8000000)
 concurrent mark-sweep generation total 393216K, used 43629K [0x00000000e8000000, 0x0000000100000000, 0x0000000100000000)
 Metaspace       used 36708K, capacity 37941K, committed 38104K, reserved 1083392K
  class space    used 4225K, capacity 4519K, committed 4604K, reserved 1048576K
2018-10-23T07:38:58.324+0000: 8.270: [GC (Allocation Failure) 2018-10-23T07:38:58.324+0000: 8.270: [ParNew
Desired survivor size 20112992 bytes, new threshold 8 (max 8)
- age   1:    7522304 bytes,    7522304 total
- age   2:     215040 bytes,    7737344 total
- age   3:     905048 bytes,    8642392 total
- age   4:     219800 bytes,    8862192 total
- age   5:      94592 bytes,    8956784 total
- age   6:    2399768 bytes,   11356552 total
- age   7:    7338696 bytes,   18695248 total
- age   8:    1096576 bytes,   19791824 total
: 105889K->21824K(109248K), 0.0543277 secs] 149518K->65650K(502464K), 0.0544358 secs] [Times: user=0.09 sys=0.00, real=0.06 secs] 
Heap after GC invocations=31 (full 1):
 par new generation   total 109248K, used 21824K [0x00000000e0000000, 0x00000000e8000000, 0x00000000e8000000)
  eden space 87424K,   0% used [0x00000000e0000000, 0x00000000e0000000, 0x00000000e5560000)
  from space 21824K, 100% used [0x00000000e6ab0000, 0x00000000e8000000, 0x00000000e8000000)
  to   space 21824K,   0% used [0x00000000e5560000, 0x00000000e5560000, 0x00000000e6ab0000)
 concurrent mark-sweep generation total 393216K, used 43826K [0x00000000e8000000, 0x0000000100000000, 0x0000000100000000)
 Metaspace       used 36708K, capacity 37941K, committed 38104K, reserved 1083392K
  class space    used 4225K, capacity 4519K, committed 4604K, reserved 1048576K
}
2018-10-23T07:38:58.379+0000: 8.324: Total time for which application threads were stopped: 0.0547848 seconds, Stopping threads took: 0.0000656 seconds
2018-10-23T07:38:58.434+0000: 8.380: Total time for which application threads were stopped: 0.0085256 seconds, Stopping threads took: 0.0082808 seconds
2018-10-23T07:38:58.459+0000: 8.405: Total time for which application threads were stopped: 0.0028639 seconds, Stopping threads took: 0.0026133 seconds
2018-10-23T07:38:58.533+0000: 8.479: Total time for which application threads were stopped: 0.0003575 seconds, Stopping threads took: 0.0001679 seconds
{Heap before GC invocations=31 (full 1):
 par new generation   total 109248K, used 109231K [0x00000000e0000000, 0x00000000e8000000, 0x00000000e8000000)
  eden space 87424K,  99% used [0x00000000e0000000, 0x00000000e555be38, 0x00000000e5560000)
  from space 21824K, 100% used [0x00000000e6ab0000, 0x00000000e8000000, 0x00000000e8000000)
  to   space 21824K,   0% used [0x00000000e5560000, 0x00000000e5560000, 0x00000000e6ab0000)
 concurrent mark-sweep generation total 393216K, used 43826K [0x00000000e8000000, 0x0000000100000000, 0x0000000100000000)
 Metaspace       used 36870K, capacity 38193K, committed 38360K, reserved 1083392K
  class space    used 4242K, capacity 4545K, committed 4604K, reserved 1048576K
2018-10-23T07:38:58.570+0000: 8.516: [GC (Allocation Failure) 2018-10-23T07:38:58.570+0000: 8.516: [ParNew
Desired survivor size 20112992 bytes, new threshold 8 (max 8)
- age   1:    4832544 bytes,    4832544 total
- age   2:    6557816 bytes,   11390360 total
- age   3:     210216 bytes,   11600576 total
- age   4:     700008 bytes,   12300584 total
- age   5:     196432 bytes,   12497016 total
- age   6:      94384 bytes,   12591400 total
- age   7:    1213216 bytes,   13804616 total
- age   8:    7217984 bytes,   21022600 total
: 109231K->21824K(109248K), 0.0809566 secs] 153058K->68766K(502464K), 0.0810626 secs] [Times: user=0.14 sys=0.00, real=0.08 secs] 
Heap after GC invocations=32 (full 1):
 par new generation   total 109248K, used 21824K [0x00000000e0000000, 0x00000000e8000000, 0x00000000e8000000)
  eden space 87424K,   0% used [0x00000000e0000000, 0x00000000e0000000, 0x00000000e5560000)
  from space 21824K, 100% used [0x00000000e5560000, 0x00000000e6ab0000, 0x00000000e6ab0000)
  to   space 21824K,   0% used [0x00000000e6ab0000, 0x00000000e6ab0000, 0x00000000e8000000)
 concurrent mark-sweep generation total 393216K, used 46942K [0x00000000e8000000, 0x0000000100000000, 0x0000000100000000)
 Metaspace       used 36870K, capacity 38193K, committed 38360K, reserved 1083392K
  class space    used 4242K, capacity 4545K, committed 4604K, reserved 1048576K
}
2018-10-23T07:38:58.651+0000: 8.597: Total time for which application threads were stopped: 0.0853631 seconds, Stopping threads took: 0.0040024 seconds
2018-10-23T07:38:58.663+0000: 8.609: Total time for which application threads were stopped: 0.0093483 seconds, Stopping threads took: 0.0091589 seconds
2018-10-23T07:38:58.694+0000: 8.640: Total time for which application threads were stopped: 0.0122176 seconds, Stopping threads took: 0.0120113 seconds
2018-10-23T07:38:58.722+0000: 8.668: Total time for which application threads were stopped: 0.0030657 seconds, Stopping threads took: 0.0028299 seconds
{Heap before GC invocations=32 (full 1):
 par new generation   total 109248K, used 109248K [0x00000000e0000000, 0x00000000e8000000, 0x00000000e8000000)
  eden space 87424K, 100% used [0x00000000e0000000, 0x00000000e5560000, 0x00000000e5560000)
  from space 21824K, 100% used [0x00000000e5560000, 0x00000000e6ab0000, 0x00000000e6ab0000)
  to   space 21824K,   0% used [0x00000000e6ab0000, 0x00000000e6ab0000, 0x00000000e8000000)
 concurrent mark-sweep generation total 393216K, used 46942K [0x00000000e8000000, 0x0000000100000000, 0x0000000100000000)
 Metaspace       used 36872K, capacity 38193K, committed 38360K, reserved 1083392K
  class space    used 4242K, capacity 4545K, committed 4604K, reserved 1048576K
2018-10-23T07:38:58.749+0000: 8.695: [GC (Allocation Failure) 2018-10-23T07:38:58.749+0000: 8.695: [ParNew
Desired survivor size 20112992 bytes, new threshold 8 (max 8)
- age   1:    1438360 bytes,    1438360 total
- age   2:    4401888 bytes,    5840248 total
- age   3:    6548560 bytes,   12388808 total
- age   4:     210216 bytes,   12599024 total
- age   5:     700008 bytes,   13299032 total
- age   6:     196000 bytes,   13495032 total
- age   7:      94384 bytes,   13589416 total
- age   8:    1213184 bytes,   14802600 total
: 109248K->21824K(109248K), 0.0631661 secs] 156190K->76122K(502464K), 0.0632917 secs] [Times: user=0.14 sys=0.00, real=0.07 secs] 
Heap after GC invocations=33 (full 1):
 par new generation   total 109248K, used 21824K [0x00000000e0000000, 0x00000000e8000000, 0x00000000e8000000)
  eden space 87424K,   0% used [0x00000000e0000000, 0x00000000e0000000, 0x00000000e5560000)
  from space 21824K, 100% used [0x00000000e6ab0000, 0x00000000e8000000, 0x00000000e8000000)
  to   space 21824K,   0% used [0x00000000e5560000, 0x00000000e5560000, 0x00000000e6ab0000)
 concurrent mark-sweep generation total 393216K, used 54298K [0x00000000e8000000, 0x0000000100000000, 0x0000000100000000)
 Metaspace       used 36872K, capacity 38193K, committed 38360K, reserved 1083392K
  class space    used 4242K, capacity 4545K, committed 4604K, reserved 1048576K
}
2018-10-23T07:38:58.813+0000: 8.759: Total time for which application threads were stopped: 0.0636839 seconds, Stopping threads took: 0.0000893 seconds
2018-10-23T07:38:58.830+0000: 8.776: Total time for which application threads were stopped: 0.0003763 seconds, Stopping threads took: 0.0001682 seconds
2018-10-23T07:38:58.847+0000: 8.793: Total time for which application threads were stopped: 0.0077713 seconds, Stopping threads took: 0.0075588 seconds
{Heap before GC invocations=33 (full 1):
 par new generation   total 109248K, used 109248K [0x00000000e0000000, 0x00000000e8000000, 0x00000000e8000000)
  eden space 87424K, 100% used [0x00000000e0000000, 0x00000000e5560000, 0x00000000e5560000)
  from space 21824K, 100% used [0x00000000e6ab0000, 0x00000000e8000000, 0x00000000e8000000)
  to   space 21824K,   0% used [0x00000000e5560000, 0x00000000e5560000, 0x00000000e6ab0000)
 concurrent mark-sweep generation total 393216K, used 54298K [0x00000000e8000000, 0x0000000100000000, 0x0000000100000000)
 Metaspace       used 36877K, capacity 38193K, committed 38360K, reserved 1083392K
  class space    used 4242K, capacity 4545K, committed 4604K, reserved 1048576K
2018-10-23T07:38:58.870+0000: 8.816: [GC (Allocation Failure) 2018-10-23T07:38:58.870+0000: 8.816: [ParNew
Desired survivor size 20112992 bytes, new threshold 8 (max 8)
- age   1:    1131344 bytes,    1131344 total
- age   2:    1389720 bytes,    2521064 total
- age   3:    4224968 bytes,    6746032 total
- age   4:    6548560 bytes,   13294592 total
- age   5:     209424 bytes,   13504016 total
- age   6:     700008 bytes,   14204024 total
- age   7:     195008 bytes,   14399032 total
- age   8:      94384 bytes,   14493416 total
: 109248K->16964K(109248K), 0.0258298 secs] 163546K->72453K(502464K), 0.0259065 secs] [Times: user=0.05 sys=0.00, real=0.02 secs] 
Heap after GC invocations=34 (full 1):
 par new generation   total 109248K, used 16964K [0x00000000e0000000, 0x00000000e8000000, 0x00000000e8000000)
  eden space 87424K,   0% used [0x00000000e0000000, 0x00000000e0000000, 0x00000000e5560000)
  from space 21824K,  77% used [0x00000000e5560000, 0x00000000e65f1140, 0x00000000e6ab0000)
  to   space 21824K,   0% used [0x00000000e6ab0000, 0x00000000e6ab0000, 0x00000000e8000000)
 concurrent mark-sweep generation total 393216K, used 55489K [0x00000000e8000000, 0x0000000100000000, 0x0000000100000000)
 Metaspace       used 36877K, capacity 38193K, committed 38360K, reserved 1083392K
  class space    used 4242K, capacity 4545K, committed 4604K, reserved 1048576K
}
2018-10-23T07:38:58.896+0000: 8.842: Total time for which application threads were stopped: 0.0351521 seconds, Stopping threads took: 0.0089600 seconds
2018-10-23T07:38:58.916+0000: 8.862: Total time for which application threads were stopped: 0.0013253 seconds, Stopping threads took: 0.0011317 seconds
{Heap before GC invocations=34 (full 1):
 par new generation   total 109248K, used 104388K [0x00000000e0000000, 0x00000000e8000000, 0x00000000e8000000)
  eden space 87424K, 100% used [0x00000000e0000000, 0x00000000e5560000, 0x00000000e5560000)
  from space 21824K,  77% used [0x00000000e5560000, 0x00000000e65f1140, 0x00000000e6ab0000)
  to   space 21824K,   0% used [0x00000000e6ab0000, 0x00000000e6ab0000, 0x00000000e8000000)
 concurrent mark-sweep generation total 393216K, used 55489K [0x00000000e8000000, 0x0000000100000000, 0x0000000100000000)
 Metaspace       used 36880K, capacity 38193K, committed 38360K, reserved 1083392K
  class space    used 4242K, capacity 4545K, committed 4604K, reserved 1048576K
2018-10-23T07:38:58.964+0000: 8.910: [GC (Allocation Failure) 2018-10-23T07:38:58.965+0000: 8.910: [ParNew
Desired survivor size 20112992 bytes, new threshold 8 (max 8)
- age   1:    1478080 bytes,    1478080 total
- age   2:     284992 bytes,    1763072 total
- age   3:    1378856 bytes,    3141928 total
- age   4:    4224968 bytes,    7366896 total
- age   5:    6548560 bytes,   13915456 total
- age   6:     209424 bytes,   14124880 total
- age   7:     700008 bytes,   14824888 total
- age   8:     195008 bytes,   15019896 total
: 104388K->19103K(109248K), 0.0484938 secs] 159877K->74687K(502464K), 0.0486039 secs] [Times: user=0.05 sys=0.00, real=0.05 secs] 
Heap after GC invocations=35 (full 1):
 par new generation   total 109248K, used 19103K [0x00000000e0000000, 0x00000000e8000000, 0x00000000e8000000)
  eden space 87424K,   0% used [0x00000000e0000000, 0x00000000e0000000, 0x00000000e5560000)
  from space 21824K,  87% used [0x00000000e6ab0000, 0x00000000e7d57f40, 0x00000000e8000000)
  to   space 21824K,   0% used [0x00000000e5560000, 0x00000000e5560000, 0x00000000e6ab0000)
 concurrent mark-sweep generation total 393216K, used 55583K [0x00000000e8000000, 0x0000000100000000, 0x0000000100000000)
 Metaspace       used 36880K, capacity 38193K, committed 38360K, reserved 1083392K
  class space    used 4242K, capacity 4545K, committed 4604K, reserved 1048576K
}
2018-10-23T07:38:59.013+0000: 8.959: Total time for which application threads were stopped: 0.0589875 seconds, Stopping threads took: 0.0100743 seconds
{Heap before GC invocations=35 (full 1):
 par new generation   total 109248K, used 106527K [0x00000000e0000000, 0x00000000e8000000, 0x00000000e8000000)
  eden space 87424K, 100% used [0x00000000e0000000, 0x00000000e5560000, 0x00000000e5560000)
  from space 21824K,  87% used [0x00000000e6ab0000, 0x00000000e7d57f40, 0x00000000e8000000)
  to   space 21824K,   0% used [0x00000000e5560000, 0x00000000e5560000, 0x00000000e6ab0000)
 concurrent mark-sweep generation total 393216K, used 55583K [0x00000000e8000000, 0x0000000100000000, 0x0000000100000000)
 Metaspace       used 36899K, capacity 38193K, committed 38360K, reserved 1083392K
  class space    used 4242K, capacity 4545K, committed 4604K, reserved 1048576K
2018-10-23T07:38:59.079+0000: 9.025: [GC (Allocation Failure) 2018-10-23T07:38:59.079+0000: 9.025: [ParNew
Desired survivor size 20112992 bytes, new threshold 8 (max 8)
- age   1:     641376 bytes,     641376 total
- age   2:     688696 bytes,    1330072 total
- age   3:     273304 bytes,    1603376 total
- age   4:    1378064 bytes,    2981440 total
- age   5:    4234384 bytes,    7215824 total
- age   6:    6548448 bytes,   13764272 total
- age   7:     203968 bytes,   13968240 total
- age   8:     700008 bytes,   14668248 total
: 106527K->17368K(109248K), 0.0324008 secs] 162111K->73145K(502464K), 0.0324929 secs] [Times: user=0.05 sys=0.00, real=0.03 secs] 
Heap after GC invocations=36 (full 1):
 par new generation   total 109248K, used 17368K [0x00000000e0000000, 0x00000000e8000000, 0x00000000e8000000)
  eden space 87424K,   0% used [0x00000000e0000000, 0x00000000e0000000, 0x00000000e5560000)
  from space 21824K,  79% used [0x00000000e5560000, 0x00000000e6656340, 0x00000000e6ab0000)
  to   space 21824K,   0% used [0x00000000e6ab0000, 0x00000000e6ab0000, 0x00000000e8000000)
 concurrent mark-sweep generation total 393216K, used 55777K [0x00000000e8000000, 0x0000000100000000, 0x0000000100000000)
 Metaspace       used 36899K, capacity 38193K, committed 38360K, reserved 1083392K
  class space    used 4242K, capacity 4545K, committed 4604K, reserved 1048576K
}
2018-10-23T07:38:59.111+0000: 9.057: Total time for which application threads were stopped: 0.0483639 seconds, Stopping threads took: 0.0155930 seconds
{Heap before GC invocations=36 (full 1):
 par new generation   total 109248K, used 104792K [0x00000000e0000000, 0x00000000e8000000, 0x00000000e8000000)
  eden space 87424K, 100% used [0x00000000e0000000, 0x00000000e5560000, 0x00000000e5560000)
  from space 21824K,  79% used [0x00000000e5560000, 0x00000000e6656340, 0x00000000e6ab0000)
  to   space 21824K,   0% used [0x00000000e6ab0000, 0x00000000e6ab0000, 0x00000000e8000000)
 concurrent mark-sweep generation total 393216K, used 55777K [0x00000000e8000000, 0x0000000100000000, 0x0000000100000000)
 Metaspace       used 36900K, capacity 38193K, committed 38360K, reserved 1083392K
  class space    used 4242K, capacity 4545K, committed 4604K, reserved 1048576K
2018-10-23T07:38:59.178+0000: 9.124: [GC (Allocation Failure) 2018-10-23T07:38:59.178+0000: 9.124: [ParNew
Desired survivor size 20112992 bytes, new threshold 8 (max 8)
- age   1:     506248 bytes,     506248 total
- age   2:     112720 bytes,     618968 total
- age   3:     682304 bytes,    1301272 total
- age   4:     270776 bytes,    1572048 total
- age   5:    1367880 bytes,    2939928 total
- age   6:    4224528 bytes,    7164456 total
- age   7:    6548448 bytes,   13712904 total
- age   8:     203864 bytes,   13916768 total
: 104792K->19361K(109248K), 0.0731769 secs] 160569K->75825K(502464K), 0.0732773 secs] [Times: user=0.05 sys=0.00, real=0.07 secs] 
Heap after GC invocations=37 (full 1):
 par new generation   total 109248K, used 19361K [0x00000000e0000000, 0x00000000e8000000, 0x00000000e8000000)
  eden space 87424K,   0% used [0x00000000e0000000, 0x00000000e0000000, 0x00000000e5560000)
  from space 21824K,  88% used [0x00000000e6ab0000, 0x00000000e7d98440, 0x00000000e8000000)
  to   space 21824K,   0% used [0x00000000e5560000, 0x00000000e5560000, 0x00000000e6ab0000)
 concurrent mark-sweep generation total 393216K, used 56464K [0x00000000e8000000, 0x0000000100000000, 0x0000000100000000)
 Metaspace       used 36900K, capacity 38193K, committed 38360K, reserved 1083392K
  class space    used 4242K, capacity 4545K, committed 4604K, reserved 1048576K
}
2018-10-23T07:38:59.251+0000: 9.197: Total time for which application threads were stopped: 0.0772793 seconds, Stopping threads took: 0.0036980 seconds
2018-10-23T07:38:59.345+0000: 9.291: Total time for which application threads were stopped: 0.0002895 seconds, Stopping threads took: 0.0000676 seconds
2018-10-23T07:38:59.366+0000: 9.312: Total time for which application threads were stopped: 0.0079717 seconds, Stopping threads took: 0.0077352 seconds
2018-10-23T07:38:59.378+0000: 9.323: Total time for which application threads were stopped: 0.0009638 seconds, Stopping threads took: 0.0000844 seconds
2018-10-23T07:38:59.392+0000: 9.338: Total time for which application threads were stopped: 0.0002337 seconds, Stopping threads took: 0.0000614 seconds
2018-10-23T07:38:59.459+0000: 9.405: Total time for which application threads were stopped: 0.0035819 seconds, Stopping threads took: 0.0025156 seconds
2018-10-23T07:38:59.463+0000: 9.409: Total time for which application threads were stopped: 0.0006524 seconds, Stopping threads took: 0.0001338 seconds
2018-10-23T07:38:59.519+0000: 9.465: Total time for which application threads were stopped: 0.0041763 seconds, Stopping threads took: 0.0039043 seconds
2018-10-23T07:38:59.550+0000: 9.496: Total time for which application threads were stopped: 0.0002927 seconds, Stopping threads took: 0.0000866 seconds
2018-10-23T07:38:59.551+0000: 9.497: Total time for which application threads were stopped: 0.0002838 seconds, Stopping threads took: 0.0001175 seconds
2018-10-23T07:38:59.551+0000: 9.497: Total time for which application threads were stopped: 0.0002240 seconds, Stopping threads took: 0.0000939 seconds
2018-10-23T07:38:59.556+0000: 9.502: Total time for which application threads were stopped: 0.0001764 seconds, Stopping threads took: 0.0000627 seconds
2018-10-23T07:38:59.634+0000: 9.580: Total time for which application threads were stopped: 0.0046553 seconds, Stopping threads took: 0.0044273 seconds
2018-10-23T07:38:59.635+0000: 9.581: Total time for which application threads were stopped: 0.0001943 seconds, Stopping threads took: 0.0000644 seconds
2018-10-23T07:38:59.636+0000: 9.582: Total time for which application threads were stopped: 0.0003645 seconds, Stopping threads took: 0.0002066 seconds
2018-10-23T07:38:59.642+0000: 9.588: Total time for which application threads were stopped: 0.0002691 seconds, Stopping threads took: 0.0001358 seconds
{Heap before GC invocations=37 (full 1):
 par new generation   total 109248K, used 106785K [0x00000000e0000000, 0x00000000e8000000, 0x00000000e8000000)
  eden space 87424K, 100% used [0x00000000e0000000, 0x00000000e5560000, 0x00000000e5560000)
  from space 21824K,  88% used [0x00000000e6ab0000, 0x00000000e7d98440, 0x00000000e8000000)
  to   space 21824K,   0% used [0x00000000e5560000, 0x00000000e5560000, 0x00000000e6ab0000)
 concurrent mark-sweep generation total 393216K, used 56464K [0x00000000e8000000, 0x0000000100000000, 0x0000000100000000)
 Metaspace       used 37651K, capacity 38945K, committed 39256K, reserved 1083392K
  class space    used 4338K, capacity 4645K, committed 4732K, reserved 1048576K
2018-10-23T07:38:59.663+0000: 9.609: [GC (Allocation Failure) 2018-10-23T07:38:59.663+0000: 9.609: [ParNew
Desired survivor size 20112992 bytes, new threshold 8 (max 8)
- age   1:    9343944 bytes,    9343944 total
- age   2:     115904 bytes,    9459848 total
- age   3:     111568 bytes,    9571416 total
- age   4:     125584 bytes,    9697000 total
- age   5:     259800 bytes,    9956800 total
- age   6:     577600 bytes,   10534400 total
- age   7:    3424432 bytes,   13958832 total
- age   8:    6507880 bytes,   20466712 total
: 106785K->21824K(109248K), 0.0484749 secs] 163249K->78625K(502464K), 0.0486135 secs] [Times: user=0.08 sys=0.00, real=0.05 secs] 
Heap after GC invocations=38 (full 1):
 par new generation   total 109248K, used 21824K [0x00000000e0000000, 0x00000000e8000000, 0x00000000e8000000)
  eden space 87424K,   0% used [0x00000000e0000000, 0x00000000e0000000, 0x00000000e5560000)
  from space 21824K, 100% used [0x00000000e5560000, 0x00000000e6ab0000, 0x00000000e6ab0000)
  to   space 21824K,   0% used [0x00000000e6ab0000, 0x00000000e6ab0000, 0x00000000e8000000)
 concurrent mark-sweep generation total 393216K, used 56801K [0x00000000e8000000, 0x0000000100000000, 0x0000000100000000)
 Metaspace       used 37651K, capacity 38945K, committed 39256K, reserved 1083392K
  class space    used 4338K, capacity 4645K, committed 4732K, reserved 1048576K
}
2018-10-23T07:38:59.712+0000: 9.658: Total time for which application threads were stopped: 0.0521947 seconds, Stopping threads took: 0.0032527 seconds
2018-10-23T07:38:59.723+0000: 9.668: Total time for which application threads were stopped: 0.0047911 seconds, Stopping threads took: 0.0045591 seconds
2018-10-23T07:38:59.770+0000: 9.716: Total time for which application threads were stopped: 0.0142937 seconds, Stopping threads took: 0.0140037 seconds
2018-10-23T07:38:59.795+0000: 9.740: Total time for which application threads were stopped: 0.0004412 seconds, Stopping threads took: 0.0002363 seconds
2018-10-23T07:38:59.818+0000: 9.764: Total time for which application threads were stopped: 0.0088683 seconds, Stopping threads took: 0.0086691 seconds
{Heap before GC invocations=38 (full 1):
 par new generation   total 109248K, used 109248K [0x00000000e0000000, 0x00000000e8000000, 0x00000000e8000000)
  eden space 87424K, 100% used [0x00000000e0000000, 0x00000000e5560000, 0x00000000e5560000)
  from space 21824K, 100% used [0x00000000e5560000, 0x00000000e6ab0000, 0x00000000e6ab0000)
  to   space 21824K,   0% used [0x00000000e6ab0000, 0x00000000e6ab0000, 0x00000000e8000000)
 concurrent mark-sweep generation total 393216K, used 56801K [0x00000000e8000000, 0x0000000100000000, 0x0000000100000000)
 Metaspace       used 37721K, capacity 39033K, committed 39256K, reserved 1083392K
  class space    used 4346K, capacity 4659K, committed 4732K, reserved 1048576K
2018-10-23T07:38:59.852+0000: 9.797: [GC (Allocation Failure) 2018-10-23T07:38:59.852+0000: 9.797: [ParNew
Desired survivor size 20112992 bytes, new threshold 8 (max 8)
- age   1:    3365424 bytes,    3365424 total
- age   2:    7804648 bytes,   11170072 total
- age   3:     105536 bytes,   11275608 total
- age   4:     108624 bytes,   11384232 total
- age   5:     119240 bytes,   11503472 total
- age   6:     259800 bytes,   11763272 total
- age   7:     568832 bytes,   12332104 total
- age   8:    3422184 bytes,   15754288 total
: 109248K->21824K(109248K), 0.0941323 secs] 166049K->85233K(502464K), 0.0942547 secs] [Times: user=0.09 sys=0.00, real=0.09 secs] 
Heap after GC invocations=39 (full 1):
 par new generation   total 109248K, used 21824K [0x00000000e0000000, 0x00000000e8000000, 0x00000000e8000000)
  eden space 87424K,   0% used [0x00000000e0000000, 0x00000000e0000000, 0x00000000e5560000)
  from space 21824K, 100% used [0x00000000e6ab0000, 0x00000000e8000000, 0x00000000e8000000)
  to   space 21824K,   0% used [0x00000000e5560000, 0x00000000e5560000, 0x00000000e6ab0000)
 concurrent mark-sweep generation total 393216K, used 63409K [0x00000000e8000000, 0x0000000100000000, 0x0000000100000000)
 Metaspace       used 37721K, capacity 39033K, committed 39256K, reserved 1083392K
  class space    used 4346K, capacity 4659K, committed 4732K, reserved 1048576K
}
2018-10-23T07:38:59.946+0000: 9.892: Total time for which application threads were stopped: 0.0946449 seconds, Stopping threads took: 0.0000971 seconds
2018-10-23T07:39:00.032+0000: 9.978: Total time for which application threads were stopped: 0.0129651 seconds, Stopping threads took: 0.0124049 seconds
{Heap before GC invocations=39 (full 1):
 par new generation   total 109248K, used 109248K [0x00000000e0000000, 0x00000000e8000000, 0x00000000e8000000)
  eden space 87424K, 100% used [0x00000000e0000000, 0x00000000e5560000, 0x00000000e5560000)
  from space 21824K, 100% used [0x00000000e6ab0000, 0x00000000e8000000, 0x00000000e8000000)
  to   space 21824K,   0% used [0x00000000e5560000, 0x00000000e5560000, 0x00000000e6ab0000)
 concurrent mark-sweep generation total 393216K, used 63409K [0x00000000e8000000, 0x0000000100000000, 0x0000000100000000)
 Metaspace       used 37900K, capacity 39269K, committed 39512K, reserved 1083392K
  class space    used 4368K, capacity 4677K, committed 4732K, reserved 1048576K
2018-10-23T07:39:00.078+0000: 10.024: [GC (Allocation Failure) 2018-10-23T07:39:00.079+0000: 10.024: [ParNew
Desired survivor size 20112992 bytes, new threshold 8 (max 8)
- age   1:    2372336 bytes,    2372336 total
- age   2:    2978784 bytes,    5351120 total
- age   3:    7500816 bytes,   12851936 total
- age   4:     105536 bytes,   12957472 total
- age   5:     108480 bytes,   13065952 total
- age   6:     119240 bytes,   13185192 total
- age   7:     259800 bytes,   13444992 total
- age   8:     568352 bytes,   14013344 total
: 109248K->17565K(109248K), 0.0611278 secs] 172657K->84328K(502464K), 0.0612515 secs] [Times: user=0.10 sys=0.00, real=0.06 secs] 
Heap after GC invocations=40 (full 1):
 par new generation   total 109248K, used 17565K [0x00000000e0000000, 0x00000000e8000000, 0x00000000e8000000)
  eden space 87424K,   0% used [0x00000000e0000000, 0x00000000e0000000, 0x00000000e5560000)
  from space 21824K,  80% used [0x00000000e5560000, 0x00000000e6687418, 0x00000000e6ab0000)
  to   space 21824K,   0% used [0x00000000e6ab0000, 0x00000000e6ab0000, 0x00000000e8000000)
 concurrent mark-sweep generation total 393216K, used 66763K [0x00000000e8000000, 0x0000000100000000, 0x0000000100000000)
 Metaspace       used 37900K, capacity 39269K, committed 39512K, reserved 1083392K
  class space    used 4368K, capacity 4677K, committed 4732K, reserved 1048576K
}
2018-10-23T07:39:00.140+0000: 10.086: Total time for which application threads were stopped: 0.0616999 seconds, Stopping threads took: 0.0001168 seconds
2018-10-23T07:39:00.161+0000: 10.107: Total time for which application threads were stopped: 0.0154451 seconds, Stopping threads took: 0.0151804 seconds
2018-10-23T07:39:00.162+0000: 10.107: Total time for which application threads were stopped: 0.0002680 seconds, Stopping threads took: 0.0001411 seconds
{Heap before GC invocations=40 (full 1):
 par new generation   total 109248K, used 104989K [0x00000000e0000000, 0x00000000e8000000, 0x00000000e8000000)
  eden space 87424K, 100% used [0x00000000e0000000, 0x00000000e5560000, 0x00000000e5560000)
  from space 21824K,  80% used [0x00000000e5560000, 0x00000000e6687418, 0x00000000e6ab0000)
  to   space 21824K,   0% used [0x00000000e6ab0000, 0x00000000e6ab0000, 0x00000000e8000000)
 concurrent mark-sweep generation total 393216K, used 66763K [0x00000000e8000000, 0x0000000100000000, 0x0000000100000000)
 Metaspace       used 38080K, capacity 39473K, committed 39640K, reserved 1083392K
  class space    used 4398K, capacity 4743K, committed 4860K, reserved 1048576K
2018-10-23T07:39:00.212+0000: 10.157: [GC (Allocation Failure) 2018-10-23T07:39:00.212+0000: 10.158: [ParNew
Desired survivor size 20112992 bytes, new threshold 8 (max 8)
- age   1:    2070616 bytes,    2070616 total
- age   2:    1669624 bytes,    3740240 total
- age   3:    2976568 bytes,    6716808 total
- age   4:    7500312 bytes,   14217120 total
- age   5:     105536 bytes,   14322656 total
- age   6:     108480 bytes,   14431136 total
- age   7:     119240 bytes,   14550376 total
- age   8:     259800 bytes,   14810176 total
: 104989K->21824K(109248K), 0.0447336 secs] 171752K->89145K(502464K), 0.0448469 secs] [Times: user=0.04 sys=0.00, real=0.04 secs] 
Heap after GC invocations=41 (full 1):
 par new generation   total 109248K, used 21824K [0x00000000e0000000, 0x00000000e8000000, 0x00000000e8000000)
  eden space 87424K,   0% used [0x00000000e0000000, 0x00000000e0000000, 0x00000000e5560000)
  from space 21824K, 100% used [0x00000000e6ab0000, 0x00000000e8000000, 0x00000000e8000000)
  to   space 21824K,   0% used [0x00000000e5560000, 0x00000000e5560000, 0x00000000e6ab0000)
 concurrent mark-sweep generation total 393216K, used 67321K [0x00000000e8000000, 0x0000000100000000, 0x0000000100000000)
 Metaspace       used 38080K, capacity 39473K, committed 39640K, reserved 1083392K
  class space    used 4398K, capacity 4743K, committed 4860K, reserved 1048576K
}
2018-10-23T07:39:00.257+0000: 10.202: Total time for which application threads were stopped: 0.0507743 seconds, Stopping threads took: 0.0055920 seconds
2018-10-23T07:39:00.272+0000: 10.218: Total time for which application threads were stopped: 0.0011762 seconds, Stopping threads took: 0.0001868 seconds
{Heap before GC invocations=41 (full 1):
 par new generation   total 109248K, used 109248K [0x00000000e0000000, 0x00000000e8000000, 0x00000000e8000000)
  eden space 87424K, 100% used [0x00000000e0000000, 0x00000000e5560000, 0x00000000e5560000)
  from space 21824K, 100% used [0x00000000e6ab0000, 0x00000000e8000000, 0x00000000e8000000)
  to   space 21824K,   0% used [0x00000000e5560000, 0x00000000e5560000, 0x00000000e6ab0000)
 concurrent mark-sweep generation total 393216K, used 67321K [0x00000000e8000000, 0x0000000100000000, 0x0000000100000000)
 Metaspace       used 38558K, capacity 39959K, committed 40152K, reserved 1085440K
  class space    used 4459K, capacity 4776K, committed 4860K, reserved 1048576K
2018-10-23T07:39:00.322+0000: 10.268: [GC (Allocation Failure) 2018-10-23T07:39:00.322+0000: 10.268: [ParNew
Desired survivor size 20112992 bytes, new threshold 8 (max 8)
- age   1:    1599352 bytes,    1599352 total
- age   2:    1689152 bytes,    3288504 total
- age   3:    1648520 bytes,    4937024 total
- age   4:    2976344 bytes,    7913368 total
- age   5:    7500312 bytes,   15413680 total
- age   6:     105536 bytes,   15519216 total
- age   7:     108480 bytes,   15627696 total
- age   8:     119240 bytes,   15746936 total
: 109248K->17278K(109248K), 0.0494358 secs] 176569K->84857K(502464K), 0.0495546 secs] [Times: user=0.06 sys=0.00, real=0.05 secs] 
Heap after GC invocations=42 (full 1):
 par new generation   total 109248K, used 17278K [0x00000000e0000000, 0x00000000e8000000, 0x00000000e8000000)
  eden space 87424K,   0% used [0x00000000e0000000, 0x00000000e0000000, 0x00000000e5560000)
  from space 21824K,  79% used [0x00000000e5560000, 0x00000000e663fa10, 0x00000000e6ab0000)
  to   space 21824K,   0% used [0x00000000e6ab0000, 0x00000000e6ab0000, 0x00000000e8000000)
 concurrent mark-sweep generation total 393216K, used 67578K [0x00000000e8000000, 0x0000000100000000, 0x0000000100000000)
 Metaspace       used 38558K, capacity 39959K, committed 40152K, reserved 1085440K
  class space    used 4459K, capacity 4776K, committed 4860K, reserved 1048576K
}
2018-10-23T07:39:00.372+0000: 10.317: Total time for which application threads were stopped: 0.0530958 seconds, Stopping threads took: 0.0031955 seconds
2018-10-23T07:39:00.382+0000: 10.328: Total time for which application threads were stopped: 0.0080046 seconds, Stopping threads took: 0.0077738 seconds
2018-10-23T07:39:00.382+0000: 10.328: Total time for which application threads were stopped: 0.0001395 seconds, Stopping threads took: 0.0000231 seconds
2018-10-23T07:39:00.382+0000: 10.328: Total time for which application threads were stopped: 0.0001300 seconds, Stopping threads took: 0.0000206 seconds
2018-10-23T07:39:00.383+0000: 10.328: Total time for which application threads were stopped: 0.0001302 seconds, Stopping threads took: 0.0000213 seconds
2018-10-23T07:39:00.393+0000: 10.338: Total time for which application threads were stopped: 0.0008094 seconds, Stopping threads took: 0.0004261 seconds
2018-10-23T07:39:00.430+0000: 10.375: Total time for which application threads were stopped: 0.0040020 seconds, Stopping threads took: 0.0037060 seconds
2018-10-23T07:39:00.432+0000: 10.377: Total time for which application threads were stopped: 0.0002486 seconds, Stopping threads took: 0.0001153 seconds
2018-10-23T07:39:00.432+0000: 10.378: Total time for which application threads were stopped: 0.0002621 seconds, Stopping threads took: 0.0000835 seconds
2018-10-23T07:39:00.432+0000: 10.378: Total time for which application threads were stopped: 0.0002537 seconds, Stopping threads took: 0.0001140 seconds
2018-10-23T07:39:00.433+0000: 10.378: Total time for which application threads were stopped: 0.0002342 seconds, Stopping threads took: 0.0000875 seconds
2018-10-23T07:39:00.433+0000: 10.379: Total time for which application threads were stopped: 0.0002847 seconds, Stopping threads took: 0.0001506 seconds
2018-10-23T07:39:00.444+0000: 10.389: Total time for which application threads were stopped: 0.0004461 seconds, Stopping threads took: 0.0002166 seconds
2018-10-23T07:39:00.451+0000: 10.397: Total time for which application threads were stopped: 0.0014237 seconds, Stopping threads took: 0.0012329 seconds
2018-10-23T07:39:00.455+0000: 10.401: Total time for which application threads were stopped: 0.0014780 seconds, Stopping threads took: 0.0013035 seconds
2018-10-23T07:39:00.463+0000: 10.409: Total time for which application threads were stopped: 0.0002783 seconds, Stopping threads took: 0.0000794 seconds
2018-10-23T07:39:00.464+0000: 10.410: Total time for which application threads were stopped: 0.0005529 seconds, Stopping threads took: 0.0000487 seconds
2018-10-23T07:39:00.489+0000: 10.435: Total time for which application threads were stopped: 0.0033573 seconds, Stopping threads took: 0.0027526 seconds
2018-10-23T07:39:00.489+0000: 10.435: Total time for which application threads were stopped: 0.0001991 seconds, Stopping threads took: 0.0000636 seconds
2018-10-23T07:39:00.490+0000: 10.436: Total time for which application threads were stopped: 0.0001885 seconds, Stopping threads took: 0.0000336 seconds
2018-10-23T07:39:00.514+0000: 10.460: Total time for which application threads were stopped: 0.0152420 seconds, Stopping threads took: 0.0149999 seconds
{Heap before GC invocations=42 (full 1):
 par new generation   total 109248K, used 104702K [0x00000000e0000000, 0x00000000e8000000, 0x00000000e8000000)
  eden space 87424K, 100% used [0x00000000e0000000, 0x00000000e5560000, 0x00000000e5560000)
  from space 21824K,  79% used [0x00000000e5560000, 0x00000000e663fa10, 0x00000000e6ab0000)
  to   space 21824K,   0% used [0x00000000e6ab0000, 0x00000000e6ab0000, 0x00000000e8000000)
 concurrent mark-sweep generation total 393216K, used 67578K [0x00000000e8000000, 0x0000000100000000, 0x0000000100000000)
 Metaspace       used 38612K, capacity 40015K, committed 40152K, reserved 1085440K
  class space    used 4467K, capacity 4816K, committed 4860K, reserved 1048576K
2018-10-23T07:39:00.538+0000: 10.483: [GC (Allocation Failure) 2018-10-23T07:39:00.538+0000: 10.483: [ParNew
Desired survivor size 20112992 bytes, new threshold 8 (max 8)
- age   1:     673200 bytes,     673200 total
- age   2:     898504 bytes,    1571704 total
- age   3:    1682264 bytes,    3253968 total
- age   4:    1647160 bytes,    4901128 total
- age   5:    2976232 bytes,    7877360 total
- age   6:    7500056 bytes,   15377416 total
- age   7:     105536 bytes,   15482952 total
- age   8:     108480 bytes,   15591432 total
: 104702K->19564K(109248K), 0.0781952 secs] 172281K->87262K(502464K), 0.0783063 secs] [Times: user=0.05 sys=0.00, real=0.08 secs] 
Heap after GC invocations=43 (full 1):
 par new generation   total 109248K, used 19564K [0x00000000e0000000, 0x00000000e8000000, 0x00000000e8000000)
  eden space 87424K,   0% used [0x00000000e0000000, 0x00000000e0000000, 0x00000000e5560000)
  from space 21824K,  89% used [0x00000000e6ab0000, 0x00000000e7dcb380, 0x00000000e8000000)
  to   space 21824K,   0% used [0x00000000e5560000, 0x00000000e5560000, 0x00000000e6ab0000)
 concurrent mark-sweep generation total 393216K, used 67697K [0x00000000e8000000, 0x0000000100000000, 0x0000000100000000)
 Metaspace       used 38612K, capacity 40015K, committed 40152K, reserved 1085440K
  class space    used 4467K, capacity 4816K, committed 4860K, reserved 1048576K
}
2018-10-23T07:39:00.616+0000: 10.562: Total time for which application threads were stopped: 0.0809987 seconds, Stopping threads took: 0.0022795 seconds
{Heap before GC invocations=43 (full 1):
 par new generation   total 109248K, used 106988K [0x00000000e0000000, 0x00000000e8000000, 0x00000000e8000000)
  eden space 87424K, 100% used [0x00000000e0000000, 0x00000000e5560000, 0x00000000e5560000)
  from space 21824K,  89% used [0x00000000e6ab0000, 0x00000000e7dcb380, 0x00000000e8000000)
  to   space 21824K,   0% used [0x00000000e5560000, 0x00000000e5560000, 0x00000000e6ab0000)
 concurrent mark-sweep generation total 393216K, used 67697K [0x00000000e8000000, 0x0000000100000000, 0x0000000100000000)
 Metaspace       used 38618K, capacity 40015K, committed 40152K, reserved 1085440K
  class space    used 4467K, capacity 4816K, committed 4860K, reserved 1048576K
2018-10-23T07:39:00.704+0000: 10.650: [GC (Allocation Failure) 2018-10-23T07:39:00.704+0000: 10.650: [ParNew
Desired survivor size 20112992 bytes, new threshold 8 (max 8)
- age   1:    1080032 bytes,    1080032 total
- age   2:     129576 bytes,    1209608 total
- age   3:     690008 bytes,    1899616 total
- age   4:    1682104 bytes,    3581720 total
- age   5:    1647160 bytes,    5228880 total
- age   6:    2449584 bytes,    7678464 total
- age   7:    7507856 bytes,   15186320 total
- age   8:     105536 bytes,   15291856 total
: 106988K->21824K(109248K), 0.0376334 secs] 174686K->89630K(502464K), 0.0377555 secs] [Times: user=0.06 sys=0.00, real=0.04 secs] 
Heap after GC invocations=44 (full 1):
 par new generation   total 109248K, used 21824K [0x00000000e0000000, 0x00000000e8000000, 0x00000000e8000000)
  eden space 87424K,   0% used [0x00000000e0000000, 0x00000000e0000000, 0x00000000e5560000)
  from space 21824K, 100% used [0x00000000e5560000, 0x00000000e6ab0000, 0x00000000e6ab0000)
  to   space 21824K,   0% used [0x00000000e6ab0000, 0x00000000e6ab0000, 0x00000000e8000000)
 concurrent mark-sweep generation total 393216K, used 67806K [0x00000000e8000000, 0x0000000100000000, 0x0000000100000000)
 Metaspace       used 38618K, capacity 40015K, committed 40152K, reserved 1085440K
  class space    used 4467K, capacity 4816K, committed 4860K, reserved 1048576K
}
2018-10-23T07:39:00.742+0000: 10.687: Total time for which application threads were stopped: 0.0395026 seconds, Stopping threads took: 0.0013755 seconds
2018-10-23T07:39:00.760+0000: 10.706: Total time for which application threads were stopped: 0.0060691 seconds, Stopping threads took: 0.0058132 seconds
2018-10-23T07:39:00.783+0000: 10.728: Total time for which application threads were stopped: 0.0005231 seconds, Stopping threads took: 0.0002543 seconds
2018-10-23T07:39:00.794+0000: 10.740: Total time for which application threads were stopped: 0.0108778 seconds, Stopping threads took: 0.0105931 seconds
2018-10-23T07:39:00.794+0000: 10.740: Total time for which application threads were stopped: 0.0002299 seconds, Stopping threads took: 0.0000922 seconds
2018-10-23T07:39:00.851+0000: 10.797: Total time for which application threads were stopped: 0.0174331 seconds, Stopping threads took: 0.0171207 seconds
2018-10-23T07:39:00.852+0000: 10.798: Total time for which application threads were stopped: 0.0002651 seconds, Stopping threads took: 0.0001379 seconds
2018-10-23T07:39:00.859+0000: 10.805: Total time for which application threads were stopped: 0.0016056 seconds, Stopping threads took: 0.0014357 seconds
2018-10-23T07:39:00.902+0000: 10.848: Total time for which application threads were stopped: 0.0189643 seconds, Stopping threads took: 0.0186563 seconds
2018-10-23T07:39:00.912+0000: 10.858: Total time for which application threads were stopped: 0.0015904 seconds, Stopping threads took: 0.0013697 seconds
2018-10-23T07:39:00.916+0000: 10.862: Total time for which application threads were stopped: 0.0004351 seconds, Stopping threads took: 0.0002441 seconds
2018-10-23T07:39:00.934+0000: 10.880: Total time for which application threads were stopped: 0.0004382 seconds, Stopping threads took: 0.0001863 seconds
2018-10-23T07:39:00.981+0000: 10.927: Total time for which application threads were stopped: 0.0003055 seconds, Stopping threads took: 0.0000751 seconds
2018-10-23T07:39:00.982+0000: 10.927: Total time for which application threads were stopped: 0.0002291 seconds, Stopping threads took: 0.0000521 seconds
2018-10-23T07:39:00.994+0000: 10.940: Total time for which application threads were stopped: 0.0118409 seconds, Stopping threads took: 0.0115812 seconds
2018-10-23T07:39:00.994+0000: 10.940: Total time for which application threads were stopped: 0.0001491 seconds, Stopping threads took: 0.0000290 seconds
2018-10-23T07:39:01.019+0000: 10.965: Total time for which application threads were stopped: 0.0003908 seconds, Stopping threads took: 0.0001382 seconds
2018-10-23T07:39:01.077+0000: 11.023: Total time for which application threads were stopped: 0.0003687 seconds, Stopping threads took: 0.0000844 seconds
2018-10-23T07:39:01.078+0000: 11.024: Total time for which application threads were stopped: 0.0001984 seconds, Stopping threads took: 0.0000441 seconds
2018-10-23T07:39:01.078+0000: 11.024: Total time for which application threads were stopped: 0.0001767 seconds, Stopping threads took: 0.0000441 seconds
2018-10-23T07:39:01.078+0000: 11.024: Total time for which application threads were stopped: 0.0001928 seconds, Stopping threads took: 0.0000576 seconds
{Heap before GC invocations=44 (full 1):
 par new generation   total 109248K, used 109248K [0x00000000e0000000, 0x00000000e8000000, 0x00000000e8000000)
  eden space 87424K, 100% used [0x00000000e0000000, 0x00000000e5560000, 0x00000000e5560000)
  from space 21824K, 100% used [0x00000000e5560000, 0x00000000e6ab0000, 0x00000000e6ab0000)
  to   space 21824K,   0% used [0x00000000e6ab0000, 0x00000000e6ab0000, 0x00000000e8000000)
 concurrent mark-sweep generation total 393216K, used 67806K [0x00000000e8000000, 0x0000000100000000, 0x0000000100000000)
 Metaspace       used 39026K, capacity 40573K, committed 40792K, reserved 1085440K
  class space    used 4522K, capacity 4925K, committed 4988K, reserved 1048576K
2018-10-23T07:39:01.135+0000: 11.081: [GC (Allocation Failure) 2018-10-23T07:39:01.135+0000: 11.081: [ParNew
Desired survivor size 20112992 bytes, new threshold 8 (max 8)
- age   1:    5794936 bytes,    5794936 total
- age   2:     472512 bytes,    6267448 total
- age   3:     111712 bytes,    6379160 total
- age   4:     436048 bytes,    6815208 total
- age   5:     416552 bytes,    7231760 total
- age   6:    1645552 bytes,    8877312 total
- age   7:    2420000 bytes,   11297312 total
- age   8:    7496984 bytes,   18794296 total
: 109248K->21824K(109248K), 0.0387269 secs] 177054K->89735K(502464K), 0.0388282 secs] [Times: user=0.05 sys=0.00, real=0.04 secs] 
Heap after GC invocations=45 (full 1):
 par new generation   total 109248K, used 21824K [0x00000000e0000000, 0x00000000e8000000, 0x00000000e8000000)
  eden space 87424K,   0% used [0x00000000e0000000, 0x00000000e0000000, 0x00000000e5560000)
  from space 21824K, 100% used [0x00000000e6ab0000, 0x00000000e8000000, 0x00000000e8000000)
  to   space 21824K,   0% used [0x00000000e5560000, 0x00000000e5560000, 0x00000000e6ab0000)
 concurrent mark-sweep generation total 393216K, used 67911K [0x00000000e8000000, 0x0000000100000000, 0x0000000100000000)
 Metaspace       used 39026K, capacity 40573K, committed 40792K, reserved 1085440K
  class space    used 4522K, capacity 4925K, committed 4988K, reserved 1048576K
}
2018-10-23T07:39:01.174+0000: 11.119: Total time for which application threads were stopped: 0.0393372 seconds, Stopping threads took: 0.0001017 seconds
2018-10-23T07:39:01.178+0000: 11.124: Total time for which application threads were stopped: 0.0036762 seconds, Stopping threads took: 0.0034334 seconds
{Heap before GC invocations=45 (full 1):
 par new generation   total 109248K, used 109248K [0x00000000e0000000, 0x00000000e8000000, 0x00000000e8000000)
  eden space 87424K, 100% used [0x00000000e0000000, 0x00000000e5560000, 0x00000000e5560000)
  from space 21824K, 100% used [0x00000000e6ab0000, 0x00000000e8000000, 0x00000000e8000000)
  to   space 21824K,   0% used [0x00000000e5560000, 0x00000000e5560000, 0x00000000e6ab0000)
 concurrent mark-sweep generation total 393216K, used 67911K [0x00000000e8000000, 0x0000000100000000, 0x0000000100000000)
 Metaspace       used 39090K, capacity 40639K, committed 40792K, reserved 1085440K
  class space    used 4529K, capacity 4936K, committed 4988K, reserved 1048576K
2018-10-23T07:39:01.266+0000: 11.212: [GC (Allocation Failure) 2018-10-23T07:39:01.266+0000: 11.212: [ParNew
Desired survivor size 20112992 bytes, new threshold 8 (max 8)
- age   1:    2169176 bytes,    2169176 total
- age   2:    4959864 bytes,    7129040 total
- age   3:     472512 bytes,    7601552 total
- age   4:     111712 bytes,    7713264 total
- age   5:     436016 bytes,    8149280 total
- age   6:     282872 bytes,    8432152 total
- age   7:    1643064 bytes,   10075216 total
- age   8:    2419968 bytes,   12495184 total
: 109248K->20102K(109248K), 0.0449084 secs] 177159K->95525K(502464K), 0.0450100 secs] [Times: user=0.07 sys=0.00, real=0.05 secs] 
Heap after GC invocations=46 (full 1):
 par new generation   total 109248K, used 20102K [0x00000000e0000000, 0x00000000e8000000, 0x00000000e8000000)
  eden space 87424K,   0% used [0x00000000e0000000, 0x00000000e0000000, 0x00000000e5560000)
  from space 21824K,  92% used [0x00000000e5560000, 0x00000000e6901af0, 0x00000000e6ab0000)
  to   space 21824K,   0% used [0x00000000e6ab0000, 0x00000000e6ab0000, 0x00000000e8000000)
 concurrent mark-sweep generation total 393216K, used 75422K [0x00000000e8000000, 0x0000000100000000, 0x0000000100000000)
 Metaspace       used 39090K, capacity 40639K, committed 40792K, reserved 1085440K
  class space    used 4529K, capacity 4936K, committed 4988K, reserved 1048576K
}
2018-10-23T07:39:01.311+0000: 11.257: Total time for which application threads were stopped: 0.0454689 seconds, Stopping threads took: 0.0000814 seconds
2018-10-23T07:39:01.436+0000: 11.382: Total time for which application threads were stopped: 0.0079602 seconds, Stopping threads took: 0.0076844 seconds
{Heap before GC invocations=46 (full 1):
 par new generation   total 109248K, used 107526K [0x00000000e0000000, 0x00000000e8000000, 0x00000000e8000000)
  eden space 87424K, 100% used [0x00000000e0000000, 0x00000000e5560000, 0x00000000e5560000)
  from space 21824K,  92% used [0x00000000e5560000, 0x00000000e6901af0, 0x00000000e6ab0000)
  to   space 21824K,   0% used [0x00000000e6ab0000, 0x00000000e6ab0000, 0x00000000e8000000)
 concurrent mark-sweep generation total 393216K, used 75422K [0x00000000e8000000, 0x0000000100000000, 0x0000000100000000)
 Metaspace       used 39106K, capacity 40639K, committed 40792K, reserved 1085440K
  class space    used 4529K, capacity 4936K, committed 4988K, reserved 1048576K
2018-10-23T07:39:01.464+0000: 11.410: [GC (Allocation Failure) 2018-10-23T07:39:01.464+0000: 11.410: [ParNew
Desired survivor size 20112992 bytes, new threshold 8 (max 8)
- age   1:    6381784 bytes,    6381784 total
- age   2:    1993952 bytes,    8375736 total
- age   3:    4770680 bytes,   13146416 total
- age   4:     464752 bytes,   13611168 total
- age   5:     111712 bytes,   13722880 total
- age   6:     436016 bytes,   14158896 total
- age   7:     282872 bytes,   14441768 total
- age   8:    1620232 bytes,   16062000 total
: 107526K->19445K(109248K), 0.0330546 secs] 182949K->97240K(502464K), 0.0331751 secs] [Times: user=0.06 sys=0.00, real=0.03 secs] 
Heap after GC invocations=47 (full 1):
 par new generation   total 109248K, used 19445K [0x00000000e0000000, 0x00000000e8000000, 0x00000000e8000000)
  eden space 87424K,   0% used [0x00000000e0000000, 0x00000000e0000000, 0x00000000e5560000)
  from space 21824K,  89% used [0x00000000e6ab0000, 0x00000000e7dad660, 0x00000000e8000000)
  to   space 21824K,   0% used [0x00000000e5560000, 0x00000000e5560000, 0x00000000e6ab0000)
 concurrent mark-sweep generation total 393216K, used 77795K [0x00000000e8000000, 0x0000000100000000, 0x0000000100000000)
 Metaspace       used 39106K, capacity 40639K, committed 40792K, reserved 1085440K
  class space    used 4529K, capacity 4936K, committed 4988K, reserved 1048576K
}
2018-10-23T07:39:01.497+0000: 11.443: Total time for which application threads were stopped: 0.0350757 seconds, Stopping threads took: 0.0015245 seconds
2018-10-23T07:39:01.509+0000: 11.454: Total time for which application threads were stopped: 0.0030002 seconds, Stopping threads took: 0.0027310 seconds
2018-10-23T07:39:01.509+0000: 11.455: Total time for which application threads were stopped: 0.0001331 seconds, Stopping threads took: 0.0000239 seconds
2018-10-23T07:39:01.509+0000: 11.455: Total time for which application threads were stopped: 0.0001309 seconds, Stopping threads took: 0.0000233 seconds
2018-10-23T07:39:01.511+0000: 11.457: Total time for which application threads were stopped: 0.0015881 seconds, Stopping threads took: 0.0014265 seconds
2018-10-23T07:39:01.565+0000: 11.510: Total time for which application threads were stopped: 0.0004778 seconds, Stopping threads took: 0.0002006 seconds
2018-10-23T07:39:01.621+0000: 11.567: Total time for which application threads were stopped: 0.0004567 seconds, Stopping threads took: 0.0001996 seconds
2018-10-23T07:39:01.626+0000: 11.572: Total time for which application threads were stopped: 0.0048046 seconds, Stopping threads took: 0.0046631 seconds
2018-10-23T07:39:01.630+0000: 11.576: Total time for which application threads were stopped: 0.0002099 seconds, Stopping threads took: 0.0000592 seconds
2018-10-23T07:39:01.631+0000: 11.577: Total time for which application threads were stopped: 0.0014937 seconds, Stopping threads took: 0.0013638 seconds
{Heap before GC invocations=47 (full 1):
 par new generation   total 109248K, used 106869K [0x00000000e0000000, 0x00000000e8000000, 0x00000000e8000000)
  eden space 87424K, 100% used [0x00000000e0000000, 0x00000000e5560000, 0x00000000e5560000)
  from space 21824K,  89% used [0x00000000e6ab0000, 0x00000000e7dad660, 0x00000000e8000000)
  to   space 21824K,   0% used [0x00000000e5560000, 0x00000000e5560000, 0x00000000e6ab0000)
 concurrent mark-sweep generation total 393216K, used 77795K [0x00000000e8000000, 0x0000000100000000, 0x0000000100000000)
 Metaspace       used 39138K, capacity 40767K, committed 41048K, reserved 1085440K
  class space    used 4530K, capacity 4936K, committed 4988K, reserved 1048576K
2018-10-23T07:39:01.664+0000: 11.610: [GC (Allocation Failure) 2018-10-23T07:39:01.664+0000: 11.610: [ParNew
Desired survivor size 20112992 bytes, new threshold 8 (max 8)
- age   1:    3220088 bytes,    3220088 total
- age   2:    5901680 bytes,    9121768 total
- age   3:    1513456 bytes,   10635224 total
- age   4:    4762944 bytes,   15398168 total
- age   5:     464752 bytes,   15862920 total
- age   6:     111712 bytes,   15974632 total
- age   7:     435984 bytes,   16410616 total
- age   8:     282080 bytes,   16692696 total
: 106869K->21824K(109248K), 0.0685225 secs] 184664K->101522K(502464K), 0.0686607 secs] [Times: user=0.07 sys=0.00, real=0.07 secs] 
Heap after GC invocations=48 (full 1):
 par new generation   total 109248K, used 21824K [0x00000000e0000000, 0x00000000e8000000, 0x00000000e8000000)
  eden space 87424K,   0% used [0x00000000e0000000, 0x00000000e0000000, 0x00000000e5560000)
  from space 21824K, 100% used [0x00000000e5560000, 0x00000000e6ab0000, 0x00000000e6ab0000)
  to   space 21824K,   0% used [0x00000000e6ab0000, 0x00000000e6ab0000, 0x00000000e8000000)
 concurrent mark-sweep generation total 393216K, used 79698K [0x00000000e8000000, 0x0000000100000000, 0x0000000100000000)
 Metaspace       used 39138K, capacity 40767K, committed 41048K, reserved 1085440K
  class space    used 4530K, capacity 4936K, committed 4988K, reserved 1048576K
}
2018-10-23T07:39:01.733+0000: 11.679: Total time for which application threads were stopped: 0.0768771 seconds, Stopping threads took: 0.0076862 seconds
2018-10-23T07:39:01.747+0000: 11.693: Total time for which application threads were stopped: 0.0004807 seconds, Stopping threads took: 0.0001946 seconds
2018-10-23T07:39:01.750+0000: 11.696: Total time for which application threads were stopped: 0.0022771 seconds, Stopping threads took: 0.0021384 seconds
{Heap before GC invocations=48 (full 1):
 par new generation   total 109248K, used 109248K [0x00000000e0000000, 0x00000000e8000000, 0x00000000e8000000)
  eden space 87424K, 100% used [0x00000000e0000000, 0x00000000e5560000, 0x00000000e5560000)
  from space 21824K, 100% used [0x00000000e5560000, 0x00000000e6ab0000, 0x00000000e6ab0000)
  to   space 21824K,   0% used [0x00000000e6ab0000, 0x00000000e6ab0000, 0x00000000e8000000)
 concurrent mark-sweep generation total 393216K, used 79698K [0x00000000e8000000, 0x0000000100000000, 0x0000000100000000)
 Metaspace       used 39145K, capacity 40767K, committed 41048K, reserved 1085440K
  class space    used 4530K, capacity 4936K, committed 4988K, reserved 1048576K
2018-10-23T07:39:01.855+0000: 11.800: [GC (Allocation Failure) 2018-10-23T07:39:01.855+0000: 11.800: [ParNew
Desired survivor size 20112992 bytes, new threshold 8 (max 8)
- age   1:    1012448 bytes,    1012448 total
- age   2:    2594272 bytes,    3606720 total
- age   3:    5791208 bytes,    9397928 total
- age   4:    1217264 bytes,   10615192 total
- age   5:    4760856 bytes,   15376048 total
- age   6:     464752 bytes,   15840800 total
- age   7:     111712 bytes,   15952512 total
- age   8:     435984 bytes,   16388496 total
: 109248K->18992K(109248K), 0.0595599 secs] 188946K->98971K(502464K), 0.0596655 secs] [Times: user=0.08 sys=0.00, real=0.06 secs] 
Heap after GC invocations=49 (full 1):
 par new generation   total 109248K, used 18992K [0x00000000e0000000, 0x00000000e8000000, 0x00000000e8000000)
  eden space 87424K,   0% used [0x00000000e0000000, 0x00000000e0000000, 0x00000000e5560000)
  from space 21824K,  87% used [0x00000000e6ab0000, 0x00000000e7d3c040, 0x00000000e8000000)
  to   space 21824K,   0% used [0x00000000e5560000, 0x00000000e5560000, 0x00000000e6ab0000)
 concurrent mark-sweep generation total 393216K, used 79979K [0x00000000e8000000, 0x0000000100000000, 0x0000000100000000)
 Metaspace       used 39145K, capacity 40767K, committed 41048K, reserved 1085440K
  class space    used 4530K, capacity 4936K, committed 4988K, reserved 1048576K
}
2018-10-23T07:39:01.914+0000: 11.860: Total time for which application threads were stopped: 0.0607068 seconds, Stopping threads took: 0.0006846 seconds
2018-10-23T07:39:01.942+0000: 11.888: Total time for which application threads were stopped: 0.0128835 seconds, Stopping threads took: 0.0125745 seconds
2018-10-23T07:39:01.948+0000: 11.894: Total time for which application threads were stopped: 0.0021052 seconds, Stopping threads took: 0.0018738 seconds
2018-10-23T07:39:01.954+0000: 11.900: Total time for which application threads were stopped: 0.0042192 seconds, Stopping threads took: 0.0039793 seconds
2018-10-23T07:39:02.024+0000: 11.970: Total time for which application threads were stopped: 0.0017736 seconds, Stopping threads took: 0.0015353 seconds
2018-10-23T07:39:02.025+0000: 11.971: Total time for which application threads were stopped: 0.0001912 seconds, Stopping threads took: 0.0000561 seconds
2018-10-23T07:39:02.025+0000: 11.971: Total time for which application threads were stopped: 0.0001715 seconds, Stopping threads took: 0.0000471 seconds
2018-10-23T07:39:02.025+0000: 11.971: Total time for which application threads were stopped: 0.0001764 seconds, Stopping threads took: 0.0000487 seconds
{Heap before GC invocations=49 (full 1):
 par new generation   total 109248K, used 106416K [0x00000000e0000000, 0x00000000e8000000, 0x00000000e8000000)
  eden space 87424K, 100% used [0x00000000e0000000, 0x00000000e5560000, 0x00000000e5560000)
  from space 21824K,  87% used [0x00000000e6ab0000, 0x00000000e7d3c040, 0x00000000e8000000)
  to   space 21824K,   0% used [0x00000000e5560000, 0x00000000e5560000, 0x00000000e6ab0000)
 concurrent mark-sweep generation total 393216K, used 79979K [0x00000000e8000000, 0x0000000100000000, 0x0000000100000000)
 Metaspace       used 39165K, capacity 40767K, committed 41048K, reserved 1085440K
  class space    used 4530K, capacity 4936K, committed 4988K, reserved 1048576K
2018-10-23T07:39:02.034+0000: 11.980: [GC (Allocation Failure) 2018-10-23T07:39:02.034+0000: 11.980: [ParNew
Desired survivor size 20112992 bytes, new threshold 8 (max 8)
- age   1:    4193120 bytes,    4193120 total
- age   2:     745592 bytes,    4938712 total
- age   3:    2108792 bytes,    7047504 total
- age   4:    5771264 bytes,   12818768 total
- age   5:    1216712 bytes,   14035480 total
- age   6:    4717824 bytes,   18753304 total
- age   7:     463496 bytes,   19216800 total
- age   8:     110072 bytes,   19326872 total
: 106416K->21824K(109248K), 0.0755812 secs] 186395K->102975K(502464K), 0.0756827 secs] [Times: user=0.19 sys=0.00, real=0.07 secs] 
Heap after GC invocations=50 (full 1):
 par new generation   total 109248K, used 21824K [0x00000000e0000000, 0x00000000e8000000, 0x00000000e8000000)
  eden space 87424K,   0% used [0x00000000e0000000, 0x00000000e0000000, 0x00000000e5560000)
  from space 21824K, 100% used [0x00000000e5560000, 0x00000000e6ab0000, 0x00000000e6ab0000)
  to   space 21824K,   0% used [0x00000000e6ab0000, 0x00000000e6ab0000, 0x00000000e8000000)
 concurrent mark-sweep generation total 393216K, used 81151K [0x00000000e8000000, 0x0000000100000000, 0x0000000100000000)
 Metaspace       used 39165K, capacity 40767K, committed 41048K, reserved 1085440K
  class space    used 4530K, capacity 4936K, committed 4988K, reserved 1048576K
}
2018-10-23T07:39:02.110+0000: 12.055: Total time for which application threads were stopped: 0.0788186 seconds, Stopping threads took: 0.0028347 seconds
2018-10-23T07:39:02.173+0000: 12.119: Total time for which application threads were stopped: 0.0005738 seconds, Stopping threads took: 0.0003189 seconds
2018-10-23T07:39:02.192+0000: 12.138: Total time for which application threads were stopped: 0.0067581 seconds, Stopping threads took: 0.0065023 seconds
{Heap before GC invocations=50 (full 1):
 par new generation   total 109248K, used 109248K [0x00000000e0000000, 0x00000000e8000000, 0x00000000e8000000)
  eden space 87424K, 100% used [0x00000000e0000000, 0x00000000e5560000, 0x00000000e5560000)
  from space 21824K, 100% used [0x00000000e5560000, 0x00000000e6ab0000, 0x00000000e6ab0000)
  to   space 21824K,   0% used [0x00000000e6ab0000, 0x00000000e6ab0000, 0x00000000e8000000)
 concurrent mark-sweep generation total 393216K, used 81151K [0x00000000e8000000, 0x0000000100000000, 0x0000000100000000)
 Metaspace       used 39204K, capacity 40767K, committed 41048K, reserved 1085440K
  class space    used 4530K, capacity 4936K, committed 4988K, reserved 1048576K
2018-10-23T07:39:02.198+0000: 12.144: [GC (Allocation Failure) 2018-10-23T07:39:02.198+0000: 12.144: [ParNew
Desired survivor size 20112992 bytes, new threshold 8 (max 8)
- age   1:    1043960 bytes,    1043960 total
- age   2:    3647344 bytes,    4691304 total
- age   3:     743400 bytes,    5434704 total
- age   4:    2021280 bytes,    7455984 total
- age   5:    5668704 bytes,   13124688 total
- age   6:    1117440 bytes,   14242128 total
- age   7:    4521472 bytes,   18763600 total
- age   8:     458648 bytes,   19222248 total
: 109248K->21824K(109248K), 0.0483538 secs] 190399K->103579K(502464K), 0.0484666 secs] [Times: user=0.07 sys=0.00, real=0.04 secs] 
Heap after GC invocations=51 (full 1):
 par new generation   total 109248K, used 21824K [0x00000000e0000000, 0x00000000e8000000, 0x00000000e8000000)
  eden space 87424K,   0% used [0x00000000e0000000, 0x00000000e0000000, 0x00000000e5560000)
  from space 21824K, 100% used [0x00000000e6ab0000, 0x00000000e8000000, 0x00000000e8000000)
  to   space 21824K,   0% used [0x00000000e5560000, 0x00000000e5560000, 0x00000000e6ab0000)
 concurrent mark-sweep generation total 393216K, used 81755K [0x00000000e8000000, 0x0000000100000000, 0x0000000100000000)
 Metaspace       used 39204K, capacity 40767K, committed 41048K, reserved 1085440K
  class space    used 4530K, capacity 4936K, committed 4988K, reserved 1048576K
}
2018-10-23T07:39:02.247+0000: 12.192: Total time for which application threads were stopped: 0.0489336 seconds, Stopping threads took: 0.0001509 seconds
2018-10-23T07:39:02.257+0000: 12.203: Total time for which application threads were stopped: 0.0071313 seconds, Stopping threads took: 0.0068500 seconds
2018-10-23T07:39:02.258+0000: 12.203: Total time for which application threads were stopped: 0.0001855 seconds, Stopping threads took: 0.0000501 seconds
2018-10-23T07:39:02.264+0000: 12.209: Total time for which application threads were stopped: 0.0017711 seconds, Stopping threads took: 0.0016067 seconds
2018-10-23T07:39:02.265+0000: 12.211: Total time for which application threads were stopped: 0.0002827 seconds, Stopping threads took: 0.0001251 seconds
2018-10-23T07:39:02.267+0000: 12.212: Total time for which application threads were stopped: 0.0015864 seconds, Stopping threads took: 0.0014486 seconds
{Heap before GC invocations=51 (full 1):
 par new generation   total 109248K, used 109248K [0x00000000e0000000, 0x00000000e8000000, 0x00000000e8000000)
  eden space 87424K, 100% used [0x00000000e0000000, 0x00000000e5560000, 0x00000000e5560000)
  from space 21824K, 100% used [0x00000000e6ab0000, 0x00000000e8000000, 0x00000000e8000000)
  to   space 21824K,   0% used [0x00000000e5560000, 0x00000000e5560000, 0x00000000e6ab0000)
 concurrent mark-sweep generation total 393216K, used 81755K [0x00000000e8000000, 0x0000000100000000, 0x0000000100000000)
 Metaspace       used 39208K, capacity 40767K, committed 41048K, reserved 1085440K
  class space    used 4530K, capacity 4936K, committed 4988K, reserved 1048576K
2018-10-23T07:39:02.361+0000: 12.307: [GC (Allocation Failure) 2018-10-23T07:39:02.361+0000: 12.307: [ParNew
Desired survivor size 20112992 bytes, new threshold 8 (max 8)
- age   1:    2652480 bytes,    2652480 total
- age   2:     713928 bytes,    3366408 total
- age   3:    3647320 bytes,    7013728 total
- age   4:     743224 bytes,    7756952 total
- age   5:    1286240 bytes,    9043192 total
- age   6:    5668448 bytes,   14711640 total
- age   7:    1116616 bytes,   15828256 total
- age   8:    4519952 bytes,   20348208 total
: 109248K->21824K(109248K), 0.0295710 secs] 191003K->104029K(502464K), 0.0297028 secs] [Times: user=0.09 sys=0.00, real=0.03 secs] 
Heap after GC invocations=52 (full 1):
 par new generation   total 109248K, used 21824K [0x00000000e0000000, 0x00000000e8000000, 0x00000000e8000000)
  eden space 87424K,   0% used [0x00000000e0000000, 0x00000000e0000000, 0x00000000e5560000)
  from space 21824K, 100% used [0x00000000e5560000, 0x00000000e6ab0000, 0x00000000e6ab0000)
  to   space 21824K,   0% used [0x00000000e6ab0000, 0x00000000e6ab0000, 0x00000000e8000000)
 concurrent mark-sweep generation total 393216K, used 82205K [0x00000000e8000000, 0x0000000100000000, 0x0000000100000000)
 Metaspace       used 39208K, capacity 40767K, committed 41048K, reserved 1085440K
  class space    used 4530K, capacity 4936K, committed 4988K, reserved 1048576K
}
2018-10-23T07:39:02.391+0000: 12.337: Total time for which application threads were stopped: 0.0301583 seconds, Stopping threads took: 0.0000778 seconds
2018-10-23T07:39:02.393+0000: 12.339: Total time for which application threads were stopped: 0.0020876 seconds, Stopping threads took: 0.0014257 seconds
2018-10-23T07:39:02.394+0000: 12.340: Total time for which application threads were stopped: 0.0004108 seconds, Stopping threads took: 0.0000701 seconds
2018-10-23T07:39:02.478+0000: 12.424: Total time for which application threads were stopped: 0.0122885 seconds, Stopping threads took: 0.0119269 seconds
2018-10-23T07:39:02.519+0000: 12.465: Total time for which application threads were stopped: 0.0050298 seconds, Stopping threads took: 0.0047224 seconds
{Heap before GC invocations=52 (full 1):
 par new generation   total 109248K, used 109248K [0x00000000e0000000, 0x00000000e8000000, 0x00000000e8000000)
  eden space 87424K, 100% used [0x00000000e0000000, 0x00000000e5560000, 0x00000000e5560000)
  from space 21824K, 100% used [0x00000000e5560000, 0x00000000e6ab0000, 0x00000000e6ab0000)
  to   space 21824K,   0% used [0x00000000e6ab0000, 0x00000000e6ab0000, 0x00000000e8000000)
 concurrent mark-sweep generation total 393216K, used 82205K [0x00000000e8000000, 0x0000000100000000, 0x0000000100000000)
 Metaspace       used 39237K, capacity 40785K, committed 41048K, reserved 1085440K
  class space    used 4532K, capacity 4939K, committed 4988K, reserved 1048576K
2018-10-23T07:39:02.521+0000: 12.466: [GC (Allocation Failure) 2018-10-23T07:39:02.521+0000: 12.466: [ParNew
Desired survivor size 20112992 bytes, new threshold 8 (max 8)
- age   1:    1210176 bytes,    1210176 total
- age   2:    1795800 bytes,    3005976 total
- age   3:     631744 bytes,    3637720 total
- age   4:    2809312 bytes,    6447032 total
- age   5:     741616 bytes,    7188648 total
- age   6:    1223584 bytes,    8412232 total
- age   7:    5668272 bytes,   14080504 total
- age   8:    1110528 bytes,   15191032 total
: 109248K->21824K(109248K), 0.0653403 secs] 191453K->109260K(502464K), 0.0654637 secs] [Times: user=0.08 sys=0.00, real=0.06 secs] 
Heap after GC invocations=53 (full 1):
 par new generation   total 109248K, used 21824K [0x00000000e0000000, 0x00000000e8000000, 0x00000000e8000000)
  eden space 87424K,   0% used [0x00000000e0000000, 0x00000000e0000000, 0x00000000e5560000)
  from space 21824K, 100% used [0x00000000e6ab0000, 0x00000000e8000000, 0x00000000e8000000)
  to   space 21824K,   0% used [0x00000000e5560000, 0x00000000e5560000, 0x00000000e6ab0000)
 concurrent mark-sweep generation total 393216K, used 87436K [0x00000000e8000000, 0x0000000100000000, 0x0000000100000000)
 Metaspace       used 39237K, capacity 40785K, committed 41048K, reserved 1085440K
  class space    used 4532K, capacity 4939K, committed 4988K, reserved 1048576K
}
2018-10-23T07:39:02.586+0000: 12.532: Total time for which application threads were stopped: 0.0658848 seconds, Stopping threads took: 0.0000838 seconds
2018-10-23T07:39:02.599+0000: 12.544: Total time for which application threads were stopped: 0.0008583 seconds, Stopping threads took: 0.0005818 seconds
2018-10-23T07:39:02.675+0000: 12.621: Total time for which application threads were stopped: 0.0004744 seconds, Stopping threads took: 0.0001688 seconds
2018-10-23T07:39:02.730+0000: 12.676: Total time for which application threads were stopped: 0.0173216 seconds, Stopping threads took: 0.0170211 seconds
2018-10-23T07:39:02.737+0000: 12.683: Total time for which application threads were stopped: 0.0035376 seconds, Stopping threads took: 0.0033621 seconds
2018-10-23T07:39:02.739+0000: 12.685: Total time for which application threads were stopped: 0.0001702 seconds, Stopping threads took: 0.0000308 seconds
2018-10-23T07:39:02.741+0000: 12.687: Total time for which application threads were stopped: 0.0023732 seconds, Stopping threads took: 0.0022299 seconds
{Heap before GC invocations=53 (full 1):
 par new generation   total 109248K, used 109248K [0x00000000e0000000, 0x00000000e8000000, 0x00000000e8000000)
  eden space 87424K, 100% used [0x00000000e0000000, 0x00000000e5560000, 0x00000000e5560000)
  from space 21824K, 100% used [0x00000000e6ab0000, 0x00000000e8000000, 0x00000000e8000000)
  to   space 21824K,   0% used [0x00000000e5560000, 0x00000000e5560000, 0x00000000e6ab0000)
 concurrent mark-sweep generation total 393216K, used 87436K [0x00000000e8000000, 0x0000000100000000, 0x0000000100000000)
 Metaspace       used 39278K, capacity 40873K, committed 41048K, reserved 1085440K
  class space    used 4535K, capacity 4943K, committed 4988K, reserved 1048576K
2018-10-23T07:39:02.751+0000: 12.697: [GC (Allocation Failure) 2018-10-23T07:39:02.751+0000: 12.697: [ParNew
Desired survivor size 20112992 bytes, new threshold 8 (max 8)
- age   1:    4245840 bytes,    4245840 total
- age   2:     977728 bytes,    5223568 total
- age   3:    1784824 bytes,    7008392 total
- age   4:     629712 bytes,    7638104 total
- age   5:    2809312 bytes,   10447416 total
- age   6:     741568 bytes,   11188984 total
- age   7:    1217072 bytes,   12406056 total
- age   8:    5668040 bytes,   18074096 total
: 109248K->20892K(109248K), 0.0379324 secs] 196684K->109423K(502464K), 0.0380556 secs] [Times: user=0.08 sys=0.00, real=0.03 secs] 
Heap after GC invocations=54 (full 1):
 par new generation   total 109248K, used 20892K [0x00000000e0000000, 0x00000000e8000000, 0x00000000e8000000)
  eden space 87424K,   0% used [0x00000000e0000000, 0x00000000e0000000, 0x00000000e5560000)
  from space 21824K,  95% used [0x00000000e5560000, 0x00000000e69c7200, 0x00000000e6ab0000)
  to   space 21824K,   0% used [0x00000000e6ab0000, 0x00000000e6ab0000, 0x00000000e8000000)
 concurrent mark-sweep generation total 393216K, used 88530K [0x00000000e8000000, 0x0000000100000000, 0x0000000100000000)
 Metaspace       used 39278K, capacity 40873K, committed 41048K, reserved 1085440K
  class space    used 4535K, capacity 4943K, committed 4988K, reserved 1048576K
}
2018-10-23T07:39:02.789+0000: 12.735: Total time for which application threads were stopped: 0.0442440 seconds, Stopping threads took: 0.0058751 seconds
2018-10-23T07:39:02.799+0000: 12.744: Total time for which application threads were stopped: 0.0003790 seconds, Stopping threads took: 0.0000953 seconds
{Heap before GC invocations=54 (full 1):
 par new generation   total 109248K, used 108313K [0x00000000e0000000, 0x00000000e8000000, 0x00000000e8000000)
  eden space 87424K,  99% used [0x00000000e0000000, 0x00000000e555f330, 0x00000000e5560000)
  from space 21824K,  95% used [0x00000000e5560000, 0x00000000e69c7200, 0x00000000e6ab0000)
  to   space 21824K,   0% used [0x00000000e6ab0000, 0x00000000e6ab0000, 0x00000000e8000000)
 concurrent mark-sweep generation total 393216K, used 88530K [0x00000000e8000000, 0x0000000100000000, 0x0000000100000000)
 Metaspace       used 39311K, capacity 40955K, committed 41048K, reserved 1085440K
  class space    used 4537K, capacity 4946K, committed 4988K, reserved 1048576K
2018-10-23T07:39:02.933+0000: 12.879: [GC (Allocation Failure) 2018-10-23T07:39:02.933+0000: 12.879: [ParNew
Desired survivor size 20112992 bytes, new threshold 8 (max 8)
- age   1:    2679360 bytes,    2679360 total
- age   2:    3396504 bytes,    6075864 total
- age   3:     860024 bytes,    6935888 total
- age   4:    1777032 bytes,    8712920 total
- age   5:     629712 bytes,    9342632 total
- age   6:    2233544 bytes,   11576176 total
- age   7:     605280 bytes,   12181456 total
- age   8:    1217072 bytes,   13398528 total
: 108313K->21824K(109248K), 0.1088444 secs] 196843K->115899K(502464K), 0.1089804 secs] [Times: user=0.08 sys=0.00, real=0.11 secs] 
Heap after GC invocations=55 (full 1):
 par new generation   total 109248K, used 21824K [0x00000000e0000000, 0x00000000e8000000, 0x00000000e8000000)
  eden space 87424K,   0% used [0x00000000e0000000, 0x00000000e0000000, 0x00000000e5560000)
  from space 21824K, 100% used [0x00000000e6ab0000, 0x00000000e8000000, 0x00000000e8000000)
  to   space 21824K,   0% used [0x00000000e5560000, 0x00000000e5560000, 0x00000000e6ab0000)
 concurrent mark-sweep generation total 393216K, used 94075K [0x00000000e8000000, 0x0000000100000000, 0x0000000100000000)
 Metaspace       used 39311K, capacity 40955K, committed 41048K, reserved 1085440K
  class space    used 4537K, capacity 4946K, committed 4988K, reserved 1048576K
}
2018-10-23T07:39:03.042+0000: 12.988: Total time for which application threads were stopped: 0.1094647 seconds, Stopping threads took: 0.0000819 seconds
2018-10-23T07:39:03.049+0000: 12.995: Total time for which application threads were stopped: 0.0032922 seconds, Stopping threads took: 0.0030275 seconds
2018-10-23T07:39:03.126+0000: 13.072: Total time for which application threads were stopped: 0.0059529 seconds, Stopping threads took: 0.0056725 seconds
{Heap before GC invocations=55 (full 1):
 par new generation   total 109248K, used 109248K [0x00000000e0000000, 0x00000000e8000000, 0x00000000e8000000)
  eden space 87424K, 100% used [0x00000000e0000000, 0x00000000e5560000, 0x00000000e5560000)
  from space 21824K, 100% used [0x00000000e6ab0000, 0x00000000e8000000, 0x00000000e8000000)
  to   space 21824K,   0% used [0x00000000e5560000, 0x00000000e5560000, 0x00000000e6ab0000)
 concurrent mark-sweep generation total 393216K, used 94075K [0x00000000e8000000, 0x0000000100000000, 0x0000000100000000)
 Metaspace       used 39329K, capacity 41019K, committed 41304K, reserved 1085440K
  class space    used 4537K, capacity 4946K, committed 4988K, reserved 1048576K
2018-10-23T07:39:03.174+0000: 13.120: [GC (Allocation Failure) 2018-10-23T07:39:03.174+0000: 13.120: [ParNew
Desired survivor size 20112992 bytes, new threshold 8 (max 8)
- age   1:    3650528 bytes,    3650528 total
- age   2:    2156056 bytes,    5806584 total
- age   3:    3246256 bytes,    9052840 total
- age   4:     629912 bytes,    9682752 total
- age   5:    1255096 bytes,   10937848 total
- age   6:     609936 bytes,   11547784 total
- age   7:    2227776 bytes,   13775560 total
- age   8:     605072 bytes,   14380632 total
: 109248K->18339K(109248K), 0.0378542 secs] 203323K->113609K(502464K), 0.0379810 secs] [Times: user=0.06 sys=0.00, real=0.04 secs] 
Heap after GC invocations=56 (full 1):
 par new generation   total 109248K, used 18339K [0x00000000e0000000, 0x00000000e8000000, 0x00000000e8000000)
  eden space 87424K,   0% used [0x00000000e0000000, 0x00000000e0000000, 0x00000000e5560000)
  from space 21824K,  84% used [0x00000000e5560000, 0x00000000e6748ec0, 0x00000000e6ab0000)
  to   space 21824K,   0% used [0x00000000e6ab0000, 0x00000000e6ab0000, 0x00000000e8000000)
 concurrent mark-sweep generation total 393216K, used 95269K [0x00000000e8000000, 0x0000000100000000, 0x0000000100000000)
 Metaspace       used 39329K, capacity 41019K, committed 41304K, reserved 1085440K
  class space    used 4537K, capacity 4946K, committed 4988K, reserved 1048576K
}
2018-10-23T07:39:03.212+0000: 13.158: Total time for which application threads were stopped: 0.0407843 seconds, Stopping threads took: 0.0023904 seconds
2018-10-23T07:39:03.281+0000: 13.227: Total time for which application threads were stopped: 0.0087672 seconds, Stopping threads took: 0.0084815 seconds
2018-10-23T07:39:03.304+0000: 13.250: Total time for which application threads were stopped: 0.0067889 seconds, Stopping threads took: 0.0065200 seconds
2018-10-23T07:39:03.332+0000: 13.278: Total time for which application threads were stopped: 0.0005334 seconds, Stopping threads took: 0.0001394 seconds
2018-10-23T07:39:03.334+0000: 13.280: Total time for which application threads were stopped: 0.0002131 seconds, Stopping threads took: 0.0000545 seconds
2018-10-23T07:39:03.338+0000: 13.284: Total time for which application threads were stopped: 0.0004108 seconds, Stopping threads took: 0.0002393 seconds
2018-10-23T07:39:03.342+0000: 13.288: Total time for which application threads were stopped: 0.0002393 seconds, Stopping threads took: 0.0000827 seconds
{Heap before GC invocations=56 (full 1):
 par new generation   total 109248K, used 105763K [0x00000000e0000000, 0x00000000e8000000, 0x00000000e8000000)
  eden space 87424K, 100% used [0x00000000e0000000, 0x00000000e5560000, 0x00000000e5560000)
  from space 21824K,  84% used [0x00000000e5560000, 0x00000000e6748ec0, 0x00000000e6ab0000)
  to   space 21824K,   0% used [0x00000000e6ab0000, 0x00000000e6ab0000, 0x00000000e8000000)
 concurrent mark-sweep generation total 393216K, used 95269K [0x00000000e8000000, 0x0000000100000000, 0x0000000100000000)
 Metaspace       used 39351K, capacity 41025K, committed 41304K, reserved 1085440K
  class space    used 4537K, capacity 4947K, committed 4988K, reserved 1048576K
2018-10-23T07:39:03.410+0000: 13.356: [GC (Allocation Failure) 2018-10-23T07:39:03.410+0000: 13.356: [ParNew
Desired survivor size 20112992 bytes, new threshold 8 (max 8)
- age   1:    4387608 bytes,    4387608 total
- age   2:    3306360 bytes,    7693968 total
- age   3:    1232632 bytes,    8926600 total
- age   4:    3246096 bytes,   12172696 total
- age   5:     620128 bytes,   12792824 total
- age   6:    1192600 bytes,   13985424 total
- age   7:     609432 bytes,   14594856 total
- age   8:    2253528 bytes,   16848384 total
: 105763K->19447K(109248K), 0.0269753 secs] 201033K->115311K(502464K), 0.0270964 secs] [Times: user=0.04 sys=0.00, real=0.02 secs] 
Heap after GC invocations=57 (full 1):
 par new generation   total 109248K, used 19447K [0x00000000e0000000, 0x00000000e8000000, 0x00000000e8000000)
  eden space 87424K,   0% used [0x00000000e0000000, 0x00000000e0000000, 0x00000000e5560000)
  from space 21824K,  89% used [0x00000000e6ab0000, 0x00000000e7dadda0, 0x00000000e8000000)
  to   space 21824K,   0% used [0x00000000e5560000, 0x00000000e5560000, 0x00000000e6ab0000)
 concurrent mark-sweep generation total 393216K, used 95864K [0x00000000e8000000, 0x0000000100000000, 0x0000000100000000)
 Metaspace       used 39351K, capacity 41025K, committed 41304K, reserved 1085440K
  class space    used 4537K, capacity 4947K, committed 4988K, reserved 1048576K
}
2018-10-23T07:39:03.437+0000: 13.383: Total time for which application threads were stopped: 0.0302534 seconds, Stopping threads took: 0.0027420 seconds
2018-10-23T07:39:03.439+0000: 13.385: Total time for which application threads were stopped: 0.0013115 seconds, Stopping threads took: 0.0010034 seconds
{Heap before GC invocations=57 (full 1):
 par new generation   total 109248K, used 106871K [0x00000000e0000000, 0x00000000e8000000, 0x00000000e8000000)
  eden space 87424K, 100% used [0x00000000e0000000, 0x00000000e5560000, 0x00000000e5560000)
  from space 21824K,  89% used [0x00000000e6ab0000, 0x00000000e7dadda0, 0x00000000e8000000)
  to   space 21824K,   0% used [0x00000000e5560000, 0x00000000e5560000, 0x00000000e6ab0000)
 concurrent mark-sweep generation total 393216K, used 95864K [0x00000000e8000000, 0x0000000100000000, 0x0000000100000000)
 Metaspace       used 39366K, capacity 41031K, committed 41304K, reserved 1085440K
  class space    used 4538K, capacity 4948K, committed 4988K, reserved 1048576K
2018-10-23T07:39:03.529+0000: 13.475: [GC (Allocation Failure) 2018-10-23T07:39:03.529+0000: 13.475: [ParNew
Desired survivor size 20112992 bytes, new threshold 8 (max 8)
- age   1:    2817088 bytes,    2817088 total
- age   2:    3545264 bytes,    6362352 total
- age   3:    3133664 bytes,    9496016 total
- age   4:    1232632 bytes,   10728648 total
- age   5:    3245968 bytes,   13974616 total
- age   6:     612720 bytes,   14587336 total
- age   7:    1192600 bytes,   15779936 total
- age   8:     609432 bytes,   16389368 total
: 106871K->21824K(109248K), 0.0304568 secs] 202735K->119862K(502464K), 0.0305910 secs] [Times: user=0.05 sys=0.00, real=0.04 secs] 
Heap after GC invocations=58 (full 1):
 par new generation   total 109248K, used 21824K [0x00000000e0000000, 0x00000000e8000000, 0x00000000e8000000)
  eden space 87424K,   0% used [0x00000000e0000000, 0x00000000e0000000, 0x00000000e5560000)
  from space 21824K, 100% used [0x00000000e5560000, 0x00000000e6ab0000, 0x00000000e6ab0000)
  to   space 21824K,   0% used [0x00000000e6ab0000, 0x00000000e6ab0000, 0x00000000e8000000)
 concurrent mark-sweep generation total 393216K, used 98038K [0x00000000e8000000, 0x0000000100000000, 0x0000000100000000)
 Metaspace       used 39366K, capacity 41031K, committed 41304K, reserved 1085440K
  class space    used 4538K, capacity 4948K, committed 4988K, reserved 1048576K
}
2018-10-23T07:39:03.559+0000: 13.505: Total time for which application threads were stopped: 0.0320401 seconds, Stopping threads took: 0.0010345 seconds
2018-10-23T07:39:03.596+0000: 13.542: Total time for which application threads were stopped: 0.0006869 seconds, Stopping threads took: 0.0003873 seconds
2018-10-23T07:39:03.615+0000: 13.560: Total time for which application threads were stopped: 0.0005011 seconds, Stopping threads took: 0.0001791 seconds
2018-10-23T07:39:03.615+0000: 13.561: Total time for which application threads were stopped: 0.0007646 seconds, Stopping threads took: 0.0000824 seconds
2018-10-23T07:39:03.616+0000: 13.562: Total time for which application threads were stopped: 0.0005006 seconds, Stopping threads took: 0.0000560 seconds
2018-10-23T07:39:03.662+0000: 13.608: Total time for which application threads were stopped: 0.0006382 seconds, Stopping threads took: 0.0002444 seconds
{Heap before GC invocations=58 (full 1):
 par new generation   total 109248K, used 109248K [0x00000000e0000000, 0x00000000e8000000, 0x00000000e8000000)
  eden space 87424K, 100% used [0x00000000e0000000, 0x00000000e5560000, 0x00000000e5560000)
  from space 21824K, 100% used [0x00000000e5560000, 0x00000000e6ab0000, 0x00000000e6ab0000)
  to   space 21824K,   0% used [0x00000000e6ab0000, 0x00000000e6ab0000, 0x00000000e8000000)
 concurrent mark-sweep generation total 393216K, used 98038K [0x00000000e8000000, 0x0000000100000000, 0x0000000100000000)
 Metaspace       used 39397K, capacity 41059K, committed 41304K, reserved 1085440K
  class space    used 4540K, capacity 4952K, committed 4988K, reserved 1048576K
2018-10-23T07:39:03.669+0000: 13.615: [GC (Allocation Failure) 2018-10-23T07:39:03.670+0000: 13.615: [ParNew
Desired survivor size 20112992 bytes, new threshold 8 (max 8)
- age   1:    4216544 bytes,    4216544 total
- age   2:    2598592 bytes,    6815136 total
- age   3:    3315424 bytes,   10130560 total
- age   4:    3125616 bytes,   13256176 total
- age   5:    1164568 bytes,   14420744 total
- age   6:    3245848 bytes,   17666592 total
- age   7:     591656 bytes,   18258248 total
- age   8:    1191608 bytes,   19449856 total
: 109248K->21824K(109248K), 0.0433156 secs] 207286K->120770K(502464K), 0.0434441 secs] [Times: user=0.10 sys=0.00, real=0.05 secs] 
Heap after GC invocations=59 (full 1):
 par new generation   total 109248K, used 21824K [0x00000000e0000000, 0x00000000e8000000, 0x00000000e8000000)
  eden space 87424K,   0% used [0x00000000e0000000, 0x00000000e0000000, 0x00000000e5560000)
  from space 21824K, 100% used [0x00000000e6ab0000, 0x00000000e8000000, 0x00000000e8000000)
  to   space 21824K,   0% used [0x00000000e5560000, 0x00000000e5560000, 0x00000000e6ab0000)
 concurrent mark-sweep generation total 393216K, used 98946K [0x00000000e8000000, 0x0000000100000000, 0x0000000100000000)
 Metaspace       used 39397K, capacity 41059K, committed 41304K, reserved 1085440K
  class space    used 4540K, capacity 4952K, committed 4988K, reserved 1048576K
}
2018-10-23T07:39:03.713+0000: 13.659: Total time for which application threads were stopped: 0.0438521 seconds, Stopping threads took: 0.0000781 seconds
2018-10-23T07:39:03.732+0000: 13.678: Total time for which application threads were stopped: 0.0021725 seconds, Stopping threads took: 0.0018813 seconds
2018-10-23T07:39:03.757+0000: 13.703: Total time for which application threads were stopped: 0.0008965 seconds, Stopping threads took: 0.0001217 seconds
2018-10-23T07:39:03.786+0000: 13.732: Total time for which application threads were stopped: 0.0076320 seconds, Stopping threads took: 0.0073355 seconds
2018-10-23T07:39:03.793+0000: 13.739: Total time for which application threads were stopped: 0.0003137 seconds, Stopping threads took: 0.0001003 seconds
2018-10-23T07:39:03.796+0000: 13.742: Total time for which application threads were stopped: 0.0023873 seconds, Stopping threads took: 0.0022287 seconds
2018-10-23T07:39:03.796+0000: 13.742: Total time for which application threads were stopped: 0.0002038 seconds, Stopping threads took: 0.0000485 seconds
{Heap before GC invocations=59 (full 1):
 par new generation   total 109248K, used 109248K [0x00000000e0000000, 0x00000000e8000000, 0x00000000e8000000)
  eden space 87424K, 100% used [0x00000000e0000000, 0x00000000e5560000, 0x00000000e5560000)
  from space 21824K, 100% used [0x00000000e6ab0000, 0x00000000e8000000, 0x00000000e8000000)
  to   space 21824K,   0% used [0x00000000e5560000, 0x00000000e5560000, 0x00000000e6ab0000)
 concurrent mark-sweep generation total 393216K, used 98946K [0x00000000e8000000, 0x0000000100000000, 0x0000000100000000)
 Metaspace       used 39420K, capacity 41059K, committed 41304K, reserved 1085440K
  class space    used 4540K, capacity 4952K, committed 4988K, reserved 1048576K
2018-10-23T07:39:03.812+0000: 13.758: [GC (Allocation Failure) 2018-10-23T07:39:03.812+0000: 13.758: [ParNew
Desired survivor size 20112992 bytes, new threshold 8 (max 8)
- age   1:    1880536 bytes,    1880536 total
- age   2:    3921120 bytes,    5801656 total
- age   3:    1818376 bytes,    7620032 total
- age   4:    2548304 bytes,   10168336 total
- age   5:    3015512 bytes,   13183848 total
- age   6:     968288 bytes,   14152136 total
- age   7:    3138400 bytes,   17290536 total
- age   8:     566216 bytes,   17856752 total
: 109248K->21824K(109248K), 0.0499857 secs] 208194K->123890K(502464K), 0.0501248 secs] [Times: user=0.07 sys=0.00, real=0.05 secs] 
Heap after GC invocations=60 (full 1):
 par new generation   total 109248K, used 21824K [0x00000000e0000000, 0x00000000e8000000, 0x00000000e8000000)
  eden space 87424K,   0% used [0x00000000e0000000, 0x00000000e0000000, 0x00000000e5560000)
  from space 21824K, 100% used [0x00000000e5560000, 0x00000000e6ab0000, 0x00000000e6ab0000)
  to   space 21824K,   0% used [0x00000000e6ab0000, 0x00000000e6ab0000, 0x00000000e8000000)
 concurrent mark-sweep generation total 393216K, used 102066K [0x00000000e8000000, 0x0000000100000000, 0x0000000100000000)
 Metaspace       used 39420K, capacity 41059K, committed 41304K, reserved 1085440K
  class space    used 4540K, capacity 4952K, committed 4988K, reserved 1048576K
}
2018-10-23T07:39:03.863+0000: 13.808: Total time for which application threads were stopped: 0.0507813 seconds, Stopping threads took: 0.0001858 seconds
{Heap before GC invocations=60 (full 1):
 par new generation   total 109248K, used 109248K [0x00000000e0000000, 0x00000000e8000000, 0x00000000e8000000)
  eden space 87424K, 100% used [0x00000000e0000000, 0x00000000e5560000, 0x00000000e5560000)
  from space 21824K, 100% used [0x00000000e5560000, 0x00000000e6ab0000, 0x00000000e6ab0000)
  to   space 21824K,   0% used [0x00000000e6ab0000, 0x00000000e6ab0000, 0x00000000e8000000)
 concurrent mark-sweep generation total 393216K, used 102066K [0x00000000e8000000, 0x0000000100000000, 0x0000000100000000)
 Metaspace       used 39422K, capacity 41059K, committed 41304K, reserved 1085440K
  class space    used 4540K, capacity 4952K, committed 4988K, reserved 1048576K
2018-10-23T07:39:03.939+0000: 13.885: [GC (Allocation Failure) 2018-10-23T07:39:03.939+0000: 13.885: [ParNew
Desired survivor size 20112992 bytes, new threshold 8 (max 8)
- age   1:    1264712 bytes,    1264712 total
- age   2:    1757088 bytes,    3021800 total
- age   3:    3744304 bytes,    6766104 total
- age   4:    1090080 bytes,    7856184 total
- age   5:    2548304 bytes,   10404488 total
- age   6:    3014720 bytes,   13419208 total
- age   7:     968288 bytes,   14387496 total
- age   8:    3137408 bytes,   17524904 total
: 109248K->21824K(109248K), 0.0354363 secs] 211314K->124488K(502464K), 0.0355671 secs] [Times: user=0.07 sys=0.00, real=0.03 secs] 
Heap after GC invocations=61 (full 1):
 par new generation   total 109248K, used 21824K [0x00000000e0000000, 0x00000000e8000000, 0x00000000e8000000)
  eden space 87424K,   0% used [0x00000000e0000000, 0x00000000e0000000, 0x00000000e5560000)
  from space 21824K, 100% used [0x00000000e6ab0000, 0x00000000e8000000, 0x00000000e8000000)
  to   space 21824K,   0% used [0x00000000e5560000, 0x00000000e5560000, 0x00000000e6ab0000)
 concurrent mark-sweep generation total 393216K, used 102664K [0x00000000e8000000, 0x0000000100000000, 0x0000000100000000)
 Metaspace       used 39422K, capacity 41059K, committed 41304K, reserved 1085440K
  class space    used 4540K, capacity 4952K, committed 4988K, reserved 1048576K
}
2018-10-23T07:39:03.974+0000: 13.920: Total time for which application threads were stopped: 0.0361286 seconds, Stopping threads took: 0.0001570 seconds
2018-10-23T07:39:03.998+0000: 13.944: Total time for which application threads were stopped: 0.0051156 seconds, Stopping threads took: 0.0048277 seconds
2018-10-23T07:39:04.018+0000: 13.964: Total time for which application threads were stopped: 0.0125177 seconds, Stopping threads took: 0.0121602 seconds
2018-10-23T07:39:04.022+0000: 13.968: Total time for which application threads were stopped: 0.0002602 seconds, Stopping threads took: 0.0000836 seconds
2018-10-23T07:39:04.062+0000: 14.008: Total time for which application threads were stopped: 0.0245946 seconds, Stopping threads took: 0.0242307 seconds
2018-10-23T07:39:04.074+0000: 14.019: Total time for which application threads were stopped: 0.0079290 seconds, Stopping threads took: 0.0076399 seconds
2018-10-23T07:39:04.074+0000: 14.020: Total time for which application threads were stopped: 0.0001945 seconds, Stopping threads took: 0.0000363 seconds
2018-10-23T07:39:04.079+0000: 14.024: Total time for which application threads were stopped: 0.0022383 seconds, Stopping threads took: 0.0020600 seconds
2018-10-23T07:39:04.085+0000: 14.030: Total time for which application threads were stopped: 0.0021679 seconds, Stopping threads took: 0.0019726 seconds
2018-10-23T07:39:04.090+0000: 14.036: Total time for which application threads were stopped: 0.0050448 seconds, Stopping threads took: 0.0048744 seconds
2018-10-23T07:39:04.109+0000: 14.055: Total time for which application threads were stopped: 0.0108155 seconds, Stopping threads took: 0.0105354 seconds
2018-10-23T07:39:04.128+0000: 14.074: Total time for which application threads were stopped: 0.0061257 seconds, Stopping threads took: 0.0058252 seconds
2018-10-23T07:39:04.150+0000: 14.096: Total time for which application threads were stopped: 0.0123037 seconds, Stopping threads took: 0.0119952 seconds
2018-10-23T07:39:04.156+0000: 14.102: Total time for which application threads were stopped: 0.0005556 seconds, Stopping threads took: 0.0002695 seconds
{Heap before GC invocations=61 (full 1):
 par new generation   total 109248K, used 109248K [0x00000000e0000000, 0x00000000e8000000, 0x00000000e8000000)
  eden space 87424K, 100% used [0x00000000e0000000, 0x00000000e5560000, 0x00000000e5560000)
  from space 21824K, 100% used [0x00000000e6ab0000, 0x00000000e8000000, 0x00000000e8000000)
  to   space 21824K,   0% used [0x00000000e5560000, 0x00000000e5560000, 0x00000000e6ab0000)
 concurrent mark-sweep generation total 393216K, used 102664K [0x00000000e8000000, 0x0000000100000000, 0x0000000100000000)
 Metaspace       used 39431K, capacity 41123K, committed 41304K, reserved 1085440K
  class space    used 4540K, capacity 4952K, committed 4988K, reserved 1048576K
2018-10-23T07:39:04.160+0000: 14.106: [GC (Allocation Failure) 2018-10-23T07:39:04.160+0000: 14.106: [ParNew
Desired survivor size 20112992 bytes, new threshold 8 (max 8)
- age   1:    1826384 bytes,    1826384 total
- age   2:     546272 bytes,    2372656 total
- age   3:    1573472 bytes,    3946128 total
- age   4:    3005720 bytes,    6951848 total
- age   5:    1023128 bytes,    7974976 total
- age   6:    2454824 bytes,   10429800 total
- age   7:    2969624 bytes,   13399424 total
- age   8:     789760 bytes,   14189184 total
: 109248K->21824K(109248K), 0.0192032 secs] 211912K->128808K(502464K), 0.0193237 secs] [Times: user=0.05 sys=0.00, real=0.02 secs] 
Heap after GC invocations=62 (full 1):
 par new generation   total 109248K, used 21824K [0x00000000e0000000, 0x00000000e8000000, 0x00000000e8000000)
  eden space 87424K,   0% used [0x00000000e0000000, 0x00000000e0000000, 0x00000000e5560000)
  from space 21824K, 100% used [0x00000000e5560000, 0x00000000e6ab0000, 0x00000000e6ab0000)
  to   space 21824K,   0% used [0x00000000e6ab0000, 0x00000000e6ab0000, 0x00000000e8000000)
 concurrent mark-sweep generation total 393216K, used 106984K [0x00000000e8000000, 0x0000000100000000, 0x0000000100000000)
 Metaspace       used 39431K, capacity 41123K, committed 41304K, reserved 1085440K
  class space    used 4540K, capacity 4952K, committed 4988K, reserved 1048576K
}
2018-10-23T07:39:04.180+0000: 14.125: Total time for which application threads were stopped: 0.0196784 seconds, Stopping threads took: 0.0000680 seconds
2018-10-23T07:39:04.181+0000: 14.127: Total time for which application threads were stopped: 0.0004027 seconds, Stopping threads took: 0.0001268 seconds
2018-10-23T07:39:04.253+0000: 14.199: Total time for which application threads were stopped: 0.0062193 seconds, Stopping threads took: 0.0058999 seconds
{Heap before GC invocations=62 (full 1):
 par new generation   total 109248K, used 109248K [0x00000000e0000000, 0x00000000e8000000, 0x00000000e8000000)
  eden space 87424K, 100% used [0x00000000e0000000, 0x00000000e5560000, 0x00000000e5560000)
  from space 21824K, 100% used [0x00000000e5560000, 0x00000000e6ab0000, 0x00000000e6ab0000)
  to   space 21824K,   0% used [0x00000000e6ab0000, 0x00000000e6ab0000, 0x00000000e8000000)
 concurrent mark-sweep generation total 393216K, used 106984K [0x00000000e8000000, 0x0000000100000000, 0x0000000100000000)
 Metaspace       used 39445K, capacity 41123K, committed 41304K, reserved 1085440K
  class space    used 4540K, capacity 4952K, committed 4988K, reserved 1048576K
2018-10-23T07:39:04.261+0000: 14.207: [GC (Allocation Failure) 2018-10-23T07:39:04.261+0000: 14.207: [ParNew
Desired survivor size 20112992 bytes, new threshold 8 (max 8)
- age   1:    2993960 bytes,    2993960 total
- age   2:    1130464 bytes,    4124424 total
- age   3:     535352 bytes,    4659776 total
- age   4:    1573216 bytes,    6232992 total
- age   5:    3005600 bytes,    9238592 total
- age   6:    1023000 bytes,   10261592 total
- age   7:    2454624 bytes,   12716216 total
- age   8:    2945256 bytes,   15661472 total
: 109248K->19375K(109248K), 0.0594602 secs] 216232K->127133K(502464K), 0.0595692 secs] [Times: user=0.06 sys=0.00, real=0.06 secs] 
Heap after GC invocations=63 (full 1):
 par new generation   total 109248K, used 19375K [0x00000000e0000000, 0x00000000e8000000, 0x00000000e8000000)
  eden space 87424K,   0% used [0x00000000e0000000, 0x00000000e0000000, 0x00000000e5560000)
  from space 21824K,  88% used [0x00000000e6ab0000, 0x00000000e7d9bca0, 0x00000000e8000000)
  to   space 21824K,   0% used [0x00000000e5560000, 0x00000000e5560000, 0x00000000e6ab0000)
 concurrent mark-sweep generation total 393216K, used 107758K [0x00000000e8000000, 0x0000000100000000, 0x0000000100000000)
 Metaspace       used 39445K, capacity 41123K, committed 41304K, reserved 1085440K
  class space    used 4540K, capacity 4952K, committed 4988K, reserved 1048576K
}
2018-10-23T07:39:04.320+0000: 14.266: Total time for which application threads were stopped: 0.0599810 seconds, Stopping threads took: 0.0000756 seconds
{Heap before GC invocations=63 (full 1):
 par new generation   total 109248K, used 106799K [0x00000000e0000000, 0x00000000e8000000, 0x00000000e8000000)
  eden space 87424K, 100% used [0x00000000e0000000, 0x00000000e5560000, 0x00000000e5560000)
  from space 21824K,  88% used [0x00000000e6ab0000, 0x00000000e7d9bca0, 0x00000000e8000000)
  to   space 21824K,   0% used [0x00000000e5560000, 0x00000000e5560000, 0x00000000e6ab0000)
 concurrent mark-sweep generation total 393216K, used 107758K [0x00000000e8000000, 0x0000000100000000, 0x0000000100000000)
 Metaspace       used 39466K, capacity 41135K, committed 41304K, reserved 1085440K
  class space    used 4540K, capacity 4952K, committed 4988K, reserved 1048576K
2018-10-23T07:39:04.467+0000: 14.413: [GC (Allocation Failure) 2018-10-23T07:39:04.468+0000: 14.413: [ParNew
Desired survivor size 20112992 bytes, new threshold 8 (max 8)
- age   1:    2119464 bytes,    2119464 total
- age   2:    2474896 bytes,    4594360 total
- age   3:    1129688 bytes,    5724048 total
- age   4:     527736 bytes,    6251784 total
- age   5:    1276312 bytes,    7528096 total
- age   6:    3005448 bytes,   10533544 total
- age   7:    1021464 bytes,   11555008 total
- age   8:    2453632 bytes,   14008640 total
: 106799K->20112K(109248K), 0.0515425 secs] 214557K->131031K(502464K), 0.0516663 secs] [Times: user=0.06 sys=0.00, real=0.06 secs] 
Heap after GC invocations=64 (full 1):
 par new generation   total 109248K, used 20112K [0x00000000e0000000, 0x00000000e8000000, 0x00000000e8000000)
  eden space 87424K,   0% used [0x00000000e0000000, 0x00000000e0000000, 0x00000000e5560000)
  from space 21824K,  92% used [0x00000000e5560000, 0x00000000e6904210, 0x00000000e6ab0000)
  to   space 21824K,   0% used [0x00000000e6ab0000, 0x00000000e6ab0000, 0x00000000e8000000)
 concurrent mark-sweep generation total 393216K, used 110918K [0x00000000e8000000, 0x0000000100000000, 0x0000000100000000)
 Metaspace       used 39466K, capacity 41135K, committed 41304K, reserved 1085440K
  class space    used 4540K, capacity 4952K, committed 4988K, reserved 1048576K
}
2018-10-23T07:39:04.519+0000: 14.465: Total time for which application threads were stopped: 0.0582512 seconds, Stopping threads took: 0.0060172 seconds
2018-10-23T07:39:04.522+0000: 14.468: Total time for which application threads were stopped: 0.0009104 seconds, Stopping threads took: 0.0002868 seconds
{Heap before GC invocations=64 (full 1):
 par new generation   total 109248K, used 107536K [0x00000000e0000000, 0x00000000e8000000, 0x00000000e8000000)
  eden space 87424K, 100% used [0x00000000e0000000, 0x00000000e5560000, 0x00000000e5560000)
  from space 21824K,  92% used [0x00000000e5560000, 0x00000000e6904210, 0x00000000e6ab0000)
  to   space 21824K,   0% used [0x00000000e6ab0000, 0x00000000e6ab0000, 0x00000000e8000000)
 concurrent mark-sweep generation total 393216K, used 110918K [0x00000000e8000000, 0x0000000100000000, 0x0000000100000000)
 Metaspace       used 39474K, capacity 41199K, committed 41304K, reserved 1085440K
  class space    used 4540K, capacity 4952K, committed 4988K, reserved 1048576K
2018-10-23T07:39:04.614+0000: 14.560: [GC (Allocation Failure) 2018-10-23T07:39:04.614+0000: 14.560: [ParNew
Desired survivor size 20112992 bytes, new threshold 8 (max 8)
- age   1:    4876912 bytes,    4876912 total
- age   2:    1444072 bytes,    6320984 total
- age   3:    2297032 bytes,    8618016 total
- age   4:     401296 bytes,    9019312 total
- age   5:     527736 bytes,    9547048 total
- age   6:    1265536 bytes,   10812584 total
- age   7:    3005416 bytes,   13818000 total
- age   8:    1014448 bytes,   14832448 total
: 107536K->19084K(109248K), 0.0426912 secs] 218455K->132408K(502464K), 0.0428279 secs] [Times: user=0.09 sys=0.00, real=0.04 secs] 
Heap after GC invocations=65 (full 1):
 par new generation   total 109248K, used 19084K [0x00000000e0000000, 0x00000000e8000000, 0x00000000e8000000)
  eden space 87424K,   0% used [0x00000000e0000000, 0x00000000e0000000, 0x00000000e5560000)
  from space 21824K,  87% used [0x00000000e6ab0000, 0x00000000e7d533f8, 0x00000000e8000000)
  to   space 21824K,   0% used [0x00000000e5560000, 0x00000000e5560000, 0x00000000e6ab0000)
 concurrent mark-sweep generation total 393216K, used 113323K [0x00000000e8000000, 0x0000000100000000, 0x0000000100000000)
 Metaspace       used 39474K, capacity 41199K, committed 41304K, reserved 1085440K
  class space    used 4540K, capacity 4952K, committed 4988K, reserved 1048576K
}
2018-10-23T07:39:04.657+0000: 14.603: Total time for which application threads were stopped: 0.0433176 seconds, Stopping threads took: 0.0000734 seconds
2018-10-23T07:39:04.671+0000: 14.616: Total time for which application threads were stopped: 0.0004145 seconds, Stopping threads took: 0.0001557 seconds
2018-10-23T07:39:04.710+0000: 14.656: Total time for which application threads were stopped: 0.0047012 seconds, Stopping threads took: 0.0044036 seconds
2018-10-23T07:39:04.711+0000: 14.657: Total time for which application threads were stopped: 0.0002322 seconds, Stopping threads took: 0.0000521 seconds
2018-10-23T07:39:04.712+0000: 14.658: Total time for which application threads were stopped: 0.0003526 seconds, Stopping threads took: 0.0001804 seconds
2018-10-23T07:39:04.716+0000: 14.661: Total time for which application threads were stopped: 0.0023346 seconds, Stopping threads took: 0.0021969 seconds
{Heap before GC invocations=65 (full 1):
 par new generation   total 109248K, used 106508K [0x00000000e0000000, 0x00000000e8000000, 0x00000000e8000000)
  eden space 87424K, 100% used [0x00000000e0000000, 0x00000000e5560000, 0x00000000e5560000)
  from space 21824K,  87% used [0x00000000e6ab0000, 0x00000000e7d533f8, 0x00000000e8000000)
  to   space 21824K,   0% used [0x00000000e5560000, 0x00000000e5560000, 0x00000000e6ab0000)
 concurrent mark-sweep generation total 393216K, used 113323K [0x00000000e8000000, 0x0000000100000000, 0x0000000100000000)
 Metaspace       used 39488K, capacity 41199K, committed 41304K, reserved 1085440K
  class space    used 4540K, capacity 4952K, committed 4988K, reserved 1048576K
2018-10-23T07:39:04.758+0000: 14.704: [GC (Allocation Failure) 2018-10-23T07:39:04.758+0000: 14.704: [ParNew
Desired survivor size 20112992 bytes, new threshold 8 (max 8)
- age   1:    1637960 bytes,    1637960 total
- age   2:    4309360 bytes,    5947320 total
- age   3:    1379512 bytes,    7326832 total
- age   4:    2296016 bytes,    9622848 total
- age   5:     401296 bytes,   10024144 total
- age   6:     527736 bytes,   10551880 total
- age   7:    1264744 bytes,   11816624 total
- age   8:    3003568 bytes,   14820192 total
: 106508K->18880K(109248K), 0.0609384 secs] 219832K->133203K(502464K), 0.0610552 secs] [Times: user=0.09 sys=0.00, real=0.06 secs] 
Heap after GC invocations=66 (full 1):
 par new generation   total 109248K, used 18880K [0x00000000e0000000, 0x00000000e8000000, 0x00000000e8000000)
  eden space 87424K,   0% used [0x00000000e0000000, 0x00000000e0000000, 0x00000000e5560000)
  from space 21824K,  86% used [0x00000000e5560000, 0x00000000e67d0280, 0x00000000e6ab0000)
  to   space 21824K,   0% used [0x00000000e6ab0000, 0x00000000e6ab0000, 0x00000000e8000000)
 concurrent mark-sweep generation total 393216K, used 114322K [0x00000000e8000000, 0x0000000100000000, 0x0000000100000000)
 Metaspace       used 39488K, capacity 41199K, committed 41304K, reserved 1085440K
  class space    used 4540K, capacity 4952K, committed 4988K, reserved 1048576K
}
2018-10-23T07:39:04.820+0000: 14.765: Total time for which application threads were stopped: 0.0649356 seconds, Stopping threads took: 0.0034881 seconds
2018-10-23T07:39:04.826+0000: 14.772: Total time for which application threads were stopped: 0.0044165 seconds, Stopping threads took: 0.0041330 seconds
{Heap before GC invocations=66 (full 1):
 par new generation   total 109248K, used 106304K [0x00000000e0000000, 0x00000000e8000000, 0x00000000e8000000)
  eden space 87424K, 100% used [0x00000000e0000000, 0x00000000e5560000, 0x00000000e5560000)
  from space 21824K,  86% used [0x00000000e5560000, 0x00000000e67d0280, 0x00000000e6ab0000)
  to   space 21824K,   0% used [0x00000000e6ab0000, 0x00000000e6ab0000, 0x00000000e8000000)
 concurrent mark-sweep generation total 393216K, used 114322K [0x00000000e8000000, 0x0000000100000000, 0x0000000100000000)
 Metaspace       used 39522K, capacity 41263K, committed 41304K, reserved 1085440K
  class space    used 4540K, capacity 4952K, committed 4988K, reserved 1048576K
2018-10-23T07:39:04.962+0000: 14.908: [GC (Allocation Failure) 2018-10-23T07:39:04.962+0000: 14.908: [ParNew
Desired survivor size 20112992 bytes, new threshold 8 (max 8)
- age   1:    1952320 bytes,    1952320 total
- age   2:    1057712 bytes,    3010032 total
- age   3:    4000000 bytes,    7010032 total
- age   4:    1363184 bytes,    8373216 total
- age   5:    2295952 bytes,   10669168 total
- age   6:     340248 bytes,   11009416 total
- age   7:     525648 bytes,   11535064 total
- age   8:    1264744 bytes,   12799808 total
: 106304K->16459K(109248K), 0.0337648 secs] 220627K->133724K(502464K), 0.0338705 secs] [Times: user=0.04 sys=0.00, real=0.03 secs] 
Heap after GC invocations=67 (full 1):
 par new generation   total 109248K, used 16459K [0x00000000e0000000, 0x00000000e8000000, 0x00000000e8000000)
  eden space 87424K,   0% used [0x00000000e0000000, 0x00000000e0000000, 0x00000000e5560000)
  from space 21824K,  75% used [0x00000000e6ab0000, 0x00000000e7ac2e60, 0x00000000e8000000)
  to   space 21824K,   0% used [0x00000000e5560000, 0x00000000e5560000, 0x00000000e6ab0000)
 concurrent mark-sweep generation total 393216K, used 117264K [0x00000000e8000000, 0x0000000100000000, 0x0000000100000000)
 Metaspace       used 39522K, capacity 41263K, committed 41304K, reserved 1085440K
  class space    used 4540K, capacity 4952K, committed 4988K, reserved 1048576K
}
2018-10-23T07:39:04.996+0000: 14.942: Total time for which application threads were stopped: 0.0414734 seconds, Stopping threads took: 0.0071855 seconds
{Heap before GC invocations=67 (full 1):
 par new generation   total 109248K, used 103883K [0x00000000e0000000, 0x00000000e8000000, 0x00000000e8000000)
  eden space 87424K, 100% used [0x00000000e0000000, 0x00000000e5560000, 0x00000000e5560000)
  from space 21824K,  75% used [0x00000000e6ab0000, 0x00000000e7ac2e60, 0x00000000e8000000)
  to   space 21824K,   0% used [0x00000000e5560000, 0x00000000e5560000, 0x00000000e6ab0000)
 concurrent mark-sweep generation total 393216K, used 117264K [0x00000000e8000000, 0x0000000100000000, 0x0000000100000000)
 Metaspace       used 39544K, capacity 41263K, committed 41304K, reserved 1085440K
  class space    used 4541K, capacity 4952K, committed 4988K, reserved 1048576K
2018-10-23T07:39:05.114+0000: 15.060: [GC (Allocation Failure) 2018-10-23T07:39:05.114+0000: 15.060: [ParNew
Desired survivor size 20112992 bytes, new threshold 8 (max 8)
- age   1:    4017424 bytes,    4017424 total
- age   2:    1447480 bytes,    5464904 total
- age   3:    1040368 bytes,    6505272 total
- age   4:    3260928 bytes,    9766200 total
- age   5:    1363184 bytes,   11129384 total
- age   6:    2295888 bytes,   13425272 total
- age   7:     340080 bytes,   13765352 total
- age   8:     525648 bytes,   14291000 total
: 103883K->18175K(109248K), 0.0238446 secs] 221148K->136679K(502464K), 0.0239690 secs] [Times: user=0.06 sys=0.00, real=0.03 secs] 
Heap after GC invocations=68 (full 1):
 par new generation   total 109248K, used 18175K [0x00000000e0000000, 0x00000000e8000000, 0x00000000e8000000)
  eden space 87424K,   0% used [0x00000000e0000000, 0x00000000e0000000, 0x00000000e5560000)
  from space 21824K,  83% used [0x00000000e5560000, 0x00000000e671fed0, 0x00000000e6ab0000)
  to   space 21824K,   0% used [0x00000000e6ab0000, 0x00000000e6ab0000, 0x00000000e8000000)
 concurrent mark-sweep generation total 393216K, used 118504K [0x00000000e8000000, 0x0000000100000000, 0x0000000100000000)
 Metaspace       used 39544K, capacity 41263K, committed 41304K, reserved 1085440K
  class space    used 4541K, capacity 4952K, committed 4988K, reserved 1048576K
}
2018-10-23T07:39:05.138+0000: 15.084: Total time for which application threads were stopped: 0.0246060 seconds, Stopping threads took: 0.0001877 seconds
2018-10-23T07:39:05.150+0000: 15.096: Total time for which application threads were stopped: 0.0082231 seconds, Stopping threads took: 0.0079186 seconds
2018-10-23T07:39:05.159+0000: 15.105: Total time for which application threads were stopped: 0.0006828 seconds, Stopping threads took: 0.0004128 seconds
2018-10-23T07:39:05.160+0000: 15.105: Total time for which application threads were stopped: 0.0001862 seconds, Stopping threads took: 0.0000372 seconds
2018-10-23T07:39:05.160+0000: 15.106: Total time for which application threads were stopped: 0.0001786 seconds, Stopping threads took: 0.0000351 seconds
2018-10-23T07:39:05.186+0000: 15.132: Total time for which application threads were stopped: 0.0041167 seconds, Stopping threads took: 0.0038151 seconds
2018-10-23T07:39:05.189+0000: 15.134: Total time for which application threads were stopped: 0.0009265 seconds, Stopping threads took: 0.0007357 seconds
2018-10-23T07:39:05.195+0000: 15.141: Total time for which application threads were stopped: 0.0003856 seconds, Stopping threads took: 0.0001530 seconds
2018-10-23T07:39:05.197+0000: 15.143: Total time for which application threads were stopped: 0.0023599 seconds, Stopping threads took: 0.0022157 seconds
{Heap before GC invocations=68 (full 1):
 par new generation   total 109248K, used 105599K [0x00000000e0000000, 0x00000000e8000000, 0x00000000e8000000)
  eden space 87424K, 100% used [0x00000000e0000000, 0x00000000e5560000, 0x00000000e5560000)
  from space 21824K,  83% used [0x00000000e5560000, 0x00000000e671fed0, 0x00000000e6ab0000)
  to   space 21824K,   0% used [0x00000000e6ab0000, 0x00000000e6ab0000, 0x00000000e8000000)
 concurrent mark-sweep generation total 393216K, used 118504K [0x00000000e8000000, 0x0000000100000000, 0x0000000100000000)
 Metaspace       used 39555K, capacity 41263K, committed 41304K, reserved 1085440K
  class space    used 4541K, capacity 4952K, committed 4988K, reserved 1048576K
2018-10-23T07:39:05.342+0000: 15.288: [GC (Allocation Failure) 2018-10-23T07:39:05.342+0000: 15.288: [ParNew
Desired survivor size 20112992 bytes, new threshold 8 (max 8)
- age   1:    2163424 bytes,    2163424 total
- age   2:    3588760 bytes,    5752184 total
- age   3:    1277744 bytes,    7029928 total
- age   4:    1031992 bytes,    8061920 total
- age   5:    3200464 bytes,   11262384 total
- age   6:    1354472 bytes,   12616856 total
- age   7:    2295728 bytes,   14912584 total
- age   8:     339320 bytes,   15251904 total
: 105599K->18864K(109248K), 0.0701262 secs] 224103K->137883K(502464K), 0.0702543 secs] [Times: user=0.07 sys=0.00, real=0.07 secs] 
Heap after GC invocations=69 (full 1):
 par new generation   total 109248K, used 18864K [0x00000000e0000000, 0x00000000e8000000, 0x00000000e8000000)
  eden space 87424K,   0% used [0x00000000e0000000, 0x00000000e0000000, 0x00000000e5560000)
  from space 21824K,  86% used [0x00000000e6ab0000, 0x00000000e7d1c040, 0x00000000e8000000)
  to   space 21824K,   0% used [0x00000000e5560000, 0x00000000e5560000, 0x00000000e6ab0000)
 concurrent mark-sweep generation total 393216K, used 119019K [0x00000000e8000000, 0x0000000100000000, 0x0000000100000000)
 Metaspace       used 39555K, capacity 41263K, committed 41304K, reserved 1085440K
  class space    used 4541K, capacity 4952K, committed 4988K, reserved 1048576K
}
2018-10-23T07:39:05.413+0000: 15.358: Total time for which application threads were stopped: 0.0707687 seconds, Stopping threads took: 0.0000877 seconds
2018-10-23T07:39:05.421+0000: 15.367: Total time for which application threads were stopped: 0.0007643 seconds, Stopping threads took: 0.0004991 seconds
{Heap before GC invocations=69 (full 1):
 par new generation   total 109248K, used 106288K [0x00000000e0000000, 0x00000000e8000000, 0x00000000e8000000)
  eden space 87424K, 100% used [0x00000000e0000000, 0x00000000e5560000, 0x00000000e5560000)
  from space 21824K,  86% used [0x00000000e6ab0000, 0x00000000e7d1c040, 0x00000000e8000000)
  to   space 21824K,   0% used [0x00000000e5560000, 0x00000000e5560000, 0x00000000e6ab0000)
 concurrent mark-sweep generation total 393216K, used 119019K [0x00000000e8000000, 0x0000000100000000, 0x0000000100000000)
 Metaspace       used 39558K, capacity 41263K, committed 41304K, reserved 1085440K
  class space    used 4541K, capacity 4952K, committed 4988K, reserved 1048576K
2018-10-23T07:39:05.535+0000: 15.481: [GC (Allocation Failure) 2018-10-23T07:39:05.535+0000: 15.481: [ParNew
Desired survivor size 20112992 bytes, new threshold 8 (max 8)
- age   1:    4094704 bytes,    4094704 total
- age   2:    1536720 bytes,    5631424 total
- age   3:    3416856 bytes,    9048280 total
- age   4:     549448 bytes,    9597728 total
- age   5:    1031992 bytes,   10629720 total
- age   6:    3200400 bytes,   13830120 total
- age   7:    1341584 bytes,   15171704 total
- age   8:    2295696 bytes,   17467400 total
: 106288K->21824K(109248K), 0.0325476 secs] 225307K->141181K(502464K), 0.0327317 secs] [Times: user=0.05 sys=0.00, real=0.03 secs] 
Heap after GC invocations=70 (full 1):
 par new generation   total 109248K, used 21824K [0x00000000e0000000, 0x00000000e8000000, 0x00000000e8000000)
  eden space 87424K,   0% used [0x00000000e0000000, 0x00000000e0000000, 0x00000000e5560000)
  from space 21824K, 100% used [0x00000000e5560000, 0x00000000e6ab0000, 0x00000000e6ab0000)
  to   space 21824K,   0% used [0x00000000e6ab0000, 0x00000000e6ab0000, 0x00000000e8000000)
 concurrent mark-sweep generation total 393216K, used 119357K [0x00000000e8000000, 0x0000000100000000, 0x0000000100000000)
 Metaspace       used 39558K, capacity 41263K, committed 41304K, reserved 1085440K
  class space    used 4541K, capacity 4952K, committed 4988K, reserved 1048576K
}
2018-10-23T07:39:05.568+0000: 15.513: Total time for which application threads were stopped: 0.0333356 seconds, Stopping threads took: 0.0001474 seconds
2018-10-23T07:39:05.603+0000: 15.549: Total time for which application threads were stopped: 0.0172021 seconds, Stopping threads took: 0.0168175 seconds
2018-10-23T07:39:05.641+0000: 15.587: Total time for which application threads were stopped: 0.0057081 seconds, Stopping threads took: 0.0054303 seconds
2018-10-23T07:39:05.641+0000: 15.587: Total time for which application threads were stopped: 0.0003397 seconds, Stopping threads took: 0.0001232 seconds
2018-10-23T07:39:05.642+0000: 15.587: Total time for which application threads were stopped: 0.0002583 seconds, Stopping threads took: 0.0000819 seconds
2018-10-23T07:39:05.642+0000: 15.588: Total time for which application threads were stopped: 0.0001710 seconds, Stopping threads took: 0.0000255 seconds
2018-10-23T07:39:05.666+0000: 15.611: Total time for which application threads were stopped: 0.0005955 seconds, Stopping threads took: 0.0003549 seconds
2018-10-23T07:39:05.666+0000: 15.612: Total time for which application threads were stopped: 0.0001735 seconds, Stopping threads took: 0.0000259 seconds
2018-10-23T07:39:05.669+0000: 15.614: Total time for which application threads were stopped: 0.0007172 seconds, Stopping threads took: 0.0004441 seconds
{Heap before GC invocations=70 (full 1):
 par new generation   total 109248K, used 109248K [0x00000000e0000000, 0x00000000e8000000, 0x00000000e8000000)
  eden space 87424K, 100% used [0x00000000e0000000, 0x00000000e5560000, 0x00000000e5560000)
  from space 21824K, 100% used [0x00000000e5560000, 0x00000000e6ab0000, 0x00000000e6ab0000)
  to   space 21824K,   0% used [0x00000000e6ab0000, 0x00000000e6ab0000, 0x00000000e8000000)
 concurrent mark-sweep generation total 393216K, used 119357K [0x00000000e8000000, 0x0000000100000000, 0x0000000100000000)
 Metaspace       used 39564K, capacity 41263K, committed 41304K, reserved 1085440K
  class space    used 4541K, capacity 4952K, committed 4988K, reserved 1048576K
2018-10-23T07:39:05.705+0000: 15.651: [GC (Allocation Failure) 2018-10-23T07:39:05.705+0000: 15.651: [ParNew
Desired survivor size 20112992 bytes, new threshold 8 (max 8)
- age   1:    1896632 bytes,    1896632 total
- age   2:    3966848 bytes,    5863480 total
- age   3:    1228864 bytes,    7092344 total
- age   4:    3416744 bytes,   10509088 total
- age   5:     489064 bytes,   10998152 total
- age   6:    1029904 bytes,   12028056 total
- age   7:    2342120 bytes,   14370176 total
- age   8:    1339696 bytes,   15709872 total
: 109248K->21824K(109248K), 0.0365522 secs] 228605K->144270K(502464K), 0.0366847 secs] [Times: user=0.05 sys=0.00, real=0.04 secs] 
Heap after GC invocations=71 (full 1):
 par new generation   total 109248K, used 21824K [0x00000000e0000000, 0x00000000e8000000, 0x00000000e8000000)
  eden space 87424K,   0% used [0x00000000e0000000, 0x00000000e0000000, 0x00000000e5560000)
  from space 21824K, 100% used [0x00000000e6ab0000, 0x00000000e8000000, 0x00000000e8000000)
  to   space 21824K,   0% used [0x00000000e5560000, 0x00000000e5560000, 0x00000000e6ab0000)
 concurrent mark-sweep generation total 393216K, used 122446K [0x00000000e8000000, 0x0000000100000000, 0x0000000100000000)
 Metaspace       used 39564K, capacity 41263K, committed 41304K, reserved 1085440K
  class space    used 4541K, capacity 4952K, committed 4988K, reserved 1048576K
}
2018-10-23T07:39:05.742+0000: 15.688: Total time for which application threads were stopped: 0.0386753 seconds, Stopping threads took: 0.0011533 seconds
2018-10-23T07:39:05.746+0000: 15.692: Total time for which application threads were stopped: 0.0029722 seconds, Stopping threads took: 0.0026464 seconds
{Heap before GC invocations=71 (full 1):
 par new generation   total 109248K, used 109241K [0x00000000e0000000, 0x00000000e8000000, 0x00000000e8000000)
  eden space 87424K,  99% used [0x00000000e0000000, 0x00000000e555e7a0, 0x00000000e5560000)
  from space 21824K, 100% used [0x00000000e6ab0000, 0x00000000e8000000, 0x00000000e8000000)
  to   space 21824K,   0% used [0x00000000e5560000, 0x00000000e5560000, 0x00000000e6ab0000)
 concurrent mark-sweep generation total 393216K, used 122446K [0x00000000e8000000, 0x0000000100000000, 0x0000000100000000)
 Metaspace       used 39582K, capacity 41263K, committed 41304K, reserved 1085440K
  class space    used 4541K, capacity 4952K, committed 4988K, reserved 1048576K
2018-10-23T07:39:05.848+0000: 15.794: [GC (Allocation Failure) 2018-10-23T07:39:05.848+0000: 15.794: [ParNew
Desired survivor size 20112992 bytes, new threshold 8 (max 8)
- age   1:    4514616 bytes,    4514616 total
- age   2:    1206600 bytes,    5721216 total
- age   3:    3175176 bytes,    8896392 total
- age   4:    1228864 bytes,   10125256 total
- age   5:    3416744 bytes,   13542000 total
- age   6:     482496 bytes,   14024496 total
- age   7:    1029904 bytes,   15054400 total
- age   8:    2336424 bytes,   17390824 total
: 109241K->21824K(109248K), 0.0356486 secs] 231688K->145586K(502464K), 0.0357641 secs] [Times: user=0.08 sys=0.00, real=0.04 secs] 
Heap after GC invocations=72 (full 1):
 par new generation   total 109248K, used 21824K [0x00000000e0000000, 0x00000000e8000000, 0x00000000e8000000)
  eden space 87424K,   0% used [0x00000000e0000000, 0x00000000e0000000, 0x00000000e5560000)
  from space 21824K, 100% used [0x00000000e5560000, 0x00000000e6ab0000, 0x00000000e6ab0000)
  to   space 21824K,   0% used [0x00000000e6ab0000, 0x00000000e6ab0000, 0x00000000e8000000)
 concurrent mark-sweep generation total 393216K, used 123762K [0x00000000e8000000, 0x0000000100000000, 0x0000000100000000)
 Metaspace       used 39582K, capacity 41263K, committed 41304K, reserved 1085440K
  class space    used 4541K, capacity 4952K, committed 4988K, reserved 1048576K
}
2018-10-23T07:39:05.884+0000: 15.830: Total time for which application threads were stopped: 0.0362674 seconds, Stopping threads took: 0.0001064 seconds
2018-10-23T07:39:05.908+0000: 15.854: Total time for which application threads were stopped: 0.0011431 seconds, Stopping threads took: 0.0008464 seconds
2018-10-23T07:39:05.925+0000: 15.871: Total time for which application threads were stopped: 0.0005307 seconds, Stopping threads took: 0.0002348 seconds
2018-10-23T07:39:05.930+0000: 15.876: Total time for which application threads were stopped: 0.0048900 seconds, Stopping threads took: 0.0047247 seconds
2018-10-23T07:39:05.932+0000: 15.878: Total time for which application threads were stopped: 0.0003115 seconds, Stopping threads took: 0.0001618 seconds
2018-10-23T07:39:05.932+0000: 15.878: Total time for which application threads were stopped: 0.0001854 seconds, Stopping threads took: 0.0000493 seconds
2018-10-23T07:39:05.977+0000: 15.923: Total time for which application threads were stopped: 0.0018196 seconds, Stopping threads took: 0.0015066 seconds
2018-10-23T07:39:05.978+0000: 15.924: Total time for which application threads were stopped: 0.0002911 seconds, Stopping threads took: 0.0001044 seconds
2018-10-23T07:39:05.979+0000: 15.925: Total time for which application threads were stopped: 0.0007719 seconds, Stopping threads took: 0.0001389 seconds
2018-10-23T07:39:05.980+0000: 15.926: Total time for which application threads were stopped: 0.0001651 seconds, Stopping threads took: 0.0000255 seconds
2018-10-23T07:39:05.985+0000: 15.931: Total time for which application threads were stopped: 0.0032470 seconds, Stopping threads took: 0.0030952 seconds
2018-10-23T07:39:05.986+0000: 15.931: Total time for which application threads were stopped: 0.0002235 seconds, Stopping threads took: 0.0000635 seconds
2018-10-23T07:39:05.986+0000: 15.932: Total time for which application threads were stopped: 0.0001552 seconds, Stopping threads took: 0.0000243 seconds
2018-10-23T07:39:05.989+0000: 15.935: Total time for which application threads were stopped: 0.0027629 seconds, Stopping threads took: 0.0021811 seconds
{Heap before GC invocations=72 (full 1):
 par new generation   total 109248K, used 109248K [0x00000000e0000000, 0x00000000e8000000, 0x00000000e8000000)
  eden space 87424K, 100% used [0x00000000e0000000, 0x00000000e5560000, 0x00000000e5560000)
  from space 21824K, 100% used [0x00000000e5560000, 0x00000000e6ab0000, 0x00000000e6ab0000)
  to   space 21824K,   0% used [0x00000000e6ab0000, 0x00000000e6ab0000, 0x00000000e8000000)
 concurrent mark-sweep generation total 393216K, used 123762K [0x00000000e8000000, 0x0000000100000000, 0x0000000100000000)
 Metaspace       used 39597K, capacity 41269K, committed 41304K, reserved 1085440K
  class space    used 4542K, capacity 4953K, committed 4988K, reserved 1048576K
2018-10-23T07:39:06.005+0000: 15.951: [GC (Allocation Failure) 2018-10-23T07:39:06.005+0000: 15.951: [ParNew
Desired survivor size 20112992 bytes, new threshold 8 (max 8)
- age   1:    1988800 bytes,    1988800 total
- age   2:    3886488 bytes,    5875288 total
- age   3:    1179296 bytes,    7054584 total
- age   4:    3103168 bytes,   10157752 total
- age   5:    1228472 bytes,   11386224 total
- age   6:    3415840 bytes,   14802064 total
- age   7:     449952 bytes,   15252016 total
- age   8:    1028648 bytes,   16280664 total
: 109248K->21824K(109248K), 0.0526590 secs] 233010K->148054K(502464K), 0.0527814 secs] [Times: user=0.05 sys=0.00, real=0.06 secs] 
Heap after GC invocations=73 (full 1):
 par new generation   total 109248K, used 21824K [0x00000000e0000000, 0x00000000e8000000, 0x00000000e8000000)
  eden space 87424K,   0% used [0x00000000e0000000, 0x00000000e0000000, 0x00000000e5560000)
  from space 21824K, 100% used [0x00000000e6ab0000, 0x00000000e8000000, 0x00000000e8000000)
  to   space 21824K,   0% used [0x00000000e5560000, 0x00000000e5560000, 0x00000000e6ab0000)
 concurrent mark-sweep generation total 393216K, used 126230K [0x00000000e8000000, 0x0000000100000000, 0x0000000100000000)
 Metaspace       used 39597K, capacity 41269K, committed 41304K, reserved 1085440K
  class space    used 4542K, capacity 4953K, committed 4988K, reserved 1048576K
}
2018-10-23T07:39:06.058+0000: 16.004: Total time for which application threads were stopped: 0.0532607 seconds, Stopping threads took: 0.0001241 seconds
2018-10-23T07:39:06.063+0000: 16.009: Total time for which application threads were stopped: 0.0015732 seconds, Stopping threads took: 0.0012687 seconds
{Heap before GC invocations=73 (full 1):
 par new generation   total 109248K, used 109248K [0x00000000e0000000, 0x00000000e8000000, 0x00000000e8000000)
  eden space 87424K, 100% used [0x00000000e0000000, 0x00000000e5560000, 0x00000000e5560000)
  from space 21824K, 100% used [0x00000000e6ab0000, 0x00000000e8000000, 0x00000000e8000000)
  to   space 21824K,   0% used [0x00000000e5560000, 0x00000000e5560000, 0x00000000e6ab0000)
 concurrent mark-sweep generation total 393216K, used 126230K [0x00000000e8000000, 0x0000000100000000, 0x0000000100000000)
 Metaspace       used 39599K, capacity 41269K, committed 41304K, reserved 1085440K
  class space    used 4542K, capacity 4953K, committed 4988K, reserved 1048576K
2018-10-23T07:39:06.130+0000: 16.076: [GC (Allocation Failure) 2018-10-23T07:39:06.130+0000: 16.076: [ParNew
Desired survivor size 20112992 bytes, new threshold 8 (max 8)
- age   1:    4187240 bytes,    4187240 total
- age   2:    1227400 bytes,    5414640 total
- age   3:    3844224 bytes,    9258864 total
- age   4:    1098056 bytes,   10356920 total
- age   5:    3103080 bytes,   13460000 total
- age   6:    1226504 bytes,   14686504 total
- age   7:    3409424 bytes,   18095928 total
- age   8:     448960 bytes,   18544888 total
: 109248K->21824K(109248K), 0.0345919 secs] 235478K->149167K(502464K), 0.0347154 secs] [Times: user=0.04 sys=0.00, real=0.03 secs] 
Heap after GC invocations=74 (full 1):
 par new generation   total 109248K, used 21824K [0x00000000e0000000, 0x00000000e8000000, 0x00000000e8000000)
  eden space 87424K,   0% used [0x00000000e0000000, 0x00000000e0000000, 0x00000000e5560000)
  from space 21824K, 100% used [0x00000000e5560000, 0x00000000e6ab0000, 0x00000000e6ab0000)
  to   space 21824K,   0% used [0x00000000e6ab0000, 0x00000000e6ab0000, 0x00000000e8000000)
 concurrent mark-sweep generation total 393216K, used 127343K [0x00000000e8000000, 0x0000000100000000, 0x0000000100000000)
 Metaspace       used 39599K, capacity 41269K, committed 41304K, reserved 1085440K
  class space    used 4542K, capacity 4953K, committed 4988K, reserved 1048576K
}
2018-10-23T07:39:06.165+0000: 16.111: Total time for which application threads were stopped: 0.0368760 seconds, Stopping threads took: 0.0017660 seconds
2018-10-23T07:39:06.213+0000: 16.158: Total time for which application threads were stopped: 0.0009883 seconds, Stopping threads took: 0.0006285 seconds
2018-10-23T07:39:06.251+0000: 16.197: Total time for which application threads were stopped: 0.0007889 seconds, Stopping threads took: 0.0004927 seconds
2018-10-23T07:39:06.251+0000: 16.197: Total time for which application threads were stopped: 0.0002042 seconds, Stopping threads took: 0.0000453 seconds
2018-10-23T07:39:06.254+0000: 16.200: Total time for which application threads were stopped: 0.0023894 seconds, Stopping threads took: 0.0021946 seconds
2018-10-23T07:39:06.254+0000: 16.200: Total time for which application threads were stopped: 0.0002318 seconds, Stopping threads took: 0.0000754 seconds
{Heap before GC invocations=74 (full 1):
 par new generation   total 109248K, used 109248K [0x00000000e0000000, 0x00000000e8000000, 0x00000000e8000000)
  eden space 87424K, 100% used [0x00000000e0000000, 0x00000000e5560000, 0x00000000e5560000)
  from space 21824K, 100% used [0x00000000e5560000, 0x00000000e6ab0000, 0x00000000e6ab0000)
  to   space 21824K,   0% used [0x00000000e6ab0000, 0x00000000e6ab0000, 0x00000000e8000000)
 concurrent mark-sweep generation total 393216K, used 127343K [0x00000000e8000000, 0x0000000100000000, 0x0000000100000000)
 Metaspace       used 39606K, capacity 41333K, committed 41560K, reserved 1085440K
  class space    used 4542K, capacity 4953K, committed 4988K, reserved 1048576K
2018-10-23T07:39:06.288+0000: 16.234: [GC (Allocation Failure) 2018-10-23T07:39:06.288+0000: 16.234: [ParNew
Desired survivor size 20112992 bytes, new threshold 8 (max 8)
- age   1:    1740120 bytes,    1740120 total
- age   2:    3898632 bytes,    5638752 total
- age   3:    1203232 bytes,    6841984 total
- age   4:    3457000 bytes,   10298984 total
- age   5:    1086144 bytes,   11385128 total
- age   6:    2261072 bytes,   13646200 total
- age   7:    1045912 bytes,   14692112 total
- age   8:    3306096 bytes,   17998208 total
: 109248K->21824K(109248K), 0.0337571 secs] 236591K->151137K(502464K), 0.0338891 secs] [Times: user=0.08 sys=0.00, real=0.04 secs] 
Heap after GC invocations=75 (full 1):
 par new generation   total 109248K, used 21824K [0x00000000e0000000, 0x00000000e8000000, 0x00000000e8000000)
  eden space 87424K,   0% used [0x00000000e0000000, 0x00000000e0000000, 0x00000000e5560000)
  from space 21824K, 100% used [0x00000000e6ab0000, 0x00000000e8000000, 0x00000000e8000000)
  to   space 21824K,   0% used [0x00000000e5560000, 0x00000000e5560000, 0x00000000e6ab0000)
 concurrent mark-sweep generation total 393216K, used 129313K [0x00000000e8000000, 0x0000000100000000, 0x0000000100000000)
 Metaspace       used 39606K, capacity 41333K, committed 41560K, reserved 1085440K
  class space    used 4542K, capacity 4953K, committed 4988K, reserved 1048576K
}
2018-10-23T07:39:06.322+0000: 16.268: Total time for which application threads were stopped: 0.0344577 seconds, Stopping threads took: 0.0001362 seconds
2018-10-23T07:39:06.323+0000: 16.269: Total time for which application threads were stopped: 0.0004487 seconds, Stopping threads took: 0.0001128 seconds
{Heap before GC invocations=75 (full 1):
 par new generation   total 109248K, used 109248K [0x00000000e0000000, 0x00000000e8000000, 0x00000000e8000000)
  eden space 87424K, 100% used [0x00000000e0000000, 0x00000000e5560000, 0x00000000e5560000)
  from space 21824K, 100% used [0x00000000e6ab0000, 0x00000000e8000000, 0x00000000e8000000)
  to   space 21824K,   0% used [0x00000000e5560000, 0x00000000e5560000, 0x00000000e6ab0000)
 concurrent mark-sweep generation total 393216K, used 129313K [0x00000000e8000000, 0x0000000100000000, 0x0000000100000000)
 Metaspace       used 39607K, capacity 41333K, committed 41560K, reserved 1085440K
  class space    used 4542K, capacity 4953K, committed 4988K, reserved 1048576K
2018-10-23T07:39:06.378+0000: 16.324: [GC (Allocation Failure) 2018-10-23T07:39:06.378+0000: 16.324: [ParNew
Desired survivor size 20112992 bytes, new threshold 8 (max 8)
- age   1:    1811528 bytes,    1811528 total
- age   2:    1133672 bytes,    2945200 total
- age   3:    3799128 bytes,    6744328 total
- age   4:    1203232 bytes,    7947560 total
- age   5:    2728704 bytes,   10676264 total
- age   6:    1086144 bytes,   11762408 total
- age   7:    2260280 bytes,   14022688 total
- age   8:    1044944 bytes,   15067632 total
: 109248K->21824K(109248K), 0.0400111 secs] 238561K->154377K(502464K), 0.0401336 secs] [Times: user=0.05 sys=0.00, real=0.04 secs] 
Heap after GC invocations=76 (full 1):
 par new generation   total 109248K, used 21824K [0x00000000e0000000, 0x00000000e8000000, 0x00000000e8000000)
  eden space 87424K,   0% used [0x00000000e0000000, 0x00000000e0000000, 0x00000000e5560000)
  from space 21824K, 100% used [0x00000000e5560000, 0x00000000e6ab0000, 0x00000000e6ab0000)
  to   space 21824K,   0% used [0x00000000e6ab0000, 0x00000000e6ab0000, 0x00000000e8000000)
 concurrent mark-sweep generation total 393216K, used 132553K [0x00000000e8000000, 0x0000000100000000, 0x0000000100000000)
 Metaspace       used 39607K, capacity 41333K, committed 41560K, reserved 1085440K
  class space    used 4542K, capacity 4953K, committed 4988K, reserved 1048576K
}
2018-10-23T07:39:06.419+0000: 16.364: Total time for which application threads were stopped: 0.0407088 seconds, Stopping threads took: 0.0001725 seconds
{Heap before GC invocations=76 (full 1):
 par new generation   total 109248K, used 109248K [0x00000000e0000000, 0x00000000e8000000, 0x00000000e8000000)
  eden space 87424K, 100% used [0x00000000e0000000, 0x00000000e5560000, 0x00000000e5560000)
  from space 21824K, 100% used [0x00000000e5560000, 0x00000000e6ab0000, 0x00000000e6ab0000)
  to   space 21824K,   0% used [0x00000000e6ab0000, 0x00000000e6ab0000, 0x00000000e8000000)
 concurrent mark-sweep generation total 393216K, used 132553K [0x00000000e8000000, 0x0000000100000000, 0x0000000100000000)
 Metaspace       used 39609K, capacity 41333K, committed 41560K, reserved 1085440K
  class space    used 4542K, capacity 4953K, committed 4988K, reserved 1048576K
2018-10-23T07:39:06.493+0000: 16.438: [GC (Allocation Failure) 2018-10-23T07:39:06.493+0000: 16.438: [ParNew
Desired survivor size 20112992 bytes, new threshold 8 (max 8)
- age   1:     563856 bytes,     563856 total
- age   2:    1229720 bytes,    1793576 total
- age   3:    1100480 bytes,    2894056 total
- age   4:    3797512 bytes,    6691568 total
- age   5:    1203232 bytes,    7894800 total
- age   6:    2728704 bytes,   10623504 total
- age   7:    1086144 bytes,   11709648 total
- age   8:    2254536 bytes,   13964184 total
: 109248K->17429K(109248K), 0.0344217 secs] 241801K->151009K(502464K), 0.0345591 secs] [Times: user=0.05 sys=0.00, real=0.03 secs] 
Heap after GC invocations=77 (full 1):
 par new generation   total 109248K, used 17429K [0x00000000e0000000, 0x00000000e8000000, 0x00000000e8000000)
  eden space 87424K,   0% used [0x00000000e0000000, 0x00000000e0000000, 0x00000000e5560000)
  from space 21824K,  79% used [0x00000000e6ab0000, 0x00000000e7bb55e8, 0x00000000e8000000)
  to   space 21824K,   0% used [0x00000000e5560000, 0x00000000e5560000, 0x00000000e6ab0000)
 concurrent mark-sweep generation total 393216K, used 133580K [0x00000000e8000000, 0x0000000100000000, 0x0000000100000000)
 Metaspace       used 39609K, capacity 41333K, committed 41560K, reserved 1085440K
  class space    used 4542K, capacity 4953K, committed 4988K, reserved 1048576K
}
2018-10-23T07:39:06.527+0000: 16.473: Total time for which application threads were stopped: 0.0412410 seconds, Stopping threads took: 0.0062478 seconds
2018-10-23T07:39:06.654+0000: 16.600: Total time for which application threads were stopped: 0.0005316 seconds, Stopping threads took: 0.0002282 seconds
{Heap before GC invocations=77 (full 1):
 par new generation   total 109248K, used 104853K [0x00000000e0000000, 0x00000000e8000000, 0x00000000e8000000)
  eden space 87424K, 100% used [0x00000000e0000000, 0x00000000e5560000, 0x00000000e5560000)
  from space 21824K,  79% used [0x00000000e6ab0000, 0x00000000e7bb55e8, 0x00000000e8000000)
  to   space 21824K,   0% used [0x00000000e5560000, 0x00000000e5560000, 0x00000000e6ab0000)
 concurrent mark-sweep generation total 393216K, used 133580K [0x00000000e8000000, 0x0000000100000000, 0x0000000100000000)
 Metaspace       used 39623K, capacity 41333K, committed 41560K, reserved 1085440K
  class space    used 4542K, capacity 4953K, committed 4988K, reserved 1048576K
2018-10-23T07:39:06.721+0000: 16.667: [GC (Allocation Failure) 2018-10-23T07:39:06.721+0000: 16.667: [ParNew
Desired survivor size 20112992 bytes, new threshold 8 (max 8)
- age   1:    4759296 bytes,    4759296 total
- age   2:     278208 bytes,    5037504 total
- age   3:    1158024 bytes,    6195528 total
- age   4:    1068896 bytes,    7264424 total
- age   5:    3008752 bytes,   10273176 total
- age   6:    1201144 bytes,   11474320 total
- age   7:    2668232 bytes,   14142552 total
- age   8:    1083464 bytes,   15226016 total
: 104853K->21824K(109248K), 0.0261590 secs] 238433K->157613K(502464K), 0.0262844 secs] [Times: user=0.04 sys=0.00, real=0.02 secs] 
Heap after GC invocations=78 (full 1):
 par new generation   total 109248K, used 21824K [0x00000000e0000000, 0x00000000e8000000, 0x00000000e8000000)
  eden space 87424K,   0% used [0x00000000e0000000, 0x00000000e0000000, 0x00000000e5560000)
  from space 21824K, 100% used [0x00000000e5560000, 0x00000000e6ab0000, 0x00000000e6ab0000)
  to   space 21824K,   0% used [0x00000000e6ab0000, 0x00000000e6ab0000, 0x00000000e8000000)
 concurrent mark-sweep generation total 393216K, used 135789K [0x00000000e8000000, 0x0000000100000000, 0x0000000100000000)
 Metaspace       used 39623K, capacity 41333K, committed 41560K, reserved 1085440K
  class space    used 4542K, capacity 4953K, committed 4988K, reserved 1048576K
}
2018-10-23T07:39:06.747+0000: 16.693: Total time for which application threads were stopped: 0.0268324 seconds, Stopping threads took: 0.0001296 seconds
2018-10-23T07:39:06.751+0000: 16.697: Total time for which application threads were stopped: 0.0006508 seconds, Stopping threads took: 0.0003421 seconds
2018-10-23T07:39:06.851+0000: 16.797: Total time for which application threads were stopped: 0.0077789 seconds, Stopping threads took: 0.0074844 seconds
{Heap before GC invocations=78 (full 1):
 par new generation   total 109248K, used 109248K [0x00000000e0000000, 0x00000000e8000000, 0x00000000e8000000)
  eden space 87424K, 100% used [0x00000000e0000000, 0x00000000e5560000, 0x00000000e5560000)
  from space 21824K, 100% used [0x00000000e5560000, 0x00000000e6ab0000, 0x00000000e6ab0000)
  to   space 21824K,   0% used [0x00000000e6ab0000, 0x00000000e6ab0000, 0x00000000e8000000)
 concurrent mark-sweep generation total 393216K, used 135789K [0x00000000e8000000, 0x0000000100000000, 0x0000000100000000)
 Metaspace       used 39636K, capacity 41333K, committed 41560K, reserved 1085440K
  class space    used 4542K, capacity 4953K, committed 4988K, reserved 1048576K
2018-10-23T07:39:06.861+0000: 16.807: [GC (Allocation Failure) 2018-10-23T07:39:06.861+0000: 16.807: [ParNew
Desired survivor size 20112992 bytes, new threshold 8 (max 8)
- age   1:    4437024 bytes,    4437024 total
- age   2:    3929304 bytes,    8366328 total
- age   3:     278208 bytes,    8644536 total
- age   4:     429704 bytes,    9074240 total
- age   5:    1062736 bytes,   10136976 total
- age   6:    3008832 bytes,   13145808 total
- age   7:    1200120 bytes,   14345928 total
- age   8:    2668200 bytes,   17014128 total
: 109248K->19570K(109248K), 0.0351126 secs] 245037K->156423K(502464K), 0.0352548 secs] [Times: user=0.05 sys=0.00, real=0.03 secs] 
Heap after GC invocations=79 (full 1):
 par new generation   total 109248K, used 19570K [0x00000000e0000000, 0x00000000e8000000, 0x00000000e8000000)
  eden space 87424K,   0% used [0x00000000e0000000, 0x00000000e0000000, 0x00000000e5560000)
  from space 21824K,  89% used [0x00000000e6ab0000, 0x00000000e7dccbb0, 0x00000000e8000000)
  to   space 21824K,   0% used [0x00000000e5560000, 0x00000000e5560000, 0x00000000e6ab0000)
 concurrent mark-sweep generation total 393216K, used 136852K [0x00000000e8000000, 0x0000000100000000, 0x0000000100000000)
 Metaspace       used 39636K, capacity 41333K, committed 41560K, reserved 1085440K
  class space    used 4542K, capacity 4953K, committed 4988K, reserved 1048576K
}
2018-10-23T07:39:06.897+0000: 16.842: Total time for which application threads were stopped: 0.0357202 seconds, Stopping threads took: 0.0000930 seconds
{Heap before GC invocations=79 (full 1):
 par new generation   total 109248K, used 106994K [0x00000000e0000000, 0x00000000e8000000, 0x00000000e8000000)
  eden space 87424K, 100% used [0x00000000e0000000, 0x00000000e5560000, 0x00000000e5560000)
  from space 21824K,  89% used [0x00000000e6ab0000, 0x00000000e7dccbb0, 0x00000000e8000000)
  to   space 21824K,   0% used [0x00000000e5560000, 0x00000000e5560000, 0x00000000e6ab0000)
 concurrent mark-sweep generation total 393216K, used 136852K [0x00000000e8000000, 0x0000000100000000, 0x0000000100000000)
 Metaspace       used 39638K, capacity 41333K, committed 41560K, reserved 1085440K
  class space    used 4542K, capacity 4953K, committed 4988K, reserved 1048576K
2018-10-23T07:39:06.974+0000: 16.920: [GC (Allocation Failure) 2018-10-23T07:39:06.974+0000: 16.920: [ParNew
Desired survivor size 20112992 bytes, new threshold 8 (max 8)
- age   1:    2306184 bytes,    2306184 total
- age   2:    4240760 bytes,    6546944 total
- age   3:    3632912 bytes,   10179856 total
- age   4:     278208 bytes,   10458064 total
- age   5:     369264 bytes,   10827328 total
- age   6:    1060648 bytes,   11887976 total
- age   7:    3008752 bytes,   14896728 total
- age   8:    1200120 bytes,   16096848 total
: 106994K->21824K(109248K), 0.0632125 secs] 243847K->161340K(502464K), 0.0633523 secs] [Times: user=0.04 sys=0.00, real=0.06 secs] 
Heap after GC invocations=80 (full 1):
 par new generation   total 109248K, used 21824K [0x00000000e0000000, 0x00000000e8000000, 0x00000000e8000000)
  eden space 87424K,   0% used [0x00000000e0000000, 0x00000000e0000000, 0x00000000e5560000)
  from space 21824K, 100% used [0x00000000e5560000, 0x00000000e6ab0000, 0x00000000e6ab0000)
  to   space 21824K,   0% used [0x00000000e6ab0000, 0x00000000e6ab0000, 0x00000000e8000000)
 concurrent mark-sweep generation total 393216K, used 139516K [0x00000000e8000000, 0x0000000100000000, 0x0000000100000000)
 Metaspace       used 39638K, capacity 41333K, committed 41560K, reserved 1085440K
  class space    used 4542K, capacity 4953K, committed 4988K, reserved 1048576K
}
2018-10-23T07:39:07.038+0000: 16.983: Total time for which application threads were stopped: 0.0650580 seconds, Stopping threads took: 0.0011591 seconds
2018-10-23T07:39:07.040+0000: 16.986: Total time for which application threads were stopped: 0.0021422 seconds, Stopping threads took: 0.0018427 seconds
2018-10-23T07:39:07.050+0000: 16.996: Total time for which application threads were stopped: 0.0037517 seconds, Stopping threads took: 0.0035066 seconds
2018-10-23T07:39:07.054+0000: 17.000: Total time for which application threads were stopped: 0.0038447 seconds, Stopping threads took: 0.0036705 seconds
2018-10-23T07:39:07.054+0000: 17.000: Total time for which application threads were stopped: 0.0001640 seconds, Stopping threads took: 0.0000252 seconds
2018-10-23T07:39:07.054+0000: 17.000: Total time for which application threads were stopped: 0.0001659 seconds, Stopping threads took: 0.0000236 seconds
2018-10-23T07:39:07.070+0000: 17.016: Total time for which application threads were stopped: 0.0074299 seconds, Stopping threads took: 0.0071608 seconds
2018-10-23T07:39:07.071+0000: 17.017: Total time for which application threads were stopped: 0.0001788 seconds, Stopping threads took: 0.0000267 seconds
2018-10-23T07:39:07.071+0000: 17.017: Total time for which application threads were stopped: 0.0001599 seconds, Stopping threads took: 0.0000234 seconds
2018-10-23T07:39:07.072+0000: 17.018: Total time for which application threads were stopped: 0.0001658 seconds, Stopping threads took: 0.0000245 seconds
{Heap before GC invocations=80 (full 1):
 par new generation   total 109248K, used 109248K [0x00000000e0000000, 0x00000000e8000000, 0x00000000e8000000)
  eden space 87424K, 100% used [0x00000000e0000000, 0x00000000e5560000, 0x00000000e5560000)
  from space 21824K, 100% used [0x00000000e5560000, 0x00000000e6ab0000, 0x00000000e6ab0000)
  to   space 21824K,   0% used [0x00000000e6ab0000, 0x00000000e6ab0000, 0x00000000e8000000)
 concurrent mark-sweep generation total 393216K, used 139516K [0x00000000e8000000, 0x0000000100000000, 0x0000000100000000)
 Metaspace       used 39640K, capacity 41333K, committed 41560K, reserved 1085440K
  class space    used 4542K, capacity 4953K, committed 4988K, reserved 1048576K
2018-10-23T07:39:07.132+0000: 17.077: [GC (Allocation Failure) 2018-10-23T07:39:07.132+0000: 17.077: [ParNew
Desired survivor size 20112992 bytes, new threshold 8 (max 8)
- age   1:    3012200 bytes,    3012200 total
- age   2:    1337352 bytes,    4349552 total
- age   3:    4081568 bytes,    8431120 total
- age   4:    3631648 bytes,   12062768 total
- age   5:     278208 bytes,   12340976 total
- age   6:     369264 bytes,   12710240 total
- age   7:    1060648 bytes,   13770888 total
- age   8:    3007960 bytes,   16778848 total
: 109248K->21496K(109248K), 0.0479378 secs] 248764K->162189K(502464K), 0.0480693 secs] [Times: user=0.05 sys=0.00, real=0.05 secs] 
Heap after GC invocations=81 (full 1):
 par new generation   total 109248K, used 21496K [0x00000000e0000000, 0x00000000e8000000, 0x00000000e8000000)
  eden space 87424K,   0% used [0x00000000e0000000, 0x00000000e0000000, 0x00000000e5560000)
  from space 21824K,  98% used [0x00000000e6ab0000, 0x00000000e7fae098, 0x00000000e8000000)
  to   space 21824K,   0% used [0x00000000e5560000, 0x00000000e5560000, 0x00000000e6ab0000)
 concurrent mark-sweep generation total 393216K, used 140692K [0x00000000e8000000, 0x0000000100000000, 0x0000000100000000)
 Metaspace       used 39640K, capacity 41333K, committed 41560K, reserved 1085440K
  class space    used 4542K, capacity 4953K, committed 4988K, reserved 1048576K
}
2018-10-23T07:39:07.180+0000: 17.126: Total time for which application threads were stopped: 0.0486559 seconds, Stopping threads took: 0.0001601 seconds
2018-10-23T07:39:07.185+0000: 17.130: Total time for which application threads were stopped: 0.0022261 seconds, Stopping threads took: 0.0019363 seconds
{Heap before GC invocations=81 (full 1):
 par new generation   total 109248K, used 108920K [0x00000000e0000000, 0x00000000e8000000, 0x00000000e8000000)
  eden space 87424K, 100% used [0x00000000e0000000, 0x00000000e5560000, 0x00000000e5560000)
  from space 21824K,  98% used [0x00000000e6ab0000, 0x00000000e7fae098, 0x00000000e8000000)
  to   space 21824K,   0% used [0x00000000e5560000, 0x00000000e5560000, 0x00000000e6ab0000)
 concurrent mark-sweep generation total 393216K, used 140692K [0x00000000e8000000, 0x0000000100000000, 0x0000000100000000)
 Metaspace       used 39649K, capacity 41333K, committed 41560K, reserved 1085440K
  class space    used 4542K, capacity 4953K, committed 4988K, reserved 1048576K
2018-10-23T07:39:07.262+0000: 17.208: [GC (Allocation Failure) 2018-10-23T07:39:07.262+0000: 17.208: [ParNew
Desired survivor size 20112992 bytes, new threshold 8 (max 8)
- age   1:    1402776 bytes,    1402776 total
- age   2:    2974936 bytes,    4377712 total
- age   3:    1147848 bytes,    5525560 total
- age   4:    4081544 bytes,    9607104 total
- age   5:    3631648 bytes,   13238752 total
- age   6:     276624 bytes,   13515376 total
- age   7:     369264 bytes,   13884640 total
- age   8:    1059392 bytes,   14944032 total
: 108920K->19199K(109248K), 0.0464946 secs] 249613K->162835K(502464K), 0.0466041 secs] [Times: user=0.07 sys=0.00, real=0.04 secs] 
Heap after GC invocations=82 (full 1):
 par new generation   total 109248K, used 19199K [0x00000000e0000000, 0x00000000e8000000, 0x00000000e8000000)
  eden space 87424K,   0% used [0x00000000e0000000, 0x00000000e0000000, 0x00000000e5560000)
  from space 21824K,  87% used [0x00000000e5560000, 0x00000000e681fd90, 0x00000000e6ab0000)
  to   space 21824K,   0% used [0x00000000e6ab0000, 0x00000000e6ab0000, 0x00000000e8000000)
 concurrent mark-sweep generation total 393216K, used 143635K [0x00000000e8000000, 0x0000000100000000, 0x0000000100000000)
 Metaspace       used 39649K, capacity 41333K, committed 41560K, reserved 1085440K
  class space    used 4542K, capacity 4953K, committed 4988K, reserved 1048576K
}
2018-10-23T07:39:07.309+0000: 17.255: Total time for which application threads were stopped: 0.0471258 seconds, Stopping threads took: 0.0001039 seconds
2018-10-23T07:39:07.309+0000: 17.255: Total time for which application threads were stopped: 0.0003889 seconds, Stopping threads took: 0.0001102 seconds
{Heap before GC invocations=82 (full 1):
 par new generation   total 109248K, used 106623K [0x00000000e0000000, 0x00000000e8000000, 0x00000000e8000000)
  eden space 87424K, 100% used [0x00000000e0000000, 0x00000000e5560000, 0x00000000e5560000)
  from space 21824K,  87% used [0x00000000e5560000, 0x00000000e681fd90, 0x00000000e6ab0000)
  to   space 21824K,   0% used [0x00000000e6ab0000, 0x00000000e6ab0000, 0x00000000e8000000)
 concurrent mark-sweep generation total 393216K, used 143635K [0x00000000e8000000, 0x0000000100000000, 0x0000000100000000)
 Metaspace       used 39651K, capacity 41333K, committed 41560K, reserved 1085440K
  class space    used 4542K, capacity 4953K, committed 4988K, reserved 1048576K
2018-10-23T07:39:07.413+0000: 17.359: [GC (Allocation Failure) 2018-10-23T07:39:07.413+0000: 17.359: [ParNew
Desired survivor size 20112992 bytes, new threshold 8 (max 8)
- age   1:    1451248 bytes,    1451248 total
- age   2:    1008216 bytes,    2459464 total
- age   3:    2973704 bytes,    5433168 total
- age   4:    1147848 bytes,    6581016 total
- age   5:    4081544 bytes,   10662560 total
- age   6:    3631648 bytes,   14294208 total
- age   7:     275832 bytes,   14570040 total
- age   8:     369264 bytes,   14939304 total
: 106623K->17113K(109248K), 0.0435159 secs] 250259K->161789K(502464K), 0.0436591 secs] [Times: user=0.05 sys=0.00, real=0.04 secs] 
Heap after GC invocations=83 (full 1):
 par new generation   total 109248K, used 17113K [0x00000000e0000000, 0x00000000e8000000, 0x00000000e8000000)
  eden space 87424K,   0% used [0x00000000e0000000, 0x00000000e0000000, 0x00000000e5560000)
  from space 21824K,  78% used [0x00000000e6ab0000, 0x00000000e7b66570, 0x00000000e8000000)
  to   space 21824K,   0% used [0x00000000e5560000, 0x00000000e5560000, 0x00000000e6ab0000)
 concurrent mark-sweep generation total 393216K, used 144676K [0x00000000e8000000, 0x0000000100000000, 0x0000000100000000)
 Metaspace       used 39651K, capacity 41333K, committed 41560K, reserved 1085440K
  class space    used 4542K, capacity 4953K, committed 4988K, reserved 1048576K
}
2018-10-23T07:39:07.457+0000: 17.403: Total time for which application threads were stopped: 0.0559190 seconds, Stopping threads took: 0.0117961 seconds
{Heap before GC invocations=83 (full 1):
 par new generation   total 109248K, used 104537K [0x00000000e0000000, 0x00000000e8000000, 0x00000000e8000000)
  eden space 87424K, 100% used [0x00000000e0000000, 0x00000000e5560000, 0x00000000e5560000)
  from space 21824K,  78% used [0x00000000e6ab0000, 0x00000000e7b66570, 0x00000000e8000000)
  to   space 21824K,   0% used [0x00000000e5560000, 0x00000000e5560000, 0x00000000e6ab0000)
 concurrent mark-sweep generation total 393216K, used 144676K [0x00000000e8000000, 0x0000000100000000, 0x0000000100000000)
 Metaspace       used 39651K, capacity 41333K, committed 41560K, reserved 1085440K
  class space    used 4542K, capacity 4953K, committed 4988K, reserved 1048576K
2018-10-23T07:39:07.532+0000: 17.478: [GC (Allocation Failure) 2018-10-23T07:39:07.532+0000: 17.478: [ParNew
Desired survivor size 20112992 bytes, new threshold 8 (max 8)
- age   1:     360400 bytes,     360400 total
- age   2:    1152632 bytes,    1513032 total
- age   3:     997728 bytes,    2510760 total
- age   4:    2972808 bytes,    5483568 total
- age   5:    1147848 bytes,    6631416 total
- age   6:    3353248 bytes,    9984664 total
- age   7:    3631648 bytes,   13616312 total
- age   8:     275072 bytes,   13891384 total
: 104537K->19265K(109248K), 0.0693582 secs] 249213K->164304K(502464K), 0.0694821 secs] [Times: user=0.08 sys=0.00, real=0.07 secs] 
Heap after GC invocations=84 (full 1):
 par new generation   total 109248K, used 19265K [0x00000000e0000000, 0x00000000e8000000, 0x00000000e8000000)
  eden space 87424K,   0% used [0x00000000e0000000, 0x00000000e0000000, 0x00000000e5560000)
  from space 21824K,  88% used [0x00000000e5560000, 0x00000000e6830440, 0x00000000e6ab0000)
  to   space 21824K,   0% used [0x00000000e6ab0000, 0x00000000e6ab0000, 0x00000000e8000000)
 concurrent mark-sweep generation total 393216K, used 145039K [0x00000000e8000000, 0x0000000100000000, 0x0000000100000000)
 Metaspace       used 39651K, capacity 41333K, committed 41560K, reserved 1085440K
  class space    used 4542K, capacity 4953K, committed 4988K, reserved 1048576K
}
2018-10-23T07:39:07.602+0000: 17.548: Total time for which application threads were stopped: 0.0699774 seconds, Stopping threads took: 0.0001147 seconds
{Heap before GC invocations=84 (full 1):
 par new generation   total 109248K, used 106689K [0x00000000e0000000, 0x00000000e8000000, 0x00000000e8000000)
  eden space 87424K, 100% used [0x00000000e0000000, 0x00000000e5560000, 0x00000000e5560000)
  from space 21824K,  88% used [0x00000000e5560000, 0x00000000e6830440, 0x00000000e6ab0000)
  to   space 21824K,   0% used [0x00000000e6ab0000, 0x00000000e6ab0000, 0x00000000e8000000)
 concurrent mark-sweep generation total 393216K, used 145039K [0x00000000e8000000, 0x0000000100000000, 0x0000000100000000)
 Metaspace       used 39661K, capacity 41333K, committed 41560K, reserved 1085440K
  class space    used 4542K, capacity 4953K, committed 4988K, reserved 1048576K
2018-10-23T07:39:07.822+0000: 17.768: [GC (Allocation Failure) 2018-10-23T07:39:07.822+0000: 17.768: [ParNew
Desired survivor size 20112992 bytes, new threshold 8 (max 8)
- age   1:    4014776 bytes,    4014776 total
- age   2:     126960 bytes,    4141736 total
- age   3:     198432 bytes,    4340168 total
- age   4:     803864 bytes,    5144032 total
- age   5:    2166104 bytes,    7310136 total
- age   6:    1141280 bytes,    8451416 total
- age   7:    3289304 bytes,   11740720 total
- age   8:    3624792 bytes,   15365512 total
: 106689K->18670K(109248K), 0.0755235 secs] 251728K->163976K(502464K), 0.0756575 secs] [Times: user=0.05 sys=0.00, real=0.08 secs] 
Heap after GC invocations=85 (full 1):
 par new generation   total 109248K, used 18670K [0x00000000e0000000, 0x00000000e8000000, 0x00000000e8000000)
  eden space 87424K,   0% used [0x00000000e0000000, 0x00000000e0000000, 0x00000000e5560000)
  from space 21824K,  85% used [0x00000000e6ab0000, 0x00000000e7ceba00, 0x00000000e8000000)
  to   space 21824K,   0% used [0x00000000e5560000, 0x00000000e5560000, 0x00000000e6ab0000)
 concurrent mark-sweep generation total 393216K, used 145305K [0x00000000e8000000, 0x0000000100000000, 0x0000000100000000)
 Metaspace       used 39661K, capacity 41333K, committed 41560K, reserved 1085440K
  class space    used 4542K, capacity 4953K, committed 4988K, reserved 1048576K
}
2018-10-23T07:39:07.898+0000: 17.844: Total time for which application threads were stopped: 0.0761979 seconds, Stopping threads took: 0.0000653 seconds
2018-10-23T07:39:07.900+0000: 17.845: Total time for which application threads were stopped: 0.0004405 seconds, Stopping threads took: 0.0001690 seconds
2018-10-23T07:39:07.901+0000: 17.846: Total time for which application threads were stopped: 0.0003787 seconds, Stopping threads took: 0.0002233 seconds
2018-10-23T07:39:07.901+0000: 17.847: Total time for which application threads were stopped: 0.0001700 seconds, Stopping threads took: 0.0000245 seconds
2018-10-23T07:39:07.906+0000: 17.852: Total time for which application threads were stopped: 0.0037768 seconds, Stopping threads took: 0.0036267 seconds
2018-10-23T07:39:08.090+0000: 18.036: Total time for which application threads were stopped: 0.0162749 seconds, Stopping threads took: 0.0159581 seconds
2018-10-23T07:39:08.122+0000: 18.068: Total time for which application threads were stopped: 0.0015697 seconds, Stopping threads took: 0.0012703 seconds
2018-10-23T07:39:08.122+0000: 18.068: Total time for which application threads were stopped: 0.0001828 seconds, Stopping threads took: 0.0000338 seconds
2018-10-23T07:39:08.123+0000: 18.068: Total time for which application threads were stopped: 0.0001828 seconds, Stopping threads took: 0.0000418 seconds
2018-10-23T07:39:08.123+0000: 18.069: Total time for which application threads were stopped: 0.0001735 seconds, Stopping threads took: 0.0000306 seconds
{Heap before GC invocations=85 (full 1):
 par new generation   total 109248K, used 106094K [0x00000000e0000000, 0x00000000e8000000, 0x00000000e8000000)
  eden space 87424K, 100% used [0x00000000e0000000, 0x00000000e5560000, 0x00000000e5560000)
  from space 21824K,  85% used [0x00000000e6ab0000, 0x00000000e7ceba00, 0x00000000e8000000)
  to   space 21824K,   0% used [0x00000000e5560000, 0x00000000e5560000, 0x00000000e6ab0000)
 concurrent mark-sweep generation total 393216K, used 145305K [0x00000000e8000000, 0x0000000100000000, 0x0000000100000000)
 Metaspace       used 39701K, capacity 41397K, committed 41560K, reserved 1085440K
  class space    used 4543K, capacity 4953K, committed 4988K, reserved 1048576K
2018-10-23T07:39:08.143+0000: 18.089: [GC (Allocation Failure) 2018-10-23T07:39:08.144+0000: 18.089: [ParNew
Desired survivor size 20112992 bytes, new threshold 8 (max 8)
- age   1:    8949560 bytes,    8949560 total
- age   2:    3743504 bytes,   12693064 total
- age   3:     126072 bytes,   12819136 total
- age   4:     135864 bytes,   12955000 total
- age   5:     514600 bytes,   13469600 total
- age   6:    1743224 bytes,   15212824 total
- age   7:     944408 bytes,   16157232 total
- age   8:    3263920 bytes,   19421152 total
: 106094K->21824K(109248K), 0.0981714 secs] 251400K->171971K(502464K), 0.0982952 secs] [Times: user=0.08 sys=0.00, real=0.10 secs] 
Heap after GC invocations=86 (full 1):
 par new generation   total 109248K, used 21824K [0x00000000e0000000, 0x00000000e8000000, 0x00000000e8000000)
  eden space 87424K,   0% used [0x00000000e0000000, 0x00000000e0000000, 0x00000000e5560000)
  from space 21824K, 100% used [0x00000000e5560000, 0x00000000e6ab0000, 0x00000000e6ab0000)
  to   space 21824K,   0% used [0x00000000e6ab0000, 0x00000000e6ab0000, 0x00000000e8000000)
 concurrent mark-sweep generation total 393216K, used 150147K [0x00000000e8000000, 0x0000000100000000, 0x0000000100000000)
 Metaspace       used 39701K, capacity 41397K, committed 41560K, reserved 1085440K
  class space    used 4543K, capacity 4953K, committed 4988K, reserved 1048576K
}
2018-10-23T07:39:08.242+0000: 18.188: Total time for which application threads were stopped: 0.0987401 seconds, Stopping threads took: 0.0000590 seconds
2018-10-23T07:39:08.243+0000: 18.189: Total time for which application threads were stopped: 0.0003756 seconds, Stopping threads took: 0.0001002 seconds
2018-10-23T07:39:08.282+0000: 18.228: Total time for which application threads were stopped: 0.0058489 seconds, Stopping threads took: 0.0055527 seconds
2018-10-23T07:39:08.322+0000: 18.268: Total time for which application threads were stopped: 0.0089472 seconds, Stopping threads took: 0.0086499 seconds
2018-10-23T07:39:08.323+0000: 18.268: Total time for which application threads were stopped: 0.0001965 seconds, Stopping threads took: 0.0000468 seconds
2018-10-23T07:39:08.323+0000: 18.269: Total time for which application threads were stopped: 0.0001899 seconds, Stopping threads took: 0.0000456 seconds
2018-10-23T07:39:08.324+0000: 18.269: Total time for which application threads were stopped: 0.0001881 seconds, Stopping threads took: 0.0000432 seconds
{Heap before GC invocations=86 (full 1):
 par new generation   total 109248K, used 109248K [0x00000000e0000000, 0x00000000e8000000, 0x00000000e8000000)
  eden space 87424K, 100% used [0x00000000e0000000, 0x00000000e5560000, 0x00000000e5560000)
  from space 21824K, 100% used [0x00000000e5560000, 0x00000000e6ab0000, 0x00000000e6ab0000)
  to   space 21824K,   0% used [0x00000000e6ab0000, 0x00000000e6ab0000, 0x00000000e8000000)
 concurrent mark-sweep generation total 393216K, used 150147K [0x00000000e8000000, 0x0000000100000000, 0x0000000100000000)
 Metaspace       used 39712K, capacity 41397K, committed 41560K, reserved 1085440K
  class space    used 4543K, capacity 4953K, committed 4988K, reserved 1048576K
2018-10-23T07:39:08.352+0000: 18.298: [GC (Allocation Failure) 2018-10-23T07:39:08.352+0000: 18.298: [ParNew
Desired survivor size 20112992 bytes, new threshold 8 (max 8)
- age   1:    1751696 bytes,    1751696 total
- age   2:    8097912 bytes,    9849608 total
- age   3:    3569288 bytes,   13418896 total
- age   4:     126072 bytes,   13544968 total
- age   5:     134216 bytes,   13679184 total
- age   6:     512688 bytes,   14191872 total
- age   7:    1743224 bytes,   15935096 total
- age   8:     942760 bytes,   16877856 total
: 109248K->21824K(109248K), 0.0222671 secs] 259395K->175834K(502464K), 0.0223824 secs] [Times: user=0.04 sys=0.00, real=0.02 secs] 
Heap after GC invocations=87 (full 1):
 par new generation   total 109248K, used 21824K [0x00000000e0000000, 0x00000000e8000000, 0x00000000e8000000)
  eden space 87424K,   0% used [0x00000000e0000000, 0x00000000e0000000, 0x00000000e5560000)
  from space 21824K, 100% used [0x00000000e6ab0000, 0x00000000e8000000, 0x00000000e8000000)
  to   space 21824K,   0% used [0x00000000e5560000, 0x00000000e5560000, 0x00000000e6ab0000)
 concurrent mark-sweep generation total 393216K, used 154010K [0x00000000e8000000, 0x0000000100000000, 0x0000000100000000)
 Metaspace       used 39712K, capacity 41397K, committed 41560K, reserved 1085440K
  class space    used 4543K, capacity 4953K, committed 4988K, reserved 1048576K
}
2018-10-23T07:39:08.374+0000: 18.320: Total time for which application threads were stopped: 0.0288613 seconds, Stopping threads took: 0.0060715 seconds
2018-10-23T07:39:08.391+0000: 18.337: Total time for which application threads were stopped: 0.0049302 seconds, Stopping threads took: 0.0046081 seconds
2018-10-23T07:39:08.394+0000: 18.340: Total time for which application threads were stopped: 0.0028754 seconds, Stopping threads took: 0.0027000 seconds
{Heap before GC invocations=87 (full 1):
 par new generation   total 109248K, used 109248K [0x00000000e0000000, 0x00000000e8000000, 0x00000000e8000000)
  eden space 87424K, 100% used [0x00000000e0000000, 0x00000000e5560000, 0x00000000e5560000)
  from space 21824K, 100% used [0x00000000e6ab0000, 0x00000000e8000000, 0x00000000e8000000)
  to   space 21824K,   0% used [0x00000000e5560000, 0x00000000e5560000, 0x00000000e6ab0000)
 concurrent mark-sweep generation total 393216K, used 154010K [0x00000000e8000000, 0x0000000100000000, 0x0000000100000000)
 Metaspace       used 39713K, capacity 41397K, committed 41560K, reserved 1085440K
  class space    used 4543K, capacity 4953K, committed 4988K, reserved 1048576K
2018-10-23T07:39:08.442+0000: 18.388: [GC (Allocation Failure) 2018-10-23T07:39:08.442+0000: 18.388: [ParNew
Desired survivor size 20112992 bytes, new threshold 8 (max 8)
- age   1:    2053664 bytes,    2053664 total
- age   2:    1125960 bytes,    3179624 total
- age   3:    7912200 bytes,   11091824 total
- age   4:    3568496 bytes,   14660320 total
- age   5:     126072 bytes,   14786392 total
- age   6:     134216 bytes,   14920608 total
- age   7:     511040 bytes,   15431648 total
- age   8:    1743224 bytes,   17174872 total
: 109248K->21140K(109248K), 0.0326085 secs] 263258K->176076K(502464K), 0.0327523 secs] [Times: user=0.04 sys=0.00, real=0.03 secs] 
Heap after GC invocations=88 (full 1):
 par new generation   total 109248K, used 21140K [0x00000000e0000000, 0x00000000e8000000, 0x00000000e8000000)
  eden space 87424K,   0% used [0x00000000e0000000, 0x00000000e0000000, 0x00000000e5560000)
  from space 21824K,  96% used [0x00000000e5560000, 0x00000000e6a05000, 0x00000000e6ab0000)
  to   space 21824K,   0% used [0x00000000e6ab0000, 0x00000000e6ab0000, 0x00000000e8000000)
 concurrent mark-sweep generation total 393216K, used 154936K [0x00000000e8000000, 0x0000000100000000, 0x0000000100000000)
 Metaspace       used 39713K, capacity 41397K, committed 41560K, reserved 1085440K
  class space    used 4543K, capacity 4953K, committed 4988K, reserved 1048576K
}
2018-10-23T07:39:08.475+0000: 18.421: Total time for which application threads were stopped: 0.0332358 seconds, Stopping threads took: 0.0000859 seconds
{Heap before GC invocations=88 (full 1):
 par new generation   total 109248K, used 108564K [0x00000000e0000000, 0x00000000e8000000, 0x00000000e8000000)
  eden space 87424K, 100% used [0x00000000e0000000, 0x00000000e5560000, 0x00000000e5560000)
  from space 21824K,  96% used [0x00000000e5560000, 0x00000000e6a05000, 0x00000000e6ab0000)
  to   space 21824K,   0% used [0x00000000e6ab0000, 0x00000000e6ab0000, 0x00000000e8000000)
 concurrent mark-sweep generation total 393216K, used 154936K [0x00000000e8000000, 0x0000000100000000, 0x0000000100000000)
 Metaspace       used 39713K, capacity 41397K, committed 41560K, reserved 1085440K
  class space    used 4543K, capacity 4953K, committed 4988K, reserved 1048576K
2018-10-23T07:39:08.522+0000: 18.468: [GC (Allocation Failure) 2018-10-23T07:39:08.522+0000: 18.468: [ParNew
Desired survivor size 20112992 bytes, new threshold 8 (max 8)
- age   1:     426128 bytes,     426128 total
- age   2:    1779224 bytes,    2205352 total
- age   3:    1099208 bytes,    3304560 total
- age   4:    7912104 bytes,   11216664 total
- age   5:    3562896 bytes,   14779560 total
- age   6:     126072 bytes,   14905632 total
- age   7:     134216 bytes,   15039848 total
- age   8:     511040 bytes,   15550888 total
: 108564K->21824K(109248K), 0.0455530 secs] 263500K->178467K(502464K), 0.0456737 secs] [Times: user=0.05 sys=0.00, real=0.04 secs] 
Heap after GC invocations=89 (full 1):
 par new generation   total 109248K, used 21824K [0x00000000e0000000, 0x00000000e8000000, 0x00000000e8000000)
  eden space 87424K,   0% used [0x00000000e0000000, 0x00000000e0000000, 0x00000000e5560000)
  from space 21824K, 100% used [0x00000000e6ab0000, 0x00000000e8000000, 0x00000000e8000000)
  to   space 21824K,   0% used [0x00000000e5560000, 0x00000000e5560000, 0x00000000e6ab0000)
 concurrent mark-sweep generation total 393216K, used 156643K [0x00000000e8000000, 0x0000000100000000, 0x0000000100000000)
 Metaspace       used 39713K, capacity 41397K, committed 41560K, reserved 1085440K
  class space    used 4543K, capacity 4953K, committed 4988K, reserved 1048576K
}
2018-10-23T07:39:08.568+0000: 18.513: Total time for which application threads were stopped: 0.0461212 seconds, Stopping threads took: 0.0000742 seconds
{Heap before GC invocations=89 (full 1):
 par new generation   total 109248K, used 109248K [0x00000000e0000000, 0x00000000e8000000, 0x00000000e8000000)
  eden space 87424K, 100% used [0x00000000e0000000, 0x00000000e5560000, 0x00000000e5560000)
  from space 21824K, 100% used [0x00000000e6ab0000, 0x00000000e8000000, 0x00000000e8000000)
  to   space 21824K,   0% used [0x00000000e5560000, 0x00000000e5560000, 0x00000000e6ab0000)
 concurrent mark-sweep generation total 393216K, used 156643K [0x00000000e8000000, 0x0000000100000000, 0x0000000100000000)
 Metaspace       used 39713K, capacity 41397K, committed 41560K, reserved 1085440K
  class space    used 4543K, capacity 4953K, committed 4988K, reserved 1048576K
2018-10-23T07:39:08.627+0000: 18.573: [GC (Allocation Failure) 2018-10-23T07:39:08.627+0000: 18.573: [ParNew
Desired survivor size 20112992 bytes, new threshold 8 (max 8)
- age   1:     628936 bytes,     628936 total
- age   2:      92128 bytes,     721064 total
- age   3:    1771088 bytes,    2492152 total
- age   4:    1089528 bytes,    3581680 total
- age   5:    7897352 bytes,   11479032 total
- age   6:    3540456 bytes,   15019488 total
- age   7:     126072 bytes,   15145560 total
- age   8:     134144 bytes,   15279704 total
: 109248K->21375K(109248K), 0.0212053 secs] 265891K->178521K(502464K), 0.0213286 secs] [Times: user=0.04 sys=0.00, real=0.02 secs] 
Heap after GC invocations=90 (full 1):
 par new generation   total 109248K, used 21375K [0x00000000e0000000, 0x00000000e8000000, 0x00000000e8000000)
  eden space 87424K,   0% used [0x00000000e0000000, 0x00000000e0000000, 0x00000000e5560000)
  from space 21824K,  97% used [0x00000000e5560000, 0x00000000e6a3ff18, 0x00000000e6ab0000)
  to   space 21824K,   0% used [0x00000000e6ab0000, 0x00000000e6ab0000, 0x00000000e8000000)
 concurrent mark-sweep generation total 393216K, used 157146K [0x00000000e8000000, 0x0000000100000000, 0x0000000100000000)
 Metaspace       used 39713K, capacity 41397K, committed 41560K, reserved 1085440K
  class space    used 4543K, capacity 4953K, committed 4988K, reserved 1048576K
}
2018-10-23T07:39:08.649+0000: 18.595: Total time for which application threads were stopped: 0.0310406 seconds, Stopping threads took: 0.0092653 seconds
{Heap before GC invocations=90 (full 1):
 par new generation   total 109248K, used 108799K [0x00000000e0000000, 0x00000000e8000000, 0x00000000e8000000)
  eden space 87424K, 100% used [0x00000000e0000000, 0x00000000e5560000, 0x00000000e5560000)
  from space 21824K,  97% used [0x00000000e5560000, 0x00000000e6a3ff18, 0x00000000e6ab0000)
  to   space 21824K,   0% used [0x00000000e6ab0000, 0x00000000e6ab0000, 0x00000000e8000000)
 concurrent mark-sweep generation total 393216K, used 157146K [0x00000000e8000000, 0x0000000100000000, 0x0000000100000000)
 Metaspace       used 39713K, capacity 41397K, committed 41560K, reserved 1085440K
  class space    used 4543K, capacity 4953K, committed 4988K, reserved 1048576K
2018-10-23T07:39:08.694+0000: 18.640: [GC (Allocation Failure) 2018-10-23T07:39:08.694+0000: 18.640: [ParNew
Desired survivor size 20112992 bytes, new threshold 8 (max 8)
- age   1:     369704 bytes,     369704 total
- age   2:     152912 bytes,     522616 total
- age   3:      91760 bytes,     614376 total
- age   4:    1770216 bytes,    2384592 total
- age   5:    1088168 bytes,    3472760 total
- age   6:    7896944 bytes,   11369704 total
- age   7:    3540336 bytes,   14910040 total
- age   8:     126072 bytes,   15036112 total
: 108799K->17934K(109248K), 0.0418216 secs] 265945K->175213K(502464K), 0.0419626 secs] [Times: user=0.05 sys=0.00, real=0.04 secs] 
Heap after GC invocations=91 (full 1):
 par new generation   total 109248K, used 17934K [0x00000000e0000000, 0x00000000e8000000, 0x00000000e8000000)
  eden space 87424K,   0% used [0x00000000e0000000, 0x00000000e0000000, 0x00000000e5560000)
  from space 21824K,  82% used [0x00000000e6ab0000, 0x00000000e7c33830, 0x00000000e8000000)
  to   space 21824K,   0% used [0x00000000e5560000, 0x00000000e5560000, 0x00000000e6ab0000)
 concurrent mark-sweep generation total 393216K, used 157279K [0x00000000e8000000, 0x0000000100000000, 0x0000000100000000)
 Metaspace       used 39713K, capacity 41397K, committed 41560K, reserved 1085440K
  class space    used 4543K, capacity 4953K, committed 4988K, reserved 1048576K
}
2018-10-23T07:39:08.736+0000: 18.682: Total time for which application threads were stopped: 0.0486366 seconds, Stopping threads took: 0.0062367 seconds
{Heap before GC invocations=91 (full 1):
 par new generation   total 109248K, used 105358K [0x00000000e0000000, 0x00000000e8000000, 0x00000000e8000000)
  eden space 87424K, 100% used [0x00000000e0000000, 0x00000000e5560000, 0x00000000e5560000)
  from space 21824K,  82% used [0x00000000e6ab0000, 0x00000000e7c33830, 0x00000000e8000000)
  to   space 21824K,   0% used [0x00000000e5560000, 0x00000000e5560000, 0x00000000e6ab0000)
 concurrent mark-sweep generation total 393216K, used 157279K [0x00000000e8000000, 0x0000000100000000, 0x0000000100000000)
 Metaspace       used 39732K, capacity 41397K, committed 41560K, reserved 1085440K
  class space    used 4543K, capacity 4953K, committed 4988K, reserved 1048576K
2018-10-23T07:39:08.971+0000: 18.917: [GC (Allocation Failure) 2018-10-23T07:39:08.971+0000: 18.917: [ParNew
Desired survivor size 20112992 bytes, new threshold 8 (max 8)
- age   1:    3405200 bytes,    3405200 total
- age   2:     120944 bytes,    3526144 total
- age   3:     134232 bytes,    3660376 total
- age   4:      90824 bytes,    3751200 total
- age   5:     252560 bytes,    4003760 total
- age   6:    1088024 bytes,    5091784 total
- age   7:    7388392 bytes,   12480176 total
- age   8:    3539424 bytes,   16019600 total
: 105358K->21824K(109248K), 0.0240636 secs] 262637K->179227K(502464K), 0.0241891 secs] [Times: user=0.05 sys=0.00, real=0.02 secs] 
Heap after GC invocations=92 (full 1):
 par new generation   total 109248K, used 21824K [0x00000000e0000000, 0x00000000e8000000, 0x00000000e8000000)
  eden space 87424K,   0% used [0x00000000e0000000, 0x00000000e0000000, 0x00000000e5560000)
  from space 21824K, 100% used [0x00000000e5560000, 0x00000000e6ab0000, 0x00000000e6ab0000)
  to   space 21824K,   0% used [0x00000000e6ab0000, 0x00000000e6ab0000, 0x00000000e8000000)
 concurrent mark-sweep generation total 393216K, used 157403K [0x00000000e8000000, 0x0000000100000000, 0x0000000100000000)
 Metaspace       used 39732K, capacity 41397K, committed 41560K, reserved 1085440K
  class space    used 4543K, capacity 4953K, committed 4988K, reserved 1048576K
}
2018-10-23T07:39:08.995+0000: 18.941: Total time for which application threads were stopped: 0.0309489 seconds, Stopping threads took: 0.0063446 seconds
2018-10-23T07:39:09.040+0000: 18.986: Total time for which application threads were stopped: 0.0005377 seconds, Stopping threads took: 0.0002327 seconds
2018-10-23T07:39:09.063+0000: 19.008: Total time for which application threads were stopped: 0.0003984 seconds, Stopping threads took: 0.0000883 seconds
2018-10-23T07:39:09.070+0000: 19.016: Total time for which application threads were stopped: 0.0003136 seconds, Stopping threads took: 0.0000530 seconds
2018-10-23T07:39:09.074+0000: 19.020: Total time for which application threads were stopped: 0.0006019 seconds, Stopping threads took: 0.0000372 seconds
2018-10-23T07:39:09.075+0000: 19.021: Total time for which application threads were stopped: 0.0005353 seconds, Stopping threads took: 0.0001447 seconds
2018-10-23T07:39:09.095+0000: 19.041: Total time for which application threads were stopped: 0.0058791 seconds, Stopping threads took: 0.0055279 seconds
{Heap before GC invocations=92 (full 1):
 par new generation   total 109248K, used 109248K [0x00000000e0000000, 0x00000000e8000000, 0x00000000e8000000)
  eden space 87424K, 100% used [0x00000000e0000000, 0x00000000e5560000, 0x00000000e5560000)
  from space 21824K, 100% used [0x00000000e5560000, 0x00000000e6ab0000, 0x00000000e6ab0000)
  to   space 21824K,   0% used [0x00000000e6ab0000, 0x00000000e6ab0000, 0x00000000e8000000)
 concurrent mark-sweep generation total 393216K, used 157403K [0x00000000e8000000, 0x0000000100000000, 0x0000000100000000)
 Metaspace       used 39747K, capacity 41461K, committed 41560K, reserved 1085440K
  class space    used 4543K, capacity 4953K, committed 4988K, reserved 1048576K
2018-10-23T07:39:09.161+0000: 19.107: [GC (Allocation Failure) 2018-10-23T07:39:09.161+0000: 19.107: [ParNew
Desired survivor size 20112992 bytes, new threshold 8 (max 8)
- age   1:   10284088 bytes,   10284088 total
- age   2:    3053992 bytes,   13338080 total
- age   3:     120184 bytes,   13458264 total
- age   4:     133440 bytes,   13591704 total
- age   5:      90824 bytes,   13682528 total
- age   6:     191856 bytes,   13874384 total
- age   7:    1073248 bytes,   14947632 total
- age   8:    6250072 bytes,   21197704 total
: 109248K->21824K(109248K), 0.0335347 secs] 266651K->184075K(502464K), 0.0336763 secs] [Times: user=0.07 sys=0.00, real=0.03 secs] 
Heap after GC invocations=93 (full 1):
 par new generation   total 109248K, used 21824K [0x00000000e0000000, 0x00000000e8000000, 0x00000000e8000000)
  eden space 87424K,   0% used [0x00000000e0000000, 0x00000000e0000000, 0x00000000e5560000)
  from space 21824K, 100% used [0x00000000e6ab0000, 0x00000000e8000000, 0x00000000e8000000)
  to   space 21824K,   0% used [0x00000000e5560000, 0x00000000e5560000, 0x00000000e6ab0000)
 concurrent mark-sweep generation total 393216K, used 162251K [0x00000000e8000000, 0x0000000100000000, 0x0000000100000000)
 Metaspace       used 39747K, capacity 41461K, committed 41560K, reserved 1085440K
  class space    used 4543K, capacity 4953K, committed 4988K, reserved 1048576K
}
2018-10-23T07:39:09.195+0000: 19.141: Total time for which application threads were stopped: 0.0344171 seconds, Stopping threads took: 0.0002625 seconds
2018-10-23T07:39:09.202+0000: 19.148: Total time for which application threads were stopped: 0.0037835 seconds, Stopping threads took: 0.0034837 seconds
2018-10-23T07:39:09.220+0000: 19.166: Total time for which application threads were stopped: 0.0064126 seconds, Stopping threads took: 0.0061056 seconds
2018-10-23T07:39:09.254+0000: 19.200: Total time for which application threads were stopped: 0.0060229 seconds, Stopping threads took: 0.0057141 seconds
{Heap before GC invocations=93 (full 1):
 par new generation   total 109248K, used 109248K [0x00000000e0000000, 0x00000000e8000000, 0x00000000e8000000)
  eden space 87424K, 100% used [0x00000000e0000000, 0x00000000e5560000, 0x00000000e5560000)
  from space 21824K, 100% used [0x00000000e6ab0000, 0x00000000e8000000, 0x00000000e8000000)
  to   space 21824K,   0% used [0x00000000e5560000, 0x00000000e5560000, 0x00000000e6ab0000)
 concurrent mark-sweep generation total 393216K, used 162251K [0x00000000e8000000, 0x0000000100000000, 0x0000000100000000)
 Metaspace       used 39751K, capacity 41461K, committed 41560K, reserved 1085440K
  class space    used 4543K, capacity 4953K, committed 4988K, reserved 1048576K
2018-10-23T07:39:09.272+0000: 19.218: [GC (Allocation Failure) 2018-10-23T07:39:09.272+0000: 19.218: [ParNew
Desired survivor size 20112992 bytes, new threshold 8 (max 8)
- age   1:     713312 bytes,     713312 total
- age   2:    9696720 bytes,   10410032 total
- age   3:    2885032 bytes,   13295064 total
- age   4:     120184 bytes,   13415248 total
- age   5:     132648 bytes,   13547896 total
- age   6:      90824 bytes,   13638720 total
- age   7:     191856 bytes,   13830576 total
- age   8:    1071600 bytes,   14902176 total
: 109248K->21824K(109248K), 0.0529155 secs] 271499K->190196K(502464K), 0.0530467 secs] [Times: user=0.07 sys=0.00, real=0.05 secs] 
Heap after GC invocations=94 (full 1):
 par new generation   total 109248K, used 21824K [0x00000000e0000000, 0x00000000e8000000, 0x00000000e8000000)
  eden space 87424K,   0% used [0x00000000e0000000, 0x00000000e0000000, 0x00000000e5560000)
  from space 21824K, 100% used [0x00000000e5560000, 0x00000000e6ab0000, 0x00000000e6ab0000)
  to   space 21824K,   0% used [0x00000000e6ab0000, 0x00000000e6ab0000, 0x00000000e8000000)
 concurrent mark-sweep generation total 393216K, used 168372K [0x00000000e8000000, 0x0000000100000000, 0x0000000100000000)
 Metaspace       used 39751K, capacity 41461K, committed 41560K, reserved 1085440K
  class space    used 4543K, capacity 4953K, committed 4988K, reserved 1048576K
}
2018-10-23T07:39:09.325+0000: 19.271: Total time for which application threads were stopped: 0.0535497 seconds, Stopping threads took: 0.0001054 seconds
{Heap before GC invocations=94 (full 1):
 par new generation   total 109248K, used 109248K [0x00000000e0000000, 0x00000000e8000000, 0x00000000e8000000)
  eden space 87424K, 100% used [0x00000000e0000000, 0x00000000e5560000, 0x00000000e5560000)
  from space 21824K, 100% used [0x00000000e5560000, 0x00000000e6ab0000, 0x00000000e6ab0000)
  to   space 21824K,   0% used [0x00000000e6ab0000, 0x00000000e6ab0000, 0x00000000e8000000)
 concurrent mark-sweep generation total 393216K, used 168372K [0x00000000e8000000, 0x0000000100000000, 0x0000000100000000)
 Metaspace       used 39751K, capacity 41461K, committed 41560K, reserved 1085440K
  class space    used 4543K, capacity 4953K, committed 4988K, reserved 1048576K
2018-10-23T07:39:09.375+0000: 19.321: [GC (Allocation Failure) 2018-10-23T07:39:09.375+0000: 19.321: [ParNew
Desired survivor size 20112992 bytes, new threshold 8 (max 8)
- age   1:    2352904 bytes,    2352904 total
- age   2:     439496 bytes,    2792400 total
- age   3:    9603232 bytes,   12395632 total
- age   4:    2885032 bytes,   15280664 total
- age   5:     120184 bytes,   15400848 total
- age   6:     131856 bytes,   15532704 total
- age   7:      90824 bytes,   15623528 total
- age   8:     191856 bytes,   15815384 total
: 109248K->19817K(109248K), 0.0494288 secs] 277620K->189241K(502464K), 0.0495579 secs] [Times: user=0.05 sys=0.00, real=0.05 secs] 
Heap after GC invocations=95 (full 1):
 par new generation   total 109248K, used 19817K [0x00000000e0000000, 0x00000000e8000000, 0x00000000e8000000)
  eden space 87424K,   0% used [0x00000000e0000000, 0x00000000e0000000, 0x00000000e5560000)
  from space 21824K,  90% used [0x00000000e6ab0000, 0x00000000e7e0a500, 0x00000000e8000000)
  to   space 21824K,   0% used [0x00000000e5560000, 0x00000000e5560000, 0x00000000e6ab0000)
 concurrent mark-sweep generation total 393216K, used 169424K [0x00000000e8000000, 0x0000000100000000, 0x0000000100000000)
 Metaspace       used 39751K, capacity 41461K, committed 41560K, reserved 1085440K
  class space    used 4543K, capacity 4953K, committed 4988K, reserved 1048576K
}
2018-10-23T07:39:09.425+0000: 19.371: Total time for which application threads were stopped: 0.0566569 seconds, Stopping threads took: 0.0066750 seconds
{Heap before GC invocations=95 (full 1):
 par new generation   total 109248K, used 107241K [0x00000000e0000000, 0x00000000e8000000, 0x00000000e8000000)
  eden space 87424K, 100% used [0x00000000e0000000, 0x00000000e5560000, 0x00000000e5560000)
  from space 21824K,  90% used [0x00000000e6ab0000, 0x00000000e7e0a500, 0x00000000e8000000)
  to   space 21824K,   0% used [0x00000000e5560000, 0x00000000e5560000, 0x00000000e6ab0000)
 concurrent mark-sweep generation total 393216K, used 169424K [0x00000000e8000000, 0x0000000100000000, 0x0000000100000000)
 Metaspace       used 39792K, capacity 41461K, committed 41560K, reserved 1085440K
  class space    used 4543K, capacity 4953K, committed 4988K, reserved 1048576K
2018-10-23T07:39:09.501+0000: 19.447: [GC (Allocation Failure) 2018-10-23T07:39:09.501+0000: 19.447: [ParNew
Desired survivor size 20112992 bytes, new threshold 8 (max 8)
- age   1:    1320832 bytes,    1320832 total
- age   2:    1463464 bytes,    2784296 total
- age   3:     435336 bytes,    3219632 total
- age   4:    9602552 bytes,   12822184 total
- age   5:    2917024 bytes,   15739208 total
- age   6:     119192 bytes,   15858400 total
- age   7:     130336 bytes,   15988736 total
- age   8:      90824 bytes,   16079560 total
: 107241K->21824K(109248K), 0.0481467 secs] 276665K->191437K(502464K), 0.0482975 secs] [Times: user=0.04 sys=0.00, real=0.04 secs] 
Heap after GC invocations=96 (full 1):
 par new generation   total 109248K, used 21824K [0x00000000e0000000, 0x00000000e8000000, 0x00000000e8000000)
  eden space 87424K,   0% used [0x00000000e0000000, 0x00000000e0000000, 0x00000000e5560000)
  from space 21824K, 100% used [0x00000000e5560000, 0x00000000e6ab0000, 0x00000000e6ab0000)
  to   space 21824K,   0% used [0x00000000e6ab0000, 0x00000000e6ab0000, 0x00000000e8000000)
 concurrent mark-sweep generation total 393216K, used 169613K [0x00000000e8000000, 0x0000000100000000, 0x0000000100000000)
 Metaspace       used 39792K, capacity 41461K, committed 41560K, reserved 1085440K
  class space    used 4543K, capacity 4953K, committed 4988K, reserved 1048576K
}
2018-10-23T07:39:09.550+0000: 19.495: Total time for which application threads were stopped: 0.0489383 seconds, Stopping threads took: 0.0001975 seconds
2018-10-23T07:39:09.554+0000: 19.500: Total time for which application threads were stopped: 0.0003808 seconds, Stopping threads took: 0.0000862 seconds
{Heap before GC invocations=96 (full 1):
 par new generation   total 109248K, used 109248K [0x00000000e0000000, 0x00000000e8000000, 0x00000000e8000000)
  eden space 87424K, 100% used [0x00000000e0000000, 0x00000000e5560000, 0x00000000e5560000)
  from space 21824K, 100% used [0x00000000e5560000, 0x00000000e6ab0000, 0x00000000e6ab0000)
  to   space 21824K,   0% used [0x00000000e6ab0000, 0x00000000e6ab0000, 0x00000000e8000000)
 concurrent mark-sweep generation total 393216K, used 169613K [0x00000000e8000000, 0x0000000100000000, 0x0000000100000000)
 Metaspace       used 39792K, capacity 41461K, committed 41560K, reserved 1085440K
  class space    used 4543K, capacity 4953K, committed 4988K, reserved 1048576K
2018-10-23T07:39:09.611+0000: 19.557: [GC (Allocation Failure) 2018-10-23T07:39:09.611+0000: 19.557: [ParNew
Desired survivor size 20112992 bytes, new threshold 8 (max 8)
- age   1:    1584328 bytes,    1584328 total
- age   2:     481104 bytes,    2065432 total
- age   3:    1463264 bytes,    3528696 total
- age   4:     435336 bytes,    3964032 total
- age   5:    9595352 bytes,   13559384 total
- age   6:    2884240 bytes,   16443624 total
- age   7:     118536 bytes,   16562160 total
- age   8:     130336 bytes,   16692496 total
: 109248K->21125K(109248K), 0.0364528 secs] 278861K->190830K(502464K), 0.0365941 secs] [Times: user=0.04 sys=0.00, real=0.03 secs] 
Heap after GC invocations=97 (full 1):
 par new generation   total 109248K, used 21125K [0x00000000e0000000, 0x00000000e8000000, 0x00000000e8000000)
  eden space 87424K,   0% used [0x00000000e0000000, 0x00000000e0000000, 0x00000000e5560000)
  from space 21824K,  96% used [0x00000000e6ab0000, 0x00000000e7f514b8, 0x00000000e8000000)
  to   space 21824K,   0% used [0x00000000e5560000, 0x00000000e5560000, 0x00000000e6ab0000)
 concurrent mark-sweep generation total 393216K, used 169704K [0x00000000e8000000, 0x0000000100000000, 0x0000000100000000)
 Metaspace       used 39792K, capacity 41461K, committed 41560K, reserved 1085440K
  class space    used 4543K, capacity 4953K, committed 4988K, reserved 1048576K
}
2018-10-23T07:39:09.648+0000: 19.594: Total time for which application threads were stopped: 0.0371580 seconds, Stopping threads took: 0.0001493 seconds
{Heap before GC invocations=97 (full 1):
 par new generation   total 109248K, used 108521K [0x00000000e0000000, 0x00000000e8000000, 0x00000000e8000000)
  eden space 87424K,  99% used [0x00000000e0000000, 0x00000000e55590b8, 0x00000000e5560000)
  from space 21824K,  96% used [0x00000000e6ab0000, 0x00000000e7f514b8, 0x00000000e8000000)
  to   space 21824K,   0% used [0x00000000e5560000, 0x00000000e5560000, 0x00000000e6ab0000)
 concurrent mark-sweep generation total 393216K, used 169704K [0x00000000e8000000, 0x0000000100000000, 0x0000000100000000)
 Metaspace       used 39793K, capacity 41461K, committed 41560K, reserved 1085440K
  class space    used 4543K, capacity 4953K, committed 4988K, reserved 1048576K
2018-10-23T07:39:09.701+0000: 19.647: [GC (Allocation Failure) 2018-10-23T07:39:09.701+0000: 19.647: [ParNew
Desired survivor size 20112992 bytes, new threshold 8 (max 8)
- age   1:     533752 bytes,     533752 total
- age   2:    1075112 bytes,    1608864 total
- age   3:     455936 bytes,    2064800 total
- age   4:    1460744 bytes,    3525544 total
- age   5:     428304 bytes,    3953848 total
- age   6:    8854104 bytes,   12807952 total
- age   7:    2883992 bytes,   15691944 total
- age   8:     118464 bytes,   15810408 total
: 108521K->21150K(109248K), 0.0543009 secs] 278226K->190968K(502464K), 0.0546465 secs] [Times: user=0.04 sys=0.00, real=0.05 secs] 
Heap after GC invocations=98 (full 1):
 par new generation   total 109248K, used 21150K [0x00000000e0000000, 0x00000000e8000000, 0x00000000e8000000)
  eden space 87424K,   0% used [0x00000000e0000000, 0x00000000e0000000, 0x00000000e5560000)
  from space 21824K,  96% used [0x00000000e5560000, 0x00000000e6a07990, 0x00000000e6ab0000)
  to   space 21824K,   0% used [0x00000000e6ab0000, 0x00000000e6ab0000, 0x00000000e8000000)
 concurrent mark-sweep generation total 393216K, used 169818K [0x00000000e8000000, 0x0000000100000000, 0x0000000100000000)
 Metaspace       used 39793K, capacity 41461K, committed 41560K, reserved 1085440K
  class space    used 4543K, capacity 4953K, committed 4988K, reserved 1048576K
}
2018-10-23T07:39:09.756+0000: 19.702: Total time for which application threads were stopped: 0.0551778 seconds, Stopping threads took: 0.0001166 seconds
2018-10-23T07:39:09.881+0000: 19.827: Total time for which application threads were stopped: 0.0003937 seconds, Stopping threads took: 0.0001036 seconds
{Heap before GC invocations=98 (full 1):
 par new generation   total 109248K, used 108535K [0x00000000e0000000, 0x00000000e8000000, 0x00000000e8000000)
  eden space 87424K,  99% used [0x00000000e0000000, 0x00000000e5556388, 0x00000000e5560000)
  from space 21824K,  96% used [0x00000000e5560000, 0x00000000e6a07990, 0x00000000e6ab0000)
  to   space 21824K,   0% used [0x00000000e6ab0000, 0x00000000e6ab0000, 0x00000000e8000000)
 concurrent mark-sweep generation total 393216K, used 169818K [0x00000000e8000000, 0x0000000100000000, 0x0000000100000000)
 Metaspace       used 39793K, capacity 41461K, committed 41560K, reserved 1085440K
  class space    used 4543K, capacity 4953K, committed 4988K, reserved 1048576K
2018-10-23T07:39:09.929+0000: 19.875: [GC (Allocation Failure) 2018-10-23T07:39:09.929+0000: 19.875: [ParNew
Desired survivor size 20112992 bytes, new threshold 8 (max 8)
- age   1:    2563624 bytes,    2563624 total
- age   2:     216744 bytes,    2780368 total
- age   3:     217264 bytes,    2997632 total
- age   4:     280104 bytes,    3277736 total
- age   5:     732448 bytes,    4010184 total
- age   6:     428304 bytes,    4438488 total
- age   7:    8798880 bytes,   13237368 total
- age   8:    2916776 bytes,   16154144 total
: 108535K->21738K(109248K), 0.0325451 secs] 278353K->191675K(502464K), 0.0326507 secs] [Times: user=0.06 sys=0.00, real=0.04 secs] 
Heap after GC invocations=99 (full 1):
 par new generation   total 109248K, used 21738K [0x00000000e0000000, 0x00000000e8000000, 0x00000000e8000000)
  eden space 87424K,   0% used [0x00000000e0000000, 0x00000000e0000000, 0x00000000e5560000)
  from space 21824K,  99% used [0x00000000e6ab0000, 0x00000000e7feaaa8, 0x00000000e8000000)
  to   space 21824K,   0% used [0x00000000e5560000, 0x00000000e5560000, 0x00000000e6ab0000)
 concurrent mark-sweep generation total 393216K, used 169936K [0x00000000e8000000, 0x0000000100000000, 0x0000000100000000)
 Metaspace       used 39793K, capacity 41461K, committed 41560K, reserved 1085440K
  class space    used 4543K, capacity 4953K, committed 4988K, reserved 1048576K
}
2018-10-23T07:39:09.961+0000: 19.907: Total time for which application threads were stopped: 0.0345841 seconds, Stopping threads took: 0.0015484 seconds
2018-10-23T07:39:10.000+0000: 19.946: Total time for which application threads were stopped: 0.0009290 seconds, Stopping threads took: 0.0005906 seconds
{Heap before GC invocations=99 (full 1):
 par new generation   total 109248K, used 109162K [0x00000000e0000000, 0x00000000e8000000, 0x00000000e8000000)
  eden space 87424K, 100% used [0x00000000e0000000, 0x00000000e5560000, 0x00000000e5560000)
  from space 21824K,  99% used [0x00000000e6ab0000, 0x00000000e7feaaa8, 0x00000000e8000000)
  to   space 21824K,   0% used [0x00000000e5560000, 0x00000000e5560000, 0x00000000e6ab0000)
 concurrent mark-sweep generation total 393216K, used 169936K [0x00000000e8000000, 0x0000000100000000, 0x0000000100000000)
 Metaspace       used 39805K, capacity 41461K, committed 41560K, reserved 1085440K
  class space    used 4543K, capacity 4953K, committed 4988K, reserved 1048576K
2018-10-23T07:39:10.134+0000: 20.080: [GC (Allocation Failure) 2018-10-23T07:39:10.134+0000: 20.080: [ParNew
Desired survivor size 20112992 bytes, new threshold 8 (max 8)
- age   1:    8143592 bytes,    8143592 total
- age   2:    1832872 bytes,    9976464 total
- age   3:     188680 bytes,   10165144 total
- age   4:     156304 bytes,   10321448 total
- age   5:     270264 bytes,   10591712 total
- age   6:     672064 bytes,   11263776 total
- age   7:     424760 bytes,   11688536 total
- age   8:    8640000 bytes,   20328536 total
: 109162K->21824K(109248K), 0.0545126 secs] 279099K->195030K(502464K), 0.0546432 secs] [Times: user=0.07 sys=0.00, real=0.05 secs] 
Heap after GC invocations=100 (full 1):
 par new generation   total 109248K, used 21824K [0x00000000e0000000, 0x00000000e8000000, 0x00000000e8000000)
  eden space 87424K,   0% used [0x00000000e0000000, 0x00000000e0000000, 0x00000000e5560000)
  from space 21824K, 100% used [0x00000000e5560000, 0x00000000e6ab0000, 0x00000000e6ab0000)
  to   space 21824K,   0% used [0x00000000e6ab0000, 0x00000000e6ab0000, 0x00000000e8000000)
 concurrent mark-sweep generation total 393216K, used 173206K [0x00000000e8000000, 0x0000000100000000, 0x0000000100000000)
 Metaspace       used 39805K, capacity 41461K, committed 41560K, reserved 1085440K
  class space    used 4543K, capacity 4953K, committed 4988K, reserved 1048576K
}
2018-10-23T07:39:10.189+0000: 20.135: Total time for which application threads were stopped: 0.0670196 seconds, Stopping threads took: 0.0119338 seconds
2018-10-23T07:39:10.190+0000: 20.136: Total time for which application threads were stopped: 0.0011099 seconds, Stopping threads took: 0.0000553 seconds
2018-10-23T07:39:10.230+0000: 20.175: Total time for which application threads were stopped: 0.0016004 seconds, Stopping threads took: 0.0013011 seconds
2018-10-23T07:39:10.266+0000: 20.212: Total time for which application threads were stopped: 0.0037911 seconds, Stopping threads took: 0.0034563 seconds
{Heap before GC invocations=100 (full 1):
 par new generation   total 109248K, used 109248K [0x00000000e0000000, 0x00000000e8000000, 0x00000000e8000000)
  eden space 87424K, 100% used [0x00000000e0000000, 0x00000000e5560000, 0x00000000e5560000)
  from space 21824K, 100% used [0x00000000e5560000, 0x00000000e6ab0000, 0x00000000e6ab0000)
  to   space 21824K,   0% used [0x00000000e6ab0000, 0x00000000e6ab0000, 0x00000000e8000000)
 concurrent mark-sweep generation total 393216K, used 173206K [0x00000000e8000000, 0x0000000100000000, 0x0000000100000000)
 Metaspace       used 39816K, capacity 41461K, committed 41560K, reserved 1085440K
  class space    used 4543K, capacity 4953K, committed 4988K, reserved 1048576K
2018-10-23T07:39:10.285+0000: 20.230: [GC (Allocation Failure) 2018-10-23T07:39:10.285+0000: 20.230: [ParNew
Desired survivor size 20112992 bytes, new threshold 8 (max 8)
- age   1:    3619448 bytes,    3619448 total
- age   2:    7775056 bytes,   11394504 total
- age   3:    1764888 bytes,   13159392 total
- age   4:     187888 bytes,   13347280 total
- age   5:     156256 bytes,   13503536 total
- age   6:     270184 bytes,   13773720 total
- age   7:     672016 bytes,   14445736 total
- age   8:     423736 bytes,   14869472 total
: 109248K->21824K(109248K), 0.0681139 secs] 282454K->203779K(502464K), 0.0682611 secs] [Times: user=0.08 sys=0.00, real=0.07 secs] 
Heap after GC invocations=101 (full 1):
 par new generation   total 109248K, used 21824K [0x00000000e0000000, 0x00000000e8000000, 0x00000000e8000000)
  eden space 87424K,   0% used [0x00000000e0000000, 0x00000000e0000000, 0x00000000e5560000)
  from space 21824K, 100% used [0x00000000e6ab0000, 0x00000000e8000000, 0x00000000e8000000)
  to   space 21824K,   0% used [0x00000000e5560000, 0x00000000e5560000, 0x00000000e6ab0000)
 concurrent mark-sweep generation total 393216K, used 181955K [0x00000000e8000000, 0x0000000100000000, 0x0000000100000000)
 Metaspace       used 39816K, capacity 41461K, committed 41560K, reserved 1085440K
  class space    used 4543K, capacity 4953K, committed 4988K, reserved 1048576K
}
2018-10-23T07:39:10.353+0000: 20.299: Total time for which application threads were stopped: 0.0687479 seconds, Stopping threads took: 0.0000659 seconds
2018-10-23T07:39:10.590+0000: 20.536: Total time for which application threads were stopped: 0.0006296 seconds, Stopping threads took: 0.0002875 seconds
2018-10-23T07:39:15.490+0000: 25.436: Total time for which application threads were stopped: 0.0012110 seconds, Stopping threads took: 0.0000940 seconds
2018-10-23T07:39:15.491+0000: 25.436: Total time for which application threads were stopped: 0.0004692 seconds, Stopping threads took: 0.0000322 seconds
2018-10-23T07:39:15.492+0000: 25.438: Total time for which application threads were stopped: 0.0002704 seconds, Stopping threads took: 0.0001252 seconds
2018-10-23T07:39:15.492+0000: 25.438: Total time for which application threads were stopped: 0.0001889 seconds, Stopping threads took: 0.0000544 seconds
2018-10-23T07:39:15.495+0000: 25.441: Total time for which application threads were stopped: 0.0003664 seconds, Stopping threads took: 0.0001741 seconds
2018-10-23T07:39:15.496+0000: 25.441: Total time for which application threads were stopped: 0.0002878 seconds, Stopping threads took: 0.0001408 seconds
2018-10-23T07:39:15.498+0000: 25.444: Total time for which application threads were stopped: 0.0002878 seconds, Stopping threads took: 0.0001255 seconds
2018-10-23T07:39:15.555+0000: 25.500: Total time for which application threads were stopped: 0.0003439 seconds, Stopping threads took: 0.0000865 seconds
2018-10-23T07:39:16.047+0000: 25.993: Total time for which application threads were stopped: 0.0004285 seconds, Stopping threads took: 0.0001319 seconds
2018-10-23T07:39:16.172+0000: 26.118: Total time for which application threads were stopped: 0.0012369 seconds, Stopping threads took: 0.0000832 seconds
2018-10-23T07:39:16.388+0000: 26.333: Total time for which application threads were stopped: 0.0009605 seconds, Stopping threads took: 0.0001928 seconds
2018-10-23T07:39:16.398+0000: 26.344: Total time for which application threads were stopped: 0.0003554 seconds, Stopping threads took: 0.0000672 seconds
2018-10-23T07:39:16.398+0000: 26.344: Total time for which application threads were stopped: 0.0002395 seconds, Stopping threads took: 0.0000508 seconds
2018-10-23T07:39:17.399+0000: 27.345: Total time for which application threads were stopped: 0.0005930 seconds, Stopping threads took: 0.0002785 seconds
{Heap before GC invocations=101 (full 1):
 par new generation   total 109248K, used 109241K [0x00000000e0000000, 0x00000000e8000000, 0x00000000e8000000)
  eden space 87424K,  99% used [0x00000000e0000000, 0x00000000e555e5b8, 0x00000000e5560000)
  from space 21824K, 100% used [0x00000000e6ab0000, 0x00000000e8000000, 0x00000000e8000000)
  to   space 21824K,   0% used [0x00000000e5560000, 0x00000000e5560000, 0x00000000e6ab0000)
 concurrent mark-sweep generation total 393216K, used 181955K [0x00000000e8000000, 0x0000000100000000, 0x0000000100000000)
 Metaspace       used 40117K, capacity 41827K, committed 42072K, reserved 1087488K
  class space    used 4573K, capacity 4962K, committed 4988K, reserved 1048576K
2018-10-23T07:39:17.439+0000: 27.385: [GC (Allocation Failure) 2018-10-23T07:39:17.439+0000: 27.385: [ParNew
Desired survivor size 20112992 bytes, new threshold 8 (max 8)
- age   1:    5539112 bytes,    5539112 total
- age   2:    3193936 bytes,    8733048 total
- age   3:    6811080 bytes,   15544128 total
- age   4:    1764824 bytes,   17308952 total
- age   5:     167544 bytes,   17476496 total
- age   6:     156256 bytes,   17632752 total
- age   7:     266760 bytes,   17899512 total
- age   8:     670304 bytes,   18569816 total
: 109241K->21824K(109248K), 0.0210297 secs] 291197K->204199K(502464K), 0.0211893 secs] [Times: user=0.06 sys=0.00, real=0.02 secs] 
Heap after GC invocations=102 (full 1):
 par new generation   total 109248K, used 21824K [0x00000000e0000000, 0x00000000e8000000, 0x00000000e8000000)
  eden space 87424K,   0% used [0x00000000e0000000, 0x00000000e0000000, 0x00000000e5560000)
  from space 21824K, 100% used [0x00000000e5560000, 0x00000000e6ab0000, 0x00000000e6ab0000)
  to   space 21824K,   0% used [0x00000000e6ab0000, 0x00000000e6ab0000, 0x00000000e8000000)
 concurrent mark-sweep generation total 393216K, used 182375K [0x00000000e8000000, 0x0000000100000000, 0x0000000100000000)
 Metaspace       used 40117K, capacity 41827K, committed 42072K, reserved 1087488K
  class space    used 4573K, capacity 4962K, committed 4988K, reserved 1048576K
}
2018-10-23T07:39:17.460+0000: 27.406: Total time for which application threads were stopped: 0.0217383 seconds, Stopping threads took: 0.0000837 seconds
{Heap before GC invocations=102 (full 1):
 par new generation   total 109248K, used 109248K [0x00000000e0000000, 0x00000000e8000000, 0x00000000e8000000)
  eden space 87424K, 100% used [0x00000000e0000000, 0x00000000e5560000, 0x00000000e5560000)
  from space 21824K, 100% used [0x00000000e5560000, 0x00000000e6ab0000, 0x00000000e6ab0000)
  to   space 21824K,   0% used [0x00000000e6ab0000, 0x00000000e6ab0000, 0x00000000e8000000)
 concurrent mark-sweep generation total 393216K, used 182375K [0x00000000e8000000, 0x0000000100000000, 0x0000000100000000)
 Metaspace       used 40120K, capacity 41827K, committed 42072K, reserved 1087488K
  class space    used 4573K, capacity 4962K, committed 4988K, reserved 1048576K
2018-10-23T07:39:17.512+0000: 27.458: [GC (Allocation Failure) 2018-10-23T07:39:17.512+0000: 27.458: [ParNew
Desired survivor size 20112992 bytes, new threshold 8 (max 8)
- age   1:    1441552 bytes,    1441552 total
- age   2:    4889040 bytes,    6330592 total
- age   3:    3190928 bytes,    9521520 total
- age   4:    6746264 bytes,   16267784 total
- age   5:    1764824 bytes,   18032608 total
- age   6:     167544 bytes,   18200152 total
- age   7:     156256 bytes,   18356408 total
- age   8:     266760 bytes,   18623168 total
: 109248K->21824K(109248K), 0.0342474 secs] 291623K->205018K(502464K), 0.0343960 secs] [Times: user=0.04 sys=0.00, real=0.03 secs] 
Heap after GC invocations=103 (full 1):
 par new generation   total 109248K, used 21824K [0x00000000e0000000, 0x00000000e8000000, 0x00000000e8000000)
  eden space 87424K,   0% used [0x00000000e0000000, 0x00000000e0000000, 0x00000000e5560000)
  from space 21824K, 100% used [0x00000000e6ab0000, 0x00000000e8000000, 0x00000000e8000000)
  to   space 21824K,   0% used [0x00000000e5560000, 0x00000000e5560000, 0x00000000e6ab0000)
 concurrent mark-sweep generation total 393216K, used 183194K [0x00000000e8000000, 0x0000000100000000, 0x0000000100000000)
 Metaspace       used 40120K, capacity 41827K, committed 42072K, reserved 1087488K
  class space    used 4573K, capacity 4962K, committed 4988K, reserved 1048576K
}
2018-10-23T07:39:17.547+0000: 27.492: Total time for which application threads were stopped: 0.0349893 seconds, Stopping threads took: 0.0001198 seconds
{Heap before GC invocations=103 (full 1):
 par new generation   total 109248K, used 109231K [0x00000000e0000000, 0x00000000e8000000, 0x00000000e8000000)
  eden space 87424K,  99% used [0x00000000e0000000, 0x00000000e555bdd0, 0x00000000e5560000)
  from space 21824K, 100% used [0x00000000e6ab0000, 0x00000000e8000000, 0x00000000e8000000)
  to   space 21824K,   0% used [0x00000000e5560000, 0x00000000e5560000, 0x00000000e6ab0000)
 concurrent mark-sweep generation total 393216K, used 183194K [0x00000000e8000000, 0x0000000100000000, 0x0000000100000000)
 Metaspace       used 40121K, capacity 41827K, committed 42072K, reserved 1087488K
  class space    used 4573K, capacity 4962K, committed 4988K, reserved 1048576K
2018-10-23T07:39:17.576+0000: 27.522: [GC (Allocation Failure) 2018-10-23T07:39:17.576+0000: 27.522: [ParNew
Desired survivor size 20112992 bytes, new threshold 8 (max 8)
- age   1:     924584 bytes,     924584 total
- age   2:     978568 bytes,    1903152 total
- age   3:    4235184 bytes,    6138336 total
- age   4:    3187936 bytes,    9326272 total
- age   5:    6331160 bytes,   15657432 total
- age   6:    1760688 bytes,   17418120 total
- age   7:     167544 bytes,   17585664 total
- age   8:     156256 bytes,   17741920 total
: 109231K->21824K(109248K), 0.0372343 secs] 292425K->206185K(502464K), 0.0374177 secs] [Times: user=0.08 sys=0.00, real=0.04 secs] 
Heap after GC invocations=104 (full 1):
 par new generation   total 109248K, used 21824K [0x00000000e0000000, 0x00000000e8000000, 0x00000000e8000000)
  eden space 87424K,   0% used [0x00000000e0000000, 0x00000000e0000000, 0x00000000e5560000)
  from space 21824K, 100% used [0x00000000e5560000, 0x00000000e6ab0000, 0x00000000e6ab0000)
  to   space 21824K,   0% used [0x00000000e6ab0000, 0x00000000e6ab0000, 0x00000000e8000000)
 concurrent mark-sweep generation total 393216K, used 184361K [0x00000000e8000000, 0x0000000100000000, 0x0000000100000000)
 Metaspace       used 40121K, capacity 41827K, committed 42072K, reserved 1087488K
  class space    used 4573K, capacity 4962K, committed 4988K, reserved 1048576K
}
2018-10-23T07:39:17.613+0000: 27.559: Total time for which application threads were stopped: 0.0380203 seconds, Stopping threads took: 0.0001438 seconds
{Heap before GC invocations=104 (full 1):
 par new generation   total 109248K, used 109248K [0x00000000e0000000, 0x00000000e8000000, 0x00000000e8000000)
  eden space 87424K, 100% used [0x00000000e0000000, 0x00000000e5560000, 0x00000000e5560000)
  from space 21824K, 100% used [0x00000000e5560000, 0x00000000e6ab0000, 0x00000000e6ab0000)
  to   space 21824K,   0% used [0x00000000e6ab0000, 0x00000000e6ab0000, 0x00000000e8000000)
 concurrent mark-sweep generation total 393216K, used 184361K [0x00000000e8000000, 0x0000000100000000, 0x0000000100000000)
 Metaspace       used 40121K, capacity 41827K, committed 42072K, reserved 1087488K
  class space    used 4573K, capacity 4962K, committed 4988K, reserved 1048576K
2018-10-23T07:39:17.641+0000: 27.586: [GC (Allocation Failure) 2018-10-23T07:39:17.641+0000: 27.587: [ParNew
Desired survivor size 20112992 bytes, new threshold 8 (max 8)
- age   1:     125520 bytes,     125520 total
- age   2:     686728 bytes,     812248 total
- age   3:     582544 bytes,    1394792 total
- age   4:    4153080 bytes,    5547872 total
- age   5:    3184672 bytes,    8732544 total
- age   6:    6190816 bytes,   14923360 total
- age   7:    1551712 bytes,   16475072 total
- age   8:     128488 bytes,   16603560 total
: 109248K->21824K(109248K), 0.0430148 secs] 293609K->207422K(502464K), 0.0431657 secs] [Times: user=0.04 sys=0.00, real=0.04 secs] 
Heap after GC invocations=105 (full 1):
 par new generation   total 109248K, used 21824K [0x00000000e0000000, 0x00000000e8000000, 0x00000000e8000000)
  eden space 87424K,   0% used [0x00000000e0000000, 0x00000000e0000000, 0x00000000e5560000)
  from space 21824K, 100% used [0x00000000e6ab0000, 0x00000000e8000000, 0x00000000e8000000)
  to   space 21824K,   0% used [0x00000000e5560000, 0x00000000e5560000, 0x00000000e6ab0000)
 concurrent mark-sweep generation total 393216K, used 185598K [0x00000000e8000000, 0x0000000100000000, 0x0000000100000000)
 Metaspace       used 40121K, capacity 41827K, committed 42072K, reserved 1087488K
  class space    used 4573K, capacity 4962K, committed 4988K, reserved 1048576K
}
2018-10-23T07:39:17.684+0000: 27.630: Total time for which application threads were stopped: 0.0437207 seconds, Stopping threads took: 0.0000970 seconds
{Heap before GC invocations=105 (full 1):
 par new generation   total 109248K, used 109248K [0x00000000e0000000, 0x00000000e8000000, 0x00000000e8000000)
  eden space 87424K, 100% used [0x00000000e0000000, 0x00000000e5560000, 0x00000000e5560000)
  from space 21824K, 100% used [0x00000000e6ab0000, 0x00000000e8000000, 0x00000000e8000000)
  to   space 21824K,   0% used [0x00000000e5560000, 0x00000000e5560000, 0x00000000e6ab0000)
 concurrent mark-sweep generation total 393216K, used 185598K [0x00000000e8000000, 0x0000000100000000, 0x0000000100000000)
 Metaspace       used 40139K, capacity 41827K, committed 42072K, reserved 1087488K
  class space    used 4573K, capacity 4962K, committed 4988K, reserved 1048576K
2018-10-23T07:39:17.834+0000: 27.780: [GC (Allocation Failure) 2018-10-23T07:39:17.834+0000: 27.780: [ParNew
Desired survivor size 20112992 bytes, new threshold 8 (max 8)
- age   1:    1103712 bytes,    1103712 total
- age   2:      56008 bytes,    1159720 total
- age   3:     117032 bytes,    1276752 total
- age   4:     223544 bytes,    1500296 total
- age   5:    4153080 bytes,    5653376 total
- age   6:    3184672 bytes,    8838048 total
- age   7:    6190816 bytes,   15028864 total
- age   8:    1617280 bytes,   16646144 total
: 109248K->20847K(109248K), 0.0283021 secs] 294846K->206573K(502464K), 0.0284346 secs] [Times: user=0.05 sys=0.00, real=0.03 secs] 
Heap after GC invocations=106 (full 1):
 par new generation   total 109248K, used 20847K [0x00000000e0000000, 0x00000000e8000000, 0x00000000e8000000)
  eden space 87424K,   0% used [0x00000000e0000000, 0x00000000e0000000, 0x00000000e5560000)
  from space 21824K,  95% used [0x00000000e5560000, 0x00000000e69bbe40, 0x00000000e6ab0000)
  to   space 21824K,   0% used [0x00000000e6ab0000, 0x00000000e6ab0000, 0x00000000e8000000)
 concurrent mark-sweep generation total 393216K, used 185726K [0x00000000e8000000, 0x0000000100000000, 0x0000000100000000)
 Metaspace       used 40139K, capacity 41827K, committed 42072K, reserved 1087488K
  class space    used 4573K, capacity 4962K, committed 4988K, reserved 1048576K
}
2018-10-23T07:39:17.863+0000: 27.809: Total time for which application threads were stopped: 0.0289735 seconds, Stopping threads took: 0.0000809 seconds
2018-10-23T07:39:17.982+0000: 27.927: Total time for which application threads were stopped: 0.0009885 seconds, Stopping threads took: 0.0001803 seconds
2018-10-23T07:39:18.479+0000: 28.425: Total time for which application threads were stopped: 0.0004146 seconds, Stopping threads took: 0.0000888 seconds
2018-10-23T07:39:18.480+0000: 28.425: Total time for which application threads were stopped: 0.0002573 seconds, Stopping threads took: 0.0000560 seconds
2018-10-23T07:39:18.480+0000: 28.426: Total time for which application threads were stopped: 0.0002591 seconds, Stopping threads took: 0.0000895 seconds
2018-10-23T07:39:18.481+0000: 28.427: Total time for which application threads were stopped: 0.0002617 seconds, Stopping threads took: 0.0000922 seconds
2018-10-23T07:39:19.482+0000: 29.427: Total time for which application threads were stopped: 0.0003841 seconds, Stopping threads took: 0.0000932 seconds
2018-10-23T07:39:20.482+0000: 30.428: Total time for which application threads were stopped: 0.0004001 seconds, Stopping threads took: 0.0000929 seconds
2018-10-23T07:39:24.782+0000: 34.728: Total time for which application threads were stopped: 0.0003933 seconds, Stopping threads took: 0.0000952 seconds
2018-10-23T07:39:24.783+0000: 34.729: Total time for which application threads were stopped: 0.0002195 seconds, Stopping threads took: 0.0000779 seconds
2018-10-23T07:39:24.785+0000: 34.731: Total time for which application threads were stopped: 0.0003014 seconds, Stopping threads took: 0.0001291 seconds
2018-10-23T07:39:24.786+0000: 34.731: Total time for which application threads were stopped: 0.0002213 seconds, Stopping threads took: 0.0000815 seconds
2018-10-23T07:39:24.795+0000: 34.740: Total time for which application threads were stopped: 0.0008688 seconds, Stopping threads took: 0.0000603 seconds
2018-10-23T07:39:25.795+0000: 35.741: Total time for which application threads were stopped: 0.0004404 seconds, Stopping threads took: 0.0000918 seconds
2018-10-23T07:39:27.629+0000: 37.574: Total time for which application threads were stopped: 0.0004855 seconds, Stopping threads took: 0.0001802 seconds
2018-10-23T07:39:27.629+0000: 37.575: Total time for which application threads were stopped: 0.0003322 seconds, Stopping threads took: 0.0001458 seconds
2018-10-23T07:39:27.629+0000: 37.575: Total time for which application threads were stopped: 0.0002990 seconds, Stopping threads took: 0.0001517 seconds
2018-10-23T07:39:27.630+0000: 37.576: Total time for which application threads were stopped: 0.0002967 seconds, Stopping threads took: 0.0001556 seconds
2018-10-23T07:39:27.630+0000: 37.576: Total time for which application threads were stopped: 0.0001897 seconds, Stopping threads took: 0.0000530 seconds
2018-10-23T07:39:27.631+0000: 37.577: Total time for which application threads were stopped: 0.0002950 seconds, Stopping threads took: 0.0001424 seconds
2018-10-23T07:39:27.632+0000: 37.577: Total time for which application threads were stopped: 0.0003165 seconds, Stopping threads took: 0.0001691 seconds
2018-10-23T07:39:27.632+0000: 37.578: Total time for which application threads were stopped: 0.0003509 seconds, Stopping threads took: 0.0001946 seconds
2018-10-23T07:39:27.632+0000: 37.578: Total time for which application threads were stopped: 0.0003384 seconds, Stopping threads took: 0.0001542 seconds
2018-10-23T07:39:27.634+0000: 37.580: Total time for which application threads were stopped: 0.0001961 seconds, Stopping threads took: 0.0000531 seconds
2018-10-23T07:39:27.634+0000: 37.580: Total time for which application threads were stopped: 0.0002305 seconds, Stopping threads took: 0.0000900 seconds
2018-10-23T07:39:27.634+0000: 37.580: Total time for which application threads were stopped: 0.0001976 seconds, Stopping threads took: 0.0000557 seconds
2018-10-23T07:39:27.635+0000: 37.581: Total time for which application threads were stopped: 0.0003539 seconds, Stopping threads took: 0.0001878 seconds
2018-10-23T07:39:27.636+0000: 37.582: Total time for which application threads were stopped: 0.0002573 seconds, Stopping threads took: 0.0001045 seconds
2018-10-23T07:39:27.636+0000: 37.582: Total time for which application threads were stopped: 0.0002891 seconds, Stopping threads took: 0.0001438 seconds
2018-10-23T07:39:27.640+0000: 37.586: Total time for which application threads were stopped: 0.0003120 seconds, Stopping threads took: 0.0001465 seconds
2018-10-23T07:39:27.641+0000: 37.586: Total time for which application threads were stopped: 0.0002535 seconds, Stopping threads took: 0.0000995 seconds
2018-10-23T07:39:27.644+0000: 37.589: Total time for which application threads were stopped: 0.0003770 seconds, Stopping threads took: 0.0002204 seconds
2018-10-23T07:39:27.644+0000: 37.590: Total time for which application threads were stopped: 0.0002369 seconds, Stopping threads took: 0.0000962 seconds
2018-10-23T07:39:28.644+0000: 38.590: Total time for which application threads were stopped: 0.0004251 seconds, Stopping threads took: 0.0001210 seconds
2018-10-23T07:39:28.716+0000: 38.662: Total time for which application threads were stopped: 0.0004104 seconds, Stopping threads took: 0.0001552 seconds
2018-10-23T07:39:28.717+0000: 38.663: Total time for which application threads were stopped: 0.0002943 seconds, Stopping threads took: 0.0001183 seconds
2018-10-23T07:39:28.719+0000: 38.665: Total time for which application threads were stopped: 0.0002314 seconds, Stopping threads took: 0.0000880 seconds
2018-10-23T07:39:28.719+0000: 38.665: Total time for which application threads were stopped: 0.0001855 seconds, Stopping threads took: 0.0000641 seconds
2018-10-23T07:39:30.177+0000: 40.123: Total time for which application threads were stopped: 0.0005051 seconds, Stopping threads took: 0.0002139 seconds
2018-10-23T07:39:30.177+0000: 40.123: Total time for which application threads were stopped: 0.0002201 seconds, Stopping threads took: 0.0000838 seconds
2018-10-23T07:39:30.185+0000: 40.131: Total time for which application threads were stopped: 0.0003923 seconds, Stopping threads took: 0.0001427 seconds
2018-10-23T07:39:30.185+0000: 40.131: Total time for which application threads were stopped: 0.0002216 seconds, Stopping threads took: 0.0000573 seconds
2018-10-23T07:39:30.188+0000: 40.134: Total time for which application threads were stopped: 0.0002552 seconds, Stopping threads took: 0.0000996 seconds
2018-10-23T07:39:30.188+0000: 40.134: Total time for which application threads were stopped: 0.0002551 seconds, Stopping threads took: 0.0000977 seconds
2018-10-23T07:39:30.274+0000: 40.220: Total time for which application threads were stopped: 0.0003501 seconds, Stopping threads took: 0.0000984 seconds
2018-10-23T07:39:30.275+0000: 40.221: Total time for which application threads were stopped: 0.0001764 seconds, Stopping threads took: 0.0000455 seconds
2018-10-23T07:39:31.275+0000: 41.221: Total time for which application threads were stopped: 0.0004818 seconds, Stopping threads took: 0.0001538 seconds
2018-10-23T07:39:32.926+0000: 42.871: Total time for which application threads were stopped: 0.0004352 seconds, Stopping threads took: 0.0001281 seconds
2018-10-23T07:39:32.926+0000: 42.872: Total time for which application threads were stopped: 0.0002237 seconds, Stopping threads took: 0.0000804 seconds
2018-10-23T07:39:32.930+0000: 42.875: Total time for which application threads were stopped: 0.0003117 seconds, Stopping threads took: 0.0001185 seconds
2018-10-23T07:39:32.930+0000: 42.876: Total time for which application threads were stopped: 0.0003031 seconds, Stopping threads took: 0.0001528 seconds
2018-10-23T07:39:40.530+0000: 50.476: Total time for which application threads were stopped: 0.0017732 seconds, Stopping threads took: 0.0014248 seconds
2018-10-23T07:39:40.538+0000: 50.484: Total time for which application threads were stopped: 0.0003370 seconds, Stopping threads took: 0.0001377 seconds
2018-10-23T07:39:40.676+0000: 50.622: Total time for which application threads were stopped: 0.0010493 seconds, Stopping threads took: 0.0007468 seconds
2018-10-23T07:39:40.677+0000: 50.622: Total time for which application threads were stopped: 0.0003749 seconds, Stopping threads took: 0.0001800 seconds
2018-10-23T07:39:40.692+0000: 50.637: Total time for which application threads were stopped: 0.0004303 seconds, Stopping threads took: 0.0001494 seconds
{Heap before GC invocations=106 (full 1):
 par new generation   total 109248K, used 108271K [0x00000000e0000000, 0x00000000e8000000, 0x00000000e8000000)
  eden space 87424K, 100% used [0x00000000e0000000, 0x00000000e5560000, 0x00000000e5560000)
  from space 21824K,  95% used [0x00000000e5560000, 0x00000000e69bbe40, 0x00000000e6ab0000)
  to   space 21824K,   0% used [0x00000000e6ab0000, 0x00000000e6ab0000, 0x00000000e8000000)
 concurrent mark-sweep generation total 393216K, used 185726K [0x00000000e8000000, 0x0000000100000000, 0x0000000100000000)
 Metaspace       used 41663K, capacity 43309K, committed 43480K, reserved 1087488K
  class space    used 4709K, capacity 5109K, committed 5116K, reserved 1048576K
2018-10-23T07:39:40.722+0000: 50.668: [GC (Allocation Failure) 2018-10-23T07:39:40.722+0000: 50.668: [ParNew
Desired survivor size 20112992 bytes, new threshold 8 (max 8)
- age   1:    6395704 bytes,    6395704 total
- age   2:     508456 bytes,    6904160 total
- age   3:      55120 bytes,    6959280 total
- age   4:      84552 bytes,    7043832 total
- age   5:     132424 bytes,    7176256 total
- age   6:    3976648 bytes,   11152904 total
- age   7:    3178288 bytes,   14331192 total
- age   8:    6054824 bytes,   20386016 total
: 108271K->21824K(109248K), 0.0797459 secs] 293997K->209590K(502464K), 0.0798968 secs] [Times: user=0.10 sys=0.00, real=0.08 secs] 
Heap after GC invocations=107 (full 1):
 par new generation   total 109248K, used 21824K [0x00000000e0000000, 0x00000000e8000000, 0x00000000e8000000)
  eden space 87424K,   0% used [0x00000000e0000000, 0x00000000e0000000, 0x00000000e5560000)
  from space 21824K, 100% used [0x00000000e6ab0000, 0x00000000e8000000, 0x00000000e8000000)
  to   space 21824K,   0% used [0x00000000e5560000, 0x00000000e5560000, 0x00000000e6ab0000)
 concurrent mark-sweep generation total 393216K, used 187766K [0x00000000e8000000, 0x0000000100000000, 0x0000000100000000)
 Metaspace       used 41663K, capacity 43309K, committed 43480K, reserved 1087488K
  class space    used 4709K, capacity 5109K, committed 5116K, reserved 1048576K
}
2018-10-23T07:39:40.802+0000: 50.748: Total time for which application threads were stopped: 0.0861953 seconds, Stopping threads took: 0.0058887 seconds
2018-10-23T07:39:40.814+0000: 50.760: [GC (CMS Initial Mark) [1 CMS-initial-mark: 187766K(393216K)] 213711K(502464K), 0.0124360 secs] [Times: user=0.01 sys=0.00, real=0.01 secs] 
2018-10-23T07:39:40.827+0000: 50.772: Total time for which application threads were stopped: 0.0128478 seconds, Stopping threads took: 0.0000452 seconds
2018-10-23T07:39:40.827+0000: 50.772: [CMS-concurrent-mark-start]
2018-10-23T07:39:40.887+0000: 50.833: Total time for which application threads were stopped: 0.0014431 seconds, Stopping threads took: 0.0011278 seconds
2018-10-23T07:39:40.898+0000: 50.844: Total time for which application threads were stopped: 0.0056355 seconds, Stopping threads took: 0.0054463 seconds
2018-10-23T07:39:40.904+0000: 50.850: Total time for which application threads were stopped: 0.0002749 seconds, Stopping threads took: 0.0000545 seconds
2018-10-23T07:39:40.973+0000: 50.919: Total time for which application threads were stopped: 0.0033090 seconds, Stopping threads took: 0.0029935 seconds
2018-10-23T07:39:41.010+0000: 50.956: Total time for which application threads were stopped: 0.0169017 seconds, Stopping threads took: 0.0165678 seconds
2018-10-23T07:39:41.035+0000: 50.981: Total time for which application threads were stopped: 0.0051953 seconds, Stopping threads took: 0.0048811 seconds
2018-10-23T07:39:41.039+0000: 50.985: Total time for which application threads were stopped: 0.0003016 seconds, Stopping threads took: 0.0000963 seconds
2018-10-23T07:39:41.058+0000: 51.004: Total time for which application threads were stopped: 0.0047709 seconds, Stopping threads took: 0.0041214 seconds
2018-10-23T07:39:41.083+0000: 51.028: Total time for which application threads were stopped: 0.0047972 seconds, Stopping threads took: 0.0039702 seconds
2018-10-23T07:39:41.158+0000: 51.103: [CMS-concurrent-mark: 0.258/0.331 secs] [Times: user=0.71 sys=0.00, real=0.34 secs] 
2018-10-23T07:39:41.158+0000: 51.104: [CMS-concurrent-preclean-start]
2018-10-23T07:39:41.160+0000: 51.105: [CMS-concurrent-preclean: 0.002/0.002 secs] [Times: user=0.01 sys=0.00, real=0.00 secs] 
2018-10-23T07:39:41.160+0000: 51.105: [CMS-concurrent-abortable-preclean-start]
2018-10-23T07:39:41.281+0000: 51.227: Total time for which application threads were stopped: 0.0006448 seconds, Stopping threads took: 0.0002511 seconds
2018-10-23T07:39:41.666+0000: 51.612: Total time for which application threads were stopped: 0.0005648 seconds, Stopping threads took: 0.0001769 seconds
2018-10-23T07:39:41.971+0000: 51.917: Total time for which application threads were stopped: 0.0094662 seconds, Stopping threads took: 0.0090615 seconds
2018-10-23T07:39:41.979+0000: 51.924: Total time for which application threads were stopped: 0.0003112 seconds, Stopping threads took: 0.0000535 seconds
2018-10-23T07:39:41.979+0000: 51.925: Total time for which application threads were stopped: 0.0002375 seconds, Stopping threads took: 0.0000478 seconds
2018-10-23T07:39:41.980+0000: 51.925: Total time for which application threads were stopped: 0.0002254 seconds, Stopping threads took: 0.0000441 seconds
2018-10-23T07:39:41.980+0000: 51.926: Total time for which application threads were stopped: 0.0002178 seconds, Stopping threads took: 0.0000396 seconds
2018-10-23T07:39:41.980+0000: 51.926: Total time for which application threads were stopped: 0.0002158 seconds, Stopping threads took: 0.0000392 seconds
2018-10-23T07:39:41.980+0000: 51.926: Total time for which application threads were stopped: 0.0002247 seconds, Stopping threads took: 0.0000410 seconds
2018-10-23T07:39:41.981+0000: 51.926: Total time for which application threads were stopped: 0.0002174 seconds, Stopping threads took: 0.0000418 seconds
2018-10-23T07:39:41.993+0000: 51.939: Total time for which application threads were stopped: 0.0002800 seconds, Stopping threads took: 0.0000785 seconds
2018-10-23T07:39:41.994+0000: 51.939: Total time for which application threads were stopped: 0.0002469 seconds, Stopping threads took: 0.0000724 seconds
2018-10-23T07:39:41.994+0000: 51.940: Total time for which application threads were stopped: 0.0002081 seconds, Stopping threads took: 0.0000485 seconds
2018-10-23T07:39:41.994+0000: 51.940: Total time for which application threads were stopped: 0.0001997 seconds, Stopping threads took: 0.0000409 seconds
2018-10-23T07:39:42.033+0000: 51.978: Total time for which application threads were stopped: 0.0106308 seconds, Stopping threads took: 0.0102026 seconds
{Heap before GC invocations=107 (full 2):
 par new generation   total 109248K, used 109248K [0x00000000e0000000, 0x00000000e8000000, 0x00000000e8000000)
  eden space 87424K, 100% used [0x00000000e0000000, 0x00000000e5560000, 0x00000000e5560000)
  from space 21824K, 100% used [0x00000000e6ab0000, 0x00000000e8000000, 0x00000000e8000000)
  to   space 21824K,   0% used [0x00000000e5560000, 0x00000000e5560000, 0x00000000e6ab0000)
 concurrent mark-sweep generation total 393216K, used 187766K [0x00000000e8000000, 0x0000000100000000, 0x0000000100000000)
 Metaspace       used 42578K, capacity 44241K, committed 44492K, reserved 1089536K
  class space    used 4762K, capacity 5141K, committed 5244K, reserved 1048576K
2018-10-23T07:39:42.070+0000: 52.016: [GC (Allocation Failure) 2018-10-23T07:39:42.070+0000: 52.016: [ParNew
Desired survivor size 20112992 bytes, new threshold 8 (max 8)
- age   1:    4325232 bytes,    4325232 total
- age   2:    5344472 bytes,    9669704 total
- age   3:     411240 bytes,   10080944 total
- age   4:      29568 bytes,   10110512 total
- age   5:      45432 bytes,   10155944 total
- age   6:     118480 bytes,   10274424 total
- age   7:    3696824 bytes,   13971248 total
- age   8:    3155232 bytes,   17126480 total
: 109248K->21824K(109248K), 0.0675997 secs] 297014K->216746K(502464K), 0.0677532 secs] [Times: user=0.16 sys=0.00, real=0.07 secs] 
Heap after GC invocations=108 (full 2):
 par new generation   total 109248K, used 21824K [0x00000000e0000000, 0x00000000e8000000, 0x00000000e8000000)
  eden space 87424K,   0% used [0x00000000e0000000, 0x00000000e0000000, 0x00000000e5560000)
  from space 21824K, 100% used [0x00000000e5560000, 0x00000000e6ab0000, 0x00000000e6ab0000)
  to   space 21824K,   0% used [0x00000000e6ab0000, 0x00000000e6ab0000, 0x00000000e8000000)
 concurrent mark-sweep generation total 393216K, used 194922K [0x00000000e8000000, 0x0000000100000000, 0x0000000100000000)
 Metaspace       used 42578K, capacity 44241K, committed 44492K, reserved 1089536K
  class space    used 4762K, capacity 5141K, committed 5244K, reserved 1048576K
}
2018-10-23T07:39:42.138+0000: 52.084: Total time for which application threads were stopped: 0.0714273 seconds, Stopping threads took: 0.0031913 seconds
2018-10-23T07:39:42.205+0000: 52.151: Total time for which application threads were stopped: 0.0082155 seconds, Stopping threads took: 0.0078521 seconds
2018-10-23T07:39:42.206+0000: 52.151: Total time for which application threads were stopped: 0.0002337 seconds, Stopping threads took: 0.0000507 seconds
2018-10-23T07:39:42.221+0000: 52.167: Total time for which application threads were stopped: 0.0036755 seconds, Stopping threads took: 0.0034294 seconds
2018-10-23T07:39:42.225+0000: 52.171: Total time for which application threads were stopped: 0.0002640 seconds, Stopping threads took: 0.0000554 seconds
2018-10-23T07:39:42.292+0000: 52.238: Total time for which application threads were stopped: 0.0101441 seconds, Stopping threads took: 0.0097901 seconds
2018-10-23T07:39:42.426+0000: 52.372: Total time for which application threads were stopped: 0.0083849 seconds, Stopping threads took: 0.0079975 seconds
2018-10-23T07:39:42.558+0000: 52.503: [CMS-concurrent-abortable-preclean: 0.974/1.398 secs] [Times: user=2.99 sys=0.00, real=1.40 secs] 
2018-10-23T07:39:42.571+0000: 52.516: [GC (CMS Final Remark) [YG occupancy: 103203 K (109248 K)]{Heap before GC invocations=108 (full 2):
 par new generation   total 109248K, used 103203K [0x00000000e0000000, 0x00000000e8000000, 0x00000000e8000000)
  eden space 87424K,  93% used [0x00000000e0000000, 0x00000000e4f78f68, 0x00000000e5560000)
  from space 21824K, 100% used [0x00000000e5560000, 0x00000000e6ab0000, 0x00000000e6ab0000)
  to   space 21824K,   0% used [0x00000000e6ab0000, 0x00000000e6ab0000, 0x00000000e8000000)
 concurrent mark-sweep generation total 393216K, used 194922K [0x00000000e8000000, 0x0000000100000000, 0x0000000100000000)
 Metaspace       used 42945K, capacity 44647K, committed 44824K, reserved 1089536K
  class space    used 4796K, capacity 5209K, committed 5244K, reserved 1048576K
2018-10-23T07:39:42.571+0000: 52.516: [GC (CMS Final Remark) 2018-10-23T07:39:42.571+0000: 52.516: [ParNew
Desired survivor size 20112992 bytes, new threshold 8 (max 8)
- age   1:    2455952 bytes,    2455952 total
- age   2:    1586112 bytes,    4042064 total
- age   3:    5230568 bytes,    9272632 total
- age   4:     411240 bytes,    9683872 total
- age   5:      29568 bytes,    9713440 total
- age   6:      45432 bytes,    9758872 total
- age   7:     118480 bytes,    9877352 total
- age   8:    3696824 bytes,   13574176 total
: 103203K->19121K(109248K), 0.0709584 secs] 298125K->217134K(502464K), 0.0710746 secs] [Times: user=0.06 sys=0.00, real=0.07 secs] 
Heap after GC invocations=109 (full 2):
 par new generation   total 109248K, used 19121K [0x00000000e0000000, 0x00000000e8000000, 0x00000000e8000000)
  eden space 87424K,   0% used [0x00000000e0000000, 0x00000000e0000000, 0x00000000e5560000)
  from space 21824K,  87% used [0x00000000e6ab0000, 0x00000000e7d5c5f0, 0x00000000e8000000)
  to   space 21824K,   0% used [0x00000000e5560000, 0x00000000e5560000, 0x00000000e6ab0000)
 concurrent mark-sweep generation total 393216K, used 198013K [0x00000000e8000000, 0x0000000100000000, 0x0000000100000000)
 Metaspace       used 42945K, capacity 44647K, committed 44824K, reserved 1089536K
  class space    used 4796K, capacity 5209K, committed 5244K, reserved 1048576K
}
2018-10-23T07:39:42.642+0000: 52.588: [Rescan (parallel) , 0.0207273 secs]2018-10-23T07:39:42.663+0000: 52.608: [weak refs processing, 0.0163449 secs]2018-10-23T07:39:42.679+0000: 52.625: [class unloading, 0.0149790 secs]2018-10-23T07:39:42.694+0000: 52.640: [scrub symbol table, 0.0064797 secs]2018-10-23T07:39:42.700+0000: 52.646: [scrub string table, 0.0007850 secs][1 CMS-remark: 198013K(393216K)] 217134K(502464K), 0.1318398 secs] [Times: user=0.11 sys=0.00, real=0.13 secs] 
2018-10-23T07:39:42.703+0000: 52.648: Total time for which application threads were stopped: 0.1441367 seconds, Stopping threads took: 0.0118498 seconds
2018-10-23T07:39:42.704+0000: 52.650: [CMS-concurrent-sweep-start]
2018-10-23T07:39:42.881+0000: 52.827: [CMS-concurrent-sweep: 0.177/0.177 secs] [Times: user=0.43 sys=0.00, real=0.18 secs] 
2018-10-23T07:39:42.881+0000: 52.827: [CMS-concurrent-reset-start]
2018-10-23T07:39:42.894+0000: 52.840: [CMS-concurrent-reset: 0.013/0.013 secs] [Times: user=0.03 sys=0.00, real=0.01 secs] 
2018-10-23T07:39:43.033+0000: 52.979: Total time for which application threads were stopped: 0.0197534 seconds, Stopping threads took: 0.0192317 seconds
2018-10-23T07:39:43.038+0000: 52.984: Total time for which application threads were stopped: 0.0032079 seconds, Stopping threads took: 0.0029376 seconds
2018-10-23T07:39:43.114+0000: 53.060: Total time for which application threads were stopped: 0.0124582 seconds, Stopping threads took: 0.0120185 seconds
2018-10-23T07:39:43.118+0000: 53.064: Total time for which application threads were stopped: 0.0003783 seconds, Stopping threads took: 0.0000840 seconds
{Heap before GC invocations=109 (full 2):
 par new generation   total 109248K, used 106545K [0x00000000e0000000, 0x00000000e8000000, 0x00000000e8000000)
  eden space 87424K, 100% used [0x00000000e0000000, 0x00000000e5560000, 0x00000000e5560000)
  from space 21824K,  87% used [0x00000000e6ab0000, 0x00000000e7d5c5f0, 0x00000000e8000000)
  to   space 21824K,   0% used [0x00000000e5560000, 0x00000000e5560000, 0x00000000e6ab0000)
 concurrent mark-sweep generation total 393216K, used 191164K [0x00000000e8000000, 0x0000000100000000, 0x0000000100000000)
 Metaspace       used 42921K, capacity 44569K, committed 44824K, reserved 1089536K
  class space    used 4788K, capacity 5194K, committed 5244K, reserved 1048576K
2018-10-23T07:39:43.164+0000: 53.110: [GC (Allocation Failure) 2018-10-23T07:39:43.164+0000: 53.110: [ParNew
Desired survivor size 20112992 bytes, new threshold 8 (max 8)
- age   1:    3302824 bytes,    3302824 total
- age   2:    1363232 bytes,    4666056 total
- age   3:    1079424 bytes,    5745480 total
- age   4:    5116600 bytes,   10862080 total
- age   5:     411240 bytes,   11273320 total
- age   6:      29568 bytes,   11302888 total
- age   7:      45432 bytes,   11348320 total
- age   8:     112136 bytes,   11460456 total
: 106545K->17330K(109248K), 0.0280608 secs] 297709K->212120K(502464K), 0.0281816 secs] [Times: user=0.08 sys=0.00, real=0.03 secs] 
Heap after GC invocations=110 (full 2):
 par new generation   total 109248K, used 17330K [0x00000000e0000000, 0x00000000e8000000, 0x00000000e8000000)
  eden space 87424K,   0% used [0x00000000e0000000, 0x00000000e0000000, 0x00000000e5560000)
  from space 21824K,  79% used [0x00000000e5560000, 0x00000000e664cbe8, 0x00000000e6ab0000)
  to   space 21824K,   0% used [0x00000000e6ab0000, 0x00000000e6ab0000, 0x00000000e8000000)
 concurrent mark-sweep generation total 393216K, used 194789K [0x00000000e8000000, 0x0000000100000000, 0x0000000100000000)
 Metaspace       used 42921K, capacity 44569K, committed 44824K, reserved 1089536K
  class space    used 4788K, capacity 5194K, committed 5244K, reserved 1048576K
}
2018-10-23T07:39:43.192+0000: 53.138: Total time for which application threads were stopped: 0.0290984 seconds, Stopping threads took: 0.0004079 seconds
2018-10-23T07:39:43.326+0000: 53.272: Total time for which application threads were stopped: 0.0057270 seconds, Stopping threads took: 0.0052793 seconds
2018-10-23T07:39:44.016+0000: 53.961: Total time for which application threads were stopped: 0.0005055 seconds, Stopping threads took: 0.0001313 seconds
2018-10-23T07:39:44.032+0000: 53.978: Total time for which application threads were stopped: 0.0003200 seconds, Stopping threads took: 0.0000854 seconds
2018-10-23T07:39:44.032+0000: 53.978: Total time for which application threads were stopped: 0.0002114 seconds, Stopping threads took: 0.0000653 seconds
2018-10-23T07:39:44.059+0000: 54.005: Total time for which application threads were stopped: 0.0003808 seconds, Stopping threads took: 0.0001010 seconds
2018-10-23T07:39:44.071+0000: 54.017: Total time for which application threads were stopped: 0.0002995 seconds, Stopping threads took: 0.0001086 seconds
2018-10-23T07:39:44.071+0000: 54.017: Total time for which application threads were stopped: 0.0002547 seconds, Stopping threads took: 0.0000719 seconds
2018-10-23T07:39:45.072+0000: 55.018: Total time for which application threads were stopped: 0.0003761 seconds, Stopping threads took: 0.0000812 seconds
2018-10-23T07:39:47.072+0000: 57.018: Total time for which application threads were stopped: 0.0003880 seconds, Stopping threads took: 0.0000827 seconds
2018-10-23T07:39:53.515+0000: 63.461: Total time for which application threads were stopped: 0.0004040 seconds, Stopping threads took: 0.0001113 seconds
2018-10-23T07:39:53.515+0000: 63.461: Total time for which application threads were stopped: 0.0002545 seconds, Stopping threads took: 0.0000738 seconds
2018-10-23T07:39:55.935+0000: 65.881: Total time for which application threads were stopped: 0.0004387 seconds, Stopping threads took: 0.0001242 seconds
2018-10-23T07:39:55.936+0000: 65.882: Total time for which application threads were stopped: 0.0002405 seconds, Stopping threads took: 0.0000568 seconds
2018-10-23T07:39:55.940+0000: 65.885: Total time for which application threads were stopped: 0.0002892 seconds, Stopping threads took: 0.0001349 seconds
2018-10-23T07:39:55.940+0000: 65.886: Total time for which application threads were stopped: 0.0002998 seconds, Stopping threads took: 0.0001494 seconds
2018-10-23T07:39:55.941+0000: 65.886: Total time for which application threads were stopped: 0.0002634 seconds, Stopping threads took: 0.0001067 seconds
2018-10-23T07:39:55.941+0000: 65.887: Total time for which application threads were stopped: 0.0002615 seconds, Stopping threads took: 0.0001010 seconds
2018-10-23T07:39:55.942+0000: 65.887: Total time for which application threads were stopped: 0.0002589 seconds, Stopping threads took: 0.0000855 seconds
2018-10-23T07:39:55.942+0000: 65.888: Total time for which application threads were stopped: 0.0001869 seconds, Stopping threads took: 0.0000445 seconds
2018-10-23T07:39:55.942+0000: 65.888: Total time for which application threads were stopped: 0.0002144 seconds, Stopping threads took: 0.0000822 seconds
2018-10-23T07:39:55.943+0000: 65.889: Total time for which application threads were stopped: 0.0006212 seconds, Stopping threads took: 0.0000447 seconds
2018-10-23T07:39:55.986+0000: 65.932: Total time for which application threads were stopped: 0.0003725 seconds, Stopping threads took: 0.0000914 seconds
2018-10-23T07:39:55.987+0000: 65.933: Total time for which application threads were stopped: 0.0002927 seconds, Stopping threads took: 0.0000983 seconds
2018-10-23T07:39:56.027+0000: 65.973: Total time for which application threads were stopped: 0.0002615 seconds, Stopping threads took: 0.0000616 seconds
2018-10-23T07:39:56.027+0000: 65.973: Total time for which application threads were stopped: 0.0001582 seconds, Stopping threads took: 0.0000305 seconds
2018-10-23T07:39:56.028+0000: 65.974: Total time for which application threads were stopped: 0.0001527 seconds, Stopping threads took: 0.0000292 seconds
2018-10-23T07:39:56.029+0000: 65.975: Total time for which application threads were stopped: 0.0001746 seconds, Stopping threads took: 0.0000433 seconds
2018-10-23T07:39:56.029+0000: 65.975: Total time for which application threads were stopped: 0.0001926 seconds, Stopping threads took: 0.0000464 seconds
2018-10-23T07:39:56.029+0000: 65.975: Total time for which application threads were stopped: 0.0001579 seconds, Stopping threads took: 0.0000321 seconds
2018-10-23T07:39:56.036+0000: 65.982: Total time for which application threads were stopped: 0.0002114 seconds, Stopping threads took: 0.0000592 seconds
2018-10-23T07:39:56.075+0000: 66.020: Total time for which application threads were stopped: 0.0002242 seconds, Stopping threads took: 0.0000606 seconds
2018-10-23T07:39:56.075+0000: 66.021: Total time for which application threads were stopped: 0.0001599 seconds, Stopping threads took: 0.0000309 seconds
2018-10-23T07:39:56.075+0000: 66.021: Total time for which application threads were stopped: 0.0003073 seconds, Stopping threads took: 0.0001562 seconds
2018-10-23T07:39:56.076+0000: 66.022: Total time for which application threads were stopped: 0.0002051 seconds, Stopping threads took: 0.0000602 seconds
2018-10-23T07:39:56.076+0000: 66.022: Total time for which application threads were stopped: 0.0002366 seconds, Stopping threads took: 0.0000923 seconds
2018-10-23T07:39:56.077+0000: 66.022: Total time for which application threads were stopped: 0.0002228 seconds, Stopping threads took: 0.0000877 seconds
2018-10-23T07:39:56.078+0000: 66.023: Total time for which application threads were stopped: 0.0002545 seconds, Stopping threads took: 0.0000995 seconds
2018-10-23T07:39:57.078+0000: 67.024: Total time for which application threads were stopped: 0.0004085 seconds, Stopping threads took: 0.0000822 seconds
2018-10-23T07:39:58.874+0000: 68.819: Total time for which application threads were stopped: 0.0014159 seconds, Stopping threads took: 0.0001129 seconds
2018-10-23T07:39:58.886+0000: 68.831: Total time for which application threads were stopped: 0.0002913 seconds, Stopping threads took: 0.0000863 seconds
2018-10-23T07:39:58.887+0000: 68.833: Total time for which application threads were stopped: 0.0002505 seconds, Stopping threads took: 0.0000995 seconds
2018-10-23T07:39:58.922+0000: 68.868: Total time for which application threads were stopped: 0.0012034 seconds, Stopping threads took: 0.0000879 seconds
2018-10-23T07:39:58.923+0000: 68.868: Total time for which application threads were stopped: 0.0003108 seconds, Stopping threads took: 0.0001490 seconds
2018-10-23T07:39:58.923+0000: 68.869: Total time for which application threads were stopped: 0.0002407 seconds, Stopping threads took: 0.0000913 seconds
2018-10-23T07:39:58.926+0000: 68.872: Total time for which application threads were stopped: 0.0002020 seconds, Stopping threads took: 0.0000469 seconds
2018-10-23T07:39:58.926+0000: 68.872: Total time for which application threads were stopped: 0.0001763 seconds, Stopping threads took: 0.0000336 seconds
2018-10-23T07:39:58.927+0000: 68.873: Total time for which application threads were stopped: 0.0002545 seconds, Stopping threads took: 0.0000927 seconds
2018-10-23T07:39:58.928+0000: 68.873: Total time for which application threads were stopped: 0.0001978 seconds, Stopping threads took: 0.0000434 seconds
2018-10-23T07:39:58.960+0000: 68.906: Total time for which application threads were stopped: 0.0004235 seconds, Stopping threads took: 0.0001632 seconds
2018-10-23T07:39:58.961+0000: 68.907: Total time for which application threads were stopped: 0.0002559 seconds, Stopping threads took: 0.0001025 seconds
2018-10-23T07:39:58.962+0000: 68.908: Total time for which application threads were stopped: 0.0003261 seconds, Stopping threads took: 0.0001398 seconds
2018-10-23T07:39:58.965+0000: 68.910: Total time for which application threads were stopped: 0.0003615 seconds, Stopping threads took: 0.0002014 seconds
2018-10-23T07:39:58.966+0000: 68.912: Total time for which application threads were stopped: 0.0003235 seconds, Stopping threads took: 0.0001528 seconds
2018-10-23T07:39:59.008+0000: 68.954: Total time for which application threads were stopped: 0.0014013 seconds, Stopping threads took: 0.0001006 seconds
2018-10-23T07:39:59.021+0000: 68.967: Total time for which application threads were stopped: 0.0003372 seconds, Stopping threads took: 0.0001149 seconds
2018-10-23T07:39:59.024+0000: 68.970: Total time for which application threads were stopped: 0.0002917 seconds, Stopping threads took: 0.0000944 seconds
2018-10-23T07:39:59.027+0000: 68.973: Total time for which application threads were stopped: 0.0004095 seconds, Stopping threads took: 0.0002320 seconds
2018-10-23T07:39:59.031+0000: 68.976: Total time for which application threads were stopped: 0.0002716 seconds, Stopping threads took: 0.0001023 seconds
2018-10-23T07:39:59.031+0000: 68.977: Total time for which application threads were stopped: 0.0002750 seconds, Stopping threads took: 0.0001058 seconds
2018-10-23T07:39:59.040+0000: 68.986: Total time for which application threads were stopped: 0.0003120 seconds, Stopping threads took: 0.0001152 seconds
2018-10-23T07:39:59.041+0000: 68.987: Total time for which application threads were stopped: 0.0003067 seconds, Stopping threads took: 0.0001593 seconds
2018-10-23T07:39:59.042+0000: 68.988: Total time for which application threads were stopped: 0.0003047 seconds, Stopping threads took: 0.0001437 seconds
2018-10-23T07:39:59.042+0000: 68.988: Total time for which application threads were stopped: 0.0002451 seconds, Stopping threads took: 0.0000927 seconds
2018-10-23T07:39:59.049+0000: 68.995: Total time for which application threads were stopped: 0.0002095 seconds, Stopping threads took: 0.0000489 seconds
2018-10-23T07:39:59.050+0000: 68.996: Total time for which application threads were stopped: 0.0002056 seconds, Stopping threads took: 0.0000632 seconds
2018-10-23T07:39:59.050+0000: 68.996: Total time for which application threads were stopped: 0.0001926 seconds, Stopping threads took: 0.0000468 seconds
2018-10-23T07:39:59.051+0000: 68.997: Total time for which application threads were stopped: 0.0002654 seconds, Stopping threads took: 0.0001031 seconds
2018-10-23T07:39:59.052+0000: 68.997: Total time for which application threads were stopped: 0.0001895 seconds, Stopping threads took: 0.0000491 seconds
2018-10-23T07:39:59.053+0000: 68.999: Total time for which application threads were stopped: 0.0002185 seconds, Stopping threads took: 0.0000560 seconds
2018-10-23T07:39:59.054+0000: 69.000: Total time for which application threads were stopped: 0.0001729 seconds, Stopping threads took: 0.0000337 seconds
2018-10-23T07:39:59.064+0000: 69.010: Total time for which application threads were stopped: 0.0002396 seconds, Stopping threads took: 0.0000596 seconds
2018-10-23T07:39:59.064+0000: 69.010: Total time for which application threads were stopped: 0.0001952 seconds, Stopping threads took: 0.0000457 seconds
2018-10-23T07:39:59.064+0000: 69.010: Total time for which application threads were stopped: 0.0001874 seconds, Stopping threads took: 0.0000437 seconds
2018-10-23T07:39:59.065+0000: 69.010: Total time for which application threads were stopped: 0.0001917 seconds, Stopping threads took: 0.0000448 seconds
2018-10-23T07:39:59.065+0000: 69.011: Total time for which application threads were stopped: 0.0001935 seconds, Stopping threads took: 0.0000461 seconds
2018-10-23T07:39:59.065+0000: 69.011: Total time for which application threads were stopped: 0.0001886 seconds, Stopping threads took: 0.0000452 seconds
2018-10-23T07:39:59.065+0000: 69.011: Total time for which application threads were stopped: 0.0001947 seconds, Stopping threads took: 0.0000440 seconds
2018-10-23T07:39:59.066+0000: 69.011: Total time for which application threads were stopped: 0.0001909 seconds, Stopping threads took: 0.0000437 seconds
2018-10-23T07:39:59.066+0000: 69.012: Total time for which application threads were stopped: 0.0002042 seconds, Stopping threads took: 0.0000506 seconds
2018-10-23T07:39:59.066+0000: 69.012: Total time for which application threads were stopped: 0.0001839 seconds, Stopping threads took: 0.0000408 seconds
2018-10-23T07:39:59.066+0000: 69.012: Total time for which application threads were stopped: 0.0001944 seconds, Stopping threads took: 0.0000472 seconds
2018-10-23T07:39:59.067+0000: 69.012: Total time for which application threads were stopped: 0.0001913 seconds, Stopping threads took: 0.0000432 seconds
2018-10-23T07:39:59.067+0000: 69.013: Total time for which application threads were stopped: 0.0001900 seconds, Stopping threads took: 0.0000433 seconds
2018-10-23T07:39:59.067+0000: 69.013: Total time for which application threads were stopped: 0.0001928 seconds, Stopping threads took: 0.0000428 seconds
2018-10-23T07:39:59.067+0000: 69.013: Total time for which application threads were stopped: 0.0001932 seconds, Stopping threads took: 0.0000452 seconds
2018-10-23T07:39:59.068+0000: 69.014: Total time for which application threads were stopped: 0.0002323 seconds, Stopping threads took: 0.0000864 seconds
2018-10-23T07:39:59.068+0000: 69.014: Total time for which application threads were stopped: 0.0001888 seconds, Stopping threads took: 0.0000427 seconds
2018-10-23T07:39:59.068+0000: 69.014: Total time for which application threads were stopped: 0.0001931 seconds, Stopping threads took: 0.0000438 seconds
2018-10-23T07:39:59.069+0000: 69.014: Total time for which application threads were stopped: 0.0002377 seconds, Stopping threads took: 0.0000872 seconds
2018-10-23T07:39:59.069+0000: 69.015: Total time for which application threads were stopped: 0.0002323 seconds, Stopping threads took: 0.0000860 seconds
2018-10-23T07:39:59.069+0000: 69.015: Total time for which application threads were stopped: 0.0006199 seconds, Stopping threads took: 0.0000849 seconds
2018-10-23T07:39:59.070+0000: 69.016: Total time for which application threads were stopped: 0.0001907 seconds, Stopping threads took: 0.0000431 seconds
2018-10-23T07:39:59.072+0000: 69.018: Total time for which application threads were stopped: 0.0001978 seconds, Stopping threads took: 0.0000495 seconds
2018-10-23T07:39:59.072+0000: 69.018: Total time for which application threads were stopped: 0.0001948 seconds, Stopping threads took: 0.0000449 seconds
2018-10-23T07:39:59.074+0000: 69.020: Total time for which application threads were stopped: 0.0001986 seconds, Stopping threads took: 0.0000446 seconds
2018-10-23T07:39:59.074+0000: 69.020: Total time for which application threads were stopped: 0.0001913 seconds, Stopping threads took: 0.0000447 seconds
2018-10-23T07:39:59.077+0000: 69.022: Total time for which application threads were stopped: 0.0002189 seconds, Stopping threads took: 0.0000575 seconds
2018-10-23T07:39:59.077+0000: 69.023: Total time for which application threads were stopped: 0.0002446 seconds, Stopping threads took: 0.0000938 seconds
{Heap before GC invocations=110 (full 2):
 par new generation   total 109248K, used 104754K [0x00000000e0000000, 0x00000000e8000000, 0x00000000e8000000)
  eden space 87424K, 100% used [0x00000000e0000000, 0x00000000e5560000, 0x00000000e5560000)
  from space 21824K,  79% used [0x00000000e5560000, 0x00000000e664cbe8, 0x00000000e6ab0000)
  to   space 21824K,   0% used [0x00000000e6ab0000, 0x00000000e6ab0000, 0x00000000e8000000)
 concurrent mark-sweep generation total 393216K, used 194789K [0x00000000e8000000, 0x0000000100000000, 0x0000000100000000)
 Metaspace       used 44378K, capacity 46115K, committed 46360K, reserved 1089536K
  class space    used 4952K, capacity 5369K, committed 5500K, reserved 1048576K
2018-10-23T07:39:59.083+0000: 69.028: [GC (Allocation Failure) 2018-10-23T07:39:59.083+0000: 69.028: [ParNew
Desired survivor size 20112992 bytes, new threshold 8 (max 8)
- age   1:    2833832 bytes,    2833832 total
- age   2:     445792 bytes,    3279624 total
- age   3:     527952 bytes,    3807576 total
- age   4:     440000 bytes,    4247576 total
- age   5:    4823376 bytes,    9070952 total
- age   6:     411240 bytes,    9482192 total
- age   7:      29568 bytes,    9511760 total
- age   8:      45432 bytes,    9557192 total
: 104754K->13223K(109248K), 0.0089281 secs] 299544K->208123K(502464K), 0.0090165 secs] [Times: user=0.03 sys=0.00, real=0.01 secs] 
Heap after GC invocations=111 (full 2):
 par new generation   total 109248K, used 13223K [0x00000000e0000000, 0x00000000e8000000, 0x00000000e8000000)
  eden space 87424K,   0% used [0x00000000e0000000, 0x00000000e0000000, 0x00000000e5560000)
  from space 21824K,  60% used [0x00000000e6ab0000, 0x00000000e7799f98, 0x00000000e8000000)
  to   space 21824K,   0% used [0x00000000e5560000, 0x00000000e5560000, 0x00000000e6ab0000)
 concurrent mark-sweep generation total 393216K, used 194899K [0x00000000e8000000, 0x0000000100000000, 0x0000000100000000)
 Metaspace       used 44378K, capacity 46115K, committed 46360K, reserved 1089536K
  class space    used 4952K, capacity 5369K, committed 5500K, reserved 1048576K
}
2018-10-23T07:39:59.092+0000: 69.038: Total time for which application threads were stopped: 0.0093566 seconds, Stopping threads took: 0.0000541 seconds
2018-10-23T07:39:59.115+0000: 69.061: Total time for which application threads were stopped: 0.0012152 seconds, Stopping threads took: 0.0000958 seconds
2018-10-23T07:39:59.116+0000: 69.062: Total time for which application threads were stopped: 0.0001866 seconds, Stopping threads took: 0.0000333 seconds
2018-10-23T07:40:00.117+0000: 70.062: Total time for which application threads were stopped: 0.0005409 seconds, Stopping threads took: 0.0001051 seconds
2018-10-23T07:40:07.118+0000: 77.064: Total time for which application threads were stopped: 0.0004113 seconds, Stopping threads took: 0.0001451 seconds
2018-10-23T07:40:09.215+0000: 79.161: Total time for which application threads were stopped: 0.0014989 seconds, Stopping threads took: 0.0000998 seconds
2018-10-23T07:40:09.228+0000: 79.174: Total time for which application threads were stopped: 0.0004089 seconds, Stopping threads took: 0.0001138 seconds
2018-10-23T07:40:09.237+0000: 79.183: Total time for which application threads were stopped: 0.0014579 seconds, Stopping threads took: 0.0001257 seconds
2018-10-23T07:40:09.581+0000: 79.527: Total time for which application threads were stopped: 0.0003957 seconds, Stopping threads took: 0.0000874 seconds
2018-10-23T07:40:09.581+0000: 79.527: Total time for which application threads were stopped: 0.0001920 seconds, Stopping threads took: 0.0000462 seconds
2018-10-23T07:40:09.582+0000: 79.528: Total time for which application threads were stopped: 0.0001970 seconds, Stopping threads took: 0.0000419 seconds
2018-10-23T07:40:09.582+0000: 79.528: Total time for which application threads were stopped: 0.0001804 seconds, Stopping threads took: 0.0000420 seconds
2018-10-23T07:40:09.582+0000: 79.528: Total time for which application threads were stopped: 0.0001752 seconds, Stopping threads took: 0.0000413 seconds
2018-10-23T07:40:09.582+0000: 79.528: Total time for which application threads were stopped: 0.0001768 seconds, Stopping threads took: 0.0000413 seconds
2018-10-23T07:40:09.583+0000: 79.529: Total time for which application threads were stopped: 0.0001784 seconds, Stopping threads took: 0.0000412 seconds
2018-10-23T07:40:09.583+0000: 79.529: Total time for which application threads were stopped: 0.0001753 seconds, Stopping threads took: 0.0000413 seconds
2018-10-23T07:40:09.583+0000: 79.529: Total time for which application threads were stopped: 0.0001748 seconds, Stopping threads took: 0.0000421 seconds
2018-10-23T07:40:09.583+0000: 79.529: Total time for which application threads were stopped: 0.0001783 seconds, Stopping threads took: 0.0000413 seconds
2018-10-23T07:40:09.584+0000: 79.529: Total time for which application threads were stopped: 0.0001743 seconds, Stopping threads took: 0.0000417 seconds
2018-10-23T07:40:09.584+0000: 79.530: Total time for which application threads were stopped: 0.0001731 seconds, Stopping threads took: 0.0000413 seconds
2018-10-23T07:40:09.584+0000: 79.530: Total time for which application threads were stopped: 0.0001751 seconds, Stopping threads took: 0.0000423 seconds
2018-10-23T07:40:09.584+0000: 79.530: Total time for which application threads were stopped: 0.0001768 seconds, Stopping threads took: 0.0000424 seconds
2018-10-23T07:40:09.585+0000: 79.530: Total time for which application threads were stopped: 0.0002041 seconds, Stopping threads took: 0.0000419 seconds
2018-10-23T07:40:09.585+0000: 79.531: Total time for which application threads were stopped: 0.0001796 seconds, Stopping threads took: 0.0000430 seconds
2018-10-23T07:40:09.585+0000: 79.531: Total time for which application threads were stopped: 0.0001746 seconds, Stopping threads took: 0.0000419 seconds
2018-10-23T07:40:09.585+0000: 79.531: Total time for which application threads were stopped: 0.0001729 seconds, Stopping threads took: 0.0000410 seconds
2018-10-23T07:40:09.586+0000: 79.531: Total time for which application threads were stopped: 0.0001739 seconds, Stopping threads took: 0.0000414 seconds
2018-10-23T07:40:09.586+0000: 79.532: Total time for which application threads were stopped: 0.0001755 seconds, Stopping threads took: 0.0000418 seconds
2018-10-23T07:40:09.586+0000: 79.532: Total time for which application threads were stopped: 0.0004918 seconds, Stopping threads took: 0.0000444 seconds
2018-10-23T07:40:09.587+0000: 79.533: Total time for which application threads were stopped: 0.0001750 seconds, Stopping threads took: 0.0000432 seconds
2018-10-23T07:40:09.587+0000: 79.533: Total time for which application threads were stopped: 0.0001934 seconds, Stopping threads took: 0.0000435 seconds
2018-10-23T07:40:09.592+0000: 79.538: Total time for which application threads were stopped: 0.0002060 seconds, Stopping threads took: 0.0000599 seconds
2018-10-23T07:40:10.593+0000: 80.538: Total time for which application threads were stopped: 0.0003813 seconds, Stopping threads took: 0.0000887 seconds
2018-10-23T07:40:18.816+0000: 88.761: Total time for which application threads were stopped: 0.0013871 seconds, Stopping threads took: 0.0000723 seconds
2018-10-23T07:40:19.816+0000: 89.762: Total time for which application threads were stopped: 0.0003912 seconds, Stopping threads took: 0.0001217 seconds
2018-10-23T07:40:20.817+0000: 90.763: Total time for which application threads were stopped: 0.0003706 seconds, Stopping threads took: 0.0001141 seconds
2018-10-23T07:40:22.596+0000: 92.542: Total time for which application threads were stopped: 0.0003636 seconds, Stopping threads took: 0.0001115 seconds
2018-10-23T07:40:22.600+0000: 92.545: Total time for which application threads were stopped: 0.0014194 seconds, Stopping threads took: 0.0012736 seconds
2018-10-23T07:40:22.645+0000: 92.591: Total time for which application threads were stopped: 0.0003722 seconds, Stopping threads took: 0.0001138 seconds
2018-10-23T07:40:22.655+0000: 92.601: Total time for which application threads were stopped: 0.0002448 seconds, Stopping threads took: 0.0000788 seconds
2018-10-23T07:40:22.658+0000: 92.604: Total time for which application threads were stopped: 0.0001496 seconds, Stopping threads took: 0.0000261 seconds
2018-10-23T07:40:22.673+0000: 92.619: Total time for which application threads were stopped: 0.0002407 seconds, Stopping threads took: 0.0000750 seconds
2018-10-23T07:40:22.673+0000: 92.619: Total time for which application threads were stopped: 0.0001956 seconds, Stopping threads took: 0.0000667 seconds
2018-10-23T07:40:23.674+0000: 93.620: Total time for which application threads were stopped: 0.0004337 seconds, Stopping threads took: 0.0001174 seconds
2018-10-23T07:40:26.475+0000: 96.421: Total time for which application threads were stopped: 0.0003760 seconds, Stopping threads took: 0.0000873 seconds
2018-10-23T07:40:26.487+0000: 96.433: Total time for which application threads were stopped: 0.0003903 seconds, Stopping threads took: 0.0001357 seconds
2018-10-23T07:40:26.488+0000: 96.434: Total time for which application threads were stopped: 0.0002674 seconds, Stopping threads took: 0.0000996 seconds
2018-10-23T07:40:26.488+0000: 96.434: Total time for which application threads were stopped: 0.0002799 seconds, Stopping threads took: 0.0001262 seconds
2018-10-23T07:40:26.489+0000: 96.435: Total time for which application threads were stopped: 0.0002764 seconds, Stopping threads took: 0.0001115 seconds
2018-10-23T07:40:26.490+0000: 96.436: Total time for which application threads were stopped: 0.0002873 seconds, Stopping threads took: 0.0001092 seconds
2018-10-23T07:40:26.491+0000: 96.436: Total time for which application threads were stopped: 0.0002602 seconds, Stopping threads took: 0.0001057 seconds
2018-10-23T07:40:26.491+0000: 96.437: Total time for which application threads were stopped: 0.0002878 seconds, Stopping threads took: 0.0001128 seconds
2018-10-23T07:40:26.493+0000: 96.439: Total time for which application threads were stopped: 0.0002670 seconds, Stopping threads took: 0.0001098 seconds
2018-10-23T07:40:26.494+0000: 96.440: Total time for which application threads were stopped: 0.0002521 seconds, Stopping threads took: 0.0001052 seconds
2018-10-23T07:40:26.495+0000: 96.441: Total time for which application threads were stopped: 0.0005012 seconds, Stopping threads took: 0.0000672 seconds
2018-10-23T07:40:27.495+0000: 97.441: Total time for which application threads were stopped: 0.0004494 seconds, Stopping threads took: 0.0000831 seconds
2018-10-23T07:40:29.894+0000: 99.840: Total time for which application threads were stopped: 0.0004491 seconds, Stopping threads took: 0.0001631 seconds
2018-10-23T07:40:29.902+0000: 99.848: Total time for which application threads were stopped: 0.0003683 seconds, Stopping threads took: 0.0001600 seconds
2018-10-23T07:40:29.902+0000: 99.848: Total time for which application threads were stopped: 0.0002556 seconds, Stopping threads took: 0.0001224 seconds
{Heap before GC invocations=111 (full 2):
 par new generation   total 109248K, used 100647K [0x00000000e0000000, 0x00000000e8000000, 0x00000000e8000000)
  eden space 87424K, 100% used [0x00000000e0000000, 0x00000000e5560000, 0x00000000e5560000)
  from space 21824K,  60% used [0x00000000e6ab0000, 0x00000000e7799f98, 0x00000000e8000000)
  to   space 21824K,   0% used [0x00000000e5560000, 0x00000000e5560000, 0x00000000e6ab0000)
 concurrent mark-sweep generation total 393216K, used 194899K [0x00000000e8000000, 0x0000000100000000, 0x0000000100000000)
 Metaspace       used 46815K, capacity 48623K, committed 48856K, reserved 1093632K
  class space    used 5175K, capacity 5595K, committed 5628K, reserved 1048576K
2018-10-23T07:40:29.910+0000: 99.856: [GC (Allocation Failure) 2018-10-23T07:40:29.910+0000: 99.856: [ParNew
Desired survivor size 20112992 bytes, new threshold 8 (max 8)
- age   1:    2904136 bytes,    2904136 total
- age   2:    1439632 bytes,    4343768 total
- age   3:     445792 bytes,    4789560 total
- age   4:     526128 bytes,    5315688 total
- age   5:     440000 bytes,    5755688 total
- age   6:    4818704 bytes,   10574392 total
- age   7:     411176 bytes,   10985568 total
- age   8:      29568 bytes,   11015136 total
: 100647K->13748K(109248K), 0.0079098 secs] 295547K->208693K(502464K), 0.0080012 secs] [Times: user=0.03 sys=0.00, real=0.01 secs] 
Heap after GC invocations=112 (full 2):
 par new generation   total 109248K, used 13748K [0x00000000e0000000, 0x00000000e8000000, 0x00000000e8000000)
  eden space 87424K,   0% used [0x00000000e0000000, 0x00000000e0000000, 0x00000000e5560000)
  from space 21824K,  62% used [0x00000000e5560000, 0x00000000e62cd220, 0x00000000e6ab0000)
  to   space 21824K,   0% used [0x00000000e6ab0000, 0x00000000e6ab0000, 0x00000000e8000000)
 concurrent mark-sweep generation total 393216K, used 194944K [0x00000000e8000000, 0x0000000100000000, 0x0000000100000000)
 Metaspace       used 46815K, capacity 48623K, committed 48856K, reserved 1093632K
  class space    used 5175K, capacity 5595K, committed 5628K, reserved 1048576K
}
2018-10-23T07:40:29.918+0000: 99.864: Total time for which application threads were stopped: 0.0083796 seconds, Stopping threads took: 0.0000919 seconds
2018-10-23T07:40:30.918+0000: 100.864: Total time for which application threads were stopped: 0.0003674 seconds, Stopping threads took: 0.0000754 seconds
2018-10-23T07:40:31.315+0000: 101.261: Total time for which application threads were stopped: 0.0003050 seconds, Stopping threads took: 0.0000753 seconds
2018-10-23T07:40:31.316+0000: 101.261: Total time for which application threads were stopped: 0.0001283 seconds, Stopping threads took: 0.0000285 seconds
2018-10-23T07:40:31.317+0000: 101.262: Total time for which application threads were stopped: 0.0001421 seconds, Stopping threads took: 0.0000390 seconds
2018-10-23T07:40:31.317+0000: 101.263: Total time for which application threads were stopped: 0.0001260 seconds, Stopping threads took: 0.0000274 seconds
2018-10-23T07:40:31.330+0000: 101.276: Total time for which application threads were stopped: 0.0001450 seconds, Stopping threads took: 0.0000380 seconds
2018-10-23T07:40:35.331+0000: 105.277: Total time for which application threads were stopped: 0.0003225 seconds, Stopping threads took: 0.0000750 seconds
2018-10-23T07:40:35.664+0000: 105.610: Total time for which application threads were stopped: 0.0003542 seconds, Stopping threads took: 0.0000877 seconds
2018-10-23T07:40:35.664+0000: 105.610: Total time for which application threads were stopped: 0.0003631 seconds, Stopping threads took: 0.0002052 seconds
2018-10-23T07:40:36.665+0000: 106.611: Total time for which application threads were stopped: 0.0003357 seconds, Stopping threads took: 0.0000903 seconds
2018-10-23T07:40:36.729+0000: 106.675: Total time for which application threads were stopped: 0.0003396 seconds, Stopping threads took: 0.0000940 seconds
2018-10-23T07:40:36.730+0000: 106.676: Total time for which application threads were stopped: 0.0002985 seconds, Stopping threads took: 0.0001524 seconds
2018-10-23T07:40:36.730+0000: 106.676: Total time for which application threads were stopped: 0.0002044 seconds, Stopping threads took: 0.0000567 seconds
2018-10-23T07:40:37.587+0000: 107.533: Total time for which application threads were stopped: 0.0003303 seconds, Stopping threads took: 0.0000756 seconds
2018-10-23T07:40:37.587+0000: 107.533: Total time for which application threads were stopped: 0.0002130 seconds, Stopping threads took: 0.0000615 seconds
2018-10-23T07:40:37.741+0000: 107.687: Total time for which application threads were stopped: 0.0003869 seconds, Stopping threads took: 0.0000941 seconds
2018-10-23T07:40:37.741+0000: 107.687: Total time for which application threads were stopped: 0.0001646 seconds, Stopping threads took: 0.0000450 seconds
2018-10-23T07:40:38.742+0000: 108.688: Total time for which application threads were stopped: 0.0003776 seconds, Stopping threads took: 0.0000964 seconds
2018-10-23T07:40:54.311+0000: 124.256: Total time for which application threads were stopped: 0.0003202 seconds, Stopping threads took: 0.0000789 seconds
2018-10-23T07:40:54.311+0000: 124.257: Total time for which application threads were stopped: 0.0002463 seconds, Stopping threads took: 0.0000852 seconds
2018-10-23T07:40:54.314+0000: 124.260: Total time for which application threads were stopped: 0.0002289 seconds, Stopping threads took: 0.0000738 seconds
2018-10-23T07:40:54.314+0000: 124.260: Total time for which application threads were stopped: 0.0002138 seconds, Stopping threads took: 0.0000847 seconds
2018-10-23T07:40:54.916+0000: 124.861: Total time for which application threads were stopped: 0.0004550 seconds, Stopping threads took: 0.0001517 seconds
2018-10-23T07:40:54.916+0000: 124.862: Total time for which application threads were stopped: 0.0002616 seconds, Stopping threads took: 0.0001284 seconds
2018-10-23T07:40:54.916+0000: 124.862: Total time for which application threads were stopped: 0.0002083 seconds, Stopping threads took: 0.0000506 seconds
2018-10-23T07:40:54.917+0000: 124.862: Total time for which application threads were stopped: 0.0002194 seconds, Stopping threads took: 0.0000934 seconds
2018-10-23T07:40:54.917+0000: 124.863: Total time for which application threads were stopped: 0.0006267 seconds, Stopping threads took: 0.0001225 seconds
2018-10-23T07:40:54.926+0000: 124.872: Total time for which application threads were stopped: 0.0002483 seconds, Stopping threads took: 0.0001032 seconds
2018-10-23T07:40:54.926+0000: 124.872: Total time for which application threads were stopped: 0.0002267 seconds, Stopping threads took: 0.0001001 seconds
2018-10-23T07:40:54.929+0000: 124.875: Total time for which application threads were stopped: 0.0002701 seconds, Stopping threads took: 0.0001221 seconds
2018-10-23T07:40:54.929+0000: 124.875: Total time for which application threads were stopped: 0.0002336 seconds, Stopping threads took: 0.0001020 seconds
2018-10-23T07:40:55.930+0000: 125.876: Total time for which application threads were stopped: 0.0005029 seconds, Stopping threads took: 0.0000736 seconds
2018-10-23T07:40:56.331+0000: 126.277: Total time for which application threads were stopped: 0.0004213 seconds, Stopping threads took: 0.0001320 seconds
2018-10-23T07:40:56.332+0000: 126.278: Total time for which application threads were stopped: 0.0002953 seconds, Stopping threads took: 0.0001141 seconds
2018-10-23T07:40:56.332+0000: 126.278: Total time for which application threads were stopped: 0.0002348 seconds, Stopping threads took: 0.0000916 seconds
2018-10-23T07:40:56.333+0000: 126.278: Total time for which application threads were stopped: 0.0002272 seconds, Stopping threads took: 0.0000922 seconds
2018-10-23T07:40:56.333+0000: 126.279: Total time for which application threads were stopped: 0.0001990 seconds, Stopping threads took: 0.0000686 seconds
2018-10-23T07:40:56.333+0000: 126.279: Total time for which application threads were stopped: 0.0001634 seconds, Stopping threads took: 0.0000474 seconds
2018-10-23T07:40:56.333+0000: 126.279: Total time for which application threads were stopped: 0.0001461 seconds, Stopping threads took: 0.0000297 seconds
2018-10-23T07:40:56.336+0000: 126.281: Total time for which application threads were stopped: 0.0002656 seconds, Stopping threads took: 0.0001141 seconds
2018-10-23T07:40:56.336+0000: 126.282: Total time for which application threads were stopped: 0.0001886 seconds, Stopping threads took: 0.0000601 seconds
2018-10-23T07:40:56.337+0000: 126.283: Total time for which application threads were stopped: 0.0002380 seconds, Stopping threads took: 0.0001027 seconds
2018-10-23T07:40:56.337+0000: 126.283: Total time for which application threads were stopped: 0.0002699 seconds, Stopping threads took: 0.0001348 seconds
2018-10-23T07:40:56.344+0000: 126.289: Total time for which application threads were stopped: 0.0002295 seconds, Stopping threads took: 0.0000637 seconds
2018-10-23T07:40:56.344+0000: 126.290: Total time for which application threads were stopped: 0.0001958 seconds, Stopping threads took: 0.0000433 seconds
2018-10-23T07:40:56.346+0000: 126.292: Total time for which application threads were stopped: 0.0002620 seconds, Stopping threads took: 0.0000886 seconds
2018-10-23T07:40:56.347+0000: 126.293: Total time for which application threads were stopped: 0.0002644 seconds, Stopping threads took: 0.0001025 seconds
2018-10-23T07:40:56.708+0000: 126.654: Total time for which application threads were stopped: 0.0004184 seconds, Stopping threads took: 0.0001323 seconds
2018-10-23T07:40:56.709+0000: 126.654: Total time for which application threads were stopped: 0.0002276 seconds, Stopping threads took: 0.0000811 seconds
2018-10-23T07:40:56.711+0000: 126.657: Total time for which application threads were stopped: 0.0004763 seconds, Stopping threads took: 0.0000759 seconds
2018-10-23T07:40:56.712+0000: 126.657: Total time for which application threads were stopped: 0.0003491 seconds, Stopping threads took: 0.0000504 seconds
2018-10-23T07:40:56.712+0000: 126.658: Total time for which application threads were stopped: 0.0003220 seconds, Stopping threads took: 0.0000483 seconds
2018-10-23T07:40:56.737+0000: 126.682: Total time for which application threads were stopped: 0.0002536 seconds, Stopping threads took: 0.0000599 seconds
2018-10-23T07:40:56.737+0000: 126.683: Total time for which application threads were stopped: 0.0001866 seconds, Stopping threads took: 0.0000455 seconds
2018-10-23T07:40:56.739+0000: 126.685: Total time for which application threads were stopped: 0.0002050 seconds, Stopping threads took: 0.0000576 seconds
2018-10-23T07:40:56.739+0000: 126.685: Total time for which application threads were stopped: 0.0001838 seconds, Stopping threads took: 0.0000428 seconds
2018-10-23T07:40:57.692+0000: 127.638: Total time for which application threads were stopped: 0.0004235 seconds, Stopping threads took: 0.0001235 seconds
2018-10-23T07:40:57.692+0000: 127.638: Total time for which application threads were stopped: 0.0002347 seconds, Stopping threads took: 0.0000861 seconds
2018-10-23T07:40:57.695+0000: 127.641: Total time for which application threads were stopped: 0.0003242 seconds, Stopping threads took: 0.0001280 seconds
2018-10-23T07:40:57.696+0000: 127.641: Total time for which application threads were stopped: 0.0002569 seconds, Stopping threads took: 0.0001181 seconds
{Heap before GC invocations=112 (full 2):
 par new generation   total 109248K, used 101172K [0x00000000e0000000, 0x00000000e8000000, 0x00000000e8000000)
  eden space 87424K,  99% used [0x00000000e0000000, 0x00000000e555ffb0, 0x00000000e5560000)
  from space 21824K,  62% used [0x00000000e5560000, 0x00000000e62cd220, 0x00000000e6ab0000)
  to   space 21824K,   0% used [0x00000000e6ab0000, 0x00000000e6ab0000, 0x00000000e8000000)
 concurrent mark-sweep generation total 393216K, used 194944K [0x00000000e8000000, 0x0000000100000000, 0x0000000100000000)
 Metaspace       used 47105K, capacity 48979K, committed 49112K, reserved 1093632K
  class space    used 5188K, capacity 5611K, committed 5628K, reserved 1048576K
2018-10-23T07:40:57.958+0000: 127.904: [GC (Allocation Failure) 2018-10-23T07:40:57.958+0000: 127.904: [ParNew
Desired survivor size 20112992 bytes, new threshold 8 (max 8)
- age   1:     860240 bytes,     860240 total
- age   2:    1186288 bytes,    2046528 total
- age   3:    1438144 bytes,    3484672 total
- age   4:     445232 bytes,    3929904 total
- age   5:     526128 bytes,    4456032 total
- age   6:     440000 bytes,    4896032 total
- age   7:    4815312 bytes,    9711344 total
- age   8:     411176 bytes,   10122520 total
: 101172K->13820K(109248K), 0.0151652 secs] 296117K->208794K(502464K), 0.0152848 secs] [Times: user=0.05 sys=0.00, real=0.01 secs] 
Heap after GC invocations=113 (full 2):
 par new generation   total 109248K, used 13820K [0x00000000e0000000, 0x00000000e8000000, 0x00000000e8000000)
  eden space 87424K,   0% used [0x00000000e0000000, 0x00000000e0000000, 0x00000000e5560000)
  from space 21824K,  63% used [0x00000000e6ab0000, 0x00000000e782f0a0, 0x00000000e8000000)
  to   space 21824K,   0% used [0x00000000e5560000, 0x00000000e5560000, 0x00000000e6ab0000)
 concurrent mark-sweep generation total 393216K, used 194974K [0x00000000e8000000, 0x0000000100000000, 0x0000000100000000)
 Metaspace       used 47105K, capacity 48979K, committed 49112K, reserved 1093632K
  class space    used 5188K, capacity 5611K, committed 5628K, reserved 1048576K
}
2018-10-23T07:40:57.973+0000: 127.919: Total time for which application threads were stopped: 0.0158229 seconds, Stopping threads took: 0.0000838 seconds
2018-10-23T07:40:58.958+0000: 128.904: Total time for which application threads were stopped: 0.0004927 seconds, Stopping threads took: 0.0001476 seconds
2018-10-23T07:40:58.958+0000: 128.904: Total time for which application threads were stopped: 0.0002878 seconds, Stopping threads took: 0.0000855 seconds
2018-10-23T07:40:58.960+0000: 128.906: Total time for which application threads were stopped: 0.0002314 seconds, Stopping threads took: 0.0000595 seconds
2018-10-23T07:40:58.961+0000: 128.906: Total time for which application threads were stopped: 0.0002738 seconds, Stopping threads took: 0.0001289 seconds
2018-10-23T07:40:59.961+0000: 129.907: Total time for which application threads were stopped: 0.0004407 seconds, Stopping threads took: 0.0000794 seconds
2018-10-23T07:41:04.421+0000: 134.367: Total time for which application threads were stopped: 0.0004857 seconds, Stopping threads took: 0.0001607 seconds
2018-10-23T07:41:04.421+0000: 134.367: Total time for which application threads were stopped: 0.0001717 seconds, Stopping threads took: 0.0000266 seconds
2018-10-23T07:41:04.422+0000: 134.368: Total time for which application threads were stopped: 0.0002941 seconds, Stopping threads took: 0.0001023 seconds
2018-10-23T07:41:04.422+0000: 134.368: Total time for which application threads were stopped: 0.0002260 seconds, Stopping threads took: 0.0000915 seconds
2018-10-23T07:41:04.423+0000: 134.368: Total time for which application threads were stopped: 0.0001656 seconds, Stopping threads took: 0.0000298 seconds
2018-10-23T07:41:04.423+0000: 134.369: Total time for which application threads were stopped: 0.0001623 seconds, Stopping threads took: 0.0000290 seconds
2018-10-23T07:41:04.423+0000: 134.369: Total time for which application threads were stopped: 0.0001728 seconds, Stopping threads took: 0.0000374 seconds
2018-10-23T07:41:04.423+0000: 134.369: Total time for which application threads were stopped: 0.0001636 seconds, Stopping threads took: 0.0000310 seconds
2018-10-23T07:41:04.424+0000: 134.369: Total time for which application threads were stopped: 0.0001776 seconds, Stopping threads took: 0.0000371 seconds
2018-10-23T07:41:04.425+0000: 134.371: Total time for which application threads were stopped: 0.0002511 seconds, Stopping threads took: 0.0001032 seconds
2018-10-23T07:41:04.426+0000: 134.372: Total time for which application threads were stopped: 0.0003134 seconds, Stopping threads took: 0.0001285 seconds
2018-10-23T07:41:04.427+0000: 134.373: Total time for which application threads were stopped: 0.0002917 seconds, Stopping threads took: 0.0001464 seconds
2018-10-23T07:41:04.428+0000: 134.374: Total time for which application threads were stopped: 0.0007533 seconds, Stopping threads took: 0.0000996 seconds
2018-10-23T07:41:04.430+0000: 134.376: Total time for which application threads were stopped: 0.0010136 seconds, Stopping threads took: 0.0008612 seconds
2018-10-23T07:41:04.432+0000: 134.378: Total time for which application threads were stopped: 0.0001859 seconds, Stopping threads took: 0.0000405 seconds
2018-10-23T07:41:04.433+0000: 134.378: Total time for which application threads were stopped: 0.0002210 seconds, Stopping threads took: 0.0000533 seconds
2018-10-23T07:41:04.433+0000: 134.379: Total time for which application threads were stopped: 0.0003546 seconds, Stopping threads took: 0.0002096 seconds
2018-10-23T07:41:04.434+0000: 134.379: Total time for which application threads were stopped: 0.0002017 seconds, Stopping threads took: 0.0000378 seconds
2018-10-23T07:41:04.434+0000: 134.380: Total time for which application threads were stopped: 0.0001615 seconds, Stopping threads took: 0.0000258 seconds
2018-10-23T07:41:05.223+0000: 135.169: Total time for which application threads were stopped: 0.0005366 seconds, Stopping threads took: 0.0001565 seconds
2018-10-23T07:41:05.224+0000: 135.170: Total time for which application threads were stopped: 0.0002949 seconds, Stopping threads took: 0.0001438 seconds
2018-10-23T07:41:05.224+0000: 135.170: Total time for which application threads were stopped: 0.0002234 seconds, Stopping threads took: 0.0000885 seconds
2018-10-23T07:41:05.224+0000: 135.170: Total time for which application threads were stopped: 0.0002928 seconds, Stopping threads took: 0.0000994 seconds
2018-10-23T07:41:05.225+0000: 135.171: Total time for which application threads were stopped: 0.0002203 seconds, Stopping threads took: 0.0000728 seconds
2018-10-23T07:41:05.226+0000: 135.171: Total time for which application threads were stopped: 0.0002486 seconds, Stopping threads took: 0.0000977 seconds
2018-10-23T07:41:05.226+0000: 135.172: Total time for which application threads were stopped: 0.0002065 seconds, Stopping threads took: 0.0000744 seconds
2018-10-23T07:41:05.226+0000: 135.172: Total time for which application threads were stopped: 0.0001875 seconds, Stopping threads took: 0.0000410 seconds
2018-10-23T07:41:05.227+0000: 135.173: Total time for which application threads were stopped: 0.0006114 seconds, Stopping threads took: 0.0000516 seconds
2018-10-23T07:41:05.233+0000: 135.178: Total time for which application threads were stopped: 0.0003086 seconds, Stopping threads took: 0.0001390 seconds
2018-10-23T07:41:05.233+0000: 135.179: Total time for which application threads were stopped: 0.0002426 seconds, Stopping threads took: 0.0000873 seconds
2018-10-23T07:41:05.236+0000: 135.181: Total time for which application threads were stopped: 0.0002043 seconds, Stopping threads took: 0.0000270 seconds
2018-10-23T07:41:05.236+0000: 135.182: Total time for which application threads were stopped: 0.0002400 seconds, Stopping threads took: 0.0000855 seconds
2018-10-23T07:41:06.237+0000: 136.182: Total time for which application threads were stopped: 0.0004538 seconds, Stopping threads took: 0.0000807 seconds
2018-10-23T07:41:07.237+0000: 137.183: Total time for which application threads were stopped: 0.0003854 seconds, Stopping threads took: 0.0000745 seconds
2018-10-23T07:41:07.710+0000: 137.656: Total time for which application threads were stopped: 0.0004923 seconds, Stopping threads took: 0.0001205 seconds
2018-10-23T07:41:07.710+0000: 137.656: Total time for which application threads were stopped: 0.0002590 seconds, Stopping threads took: 0.0000957 seconds
2018-10-23T07:41:07.713+0000: 137.658: Total time for which application threads were stopped: 0.0002935 seconds, Stopping threads took: 0.0000712 seconds
2018-10-23T07:41:07.713+0000: 137.659: Total time for which application threads were stopped: 0.0001902 seconds, Stopping threads took: 0.0000349 seconds
{Heap before GC invocations=113 (full 2):
 par new generation   total 109248K, used 101244K [0x00000000e0000000, 0x00000000e8000000, 0x00000000e8000000)
  eden space 87424K, 100% used [0x00000000e0000000, 0x00000000e5560000, 0x00000000e5560000)
  from space 21824K,  63% used [0x00000000e6ab0000, 0x00000000e782f0a0, 0x00000000e8000000)
  to   space 21824K,   0% used [0x00000000e5560000, 0x00000000e5560000, 0x00000000e6ab0000)
 concurrent mark-sweep generation total 393216K, used 194974K [0x00000000e8000000, 0x0000000100000000, 0x0000000100000000)
 Metaspace       used 47283K, capacity 49137K, committed 49368K, reserved 1093632K
  class space    used 5204K, capacity 5616K, committed 5628K, reserved 1048576K
2018-10-23T07:41:07.861+0000: 137.807: [GC (Allocation Failure) 2018-10-23T07:41:07.861+0000: 137.807: [ParNew
Desired survivor size 20112992 bytes, new threshold 8 (max 8)
- age   1:     510808 bytes,     510808 total
- age   2:     196712 bytes,     707520 total
- age   3:    1185976 bytes,    1893496 total
- age   4:    1437008 bytes,    3330504 total
- age   5:     445232 bytes,    3775736 total
- age   6:     526128 bytes,    4301864 total
- age   7:     440000 bytes,    4741864 total
- age   8:    4798496 bytes,    9540360 total
: 101244K->13523K(109248K), 0.0082979 secs] 296218K->208901K(502464K), 0.0083864 secs] [Times: user=0.02 sys=0.00, real=0.01 secs] 
Heap after GC invocations=114 (full 2):
 par new generation   total 109248K, used 13523K [0x00000000e0000000, 0x00000000e8000000, 0x00000000e8000000)
  eden space 87424K,   0% used [0x00000000e0000000, 0x00000000e0000000, 0x00000000e5560000)
  from space 21824K,  61% used [0x00000000e5560000, 0x00000000e6294d18, 0x00000000e6ab0000)
  to   space 21824K,   0% used [0x00000000e6ab0000, 0x00000000e6ab0000, 0x00000000e8000000)
 concurrent mark-sweep generation total 393216K, used 195378K [0x00000000e8000000, 0x0000000100000000, 0x0000000100000000)
 Metaspace       used 47283K, capacity 49137K, committed 49368K, reserved 1093632K
  class space    used 5204K, capacity 5616K, committed 5628K, reserved 1048576K
}
2018-10-23T07:41:07.870+0000: 137.816: Total time for which application threads were stopped: 0.0089765 seconds, Stopping threads took: 0.0000842 seconds
2018-10-23T07:41:09.871+0000: 139.816: Total time for which application threads were stopped: 0.0004425 seconds, Stopping threads took: 0.0000942 seconds
2018-10-23T07:41:12.100+0000: 142.046: Total time for which application threads were stopped: 0.0003845 seconds, Stopping threads took: 0.0000728 seconds
2018-10-23T07:41:12.101+0000: 142.047: Total time for which application threads were stopped: 0.0002736 seconds, Stopping threads took: 0.0000846 seconds
2018-10-23T07:41:12.104+0000: 142.049: Total time for which application threads were stopped: 0.0003177 seconds, Stopping threads took: 0.0001494 seconds
2018-10-23T07:41:12.104+0000: 142.050: Total time for which application threads were stopped: 0.0002022 seconds, Stopping threads took: 0.0000583 seconds
2018-10-23T07:41:13.104+0000: 143.050: Total time for which application threads were stopped: 0.0004398 seconds, Stopping threads took: 0.0000719 seconds
2018-10-23T07:41:17.870+0000: 147.816: Total time for which application threads were stopped: 0.0005725 seconds, Stopping threads took: 0.0002101 seconds
2018-10-23T07:41:17.870+0000: 147.816: Total time for which application threads were stopped: 0.0002198 seconds, Stopping threads took: 0.0000497 seconds
2018-10-23T07:41:17.871+0000: 147.817: Total time for which application threads were stopped: 0.0002511 seconds, Stopping threads took: 0.0000978 seconds
2018-10-23T07:41:17.872+0000: 147.818: Total time for which application threads were stopped: 0.0002510 seconds, Stopping threads took: 0.0001016 seconds
2018-10-23T07:41:17.872+0000: 147.818: Total time for which application threads were stopped: 0.0001812 seconds, Stopping threads took: 0.0000437 seconds
2018-10-23T07:41:17.872+0000: 147.818: Total time for which application threads were stopped: 0.0002269 seconds, Stopping threads took: 0.0000871 seconds
2018-10-23T07:41:17.873+0000: 147.819: Total time for which application threads were stopped: 0.0006301 seconds, Stopping threads took: 0.0004776 seconds
2018-10-23T07:41:17.876+0000: 147.821: Total time for which application threads were stopped: 0.0009151 seconds, Stopping threads took: 0.0007591 seconds
2018-10-23T07:41:17.882+0000: 147.828: Total time for which application threads were stopped: 0.0002738 seconds, Stopping threads took: 0.0001181 seconds
2018-10-23T07:41:17.884+0000: 147.829: Total time for which application threads were stopped: 0.0002690 seconds, Stopping threads took: 0.0001118 seconds
2018-10-23T07:41:17.888+0000: 147.834: Total time for which application threads were stopped: 0.0018198 seconds, Stopping threads took: 0.0016262 seconds
2018-10-23T07:41:17.888+0000: 147.834: Total time for which application threads were stopped: 0.0001617 seconds, Stopping threads took: 0.0000249 seconds
2018-10-23T07:41:17.891+0000: 147.837: Total time for which application threads were stopped: 0.0001780 seconds, Stopping threads took: 0.0000437 seconds
2018-10-23T07:41:17.897+0000: 147.843: Total time for which application threads were stopped: 0.0002087 seconds, Stopping threads took: 0.0000441 seconds
2018-10-23T07:41:18.687+0000: 148.633: Total time for which application threads were stopped: 0.0004291 seconds, Stopping threads took: 0.0000839 seconds
2018-10-23T07:41:18.688+0000: 148.633: Total time for which application threads were stopped: 0.0002686 seconds, Stopping threads took: 0.0001090 seconds
2018-10-23T07:41:18.690+0000: 148.636: Total time for which application threads were stopped: 0.0002788 seconds, Stopping threads took: 0.0000672 seconds
2018-10-23T07:41:18.690+0000: 148.636: Total time for which application threads were stopped: 0.0001982 seconds, Stopping threads took: 0.0000627 seconds
2018-10-23T07:41:19.280+0000: 149.226: Total time for which application threads were stopped: 0.0004678 seconds, Stopping threads took: 0.0000993 seconds
2018-10-23T07:41:19.280+0000: 149.226: Total time for which application threads were stopped: 0.0002609 seconds, Stopping threads took: 0.0000625 seconds
2018-10-23T07:41:19.283+0000: 149.229: Total time for which application threads were stopped: 0.0001980 seconds, Stopping threads took: 0.0000430 seconds
2018-10-23T07:41:19.283+0000: 149.229: Total time for which application threads were stopped: 0.0002754 seconds, Stopping threads took: 0.0001182 seconds
{Heap before GC invocations=114 (full 2):
 par new generation   total 109248K, used 100947K [0x00000000e0000000, 0x00000000e8000000, 0x00000000e8000000)
  eden space 87424K, 100% used [0x00000000e0000000, 0x00000000e5560000, 0x00000000e5560000)
  from space 21824K,  61% used [0x00000000e5560000, 0x00000000e6294d18, 0x00000000e6ab0000)
  to   space 21824K,   0% used [0x00000000e6ab0000, 0x00000000e6ab0000, 0x00000000e8000000)
 concurrent mark-sweep generation total 393216K, used 195378K [0x00000000e8000000, 0x0000000100000000, 0x0000000100000000)
 Metaspace       used 47324K, capacity 49149K, committed 49368K, reserved 1093632K
  class space    used 5205K, capacity 5618K, committed 5628K, reserved 1048576K
2018-10-23T07:41:19.347+0000: 149.293: [GC (Allocation Failure) 2018-10-23T07:41:19.347+0000: 149.293: [ParNew
Desired survivor size 20112992 bytes, new threshold 8 (max 8)
- age   1:     200472 bytes,     200472 total
- age   2:     103624 bytes,     304096 total
- age   3:     153544 bytes,     457640 total
- age   4:     999040 bytes,    1456680 total
- age   5:    1149024 bytes,    2605704 total
- age   6:     445232 bytes,    3050936 total
- age   7:     502888 bytes,    3553824 total
- age   8:     437000 bytes,    3990824 total
: 100947K->6245K(109248K), 0.0141384 secs] 296325K->206316K(502464K), 0.0142485 secs] [Times: user=0.05 sys=0.00, real=0.02 secs] 
Heap after GC invocations=115 (full 2):
 par new generation   total 109248K, used 6245K [0x00000000e0000000, 0x00000000e8000000, 0x00000000e8000000)
  eden space 87424K,   0% used [0x00000000e0000000, 0x00000000e0000000, 0x00000000e5560000)
  from space 21824K,  28% used [0x00000000e6ab0000, 0x00000000e70c95e0, 0x00000000e8000000)
  to   space 21824K,   0% used [0x00000000e5560000, 0x00000000e5560000, 0x00000000e6ab0000)
 concurrent mark-sweep generation total 393216K, used 200071K [0x00000000e8000000, 0x0000000100000000, 0x0000000100000000)
 Metaspace       used 47324K, capacity 49149K, committed 49368K, reserved 1093632K
  class space    used 5205K, capacity 5618K, committed 5628K, reserved 1048576K
}
2018-10-23T07:41:19.361+0000: 149.307: Total time for which application threads were stopped: 0.0147027 seconds, Stopping threads took: 0.0000674 seconds
2018-10-23T07:41:19.362+0000: 149.308: [GC (CMS Initial Mark) [1 CMS-initial-mark: 200071K(393216K)] 207072K(502464K), 0.0021554 secs] [Times: user=0.00 sys=0.00, real=0.00 secs] 
2018-10-23T07:41:19.364+0000: 149.310: Total time for which application threads were stopped: 0.0024929 seconds, Stopping threads took: 0.0000854 seconds
2018-10-23T07:41:19.364+0000: 149.310: [CMS-concurrent-mark-start]
2018-10-23T07:41:19.489+0000: 149.434: [CMS-concurrent-mark: 0.124/0.124 secs] [Times: user=0.45 sys=0.00, real=0.12 secs] 
2018-10-23T07:41:19.489+0000: 149.434: [CMS-concurrent-preclean-start]
2018-10-23T07:41:19.490+0000: 149.436: [CMS-concurrent-preclean: 0.001/0.001 secs] [Times: user=0.00 sys=0.00, real=0.01 secs] 
2018-10-23T07:41:19.490+0000: 149.436: [CMS-concurrent-abortable-preclean-start]
2018-10-23T07:41:20.365+0000: 150.311: Total time for which application threads were stopped: 0.0004701 seconds, Stopping threads took: 0.0001289 seconds
2018-10-23T07:41:21.203+0000: 151.149: Total time for which application threads were stopped: 0.0003907 seconds, Stopping threads took: 0.0000857 seconds
2018-10-23T07:41:21.204+0000: 151.149: Total time for which application threads were stopped: 0.0003865 seconds, Stopping threads took: 0.0001891 seconds
2018-10-23T07:41:21.206+0000: 151.152: Total time for which application threads were stopped: 0.0002752 seconds, Stopping threads took: 0.0001072 seconds
2018-10-23T07:41:21.207+0000: 151.153: Total time for which application threads were stopped: 0.0002168 seconds, Stopping threads took: 0.0000747 seconds
2018-10-23T07:41:21.672+0000: 151.618: [CMS-concurrent-abortable-preclean: 0.318/2.182 secs] [Times: user=0.83 sys=0.00, real=2.18 secs] 
2018-10-23T07:41:21.672+0000: 151.618: [GC (CMS Final Remark) [YG occupancy: 60182 K (109248 K)]{Heap before GC invocations=115 (full 3):
 par new generation   total 109248K, used 60182K [0x00000000e0000000, 0x00000000e8000000, 0x00000000e8000000)
  eden space 87424K,  61% used [0x00000000e0000000, 0x00000000e34ac300, 0x00000000e5560000)
  from space 21824K,  28% used [0x00000000e6ab0000, 0x00000000e70c95e0, 0x00000000e8000000)
  to   space 21824K,   0% used [0x00000000e5560000, 0x00000000e5560000, 0x00000000e6ab0000)
 concurrent mark-sweep generation total 393216K, used 200071K [0x00000000e8000000, 0x0000000100000000, 0x0000000100000000)
 Metaspace       used 47332K, capacity 49213K, committed 49368K, reserved 1093632K
  class space    used 5205K, capacity 5618K, committed 5628K, reserved 1048576K
2018-10-23T07:41:21.672+0000: 151.618: [GC (CMS Final Remark) 2018-10-23T07:41:21.672+0000: 151.618: [ParNew
Desired survivor size 20112992 bytes, new threshold 8 (max 8)
- age   1:       7048 bytes,       7048 total
- age   2:      45472 bytes,      52520 total
- age   3:     103624 bytes,     156144 total
- age   4:     153304 bytes,     309448 total
- age   5:     999008 bytes,    1308456 total
- age   6:    1148528 bytes,    2456984 total
- age   7:     445232 bytes,    2902216 total
- age   8:     502824 bytes,    3405040 total
: 60182K->3890K(109248K), 0.0067874 secs] 260253K->204390K(502464K), 0.0068603 secs] [Times: user=0.02 sys=0.00, real=0.01 secs] 
Heap after GC invocations=116 (full 3):
 par new generation   total 109248K, used 3890K [0x00000000e0000000, 0x00000000e8000000, 0x00000000e8000000)
  eden space 87424K,   0% used [0x00000000e0000000, 0x00000000e0000000, 0x00000000e5560000)
  from space 21824K,  17% used [0x00000000e5560000, 0x00000000e592cbd8, 0x00000000e6ab0000)
  to   space 21824K,   0% used [0x00000000e6ab0000, 0x00000000e6ab0000, 0x00000000e8000000)
 concurrent mark-sweep generation total 393216K, used 200499K [0x00000000e8000000, 0x0000000100000000, 0x0000000100000000)
 Metaspace       used 47332K, capacity 49213K, committed 49368K, reserved 1093632K
  class space    used 5205K, capacity 5618K, committed 5628K, reserved 1048576K
}
2018-10-23T07:41:21.679+0000: 151.625: [Rescan (parallel) , 0.0022522 secs]2018-10-23T07:41:21.682+0000: 151.627: [weak refs processing, 0.0014628 secs]2018-10-23T07:41:21.683+0000: 151.629: [class unloading, 0.0119408 secs]2018-10-23T07:41:21.695+0000: 151.641: [scrub symbol table, 0.0069720 secs]2018-10-23T07:41:21.702+0000: 151.648: [scrub string table, 0.0008139 secs][1 CMS-remark: 200499K(393216K)] 204390K(502464K), 0.0311282 secs] [Times: user=0.05 sys=0.00, real=0.03 secs] 
2018-10-23T07:41:21.704+0000: 151.649: Total time for which application threads were stopped: 0.0316303 seconds, Stopping threads took: 0.0000744 seconds
2018-10-23T07:41:21.704+0000: 151.649: [CMS-concurrent-sweep-start]
2018-10-23T07:41:21.776+0000: 151.721: [CMS-concurrent-sweep: 0.072/0.072 secs] [Times: user=0.07 sys=0.00, real=0.07 secs] 
2018-10-23T07:41:21.776+0000: 151.722: [CMS-concurrent-reset-start]
2018-10-23T07:41:21.777+0000: 151.723: [CMS-concurrent-reset: 0.001/0.001 secs] [Times: user=0.00 sys=0.00, real=0.00 secs] 
2018-10-23T07:41:23.776+0000: 153.722: [GC (CMS Initial Mark) [1 CMS-initial-mark: 198108K(393216K)] 203404K(502464K), 0.0024546 secs] [Times: user=0.01 sys=0.00, real=0.01 secs] 
2018-10-23T07:41:23.779+0000: 153.725: Total time for which application threads were stopped: 0.0029179 seconds, Stopping threads took: 0.0000867 seconds
2018-10-23T07:41:23.779+0000: 153.725: [CMS-concurrent-mark-start]
2018-10-23T07:41:23.885+0000: 153.831: [CMS-concurrent-mark: 0.106/0.106 secs] [Times: user=0.42 sys=0.00, real=0.10 secs] 
2018-10-23T07:41:23.885+0000: 153.831: [CMS-concurrent-preclean-start]
2018-10-23T07:41:23.887+0000: 153.833: [CMS-concurrent-preclean: 0.002/0.002 secs] [Times: user=0.01 sys=0.00, real=0.00 secs] 
2018-10-23T07:41:23.887+0000: 153.833: [GC (CMS Final Remark) [YG occupancy: 5298 K (109248 K)]{Heap before GC invocations=116 (full 4):
 par new generation   total 109248K, used 5298K [0x00000000e0000000, 0x00000000e8000000, 0x00000000e8000000)
  eden space 87424K,   1% used [0x00000000e0000000, 0x00000000e015fc48, 0x00000000e5560000)
  from space 21824K,  17% used [0x00000000e5560000, 0x00000000e592cbd8, 0x00000000e6ab0000)
  to   space 21824K,   0% used [0x00000000e6ab0000, 0x00000000e6ab0000, 0x00000000e8000000)
 concurrent mark-sweep generation total 393216K, used 198108K [0x00000000e8000000, 0x0000000100000000, 0x0000000100000000)
 Metaspace       used 47332K, capacity 49213K, committed 49368K, reserved 1093632K
  class space    used 5205K, capacity 5618K, committed 5628K, reserved 1048576K
2018-10-23T07:41:23.887+0000: 153.833: [GC (CMS Final Remark) 2018-10-23T07:41:23.887+0000: 153.833: [ParNew
Desired survivor size 20112992 bytes, new threshold 8 (max 8)
- age   1:       1336 bytes,       1336 total
- age   2:       5720 bytes,       7056 total
- age   3:      39312 bytes,      46368 total
- age   4:     102352 bytes,     148720 total
- age   5:     153304 bytes,     302024 total
- age   6:     997664 bytes,    1299688 total
- age   7:    1148360 bytes,    2448048 total
- age   8:     445232 bytes,    2893280 total
: 5298K->4574K(109248K), 0.0055638 secs] 203406K->203174K(502464K), 0.0056300 secs] [Times: user=0.01 sys=0.00, real=0.01 secs] 
Heap after GC invocations=117 (full 4):
 par new generation   total 109248K, used 4574K [0x00000000e0000000, 0x00000000e8000000, 0x00000000e8000000)
  eden space 87424K,   0% used [0x00000000e0000000, 0x00000000e0000000, 0x00000000e5560000)
  from space 21824K,  20% used [0x00000000e6ab0000, 0x00000000e6f27ae0, 0x00000000e8000000)
  to   space 21824K,   0% used [0x00000000e5560000, 0x00000000e5560000, 0x00000000e6ab0000)
 concurrent mark-sweep generation total 393216K, used 198600K [0x00000000e8000000, 0x0000000100000000, 0x0000000100000000)
 Metaspace       used 47332K, capacity 49213K, committed 49368K, reserved 1093632K
  class space    used 5205K, capacity 5618K, committed 5628K, reserved 1048576K
}
2018-10-23T07:41:23.893+0000: 153.839: [Rescan (parallel) , 0.0025063 secs]2018-10-23T07:41:23.895+0000: 153.841: [weak refs processing, 0.0015571 secs]2018-10-23T07:41:23.897+0000: 153.843: [class unloading, 0.0119437 secs]2018-10-23T07:41:23.909+0000: 153.855: [scrub symbol table, 0.0068920 secs]2018-10-23T07:41:23.916+0000: 153.862: [scrub string table, 0.0008000 secs][1 CMS-remark: 198600K(393216K)] 203174K(502464K), 0.0300272 secs] [Times: user=0.04 sys=0.00, real=0.03 secs] 
2018-10-23T07:41:23.917+0000: 153.863: Total time for which application threads were stopped: 0.0305045 seconds, Stopping threads took: 0.0001059 seconds
2018-10-23T07:41:23.917+0000: 153.863: [CMS-concurrent-sweep-start]
2018-10-23T07:41:23.989+0000: 153.934: [CMS-concurrent-sweep: 0.071/0.071 secs] [Times: user=0.08 sys=0.00, real=0.07 secs] 
2018-10-23T07:41:23.989+0000: 153.934: [CMS-concurrent-reset-start]
2018-10-23T07:41:23.990+0000: 153.935: [CMS-concurrent-reset: 0.001/0.001 secs] [Times: user=0.00 sys=0.00, real=0.01 secs] 
2018-10-23T07:41:25.989+0000: 155.935: [GC (CMS Initial Mark) [1 CMS-initial-mark: 198001K(393216K)] 203728K(502464K), 0.0023515 secs] [Times: user=0.00 sys=0.00, real=0.01 secs] 
2018-10-23T07:41:25.992+0000: 155.938: Total time for which application threads were stopped: 0.0027965 seconds, Stopping threads took: 0.0000816 seconds
2018-10-23T07:41:25.992+0000: 155.938: [CMS-concurrent-mark-start]
2018-10-23T07:41:26.086+0000: 156.032: [CMS-concurrent-mark: 0.095/0.095 secs] [Times: user=0.38 sys=0.00, real=0.09 secs] 
2018-10-23T07:41:26.086+0000: 156.032: [CMS-concurrent-preclean-start]
2018-10-23T07:41:26.088+0000: 156.034: [CMS-concurrent-preclean: 0.001/0.002 secs] [Times: user=0.00 sys=0.00, real=0.00 secs] 
2018-10-23T07:41:26.088+0000: 156.034: [GC (CMS Final Remark) [YG occupancy: 5726 K (109248 K)]{Heap before GC invocations=117 (full 5):
 par new generation   total 109248K, used 5726K [0x00000000e0000000, 0x00000000e8000000, 0x00000000e8000000)
  eden space 87424K,   1% used [0x00000000e0000000, 0x00000000e0120098, 0x00000000e5560000)
  from space 21824K,  20% used [0x00000000e6ab0000, 0x00000000e6f27ae0, 0x00000000e8000000)
  to   space 21824K,   0% used [0x00000000e5560000, 0x00000000e5560000, 0x00000000e6ab0000)
 concurrent mark-sweep generation total 393216K, used 198001K [0x00000000e8000000, 0x0000000100000000, 0x0000000100000000)
 Metaspace       used 47333K, capacity 49213K, committed 49368K, reserved 1093632K
  class space    used 5205K, capacity 5618K, committed 5628K, reserved 1048576K
2018-10-23T07:41:26.089+0000: 156.034: [GC (CMS Final Remark) 2018-10-23T07:41:26.089+0000: 156.034: [ParNew
Desired survivor size 20112992 bytes, new threshold 8 (max 8)
- age   1:       1568 bytes,       1568 total
- age   2:        728 bytes,       2296 total
- age   3:       5720 bytes,       8016 total
- age   4:      39248 bytes,      47264 total
- age   5:     102288 bytes,     149552 total
- age   6:     153304 bytes,     302856 total
- age   7:     997640 bytes,    1300496 total
- age   8:    1147640 bytes,    2448136 total
: 5726K->2937K(109248K), 0.0053176 secs] 203728K->201373K(502464K), 0.0053752 secs] [Times: user=0.02 sys=0.00, real=0.01 secs] 
Heap after GC invocations=118 (full 5):
 par new generation   total 109248K, used 2937K [0x00000000e0000000, 0x00000000e8000000, 0x00000000e8000000)
  eden space 87424K,   0% used [0x00000000e0000000, 0x00000000e0000000, 0x00000000e5560000)
  from space 21824K,  13% used [0x00000000e5560000, 0x00000000e583e680, 0x00000000e6ab0000)
  to   space 21824K,   0% used [0x00000000e6ab0000, 0x00000000e6ab0000, 0x00000000e8000000)
 concurrent mark-sweep generation total 393216K, used 198436K [0x00000000e8000000, 0x0000000100000000, 0x0000000100000000)
 Metaspace       used 47333K, capacity 49213K, committed 49368K, reserved 1093632K
  class space    used 5205K, capacity 5618K, committed 5628K, reserved 1048576K
}
2018-10-23T07:41:26.094+0000: 156.040: [Rescan (parallel) , 0.0021823 secs]2018-10-23T07:41:26.096+0000: 156.042: [weak refs processing, 0.0014138 secs]2018-10-23T07:41:26.098+0000: 156.043: [class unloading, 0.0118047 secs]2018-10-23T07:41:26.109+0000: 156.055: [scrub symbol table, 0.0068238 secs]2018-10-23T07:41:26.116+0000: 156.062: [scrub string table, 0.0008099 secs][1 CMS-remark: 198436K(393216K)] 201373K(502464K), 0.0290564 secs] [Times: user=0.05 sys=0.00, real=0.03 secs] 
2018-10-23T07:41:26.118+0000: 156.063: Total time for which application threads were stopped: 0.0294929 seconds, Stopping threads took: 0.0000972 seconds
2018-10-23T07:41:26.118+0000: 156.064: [CMS-concurrent-sweep-start]
2018-10-23T07:41:26.190+0000: 156.136: [CMS-concurrent-sweep: 0.072/0.072 secs] [Times: user=0.07 sys=0.00, real=0.07 secs] 
2018-10-23T07:41:26.190+0000: 156.136: [CMS-concurrent-reset-start]
2018-10-23T07:41:26.191+0000: 156.137: [CMS-concurrent-reset: 0.001/0.001 secs] [Times: user=0.00 sys=0.00, real=0.00 secs] 
2018-10-23T07:41:26.222+0000: 156.168: Total time for which application threads were stopped: 0.0003801 seconds, Stopping threads took: 0.0000701 seconds
2018-10-23T07:41:26.223+0000: 156.168: Total time for which application threads were stopped: 0.0002134 seconds, Stopping threads took: 0.0000748 seconds
2018-10-23T07:41:26.223+0000: 156.169: Total time for which application threads were stopped: 0.0001562 seconds, Stopping threads took: 0.0000312 seconds
2018-10-23T07:41:26.223+0000: 156.169: Total time for which application threads were stopped: 0.0003466 seconds, Stopping threads took: 0.0001527 seconds
2018-10-23T07:41:26.225+0000: 156.171: Total time for which application threads were stopped: 0.0016179 seconds, Stopping threads took: 0.0014739 seconds
2018-10-23T07:41:26.225+0000: 156.171: Total time for which application threads were stopped: 0.0002105 seconds, Stopping threads took: 0.0000727 seconds
2018-10-23T07:41:26.225+0000: 156.171: Total time for which application threads were stopped: 0.0001700 seconds, Stopping threads took: 0.0000342 seconds
2018-10-23T07:41:26.234+0000: 156.180: Total time for which application threads were stopped: 0.0001807 seconds, Stopping threads took: 0.0000279 seconds
2018-10-23T07:41:26.235+0000: 156.180: Total time for which application threads were stopped: 0.0002664 seconds, Stopping threads took: 0.0001003 seconds
2018-10-23T07:41:26.235+0000: 156.181: Total time for which application threads were stopped: 0.0002073 seconds, Stopping threads took: 0.0000463 seconds
2018-10-23T07:41:26.236+0000: 156.182: Total time for which application threads were stopped: 0.0003815 seconds, Stopping threads took: 0.0002173 seconds
2018-10-23T07:41:26.236+0000: 156.182: Total time for which application threads were stopped: 0.0002808 seconds, Stopping threads took: 0.0001246 seconds
2018-10-23T07:41:26.237+0000: 156.183: Total time for which application threads were stopped: 0.0002199 seconds, Stopping threads took: 0.0000732 seconds
2018-10-23T07:41:26.237+0000: 156.183: Total time for which application threads were stopped: 0.0002467 seconds, Stopping threads took: 0.0000908 seconds
2018-10-23T07:41:26.238+0000: 156.184: Total time for which application threads were stopped: 0.0001860 seconds, Stopping threads took: 0.0000484 seconds
2018-10-23T07:41:26.241+0000: 156.187: Total time for which application threads were stopped: 0.0006290 seconds, Stopping threads took: 0.0004884 seconds
2018-10-23T07:41:26.241+0000: 156.187: Total time for which application threads were stopped: 0.0002489 seconds, Stopping threads took: 0.0001038 seconds
2018-10-23T07:41:26.249+0000: 156.194: Total time for which application threads were stopped: 0.0003559 seconds, Stopping threads took: 0.0001782 seconds
2018-10-23T07:41:26.254+0000: 156.200: Total time for which application threads were stopped: 0.0016595 seconds, Stopping threads took: 0.0014961 seconds
2018-10-23T07:41:26.255+0000: 156.200: Total time for which application threads were stopped: 0.0001911 seconds, Stopping threads took: 0.0000439 seconds
2018-10-23T07:41:27.049+0000: 156.995: Total time for which application threads were stopped: 0.0004010 seconds, Stopping threads took: 0.0000754 seconds
2018-10-23T07:41:27.049+0000: 156.995: Total time for which application threads were stopped: 0.0001989 seconds, Stopping threads took: 0.0000514 seconds
2018-10-23T07:41:27.052+0000: 156.998: Total time for which application threads were stopped: 0.0002564 seconds, Stopping threads took: 0.0000592 seconds
2018-10-23T07:41:27.053+0000: 156.998: Total time for which application threads were stopped: 0.0002203 seconds, Stopping threads took: 0.0000715 seconds
2018-10-23T07:41:28.053+0000: 157.999: Total time for which application threads were stopped: 0.0004381 seconds, Stopping threads took: 0.0000689 seconds
2018-10-23T07:41:28.095+0000: 158.041: Total time for which application threads were stopped: 0.0004315 seconds, Stopping threads took: 0.0001134 seconds
2018-10-23T07:41:28.095+0000: 158.041: Total time for which application threads were stopped: 0.0003232 seconds, Stopping threads took: 0.0001183 seconds
2018-10-23T07:41:28.096+0000: 158.042: Total time for which application threads were stopped: 0.0002495 seconds, Stopping threads took: 0.0000940 seconds
2018-10-23T07:41:28.099+0000: 158.045: Total time for which application threads were stopped: 0.0002543 seconds, Stopping threads took: 0.0000910 seconds
2018-10-23T07:41:28.100+0000: 158.046: Total time for which application threads were stopped: 0.0002513 seconds, Stopping threads took: 0.0000999 seconds
2018-10-23T07:41:28.191+0000: 158.137: [GC (CMS Initial Mark) [1 CMS-initial-mark: 198401K(393216K)] 243407K(502464K), 0.0042277 secs] [Times: user=0.01 sys=0.00, real=0.00 secs] 
2018-10-23T07:41:28.196+0000: 158.142: Total time for which application threads were stopped: 0.0047253 seconds, Stopping threads took: 0.0001205 seconds
2018-10-23T07:41:28.196+0000: 158.142: [CMS-concurrent-mark-start]
2018-10-23T07:41:28.317+0000: 158.263: [CMS-concurrent-mark: 0.121/0.121 secs] [Times: user=0.41 sys=0.00, real=0.12 secs] 
2018-10-23T07:41:28.317+0000: 158.263: [CMS-concurrent-preclean-start]
2018-10-23T07:41:28.320+0000: 158.266: [CMS-concurrent-preclean: 0.002/0.003 secs] [Times: user=0.00 sys=0.00, real=0.01 secs] 
2018-10-23T07:41:28.320+0000: 158.266: [CMS-concurrent-abortable-preclean-start]
2018-10-23T07:41:32.915+0000: 162.861: Total time for which application threads were stopped: 0.0024092 seconds, Stopping threads took: 0.0016009 seconds
2018-10-23T07:41:32.917+0000: 162.863: Total time for which application threads were stopped: 0.0002424 seconds, Stopping threads took: 0.0000327 seconds
2018-10-23T07:41:32.917+0000: 162.863: Total time for which application threads were stopped: 0.0002060 seconds, Stopping threads took: 0.0000247 seconds
2018-10-23T07:41:32.917+0000: 162.863: Total time for which application threads were stopped: 0.0003204 seconds, Stopping threads took: 0.0001404 seconds
2018-10-23T07:41:32.918+0000: 162.864: Total time for which application threads were stopped: 0.0002828 seconds, Stopping threads took: 0.0001049 seconds
2018-10-23T07:41:33.744+0000: 163.690: Total time for which application threads were stopped: 0.0004785 seconds, Stopping threads took: 0.0001371 seconds
2018-10-23T07:41:33.745+0000: 163.690: Total time for which application threads were stopped: 0.0002993 seconds, Stopping threads took: 0.0000955 seconds
2018-10-23T07:41:33.747+0000: 163.693: Total time for which application threads were stopped: 0.0002892 seconds, Stopping threads took: 0.0001266 seconds
2018-10-23T07:41:33.747+0000: 163.693: Total time for which application threads were stopped: 0.0002509 seconds, Stopping threads took: 0.0001120 seconds
{Heap before GC invocations=118 (full 6):
 par new generation   total 109248K, used 90361K [0x00000000e0000000, 0x00000000e8000000, 0x00000000e8000000)
  eden space 87424K, 100% used [0x00000000e0000000, 0x00000000e5560000, 0x00000000e5560000)
  from space 21824K,  13% used [0x00000000e5560000, 0x00000000e583e680, 0x00000000e6ab0000)
  to   space 21824K,   0% used [0x00000000e6ab0000, 0x00000000e6ab0000, 0x00000000e8000000)
 concurrent mark-sweep generation total 393216K, used 198401K [0x00000000e8000000, 0x0000000100000000, 0x0000000100000000)
 Metaspace       used 47386K, capacity 49213K, committed 49368K, reserved 1093632K
  class space    used 5206K, capacity 5618K, committed 5628K, reserved 1048576K
2018-10-23T07:41:34.055+0000: 164.001: [GC (Allocation Failure) 2018-10-23T07:41:34.055+0000: 164.001: [ParNew
Desired survivor size 20112992 bytes, new threshold 8 (max 8)
- age   1:     625264 bytes,     625264 total
- age   2:        960 bytes,     626224 total
- age   3:        680 bytes,     626904 total
- age   4:       3016 bytes,     629920 total
- age   5:      21448 bytes,     651368 total
- age   6:     102192 bytes,     753560 total
- age   7:     152752 bytes,     906312 total
- age   8:     997208 bytes,    1903520 total
: 90361K->3240K(109248K), 0.0190589 secs] 288762K->202771K(502464K), 0.0191839 secs] [Times: user=0.05 sys=0.00, real=0.02 secs] 
Heap after GC invocations=119 (full 6):
 par new generation   total 109248K, used 3240K [0x00000000e0000000, 0x00000000e8000000, 0x00000000e8000000)
  eden space 87424K,   0% used [0x00000000e0000000, 0x00000000e0000000, 0x00000000e5560000)
  from space 21824K,  14% used [0x00000000e6ab0000, 0x00000000e6dda1e0, 0x00000000e8000000)
  to   space 21824K,   0% used [0x00000000e5560000, 0x00000000e5560000, 0x00000000e6ab0000)
 concurrent mark-sweep generation total 393216K, used 199531K [0x00000000e8000000, 0x0000000100000000, 0x0000000100000000)
 Metaspace       used 47386K, capacity 49213K, committed 49368K, reserved 1093632K
  class space    used 5206K, capacity 5618K, committed 5628K, reserved 1048576K
}
2018-10-23T07:41:34.074+0000: 164.020: Total time for which application threads were stopped: 0.0197081 seconds, Stopping threads took: 0.0000798 seconds
 CMS: abort preclean due to time 2018-10-23T07:41:34.325+0000: 164.271: [CMS-concurrent-abortable-preclean: 0.781/6.005 secs] [Times: user=1.40 sys=0.00, real=6.00 secs] 
2018-10-23T07:41:34.326+0000: 164.272: [GC (CMS Final Remark) [YG occupancy: 11615 K (109248 K)]{Heap before GC invocations=119 (full 6):
 par new generation   total 109248K, used 11615K [0x00000000e0000000, 0x00000000e8000000, 0x00000000e8000000)
  eden space 87424K,   9% used [0x00000000e0000000, 0x00000000e082da60, 0x00000000e5560000)
  from space 21824K,  14% used [0x00000000e6ab0000, 0x00000000e6dda1e0, 0x00000000e8000000)
  to   space 21824K,   0% used [0x00000000e5560000, 0x00000000e5560000, 0x00000000e6ab0000)
 concurrent mark-sweep generation total 393216K, used 199531K [0x00000000e8000000, 0x0000000100000000, 0x0000000100000000)
 Metaspace       used 47386K, capacity 49213K, committed 49368K, reserved 1093632K
  class space    used 5206K, capacity 5618K, committed 5628K, reserved 1048576K
2018-10-23T07:41:34.326+0000: 164.272: [GC (CMS Final Remark) 2018-10-23T07:41:34.326+0000: 164.272: [ParNew
Desired survivor size 20112992 bytes, new threshold 8 (max 8)
- age   1:        560 bytes,        560 total
- age   2:      79816 bytes,      80376 total
- age   3:        960 bytes,      81336 total
- age   4:        680 bytes,      82016 total
- age   5:       3016 bytes,      85032 total
- age   6:      21448 bytes,     106480 total
- age   7:     102192 bytes,     208672 total
- age   8:     152752 bytes,     361424 total
: 11615K->1004K(109248K), 0.0063540 secs] 211146K->201534K(502464K), 0.0064228 secs] [Times: user=0.02 sys=0.00, real=0.01 secs] 
Heap after GC invocations=120 (full 6):
 par new generation   total 109248K, used 1004K [0x00000000e0000000, 0x00000000e8000000, 0x00000000e8000000)
  eden space 87424K,   0% used [0x00000000e0000000, 0x00000000e0000000, 0x00000000e5560000)
  from space 21824K,   4% used [0x00000000e5560000, 0x00000000e565b340, 0x00000000e6ab0000)
  to   space 21824K,   0% used [0x00000000e6ab0000, 0x00000000e6ab0000, 0x00000000e8000000)
 concurrent mark-sweep generation total 393216K, used 200529K [0x00000000e8000000, 0x0000000100000000, 0x0000000100000000)
 Metaspace       used 47386K, capacity 49213K, committed 49368K, reserved 1093632K
  class space    used 5206K, capacity 5618K, committed 5628K, reserved 1048576K
}
2018-10-23T07:41:34.333+0000: 164.278: [Rescan (parallel) , 0.0018155 secs]2018-10-23T07:41:34.334+0000: 164.280: [weak refs processing, 0.0015998 secs]2018-10-23T07:41:34.336+0000: 164.282: [class unloading, 0.0118180 secs]2018-10-23T07:41:34.348+0000: 164.294: [scrub symbol table, 0.0068149 secs]2018-10-23T07:41:34.355+0000: 164.300: [scrub string table, 0.0007738 secs][1 CMS-remark: 200529K(393216K)] 201534K(502464K), 0.0299608 secs] [Times: user=0.04 sys=0.00, real=0.03 secs] 
2018-10-23T07:41:34.356+0000: 164.302: Total time for which application threads were stopped: 0.0304577 seconds, Stopping threads took: 0.0000916 seconds
2018-10-23T07:41:34.356+0000: 164.302: [CMS-concurrent-sweep-start]
2018-10-23T07:41:34.428+0000: 164.374: [CMS-concurrent-sweep: 0.071/0.071 secs] [Times: user=0.08 sys=0.00, real=0.07 secs] 
2018-10-23T07:41:34.428+0000: 164.374: [CMS-concurrent-reset-start]
2018-10-23T07:41:34.429+0000: 164.375: [CMS-concurrent-reset: 0.001/0.001 secs] [Times: user=0.00 sys=0.00, real=0.00 secs] 
2018-10-23T07:41:35.655+0000: 165.600: Total time for which application threads were stopped: 0.0004597 seconds, Stopping threads took: 0.0001327 seconds
2018-10-23T07:41:35.655+0000: 165.601: Total time for which application threads were stopped: 0.0002684 seconds, Stopping threads took: 0.0000620 seconds
2018-10-23T07:41:35.658+0000: 165.604: Total time for which application threads were stopped: 0.0003433 seconds, Stopping threads took: 0.0001749 seconds
2018-10-23T07:41:35.658+0000: 165.604: Total time for which application threads were stopped: 0.0001975 seconds, Stopping threads took: 0.0000522 seconds
2018-10-23T07:41:36.429+0000: 166.375: [GC (CMS Initial Mark) [1 CMS-initial-mark: 200440K(393216K)] 231665K(502464K), 0.0033033 secs] [Times: user=0.01 sys=0.00, real=0.01 secs] 
2018-10-23T07:41:36.432+0000: 166.378: Total time for which application threads were stopped: 0.0038388 seconds, Stopping threads took: 0.0000890 seconds
2018-10-23T07:41:36.433+0000: 166.378: [CMS-concurrent-mark-start]
2018-10-23T07:41:36.541+0000: 166.486: [CMS-concurrent-mark: 0.108/0.108 secs] [Times: user=0.43 sys=0.00, real=0.11 secs] 
2018-10-23T07:41:36.541+0000: 166.486: [CMS-concurrent-preclean-start]
2018-10-23T07:41:36.543+0000: 166.488: [CMS-concurrent-preclean: 0.002/0.002 secs] [Times: user=0.00 sys=0.00, real=0.00 secs] 
2018-10-23T07:41:36.543+0000: 166.488: [CMS-concurrent-abortable-preclean-start]
2018-10-23T07:41:36.654+0000: 166.600: Total time for which application threads were stopped: 0.0004618 seconds, Stopping threads took: 0.0001329 seconds
2018-10-23T07:41:36.654+0000: 166.600: Total time for which application threads were stopped: 0.0001882 seconds, Stopping threads took: 0.0000435 seconds
2018-10-23T07:41:36.657+0000: 166.603: Total time for which application threads were stopped: 0.0001744 seconds, Stopping threads took: 0.0000461 seconds
2018-10-23T07:41:36.657+0000: 166.603: Total time for which application threads were stopped: 0.0001480 seconds, Stopping threads took: 0.0000285 seconds
2018-10-23T07:41:36.681+0000: 166.627: Total time for which application threads were stopped: 0.0002848 seconds, Stopping threads took: 0.0000945 seconds
2018-10-23T07:41:36.681+0000: 166.627: Total time for which application threads were stopped: 0.0002567 seconds, Stopping threads took: 0.0001085 seconds
2018-10-23T07:41:36.683+0000: 166.629: Total time for which application threads were stopped: 0.0002856 seconds, Stopping threads took: 0.0001375 seconds
2018-10-23T07:41:36.683+0000: 166.629: Total time for which application threads were stopped: 0.0002393 seconds, Stopping threads took: 0.0000930 seconds
 CMS: abort preclean due to time 2018-10-23T07:41:42.598+0000: 172.544: [CMS-concurrent-abortable-preclean: 0.216/6.055 secs] [Times: user=0.25 sys=0.00, real=6.06 secs] 
2018-10-23T07:41:42.598+0000: 172.544: [GC (CMS Final Remark) [YG occupancy: 33243 K (109248 K)]{Heap before GC invocations=120 (full 7):
 par new generation   total 109248K, used 33243K [0x00000000e0000000, 0x00000000e8000000, 0x00000000e8000000)
  eden space 87424K,  36% used [0x00000000e0000000, 0x00000000e1f7bc18, 0x00000000e5560000)
  from space 21824K,   4% used [0x00000000e5560000, 0x00000000e565b340, 0x00000000e6ab0000)
  to   space 21824K,   0% used [0x00000000e6ab0000, 0x00000000e6ab0000, 0x00000000e8000000)
 concurrent mark-sweep generation total 393216K, used 200440K [0x00000000e8000000, 0x0000000100000000, 0x0000000100000000)
 Metaspace       used 47401K, capacity 49213K, committed 49368K, reserved 1093632K
  class space    used 5206K, capacity 5618K, committed 5628K, reserved 1048576K
2018-10-23T07:41:42.598+0000: 172.544: [GC (CMS Final Remark) 2018-10-23T07:41:42.598+0000: 172.544: [ParNew
Desired survivor size 20112992 bytes, new threshold 8 (max 8)
- age   1:      14880 bytes,      14880 total
- age   2:        344 bytes,      15224 total
- age   3:      59680 bytes,      74904 total
- age   4:        960 bytes,      75864 total
- age   5:        680 bytes,      76544 total
- age   6:       3016 bytes,      79560 total
- age   7:      21352 bytes,     100912 total
- age   8:     102192 bytes,     203104 total
: 33243K->304K(109248K), 0.0038801 secs] 233684K->200896K(502464K), 0.0039404 secs] [Times: user=0.01 sys=0.00, real=0.00 secs] 
Heap after GC invocations=121 (full 7):
 par new generation   total 109248K, used 304K [0x00000000e0000000, 0x00000000e8000000, 0x00000000e8000000)
  eden space 87424K,   0% used [0x00000000e0000000, 0x00000000e0000000, 0x00000000e5560000)
  from space 21824K,   1% used [0x00000000e6ab0000, 0x00000000e6afc080, 0x00000000e8000000)
  to   space 21824K,   0% used [0x00000000e5560000, 0x00000000e5560000, 0x00000000e6ab0000)
 concurrent mark-sweep generation total 393216K, used 200592K [0x00000000e8000000, 0x0000000100000000, 0x0000000100000000)
 Metaspace       used 47401K, capacity 49213K, committed 49368K, reserved 1093632K
  class space    used 5206K, capacity 5618K, committed 5628K, reserved 1048576K
}
2018-10-23T07:41:42.602+0000: 172.548: [Rescan (parallel) , 0.0016430 secs]2018-10-23T07:41:42.604+0000: 172.550: [weak refs processing, 0.0014749 secs]2018-10-23T07:41:42.605+0000: 172.551: [class unloading, 0.0168882 secs]2018-10-23T07:41:42.622+0000: 172.568: [scrub symbol table, 0.0067906 secs]2018-10-23T07:41:42.629+0000: 172.575: [scrub string table, 0.0007740 secs][1 CMS-remark: 200592K(393216K)] 200896K(502464K), 0.0320894 secs] [Times: user=0.05 sys=0.00, real=0.03 secs] 
2018-10-23T07:41:42.630+0000: 172.576: Total time for which application threads were stopped: 0.0325496 seconds, Stopping threads took: 0.0000971 seconds
2018-10-23T07:41:42.631+0000: 172.576: [CMS-concurrent-sweep-start]
2018-10-23T07:41:42.702+0000: 172.648: [CMS-concurrent-sweep: 0.072/0.072 secs] [Times: user=0.07 sys=0.00, real=0.07 secs] 
2018-10-23T07:41:42.702+0000: 172.648: [CMS-concurrent-reset-start]
2018-10-23T07:41:42.703+0000: 172.649: [CMS-concurrent-reset: 0.001/0.001 secs] [Times: user=0.00 sys=0.00, real=0.00 secs] 
2018-10-23T07:41:43.631+0000: 173.577: Total time for which application threads were stopped: 0.0003909 seconds, Stopping threads took: 0.0000695 seconds
2018-10-23T07:41:44.704+0000: 174.650: [GC (CMS Initial Mark) [1 CMS-initial-mark: 199857K(393216K)] 201067K(502464K), 0.0020020 secs] [Times: user=0.01 sys=0.00, real=0.00 secs] 
2018-10-23T07:41:44.706+0000: 174.652: Total time for which application threads were stopped: 0.0024474 seconds, Stopping threads took: 0.0000828 seconds
2018-10-23T07:41:44.706+0000: 174.652: [CMS-concurrent-mark-start]
2018-10-23T07:41:44.816+0000: 174.761: [CMS-concurrent-mark: 0.110/0.110 secs] [Times: user=0.44 sys=0.00, real=0.11 secs] 
2018-10-23T07:41:44.816+0000: 174.761: [CMS-concurrent-preclean-start]
2018-10-23T07:41:44.817+0000: 174.763: [CMS-concurrent-preclean: 0.001/0.002 secs] [Times: user=0.00 sys=0.00, real=0.00 secs] 
2018-10-23T07:41:44.818+0000: 174.763: [GC (CMS Final Remark) [YG occupancy: 1210 K (109248 K)]{Heap before GC invocations=121 (full 8):
 par new generation   total 109248K, used 1210K [0x00000000e0000000, 0x00000000e8000000, 0x00000000e8000000)
  eden space 87424K,   1% used [0x00000000e0000000, 0x00000000e00e29f0, 0x00000000e5560000)
  from space 21824K,   1% used [0x00000000e6ab0000, 0x00000000e6afc080, 0x00000000e8000000)
  to   space 21824K,   0% used [0x00000000e5560000, 0x00000000e5560000, 0x00000000e6ab0000)
 concurrent mark-sweep generation total 393216K, used 199857K [0x00000000e8000000, 0x0000000100000000, 0x0000000100000000)
 Metaspace       used 47398K, capacity 49207K, committed 49368K, reserved 1093632K
  class space    used 5205K, capacity 5617K, committed 5628K, reserved 1048576K
2018-10-23T07:41:44.818+0000: 174.764: [GC (CMS Final Remark) 2018-10-23T07:41:44.818+0000: 174.764: [ParNew
Desired survivor size 20112992 bytes, new threshold 8 (max 8)
- age   1:        768 bytes,        768 total
- age   2:       9968 bytes,      10736 total
- age   3:        344 bytes,      11080 total
- age   4:      50552 bytes,      61632 total
- age   5:        960 bytes,      62592 total
- age   6:        680 bytes,      63272 total
- age   7:       3016 bytes,      66288 total
- age   8:      21352 bytes,      87640 total
: 1210K->125K(109248K), 0.0037981 secs] 201067K->200084K(502464K), 0.0038537 secs] [Times: user=0.01 sys=0.00, real=0.00 secs] 
Heap after GC invocations=122 (full 8):
 par new generation   total 109248K, used 125K [0x00000000e0000000, 0x00000000e8000000, 0x00000000e8000000)
  eden space 87424K,   0% used [0x00000000e0000000, 0x00000000e0000000, 0x00000000e5560000)
  from space 21824K,   0% used [0x00000000e5560000, 0x00000000e557f680, 0x00000000e6ab0000)
  to   space 21824K,   0% used [0x00000000e6ab0000, 0x00000000e6ab0000, 0x00000000e8000000)
 concurrent mark-sweep generation total 393216K, used 199958K [0x00000000e8000000, 0x0000000100000000, 0x0000000100000000)
 Metaspace       used 47398K, capacity 49207K, committed 49368K, reserved 1093632K
  class space    used 5205K, capacity 5617K, committed 5628K, reserved 1048576K
}
2018-10-23T07:41:44.822+0000: 174.767: [Rescan (parallel) , 0.0013216 secs]2018-10-23T07:41:44.823+0000: 174.769: [weak refs processing, 0.0015145 secs]2018-10-23T07:41:44.825+0000: 174.770: [class unloading, 0.0122657 secs]2018-10-23T07:41:44.837+0000: 174.783: [scrub symbol table, 0.0073082 secs]2018-10-23T07:41:44.844+0000: 174.790: [scrub string table, 0.0008155 secs][1 CMS-remark: 199958K(393216K)] 200084K(502464K), 0.0275299 secs] [Times: user=0.04 sys=0.00, real=0.02 secs] 
2018-10-23T07:41:44.845+0000: 174.791: Total time for which application threads were stopped: 0.0280125 seconds, Stopping threads took: 0.0000996 seconds
2018-10-23T07:41:44.845+0000: 174.791: [CMS-concurrent-sweep-start]
2018-10-23T07:41:44.918+0000: 174.863: [CMS-concurrent-sweep: 0.072/0.072 secs] [Times: user=0.07 sys=0.00, real=0.07 secs] 
2018-10-23T07:41:44.918+0000: 174.863: [CMS-concurrent-reset-start]
2018-10-23T07:41:44.919+0000: 174.865: [CMS-concurrent-reset: 0.001/0.001 secs] [Times: user=0.00 sys=0.00, real=0.00 secs] 
2018-10-23T07:41:46.591+0000: 176.537: Total time for which application threads were stopped: 0.0004196 seconds, Stopping threads took: 0.0001220 seconds
2018-10-23T07:41:46.591+0000: 176.537: Total time for which application threads were stopped: 0.0002195 seconds, Stopping threads took: 0.0000764 seconds
2018-10-23T07:41:46.594+0000: 176.540: Total time for which application threads were stopped: 0.0002712 seconds, Stopping threads took: 0.0001032 seconds
2018-10-23T07:41:46.594+0000: 176.540: Total time for which application threads were stopped: 0.0002744 seconds, Stopping threads took: 0.0001278 seconds
2018-10-23T07:41:46.919+0000: 176.865: [GC (CMS Initial Mark) [1 CMS-initial-mark: 199958K(393216K)] 202787K(502464K), 0.0038501 secs] [Times: user=0.00 sys=0.00, real=0.00 secs] 
2018-10-23T07:41:46.923+0000: 176.869: Total time for which application threads were stopped: 0.0043339 seconds, Stopping threads took: 0.0000736 seconds
2018-10-23T07:41:46.923+0000: 176.869: [CMS-concurrent-mark-start]
2018-10-23T07:41:47.043+0000: 176.989: [CMS-concurrent-mark: 0.120/0.120 secs] [Times: user=0.36 sys=0.00, real=0.12 secs] 
2018-10-23T07:41:47.043+0000: 176.989: [CMS-concurrent-preclean-start]
2018-10-23T07:41:47.045+0000: 176.990: [CMS-concurrent-preclean: 0.002/0.002 secs] [Times: user=0.00 sys=0.00, real=0.00 secs] 
2018-10-23T07:41:47.045+0000: 176.990: [CMS-concurrent-abortable-preclean-start]
2018-10-23T07:41:47.923+0000: 177.869: Total time for which application threads were stopped: 0.0004635 seconds, Stopping threads took: 0.0000678 seconds
{Heap before GC invocations=122 (full 9):
 par new generation   total 109248K, used 87549K [0x00000000e0000000, 0x00000000e8000000, 0x00000000e8000000)
  eden space 87424K, 100% used [0x00000000e0000000, 0x00000000e5560000, 0x00000000e5560000)
  from space 21824K,   0% used [0x00000000e5560000, 0x00000000e557f680, 0x00000000e6ab0000)
  to   space 21824K,   0% used [0x00000000e6ab0000, 0x00000000e6ab0000, 0x00000000e8000000)
 concurrent mark-sweep generation total 393216K, used 199958K [0x00000000e8000000, 0x0000000100000000, 0x0000000100000000)
 Metaspace       used 47438K, capacity 49271K, committed 49368K, reserved 1093632K
  class space    used 5205K, capacity 5617K, committed 5628K, reserved 1048576K
2018-10-23T07:41:48.557+0000: 178.502: [GC (Allocation Failure) 2018-10-23T07:41:48.557+0000: 178.502: [ParNew
Desired survivor size 20112992 bytes, new threshold 8 (max 8)
- age   1:    3198048 bytes,    3198048 total
- age   2:        160 bytes,    3198208 total
- age   3:       8464 bytes,    3206672 total
- age   4:        344 bytes,    3207016 total
- age   5:      40688 bytes,    3247704 total
- age   6:        960 bytes,    3248664 total
- age   7:        680 bytes,    3249344 total
- age   8:       3016 bytes,    3252360 total
: 87549K->3229K(109248K), 0.0166323 secs] 287508K->203209K(502464K), 0.0167308 secs] [Times: user=0.04 sys=0.00, real=0.02 secs] 
Heap after GC invocations=123 (full 9):
 par new generation   total 109248K, used 3229K [0x00000000e0000000, 0x00000000e8000000, 0x00000000e8000000)
  eden space 87424K,   0% used [0x00000000e0000000, 0x00000000e0000000, 0x00000000e5560000)
  from space 21824K,  14% used [0x00000000e6ab0000, 0x00000000e6dd7518, 0x00000000e8000000)
  to   space 21824K,   0% used [0x00000000e5560000, 0x00000000e5560000, 0x00000000e6ab0000)
 concurrent mark-sweep generation total 393216K, used 199980K [0x00000000e8000000, 0x0000000100000000, 0x0000000100000000)
 Metaspace       used 47438K, capacity 49271K, committed 49368K, reserved 1093632K
  class space    used 5205K, capacity 5617K, committed 5628K, reserved 1048576K
}
2018-10-23T07:41:48.573+0000: 178.519: Total time for which application threads were stopped: 0.0172954 seconds, Stopping threads took: 0.0000795 seconds
2018-10-23T07:41:48.573+0000: 178.519: [CMS-concurrent-abortable-preclean: 0.036/1.529 secs] [Times: user=0.25 sys=0.00, real=1.53 secs] 
2018-10-23T07:41:48.577+0000: 178.523: [GC (CMS Final Remark) [YG occupancy: 4037 K (109248 K)]{Heap before GC invocations=123 (full 9):
 par new generation   total 109248K, used 4037K [0x00000000e0000000, 0x00000000e8000000, 0x00000000e8000000)
  eden space 87424K,   0% used [0x00000000e0000000, 0x00000000e00ca238, 0x00000000e5560000)
  from space 21824K,  14% used [0x00000000e6ab0000, 0x00000000e6dd7518, 0x00000000e8000000)
  to   space 21824K,   0% used [0x00000000e5560000, 0x00000000e5560000, 0x00000000e6ab0000)
 concurrent mark-sweep generation total 393216K, used 199980K [0x00000000e8000000, 0x0000000100000000, 0x0000000100000000)
 Metaspace       used 47438K, capacity 49271K, committed 49368K, reserved 1093632K
  class space    used 5205K, capacity 5617K, committed 5628K, reserved 1048576K
2018-10-23T07:41:48.578+0000: 178.523: [GC (CMS Final Remark) 2018-10-23T07:41:48.578+0000: 178.523: [ParNew
Desired survivor size 20112992 bytes, new threshold 8 (max 8)
- age   1:     227968 bytes,     227968 total
- age   2:    3029984 bytes,    3257952 total
- age   3:        160 bytes,    3258112 total
- age   4:       8464 bytes,    3266576 total
- age   5:        344 bytes,    3266920 total
- age   6:      40688 bytes,    3307608 total
- age   7:        960 bytes,    3308568 total
- age   8:        680 bytes,    3309248 total
: 4037K->4044K(109248K), 0.0053288 secs] 204018K->204028K(502464K), 0.0053937 secs] [Times: user=0.01 sys=0.00, real=0.01 secs] 
Heap after GC invocations=124 (full 9):
 par new generation   total 109248K, used 4044K [0x00000000e0000000, 0x00000000e8000000, 0x00000000e8000000)
  eden space 87424K,   0% used [0x00000000e0000000, 0x00000000e0000000, 0x00000000e5560000)
  from space 21824K,  18% used [0x00000000e5560000, 0x00000000e5953330, 0x00000000e6ab0000)
  to   space 21824K,   0% used [0x00000000e6ab0000, 0x00000000e6ab0000, 0x00000000e8000000)
 concurrent mark-sweep generation total 393216K, used 199983K [0x00000000e8000000, 0x0000000100000000, 0x0000000100000000)
 Metaspace       used 47438K, capacity 49271K, committed 49368K, reserved 1093632K
  class space    used 5205K, capacity 5617K, committed 5628K, reserved 1048576K
}
2018-10-23T07:41:48.583+0000: 178.529: [Rescan (parallel) , 0.0022764 secs]2018-10-23T07:41:48.585+0000: 178.531: [weak refs processing, 0.0057427 secs]2018-10-23T07:41:48.591+0000: 178.537: [class unloading, 0.0127792 secs]2018-10-23T07:41:48.604+0000: 178.550: [scrub symbol table, 0.0074449 secs]2018-10-23T07:41:48.611+0000: 178.557: [scrub string table, 0.0009591 secs][1 CMS-remark: 199983K(393216K)] 204028K(502464K), 0.0415284 secs] [Times: user=0.06 sys=0.00, real=0.05 secs] 
2018-10-23T07:41:48.619+0000: 178.565: Total time for which application threads were stopped: 0.0455911 seconds, Stopping threads took: 0.0037040 seconds
2018-10-23T07:41:48.630+0000: 178.576: [CMS-concurrent-sweep-start]
{Heap before GC invocations=124 (full 9):
 par new generation   total 109248K, used 91468K [0x00000000e0000000, 0x00000000e8000000, 0x00000000e8000000)
  eden space 87424K, 100% used [0x00000000e0000000, 0x00000000e5560000, 0x00000000e5560000)
  from space 21824K,  18% used [0x00000000e5560000, 0x00000000e5953330, 0x00000000e6ab0000)
  to   space 21824K,   0% used [0x00000000e6ab0000, 0x00000000e6ab0000, 0x00000000e8000000)
 concurrent mark-sweep generation total 393216K, used 199982K [0x00000000e8000000, 0x0000000100000000, 0x0000000100000000)
 Metaspace       used 47438K, capacity 49271K, committed 49368K, reserved 1093632K
  class space    used 5205K, capacity 5617K, committed 5628K, reserved 1048576K
2018-10-23T07:41:48.644+0000: 178.590: [GC (Allocation Failure) 2018-10-23T07:41:48.644+0000: 178.590: [ParNew
Desired survivor size 20112992 bytes, new threshold 8 (max 8)
- age   1:     794952 bytes,     794952 total
- age   3:    2324328 bytes,    3119280 total
- age   4:        160 bytes,    3119440 total
- age   5:       8464 bytes,    3127904 total
- age   6:        344 bytes,    3128248 total
- age   7:      40688 bytes,    3168936 total
- age   8:        960 bytes,    3169896 total
: 91468K->4309K(109248K), 0.0256221 secs] 291451K->204292K(502464K), 0.0257926 secs] [Times: user=0.01 sys=0.00, real=0.03 secs] 
Heap after GC invocations=125 (full 9):
 par new generation   total 109248K, used 4309K [0x00000000e0000000, 0x00000000e8000000, 0x00000000e8000000)
  eden space 87424K,   0% used [0x00000000e0000000, 0x00000000e0000000, 0x00000000e5560000)
  from space 21824K,  19% used [0x00000000e6ab0000, 0x00000000e6ee5720, 0x00000000e8000000)
  to   space 21824K,   0% used [0x00000000e5560000, 0x00000000e5560000, 0x00000000e6ab0000)
 concurrent mark-sweep generation total 393216K, used 199983K [0x00000000e8000000, 0x0000000100000000, 0x0000000100000000)
 Metaspace       used 47438K, capacity 49271K, committed 49368K, reserved 1093632K
  class space    used 5205K, capacity 5617K, committed 5628K, reserved 1048576K
}
2018-10-23T07:41:48.670+0000: 178.616: Total time for which application threads were stopped: 0.0263539 seconds, Stopping threads took: 0.0000873 seconds
{Heap before GC invocations=125 (full 9):
 par new generation   total 109248K, used 91733K [0x00000000e0000000, 0x00000000e8000000, 0x00000000e8000000)
  eden space 87424K, 100% used [0x00000000e0000000, 0x00000000e5560000, 0x00000000e5560000)
  from space 21824K,  19% used [0x00000000e6ab0000, 0x00000000e6ee5720, 0x00000000e8000000)
  to   space 21824K,   0% used [0x00000000e5560000, 0x00000000e5560000, 0x00000000e6ab0000)
 concurrent mark-sweep generation total 393216K, used 199981K [0x00000000e8000000, 0x0000000100000000, 0x0000000100000000)
 Metaspace       used 47439K, capacity 49271K, committed 49368K, reserved 1093632K
  class space    used 5205K, capacity 5617K, committed 5628K, reserved 1048576K
2018-10-23T07:41:48.702+0000: 178.648: [GC (Allocation Failure) 2018-10-23T07:41:48.703+0000: 178.648: [ParNew
Desired survivor size 20112992 bytes, new threshold 8 (max 8)
- age   1:     761344 bytes,     761344 total
- age   2:     726640 bytes,    1487984 total
- age   4:    2304840 bytes,    3792824 total
- age   5:        160 bytes,    3792984 total
- age   6:       8464 bytes,    3801448 total
- age   7:        344 bytes,    3801792 total
- age   8:      40688 bytes,    3842480 total
: 91733K->4697K(109248K), 0.0086753 secs] 291714K->204679K(502464K), 0.0087821 secs] [Times: user=0.02 sys=0.00, real=0.01 secs] 
Heap after GC invocations=126 (full 9):
 par new generation   total 109248K, used 4697K [0x00000000e0000000, 0x00000000e8000000, 0x00000000e8000000)
  eden space 87424K,   0% used [0x00000000e0000000, 0x00000000e0000000, 0x00000000e5560000)
  from space 21824K,  21% used [0x00000000e5560000, 0x00000000e59f6790, 0x00000000e6ab0000)
  to   space 21824K,   0% used [0x00000000e6ab0000, 0x00000000e6ab0000, 0x00000000e8000000)
 concurrent mark-sweep generation total 393216K, used 199982K [0x00000000e8000000, 0x0000000100000000, 0x0000000100000000)
 Metaspace       used 47439K, capacity 49271K, committed 49368K, reserved 1093632K
  class space    used 5205K, capacity 5617K, committed 5628K, reserved 1048576K
}
2018-10-23T07:41:48.711+0000: 178.657: Total time for which application threads were stopped: 0.0092881 seconds, Stopping threads took: 0.0000825 seconds
2018-10-23T07:41:48.793+0000: 178.739: [CMS-concurrent-sweep: 0.122/0.164 secs] [Times: user=0.31 sys=0.00, real=0.16 secs] 
2018-10-23T07:41:48.794+0000: 178.739: [CMS-concurrent-reset-start]
2018-10-23T07:41:48.795+0000: 178.741: [CMS-concurrent-reset: 0.001/0.001 secs] [Times: user=0.00 sys=0.00, real=0.00 secs] 
{Heap before GC invocations=126 (full 9):
 par new generation   total 109248K, used 92121K [0x00000000e0000000, 0x00000000e8000000, 0x00000000e8000000)
  eden space 87424K, 100% used [0x00000000e0000000, 0x00000000e5560000, 0x00000000e5560000)
  from space 21824K,  21% used [0x00000000e5560000, 0x00000000e59f6790, 0x00000000e6ab0000)
  to   space 21824K,   0% used [0x00000000e6ab0000, 0x00000000e6ab0000, 0x00000000e8000000)
 concurrent mark-sweep generation total 393216K, used 199969K [0x00000000e8000000, 0x0000000100000000, 0x0000000100000000)
 Metaspace       used 47441K, capacity 49271K, committed 49368K, reserved 1093632K
  class space    used 5205K, capacity 5617K, committed 5628K, reserved 1048576K
2018-10-23T07:41:48.813+0000: 178.759: [GC (Allocation Failure) 2018-10-23T07:41:48.813+0000: 178.759: [ParNew
Desired survivor size 20112992 bytes, new threshold 8 (max 8)
- age   1:     709080 bytes,     709080 total
- age   2:     102560 bytes,     811640 total
- age   3:     725312 bytes,    1536952 total
- age   5:    2304416 bytes,    3841368 total
- age   6:        160 bytes,    3841528 total
- age   7:       8464 bytes,    3849992 total
- age   8:        344 bytes,    3850336 total
: 92121K->6568K(109248K), 0.0180615 secs] 292091K->206579K(502464K), 0.0181666 secs] [Times: user=0.04 sys=0.00, real=0.02 secs] 
Heap after GC invocations=127 (full 9):
 par new generation   total 109248K, used 6568K [0x00000000e0000000, 0x00000000e8000000, 0x00000000e8000000)
  eden space 87424K,   0% used [0x00000000e0000000, 0x00000000e0000000, 0x00000000e5560000)
  from space 21824K,  30% used [0x00000000e6ab0000, 0x00000000e711a100, 0x00000000e8000000)
  to   space 21824K,   0% used [0x00000000e5560000, 0x00000000e5560000, 0x00000000e6ab0000)
 concurrent mark-sweep generation total 393216K, used 200011K [0x00000000e8000000, 0x0000000100000000, 0x0000000100000000)
 Metaspace       used 47441K, capacity 49271K, committed 49368K, reserved 1093632K
  class space    used 5205K, capacity 5617K, committed 5628K, reserved 1048576K
}
2018-10-23T07:41:48.831+0000: 178.777: Total time for which application threads were stopped: 0.0187297 seconds, Stopping threads took: 0.0000870 seconds
2018-10-23T07:41:48.832+0000: 178.778: [GC (CMS Initial Mark) [1 CMS-initial-mark: 200011K(393216K)] 207356K(502464K), 0.0058959 secs] [Times: user=0.01 sys=0.00, real=0.01 secs] 
2018-10-23T07:41:48.838+0000: 178.784: Total time for which application threads were stopped: 0.0062532 seconds, Stopping threads took: 0.0000601 seconds
2018-10-23T07:41:48.838+0000: 178.784: [CMS-concurrent-mark-start]
2018-10-23T07:41:49.098+0000: 179.044: [CMS-concurrent-mark: 0.260/0.260 secs] [Times: user=0.53 sys=0.00, real=0.26 secs] 
2018-10-23T07:41:49.098+0000: 179.044: [CMS-concurrent-preclean-start]
2018-10-23T07:41:49.100+0000: 179.045: [CMS-concurrent-preclean: 0.002/0.002 secs] [Times: user=0.01 sys=0.00, real=0.00 secs] 
2018-10-23T07:41:49.100+0000: 179.045: [CMS-concurrent-abortable-preclean-start]
2018-10-23T07:41:49.647+0000: 179.593: Total time for which application threads were stopped: 0.0007153 seconds, Stopping threads took: 0.0002014 seconds
2018-10-23T07:41:49.648+0000: 179.594: Total time for which application threads were stopped: 0.0002556 seconds, Stopping threads took: 0.0000590 seconds
2018-10-23T07:41:49.649+0000: 179.594: Total time for which application threads were stopped: 0.0003885 seconds, Stopping threads took: 0.0001636 seconds
2018-10-23T07:41:50.649+0000: 180.595: Total time for which application threads were stopped: 0.0004017 seconds, Stopping threads took: 0.0000962 seconds
2018-10-23T07:41:51.650+0000: 181.596: Total time for which application threads were stopped: 0.0003929 seconds, Stopping threads took: 0.0000626 seconds
2018-10-23T07:41:53.651+0000: 183.596: Total time for which application threads were stopped: 0.0004114 seconds, Stopping threads took: 0.0001016 seconds
2018-10-23T07:41:53.884+0000: 183.830: Total time for which application threads were stopped: 0.0004144 seconds, Stopping threads took: 0.0000861 seconds
2018-10-23T07:41:53.884+0000: 183.830: Total time for which application threads were stopped: 0.0001960 seconds, Stopping threads took: 0.0000410 seconds
2018-10-23T07:41:53.887+0000: 183.833: Total time for which application threads were stopped: 0.0002222 seconds, Stopping threads took: 0.0000513 seconds
2018-10-23T07:41:53.887+0000: 183.833: Total time for which application threads were stopped: 0.0001525 seconds, Stopping threads took: 0.0000300 seconds
2018-10-23T07:41:53.910+0000: 183.856: Total time for which application threads were stopped: 0.0003843 seconds, Stopping threads took: 0.0000876 seconds
2018-10-23T07:41:53.910+0000: 183.856: Total time for which application threads were stopped: 0.0001912 seconds, Stopping threads took: 0.0000431 seconds
2018-10-23T07:41:53.913+0000: 183.859: Total time for which application threads were stopped: 0.0002227 seconds, Stopping threads took: 0.0000699 seconds
2018-10-23T07:41:53.913+0000: 183.859: Total time for which application threads were stopped: 0.0002372 seconds, Stopping threads took: 0.0000734 seconds
 CMS: abort preclean due to time 2018-10-23T07:41:55.111+0000: 185.057: [CMS-concurrent-abortable-preclean: 1.024/6.012 secs] [Times: user=1.41 sys=0.00, real=6.01 secs] 
2018-10-23T07:41:55.112+0000: 185.058: [GC (CMS Final Remark) [YG occupancy: 51389 K (109248 K)]{Heap before GC invocations=127 (full 10):
 par new generation   total 109248K, used 51389K [0x00000000e0000000, 0x00000000e8000000, 0x00000000e8000000)
  eden space 87424K,  51% used [0x00000000e0000000, 0x00000000e2bc5498, 0x00000000e5560000)
  from space 21824K,  30% used [0x00000000e6ab0000, 0x00000000e711a100, 0x00000000e8000000)
  to   space 21824K,   0% used [0x00000000e5560000, 0x00000000e5560000, 0x00000000e6ab0000)
 concurrent mark-sweep generation total 393216K, used 200011K [0x00000000e8000000, 0x0000000100000000, 0x0000000100000000)
 Metaspace       used 47486K, capacity 49335K, committed 49368K, reserved 1093632K
  class space    used 5205K, capacity 5617K, committed 5628K, reserved 1048576K
2018-10-23T07:41:55.112+0000: 185.058: [GC (CMS Final Remark) 2018-10-23T07:41:55.112+0000: 185.058: [ParNew
Desired survivor size 20112992 bytes, new threshold 8 (max 8)
- age   1:    5950224 bytes,    5950224 total
- age   2:     162544 bytes,    6112768 total
- age   3:     102560 bytes,    6215328 total
- age   4:     125016 bytes,    6340344 total
- age   6:    1600128 bytes,    7940472 total
- age   7:        160 bytes,    7940632 total
- age   8:       6464 bytes,    7947096 total
: 51389K->8805K(109248K), 0.0065354 secs] 251400K->208816K(502464K), 0.0066041 secs] [Times: user=0.03 sys=0.00, real=0.01 secs] 
Heap after GC invocations=128 (full 10):
 par new generation   total 109248K, used 8805K [0x00000000e0000000, 0x00000000e8000000, 0x00000000e8000000)
  eden space 87424K,   0% used [0x00000000e0000000, 0x00000000e0000000, 0x00000000e5560000)
  from space 21824K,  40% used [0x00000000e5560000, 0x00000000e5df94a0, 0x00000000e6ab0000)
  to   space 21824K,   0% used [0x00000000e6ab0000, 0x00000000e6ab0000, 0x00000000e8000000)
 concurrent mark-sweep generation total 393216K, used 200011K [0x00000000e8000000, 0x0000000100000000, 0x0000000100000000)
 Metaspace       used 47486K, capacity 49335K, committed 49368K, reserved 1093632K
  class space    used 5205K, capacity 5617K, committed 5628K, reserved 1048576K
}
2018-10-23T07:41:55.119+0000: 185.064: [Rescan (parallel) , 0.0025774 secs]2018-10-23T07:41:55.121+0000: 185.067: [weak refs processing, 0.0096405 secs]2018-10-23T07:41:55.131+0000: 185.077: [class unloading, 0.0179023 secs]2018-10-23T07:41:55.149+0000: 185.095: [scrub symbol table, 0.0073264 secs]2018-10-23T07:41:55.156+0000: 185.102: [scrub string table, 0.0008439 secs][1 CMS-remark: 200011K(393216K)] 208816K(502464K), 0.0453927 secs] [Times: user=0.10 sys=0.00, real=0.04 secs] 
2018-10-23T07:41:55.157+0000: 185.103: Total time for which application threads were stopped: 0.0458651 seconds, Stopping threads took: 0.0000773 seconds
2018-10-23T07:41:55.158+0000: 185.103: [CMS-concurrent-sweep-start]
2018-10-23T07:41:55.158+0000: 185.104: Total time for which application threads were stopped: 0.0003270 seconds, Stopping threads took: 0.0000576 seconds
2018-10-23T07:41:55.158+0000: 185.104: Total time for which application threads were stopped: 0.0002188 seconds, Stopping threads took: 0.0000859 seconds
2018-10-23T07:41:55.159+0000: 185.105: Total time for which application threads were stopped: 0.0001772 seconds, Stopping threads took: 0.0000450 seconds
2018-10-23T07:41:55.159+0000: 185.105: Total time for which application threads were stopped: 0.0002510 seconds, Stopping threads took: 0.0001199 seconds
2018-10-23T07:41:55.159+0000: 185.105: Total time for which application threads were stopped: 0.0002038 seconds, Stopping threads took: 0.0000695 seconds
2018-10-23T07:41:55.160+0000: 185.105: Total time for which application threads were stopped: 0.0001854 seconds, Stopping threads took: 0.0000664 seconds
2018-10-23T07:41:55.160+0000: 185.106: Total time for which application threads were stopped: 0.0002247 seconds, Stopping threads took: 0.0001023 seconds
2018-10-23T07:41:55.160+0000: 185.106: Total time for which application threads were stopped: 0.0004019 seconds, Stopping threads took: 0.0000748 seconds
2018-10-23T07:41:55.244+0000: 185.190: [CMS-concurrent-sweep: 0.084/0.087 secs] [Times: user=0.09 sys=0.00, real=0.09 secs] 
2018-10-23T07:41:55.244+0000: 185.190: [CMS-concurrent-reset-start]
2018-10-23T07:41:55.245+0000: 185.191: [CMS-concurrent-reset: 0.001/0.001 secs] [Times: user=0.00 sys=0.00, real=0.00 secs] 
2018-10-23T07:41:55.928+0000: 185.874: Total time for which application threads were stopped: 0.0004741 seconds, Stopping threads took: 0.0001146 seconds
2018-10-23T07:41:55.928+0000: 185.874: Total time for which application threads were stopped: 0.0002069 seconds, Stopping threads took: 0.0000511 seconds
2018-10-23T07:41:55.932+0000: 185.877: Total time for which application threads were stopped: 0.0006438 seconds, Stopping threads took: 0.0001235 seconds
2018-10-23T07:41:55.932+0000: 185.878: Total time for which application threads were stopped: 0.0003975 seconds, Stopping threads took: 0.0000914 seconds
2018-10-23T07:41:55.933+0000: 185.878: Total time for which application threads were stopped: 0.0004149 seconds, Stopping threads took: 0.0000895 seconds
2018-10-23T07:41:56.933+0000: 186.879: Total time for which application threads were stopped: 0.0003961 seconds, Stopping threads took: 0.0000657 seconds
2018-10-23T07:41:57.144+0000: 187.090: Total time for which application threads were stopped: 0.0003777 seconds, Stopping threads took: 0.0000899 seconds
2018-10-23T07:41:57.144+0000: 187.090: Total time for which application threads were stopped: 0.0002899 seconds, Stopping threads took: 0.0001090 seconds
2018-10-23T07:41:57.146+0000: 187.091: Total time for which application threads were stopped: 0.0003694 seconds, Stopping threads took: 0.0001620 seconds
2018-10-23T07:41:57.146+0000: 187.092: Total time for which application threads were stopped: 0.0002010 seconds, Stopping threads took: 0.0000551 seconds
2018-10-23T07:41:57.149+0000: 187.095: Total time for which application threads were stopped: 0.0002833 seconds, Stopping threads took: 0.0001225 seconds
2018-10-23T07:41:57.150+0000: 187.095: Total time for which application threads were stopped: 0.0002933 seconds, Stopping threads took: 0.0001465 seconds
2018-10-23T07:41:58.150+0000: 188.096: Total time for which application threads were stopped: 0.0004158 seconds, Stopping threads took: 0.0000959 seconds
2018-10-23T07:42:02.151+0000: 192.097: Total time for which application threads were stopped: 0.0004123 seconds, Stopping threads took: 0.0000980 seconds
2018-10-23T07:42:03.152+0000: 193.097: Total time for which application threads were stopped: 0.0003960 seconds, Stopping threads took: 0.0000757 seconds
2018-10-23T07:42:04.858+0000: 194.804: Total time for which application threads were stopped: 0.0004755 seconds, Stopping threads took: 0.0000950 seconds
2018-10-23T07:42:04.868+0000: 194.814: Total time for which application threads were stopped: 0.0006896 seconds, Stopping threads took: 0.0001110 seconds
2018-10-23T07:42:04.915+0000: 194.861: Total time for which application threads were stopped: 0.0003817 seconds, Stopping threads took: 0.0000544 seconds
2018-10-23T07:42:04.916+0000: 194.862: Total time for which application threads were stopped: 0.0001767 seconds, Stopping threads took: 0.0000236 seconds
2018-10-23T07:42:04.916+0000: 194.862: Total time for which application threads were stopped: 0.0001612 seconds, Stopping threads took: 0.0000204 seconds
2018-10-23T07:42:04.918+0000: 194.864: Total time for which application threads were stopped: 0.0002551 seconds, Stopping threads took: 0.0000510 seconds
2018-10-23T07:42:04.987+0000: 194.933: Total time for which application threads were stopped: 0.0004564 seconds, Stopping threads took: 0.0000850 seconds
2018-10-23T07:42:04.988+0000: 194.934: Total time for which application threads were stopped: 0.0002252 seconds, Stopping threads took: 0.0000456 seconds
2018-10-23T07:42:04.988+0000: 194.934: Total time for which application threads were stopped: 0.0002132 seconds, Stopping threads took: 0.0000457 seconds
2018-10-23T07:42:04.990+0000: 194.936: Total time for which application threads were stopped: 0.0002891 seconds, Stopping threads took: 0.0001019 seconds
{Heap before GC invocations=128 (full 10):
 par new generation   total 109248K, used 96229K [0x00000000e0000000, 0x00000000e8000000, 0x00000000e8000000)
  eden space 87424K, 100% used [0x00000000e0000000, 0x00000000e5560000, 0x00000000e5560000)
  from space 21824K,  40% used [0x00000000e5560000, 0x00000000e5df94a0, 0x00000000e6ab0000)
  to   space 21824K,   0% used [0x00000000e6ab0000, 0x00000000e6ab0000, 0x00000000e8000000)
 concurrent mark-sweep generation total 393216K, used 192455K [0x00000000e8000000, 0x0000000100000000, 0x0000000100000000)
 Metaspace       used 47526K, capacity 49399K, committed 49624K, reserved 1093632K
  class space    used 5205K, capacity 5617K, committed 5628K, reserved 1048576K
2018-10-23T07:42:05.278+0000: 195.224: [GC (Allocation Failure) 2018-10-23T07:42:05.278+0000: 195.224: [ParNew
Desired survivor size 20112992 bytes, new threshold 8 (max 8)
- age   1:    2627256 bytes,    2627256 total
- age   2:    5748032 bytes,    8375288 total
- age   3:     162544 bytes,    8537832 total
- age   4:     102560 bytes,    8640392 total
- age   5:     125016 bytes,    8765408 total
- age   7:    1596672 bytes,   10362080 total
- age   8:        160 bytes,   10362240 total
: 96229K->14086K(109248K), 0.0618098 secs] 288684K->206548K(502464K), 0.0619203 secs] [Times: user=0.05 sys=0.00, real=0.06 secs] 
Heap after GC invocations=129 (full 10):
 par new generation   total 109248K, used 14086K [0x00000000e0000000, 0x00000000e8000000, 0x00000000e8000000)
  eden space 87424K,   0% used [0x00000000e0000000, 0x00000000e0000000, 0x00000000e5560000)
  from space 21824K,  64% used [0x00000000e6ab0000, 0x00000000e7871be0, 0x00000000e8000000)
  to   space 21824K,   0% used [0x00000000e5560000, 0x00000000e5560000, 0x00000000e6ab0000)
 concurrent mark-sweep generation total 393216K, used 192461K [0x00000000e8000000, 0x0000000100000000, 0x0000000100000000)
 Metaspace       used 47526K, capacity 49399K, committed 49624K, reserved 1093632K
  class space    used 5205K, capacity 5617K, committed 5628K, reserved 1048576K
}
2018-10-23T07:42:05.340+0000: 195.286: Total time for which application threads were stopped: 0.0625313 seconds, Stopping threads took: 0.0001093 seconds
{Heap before GC invocations=129 (full 10):
 par new generation   total 109248K, used 101510K [0x00000000e0000000, 0x00000000e8000000, 0x00000000e8000000)
  eden space 87424K, 100% used [0x00000000e0000000, 0x00000000e5560000, 0x00000000e5560000)
  from space 21824K,  64% used [0x00000000e6ab0000, 0x00000000e7871be0, 0x00000000e8000000)
  to   space 21824K,   0% used [0x00000000e5560000, 0x00000000e5560000, 0x00000000e6ab0000)
 concurrent mark-sweep generation total 393216K, used 192461K [0x00000000e8000000, 0x0000000100000000, 0x0000000100000000)
 Metaspace       used 47526K, capacity 49399K, committed 49624K, reserved 1093632K
  class space    used 5205K, capacity 5617K, committed 5628K, reserved 1048576K
2018-10-23T07:42:05.767+0000: 195.713: [GC (Allocation Failure) 2018-10-23T07:42:05.767+0000: 195.713: [ParNew
Desired survivor size 20112992 bytes, new threshold 8 (max 8)
- age   1:    1948424 bytes,    1948424 total
- age   2:    1954176 bytes,    3902600 total
- age   3:    5404352 bytes,    9306952 total
- age   4:     162544 bytes,    9469496 total
- age   5:     102560 bytes,    9572056 total
- age   6:     125016 bytes,    9697072 total
- age   8:    1596672 bytes,   11293744 total
: 101510K->13400K(109248K), 0.0406081 secs] 293972K->205861K(502464K), 0.0407349 secs] [Times: user=0.05 sys=0.00, real=0.04 secs] 
Heap after GC invocations=130 (full 10):
 par new generation   total 109248K, used 13400K [0x00000000e0000000, 0x00000000e8000000, 0x00000000e8000000)
  eden space 87424K,   0% used [0x00000000e0000000, 0x00000000e0000000, 0x00000000e5560000)
  from space 21824K,  61% used [0x00000000e5560000, 0x00000000e6276000, 0x00000000e6ab0000)
  to   space 21824K,   0% used [0x00000000e6ab0000, 0x00000000e6ab0000, 0x00000000e8000000)
 concurrent mark-sweep generation total 393216K, used 192461K [0x00000000e8000000, 0x0000000100000000, 0x0000000100000000)
 Metaspace       used 47526K, capacity 49399K, committed 49624K, reserved 1093632K
  class space    used 5205K, capacity 5617K, committed 5628K, reserved 1048576K
}
2018-10-23T07:42:05.808+0000: 195.753: Total time for which application threads were stopped: 0.0419187 seconds, Stopping threads took: 0.0006818 seconds
2018-10-23T07:42:05.937+0000: 195.883: Total time for which application threads were stopped: 0.0110685 seconds, Stopping threads took: 0.0106392 seconds
2018-10-23T07:42:05.938+0000: 195.884: Total time for which application threads were stopped: 0.0004139 seconds, Stopping threads took: 0.0001591 seconds
2018-10-23T07:42:05.938+0000: 195.884: Total time for which application threads were stopped: 0.0002826 seconds, Stopping threads took: 0.0000844 seconds
2018-10-23T07:42:05.939+0000: 195.885: Total time for which application threads were stopped: 0.0002222 seconds, Stopping threads took: 0.0000246 seconds
2018-10-23T07:42:05.945+0000: 195.891: Total time for which application threads were stopped: 0.0002541 seconds, Stopping threads took: 0.0000539 seconds
2018-10-23T07:42:05.998+0000: 195.944: Total time for which application threads were stopped: 0.0004823 seconds, Stopping threads took: 0.0001037 seconds
2018-10-23T07:42:05.999+0000: 195.945: Total time for which application threads were stopped: 0.0002292 seconds, Stopping threads took: 0.0000488 seconds
2018-10-23T07:42:05.999+0000: 195.945: Total time for which application threads were stopped: 0.0002206 seconds, Stopping threads took: 0.0000461 seconds
2018-10-23T07:42:06.000+0000: 195.946: Total time for which application threads were stopped: 0.0002829 seconds, Stopping threads took: 0.0000531 seconds
2018-10-23T07:42:06.004+0000: 195.950: Total time for which application threads were stopped: 0.0019902 seconds, Stopping threads took: 0.0017892 seconds
2018-10-23T07:42:06.019+0000: 195.965: Total time for which application threads were stopped: 0.0072064 seconds, Stopping threads took: 0.0069006 seconds
2018-10-23T07:42:06.049+0000: 195.995: Total time for which application threads were stopped: 0.0005708 seconds, Stopping threads took: 0.0001406 seconds
2018-10-23T07:42:06.052+0000: 195.997: Total time for which application threads were stopped: 0.0020643 seconds, Stopping threads took: 0.0018616 seconds
2018-10-23T07:42:06.070+0000: 196.016: Total time for which application threads were stopped: 0.0054452 seconds, Stopping threads took: 0.0050951 seconds
2018-10-23T07:42:06.098+0000: 196.044: Total time for which application threads were stopped: 0.0005162 seconds, Stopping threads took: 0.0001089 seconds
2018-10-23T07:42:06.098+0000: 196.044: Total time for which application threads were stopped: 0.0002128 seconds, Stopping threads took: 0.0000449 seconds
{Heap before GC invocations=130 (full 10):
 par new generation   total 109248K, used 100824K [0x00000000e0000000, 0x00000000e8000000, 0x00000000e8000000)
  eden space 87424K, 100% used [0x00000000e0000000, 0x00000000e5560000, 0x00000000e5560000)
  from space 21824K,  61% used [0x00000000e5560000, 0x00000000e6276000, 0x00000000e6ab0000)
  to   space 21824K,   0% used [0x00000000e6ab0000, 0x00000000e6ab0000, 0x00000000e8000000)
 concurrent mark-sweep generation total 393216K, used 192461K [0x00000000e8000000, 0x0000000100000000, 0x0000000100000000)
 Metaspace       used 47537K, capacity 49399K, committed 49624K, reserved 1093632K
  class space    used 5205K, capacity 5617K, committed 5628K, reserved 1048576K
2018-10-23T07:42:06.230+0000: 196.176: [GC (Allocation Failure) 2018-10-23T07:42:06.230+0000: 196.176: [ParNew
Desired survivor size 20112992 bytes, new threshold 8 (max 8)
- age   1:    2640256 bytes,    2640256 total
- age   2:     125256 bytes,    2765512 total
- age   3:     414672 bytes,    3180184 total
- age   4:    5373616 bytes,    8553800 total
- age   5:     162544 bytes,    8716344 total
- age   6:     102560 bytes,    8818904 total
- age   7:     125016 bytes,    8943920 total
: 100824K->14417K(109248K), 0.0427546 secs] 293285K->208443K(502464K), 0.0428944 secs] [Times: user=0.04 sys=0.00, real=0.04 secs] 
Heap after GC invocations=131 (full 10):
 par new generation   total 109248K, used 14417K [0x00000000e0000000, 0x00000000e8000000, 0x00000000e8000000)
  eden space 87424K,   0% used [0x00000000e0000000, 0x00000000e0000000, 0x00000000e5560000)
  from space 21824K,  66% used [0x00000000e6ab0000, 0x00000000e78c46e0, 0x00000000e8000000)
  to   space 21824K,   0% used [0x00000000e5560000, 0x00000000e5560000, 0x00000000e6ab0000)
 concurrent mark-sweep generation total 393216K, used 194026K [0x00000000e8000000, 0x0000000100000000, 0x0000000100000000)
 Metaspace       used 47537K, capacity 49399K, committed 49624K, reserved 1093632K
  class space    used 5205K, capacity 5617K, committed 5628K, reserved 1048576K
}
2018-10-23T07:42:06.273+0000: 196.219: Total time for which application threads were stopped: 0.0474665 seconds, Stopping threads took: 0.0040800 seconds
{Heap before GC invocations=131 (full 10):
 par new generation   total 109248K, used 101841K [0x00000000e0000000, 0x00000000e8000000, 0x00000000e8000000)
  eden space 87424K, 100% used [0x00000000e0000000, 0x00000000e5560000, 0x00000000e5560000)
  from space 21824K,  66% used [0x00000000e6ab0000, 0x00000000e78c46e0, 0x00000000e8000000)
  to   space 21824K,   0% used [0x00000000e5560000, 0x00000000e5560000, 0x00000000e6ab0000)
 concurrent mark-sweep generation total 393216K, used 194026K [0x00000000e8000000, 0x0000000100000000, 0x0000000100000000)
 Metaspace       used 47540K, capacity 49399K, committed 49624K, reserved 1093632K
  class space    used 5205K, capacity 5617K, committed 5628K, reserved 1048576K
2018-10-23T07:42:06.574+0000: 196.520: [GC (Allocation Failure) 2018-10-23T07:42:06.574+0000: 196.520: [ParNew
Desired survivor size 20112992 bytes, new threshold 8 (max 8)
- age   1:    1946480 bytes,    1946480 total
- age   2:    2067344 bytes,    4013824 total
- age   3:     125256 bytes,    4139080 total
- age   4:     414640 bytes,    4553720 total
- age   5:    5371792 bytes,    9925512 total
- age   6:     162544 bytes,   10088056 total
- age   7:     102560 bytes,   10190616 total
- age   8:     125016 bytes,   10315632 total
: 101841K->12612K(109248K), 0.0371735 secs] 295867K->206639K(502464K), 0.0372839 secs] [Times: user=0.04 sys=0.00, real=0.04 secs] 
Heap after GC invocations=132 (full 10):
 par new generation   total 109248K, used 12612K [0x00000000e0000000, 0x00000000e8000000, 0x00000000e8000000)
  eden space 87424K,   0% used [0x00000000e0000000, 0x00000000e0000000, 0x00000000e5560000)
  from space 21824K,  57% used [0x00000000e5560000, 0x00000000e61b13d8, 0x00000000e6ab0000)
  to   space 21824K,   0% used [0x00000000e6ab0000, 0x00000000e6ab0000, 0x00000000e8000000)
 concurrent mark-sweep generation total 393216K, used 194026K [0x00000000e8000000, 0x0000000100000000, 0x0000000100000000)
 Metaspace       used 47540K, capacity 49399K, committed 49624K, reserved 1093632K
  class space    used 5205K, capacity 5617K, committed 5628K, reserved 1048576K
}
2018-10-23T07:42:06.611+0000: 196.557: Total time for which application threads were stopped: 0.0378710 seconds, Stopping threads took: 0.0000895 seconds
2018-10-23T07:42:06.953+0000: 196.898: Total time for which application threads were stopped: 0.0005228 seconds, Stopping threads took: 0.0001248 seconds
2018-10-23T07:42:06.982+0000: 196.928: Total time for which application threads were stopped: 0.0004905 seconds, Stopping threads took: 0.0001067 seconds
2018-10-23T07:42:06.983+0000: 196.928: Total time for which application threads were stopped: 0.0003004 seconds, Stopping threads took: 0.0000767 seconds
{Heap before GC invocations=132 (full 10):
 par new generation   total 109248K, used 100036K [0x00000000e0000000, 0x00000000e8000000, 0x00000000e8000000)
  eden space 87424K, 100% used [0x00000000e0000000, 0x00000000e5560000, 0x00000000e5560000)
  from space 21824K,  57% used [0x00000000e5560000, 0x00000000e61b13d8, 0x00000000e6ab0000)
  to   space 21824K,   0% used [0x00000000e6ab0000, 0x00000000e6ab0000, 0x00000000e8000000)
 concurrent mark-sweep generation total 393216K, used 194026K [0x00000000e8000000, 0x0000000100000000, 0x0000000100000000)
 Metaspace       used 47547K, capacity 49399K, committed 49624K, reserved 1093632K
  class space    used 5206K, capacity 5617K, committed 5628K, reserved 1048576K
2018-10-23T07:42:06.998+0000: 196.944: [GC (Allocation Failure) 2018-10-23T07:42:06.998+0000: 196.944: [ParNew
Desired survivor size 20112992 bytes, new threshold 8 (max 8)
- age   1:    3057352 bytes,    3057352 total
- age   2:     994272 bytes,    4051624 total
- age   3:    1797584 bytes,    5849208 total
- age   4:     125256 bytes,    5974464 total
- age   5:     414608 bytes,    6389072 total
- age   6:    5371792 bytes,   11760864 total
- age   7:     162544 bytes,   11923408 total
- age   8:     102560 bytes,   12025968 total
: 100036K->15228K(109248K), 0.0381779 secs] 294063K->209379K(502464K), 0.0383005 secs] [Times: user=0.06 sys=0.00, real=0.03 secs] 
Heap after GC invocations=133 (full 10):
 par new generation   total 109248K, used 15228K [0x00000000e0000000, 0x00000000e8000000, 0x00000000e8000000)
  eden space 87424K,   0% used [0x00000000e0000000, 0x00000000e0000000, 0x00000000e5560000)
  from space 21824K,  69% used [0x00000000e6ab0000, 0x00000000e798f270, 0x00000000e8000000)
  to   space 21824K,   0% used [0x00000000e5560000, 0x00000000e5560000, 0x00000000e6ab0000)
 concurrent mark-sweep generation total 393216K, used 194150K [0x00000000e8000000, 0x0000000100000000, 0x0000000100000000)
 Metaspace       used 47547K, capacity 49399K, committed 49624K, reserved 1093632K
  class space    used 5206K, capacity 5617K, committed 5628K, reserved 1048576K
}
2018-10-23T07:42:07.037+0000: 196.982: Total time for which application threads were stopped: 0.0504340 seconds, Stopping threads took: 0.0117070 seconds
2018-10-23T07:42:07.049+0000: 196.995: Total time for which application threads were stopped: 0.0005193 seconds, Stopping threads took: 0.0001272 seconds
2018-10-23T07:42:07.094+0000: 197.040: Total time for which application threads were stopped: 0.0128064 seconds, Stopping threads took: 0.0123989 seconds
2018-10-23T07:42:07.104+0000: 197.050: Total time for which application threads were stopped: 0.0021094 seconds, Stopping threads took: 0.0018254 seconds
{Heap before GC invocations=133 (full 10):
 par new generation   total 109248K, used 102652K [0x00000000e0000000, 0x00000000e8000000, 0x00000000e8000000)
  eden space 87424K, 100% used [0x00000000e0000000, 0x00000000e5560000, 0x00000000e5560000)
  from space 21824K,  69% used [0x00000000e6ab0000, 0x00000000e798f270, 0x00000000e8000000)
  to   space 21824K,   0% used [0x00000000e5560000, 0x00000000e5560000, 0x00000000e6ab0000)
 concurrent mark-sweep generation total 393216K, used 194150K [0x00000000e8000000, 0x0000000100000000, 0x0000000100000000)
 Metaspace       used 47565K, capacity 49399K, committed 49624K, reserved 1093632K
  class space    used 5206K, capacity 5617K, committed 5628K, reserved 1048576K
2018-10-23T07:42:07.254+0000: 197.200: [GC (Allocation Failure) 2018-10-23T07:42:07.254+0000: 197.200: [ParNew
Desired survivor size 20112992 bytes, new threshold 8 (max 8)
- age   1:    2008456 bytes,    2008456 total
- age   2:     887528 bytes,    2895984 total
- age   3:     132824 bytes,    3028808 total
- age   4:     647688 bytes,    3676496 total
- age   5:     125256 bytes,    3801752 total
- age   6:     413968 bytes,    4215720 total
- age   7:    5371728 bytes,    9587448 total
- age   8:     162544 bytes,    9749992 total
: 102652K->13159K(109248K), 0.0283286 secs] 296803K->207412K(502464K), 0.0284347 secs] [Times: user=0.07 sys=0.00, real=0.03 secs] 
Heap after GC invocations=134 (full 10):
 par new generation   total 109248K, used 13159K [0x00000000e0000000, 0x00000000e8000000, 0x00000000e8000000)
  eden space 87424K,   0% used [0x00000000e0000000, 0x00000000e0000000, 0x00000000e5560000)
  from space 21824K,  60% used [0x00000000e5560000, 0x00000000e6239c80, 0x00000000e6ab0000)
  to   space 21824K,   0% used [0x00000000e6ab0000, 0x00000000e6ab0000, 0x00000000e8000000)
 concurrent mark-sweep generation total 393216K, used 194253K [0x00000000e8000000, 0x0000000100000000, 0x0000000100000000)
 Metaspace       used 47565K, capacity 49399K, committed 49624K, reserved 1093632K
  class space    used 5206K, capacity 5617K, committed 5628K, reserved 1048576K
}
2018-10-23T07:42:07.283+0000: 197.229: Total time for which application threads were stopped: 0.0388147 seconds, Stopping threads took: 0.0098562 seconds
{Heap before GC invocations=134 (full 10):
 par new generation   total 109248K, used 100583K [0x00000000e0000000, 0x00000000e8000000, 0x00000000e8000000)
  eden space 87424K, 100% used [0x00000000e0000000, 0x00000000e5560000, 0x00000000e5560000)
  from space 21824K,  60% used [0x00000000e5560000, 0x00000000e6239c80, 0x00000000e6ab0000)
  to   space 21824K,   0% used [0x00000000e6ab0000, 0x00000000e6ab0000, 0x00000000e8000000)
 concurrent mark-sweep generation total 393216K, used 194253K [0x00000000e8000000, 0x0000000100000000, 0x0000000100000000)
 Metaspace       used 47565K, capacity 49399K, committed 49624K, reserved 1093632K
  class space    used 5206K, capacity 5617K, committed 5628K, reserved 1048576K
2018-10-23T07:42:07.605+0000: 197.550: [GC (Allocation Failure) 2018-10-23T07:42:07.605+0000: 197.550: [ParNew
Desired survivor size 20112992 bytes, new threshold 8 (max 8)
- age   1:    2277296 bytes,    2277296 total
- age   2:    1742656 bytes,    4019952 total
- age   3:     886704 bytes,    4906656 total
- age   4:     132824 bytes,    5039480 total
- age   5:     645864 bytes,    5685344 total
- age   6:     125256 bytes,    5810600 total
- age   7:     413968 bytes,    6224568 total
- age   8:    5371728 bytes,   11596296 total
: 100583K->13294K(109248K), 0.0452269 secs] 294836K->207710K(502464K), 0.0453632 secs] [Times: user=0.08 sys=0.00, real=0.05 secs] 
Heap after GC invocations=135 (full 10):
 par new generation   total 109248K, used 13294K [0x00000000e0000000, 0x00000000e8000000, 0x00000000e8000000)
  eden space 87424K,   0% used [0x00000000e0000000, 0x00000000e0000000, 0x00000000e5560000)
  from space 21824K,  60% used [0x00000000e6ab0000, 0x00000000e77aba70, 0x00000000e8000000)
  to   space 21824K,   0% used [0x00000000e5560000, 0x00000000e5560000, 0x00000000e6ab0000)
 concurrent mark-sweep generation total 393216K, used 194415K [0x00000000e8000000, 0x0000000100000000, 0x0000000100000000)
 Metaspace       used 47565K, capacity 49399K, committed 49624K, reserved 1093632K
  class space    used 5206K, capacity 5617K, committed 5628K, reserved 1048576K
}
2018-10-23T07:42:07.650+0000: 197.596: Total time for which application threads were stopped: 0.0459435 seconds, Stopping threads took: 0.0001003 seconds
{Heap before GC invocations=135 (full 10):
 par new generation   total 109248K, used 100718K [0x00000000e0000000, 0x00000000e8000000, 0x00000000e8000000)
  eden space 87424K, 100% used [0x00000000e0000000, 0x00000000e5560000, 0x00000000e5560000)
  from space 21824K,  60% used [0x00000000e6ab0000, 0x00000000e77aba70, 0x00000000e8000000)
  to   space 21824K,   0% used [0x00000000e5560000, 0x00000000e5560000, 0x00000000e6ab0000)
 concurrent mark-sweep generation total 393216K, used 194415K [0x00000000e8000000, 0x0000000100000000, 0x0000000100000000)
 Metaspace       used 47565K, capacity 49399K, committed 49624K, reserved 1093632K
  class space    used 5206K, capacity 5617K, committed 5628K, reserved 1048576K
2018-10-23T07:42:07.950+0000: 197.896: [GC (Allocation Failure) 2018-10-23T07:42:07.950+0000: 197.896: [ParNew
Desired survivor size 20112992 bytes, new threshold 8 (max 8)
- age   1:    2569040 bytes,    2569040 total
- age   2:    1309912 bytes,    3878952 total
- age   3:    1735592 bytes,    5614544 total
- age   4:     886048 bytes,    6500592 total
- age   5:     132824 bytes,    6633416 total
- age   6:     645832 bytes,    7279248 total
- age   7:     125256 bytes,    7404504 total
- age   8:     413968 bytes,    7818472 total
: 100718K->14407K(109248K), 0.0651180 secs] 295134K->214083K(502464K), 0.0652584 secs] [Times: user=0.05 sys=0.00, real=0.06 secs] 
Heap after GC invocations=136 (full 10):
 par new generation   total 109248K, used 14407K [0x00000000e0000000, 0x00000000e8000000, 0x00000000e8000000)
  eden space 87424K,   0% used [0x00000000e0000000, 0x00000000e0000000, 0x00000000e5560000)
  from space 21824K,  66% used [0x00000000e5560000, 0x00000000e6371f80, 0x00000000e6ab0000)
  to   space 21824K,   0% used [0x00000000e6ab0000, 0x00000000e6ab0000, 0x00000000e8000000)
 concurrent mark-sweep generation total 393216K, used 199675K [0x00000000e8000000, 0x0000000100000000, 0x0000000100000000)
 Metaspace       used 47565K, capacity 49399K, committed 49624K, reserved 1093632K
  class space    used 5206K, capacity 5617K, committed 5628K, reserved 1048576K
}
2018-10-23T07:42:08.015+0000: 197.961: Total time for which application threads were stopped: 0.0676062 seconds, Stopping threads took: 0.0018238 seconds
2018-10-23T07:42:08.042+0000: 197.988: [GC (CMS Initial Mark) [1 CMS-initial-mark: 199675K(393216K)] 218617K(502464K), 0.0116145 secs] [Times: user=0.01 sys=0.00, real=0.01 secs] 
2018-10-23T07:42:08.054+0000: 198.000: Total time for which application threads were stopped: 0.0191142 seconds, Stopping threads took: 0.0070453 seconds
2018-10-23T07:42:08.062+0000: 198.007: [CMS-concurrent-mark-start]
2018-10-23T07:42:08.161+0000: 198.106: Total time for which application threads were stopped: 0.0109730 seconds, Stopping threads took: 0.0104915 seconds
2018-10-23T07:42:08.187+0000: 198.133: Total time for which application threads were stopped: 0.0125708 seconds, Stopping threads took: 0.0121665 seconds
2018-10-23T07:42:08.190+0000: 198.136: Total time for which application threads were stopped: 0.0002928 seconds, Stopping threads took: 0.0000528 seconds
2018-10-23T07:42:08.228+0000: 198.174: Total time for which application threads were stopped: 0.0124989 seconds, Stopping threads took: 0.0120821 seconds
2018-10-23T07:42:08.300+0000: 198.246: Total time for which application threads were stopped: 0.0100845 seconds, Stopping threads took: 0.0096943 seconds
{Heap before GC invocations=136 (full 11):
 par new generation   total 109248K, used 101831K [0x00000000e0000000, 0x00000000e8000000, 0x00000000e8000000)
  eden space 87424K, 100% used [0x00000000e0000000, 0x00000000e5560000, 0x00000000e5560000)
  from space 21824K,  66% used [0x00000000e5560000, 0x00000000e6371f80, 0x00000000e6ab0000)
  to   space 21824K,   0% used [0x00000000e6ab0000, 0x00000000e6ab0000, 0x00000000e8000000)
 concurrent mark-sweep generation total 393216K, used 199675K [0x00000000e8000000, 0x0000000100000000, 0x0000000100000000)
 Metaspace       used 47573K, capacity 49399K, committed 49624K, reserved 1093632K
  class space    used 5206K, capacity 5617K, committed 5628K, reserved 1048576K
2018-10-23T07:42:08.362+0000: 198.308: [GC (Allocation Failure) 2018-10-23T07:42:08.362+0000: 198.308: [ParNew
Desired survivor size 20112992 bytes, new threshold 8 (max 8)
- age   1:    3014608 bytes,    3014608 total
- age   2:    1828480 bytes,    4843088 total
- age   3:    1157704 bytes,    6000792 total
- age   4:    1411912 bytes,    7412704 total
- age   5:     632288 bytes,    8044992 total
- age   6:     132824 bytes,    8177816 total
- age   7:     645800 bytes,    8823616 total
- age   8:     125256 bytes,    8948872 total
: 101831K->10540K(109248K), 0.0298002 secs] 301507K->210625K(502464K), 0.0299125 secs] [Times: user=0.06 sys=0.00, real=0.03 secs] 
Heap after GC invocations=137 (full 11):
 par new generation   total 109248K, used 10540K [0x00000000e0000000, 0x00000000e8000000, 0x00000000e8000000)
  eden space 87424K,   0% used [0x00000000e0000000, 0x00000000e0000000, 0x00000000e5560000)
  from space 21824K,  48% used [0x00000000e6ab0000, 0x00000000e74fb1f8, 0x00000000e8000000)
  to   space 21824K,   0% used [0x00000000e5560000, 0x00000000e5560000, 0x00000000e6ab0000)
 concurrent mark-sweep generation total 393216K, used 200084K [0x00000000e8000000, 0x0000000100000000, 0x0000000100000000)
 Metaspace       used 47573K, capacity 49399K, committed 49624K, reserved 1093632K
  class space    used 5206K, capacity 5617K, committed 5628K, reserved 1048576K
}
2018-10-23T07:42:08.392+0000: 198.338: Total time for which application threads were stopped: 0.0304874 seconds, Stopping threads took: 0.0000948 seconds
2018-10-23T07:42:08.494+0000: 198.439: [CMS-concurrent-mark: 0.325/0.432 secs] [Times: user=0.91 sys=0.00, real=0.43 secs] 
2018-10-23T07:42:08.494+0000: 198.440: [CMS-concurrent-preclean-start]
2018-10-23T07:42:08.498+0000: 198.444: [CMS-concurrent-preclean: 0.003/0.004 secs] [Times: user=0.01 sys=0.00, real=0.01 secs] 
2018-10-23T07:42:08.498+0000: 198.444: [CMS-concurrent-abortable-preclean-start]
{Heap before GC invocations=137 (full 11):
 par new generation   total 109248K, used 97964K [0x00000000e0000000, 0x00000000e8000000, 0x00000000e8000000)
  eden space 87424K, 100% used [0x00000000e0000000, 0x00000000e5560000, 0x00000000e5560000)
  from space 21824K,  48% used [0x00000000e6ab0000, 0x00000000e74fb1f8, 0x00000000e8000000)
  to   space 21824K,   0% used [0x00000000e5560000, 0x00000000e5560000, 0x00000000e6ab0000)
 concurrent mark-sweep generation total 393216K, used 200084K [0x00000000e8000000, 0x0000000100000000, 0x0000000100000000)
 Metaspace       used 47582K, capacity 49463K, committed 49624K, reserved 1093632K
  class space    used 5206K, capacity 5617K, committed 5628K, reserved 1048576K
2018-10-23T07:42:08.728+0000: 198.674: [GC (Allocation Failure) 2018-10-23T07:42:08.729+0000: 198.674: [ParNew
Desired survivor size 20112992 bytes, new threshold 8 (max 8)
- age   1:    2455632 bytes,    2455632 total
- age   2:    2124408 bytes,    4580040 total
- age   3:     291744 bytes,    4871784 total
- age   4:     169768 bytes,    5041552 total
- age   5:     637392 bytes,    5678944 total
- age   6:     311112 bytes,    5990056 total
- age   7:     132824 bytes,    6122880 total
- age   8:     645608 bytes,    6768488 total
: 97964K->9390K(109248K), 0.0330214 secs] 298049K->209597K(502464K), 0.0331357 secs] [Times: user=0.06 sys=0.00, real=0.04 secs] 
Heap after GC invocations=138 (full 11):
 par new generation   total 109248K, used 9390K [0x00000000e0000000, 0x00000000e8000000, 0x00000000e8000000)
  eden space 87424K,   0% used [0x00000000e0000000, 0x00000000e0000000, 0x00000000e5560000)
  from space 21824K,  43% used [0x00000000e5560000, 0x00000000e5e8baf8, 0x00000000e6ab0000)
  to   space 21824K,   0% used [0x00000000e6ab0000, 0x00000000e6ab0000, 0x00000000e8000000)
 concurrent mark-sweep generation total 393216K, used 200207K [0x00000000e8000000, 0x0000000100000000, 0x0000000100000000)
 Metaspace       used 47582K, capacity 49463K, committed 49624K, reserved 1093632K
  class space    used 5206K, capacity 5617K, committed 5628K, reserved 1048576K
}
2018-10-23T07:42:08.762+0000: 198.708: Total time for which application threads were stopped: 0.0338001 seconds, Stopping threads took: 0.0000938 seconds
2018-10-23T07:42:09.052+0000: 198.997: Total time for which application threads were stopped: 0.0060029 seconds, Stopping threads took: 0.0055664 seconds
2018-10-23T07:42:09.054+0000: 198.999: [CMS-concurrent-abortable-preclean: 0.253/0.556 secs] [Times: user=1.06 sys=0.00, real=0.55 secs] 
2018-10-23T07:42:09.055+0000: 199.001: [GC (CMS Final Remark) [YG occupancy: 77331 K (109248 K)]{Heap before GC invocations=138 (full 11):
 par new generation   total 109248K, used 77331K [0x00000000e0000000, 0x00000000e8000000, 0x00000000e8000000)
  eden space 87424K,  77% used [0x00000000e0000000, 0x00000000e4259488, 0x00000000e5560000)
  from space 21824K,  43% used [0x00000000e5560000, 0x00000000e5e8baf8, 0x00000000e6ab0000)
  to   space 21824K,   0% used [0x00000000e6ab0000, 0x00000000e6ab0000, 0x00000000e8000000)
 concurrent mark-sweep generation total 393216K, used 200207K [0x00000000e8000000, 0x0000000100000000, 0x0000000100000000)
 Metaspace       used 47582K, capacity 49463K, committed 49624K, reserved 1093632K
  class space    used 5206K, capacity 5617K, committed 5628K, reserved 1048576K
2018-10-23T07:42:09.055+0000: 199.001: [GC (CMS Final Remark) 2018-10-23T07:42:09.055+0000: 199.001: [ParNew
Desired survivor size 20112992 bytes, new threshold 8 (max 8)
- age   1:    2458032 bytes,    2458032 total
- age   2:    1438464 bytes,    3896496 total
- age   3:    2057920 bytes,    5954416 total
- age   4:     291344 bytes,    6245760 total
- age   5:     169768 bytes,    6415528 total
- age   6:     635504 bytes,    7051032 total
- age   7:     310744 bytes,    7361776 total
- age   8:     132824 bytes,    7494600 total
: 77331K->9802K(109248K), 0.0739373 secs] 277539K->210641K(502464K), 0.0740360 secs] [Times: user=0.03 sys=0.00, real=0.07 secs] 
Heap after GC invocations=139 (full 11):
 par new generation   total 109248K, used 9802K [0x00000000e0000000, 0x00000000e8000000, 0x00000000e8000000)
  eden space 87424K,   0% used [0x00000000e0000000, 0x00000000e0000000, 0x00000000e5560000)
  from space 21824K,  44% used [0x00000000e6ab0000, 0x00000000e7442b98, 0x00000000e8000000)
  to   space 21824K,   0% used [0x00000000e5560000, 0x00000000e5560000, 0x00000000e6ab0000)
 concurrent mark-sweep generation total 393216K, used 200838K [0x00000000e8000000, 0x0000000100000000, 0x0000000100000000)
 Metaspace       used 47582K, capacity 49463K, committed 49624K, reserved 1093632K
  class space    used 5206K, capacity 5617K, committed 5628K, reserved 1048576K
}
2018-10-23T07:42:09.129+0000: 199.075: [Rescan (parallel) , 0.0037475 secs]2018-10-23T07:42:09.133+0000: 199.079: [weak refs processing, 0.0096456 secs]2018-10-23T07:42:09.143+0000: 199.088: [class unloading, 0.0185292 secs]2018-10-23T07:42:09.161+0000: 199.107: [scrub symbol table, 0.0073129 secs]2018-10-23T07:42:09.168+0000: 199.114: [scrub string table, 0.0009046 secs][1 CMS-remark: 200838K(393216K)] 210641K(502464K), 0.1228482 secs] [Times: user=0.09 sys=0.00, real=0.13 secs] 
2018-10-23T07:42:09.178+0000: 199.124: Total time for which application threads were stopped: 0.1232942 seconds, Stopping threads took: 0.0001454 seconds
2018-10-23T07:42:09.195+0000: 199.141: Total time for which application threads were stopped: 0.0013856 seconds, Stopping threads took: 0.0009691 seconds
2018-10-23T07:42:09.224+0000: 199.170: Total time for which application threads were stopped: 0.0027118 seconds, Stopping threads took: 0.0023109 seconds
2018-10-23T07:42:09.224+0000: 199.170: [CMS-concurrent-sweep-start]
2018-10-23T07:42:09.263+0000: 199.209: Total time for which application threads were stopped: 0.0133873 seconds, Stopping threads took: 0.0124462 seconds
{Heap before GC invocations=139 (full 11):
 par new generation   total 109248K, used 97226K [0x00000000e0000000, 0x00000000e8000000, 0x00000000e8000000)
  eden space 87424K, 100% used [0x00000000e0000000, 0x00000000e5560000, 0x00000000e5560000)
  from space 21824K,  44% used [0x00000000e6ab0000, 0x00000000e7442b98, 0x00000000e8000000)
  to   space 21824K,   0% used [0x00000000e5560000, 0x00000000e5560000, 0x00000000e6ab0000)
 concurrent mark-sweep generation total 393216K, used 187973K [0x00000000e8000000, 0x0000000100000000, 0x0000000100000000)
 Metaspace       used 47592K, capacity 49463K, committed 49624K, reserved 1093632K
  class space    used 5206K, capacity 5617K, committed 5628K, reserved 1048576K
2018-10-23T07:42:09.327+0000: 199.273: [GC (Allocation Failure) 2018-10-23T07:42:09.327+0000: 199.273: [ParNew
Desired survivor size 20112992 bytes, new threshold 8 (max 8)
- age   1:    1983696 bytes,    1983696 total
- age   2:    1033768 bytes,    3017464 total
- age   3:     734440 bytes,    3751904 total
- age   4:     849448 bytes,    4601352 total
- age   5:     148056 bytes,    4749408 total
- age   6:     169768 bytes,    4919176 total
- age   7:     633712 bytes,    5552888 total
- age   8:     310744 bytes,    5863632 total
: 97226K->6709K(109248K), 0.0346912 secs] 285200K->194812K(502464K), 0.0348057 secs] [Times: user=0.04 sys=0.00, real=0.04 secs] 
Heap after GC invocations=140 (full 11):
 par new generation   total 109248K, used 6709K [0x00000000e0000000, 0x00000000e8000000, 0x00000000e8000000)
  eden space 87424K,   0% used [0x00000000e0000000, 0x00000000e0000000, 0x00000000e5560000)
  from space 21824K,  30% used [0x00000000e5560000, 0x00000000e5bed4b0, 0x00000000e6ab0000)
  to   space 21824K,   0% used [0x00000000e6ab0000, 0x00000000e6ab0000, 0x00000000e8000000)
 concurrent mark-sweep generation total 393216K, used 188103K [0x00000000e8000000, 0x0000000100000000, 0x0000000100000000)
 Metaspace       used 47592K, capacity 49463K, committed 49624K, reserved 1093632K
  class space    used 5206K, capacity 5617K, committed 5628K, reserved 1048576K
}
2018-10-23T07:42:09.362+0000: 199.308: Total time for which application threads were stopped: 0.0354586 seconds, Stopping threads took: 0.0001309 seconds
2018-10-23T07:42:09.566+0000: 199.512: [CMS-concurrent-sweep: 0.294/0.342 secs] [Times: user=0.70 sys=0.00, real=0.34 secs] 
2018-10-23T07:42:09.566+0000: 199.512: [CMS-concurrent-reset-start]
2018-10-23T07:42:09.567+0000: 199.513: [CMS-concurrent-reset: 0.001/0.001 secs] [Times: user=0.00 sys=0.00, real=0.00 secs] 
{Heap before GC invocations=140 (full 11):
 par new generation   total 109248K, used 94133K [0x00000000e0000000, 0x00000000e8000000, 0x00000000e8000000)
  eden space 87424K, 100% used [0x00000000e0000000, 0x00000000e5560000, 0x00000000e5560000)
  from space 21824K,  30% used [0x00000000e5560000, 0x00000000e5bed4b0, 0x00000000e6ab0000)
  to   space 21824K,   0% used [0x00000000e6ab0000, 0x00000000e6ab0000, 0x00000000e8000000)
 concurrent mark-sweep generation total 393216K, used 175770K [0x00000000e8000000, 0x0000000100000000, 0x0000000100000000)
 Metaspace       used 46092K, capacity 47919K, committed 49624K, reserved 1093632K
  class space    used 5074K, capacity 5471K, committed 5628K, reserved 1048576K
2018-10-23T07:42:09.646+0000: 199.592: [GC (Allocation Failure) 2018-10-23T07:42:09.646+0000: 199.592: [ParNew
Desired survivor size 20112992 bytes, new threshold 8 (max 8)
- age   1:    2153944 bytes,    2153944 total
- age   2:    1627776 bytes,    3781720 total
- age   3:     734984 bytes,    4516704 total
- age   4:     321536 bytes,    4838240 total
- age   5:     653680 bytes,    5491920 total
- age   6:     147776 bytes,    5639696 total
- age   7:     169768 bytes,    5809464 total
- age   8:     633552 bytes,    6443016 total
: 94133K->9192K(109248K), 0.0224520 secs] 269903K->185266K(502464K), 0.0225549 secs] [Times: user=0.05 sys=0.00, real=0.02 secs] 
Heap after GC invocations=141 (full 11):
 par new generation   total 109248K, used 9192K [0x00000000e0000000, 0x00000000e8000000, 0x00000000e8000000)
  eden space 87424K,   0% used [0x00000000e0000000, 0x00000000e0000000, 0x00000000e5560000)
  from space 21824K,  42% used [0x00000000e6ab0000, 0x00000000e73aa3a8, 0x00000000e8000000)
  to   space 21824K,   0% used [0x00000000e5560000, 0x00000000e5560000, 0x00000000e6ab0000)
 concurrent mark-sweep generation total 393216K, used 176074K [0x00000000e8000000, 0x0000000100000000, 0x0000000100000000)
 Metaspace       used 46092K, capacity 47919K, committed 49624K, reserved 1093632K
  class space    used 5074K, capacity 5471K, committed 5628K, reserved 1048576K
}
2018-10-23T07:42:09.668+0000: 199.614: Total time for which application threads were stopped: 0.0289789 seconds, Stopping threads took: 0.0053738 seconds
{Heap before GC invocations=141 (full 11):
 par new generation   total 109248K, used 96616K [0x00000000e0000000, 0x00000000e8000000, 0x00000000e8000000)
  eden space 87424K, 100% used [0x00000000e0000000, 0x00000000e5560000, 0x00000000e5560000)
  from space 21824K,  42% used [0x00000000e6ab0000, 0x00000000e73aa3a8, 0x00000000e8000000)
  to   space 21824K,   0% used [0x00000000e5560000, 0x00000000e5560000, 0x00000000e6ab0000)
 concurrent mark-sweep generation total 393216K, used 176074K [0x00000000e8000000, 0x0000000100000000, 0x0000000100000000)
 Metaspace       used 46092K, capacity 47919K, committed 49624K, reserved 1093632K
  class space    used 5074K, capacity 5471K, committed 5628K, reserved 1048576K
2018-10-23T07:42:09.899+0000: 199.845: [GC (Allocation Failure) 2018-10-23T07:42:09.899+0000: 199.845: [ParNew
Desired survivor size 20112992 bytes, new threshold 8 (max 8)
- age   1:    2562440 bytes,    2562440 total
- age   2:    1355872 bytes,    3918312 total
- age   3:    1626816 bytes,    5545128 total
- age   4:     734952 bytes,    6280080 total
- age   5:     319712 bytes,    6599792 total
- age   6:     653680 bytes,    7253472 total
- age   7:     147776 bytes,    7401248 total
- age   8:     169768 bytes,    7571016 total
: 96616K->9181K(109248K), 0.0365759 secs] 272690K->185875K(502464K), 0.0366981 secs] [Times: user=0.07 sys=0.00, real=0.03 secs] 
Heap after GC invocations=142 (full 11):
 par new generation   total 109248K, used 9181K [0x00000000e0000000, 0x00000000e8000000, 0x00000000e8000000)
  eden space 87424K,   0% used [0x00000000e0000000, 0x00000000e0000000, 0x00000000e5560000)
  from space 21824K,  42% used [0x00000000e5560000, 0x00000000e5e577d0, 0x00000000e6ab0000)
  to   space 21824K,   0% used [0x00000000e6ab0000, 0x00000000e6ab0000, 0x00000000e8000000)
 concurrent mark-sweep generation total 393216K, used 176693K [0x00000000e8000000, 0x0000000100000000, 0x0000000100000000)
 Metaspace       used 46092K, capacity 47919K, committed 49624K, reserved 1093632K
  class space    used 5074K, capacity 5471K, committed 5628K, reserved 1048576K
}
2018-10-23T07:42:09.936+0000: 199.882: Total time for which application threads were stopped: 0.0395617 seconds, Stopping threads took: 0.0023796 seconds
2018-10-23T07:42:10.047+0000: 199.992: Total time for which application threads were stopped: 0.0004079 seconds, Stopping threads took: 0.0000642 seconds
2018-10-23T07:42:10.088+0000: 200.034: Total time for which application threads were stopped: 0.0005340 seconds, Stopping threads took: 0.0001626 seconds
2018-10-23T07:42:10.191+0000: 200.137: Total time for which application threads were stopped: 0.0004818 seconds, Stopping threads took: 0.0001046 seconds
2018-10-23T07:42:10.212+0000: 200.158: Total time for which application threads were stopped: 0.0004358 seconds, Stopping threads took: 0.0000929 seconds
{Heap before GC invocations=142 (full 11):
 par new generation   total 109248K, used 96583K [0x00000000e0000000, 0x00000000e8000000, 0x00000000e8000000)
  eden space 87424K,  99% used [0x00000000e0000000, 0x00000000e555a478, 0x00000000e5560000)
  from space 21824K,  42% used [0x00000000e5560000, 0x00000000e5e577d0, 0x00000000e6ab0000)
  to   space 21824K,   0% used [0x00000000e6ab0000, 0x00000000e6ab0000, 0x00000000e8000000)
 concurrent mark-sweep generation total 393216K, used 176693K [0x00000000e8000000, 0x0000000100000000, 0x0000000100000000)
 Metaspace       used 46116K, capacity 47983K, committed 49624K, reserved 1093632K
  class space    used 5074K, capacity 5471K, committed 5628K, reserved 1048576K
2018-10-23T07:42:10.250+0000: 200.196: [GC (Allocation Failure) 2018-10-23T07:42:10.250+0000: 200.196: [ParNew
Desired survivor size 20112992 bytes, new threshold 8 (max 8)
- age   1:    3354400 bytes,    3354400 total
- age   2:     689968 bytes,    4044368 total
- age   3:     841864 bytes,    4886232 total
- age   4:    1145832 bytes,    6032064 total
- age   5:     169960 bytes,    6202024 total
- age   6:     319408 bytes,    6521432 total
- age   7:     653680 bytes,    7175112 total
- age   8:     147776 bytes,    7322888 total
: 96583K->9695K(109248K), 0.0254809 secs] 273276K->186554K(502464K), 0.0255800 secs] [Times: user=0.04 sys=0.00, real=0.02 secs] 
Heap after GC invocations=143 (full 11):
 par new generation   total 109248K, used 9695K [0x00000000e0000000, 0x00000000e8000000, 0x00000000e8000000)
  eden space 87424K,   0% used [0x00000000e0000000, 0x00000000e0000000, 0x00000000e5560000)
  from space 21824K,  44% used [0x00000000e6ab0000, 0x00000000e7427c40, 0x00000000e8000000)
  to   space 21824K,   0% used [0x00000000e5560000, 0x00000000e5560000, 0x00000000e6ab0000)
 concurrent mark-sweep generation total 393216K, used 176859K [0x00000000e8000000, 0x0000000100000000, 0x0000000100000000)
 Metaspace       used 46116K, capacity 47983K, committed 49624K, reserved 1093632K
  class space    used 5074K, capacity 5471K, committed 5628K, reserved 1048576K
}
2018-10-23T07:42:10.276+0000: 200.222: Total time for which application threads were stopped: 0.0260968 seconds, Stopping threads took: 0.0000661 seconds
{Heap before GC invocations=143 (full 11):
 par new generation   total 109248K, used 97119K [0x00000000e0000000, 0x00000000e8000000, 0x00000000e8000000)
  eden space 87424K, 100% used [0x00000000e0000000, 0x00000000e5560000, 0x00000000e5560000)
  from space 21824K,  44% used [0x00000000e6ab0000, 0x00000000e7427c40, 0x00000000e8000000)
  to   space 21824K,   0% used [0x00000000e5560000, 0x00000000e5560000, 0x00000000e6ab0000)
 concurrent mark-sweep generation total 393216K, used 176859K [0x00000000e8000000, 0x0000000100000000, 0x0000000100000000)
 Metaspace       used 46127K, capacity 47983K, committed 49624K, reserved 1093632K
  class space    used 5074K, capacity 5471K, committed 5628K, reserved 1048576K
2018-10-23T07:42:10.530+0000: 200.476: [GC (Allocation Failure) 2018-10-23T07:42:10.530+0000: 200.476: [ParNew
Desired survivor size 20112992 bytes, new threshold 8 (max 8)
- age   1:    1995920 bytes,    1995920 total
- age   2:    2184872 bytes,    4180792 total
- age   3:     153488 bytes,    4334280 total
- age   4:     181296 bytes,    4515576 total
- age   5:     731680 bytes,    5247256 total
- age   6:     169960 bytes,    5417216 total
- age   7:     319168 bytes,    5736384 total
- age   8:     653680 bytes,    6390064 total
: 97119K->7520K(109248K), 0.0318527 secs] 273978K->184524K(502464K), 0.0319712 secs] [Times: user=0.06 sys=0.00, real=0.03 secs] 
Heap after GC invocations=144 (full 11):
 par new generation   total 109248K, used 7520K [0x00000000e0000000, 0x00000000e8000000, 0x00000000e8000000)
  eden space 87424K,   0% used [0x00000000e0000000, 0x00000000e0000000, 0x00000000e5560000)
  from space 21824K,  34% used [0x00000000e5560000, 0x00000000e5cb82f0, 0x00000000e6ab0000)
  to   space 21824K,   0% used [0x00000000e6ab0000, 0x00000000e6ab0000, 0x00000000e8000000)
 concurrent mark-sweep generation total 393216K, used 177003K [0x00000000e8000000, 0x0000000100000000, 0x0000000100000000)
 Metaspace       used 46127K, capacity 47983K, committed 49624K, reserved 1093632K
  class space    used 5074K, capacity 5471K, committed 5628K, reserved 1048576K
}
2018-10-23T07:42:10.562+0000: 200.508: Total time for which application threads were stopped: 0.0325203 seconds, Stopping threads took: 0.0000888 seconds
{Heap before GC invocations=144 (full 11):
 par new generation   total 109248K, used 94944K [0x00000000e0000000, 0x00000000e8000000, 0x00000000e8000000)
  eden space 87424K, 100% used [0x00000000e0000000, 0x00000000e5560000, 0x00000000e5560000)
  from space 21824K,  34% used [0x00000000e5560000, 0x00000000e5cb82f0, 0x00000000e6ab0000)
  to   space 21824K,   0% used [0x00000000e6ab0000, 0x00000000e6ab0000, 0x00000000e8000000)
 concurrent mark-sweep generation total 393216K, used 177003K [0x00000000e8000000, 0x0000000100000000, 0x0000000100000000)
 Metaspace       used 46127K, capacity 47983K, committed 49624K, reserved 1093632K
  class space    used 5074K, capacity 5471K, committed 5628K, reserved 1048576K
2018-10-23T07:42:10.818+0000: 200.764: [GC (Allocation Failure) 2018-10-23T07:42:10.818+0000: 200.764: [ParNew
Desired survivor size 20112992 bytes, new threshold 8 (max 8)
- age   1:    2261352 bytes,    2261352 total
- age   2:    1372792 bytes,    3634144 total
- age   3:    2180944 bytes,    5815088 total
- age   4:     153488 bytes,    5968576 total
- age   5:     180384 bytes,    6148960 total
- age   6:     731680 bytes,    6880640 total
- age   7:     169960 bytes,    7050600 total
- age   8:     319168 bytes,    7369768 total
: 94944K->10070K(109248K), 0.0474952 secs] 271948K->187712K(502464K), 0.0476020 secs] [Times: user=0.09 sys=0.00, real=0.04 secs] 
Heap after GC invocations=145 (full 11):
 par new generation   total 109248K, used 10070K [0x00000000e0000000, 0x00000000e8000000, 0x00000000e8000000)
  eden space 87424K,   0% used [0x00000000e0000000, 0x00000000e0000000, 0x00000000e5560000)
  from space 21824K,  46% used [0x00000000e6ab0000, 0x00000000e7485a60, 0x00000000e8000000)
  to   space 21824K,   0% used [0x00000000e5560000, 0x00000000e5560000, 0x00000000e6ab0000)
 concurrent mark-sweep generation total 393216K, used 177641K [0x00000000e8000000, 0x0000000100000000, 0x0000000100000000)
 Metaspace       used 46127K, capacity 47983K, committed 49624K, reserved 1093632K
  class space    used 5074K, capacity 5471K, committed 5628K, reserved 1048576K
}
2018-10-23T07:42:10.866+0000: 200.812: Total time for which application threads were stopped: 0.0482145 seconds, Stopping threads took: 0.0001193 seconds
2018-10-23T07:42:11.058+0000: 201.004: Total time for which application threads were stopped: 0.0044548 seconds, Stopping threads took: 0.0040377 seconds
2018-10-23T07:42:11.084+0000: 201.030: Total time for which application threads were stopped: 0.0011540 seconds, Stopping threads took: 0.0007283 seconds
2018-10-23T07:42:11.102+0000: 201.048: Total time for which application threads were stopped: 0.0006040 seconds, Stopping threads took: 0.0001727 seconds
{Heap before GC invocations=145 (full 11):
 par new generation   total 109248K, used 97494K [0x00000000e0000000, 0x00000000e8000000, 0x00000000e8000000)
  eden space 87424K, 100% used [0x00000000e0000000, 0x00000000e5560000, 0x00000000e5560000)
  from space 21824K,  46% used [0x00000000e6ab0000, 0x00000000e7485a60, 0x00000000e8000000)
  to   space 21824K,   0% used [0x00000000e5560000, 0x00000000e5560000, 0x00000000e6ab0000)
 concurrent mark-sweep generation total 393216K, used 177641K [0x00000000e8000000, 0x0000000100000000, 0x0000000100000000)
 Metaspace       used 46132K, capacity 47983K, committed 49624K, reserved 1093632K
  class space    used 5074K, capacity 5471K, committed 5628K, reserved 1048576K
2018-10-23T07:42:11.146+0000: 201.092: [GC (Allocation Failure) 2018-10-23T07:42:11.146+0000: 201.092: [ParNew
Desired survivor size 20112992 bytes, new threshold 8 (max 8)
- age   1:    2668472 bytes,    2668472 total
- age   2:     868328 bytes,    3536800 total
- age   3:     979056 bytes,    4515856 total
- age   4:    1519304 bytes,    6035160 total
- age   5:     153488 bytes,    6188648 total
- age   6:     180352 bytes,    6369000 total
- age   7:     731680 bytes,    7100680 total
- age   8:     169960 bytes,    7270640 total
: 97494K->9309K(109248K), 0.0228444 secs] 275136K->187263K(502464K), 0.0229559 secs] [Times: user=0.02 sys=0.00, real=0.02 secs] 
Heap after GC invocations=146 (full 11):
 par new generation   total 109248K, used 9309K [0x00000000e0000000, 0x00000000e8000000, 0x00000000e8000000)
  eden space 87424K,   0% used [0x00000000e0000000, 0x00000000e0000000, 0x00000000e5560000)
  from space 21824K,  42% used [0x00000000e5560000, 0x00000000e5e77610, 0x00000000e6ab0000)
  to   space 21824K,   0% used [0x00000000e6ab0000, 0x00000000e6ab0000, 0x00000000e8000000)
 concurrent mark-sweep generation total 393216K, used 177954K [0x00000000e8000000, 0x0000000100000000, 0x0000000100000000)
 Metaspace       used 46132K, capacity 47983K, committed 49624K, reserved 1093632K
  class space    used 5074K, capacity 5471K, committed 5628K, reserved 1048576K
}
2018-10-23T07:42:11.169+0000: 201.115: Total time for which application threads were stopped: 0.0235542 seconds, Stopping threads took: 0.0001208 seconds
2018-10-23T07:42:11.198+0000: 201.144: Total time for which application threads were stopped: 0.0037741 seconds, Stopping threads took: 0.0033722 seconds
2018-10-23T07:42:11.246+0000: 201.192: Total time for which application threads were stopped: 0.0205012 seconds, Stopping threads took: 0.0200173 seconds
2018-10-23T07:42:11.258+0000: 201.204: Total time for which application threads were stopped: 0.0083223 seconds, Stopping threads took: 0.0079030 seconds
{Heap before GC invocations=146 (full 11):
 par new generation   total 109248K, used 96733K [0x00000000e0000000, 0x00000000e8000000, 0x00000000e8000000)
  eden space 87424K, 100% used [0x00000000e0000000, 0x00000000e5560000, 0x00000000e5560000)
  from space 21824K,  42% used [0x00000000e5560000, 0x00000000e5e77610, 0x00000000e6ab0000)
  to   space 21824K,   0% used [0x00000000e6ab0000, 0x00000000e6ab0000, 0x00000000e8000000)
 concurrent mark-sweep generation total 393216K, used 177954K [0x00000000e8000000, 0x0000000100000000, 0x0000000100000000)
 Metaspace       used 46144K, capacity 47983K, committed 49624K, reserved 1093632K
  class space    used 5074K, capacity 5471K, committed 5628K, reserved 1048576K
2018-10-23T07:42:11.378+0000: 201.324: [GC (Allocation Failure) 2018-10-23T07:42:11.378+0000: 201.324: [ParNew
Desired survivor size 20112992 bytes, new threshold 8 (max 8)
- age   1:    2502840 bytes,    2502840 total
- age   2:    1143680 bytes,    3646520 total
- age   3:     144280 bytes,    3790800 total
- age   4:     385192 bytes,    4175992 total
- age   5:     766136 bytes,    4942128 total
- age   6:     153488 bytes,    5095616 total
- age   7:     180000 bytes,    5275616 total
- age   8:     730784 bytes,    6006400 total
: 96733K->7393K(109248K), 0.0577087 secs] 274687K->185514K(502464K), 0.0578422 secs] [Times: user=0.06 sys=0.00, real=0.05 secs] 
Heap after GC invocations=147 (full 11):
 par new generation   total 109248K, used 7393K [0x00000000e0000000, 0x00000000e8000000, 0x00000000e8000000)
  eden space 87424K,   0% used [0x00000000e0000000, 0x00000000e0000000, 0x00000000e5560000)
  from space 21824K,  33% used [0x00000000e6ab0000, 0x00000000e71e87c0, 0x00000000e8000000)
  to   space 21824K,   0% used [0x00000000e5560000, 0x00000000e5560000, 0x00000000e6ab0000)
 concurrent mark-sweep generation total 393216K, used 178120K [0x00000000e8000000, 0x0000000100000000, 0x0000000100000000)
 Metaspace       used 46144K, capacity 47983K, committed 49624K, reserved 1093632K
  class space    used 5074K, capacity 5471K, committed 5628K, reserved 1048576K
}
2018-10-23T07:42:11.436+0000: 201.382: Total time for which application threads were stopped: 0.0769599 seconds, Stopping threads took: 0.0186319 seconds
{Heap before GC invocations=147 (full 11):
 par new generation   total 109248K, used 94817K [0x00000000e0000000, 0x00000000e8000000, 0x00000000e8000000)
  eden space 87424K, 100% used [0x00000000e0000000, 0x00000000e5560000, 0x00000000e5560000)
  from space 21824K,  33% used [0x00000000e6ab0000, 0x00000000e71e87c0, 0x00000000e8000000)
  to   space 21824K,   0% used [0x00000000e5560000, 0x00000000e5560000, 0x00000000e6ab0000)
 concurrent mark-sweep generation total 393216K, used 178120K [0x00000000e8000000, 0x0000000100000000, 0x0000000100000000)
 Metaspace       used 46144K, capacity 47983K, committed 49624K, reserved 1093632K
  class space    used 5074K, capacity 5471K, committed 5628K, reserved 1048576K
2018-10-23T07:42:11.626+0000: 201.572: [GC (Allocation Failure) 2018-10-23T07:42:11.627+0000: 201.572: [ParNew
Desired survivor size 20112992 bytes, new threshold 8 (max 8)
- age   1:    1907616 bytes,    1907616 total
- age   2:    1798848 bytes,    3706464 total
- age   3:    1141224 bytes,    4847688 total
- age   4:     144280 bytes,    4991968 total
- age   5:     384280 bytes,    5376248 total
- age   6:     765224 bytes,    6141472 total
- age   7:     153488 bytes,    6294960 total
- age   8:     180000 bytes,    6474960 total
: 94817K->9316K(109248K), 0.0314766 secs] 272938K->188150K(502464K), 0.0315824 secs] [Times: user=0.04 sys=0.00, real=0.04 secs] 
Heap after GC invocations=148 (full 11):
 par new generation   total 109248K, used 9316K [0x00000000e0000000, 0x00000000e8000000, 0x00000000e8000000)
  eden space 87424K,   0% used [0x00000000e0000000, 0x00000000e0000000, 0x00000000e5560000)
  from space 21824K,  42% used [0x00000000e5560000, 0x00000000e5e79048, 0x00000000e6ab0000)
  to   space 21824K,   0% used [0x00000000e6ab0000, 0x00000000e6ab0000, 0x00000000e8000000)
 concurrent mark-sweep generation total 393216K, used 178834K [0x00000000e8000000, 0x0000000100000000, 0x0000000100000000)
 Metaspace       used 46144K, capacity 47983K, committed 49624K, reserved 1093632K
  class space    used 5074K, capacity 5471K, committed 5628K, reserved 1048576K
}
2018-10-23T07:42:11.658+0000: 201.604: Total time for which application threads were stopped: 0.0457744 seconds, Stopping threads took: 0.0137056 seconds
{Heap before GC invocations=148 (full 11):
 par new generation   total 109248K, used 96740K [0x00000000e0000000, 0x00000000e8000000, 0x00000000e8000000)
  eden space 87424K, 100% used [0x00000000e0000000, 0x00000000e5560000, 0x00000000e5560000)
  from space 21824K,  42% used [0x00000000e5560000, 0x00000000e5e79048, 0x00000000e6ab0000)
  to   space 21824K,   0% used [0x00000000e6ab0000, 0x00000000e6ab0000, 0x00000000e8000000)
 concurrent mark-sweep generation total 393216K, used 178834K [0x00000000e8000000, 0x0000000100000000, 0x0000000100000000)
 Metaspace       used 46144K, capacity 47983K, committed 49624K, reserved 1093632K
  class space    used 5074K, capacity 5471K, committed 5628K, reserved 1048576K
2018-10-23T07:42:11.826+0000: 201.772: [GC (Allocation Failure) 2018-10-23T07:42:11.826+0000: 201.772: [ParNew
Desired survivor size 20112992 bytes, new threshold 8 (max 8)
- age   1:    2645680 bytes,    2645680 total
- age   2:    1253992 bytes,    3899672 total
- age   3:    1769272 bytes,    5668944 total
- age   4:    1138896 bytes,    6807840 total
- age   5:     144280 bytes,    6952120 total
- age   6:     384280 bytes,    7336400 total
- age   7:     765224 bytes,    8101624 total
- age   8:     153488 bytes,    8255112 total
: 96740K->10180K(109248K), 0.0376368 secs] 275574K->189190K(502464K), 0.0377573 secs] [Times: user=0.04 sys=0.00, real=0.04 secs] 
Heap after GC invocations=149 (full 11):
 par new generation   total 109248K, used 10180K [0x00000000e0000000, 0x00000000e8000000, 0x00000000e8000000)
  eden space 87424K,   0% used [0x00000000e0000000, 0x00000000e0000000, 0x00000000e5560000)
  from space 21824K,  46% used [0x00000000e6ab0000, 0x00000000e74a12b0, 0x00000000e8000000)
  to   space 21824K,   0% used [0x00000000e5560000, 0x00000000e5560000, 0x00000000e6ab0000)
 concurrent mark-sweep generation total 393216K, used 179010K [0x00000000e8000000, 0x0000000100000000, 0x0000000100000000)
 Metaspace       used 46144K, capacity 47983K, committed 49624K, reserved 1093632K
  class space    used 5074K, capacity 5471K, committed 5628K, reserved 1048576K
}
2018-10-23T07:42:11.864+0000: 201.810: Total time for which application threads were stopped: 0.0384108 seconds, Stopping threads took: 0.0001767 seconds
{Heap before GC invocations=149 (full 11):
 par new generation   total 109248K, used 97604K [0x00000000e0000000, 0x00000000e8000000, 0x00000000e8000000)
  eden space 87424K, 100% used [0x00000000e0000000, 0x00000000e5560000, 0x00000000e5560000)
  from space 21824K,  46% used [0x00000000e6ab0000, 0x00000000e74a12b0, 0x00000000e8000000)
  to   space 21824K,   0% used [0x00000000e5560000, 0x00000000e5560000, 0x00000000e6ab0000)
 concurrent mark-sweep generation total 393216K, used 179010K [0x00000000e8000000, 0x0000000100000000, 0x0000000100000000)
 Metaspace       used 46149K, capacity 47983K, committed 49624K, reserved 1093632K
  class space    used 5074K, capacity 5471K, committed 5628K, reserved 1048576K
2018-10-23T07:42:12.047+0000: 201.992: [GC (Allocation Failure) 2018-10-23T07:42:12.047+0000: 201.993: [ParNew
Desired survivor size 20112992 bytes, new threshold 8 (max 8)
- age   1:    2731384 bytes,    2731384 total
- age   2:    1394480 bytes,    4125864 total
- age   3:    1154384 bytes,    5280248 total
- age   4:    1765896 bytes,    7046144 total
- age   5:    1138840 bytes,    8184984 total
- age   6:     144280 bytes,    8329264 total
- age   7:     384280 bytes,    8713544 total
- age   8:     765224 bytes,    9478768 total
: 97604K->10457K(109248K), 0.0481932 secs] 276614K->189617K(502464K), 0.0483070 secs] [Times: user=0.04 sys=0.00, real=0.05 secs] 
Heap after GC invocations=150 (full 11):
 par new generation   total 109248K, used 10457K [0x00000000e0000000, 0x00000000e8000000, 0x00000000e8000000)
  eden space 87424K,   0% used [0x00000000e0000000, 0x00000000e0000000, 0x00000000e5560000)
  from space 21824K,  47% used [0x00000000e5560000, 0x00000000e5f966b0, 0x00000000e6ab0000)
  to   space 21824K,   0% used [0x00000000e6ab0000, 0x00000000e6ab0000, 0x00000000e8000000)
 concurrent mark-sweep generation total 393216K, used 179160K [0x00000000e8000000, 0x0000000100000000, 0x0000000100000000)
 Metaspace       used 46149K, capacity 47983K, committed 49624K, reserved 1093632K
  class space    used 5074K, capacity 5471K, committed 5628K, reserved 1048576K
}
2018-10-23T07:42:12.095+0000: 202.041: Total time for which application threads were stopped: 0.0488489 seconds, Stopping threads took: 0.0000676 seconds
2018-10-23T07:42:12.105+0000: 202.050: Total time for which application threads were stopped: 0.0033185 seconds, Stopping threads took: 0.0029427 seconds
2018-10-23T07:42:12.174+0000: 202.120: Total time for which application threads were stopped: 0.0102407 seconds, Stopping threads took: 0.0097070 seconds
2018-10-23T07:42:12.182+0000: 202.128: Total time for which application threads were stopped: 0.0042310 seconds, Stopping threads took: 0.0039636 seconds
2018-10-23T07:42:12.218+0000: 202.164: Total time for which application threads were stopped: 0.0069235 seconds, Stopping threads took: 0.0065100 seconds
2018-10-23T07:42:12.285+0000: 202.231: Total time for which application threads were stopped: 0.0153913 seconds, Stopping threads took: 0.0149814 seconds
2018-10-23T07:42:12.287+0000: 202.233: Total time for which application threads were stopped: 0.0019772 seconds, Stopping threads took: 0.0017877 seconds
{Heap before GC invocations=150 (full 11):
 par new generation   total 109248K, used 97881K [0x00000000e0000000, 0x00000000e8000000, 0x00000000e8000000)
  eden space 87424K, 100% used [0x00000000e0000000, 0x00000000e5560000, 0x00000000e5560000)
  from space 21824K,  47% used [0x00000000e5560000, 0x00000000e5f966b0, 0x00000000e6ab0000)
  to   space 21824K,   0% used [0x00000000e6ab0000, 0x00000000e6ab0000, 0x00000000e8000000)
 concurrent mark-sweep generation total 393216K, used 179160K [0x00000000e8000000, 0x0000000100000000, 0x0000000100000000)
 Metaspace       used 46155K, capacity 47983K, committed 49624K, reserved 1093632K
  class space    used 5074K, capacity 5471K, committed 5628K, reserved 1048576K
2018-10-23T07:42:12.344+0000: 202.290: [GC (Allocation Failure) 2018-10-23T07:42:12.344+0000: 202.290: [ParNew
Desired survivor size 20112992 bytes, new threshold 8 (max 8)
- age   1:    3898664 bytes,    3898664 total
- age   2:     843152 bytes,    4741816 total
- age   3:     454552 bytes,    5196368 total
- age   4:     593480 bytes,    5789848 total
- age   5:    1176056 bytes,    6965904 total
- age   6:     458368 bytes,    7424272 total
- age   7:     144280 bytes,    7568552 total
- age   8:     384248 bytes,    7952800 total
: 97881K->13028K(109248K), 0.0346329 secs] 277041K->192935K(502464K), 0.0347660 secs] [Times: user=0.03 sys=0.00, real=0.04 secs] 
Heap after GC invocations=151 (full 11):
 par new generation   total 109248K, used 13028K [0x00000000e0000000, 0x00000000e8000000, 0x00000000e8000000)
  eden space 87424K,   0% used [0x00000000e0000000, 0x00000000e0000000, 0x00000000e5560000)
  from space 21824K,  59% used [0x00000000e6ab0000, 0x00000000e77690a0, 0x00000000e8000000)
  to   space 21824K,   0% used [0x00000000e5560000, 0x00000000e5560000, 0x00000000e6ab0000)
 concurrent mark-sweep generation total 393216K, used 179906K [0x00000000e8000000, 0x0000000100000000, 0x0000000100000000)
 Metaspace       used 46155K, capacity 47983K, committed 49624K, reserved 1093632K
  class space    used 5074K, capacity 5471K, committed 5628K, reserved 1048576K
}
2018-10-23T07:42:12.379+0000: 202.325: Total time for which application threads were stopped: 0.0420564 seconds, Stopping threads took: 0.0067907 seconds
{Heap before GC invocations=151 (full 11):
 par new generation   total 109248K, used 100452K [0x00000000e0000000, 0x00000000e8000000, 0x00000000e8000000)
  eden space 87424K, 100% used [0x00000000e0000000, 0x00000000e5560000, 0x00000000e5560000)
  from space 21824K,  59% used [0x00000000e6ab0000, 0x00000000e77690a0, 0x00000000e8000000)
  to   space 21824K,   0% used [0x00000000e5560000, 0x00000000e5560000, 0x00000000e6ab0000)
 concurrent mark-sweep generation total 393216K, used 179906K [0x00000000e8000000, 0x0000000100000000, 0x0000000100000000)
 Metaspace       used 46165K, capacity 48047K, committed 49624K, reserved 1093632K
  class space    used 5074K, capacity 5471K, committed 5628K, reserved 1048576K
2018-10-23T07:42:12.550+0000: 202.496: [GC (Allocation Failure) 2018-10-23T07:42:12.550+0000: 202.496: [ParNew
Desired survivor size 20112992 bytes, new threshold 8 (max 8)
- age   1:    2333792 bytes,    2333792 total
- age   2:    2451056 bytes,    4784848 total
- age   3:     163096 bytes,    4947944 total
- age   4:     134536 bytes,    5082480 total
- age   5:     156152 bytes,    5238632 total
- age   6:     522736 bytes,    5761368 total
- age   7:     458368 bytes,    6219736 total
- age   8:     144280 bytes,    6364016 total
: 100452K->7197K(109248K), 0.0264981 secs] 280359K->187479K(502464K), 0.0266133 secs] [Times: user=0.04 sys=0.00, real=0.02 secs] 
Heap after GC invocations=152 (full 11):
 par new generation   total 109248K, used 7197K [0x00000000e0000000, 0x00000000e8000000, 0x00000000e8000000)
  eden space 87424K,   0% used [0x00000000e0000000, 0x00000000e0000000, 0x00000000e5560000)
  from space 21824K,  32% used [0x00000000e5560000, 0x00000000e5c676c8, 0x00000000e6ab0000)
  to   space 21824K,   0% used [0x00000000e6ab0000, 0x00000000e6ab0000, 0x00000000e8000000)
 concurrent mark-sweep generation total 393216K, used 180281K [0x00000000e8000000, 0x0000000100000000, 0x0000000100000000)
 Metaspace       used 46165K, capacity 48047K, committed 49624K, reserved 1093632K
  class space    used 5074K, capacity 5471K, committed 5628K, reserved 1048576K
}
2018-10-23T07:42:12.577+0000: 202.523: Total time for which application threads were stopped: 0.0433929 seconds, Stopping threads took: 0.0162803 seconds
{Heap before GC invocations=152 (full 11):
 par new generation   total 109248K, used 94621K [0x00000000e0000000, 0x00000000e8000000, 0x00000000e8000000)
  eden space 87424K, 100% used [0x00000000e0000000, 0x00000000e5560000, 0x00000000e5560000)
  from space 21824K,  32% used [0x00000000e5560000, 0x00000000e5c676c8, 0x00000000e6ab0000)
  to   space 21824K,   0% used [0x00000000e6ab0000, 0x00000000e6ab0000, 0x00000000e8000000)
 concurrent mark-sweep generation total 393216K, used 180281K [0x00000000e8000000, 0x0000000100000000, 0x0000000100000000)
 Metaspace       used 46176K, capacity 48047K, committed 49624K, reserved 1093632K
  class space    used 5074K, capacity 5471K, committed 5628K, reserved 1048576K
2018-10-23T07:42:12.766+0000: 202.712: [GC (Allocation Failure) 2018-10-23T07:42:12.766+0000: 202.712: [ParNew
Desired survivor size 20112992 bytes, new threshold 8 (max 8)
- age   1:    1859200 bytes,    1859200 total
- age   2:    1565600 bytes,    3424800 total
- age   3:    2449528 bytes,    5874328 total
- age   4:     163096 bytes,    6037424 total
- age   5:     134536 bytes,    6171960 total
- age   6:     156152 bytes,    6328112 total
- age   7:     521824 bytes,    6849936 total
- age   8:     458368 bytes,    7308304 total
: 94621K->8534K(109248K), 0.0155296 secs] 274903K->188956K(502464K), 0.0156356 secs] [Times: user=0.03 sys=0.00, real=0.02 secs] 
Heap after GC invocations=153 (full 11):
 par new generation   total 109248K, used 8534K [0x00000000e0000000, 0x00000000e8000000, 0x00000000e8000000)
  eden space 87424K,   0% used [0x00000000e0000000, 0x00000000e0000000, 0x00000000e5560000)
  from space 21824K,  39% used [0x00000000e6ab0000, 0x00000000e7305870, 0x00000000e8000000)
  to   space 21824K,   0% used [0x00000000e5560000, 0x00000000e5560000, 0x00000000e6ab0000)
 concurrent mark-sweep generation total 393216K, used 180422K [0x00000000e8000000, 0x0000000100000000, 0x0000000100000000)
 Metaspace       used 46176K, capacity 48047K, committed 49624K, reserved 1093632K
  class space    used 5074K, capacity 5471K, committed 5628K, reserved 1048576K
}
2018-10-23T07:42:12.782+0000: 202.728: Total time for which application threads were stopped: 0.0188204 seconds, Stopping threads took: 0.0026871 seconds
{Heap before GC invocations=153 (full 11):
 par new generation   total 109248K, used 95958K [0x00000000e0000000, 0x00000000e8000000, 0x00000000e8000000)
  eden space 87424K, 100% used [0x00000000e0000000, 0x00000000e5560000, 0x00000000e5560000)
  from space 21824K,  39% used [0x00000000e6ab0000, 0x00000000e7305870, 0x00000000e8000000)
  to   space 21824K,   0% used [0x00000000e5560000, 0x00000000e5560000, 0x00000000e6ab0000)
 concurrent mark-sweep generation total 393216K, used 180422K [0x00000000e8000000, 0x0000000100000000, 0x0000000100000000)
 Metaspace       used 46179K, capacity 48047K, committed 49624K, reserved 1093632K
  class space    used 5074K, capacity 5471K, committed 5628K, reserved 1048576K
2018-10-23T07:42:12.962+0000: 202.908: [GC (Allocation Failure) 2018-10-23T07:42:12.962+0000: 202.908: [ParNew
Desired survivor size 20112992 bytes, new threshold 8 (max 8)
- age   1:    2449384 bytes,    2449384 total
- age   2:     956000 bytes,    3405384 total
- age   3:    1425360 bytes,    4830744 total
- age   4:    2446936 bytes,    7277680 total
- age   5:     163096 bytes,    7440776 total
- age   6:     134536 bytes,    7575312 total
- age   7:     156152 bytes,    7731464 total
- age   8:     521824 bytes,    8253288 total
: 95958K->13550K(109248K), 0.0289568 secs] 276380K->194420K(502464K), 0.0290907 secs] [Times: user=0.03 sys=0.00, real=0.03 secs] 
Heap after GC invocations=154 (full 11):
 par new generation   total 109248K, used 13550K [0x00000000e0000000, 0x00000000e8000000, 0x00000000e8000000)
  eden space 87424K,   0% used [0x00000000e0000000, 0x00000000e0000000, 0x00000000e5560000)
  from space 21824K,  62% used [0x00000000e5560000, 0x00000000e629b900, 0x00000000e6ab0000)
  to   space 21824K,   0% used [0x00000000e6ab0000, 0x00000000e6ab0000, 0x00000000e8000000)
 concurrent mark-sweep generation total 393216K, used 180870K [0x00000000e8000000, 0x0000000100000000, 0x0000000100000000)
 Metaspace       used 46179K, capacity 48047K, committed 49624K, reserved 1093632K
  class space    used 5074K, capacity 5471K, committed 5628K, reserved 1048576K
}
2018-10-23T07:42:12.991+0000: 202.937: Total time for which application threads were stopped: 0.0335843 seconds, Stopping threads took: 0.0039092 seconds
2018-10-23T07:42:13.126+0000: 203.072: Total time for which application threads were stopped: 0.0066620 seconds, Stopping threads took: 0.0060267 seconds
2018-10-23T07:42:13.158+0000: 203.103: Total time for which application threads were stopped: 0.0066204 seconds, Stopping threads took: 0.0060523 seconds
2018-10-23T07:42:13.165+0000: 203.111: Total time for which application threads were stopped: 0.0035483 seconds, Stopping threads took: 0.0032869 seconds
{Heap before GC invocations=154 (full 11):
 par new generation   total 109248K, used 100974K [0x00000000e0000000, 0x00000000e8000000, 0x00000000e8000000)
  eden space 87424K, 100% used [0x00000000e0000000, 0x00000000e5560000, 0x00000000e5560000)
  from space 21824K,  62% used [0x00000000e5560000, 0x00000000e629b900, 0x00000000e6ab0000)
  to   space 21824K,   0% used [0x00000000e6ab0000, 0x00000000e6ab0000, 0x00000000e8000000)
 concurrent mark-sweep generation total 393216K, used 180870K [0x00000000e8000000, 0x0000000100000000, 0x0000000100000000)
 Metaspace       used 46183K, capacity 48047K, committed 49624K, reserved 1093632K
  class space    used 5074K, capacity 5471K, committed 5628K, reserved 1048576K
2018-10-23T07:42:13.211+0000: 203.157: [GC (Allocation Failure) 2018-10-23T07:42:13.211+0000: 203.157: [ParNew
Desired survivor size 20112992 bytes, new threshold 8 (max 8)
- age   1:    3555112 bytes,    3555112 total
- age   2:    1279424 bytes,    4834536 total
- age   3:     813272 bytes,    5647808 total
- age   4:    1345088 bytes,    6992896 total
- age   5:    2165200 bytes,    9158096 total
- age   6:     163096 bytes,    9321192 total
- age   7:     134536 bytes,    9455728 total
- age   8:     156152 bytes,    9611880 total
: 100974K->12053K(109248K), 0.0403509 secs] 281844K->193433K(502464K), 0.0404814 secs] [Times: user=0.05 sys=0.00, real=0.04 secs] 
Heap after GC invocations=155 (full 11):
 par new generation   total 109248K, used 12053K [0x00000000e0000000, 0x00000000e8000000, 0x00000000e8000000)
  eden space 87424K,   0% used [0x00000000e0000000, 0x00000000e0000000, 0x00000000e5560000)
  from space 21824K,  55% used [0x00000000e6ab0000, 0x00000000e76755c0, 0x00000000e8000000)
  to   space 21824K,   0% used [0x00000000e5560000, 0x00000000e5560000, 0x00000000e6ab0000)
 concurrent mark-sweep generation total 393216K, used 181379K [0x00000000e8000000, 0x0000000100000000, 0x0000000100000000)
 Metaspace       used 46183K, capacity 48047K, committed 49624K, reserved 1093632K
  class space    used 5074K, capacity 5471K, committed 5628K, reserved 1048576K
}
2018-10-23T07:42:13.252+0000: 203.197: Total time for which application threads were stopped: 0.0410822 seconds, Stopping threads took: 0.0001052 seconds
2018-10-23T07:42:13.286+0000: 203.232: Total time for which application threads were stopped: 0.0066891 seconds, Stopping threads took: 0.0062522 seconds
2018-10-23T07:42:13.352+0000: 203.298: Total time for which application threads were stopped: 0.0011694 seconds, Stopping threads took: 0.0007433 seconds
2018-10-23T07:42:13.363+0000: 203.309: Total time for which application threads were stopped: 0.0010606 seconds, Stopping threads took: 0.0007080 seconds
{Heap before GC invocations=155 (full 11):
 par new generation   total 109248K, used 99477K [0x00000000e0000000, 0x00000000e8000000, 0x00000000e8000000)
  eden space 87424K, 100% used [0x00000000e0000000, 0x00000000e5560000, 0x00000000e5560000)
  from space 21824K,  55% used [0x00000000e6ab0000, 0x00000000e76755c0, 0x00000000e8000000)
  to   space 21824K,   0% used [0x00000000e5560000, 0x00000000e5560000, 0x00000000e6ab0000)
 concurrent mark-sweep generation total 393216K, used 181379K [0x00000000e8000000, 0x0000000100000000, 0x0000000100000000)
 Metaspace       used 46196K, capacity 48047K, committed 49624K, reserved 1093632K
  class space    used 5074K, capacity 5471K, committed 5628K, reserved 1048576K
2018-10-23T07:42:13.463+0000: 203.409: [GC (Allocation Failure) 2018-10-23T07:42:13.463+0000: 203.409: [ParNew
Desired survivor size 20112992 bytes, new threshold 8 (max 8)
- age   1:    2622704 bytes,    2622704 total
- age   2:    1317872 bytes,    3940576 total
- age   3:     333840 bytes,    4274416 total
- age   4:     262104 bytes,    4536520 total
- age   5:     623608 bytes,    5160128 total
- age   6:     904904 bytes,    6065032 total
- age   7:     163096 bytes,    6228128 total
- age   8:     134536 bytes,    6362664 total
: 99477K->11950K(109248K), 0.0202424 secs] 280857K->193482K(502464K), 0.0203456 secs] [Times: user=0.02 sys=0.00, real=0.02 secs] 
Heap after GC invocations=156 (full 11):
 par new generation   total 109248K, used 11950K [0x00000000e0000000, 0x00000000e8000000, 0x00000000e8000000)
  eden space 87424K,   0% used [0x00000000e0000000, 0x00000000e0000000, 0x00000000e5560000)
  from space 21824K,  54% used [0x00000000e5560000, 0x00000000e610baf0, 0x00000000e6ab0000)
  to   space 21824K,   0% used [0x00000000e6ab0000, 0x00000000e6ab0000, 0x00000000e8000000)
 concurrent mark-sweep generation total 393216K, used 181532K [0x00000000e8000000, 0x0000000100000000, 0x0000000100000000)
 Metaspace       used 46196K, capacity 48047K, committed 49624K, reserved 1093632K
  class space    used 5074K, capacity 5471K, committed 5628K, reserved 1048576K
}
2018-10-23T07:42:13.484+0000: 203.430: Total time for which application threads were stopped: 0.0210846 seconds, Stopping threads took: 0.0002224 seconds
{Heap before GC invocations=156 (full 11):
 par new generation   total 109248K, used 99374K [0x00000000e0000000, 0x00000000e8000000, 0x00000000e8000000)
  eden space 87424K, 100% used [0x00000000e0000000, 0x00000000e5560000, 0x00000000e5560000)
  from space 21824K,  54% used [0x00000000e5560000, 0x00000000e610baf0, 0x00000000e6ab0000)
  to   space 21824K,   0% used [0x00000000e6ab0000, 0x00000000e6ab0000, 0x00000000e8000000)
 concurrent mark-sweep generation total 393216K, used 181532K [0x00000000e8000000, 0x0000000100000000, 0x0000000100000000)
 Metaspace       used 46196K, capacity 48047K, committed 49624K, reserved 1093632K
  class space    used 5074K, capacity 5471K, committed 5628K, reserved 1048576K
2018-10-23T07:42:13.678+0000: 203.624: [GC (Allocation Failure) 2018-10-23T07:42:13.678+0000: 203.624: [ParNew
Desired survivor size 20112992 bytes, new threshold 8 (max 8)
- age   1:    1823616 bytes,    1823616 total
- age   2:    1957928 bytes,    3781544 total
- age   3:    1115904 bytes,    4897448 total
- age   4:     152880 bytes,    5050328 total
- age   5:     102240 bytes,    5152568 total
- age   6:     443000 bytes,    5595568 total
- age   7:     828336 bytes,    6423904 total
- age   8:     163096 bytes,    6587000 total
: 99374K->7102K(109248K), 0.0302150 secs] 280906K->188766K(502464K), 0.0303261 secs] [Times: user=0.08 sys=0.00, real=0.02 secs] 
Heap after GC invocations=157 (full 11):
 par new generation   total 109248K, used 7102K [0x00000000e0000000, 0x00000000e8000000, 0x00000000e8000000)
  eden space 87424K,   0% used [0x00000000e0000000, 0x00000000e0000000, 0x00000000e5560000)
  from space 21824K,  32% used [0x00000000e6ab0000, 0x00000000e719fb50, 0x00000000e8000000)
  to   space 21824K,   0% used [0x00000000e5560000, 0x00000000e5560000, 0x00000000e6ab0000)
 concurrent mark-sweep generation total 393216K, used 181663K [0x00000000e8000000, 0x0000000100000000, 0x0000000100000000)
 Metaspace       used 46196K, capacity 48047K, committed 49624K, reserved 1093632K
  class space    used 5074K, capacity 5471K, committed 5628K, reserved 1048576K
}
2018-10-23T07:42:13.708+0000: 203.654: Total time for which application threads were stopped: 0.0498242 seconds, Stopping threads took: 0.0189848 seconds
{Heap before GC invocations=157 (full 11):
 par new generation   total 109248K, used 94526K [0x00000000e0000000, 0x00000000e8000000, 0x00000000e8000000)
  eden space 87424K, 100% used [0x00000000e0000000, 0x00000000e5560000, 0x00000000e5560000)
  from space 21824K,  32% used [0x00000000e6ab0000, 0x00000000e719fb50, 0x00000000e8000000)
  to   space 21824K,   0% used [0x00000000e5560000, 0x00000000e5560000, 0x00000000e6ab0000)
 concurrent mark-sweep generation total 393216K, used 181663K [0x00000000e8000000, 0x0000000100000000, 0x0000000100000000)
 Metaspace       used 46196K, capacity 48047K, committed 49624K, reserved 1093632K
  class space    used 5074K, capacity 5471K, committed 5628K, reserved 1048576K
2018-10-23T07:42:13.856+0000: 203.802: [GC (Allocation Failure) 2018-10-23T07:42:13.856+0000: 203.802: [ParNew
Desired survivor size 20112992 bytes, new threshold 8 (max 8)
- age   1:    2394288 bytes,    2394288 total
- age   2:    1013480 bytes,    3407768 total
- age   3:    1918288 bytes,    5326056 total
- age   4:    1115568 bytes,    6441624 total
- age   5:     152880 bytes,    6594504 total
- age   6:     102240 bytes,    6696744 total
- age   7:     442088 bytes,    7138832 total
- age   8:     828336 bytes,    7967168 total
: 94526K->11227K(109248K), 0.0212195 secs] 276190K->193050K(502464K), 0.0213675 secs] [Times: user=0.02 sys=0.00, real=0.03 secs] 
Heap after GC invocations=158 (full 11):
 par new generation   total 109248K, used 11227K [0x00000000e0000000, 0x00000000e8000000, 0x00000000e8000000)
  eden space 87424K,   0% used [0x00000000e0000000, 0x00000000e0000000, 0x00000000e5560000)
  from space 21824K,  51% used [0x00000000e5560000, 0x00000000e6056d40, 0x00000000e6ab0000)
  to   space 21824K,   0% used [0x00000000e6ab0000, 0x00000000e6ab0000, 0x00000000e8000000)
 concurrent mark-sweep generation total 393216K, used 181822K [0x00000000e8000000, 0x0000000100000000, 0x0000000100000000)
 Metaspace       used 46196K, capacity 48047K, committed 49624K, reserved 1093632K
  class space    used 5074K, capacity 5471K, committed 5628K, reserved 1048576K
}
2018-10-23T07:42:13.878+0000: 203.824: Total time for which application threads were stopped: 0.0283715 seconds, Stopping threads took: 0.0064993 seconds
{Heap before GC invocations=158 (full 11):
 par new generation   total 109248K, used 98651K [0x00000000e0000000, 0x00000000e8000000, 0x00000000e8000000)
  eden space 87424K, 100% used [0x00000000e0000000, 0x00000000e5560000, 0x00000000e5560000)
  from space 21824K,  51% used [0x00000000e5560000, 0x00000000e6056d40, 0x00000000e6ab0000)
  to   space 21824K,   0% used [0x00000000e6ab0000, 0x00000000e6ab0000, 0x00000000e8000000)
 concurrent mark-sweep generation total 393216K, used 181822K [0x00000000e8000000, 0x0000000100000000, 0x0000000100000000)
 Metaspace       used 46196K, capacity 48047K, committed 49624K, reserved 1093632K
  class space    used 5074K, capacity 5471K, committed 5628K, reserved 1048576K
2018-10-23T07:42:14.014+0000: 203.960: [GC (Allocation Failure) 2018-10-23T07:42:14.014+0000: 203.960: [ParNew
Desired survivor size 20112992 bytes, new threshold 8 (max 8)
- age   1:    2398120 bytes,    2398120 total
- age   2:    1409040 bytes,    3807160 total
- age   3:     994960 bytes,    4802120 total
- age   4:    1909600 bytes,    6711720 total
- age   5:    1115400 bytes,    7827120 total
- age   6:     152880 bytes,    7980000 total
- age   7:     102240 bytes,    8082240 total
- age   8:     442088 bytes,    8524328 total
: 98651K->9721K(109248K), 0.0251286 secs] 280474K->192353K(502464K), 0.0252554 secs] [Times: user=0.03 sys=0.00, real=0.03 secs] 
Heap after GC invocations=159 (full 11):
 par new generation   total 109248K, used 9721K [0x00000000e0000000, 0x00000000e8000000, 0x00000000e8000000)
  eden space 87424K,   0% used [0x00000000e0000000, 0x00000000e0000000, 0x00000000e5560000)
  from space 21824K,  44% used [0x00000000e6ab0000, 0x00000000e742e4c8, 0x00000000e8000000)
  to   space 21824K,   0% used [0x00000000e5560000, 0x00000000e5560000, 0x00000000e6ab0000)
 concurrent mark-sweep generation total 393216K, used 182632K [0x00000000e8000000, 0x0000000100000000, 0x0000000100000000)
 Metaspace       used 46196K, capacity 48047K, committed 49624K, reserved 1093632K
  class space    used 5074K, capacity 5471K, committed 5628K, reserved 1048576K
}
2018-10-23T07:42:14.039+0000: 203.985: Total time for which application threads were stopped: 0.0282878 seconds, Stopping threads took: 0.0025180 seconds
2018-10-23T07:42:14.145+0000: 204.091: Total time for which application threads were stopped: 0.0081101 seconds, Stopping threads took: 0.0076115 seconds
2018-10-23T07:42:14.210+0000: 204.155: Total time for which application threads were stopped: 0.0065669 seconds, Stopping threads took: 0.0060216 seconds
2018-10-23T07:42:14.216+0000: 204.162: Total time for which application threads were stopped: 0.0024258 seconds, Stopping threads took: 0.0021089 seconds
{Heap before GC invocations=159 (full 11):
 par new generation   total 109248K, used 97145K [0x00000000e0000000, 0x00000000e8000000, 0x00000000e8000000)
  eden space 87424K, 100% used [0x00000000e0000000, 0x00000000e5560000, 0x00000000e5560000)
  from space 21824K,  44% used [0x00000000e6ab0000, 0x00000000e742e4c8, 0x00000000e8000000)
  to   space 21824K,   0% used [0x00000000e5560000, 0x00000000e5560000, 0x00000000e6ab0000)
 concurrent mark-sweep generation total 393216K, used 182632K [0x00000000e8000000, 0x0000000100000000, 0x0000000100000000)
 Metaspace       used 46199K, capacity 48047K, committed 49624K, reserved 1093632K
  class space    used 5074K, capacity 5471K, committed 5628K, reserved 1048576K
2018-10-23T07:42:14.248+0000: 204.194: [GC (Allocation Failure) 2018-10-23T07:42:14.248+0000: 204.194: [ParNew
Desired survivor size 20112992 bytes, new threshold 8 (max 8)
- age   1:    3328288 bytes,    3328288 total
- age   2:    1357560 bytes,    4685848 total
- age   3:    1322560 bytes,    6008408 total
- age   4:     939384 bytes,    6947792 total
- age   5:    1880064 bytes,    8827856 total
- age   6:     858000 bytes,    9685856 total
- age   7:     152880 bytes,    9838736 total
- age   8:     102240 bytes,    9940976 total
: 97145K->14647K(109248K), 0.0293268 secs] 279777K->197711K(502464K), 0.0294645 secs] [Times: user=0.04 sys=0.00, real=0.04 secs] 
Heap after GC invocations=160 (full 11):
 par new generation   total 109248K, used 14647K [0x00000000e0000000, 0x00000000e8000000, 0x00000000e8000000)
  eden space 87424K,   0% used [0x00000000e0000000, 0x00000000e0000000, 0x00000000e5560000)
  from space 21824K,  67% used [0x00000000e5560000, 0x00000000e63adc40, 0x00000000e6ab0000)
  to   space 21824K,   0% used [0x00000000e6ab0000, 0x00000000e6ab0000, 0x00000000e8000000)
 concurrent mark-sweep generation total 393216K, used 183064K [0x00000000e8000000, 0x0000000100000000, 0x0000000100000000)
 Metaspace       used 46199K, capacity 48047K, committed 49624K, reserved 1093632K
  class space    used 5074K, capacity 5471K, committed 5628K, reserved 1048576K
}
2018-10-23T07:42:14.278+0000: 204.224: Total time for which application threads were stopped: 0.0301436 seconds, Stopping threads took: 0.0001772 seconds
2018-10-23T07:42:14.326+0000: 204.272: Total time for which application threads were stopped: 0.0204589 seconds, Stopping threads took: 0.0199922 seconds
2018-10-23T07:42:14.359+0000: 204.305: Total time for which application threads were stopped: 0.0077535 seconds, Stopping threads took: 0.0073531 seconds
2018-10-23T07:42:14.369+0000: 204.315: Total time for which application threads were stopped: 0.0024938 seconds, Stopping threads took: 0.0021426 seconds
2018-10-23T07:42:14.399+0000: 204.345: Total time for which application threads were stopped: 0.0062507 seconds, Stopping threads took: 0.0058762 seconds
2018-10-23T07:42:14.436+0000: 204.382: Total time for which application threads were stopped: 0.0020508 seconds, Stopping threads took: 0.0015935 seconds
2018-10-23T07:42:14.440+0000: 204.386: Total time for which application threads were stopped: 0.0003159 seconds, Stopping threads took: 0.0000847 seconds
2018-10-23T07:42:14.465+0000: 204.411: Total time for which application threads were stopped: 0.0083017 seconds, Stopping threads took: 0.0079240 seconds
{Heap before GC invocations=160 (full 11):
 par new generation   total 109248K, used 102071K [0x00000000e0000000, 0x00000000e8000000, 0x00000000e8000000)
  eden space 87424K, 100% used [0x00000000e0000000, 0x00000000e5560000, 0x00000000e5560000)
  from space 21824K,  67% used [0x00000000e5560000, 0x00000000e63adc40, 0x00000000e6ab0000)
  to   space 21824K,   0% used [0x00000000e6ab0000, 0x00000000e6ab0000, 0x00000000e8000000)
 concurrent mark-sweep generation total 393216K, used 183064K [0x00000000e8000000, 0x0000000100000000, 0x0000000100000000)
 Metaspace       used 46199K, capacity 48047K, committed 49624K, reserved 1093632K
  class space    used 5074K, capacity 5471K, committed 5628K, reserved 1048576K
2018-10-23T07:42:14.487+0000: 204.433: [GC (Allocation Failure) 2018-10-23T07:42:14.487+0000: 204.433: [ParNew
Desired survivor size 20112992 bytes, new threshold 8 (max 8)
- age   1:    3702424 bytes,    3702424 total
- age   2:    1504000 bytes,    5206424 total
- age   3:     282264 bytes,    5488688 total
- age   4:     363264 bytes,    5851952 total
- age   5:     347304 bytes,    6199256 total
- age   6:     924128 bytes,    7123384 total
- age   7:     517816 bytes,    7641200 total
- age   8:     152880 bytes,    7794080 total
: 102071K->9580K(109248K), 0.0197338 secs] 285135K->192744K(502464K), 0.0198221 secs] [Times: user=0.02 sys=0.00, real=0.02 secs] 
Heap after GC invocations=161 (full 11):
 par new generation   total 109248K, used 9580K [0x00000000e0000000, 0x00000000e8000000, 0x00000000e8000000)
  eden space 87424K,   0% used [0x00000000e0000000, 0x00000000e0000000, 0x00000000e5560000)
  from space 21824K,  43% used [0x00000000e6ab0000, 0x00000000e740b0e0, 0x00000000e8000000)
  to   space 21824K,   0% used [0x00000000e5560000, 0x00000000e5560000, 0x00000000e6ab0000)
 concurrent mark-sweep generation total 393216K, used 183164K [0x00000000e8000000, 0x0000000100000000, 0x0000000100000000)
 Metaspace       used 46199K, capacity 48047K, committed 49624K, reserved 1093632K
  class space    used 5074K, capacity 5471K, committed 5628K, reserved 1048576K
}
2018-10-23T07:42:14.507+0000: 204.453: Total time for which application threads were stopped: 0.0203142 seconds, Stopping threads took: 0.0000677 seconds
2018-10-23T07:42:14.518+0000: 204.464: Total time for which application threads were stopped: 0.0039030 seconds, Stopping threads took: 0.0034874 seconds
2018-10-23T07:42:14.522+0000: 204.467: Total time for which application threads were stopped: 0.0003569 seconds, Stopping threads took: 0.0001030 seconds
2018-10-23T07:42:14.524+0000: 204.470: Total time for which application threads were stopped: 0.0009144 seconds, Stopping threads took: 0.0001260 seconds
2018-10-23T07:42:14.531+0000: 204.476: Total time for which application threads were stopped: 0.0033874 seconds, Stopping threads took: 0.0031232 seconds
2018-10-23T07:42:14.537+0000: 204.483: Total time for which application threads were stopped: 0.0004184 seconds, Stopping threads took: 0.0001767 seconds
{Heap before GC invocations=161 (full 11):
 par new generation   total 109248K, used 97004K [0x00000000e0000000, 0x00000000e8000000, 0x00000000e8000000)
  eden space 87424K, 100% used [0x00000000e0000000, 0x00000000e5560000, 0x00000000e5560000)
  from space 21824K,  43% used [0x00000000e6ab0000, 0x00000000e740b0e0, 0x00000000e8000000)
  to   space 21824K,   0% used [0x00000000e5560000, 0x00000000e5560000, 0x00000000e6ab0000)
 concurrent mark-sweep generation total 393216K, used 183164K [0x00000000e8000000, 0x0000000100000000, 0x0000000100000000)
 Metaspace       used 46202K, capacity 48047K, committed 49624K, reserved 1093632K
  class space    used 5074K, capacity 5471K, committed 5628K, reserved 1048576K
2018-10-23T07:42:14.698+0000: 204.644: [GC (Allocation Failure) 2018-10-23T07:42:14.698+0000: 204.644: [ParNew
Desired survivor size 20112992 bytes, new threshold 8 (max 8)
- age   1:    3003776 bytes,    3003776 total
- age   2:    2495760 bytes,    5499536 total
- age   3:    1327824 bytes,    6827360 total
- age   4:     128312 bytes,    6955672 total
- age   5:     141440 bytes,    7097112 total
- age   6:     121816 bytes,    7218928 total
- age   7:     807064 bytes,    8025992 total
- age   8:     517816 bytes,    8543808 total
: 97004K->10159K(109248K), 0.0785434 secs] 280168K->193472K(502464K), 0.0786763 secs] [Times: user=0.03 sys=0.00, real=0.07 secs] 
Heap after GC invocations=162 (full 11):
 par new generation   total 109248K, used 10159K [0x00000000e0000000, 0x00000000e8000000, 0x00000000e8000000)
  eden space 87424K,   0% used [0x00000000e0000000, 0x00000000e0000000, 0x00000000e5560000)
  from space 21824K,  46% used [0x00000000e5560000, 0x00000000e5f4be30, 0x00000000e6ab0000)
  to   space 21824K,   0% used [0x00000000e6ab0000, 0x00000000e6ab0000, 0x00000000e8000000)
 concurrent mark-sweep generation total 393216K, used 183313K [0x00000000e8000000, 0x0000000100000000, 0x0000000100000000)
 Metaspace       used 46202K, capacity 48047K, committed 49624K, reserved 1093632K
  class space    used 5074K, capacity 5471K, committed 5628K, reserved 1048576K
}
2018-10-23T07:42:14.777+0000: 204.723: Total time for which application threads were stopped: 0.0933416 seconds, Stopping threads took: 0.0141310 seconds
{Heap before GC invocations=162 (full 11):
 par new generation   total 109248K, used 97583K [0x00000000e0000000, 0x00000000e8000000, 0x00000000e8000000)
  eden space 87424K, 100% used [0x00000000e0000000, 0x00000000e5560000, 0x00000000e5560000)
  from space 21824K,  46% used [0x00000000e5560000, 0x00000000e5f4be30, 0x00000000e6ab0000)
  to   space 21824K,   0% used [0x00000000e6ab0000, 0x00000000e6ab0000, 0x00000000e8000000)
 concurrent mark-sweep generation total 393216K, used 183313K [0x00000000e8000000, 0x0000000100000000, 0x0000000100000000)
 Metaspace       used 46203K, capacity 48047K, committed 49624K, reserved 1093632K
  class space    used 5074K, capacity 5471K, committed 5628K, reserved 1048576K
2018-10-23T07:42:14.929+0000: 204.875: [GC (Allocation Failure) 2018-10-23T07:42:14.929+0000: 204.875: [ParNew
Desired survivor size 20112992 bytes, new threshold 8 (max 8)
- age   1:    3066456 bytes,    3066456 total
- age   2:    2014128 bytes,    5080584 total
- age   3:    2484800 bytes,    7565384 total
- age   4:    1327568 bytes,    8892952 total
- age   5:     128312 bytes,    9021264 total
- age   6:     141440 bytes,    9162704 total
- age   7:     120904 bytes,    9283608 total
- age   8:     807064 bytes,   10090672 total
: 97583K->13914K(109248K), 0.0290378 secs] 280896K->197733K(502464K), 0.0291587 secs] [Times: user=0.04 sys=0.00, real=0.04 secs] 
Heap after GC invocations=163 (full 11):
 par new generation   total 109248K, used 13914K [0x00000000e0000000, 0x00000000e8000000, 0x00000000e8000000)
  eden space 87424K,   0% used [0x00000000e0000000, 0x00000000e0000000, 0x00000000e5560000)
  from space 21824K,  63% used [0x00000000e6ab0000, 0x00000000e7846890, 0x00000000e8000000)
  to   space 21824K,   0% used [0x00000000e5560000, 0x00000000e5560000, 0x00000000e6ab0000)
 concurrent mark-sweep generation total 393216K, used 183819K [0x00000000e8000000, 0x0000000100000000, 0x0000000100000000)
 Metaspace       used 46203K, capacity 48047K, committed 49624K, reserved 1093632K
  class space    used 5074K, capacity 5471K, committed 5628K, reserved 1048576K
}
2018-10-23T07:42:14.958+0000: 204.904: Total time for which application threads were stopped: 0.0298047 seconds, Stopping threads took: 0.0001549 seconds
2018-10-23T07:42:15.146+0000: 205.091: Total time for which application threads were stopped: 0.0004963 seconds, Stopping threads took: 0.0000896 seconds
2018-10-23T07:42:15.147+0000: 205.092: Total time for which application threads were stopped: 0.0007818 seconds, Stopping threads took: 0.0000414 seconds
{Heap before GC invocations=163 (full 11):
 par new generation   total 109248K, used 101338K [0x00000000e0000000, 0x00000000e8000000, 0x00000000e8000000)
  eden space 87424K, 100% used [0x00000000e0000000, 0x00000000e5560000, 0x00000000e5560000)
  from space 21824K,  63% used [0x00000000e6ab0000, 0x00000000e7846890, 0x00000000e8000000)
  to   space 21824K,   0% used [0x00000000e5560000, 0x00000000e5560000, 0x00000000e6ab0000)
 concurrent mark-sweep generation total 393216K, used 183819K [0x00000000e8000000, 0x0000000100000000, 0x0000000100000000)
 Metaspace       used 46205K, capacity 48047K, committed 49624K, reserved 1093632K
  class space    used 5074K, capacity 5471K, committed 5628K, reserved 1048576K
2018-10-23T07:42:15.193+0000: 205.138: [GC (Allocation Failure) 2018-10-23T07:42:15.193+0000: 205.138: [ParNew
Desired survivor size 20112992 bytes, new threshold 8 (max 8)
- age   1:    4021280 bytes,    4021280 total
- age   2:    1484520 bytes,    5505800 total
- age   3:    1838040 bytes,    7343840 total
- age   4:    2176024 bytes,    9519864 total
- age   5:    1045080 bytes,   10564944 total
- age   6:     128312 bytes,   10693256 total
- age   7:     141440 bytes,   10834696 total
- age   8:     120904 bytes,   10955600 total
: 101338K->14207K(109248K), 0.0316277 secs] 285157K->198815K(502464K), 0.0317272 secs] [Times: user=0.04 sys=0.00, real=0.03 secs] 
Heap after GC invocations=164 (full 11):
 par new generation   total 109248K, used 14207K [0x00000000e0000000, 0x00000000e8000000, 0x00000000e8000000)
  eden space 87424K,   0% used [0x00000000e0000000, 0x00000000e0000000, 0x00000000e5560000)
  from space 21824K,  65% used [0x00000000e5560000, 0x00000000e633fe50, 0x00000000e6ab0000)
  to   space 21824K,   0% used [0x00000000e6ab0000, 0x00000000e6ab0000, 0x00000000e8000000)
 concurrent mark-sweep generation total 393216K, used 184607K [0x00000000e8000000, 0x0000000100000000, 0x0000000100000000)
 Metaspace       used 46205K, capacity 48047K, committed 49624K, reserved 1093632K
  class space    used 5074K, capacity 5471K, committed 5628K, reserved 1048576K
}
2018-10-23T07:42:15.224+0000: 205.170: Total time for which application threads were stopped: 0.0429140 seconds, Stopping threads took: 0.0106840 seconds
2018-10-23T07:42:15.241+0000: 205.187: Total time for which application threads were stopped: 0.0013738 seconds, Stopping threads took: 0.0009582 seconds
2018-10-23T07:42:15.254+0000: 205.200: Total time for which application threads were stopped: 0.0041965 seconds, Stopping threads took: 0.0038540 seconds
2018-10-23T07:42:15.342+0000: 205.288: Total time for which application threads were stopped: 0.0206250 seconds, Stopping threads took: 0.0201240 seconds
2018-10-23T07:42:15.343+0000: 205.289: Total time for which application threads were stopped: 0.0002453 seconds, Stopping threads took: 0.0000286 seconds
2018-10-23T07:42:15.358+0000: 205.304: Total time for which application threads were stopped: 0.0022721 seconds, Stopping threads took: 0.0019065 seconds
2018-10-23T07:42:15.390+0000: 205.336: Total time for which application threads were stopped: 0.0123441 seconds, Stopping threads took: 0.0119337 seconds
2018-10-23T07:42:15.426+0000: 205.372: Total time for which application threads were stopped: 0.0283857 seconds, Stopping threads took: 0.0279676 seconds
{Heap before GC invocations=164 (full 11):
 par new generation   total 109248K, used 101631K [0x00000000e0000000, 0x00000000e8000000, 0x00000000e8000000)
  eden space 87424K, 100% used [0x00000000e0000000, 0x00000000e5560000, 0x00000000e5560000)
  from space 21824K,  65% used [0x00000000e5560000, 0x00000000e633fe50, 0x00000000e6ab0000)
  to   space 21824K,   0% used [0x00000000e6ab0000, 0x00000000e6ab0000, 0x00000000e8000000)
 concurrent mark-sweep generation total 393216K, used 184607K [0x00000000e8000000, 0x0000000100000000, 0x0000000100000000)
 Metaspace       used 46254K, capacity 48143K, committed 49624K, reserved 1093632K
  class space    used 5078K, capacity 5503K, committed 5628K, reserved 1048576K
2018-10-23T07:42:15.458+0000: 205.404: [GC (Allocation Failure) 2018-10-23T07:42:15.458+0000: 205.404: [ParNew
Desired survivor size 20112992 bytes, new threshold 8 (max 8)
- age   1:    4345992 bytes,    4345992 total
- age   2:    1106664 bytes,    5452656 total
- age   3:     309824 bytes,    5762480 total
- age   4:     374832 bytes,    6137312 total
- age   5:    1009832 bytes,    7147144 total
- age   6:     514992 bytes,    7662136 total
- age   7:     128312 bytes,    7790448 total
- age   8:     141440 bytes,    7931888 total
: 101631K->10865K(109248K), 0.0295611 secs] 286239K->195591K(502464K), 0.0296699 secs] [Times: user=0.04 sys=0.00, real=0.02 secs] 
Heap after GC invocations=165 (full 11):
 par new generation   total 109248K, used 10865K [0x00000000e0000000, 0x00000000e8000000, 0x00000000e8000000)
  eden space 87424K,   0% used [0x00000000e0000000, 0x00000000e0000000, 0x00000000e5560000)
  from space 21824K,  49% used [0x00000000e6ab0000, 0x00000000e754c680, 0x00000000e8000000)
  to   space 21824K,   0% used [0x00000000e5560000, 0x00000000e5560000, 0x00000000e6ab0000)
 concurrent mark-sweep generation total 393216K, used 184725K [0x00000000e8000000, 0x0000000100000000, 0x0000000100000000)
 Metaspace       used 46254K, capacity 48143K, committed 49624K, reserved 1093632K
  class space    used 5078K, capacity 5503K, committed 5628K, reserved 1048576K
}
2018-10-23T07:42:15.488+0000: 205.434: Total time for which application threads were stopped: 0.0414058 seconds, Stopping threads took: 0.0112279 seconds
2018-10-23T07:42:15.504+0000: 205.450: Total time for which application threads were stopped: 0.0114409 seconds, Stopping threads took: 0.0110762 seconds
2018-10-23T07:42:15.510+0000: 205.456: Total time for which application threads were stopped: 0.0003216 seconds, Stopping threads took: 0.0000896 seconds
2018-10-23T07:42:15.522+0000: 205.468: Total time for which application threads were stopped: 0.0081821 seconds, Stopping threads took: 0.0079329 seconds
2018-10-23T07:42:15.528+0000: 205.474: Total time for which application threads were stopped: 0.0019836 seconds, Stopping threads took: 0.0017835 seconds
2018-10-23T07:42:15.546+0000: 205.491: Total time for which application threads were stopped: 0.0120339 seconds, Stopping threads took: 0.0116472 seconds
2018-10-23T07:42:15.554+0000: 205.500: Total time for which application threads were stopped: 0.0028585 seconds, Stopping threads took: 0.0026090 seconds
{Heap before GC invocations=165 (full 11):
 par new generation   total 109248K, used 98289K [0x00000000e0000000, 0x00000000e8000000, 0x00000000e8000000)
  eden space 87424K, 100% used [0x00000000e0000000, 0x00000000e5560000, 0x00000000e5560000)
  from space 21824K,  49% used [0x00000000e6ab0000, 0x00000000e754c680, 0x00000000e8000000)
  to   space 21824K,   0% used [0x00000000e5560000, 0x00000000e5560000, 0x00000000e6ab0000)
 concurrent mark-sweep generation total 393216K, used 184725K [0x00000000e8000000, 0x0000000100000000, 0x0000000100000000)
 Metaspace       used 46315K, capacity 48143K, committed 49624K, reserved 1093632K
  class space    used 5086K, capacity 5503K, committed 5628K, reserved 1048576K
2018-10-23T07:42:15.762+0000: 205.708: [GC (Allocation Failure) 2018-10-23T07:42:15.762+0000: 205.708: [ParNew
Desired survivor size 20112992 bytes, new threshold 8 (max 8)
- age   1:    3136512 bytes,    3136512 total
- age   2:    3134992 bytes,    6271504 total
- age   3:     978448 bytes,    7249952 total
- age   4:     158128 bytes,    7408080 total
- age   5:     170256 bytes,    7578336 total
- age   6:     941936 bytes,    8520272 total
- age   7:     514992 bytes,    9035264 total
- age   8:     128312 bytes,    9163576 total
: 98289K->11723K(109248K), 0.0843359 secs] 283015K->196586K(502464K), 0.0844743 secs] [Times: user=0.05 sys=0.00, real=0.08 secs] 
Heap after GC invocations=166 (full 11):
 par new generation   total 109248K, used 11723K [0x00000000e0000000, 0x00000000e8000000, 0x00000000e8000000)
  eden space 87424K,   0% used [0x00000000e0000000, 0x00000000e0000000, 0x00000000e5560000)
  from space 21824K,  53% used [0x00000000e5560000, 0x00000000e60d2c50, 0x00000000e6ab0000)
  to   space 21824K,   0% used [0x00000000e6ab0000, 0x00000000e6ab0000, 0x00000000e8000000)
 concurrent mark-sweep generation total 393216K, used 184863K [0x00000000e8000000, 0x0000000100000000, 0x0000000100000000)
 Metaspace       used 46315K, capacity 48143K, committed 49624K, reserved 1093632K
  class space    used 5086K, capacity 5503K, committed 5628K, reserved 1048576K
}
2018-10-23T07:42:15.847+0000: 205.793: Total time for which application threads were stopped: 0.0930817 seconds, Stopping threads took: 0.0080380 seconds
{Heap before GC invocations=166 (full 11):
 par new generation   total 109248K, used 99147K [0x00000000e0000000, 0x00000000e8000000, 0x00000000e8000000)
  eden space 87424K, 100% used [0x00000000e0000000, 0x00000000e5560000, 0x00000000e5560000)
  from space 21824K,  53% used [0x00000000e5560000, 0x00000000e60d2c50, 0x00000000e6ab0000)
  to   space 21824K,   0% used [0x00000000e6ab0000, 0x00000000e6ab0000, 0x00000000e8000000)
 concurrent mark-sweep generation total 393216K, used 184863K [0x00000000e8000000, 0x0000000100000000, 0x0000000100000000)
 Metaspace       used 46318K, capacity 48143K, committed 49624K, reserved 1093632K
  class space    used 5086K, capacity 5503K, committed 5628K, reserved 1048576K
2018-10-23T07:42:16.053+0000: 205.999: [GC (Allocation Failure) 2018-10-23T07:42:16.053+0000: 205.999: [ParNew
Desired survivor size 20112992 bytes, new threshold 8 (max 8)
- age   1:    2880888 bytes,    2880888 total
- age   2:    1735944 bytes,    4616832 total
- age   3:    3121312 bytes,    7738144 total
- age   4:     977840 bytes,    8715984 total
- age   5:     158128 bytes,    8874112 total
- age   6:     169232 bytes,    9043344 total
- age   7:     941936 bytes,    9985280 total
- age   8:     514992 bytes,   10500272 total
: 99147K->13264K(109248K), 0.0192715 secs] 284010K->198253K(502464K), 0.0193644 secs] [Times: user=0.04 sys=0.00, real=0.02 secs] 
Heap after GC invocations=167 (full 11):
 par new generation   total 109248K, used 13264K [0x00000000e0000000, 0x00000000e8000000, 0x00000000e8000000)
  eden space 87424K,   0% used [0x00000000e0000000, 0x00000000e0000000, 0x00000000e5560000)
  from space 21824K,  60% used [0x00000000e6ab0000, 0x00000000e77a4260, 0x00000000e8000000)
  to   space 21824K,   0% used [0x00000000e5560000, 0x00000000e5560000, 0x00000000e6ab0000)
 concurrent mark-sweep generation total 393216K, used 184989K [0x00000000e8000000, 0x0000000100000000, 0x0000000100000000)
 Metaspace       used 46318K, capacity 48143K, committed 49624K, reserved 1093632K
  class space    used 5086K, capacity 5503K, committed 5628K, reserved 1048576K
}
2018-10-23T07:42:16.072+0000: 206.018: Total time for which application threads were stopped: 0.0265627 seconds, Stopping threads took: 0.0066621 seconds
2018-10-23T07:42:16.163+0000: 206.108: Total time for which application threads were stopped: 0.0040222 seconds, Stopping threads took: 0.0036079 seconds
2018-10-23T07:42:16.207+0000: 206.153: Total time for which application threads were stopped: 0.0152381 seconds, Stopping threads took: 0.0148236 seconds
2018-10-23T07:42:16.247+0000: 206.193: Total time for which application threads were stopped: 0.0030995 seconds, Stopping threads took: 0.0014150 seconds
2018-10-23T07:42:16.270+0000: 206.216: Total time for which application threads were stopped: 0.0004748 seconds, Stopping threads took: 0.0001091 seconds
2018-10-23T07:42:16.298+0000: 206.244: Total time for which application threads were stopped: 0.0203627 seconds, Stopping threads took: 0.0199883 seconds
2018-10-23T07:42:16.304+0000: 206.249: Total time for which application threads were stopped: 0.0039629 seconds, Stopping threads took: 0.0037545 seconds
2018-10-23T07:42:16.307+0000: 206.253: Total time for which application threads were stopped: 0.0029930 seconds, Stopping threads took: 0.0028135 seconds
2018-10-23T07:42:16.314+0000: 206.260: Total time for which application threads were stopped: 0.0029945 seconds, Stopping threads took: 0.0027173 seconds
2018-10-23T07:42:16.384+0000: 206.330: Total time for which application threads were stopped: 0.0181737 seconds, Stopping threads took: 0.0176801 seconds
{Heap before GC invocations=167 (full 11):
 par new generation   total 109248K, used 100688K [0x00000000e0000000, 0x00000000e8000000, 0x00000000e8000000)
  eden space 87424K, 100% used [0x00000000e0000000, 0x00000000e5560000, 0x00000000e5560000)
  from space 21824K,  60% used [0x00000000e6ab0000, 0x00000000e77a4260, 0x00000000e8000000)
  to   space 21824K,   0% used [0x00000000e5560000, 0x00000000e5560000, 0x00000000e6ab0000)
 concurrent mark-sweep generation total 393216K, used 184989K [0x00000000e8000000, 0x0000000100000000, 0x0000000100000000)
 Metaspace       used 46405K, capacity 48271K, committed 49624K, reserved 1093632K
  class space    used 5096K, capacity 5503K, committed 5628K, reserved 1048576K
2018-10-23T07:42:16.448+0000: 206.394: [GC (Allocation Failure) 2018-10-23T07:42:16.448+0000: 206.394: [ParNew
Desired survivor size 20112992 bytes, new threshold 8 (max 8)
- age   1:    4873448 bytes,    4873448 total
- age   2:     844864 bytes,    5718312 total
- age   3:     942104 bytes,    6660416 total
- age   4:    1627560 bytes,    8287976 total
- age   5:     405688 bytes,    8693664 total
- age   6:     158128 bytes,    8851792 total
- age   7:     169200 bytes,    9020992 total
- age   8:     941344 bytes,    9962336 total
: 100688K->12376K(109248K), 0.0322407 secs] 285677K->197868K(502464K), 0.0323468 secs] [Times: user=0.08 sys=0.00, real=0.04 secs] 
Heap after GC invocations=168 (full 11):
 par new generation   total 109248K, used 12376K [0x00000000e0000000, 0x00000000e8000000, 0x00000000e8000000)
  eden space 87424K,   0% used [0x00000000e0000000, 0x00000000e0000000, 0x00000000e5560000)
  from space 21824K,  56% used [0x00000000e5560000, 0x00000000e61762e0, 0x00000000e6ab0000)
  to   space 21824K,   0% used [0x00000000e6ab0000, 0x00000000e6ab0000, 0x00000000e8000000)
 concurrent mark-sweep generation total 393216K, used 185492K [0x00000000e8000000, 0x0000000100000000, 0x0000000100000000)
 Metaspace       used 46405K, capacity 48271K, committed 49624K, reserved 1093632K
  class space    used 5096K, capacity 5503K, committed 5628K, reserved 1048576K
}
2018-10-23T07:42:16.480+0000: 206.426: Total time for which application threads were stopped: 0.0341831 seconds, Stopping threads took: 0.0013168 seconds
2018-10-23T07:42:16.562+0000: 206.508: Total time for which application threads were stopped: 0.0141376 seconds, Stopping threads took: 0.0137318 seconds
2018-10-23T07:42:16.626+0000: 206.572: Total time for which application threads were stopped: 0.0161440 seconds, Stopping threads took: 0.0157449 seconds
2018-10-23T07:42:16.630+0000: 206.576: Total time for which application threads were stopped: 0.0002332 seconds, Stopping threads took: 0.0000397 seconds
2018-10-23T07:42:16.642+0000: 206.588: Total time for which application threads were stopped: 0.0083258 seconds, Stopping threads took: 0.0080489 seconds
2018-10-23T07:42:16.642+0000: 206.588: Total time for which application threads were stopped: 0.0002675 seconds, Stopping threads took: 0.0000977 seconds
{Heap before GC invocations=168 (full 11):
 par new generation   total 109248K, used 99800K [0x00000000e0000000, 0x00000000e8000000, 0x00000000e8000000)
  eden space 87424K, 100% used [0x00000000e0000000, 0x00000000e5560000, 0x00000000e5560000)
  from space 21824K,  56% used [0x00000000e5560000, 0x00000000e61762e0, 0x00000000e6ab0000)
  to   space 21824K,   0% used [0x00000000e6ab0000, 0x00000000e6ab0000, 0x00000000e8000000)
 concurrent mark-sweep generation total 393216K, used 185492K [0x00000000e8000000, 0x0000000100000000, 0x0000000100000000)
 Metaspace       used 46409K, capacity 48271K, committed 49624K, reserved 1093632K
  class space    used 5096K, capacity 5503K, committed 5628K, reserved 1048576K
2018-10-23T07:42:16.745+0000: 206.691: [GC (Allocation Failure) 2018-10-23T07:42:16.745+0000: 206.691: [ParNew
Desired survivor size 20112992 bytes, new threshold 8 (max 8)
- age   1:    3066400 bytes,    3066400 total
- age   2:    3391664 bytes,    6458064 total
- age   3:     151016 bytes,    6609080 total
- age   4:     284600 bytes,    6893680 total
- age   5:    1013816 bytes,    7907496 total
- age   6:     405688 bytes,    8313184 total
- age   7:     158128 bytes,    8471312 total
- age   8:     168608 bytes,    8639920 total
: 99800K->12801K(109248K), 0.0339570 secs] 285292K->199215K(502464K), 0.0340759 secs] [Times: user=0.02 sys=0.00, real=0.04 secs] 
Heap after GC invocations=169 (full 11):
 par new generation   total 109248K, used 12801K [0x00000000e0000000, 0x00000000e8000000, 0x00000000e8000000)
  eden space 87424K,   0% used [0x00000000e0000000, 0x00000000e0000000, 0x00000000e5560000)
  from space 21824K,  58% used [0x00000000e6ab0000, 0x00000000e7730610, 0x00000000e8000000)
  to   space 21824K,   0% used [0x00000000e5560000, 0x00000000e5560000, 0x00000000e6ab0000)
 concurrent mark-sweep generation total 393216K, used 186413K [0x00000000e8000000, 0x0000000100000000, 0x0000000100000000)
 Metaspace       used 46409K, capacity 48271K, committed 49624K, reserved 1093632K
  class space    used 5096K, capacity 5503K, committed 5628K, reserved 1048576K
}
2018-10-23T07:42:16.779+0000: 206.725: Total time for which application threads were stopped: 0.0535210 seconds, Stopping threads took: 0.0189132 seconds
2018-10-23T07:42:16.878+0000: 206.824: Total time for which application threads were stopped: 0.0038301 seconds, Stopping threads took: 0.0034156 seconds
2018-10-23T07:42:16.886+0000: 206.832: Total time for which application threads were stopped: 0.0042982 seconds, Stopping threads took: 0.0039810 seconds
2018-10-23T07:42:16.895+0000: 206.841: Total time for which application threads were stopped: 0.0011939 seconds, Stopping threads took: 0.0009044 seconds
2018-10-23T07:42:16.908+0000: 206.854: Total time for which application threads were stopped: 0.0074165 seconds, Stopping threads took: 0.0071406 seconds
{Heap before GC invocations=169 (full 11):
 par new generation   total 109248K, used 100217K [0x00000000e0000000, 0x00000000e8000000, 0x00000000e8000000)
  eden space 87424K,  99% used [0x00000000e0000000, 0x00000000e555e120, 0x00000000e5560000)
  from space 21824K,  58% used [0x00000000e6ab0000, 0x00000000e7730610, 0x00000000e8000000)
  to   space 21824K,   0% used [0x00000000e5560000, 0x00000000e5560000, 0x00000000e6ab0000)
 concurrent mark-sweep generation total 393216K, used 186413K [0x00000000e8000000, 0x0000000100000000, 0x0000000100000000)
 Metaspace       used 46414K, capacity 48271K, committed 49624K, reserved 1093632K
  class space    used 5096K, capacity 5503K, committed 5628K, reserved 1048576K
2018-10-23T07:42:16.989+0000: 206.935: [GC (Allocation Failure) 2018-10-23T07:42:16.989+0000: 206.935: [ParNew
Desired survivor size 20112992 bytes, new threshold 8 (max 8)
- age   1:    2638208 bytes,    2638208 total
- age   2:    1930336 bytes,    4568544 total
- age   3:    3314824 bytes,    7883368 total
- age   4:     150848 bytes,    8034216 total
- age   5:     283688 bytes,    8317904 total
- age   6:    1013816 bytes,    9331720 total
- age   7:     405688 bytes,    9737408 total
- age   8:     158128 bytes,    9895536 total
: 100217K->12704K(109248K), 0.0563602 secs] 286631K->199283K(502464K), 0.0564873 secs] [Times: user=0.06 sys=0.00, real=0.06 secs] 
Heap after GC invocations=170 (full 11):
 par new generation   total 109248K, used 12704K [0x00000000e0000000, 0x00000000e8000000, 0x00000000e8000000)
  eden space 87424K,   0% used [0x00000000e0000000, 0x00000000e0000000, 0x00000000e5560000)
  from space 21824K,  58% used [0x00000000e5560000, 0x00000000e61c8340, 0x00000000e6ab0000)
  to   space 21824K,   0% used [0x00000000e6ab0000, 0x00000000e6ab0000, 0x00000000e8000000)
 concurrent mark-sweep generation total 393216K, used 186578K [0x00000000e8000000, 0x0000000100000000, 0x0000000100000000)
 Metaspace       used 46414K, capacity 48271K, committed 49624K, reserved 1093632K
  class space    used 5096K, capacity 5503K, committed 5628K, reserved 1048576K
}
2018-10-23T07:42:17.045+0000: 206.991: Total time for which application threads were stopped: 0.0571478 seconds, Stopping threads took: 0.0001361 seconds
2018-10-23T07:42:17.216+0000: 207.162: Total time for which application threads were stopped: 0.0024216 seconds, Stopping threads took: 0.0019699 seconds
2018-10-23T07:42:17.342+0000: 207.288: Total time for which application threads were stopped: 0.0186954 seconds, Stopping threads took: 0.0182497 seconds
2018-10-23T07:42:17.448+0000: 207.394: Total time for which application threads were stopped: 0.0108237 seconds, Stopping threads took: 0.0103874 seconds
{Heap before GC invocations=170 (full 11):
 par new generation   total 109248K, used 100128K [0x00000000e0000000, 0x00000000e8000000, 0x00000000e8000000)
  eden space 87424K, 100% used [0x00000000e0000000, 0x00000000e5560000, 0x00000000e5560000)
  from space 21824K,  58% used [0x00000000e5560000, 0x00000000e61c8340, 0x00000000e6ab0000)
  to   space 21824K,   0% used [0x00000000e6ab0000, 0x00000000e6ab0000, 0x00000000e8000000)
 concurrent mark-sweep generation total 393216K, used 186578K [0x00000000e8000000, 0x0000000100000000, 0x0000000100000000)
 Metaspace       used 46452K, capacity 48271K, committed 49624K, reserved 1093632K
  class space    used 5096K, capacity 5503K, committed 5628K, reserved 1048576K
2018-10-23T07:42:17.463+0000: 207.409: [GC (Allocation Failure) 2018-10-23T07:42:17.463+0000: 207.409: [ParNew
Desired survivor size 20112992 bytes, new threshold 8 (max 8)
- age   1:    3171584 bytes,    3171584 total
- age   2:     339584 bytes,    3511168 total
- age   3:     581360 bytes,    4092528 total
- age   4:    1426648 bytes,    5519176 total
- age   5:     150848 bytes,    5670024 total
- age   6:     283656 bytes,    5953680 total
- age   7:    1012160 bytes,    6965840 total
- age   8:     405656 bytes,    7371496 total
: 100128K->9365K(109248K), 0.0503591 secs] 286707K->196097K(502464K), 0.0504748 secs] [Times: user=0.05 sys=0.00, real=0.05 secs] 
Heap after GC invocations=171 (full 11):
 par new generation   total 109248K, used 9365K [0x00000000e0000000, 0x00000000e8000000, 0x00000000e8000000)
  eden space 87424K,   0% used [0x00000000e0000000, 0x00000000e0000000, 0x00000000e5560000)
  from space 21824K,  42% used [0x00000000e6ab0000, 0x00000000e73d54c0, 0x00000000e8000000)
  to   space 21824K,   0% used [0x00000000e5560000, 0x00000000e5560000, 0x00000000e6ab0000)
 concurrent mark-sweep generation total 393216K, used 186732K [0x00000000e8000000, 0x0000000100000000, 0x0000000100000000)
 Metaspace       used 46452K, capacity 48271K, committed 49624K, reserved 1093632K
  class space    used 5096K, capacity 5503K, committed 5628K, reserved 1048576K
}
2018-10-23T07:42:17.513+0000: 207.459: Total time for which application threads were stopped: 0.0583647 seconds, Stopping threads took: 0.0074034 seconds
2018-10-23T07:42:17.534+0000: 207.479: Total time for which application threads were stopped: 0.0027677 seconds, Stopping threads took: 0.0023192 seconds
2018-10-23T07:42:17.536+0000: 207.482: Total time for which application threads were stopped: 0.0003082 seconds, Stopping threads took: 0.0001024 seconds
2018-10-23T07:42:17.574+0000: 207.520: Total time for which application threads were stopped: 0.0044472 seconds, Stopping threads took: 0.0040136 seconds
2018-10-23T07:42:17.576+0000: 207.522: Total time for which application threads were stopped: 0.0019295 seconds, Stopping threads took: 0.0017231 seconds
2018-10-23T07:42:17.576+0000: 207.522: Total time for which application threads were stopped: 0.0002257 seconds, Stopping threads took: 0.0000438 seconds
2018-10-23T07:42:17.650+0000: 207.596: Total time for which application threads were stopped: 0.0204572 seconds, Stopping threads took: 0.0199713 seconds
2018-10-23T07:42:17.688+0000: 207.633: Total time for which application threads were stopped: 0.0175595 seconds, Stopping threads took: 0.0164303 seconds
{Heap before GC invocations=171 (full 11):
 par new generation   total 109248K, used 96789K [0x00000000e0000000, 0x00000000e8000000, 0x00000000e8000000)
  eden space 87424K, 100% used [0x00000000e0000000, 0x00000000e5560000, 0x00000000e5560000)
  from space 21824K,  42% used [0x00000000e6ab0000, 0x00000000e73d54c0, 0x00000000e8000000)
  to   space 21824K,   0% used [0x00000000e5560000, 0x00000000e5560000, 0x00000000e6ab0000)
 concurrent mark-sweep generation total 393216K, used 186732K [0x00000000e8000000, 0x0000000100000000, 0x0000000100000000)
 Metaspace       used 46452K, capacity 48271K, committed 49624K, reserved 1093632K
  class space    used 5096K, capacity 5503K, committed 5628K, reserved 1048576K
2018-10-23T07:42:17.710+0000: 207.656: [GC (Allocation Failure) 2018-10-23T07:42:17.710+0000: 207.656: [ParNew
Desired survivor size 20112992 bytes, new threshold 8 (max 8)
- age   1:    3308824 bytes,    3308824 total
- age   2:    2234208 bytes,    5543032 total
- age   3:     139704 bytes,    5682736 total
- age   4:     298904 bytes,    5981640 total
- age   5:    1272008 bytes,    7253648 total
- age   6:     150848 bytes,    7404496 total
- age   7:     283264 bytes,    7687760 total
- age   8:    1011768 bytes,    8699528 total
: 96789K->10642K(109248K), 0.0660387 secs] 283521K->197771K(502464K), 0.0661661 secs] [Times: user=0.05 sys=0.00, real=0.06 secs] 
Heap after GC invocations=172 (full 11):
 par new generation   total 109248K, used 10642K [0x00000000e0000000, 0x00000000e8000000, 0x00000000e8000000)
  eden space 87424K,   0% used [0x00000000e0000000, 0x00000000e0000000, 0x00000000e5560000)
  from space 21824K,  48% used [0x00000000e5560000, 0x00000000e5fc4bb8, 0x00000000e6ab0000)
  to   space 21824K,   0% used [0x00000000e6ab0000, 0x00000000e6ab0000, 0x00000000e8000000)
 concurrent mark-sweep generation total 393216K, used 187128K [0x00000000e8000000, 0x0000000100000000, 0x0000000100000000)
 Metaspace       used 46452K, capacity 48271K, committed 49624K, reserved 1093632K
  class space    used 5096K, capacity 5503K, committed 5628K, reserved 1048576K
}
2018-10-23T07:42:17.776+0000: 207.722: Total time for which application threads were stopped: 0.0667551 seconds, Stopping threads took: 0.0000862 seconds
{Heap before GC invocations=172 (full 11):
 par new generation   total 109248K, used 98066K [0x00000000e0000000, 0x00000000e8000000, 0x00000000e8000000)
  eden space 87424K, 100% used [0x00000000e0000000, 0x00000000e5560000, 0x00000000e5560000)
  from space 21824K,  48% used [0x00000000e5560000, 0x00000000e5fc4bb8, 0x00000000e6ab0000)
  to   space 21824K,   0% used [0x00000000e6ab0000, 0x00000000e6ab0000, 0x00000000e8000000)
 concurrent mark-sweep generation total 393216K, used 187128K [0x00000000e8000000, 0x0000000100000000, 0x0000000100000000)
 Metaspace       used 46452K, capacity 48271K, committed 49624K, reserved 1093632K
  class space    used 5096K, capacity 5503K, committed 5628K, reserved 1048576K
2018-10-23T07:42:17.900+0000: 207.846: [GC (Allocation Failure) 2018-10-23T07:42:17.901+0000: 207.846: [ParNew
Desired survivor size 20112992 bytes, new threshold 8 (max 8)
- age   1:    2891584 bytes,    2891584 total
- age   2:    1934640 bytes,    4826224 total
- age   3:    2223544 bytes,    7049768 total
- age   4:     139704 bytes,    7189472 total
- age   5:     297992 bytes,    7487464 total
- age   6:    1271096 bytes,    8758560 total
- age   7:     150848 bytes,    8909408 total
- age   8:     283264 bytes,    9192672 total
: 98066K->12843K(109248K), 0.0681240 secs] 285195K->200961K(502464K), 0.0682527 secs] [Times: user=0.04 sys=0.00, real=0.06 secs] 
Heap after GC invocations=173 (full 11):
 par new generation   total 109248K, used 12843K [0x00000000e0000000, 0x00000000e8000000, 0x00000000e8000000)
  eden space 87424K,   0% used [0x00000000e0000000, 0x00000000e0000000, 0x00000000e5560000)
  from space 21824K,  58% used [0x00000000e6ab0000, 0x00000000e773aef8, 0x00000000e8000000)
  to   space 21824K,   0% used [0x00000000e5560000, 0x00000000e5560000, 0x00000000e6ab0000)
 concurrent mark-sweep generation total 393216K, used 188118K [0x00000000e8000000, 0x0000000100000000, 0x0000000100000000)
 Metaspace       used 46452K, capacity 48271K, committed 49624K, reserved 1093632K
  class space    used 5096K, capacity 5503K, committed 5628K, reserved 1048576K
}
2018-10-23T07:42:17.969+0000: 207.915: Total time for which application threads were stopped: 0.0851418 seconds, Stopping threads took: 0.0163468 seconds
2018-10-23T07:42:18.085+0000: 208.030: Total time for which application threads were stopped: 0.0022499 seconds, Stopping threads took: 0.0007628 seconds
{Heap before GC invocations=173 (full 11):
 par new generation   total 109248K, used 100267K [0x00000000e0000000, 0x00000000e8000000, 0x00000000e8000000)
  eden space 87424K, 100% used [0x00000000e0000000, 0x00000000e5560000, 0x00000000e5560000)
  from space 21824K,  58% used [0x00000000e6ab0000, 0x00000000e773aef8, 0x00000000e8000000)
  to   space 21824K,   0% used [0x00000000e5560000, 0x00000000e5560000, 0x00000000e6ab0000)
 concurrent mark-sweep generation total 393216K, used 188118K [0x00000000e8000000, 0x0000000100000000, 0x0000000100000000)
 Metaspace       used 46501K, capacity 48335K, committed 49624K, reserved 1093632K
  class space    used 5101K, capacity 5503K, committed 5628K, reserved 1048576K
2018-10-23T07:42:18.238+0000: 208.184: [GC (Allocation Failure) 2018-10-23T07:42:18.238+0000: 208.184: [ParNew
Desired survivor size 20112992 bytes, new threshold 8 (max 8)
- age   1:    2458200 bytes,    2458200 total
- age   2:    1522512 bytes,    3980712 total
- age   3:    1850344 bytes,    5831056 total
- age   4:    2216560 bytes,    8047616 total
- age   5:     137480 bytes,    8185096 total
- age   6:     293656 bytes,    8478752 total
- age   7:    1077640 bytes,    9556392 total
- age   8:     150848 bytes,    9707240 total
: 100267K->11702K(109248K), 0.0414753 secs] 288385K->200098K(502464K), 0.0415936 secs] [Times: user=0.03 sys=0.00, real=0.04 secs] 
Heap after GC invocations=174 (full 11):
 par new generation   total 109248K, used 11702K [0x00000000e0000000, 0x00000000e8000000, 0x00000000e8000000)
  eden space 87424K,   0% used [0x00000000e0000000, 0x00000000e0000000, 0x00000000e5560000)
  from space 21824K,  53% used [0x00000000e5560000, 0x00000000e60cdb88, 0x00000000e6ab0000)
  to   space 21824K,   0% used [0x00000000e6ab0000, 0x00000000e6ab0000, 0x00000000e8000000)
 concurrent mark-sweep generation total 393216K, used 188396K [0x00000000e8000000, 0x0000000100000000, 0x0000000100000000)
 Metaspace       used 46501K, capacity 48335K, committed 49624K, reserved 1093632K
  class space    used 5101K, capacity 5503K, committed 5628K, reserved 1048576K
}
2018-10-23T07:42:18.280+0000: 208.226: Total time for which application threads were stopped: 0.0569518 seconds, Stopping threads took: 0.0147890 seconds
2018-10-23T07:42:18.294+0000: 208.240: Total time for which application threads were stopped: 0.0125103 seconds, Stopping threads took: 0.0120904 seconds
2018-10-23T07:42:18.433+0000: 208.378: Total time for which application threads were stopped: 0.0429116 seconds, Stopping threads took: 0.0423618 seconds
{Heap before GC invocations=174 (full 11):
 par new generation   total 109248K, used 99126K [0x00000000e0000000, 0x00000000e8000000, 0x00000000e8000000)
  eden space 87424K, 100% used [0x00000000e0000000, 0x00000000e5560000, 0x00000000e5560000)
  from space 21824K,  53% used [0x00000000e5560000, 0x00000000e60cdb88, 0x00000000e6ab0000)
  to   space 21824K,   0% used [0x00000000e6ab0000, 0x00000000e6ab0000, 0x00000000e8000000)
 concurrent mark-sweep generation total 393216K, used 188396K [0x00000000e8000000, 0x0000000100000000, 0x0000000100000000)
 Metaspace       used 46545K, capacity 48335K, committed 49624K, reserved 1093632K
  class space    used 5103K, capacity 5503K, committed 5628K, reserved 1048576K
2018-10-23T07:42:18.538+0000: 208.484: [GC (Allocation Failure) 2018-10-23T07:42:18.538+0000: 208.484: [ParNew
Desired survivor size 20112992 bytes, new threshold 8 (max 8)
- age   1:    4768728 bytes,    4768728 total
- age   2:     225352 bytes,    4994080 total
- age   3:     308552 bytes,    5302632 total
- age   4:     195000 bytes,    5497632 total
- age   5:    1038928 bytes,    6536560 total
- age   6:     137480 bytes,    6674040 total
- age   7:     292744 bytes,    6966784 total
- age   8:    1077608 bytes,    8044392 total
: 99126K->14717K(109248K), 0.0488048 secs] 287522K->203261K(502464K), 0.0489289 secs] [Times: user=0.05 sys=0.00, real=0.04 secs] 
Heap after GC invocations=175 (full 11):
 par new generation   total 109248K, used 14717K [0x00000000e0000000, 0x00000000e8000000, 0x00000000e8000000)
  eden space 87424K,   0% used [0x00000000e0000000, 0x00000000e0000000, 0x00000000e5560000)
  from space 21824K,  67% used [0x00000000e6ab0000, 0x00000000e790f718, 0x00000000e8000000)
  to   space 21824K,   0% used [0x00000000e5560000, 0x00000000e5560000, 0x00000000e6ab0000)
 concurrent mark-sweep generation total 393216K, used 188543K [0x00000000e8000000, 0x0000000100000000, 0x0000000100000000)
 Metaspace       used 46545K, capacity 48335K, committed 49624K, reserved 1093632K
  class space    used 5103K, capacity 5503K, committed 5628K, reserved 1048576K
}
2018-10-23T07:42:18.587+0000: 208.533: Total time for which application threads were stopped: 0.0757633 seconds, Stopping threads took: 0.0263351 seconds
2018-10-23T07:42:18.643+0000: 208.589: Total time for which application threads were stopped: 0.0017592 seconds, Stopping threads took: 0.0013601 seconds
2018-10-23T07:42:18.644+0000: 208.589: Total time for which application threads were stopped: 0.0002430 seconds, Stopping threads took: 0.0000611 seconds
2018-10-23T07:42:18.650+0000: 208.596: Total time for which application threads were stopped: 0.0055423 seconds, Stopping threads took: 0.0053206 seconds
2018-10-23T07:42:18.650+0000: 208.596: Total time for which application threads were stopped: 0.0002269 seconds, Stopping threads took: 0.0000432 seconds
2018-10-23T07:42:18.662+0000: 208.608: Total time for which application threads were stopped: 0.0040548 seconds, Stopping threads took: 0.0038397 seconds
2018-10-23T07:42:18.662+0000: 208.608: Total time for which application threads were stopped: 0.0002262 seconds, Stopping threads took: 0.0000457 seconds
2018-10-23T07:42:18.672+0000: 208.618: Total time for which application threads were stopped: 0.0021955 seconds, Stopping threads took: 0.0019857 seconds
2018-10-23T07:42:18.673+0000: 208.619: Total time for which application threads were stopped: 0.0004795 seconds, Stopping threads took: 0.0002982 seconds
2018-10-23T07:42:18.737+0000: 208.683: Total time for which application threads were stopped: 0.0051253 seconds, Stopping threads took: 0.0047578 seconds
2018-10-23T07:42:18.749+0000: 208.695: Total time for which application threads were stopped: 0.0067922 seconds, Stopping threads took: 0.0065134 seconds
2018-10-23T07:42:18.750+0000: 208.696: Total time for which application threads were stopped: 0.0003963 seconds, Stopping threads took: 0.0002085 seconds
2018-10-23T07:42:18.759+0000: 208.705: Total time for which application threads were stopped: 0.0032250 seconds, Stopping threads took: 0.0030382 seconds
{Heap before GC invocations=175 (full 11):
 par new generation   total 109248K, used 102141K [0x00000000e0000000, 0x00000000e8000000, 0x00000000e8000000)
  eden space 87424K, 100% used [0x00000000e0000000, 0x00000000e5560000, 0x00000000e5560000)
  from space 21824K,  67% used [0x00000000e6ab0000, 0x00000000e790f718, 0x00000000e8000000)
  to   space 21824K,   0% used [0x00000000e5560000, 0x00000000e5560000, 0x00000000e6ab0000)
 concurrent mark-sweep generation total 393216K, used 188543K [0x00000000e8000000, 0x0000000100000000, 0x0000000100000000)
 Metaspace       used 46553K, capacity 48335K, committed 49624K, reserved 1093632K
  class space    used 5103K, capacity 5503K, committed 5628K, reserved 1048576K
2018-10-23T07:42:18.822+0000: 208.768: [GC (Allocation Failure) 2018-10-23T07:42:18.822+0000: 208.768: [ParNew
Desired survivor size 20112992 bytes, new threshold 8 (max 8)
- age   1:    3231744 bytes,    3231744 total
- age   2:    3733256 bytes,    6965000 total
- age   3:     100200 bytes,    7065200 total
- age   4:     143736 bytes,    7208936 total
- age   5:     142400 bytes,    7351336 total
- age   6:     884392 bytes,    8235728 total
- age   7:     135624 bytes,    8371352 total
- age   8:     292664 bytes,    8664016 total
: 102141K->10726K(109248K), 0.0398772 secs] 290685K->200322K(502464K), 0.0400054 secs] [Times: user=0.04 sys=0.00, real=0.04 secs] 
Heap after GC invocations=176 (full 11):
 par new generation   total 109248K, used 10726K [0x00000000e0000000, 0x00000000e8000000, 0x00000000e8000000)
  eden space 87424K,   0% used [0x00000000e0000000, 0x00000000e0000000, 0x00000000e5560000)
  from space 21824K,  49% used [0x00000000e5560000, 0x00000000e5fd9a00, 0x00000000e6ab0000)
  to   space 21824K,   0% used [0x00000000e6ab0000, 0x00000000e6ab0000, 0x00000000e8000000)
 concurrent mark-sweep generation total 393216K, used 189595K [0x00000000e8000000, 0x0000000100000000, 0x0000000100000000)
 Metaspace       used 46553K, capacity 48335K, committed 49624K, reserved 1093632K
  class space    used 5103K, capacity 5503K, committed 5628K, reserved 1048576K
}
2018-10-23T07:42:18.862+0000: 208.808: Total time for which application threads were stopped: 0.0482983 seconds, Stopping threads took: 0.0077918 seconds
{Heap before GC invocations=176 (full 11):
 par new generation   total 109248K, used 98150K [0x00000000e0000000, 0x00000000e8000000, 0x00000000e8000000)
  eden space 87424K, 100% used [0x00000000e0000000, 0x00000000e5560000, 0x00000000e5560000)
  from space 21824K,  49% used [0x00000000e5560000, 0x00000000e5fd9a00, 0x00000000e6ab0000)
  to   space 21824K,   0% used [0x00000000e6ab0000, 0x00000000e6ab0000, 0x00000000e8000000)
 concurrent mark-sweep generation total 393216K, used 189595K [0x00000000e8000000, 0x0000000100000000, 0x0000000100000000)
 Metaspace       used 46553K, capacity 48335K, committed 49624K, reserved 1093632K
  class space    used 5103K, capacity 5503K, committed 5628K, reserved 1048576K
2018-10-23T07:42:19.094+0000: 209.040: [GC (Allocation Failure) 2018-10-23T07:42:19.094+0000: 209.040: [ParNew
Desired survivor size 20112992 bytes, new threshold 8 (max 8)
- age   1:    3425208 bytes,    3425208 total
- age   2:    1617880 bytes,    5043088 total
- age   3:    3709704 bytes,    8752792 total
- age   4:     100200 bytes,    8852992 total
- age   5:     143736 bytes,    8996728 total
- age   6:     142400 bytes,    9139128 total
- age   7:     883480 bytes,   10022608 total
- age   8:     135624 bytes,   10158232 total
: 98150K->14479K(109248K), 0.0516250 secs] 287746K->204361K(502464K), 0.0517513 secs] [Times: user=0.04 sys=0.00, real=0.05 secs] 
Heap after GC invocations=177 (full 11):
 par new generation   total 109248K, used 14479K [0x00000000e0000000, 0x00000000e8000000, 0x00000000e8000000)
  eden space 87424K,   0% used [0x00000000e0000000, 0x00000000e0000000, 0x00000000e5560000)
  from space 21824K,  66% used [0x00000000e6ab0000, 0x00000000e78d3d00, 0x00000000e8000000)
  to   space 21824K,   0% used [0x00000000e5560000, 0x00000000e5560000, 0x00000000e6ab0000)
 concurrent mark-sweep generation total 393216K, used 189882K [0x00000000e8000000, 0x0000000100000000, 0x0000000100000000)
 Metaspace       used 46553K, capacity 48335K, committed 49624K, reserved 1093632K
  class space    used 5103K, capacity 5503K, committed 5628K, reserved 1048576K
}
2018-10-23T07:42:19.146+0000: 209.092: Total time for which application threads were stopped: 0.0594099 seconds, Stopping threads took: 0.0071603 seconds
2018-10-23T07:42:19.206+0000: 209.152: Total time for which application threads were stopped: 0.0004597 seconds, Stopping threads took: 0.0000737 seconds
2018-10-23T07:42:19.211+0000: 209.157: Total time for which application threads were stopped: 0.0002459 seconds, Stopping threads took: 0.0000261 seconds
2018-10-23T07:42:19.214+0000: 209.160: Total time for which application threads were stopped: 0.0002686 seconds, Stopping threads took: 0.0000744 seconds
2018-10-23T07:42:19.218+0000: 209.164: Total time for which application threads were stopped: 0.0002860 seconds, Stopping threads took: 0.0000547 seconds
2018-10-23T07:42:19.218+0000: 209.164: Total time for which application threads were stopped: 0.0002227 seconds, Stopping threads took: 0.0000443 seconds
2018-10-23T07:42:19.219+0000: 209.165: Total time for which application threads were stopped: 0.0002123 seconds, Stopping threads took: 0.0000392 seconds
2018-10-23T07:42:19.219+0000: 209.165: Total time for which application threads were stopped: 0.0002207 seconds, Stopping threads took: 0.0000463 seconds
2018-10-23T07:42:19.220+0000: 209.166: Total time for which application threads were stopped: 0.0003138 seconds, Stopping threads took: 0.0001050 seconds
2018-10-23T07:42:19.220+0000: 209.166: Total time for which application threads were stopped: 0.0002330 seconds, Stopping threads took: 0.0000516 seconds
2018-10-23T07:42:19.221+0000: 209.166: Total time for which application threads were stopped: 0.0002251 seconds, Stopping threads took: 0.0000470 seconds
2018-10-23T07:42:19.221+0000: 209.167: Total time for which application threads were stopped: 0.0002484 seconds, Stopping threads took: 0.0000744 seconds
2018-10-23T07:42:19.340+0000: 209.286: Total time for which application threads were stopped: 0.0092947 seconds, Stopping threads took: 0.0087949 seconds
2018-10-23T07:42:19.359+0000: 209.305: Total time for which application threads were stopped: 0.0016989 seconds, Stopping threads took: 0.0013199 seconds
2018-10-23T07:42:19.360+0000: 209.305: Total time for which application threads were stopped: 0.0002031 seconds, Stopping threads took: 0.0000255 seconds
2018-10-23T07:42:19.360+0000: 209.306: Total time for which application threads were stopped: 0.0001945 seconds, Stopping threads took: 0.0000240 seconds
2018-10-23T07:42:19.373+0000: 209.319: Total time for which application threads were stopped: 0.0020811 seconds, Stopping threads took: 0.0018288 seconds
2018-10-23T07:42:19.373+0000: 209.319: Total time for which application threads were stopped: 0.0001971 seconds, Stopping threads took: 0.0000250 seconds
2018-10-23T07:42:19.386+0000: 209.332: Total time for which application threads were stopped: 0.0014908 seconds, Stopping threads took: 0.0011965 seconds
2018-10-23T07:42:19.386+0000: 209.332: Total time for which application threads were stopped: 0.0003008 seconds, Stopping threads took: 0.0001082 seconds
{Heap before GC invocations=177 (full 11):
 par new generation   total 109248K, used 101903K [0x00000000e0000000, 0x00000000e8000000, 0x00000000e8000000)
  eden space 87424K, 100% used [0x00000000e0000000, 0x00000000e5560000, 0x00000000e5560000)
  from space 21824K,  66% used [0x00000000e6ab0000, 0x00000000e78d3d00, 0x00000000e8000000)
  to   space 21824K,   0% used [0x00000000e5560000, 0x00000000e5560000, 0x00000000e6ab0000)
 concurrent mark-sweep generation total 393216K, used 189882K [0x00000000e8000000, 0x0000000100000000, 0x0000000100000000)
 Metaspace       used 46570K, capacity 48399K, committed 49624K, reserved 1093632K
  class space    used 5104K, capacity 5503K, committed 5628K, reserved 1048576K
2018-10-23T07:42:19.394+0000: 209.340: [GC (Allocation Failure) 2018-10-23T07:42:19.394+0000: 209.340: [ParNew
Desired survivor size 20112992 bytes, new threshold 8 (max 8)
- age   1:    4600160 bytes,    4600160 total
- age   2:     873632 bytes,    5473792 total
- age   3:     873376 bytes,    6347168 total
- age   4:    2209008 bytes,    8556176 total
- age   5:     100200 bytes,    8656376 total
- age   6:     143736 bytes,    8800112 total
- age   7:     142368 bytes,    8942480 total
- age   8:     882344 bytes,    9824824 total
: 101903K->12442K(109248K), 0.0411699 secs] 291785K->202456K(502464K), 0.0412681 secs] [Times: user=0.03 sys=0.00, real=0.04 secs] 
Heap after GC invocations=178 (full 11):
 par new generation   total 109248K, used 12442K [0x00000000e0000000, 0x00000000e8000000, 0x00000000e8000000)
  eden space 87424K,   0% used [0x00000000e0000000, 0x00000000e0000000, 0x00000000e5560000)
  from space 21824K,  57% used [0x00000000e5560000, 0x00000000e61869b8, 0x00000000e6ab0000)
  to   space 21824K,   0% used [0x00000000e6ab0000, 0x00000000e6ab0000, 0x00000000e8000000)
 concurrent mark-sweep generation total 393216K, used 190014K [0x00000000e8000000, 0x0000000100000000, 0x0000000100000000)
 Metaspace       used 46570K, capacity 48399K, committed 49624K, reserved 1093632K
  class space    used 5104K, capacity 5503K, committed 5628K, reserved 1048576K
}
2018-10-23T07:42:19.435+0000: 209.381: Total time for which application threads were stopped: 0.0416386 seconds, Stopping threads took: 0.0000263 seconds
2018-10-23T07:42:19.454+0000: 209.400: Total time for which application threads were stopped: 0.0083819 seconds, Stopping threads took: 0.0079587 seconds
2018-10-23T07:42:19.455+0000: 209.400: Total time for which application threads were stopped: 0.0003436 seconds, Stopping threads took: 0.0000856 seconds
2018-10-23T07:42:19.483+0000: 209.429: Total time for which application threads were stopped: 0.0103490 seconds, Stopping threads took: 0.0099473 seconds
2018-10-23T07:42:19.537+0000: 209.483: Total time for which application threads were stopped: 0.0064457 seconds, Stopping threads took: 0.0060397 seconds
2018-10-23T07:42:19.550+0000: 209.495: Total time for which application threads were stopped: 0.0040035 seconds, Stopping threads took: 0.0036083 seconds
2018-10-23T07:42:19.552+0000: 209.497: Total time for which application threads were stopped: 0.0003469 seconds, Stopping threads took: 0.0001052 seconds
2018-10-23T07:42:19.552+0000: 209.498: Total time for which application threads were stopped: 0.0003136 seconds, Stopping threads took: 0.0001066 seconds
2018-10-23T07:42:19.562+0000: 209.508: Total time for which application threads were stopped: 0.0004363 seconds, Stopping threads took: 0.0001473 seconds
2018-10-23T07:42:19.594+0000: 209.540: Total time for which application threads were stopped: 0.0193257 seconds, Stopping threads took: 0.0189494 seconds
2018-10-23T07:42:19.650+0000: 209.596: Total time for which application threads were stopped: 0.0204513 seconds, Stopping threads took: 0.0199905 seconds
{Heap before GC invocations=178 (full 11):
 par new generation   total 109248K, used 99866K [0x00000000e0000000, 0x00000000e8000000, 0x00000000e8000000)
  eden space 87424K, 100% used [0x00000000e0000000, 0x00000000e5560000, 0x00000000e5560000)
  from space 21824K,  57% used [0x00000000e5560000, 0x00000000e61869b8, 0x00000000e6ab0000)
  to   space 21824K,   0% used [0x00000000e6ab0000, 0x00000000e6ab0000, 0x00000000e8000000)
 concurrent mark-sweep generation total 393216K, used 190014K [0x00000000e8000000, 0x0000000100000000, 0x0000000100000000)
 Metaspace       used 46572K, capacity 48399K, committed 49624K, reserved 1093632K
  class space    used 5104K, capacity 5503K, committed 5628K, reserved 1048576K
2018-10-23T07:42:19.669+0000: 209.615: [GC (Allocation Failure) 2018-10-23T07:42:19.669+0000: 209.615: [ParNew
Desired survivor size 20112992 bytes, new threshold 8 (max 8)
- age   1:    3141560 bytes,    3141560 total
- age   2:    2804824 bytes,    5946384 total
- age   3:     193104 bytes,    6139488 total
- age   4:     247856 bytes,    6387344 total
- age   5:     987504 bytes,    7374848 total
- age   6:     100200 bytes,    7475048 total
- age   7:     143736 bytes,    7618784 total
- age   8:     141968 bytes,    7760752 total
: 99866K->11178K(109248K), 0.0318069 secs] 289880K->202054K(502464K), 0.0319167 secs] [Times: user=0.03 sys=0.00, real=0.04 secs] 
Heap after GC invocations=179 (full 11):
 par new generation   total 109248K, used 11178K [0x00000000e0000000, 0x00000000e8000000, 0x00000000e8000000)
  eden space 87424K,   0% used [0x00000000e0000000, 0x00000000e0000000, 0x00000000e5560000)
  from space 21824K,  51% used [0x00000000e6ab0000, 0x00000000e759abf0, 0x00000000e8000000)
  to   space 21824K,   0% used [0x00000000e5560000, 0x00000000e5560000, 0x00000000e6ab0000)
 concurrent mark-sweep generation total 393216K, used 190875K [0x00000000e8000000, 0x0000000100000000, 0x0000000100000000)
 Metaspace       used 46572K, capacity 48399K, committed 49624K, reserved 1093632K
  class space    used 5104K, capacity 5503K, committed 5628K, reserved 1048576K
}
2018-10-23T07:42:19.701+0000: 209.647: Total time for which application threads were stopped: 0.0385606 seconds, Stopping threads took: 0.0060550 seconds
2018-10-23T07:42:19.738+0000: 209.684: Total time for which application threads were stopped: 0.0163889 seconds, Stopping threads took: 0.0159902 seconds
2018-10-23T07:42:19.738+0000: 209.684: Total time for which application threads were stopped: 0.0002017 seconds, Stopping threads took: 0.0000260 seconds
2018-10-23T07:42:19.739+0000: 209.684: Total time for which application threads were stopped: 0.0001987 seconds, Stopping threads took: 0.0000271 seconds
2018-10-23T07:42:19.739+0000: 209.685: Total time for which application threads were stopped: 0.0001951 seconds, Stopping threads took: 0.0000237 seconds
2018-10-23T07:42:19.739+0000: 209.685: Total time for which application threads were stopped: 0.0001930 seconds, Stopping threads took: 0.0000219 seconds
2018-10-23T07:42:19.739+0000: 209.685: Total time for which application threads were stopped: 0.0001923 seconds, Stopping threads took: 0.0000226 seconds
2018-10-23T07:42:19.739+0000: 209.685: Total time for which application threads were stopped: 0.0001931 seconds, Stopping threads took: 0.0000220 seconds
2018-10-23T07:42:19.740+0000: 209.686: Total time for which application threads were stopped: 0.0007529 seconds, Stopping threads took: 0.0000230 seconds
2018-10-23T07:42:19.741+0000: 209.686: Total time for which application threads were stopped: 0.0002002 seconds, Stopping threads took: 0.0000225 seconds
2018-10-23T07:42:19.741+0000: 209.687: Total time for which application threads were stopped: 0.0005396 seconds, Stopping threads took: 0.0000235 seconds
{Heap before GC invocations=179 (full 11):
 par new generation   total 109248K, used 98602K [0x00000000e0000000, 0x00000000e8000000, 0x00000000e8000000)
  eden space 87424K, 100% used [0x00000000e0000000, 0x00000000e5560000, 0x00000000e5560000)
  from space 21824K,  51% used [0x00000000e6ab0000, 0x00000000e759abf0, 0x00000000e8000000)
  to   space 21824K,   0% used [0x00000000e5560000, 0x00000000e5560000, 0x00000000e6ab0000)
 concurrent mark-sweep generation total 393216K, used 190875K [0x00000000e8000000, 0x0000000100000000, 0x0000000100000000)
 Metaspace       used 46575K, capacity 48399K, committed 49624K, reserved 1093632K
  class space    used 5104K, capacity 5503K, committed 5628K, reserved 1048576K
2018-10-23T07:42:19.950+0000: 209.896: [GC (Allocation Failure) 2018-10-23T07:42:19.950+0000: 209.896: [ParNew
Desired survivor size 20112992 bytes, new threshold 8 (max 8)
- age   1:    3810280 bytes,    3810280 total
- age   2:    1801056 bytes,    5611336 total
- age   3:    2397664 bytes,    8009000 total
- age   4:     193104 bytes,    8202104 total
- age   5:     246944 bytes,    8449048 total
- age   6:     864968 bytes,    9314016 total
- age   7:     100200 bytes,    9414216 total
- age   8:     143736 bytes,    9557952 total
: 98602K->10210K(109248K), 0.0431233 secs] 289478K->201224K(502464K), 0.0432309 secs] [Times: user=0.06 sys=0.00, real=0.04 secs] 
Heap after GC invocations=180 (full 11):
 par new generation   total 109248K, used 10210K [0x00000000e0000000, 0x00000000e8000000, 0x00000000e8000000)
  eden space 87424K,   0% used [0x00000000e0000000, 0x00000000e0000000, 0x00000000e5560000)
  from space 21824K,  46% used [0x00000000e5560000, 0x00000000e5f589e0, 0x00000000e6ab0000)
  to   space 21824K,   0% used [0x00000000e6ab0000, 0x00000000e6ab0000, 0x00000000e8000000)
 concurrent mark-sweep generation total 393216K, used 191014K [0x00000000e8000000, 0x0000000100000000, 0x0000000100000000)
 Metaspace       used 46575K, capacity 48399K, committed 49624K, reserved 1093632K
  class space    used 5104K, capacity 5503K, committed 5628K, reserved 1048576K
}
2018-10-23T07:42:19.993+0000: 209.939: Total time for which application threads were stopped: 0.0453734 seconds, Stopping threads took: 0.0016362 seconds
2018-10-23T07:42:19.997+0000: 209.942: Total time for which application threads were stopped: 0.0005767 seconds, Stopping threads took: 0.0001243 seconds
2018-10-23T07:42:20.102+0000: 210.048: Total time for which application threads were stopped: 0.0048138 seconds, Stopping threads took: 0.0043900 seconds
2018-10-23T07:42:20.144+0000: 210.090: Total time for which application threads were stopped: 0.0005154 seconds, Stopping threads took: 0.0001051 seconds
{Heap before GC invocations=180 (full 11):
 par new generation   total 109248K, used 97634K [0x00000000e0000000, 0x00000000e8000000, 0x00000000e8000000)
  eden space 87424K, 100% used [0x00000000e0000000, 0x00000000e5560000, 0x00000000e5560000)
  from space 21824K,  46% used [0x00000000e5560000, 0x00000000e5f589e0, 0x00000000e6ab0000)
  to   space 21824K,   0% used [0x00000000e6ab0000, 0x00000000e6ab0000, 0x00000000e8000000)
 concurrent mark-sweep generation total 393216K, used 191014K [0x00000000e8000000, 0x0000000100000000, 0x0000000100000000)
 Metaspace       used 46587K, capacity 48399K, committed 49624K, reserved 1093632K
  class space    used 5104K, capacity 5503K, committed 5628K, reserved 1048576K
2018-10-23T07:42:20.321+0000: 210.267: [GC (Allocation Failure) 2018-10-23T07:42:20.321+0000: 210.267: [ParNew
Desired survivor size 20112992 bytes, new threshold 8 (max 8)
- age   1:    4187664 bytes,    4187664 total
- age   2:    1404760 bytes,    5592424 total
- age   3:     780072 bytes,    6372496 total
- age   4:     992800 bytes,    7365296 total
- age   5:     193104 bytes,    7558400 total
- age   6:     246912 bytes,    7805312 total
- age   7:     828384 bytes,    8633696 total
- age   8:     100200 bytes,    8733896 total
: 97634K->14037K(109248K), 0.0664434 secs] 288648K->205192K(502464K), 0.0665734 secs] [Times: user=0.03 sys=0.00, real=0.06 secs] 
Heap after GC invocations=181 (full 11):
 par new generation   total 109248K, used 14037K [0x00000000e0000000, 0x00000000e8000000, 0x00000000e8000000)
  eden space 87424K,   0% used [0x00000000e0000000, 0x00000000e0000000, 0x00000000e5560000)
  from space 21824K,  64% used [0x00000000e6ab0000, 0x00000000e7865680, 0x00000000e8000000)
  to   space 21824K,   0% used [0x00000000e5560000, 0x00000000e5560000, 0x00000000e6ab0000)
 concurrent mark-sweep generation total 393216K, used 191154K [0x00000000e8000000, 0x0000000100000000, 0x0000000100000000)
 Metaspace       used 46587K, capacity 48399K, committed 49624K, reserved 1093632K
  class space    used 5104K, capacity 5503K, committed 5628K, reserved 1048576K
}
2018-10-23T07:42:20.388+0000: 210.334: Total time for which application threads were stopped: 0.0698218 seconds, Stopping threads took: 0.0026251 seconds
2018-10-23T07:42:20.440+0000: 210.386: Total time for which application threads were stopped: 0.0193134 seconds, Stopping threads took: 0.0188086 seconds
2018-10-23T07:42:20.482+0000: 210.428: Total time for which application threads were stopped: 0.0095473 seconds, Stopping threads took: 0.0090342 seconds
2018-10-23T07:42:20.494+0000: 210.440: Total time for which application threads were stopped: 0.0011385 seconds, Stopping threads took: 0.0007313 seconds
{Heap before GC invocations=181 (full 11):
 par new generation   total 109248K, used 101461K [0x00000000e0000000, 0x00000000e8000000, 0x00000000e8000000)
  eden space 87424K, 100% used [0x00000000e0000000, 0x00000000e5560000, 0x00000000e5560000)
  from space 21824K,  64% used [0x00000000e6ab0000, 0x00000000e7865680, 0x00000000e8000000)
  to   space 21824K,   0% used [0x00000000e5560000, 0x00000000e5560000, 0x00000000e6ab0000)
 concurrent mark-sweep generation total 393216K, used 191154K [0x00000000e8000000, 0x0000000100000000, 0x0000000100000000)
 Metaspace       used 46594K, capacity 48399K, committed 49624K, reserved 1093632K
  class space    used 5104K, capacity 5503K, committed 5628K, reserved 1048576K
2018-10-23T07:42:20.533+0000: 210.479: [GC (Allocation Failure) 2018-10-23T07:42:20.533+0000: 210.479: [ParNew
Desired survivor size 20112992 bytes, new threshold 8 (max 8)
- age   1:    3897968 bytes,    3897968 total
- age   2:    1404760 bytes,    5302728 total
- age   3:     310120 bytes,    5612848 total
- age   4:     502960 bytes,    6115808 total
- age   5:     837904 bytes,    6953712 total
- age   6:     193104 bytes,    7146816 total
- age   7:     246256 bytes,    7393072 total
- age   8:     827728 bytes,    8220800 total
: 101461K->11378K(109248K), 0.1044803 secs] 292616K->202631K(502464K), 0.1046183 secs] [Times: user=0.09 sys=0.00, real=0.11 secs] 
Heap after GC invocations=182 (full 11):
 par new generation   total 109248K, used 11378K [0x00000000e0000000, 0x00000000e8000000, 0x00000000e8000000)
  eden space 87424K,   0% used [0x00000000e0000000, 0x00000000e0000000, 0x00000000e5560000)
  from space 21824K,  52% used [0x00000000e5560000, 0x00000000e607ca38, 0x00000000e6ab0000)
  to   space 21824K,   0% used [0x00000000e6ab0000, 0x00000000e6ab0000, 0x00000000e8000000)
 concurrent mark-sweep generation total 393216K, used 191252K [0x00000000e8000000, 0x0000000100000000, 0x0000000100000000)
 Metaspace       used 46594K, capacity 48399K, committed 49624K, reserved 1093632K
  class space    used 5104K, capacity 5503K, committed 5628K, reserved 1048576K
}
2018-10-23T07:42:20.638+0000: 210.584: Total time for which application threads were stopped: 0.1112500 seconds, Stopping threads took: 0.0060826 seconds
{Heap before GC invocations=182 (full 11):
 par new generation   total 109248K, used 98802K [0x00000000e0000000, 0x00000000e8000000, 0x00000000e8000000)
  eden space 87424K, 100% used [0x00000000e0000000, 0x00000000e5560000, 0x00000000e5560000)
  from space 21824K,  52% used [0x00000000e5560000, 0x00000000e607ca38, 0x00000000e6ab0000)
  to   space 21824K,   0% used [0x00000000e6ab0000, 0x00000000e6ab0000, 0x00000000e8000000)
 concurrent mark-sweep generation total 393216K, used 191252K [0x00000000e8000000, 0x0000000100000000, 0x0000000100000000)
 Metaspace       used 46594K, capacity 48399K, committed 49624K, reserved 1093632K
  class space    used 5104K, capacity 5503K, committed 5628K, reserved 1048576K
2018-10-23T07:42:20.751+0000: 210.696: [GC (Allocation Failure) 2018-10-23T07:42:20.751+0000: 210.697: [ParNew
Desired survivor size 20112992 bytes, new threshold 8 (max 8)
- age   1:    2229392 bytes,    2229392 total
- age   2:    2584336 bytes,    4813728 total
- age   3:    1403968 bytes,    6217696 total
- age   4:     310120 bytes,    6527816 total
- age   5:     502048 bytes,    7029864 total
- age   6:     836992 bytes,    7866856 total
- age   7:     193104 bytes,    8059960 total
- age   8:     246256 bytes,    8306216 total
: 98802K->11123K(109248K), 0.0146173 secs] 290055K->203185K(502464K), 0.0147319 secs] [Times: user=0.04 sys=0.00, real=0.01 secs] 
Heap after GC invocations=183 (full 11):
 par new generation   total 109248K, used 11123K [0x00000000e0000000, 0x00000000e8000000, 0x00000000e8000000)
  eden space 87424K,   0% used [0x00000000e0000000, 0x00000000e0000000, 0x00000000e5560000)
  from space 21824K,  50% used [0x00000000e6ab0000, 0x00000000e758cea8, 0x00000000e8000000)
  to   space 21824K,   0% used [0x00000000e5560000, 0x00000000e5560000, 0x00000000e6ab0000)
 concurrent mark-sweep generation total 393216K, used 192061K [0x00000000e8000000, 0x0000000100000000, 0x0000000100000000)
 Metaspace       used 46594K, capacity 48399K, committed 49624K, reserved 1093632K
  class space    used 5104K, capacity 5503K, committed 5628K, reserved 1048576K
}
2018-10-23T07:42:20.766+0000: 210.711: Total time for which application threads were stopped: 0.0154462 seconds, Stopping threads took: 0.0001767 seconds
{Heap before GC invocations=183 (full 11):
 par new generation   total 109248K, used 98547K [0x00000000e0000000, 0x00000000e8000000, 0x00000000e8000000)
  eden space 87424K, 100% used [0x00000000e0000000, 0x00000000e5560000, 0x00000000e5560000)
  from space 21824K,  50% used [0x00000000e6ab0000, 0x00000000e758cea8, 0x00000000e8000000)
  to   space 21824K,   0% used [0x00000000e5560000, 0x00000000e5560000, 0x00000000e6ab0000)
 concurrent mark-sweep generation total 393216K, used 192061K [0x00000000e8000000, 0x0000000100000000, 0x0000000100000000)
 Metaspace       used 46599K, capacity 48463K, committed 49624K, reserved 1093632K
  class space    used 5104K, capacity 5503K, committed 5628K, reserved 1048576K
2018-10-23T07:42:20.998+0000: 210.944: [GC (Allocation Failure) 2018-10-23T07:42:21.010+0000: 210.955: [ParNew
Desired survivor size 20112992 bytes, new threshold 8 (max 8)
- age   1:    3211592 bytes,    3211592 total
- age   2:     737648 bytes,    3949240 total
- age   3:    2579800 bytes,    6529040 total
- age   4:    1403968 bytes,    7933008 total
- age   5:     310120 bytes,    8243128 total
- age   6:     502048 bytes,    8745176 total
- age   7:     836992 bytes,    9582168 total
- age   8:     193104 bytes,    9775272 total
: 98547K->11145K(109248K), 0.0267010 secs] 290609K->203449K(502464K), 0.0383491 secs] [Times: user=0.04 sys=0.00, real=0.03 secs] 
Heap after GC invocations=184 (full 11):
 par new generation   total 109248K, used 11145K [0x00000000e0000000, 0x00000000e8000000, 0x00000000e8000000)
  eden space 87424K,   0% used [0x00000000e0000000, 0x00000000e0000000, 0x00000000e5560000)
  from space 21824K,  51% used [0x00000000e5560000, 0x00000000e60427b0, 0x00000000e6ab0000)
  to   space 21824K,   0% used [0x00000000e6ab0000, 0x00000000e6ab0000, 0x00000000e8000000)
 concurrent mark-sweep generation total 393216K, used 192303K [0x00000000e8000000, 0x0000000100000000, 0x0000000100000000)
 Metaspace       used 46599K, capacity 48463K, committed 49624K, reserved 1093632K
  class space    used 5104K, capacity 5503K, committed 5628K, reserved 1048576K
}
2018-10-23T07:42:21.037+0000: 210.982: Total time for which application threads were stopped: 0.0609393 seconds, Stopping threads took: 0.0220295 seconds
{Heap before GC invocations=184 (full 11):
 par new generation   total 109248K, used 98569K [0x00000000e0000000, 0x00000000e8000000, 0x00000000e8000000)
  eden space 87424K, 100% used [0x00000000e0000000, 0x00000000e5560000, 0x00000000e5560000)
  from space 21824K,  51% used [0x00000000e5560000, 0x00000000e60427b0, 0x00000000e6ab0000)
  to   space 21824K,   0% used [0x00000000e6ab0000, 0x00000000e6ab0000, 0x00000000e8000000)
 concurrent mark-sweep generation total 393216K, used 192303K [0x00000000e8000000, 0x0000000100000000, 0x0000000100000000)
 Metaspace       used 46599K, capacity 48463K, committed 49624K, reserved 1093632K
  class space    used 5104K, capacity 5503K, committed 5628K, reserved 1048576K
2018-10-23T07:42:21.126+0000: 211.072: [GC (Allocation Failure) 2018-10-23T07:42:21.126+0000: 211.072: [ParNew
Desired survivor size 20112992 bytes, new threshold 8 (max 8)
- age   1:    2514288 bytes,    2514288 total
- age   2:    1710200 bytes,    4224488 total
- age   3:     718144 bytes,    4942632 total
- age   4:    2578368 bytes,    7521000 total
- age   5:    1403968 bytes,    8924968 total
- age   6:     310120 bytes,    9235088 total
- age   7:     502048 bytes,    9737136 total
- age   8:     836992 bytes,   10574128 total
: 98569K->14298K(109248K), 0.0544820 secs] 290873K->206790K(502464K), 0.0546155 secs] [Times: user=0.05 sys=0.00, real=0.06 secs] 
Heap after GC invocations=185 (full 11):
 par new generation   total 109248K, used 14298K [0x00000000e0000000, 0x00000000e8000000, 0x00000000e8000000)
  eden space 87424K,   0% used [0x00000000e0000000, 0x00000000e0000000, 0x00000000e5560000)
  from space 21824K,  65% used [0x00000000e6ab0000, 0x00000000e78a68d8, 0x00000000e8000000)
  to   space 21824K,   0% used [0x00000000e5560000, 0x00000000e5560000, 0x00000000e6ab0000)
 concurrent mark-sweep generation total 393216K, used 192492K [0x00000000e8000000, 0x0000000100000000, 0x0000000100000000)
 Metaspace       used 46599K, capacity 48463K, committed 49624K, reserved 1093632K
  class space    used 5104K, capacity 5503K, committed 5628K, reserved 1048576K
}
2018-10-23T07:42:21.181+0000: 211.127: Total time for which application threads were stopped: 0.0552655 seconds, Stopping threads took: 0.0001162 seconds
2018-10-23T07:42:21.317+0000: 211.263: Total time for which application threads were stopped: 0.0046840 seconds, Stopping threads took: 0.0041978 seconds
2018-10-23T07:42:21.329+0000: 211.275: Total time for which application threads were stopped: 0.0071067 seconds, Stopping threads took: 0.0066368 seconds
2018-10-23T07:42:21.343+0000: 211.289: Total time for which application threads were stopped: 0.0027495 seconds, Stopping threads took: 0.0023616 seconds
2018-10-23T07:42:21.361+0000: 211.306: Total time for which application threads were stopped: 0.0010143 seconds, Stopping threads took: 0.0006359 seconds
{Heap before GC invocations=185 (full 11):
 par new generation   total 109248K, used 101722K [0x00000000e0000000, 0x00000000e8000000, 0x00000000e8000000)
  eden space 87424K, 100% used [0x00000000e0000000, 0x00000000e5560000, 0x00000000e5560000)
  from space 21824K,  65% used [0x00000000e6ab0000, 0x00000000e78a68d8, 0x00000000e8000000)
  to   space 21824K,   0% used [0x00000000e5560000, 0x00000000e5560000, 0x00000000e6ab0000)
 concurrent mark-sweep generation total 393216K, used 192492K [0x00000000e8000000, 0x0000000100000000, 0x0000000100000000)
 Metaspace       used 46600K, capacity 48463K, committed 49624K, reserved 1093632K
  class space    used 5104K, capacity 5503K, committed 5628K, reserved 1048576K
2018-10-23T07:42:21.400+0000: 211.346: [GC (Allocation Failure) 2018-10-23T07:42:21.400+0000: 211.346: [ParNew
Desired survivor size 20112992 bytes, new threshold 8 (max 8)
- age   1:    2624944 bytes,    2624944 total
- age   2:    1006272 bytes,    3631216 total
- age   3:    1415128 bytes,    5046344 total
- age   4:     691984 bytes,    5738328 total
- age   5:    2514264 bytes,    8252592 total
- age   6:    1204888 bytes,    9457480 total
- age   7:     310064 bytes,    9767544 total
- age   8:     502048 bytes,   10269592 total
: 101722K->13308K(109248K), 0.0322798 secs] 294214K->206617K(502464K), 0.0323994 secs] [Times: user=0.05 sys=0.00, real=0.03 secs] 
Heap after GC invocations=186 (full 11):
 par new generation   total 109248K, used 13308K [0x00000000e0000000, 0x00000000e8000000, 0x00000000e8000000)
  eden space 87424K,   0% used [0x00000000e0000000, 0x00000000e0000000, 0x00000000e5560000)
  from space 21824K,  60% used [0x00000000e5560000, 0x00000000e625f2b8, 0x00000000e6ab0000)
  to   space 21824K,   0% used [0x00000000e6ab0000, 0x00000000e6ab0000, 0x00000000e8000000)
 concurrent mark-sweep generation total 393216K, used 193309K [0x00000000e8000000, 0x0000000100000000, 0x0000000100000000)
 Metaspace       used 46600K, capacity 48463K, committed 49624K, reserved 1093632K
  class space    used 5104K, capacity 5503K, committed 5628K, reserved 1048576K
}
2018-10-23T07:42:21.432+0000: 211.378: Total time for which application threads were stopped: 0.0332343 seconds, Stopping threads took: 0.0001964 seconds
2018-10-23T07:42:21.502+0000: 211.448: Total time for which application threads were stopped: 0.0243987 seconds, Stopping threads took: 0.0238992 seconds
2018-10-23T07:42:21.521+0000: 211.467: Total time for which application threads were stopped: 0.0023476 seconds, Stopping threads took: 0.0019770 seconds
2018-10-23T07:42:21.521+0000: 211.467: Total time for which application threads were stopped: 0.0002904 seconds, Stopping threads took: 0.0001026 seconds
2018-10-23T07:42:21.521+0000: 211.467: Total time for which application threads were stopped: 0.0003268 seconds, Stopping threads took: 0.0001500 seconds
2018-10-23T07:42:21.522+0000: 211.467: Total time for which application threads were stopped: 0.0002231 seconds, Stopping threads took: 0.0000220 seconds
2018-10-23T07:42:21.539+0000: 211.484: Total time for which application threads were stopped: 0.0006618 seconds, Stopping threads took: 0.0002399 seconds
2018-10-23T07:42:21.592+0000: 211.538: Total time for which application threads were stopped: 0.0008934 seconds, Stopping threads took: 0.0004846 seconds
2018-10-23T07:42:21.593+0000: 211.539: Total time for which application threads were stopped: 0.0002092 seconds, Stopping threads took: 0.0000250 seconds
2018-10-23T07:42:21.595+0000: 211.541: Total time for which application threads were stopped: 0.0003453 seconds, Stopping threads took: 0.0001538 seconds
2018-10-23T07:42:21.597+0000: 211.542: Total time for which application threads were stopped: 0.0003375 seconds, Stopping threads took: 0.0001016 seconds
2018-10-23T07:42:21.597+0000: 211.543: Total time for which application threads were stopped: 0.0002293 seconds, Stopping threads took: 0.0000487 seconds
2018-10-23T07:42:21.597+0000: 211.543: Total time for which application threads were stopped: 0.0002234 seconds, Stopping threads took: 0.0000455 seconds
{Heap before GC invocations=186 (full 11):
 par new generation   total 109248K, used 100732K [0x00000000e0000000, 0x00000000e8000000, 0x00000000e8000000)
  eden space 87424K, 100% used [0x00000000e0000000, 0x00000000e5560000, 0x00000000e5560000)
  from space 21824K,  60% used [0x00000000e5560000, 0x00000000e625f2b8, 0x00000000e6ab0000)
  to   space 21824K,   0% used [0x00000000e6ab0000, 0x00000000e6ab0000, 0x00000000e8000000)
 concurrent mark-sweep generation total 393216K, used 193309K [0x00000000e8000000, 0x0000000100000000, 0x0000000100000000)
 Metaspace       used 46605K, capacity 48463K, committed 49624K, reserved 1093632K
  class space    used 5104K, capacity 5503K, committed 5628K, reserved 1048576K
2018-10-23T07:42:21.605+0000: 211.551: [GC (Allocation Failure) 2018-10-23T07:42:21.605+0000: 211.551: [ParNew
Desired survivor size 20112992 bytes, new threshold 8 (max 8)
- age   1:    4357536 bytes,    4357536 total
- age   2:     350624 bytes,    4708160 total
- age   3:     275680 bytes,    4983840 total
- age   4:     496344 bytes,    5480184 total
- age   5:     269000 bytes,    5749184 total
- age   6:     810000 bytes,    6559184 total
- age   7:     557864 bytes,    7117048 total
- age   8:     309720 bytes,    7426768 total
: 100732K->9169K(109248K), 0.0676066 secs] 294041K->202969K(502464K), 0.0677391 secs] [Times: user=0.04 sys=0.00, real=0.07 secs] 
Heap after GC invocations=187 (full 11):
 par new generation   total 109248K, used 9169K [0x00000000e0000000, 0x00000000e8000000, 0x00000000e8000000)
  eden space 87424K,   0% used [0x00000000e0000000, 0x00000000e0000000, 0x00000000e5560000)
  from space 21824K,  42% used [0x00000000e6ab0000, 0x00000000e73a4528, 0x00000000e8000000)
  to   space 21824K,   0% used [0x00000000e5560000, 0x00000000e5560000, 0x00000000e6ab0000)
 concurrent mark-sweep generation total 393216K, used 193800K [0x00000000e8000000, 0x0000000100000000, 0x0000000100000000)
 Metaspace       used 46605K, capacity 48463K, committed 49624K, reserved 1093632K
  class space    used 5104K, capacity 5503K, committed 5628K, reserved 1048576K
}
2018-10-23T07:42:21.673+0000: 211.619: Total time for which application threads were stopped: 0.0682518 seconds, Stopping threads took: 0.0001491 seconds
2018-10-23T07:42:21.690+0000: 211.636: Total time for which application threads were stopped: 0.0070669 seconds, Stopping threads took: 0.0065678 seconds
2018-10-23T07:42:21.863+0000: 211.809: Total time for which application threads were stopped: 0.0149729 seconds, Stopping threads took: 0.0138840 seconds
2018-10-23T07:42:21.906+0000: 211.852: Total time for which application threads were stopped: 0.0244050 seconds, Stopping threads took: 0.0239896 seconds
2018-10-23T07:42:21.966+0000: 211.912: Total time for which application threads were stopped: 0.0285049 seconds, Stopping threads took: 0.0279902 seconds
2018-10-23T07:42:21.986+0000: 211.932: Total time for which application threads were stopped: 0.0005032 seconds, Stopping threads took: 0.0000844 seconds
2018-10-23T07:42:22.000+0000: 211.946: Total time for which application threads were stopped: 0.0106663 seconds, Stopping threads took: 0.0102553 seconds
2018-10-23T07:42:22.002+0000: 211.948: Total time for which application threads were stopped: 0.0002660 seconds, Stopping threads took: 0.0000521 seconds
2018-10-23T07:42:22.010+0000: 211.956: Total time for which application threads were stopped: 0.0043033 seconds, Stopping threads took: 0.0039981 seconds
2018-10-23T07:42:22.014+0000: 211.960: Total time for which application threads were stopped: 0.0002909 seconds, Stopping threads took: 0.0000610 seconds
2018-10-23T07:42:22.022+0000: 211.968: Total time for which application threads were stopped: 0.0042610 seconds, Stopping threads took: 0.0039947 seconds
2018-10-23T07:42:22.031+0000: 211.977: Total time for which application threads were stopped: 0.0054717 seconds, Stopping threads took: 0.0051950 seconds
2018-10-23T07:42:22.031+0000: 211.977: Total time for which application threads were stopped: 0.0003801 seconds, Stopping threads took: 0.0001140 seconds
2018-10-23T07:42:22.032+0000: 211.978: Total time for which application threads were stopped: 0.0002659 seconds, Stopping threads took: 0.0000661 seconds
2018-10-23T07:42:22.033+0000: 211.979: Total time for which application threads were stopped: 0.0008094 seconds, Stopping threads took: 0.0000290 seconds
{Heap before GC invocations=187 (full 11):
 par new generation   total 109248K, used 96593K [0x00000000e0000000, 0x00000000e8000000, 0x00000000e8000000)
  eden space 87424K, 100% used [0x00000000e0000000, 0x00000000e5560000, 0x00000000e5560000)
  from space 21824K,  42% used [0x00000000e6ab0000, 0x00000000e73a4528, 0x00000000e8000000)
  to   space 21824K,   0% used [0x00000000e5560000, 0x00000000e5560000, 0x00000000e6ab0000)
 concurrent mark-sweep generation total 393216K, used 193800K [0x00000000e8000000, 0x0000000100000000, 0x0000000100000000)
 Metaspace       used 46640K, capacity 48527K, committed 49624K, reserved 1093632K
  class space    used 5104K, capacity 5503K, committed 5628K, reserved 1048576K
2018-10-23T07:42:22.054+0000: 212.000: [GC (Allocation Failure) 2018-10-23T07:42:22.054+0000: 212.000: [ParNew
Desired survivor size 20112992 bytes, new threshold 8 (max 8)
- age   1:    5022168 bytes,    5022168 total
- age   2:    1101448 bytes,    6123616 total
- age   3:     140776 bytes,    6264392 total
- age   4:      81120 bytes,    6345512 total
- age   5:     153480 bytes,    6498992 total
- age   6:      84448 bytes,    6583440 total
- age   7:     438656 bytes,    7022096 total
- age   8:     549288 bytes,    7571384 total
: 96593K->11811K(109248K), 0.0961201 secs] 290393K->205914K(502464K), 0.0962559 secs] [Times: user=0.06 sys=0.00, real=0.10 secs] 
Heap after GC invocations=188 (full 11):
 par new generation   total 109248K, used 11811K [0x00000000e0000000, 0x00000000e8000000, 0x00000000e8000000)
  eden space 87424K,   0% used [0x00000000e0000000, 0x00000000e0000000, 0x00000000e5560000)
  from space 21824K,  54% used [0x00000000e5560000, 0x00000000e60e8e10, 0x00000000e6ab0000)
  to   space 21824K,   0% used [0x00000000e6ab0000, 0x00000000e6ab0000, 0x00000000e8000000)
 concurrent mark-sweep generation total 393216K, used 194103K [0x00000000e8000000, 0x0000000100000000, 0x0000000100000000)
 Metaspace       used 46640K, capacity 48527K, committed 49624K, reserved 1093632K
  class space    used 5104K, capacity 5503K, committed 5628K, reserved 1048576K
}
2018-10-23T07:42:22.150+0000: 212.096: Total time for which application threads were stopped: 0.0969265 seconds, Stopping threads took: 0.0001964 seconds
{Heap before GC invocations=188 (full 11):
 par new generation   total 109248K, used 99235K [0x00000000e0000000, 0x00000000e8000000, 0x00000000e8000000)
  eden space 87424K, 100% used [0x00000000e0000000, 0x00000000e5560000, 0x00000000e5560000)
  from space 21824K,  54% used [0x00000000e5560000, 0x00000000e60e8e10, 0x00000000e6ab0000)
  to   space 21824K,   0% used [0x00000000e6ab0000, 0x00000000e6ab0000, 0x00000000e8000000)
 concurrent mark-sweep generation total 393216K, used 194103K [0x00000000e8000000, 0x0000000100000000, 0x0000000100000000)
 Metaspace       used 46640K, capacity 48527K, committed 49624K, reserved 1093632K
  class space    used 5104K, capacity 5503K, committed 5628K, reserved 1048576K
2018-10-23T07:42:22.303+0000: 212.249: [GC (Allocation Failure) 2018-10-23T07:42:22.303+0000: 212.249: [ParNew
Desired survivor size 20112992 bytes, new threshold 8 (max 8)
- age   1:    2289072 bytes,    2289072 total
- age   2:    3989984 bytes,    6279056 total
- age   3:    1101448 bytes,    7380504 total
- age   4:     140776 bytes,    7521280 total
- age   5:      81120 bytes,    7602400 total
- age   6:     153480 bytes,    7755880 total
- age   7:      84448 bytes,    7840328 total
- age   8:     436832 bytes,    8277160 total
: 99235K->10607K(109248K), 0.0111559 secs] 293338K->205247K(502464K), 0.0112779 secs] [Times: user=0.02 sys=0.00, real=0.01 secs] 
Heap after GC invocations=189 (full 11):
 par new generation   total 109248K, used 10607K [0x00000000e0000000, 0x00000000e8000000, 0x00000000e8000000)
  eden space 87424K,   0% used [0x00000000e0000000, 0x00000000e0000000, 0x00000000e5560000)
  from space 21824K,  48% used [0x00000000e6ab0000, 0x00000000e750be20, 0x00000000e8000000)
  to   space 21824K,   0% used [0x00000000e5560000, 0x00000000e5560000, 0x00000000e6ab0000)
 concurrent mark-sweep generation total 393216K, used 194640K [0x00000000e8000000, 0x0000000100000000, 0x0000000100000000)
 Metaspace       used 46640K, capacity 48527K, committed 49624K, reserved 1093632K
  class space    used 5104K, capacity 5503K, committed 5628K, reserved 1048576K
}
2018-10-23T07:42:22.315+0000: 212.260: Total time for which application threads were stopped: 0.0198031 seconds, Stopping threads took: 0.0079853 seconds
2018-10-23T07:42:22.368+0000: 212.313: Total time for which application threads were stopped: 0.0129598 seconds, Stopping threads took: 0.0124866 seconds
2018-10-23T07:42:22.508+0000: 212.454: Total time for which application threads were stopped: 0.0065755 seconds, Stopping threads took: 0.0061183 seconds
{Heap before GC invocations=189 (full 11):
 par new generation   total 109248K, used 98031K [0x00000000e0000000, 0x00000000e8000000, 0x00000000e8000000)
  eden space 87424K, 100% used [0x00000000e0000000, 0x00000000e5560000, 0x00000000e5560000)
  from space 21824K,  48% used [0x00000000e6ab0000, 0x00000000e750be20, 0x00000000e8000000)
  to   space 21824K,   0% used [0x00000000e5560000, 0x00000000e5560000, 0x00000000e6ab0000)
 concurrent mark-sweep generation total 393216K, used 194640K [0x00000000e8000000, 0x0000000100000000, 0x0000000100000000)
 Metaspace       used 46657K, capacity 48531K, committed 49624K, reserved 1093632K
  class space    used 5104K, capacity 5503K, committed 5628K, reserved 1048576K
2018-10-23T07:42:22.543+0000: 212.488: [GC (Allocation Failure) 2018-10-23T07:42:22.543+0000: 212.488: [ParNew
Desired survivor size 20112992 bytes, new threshold 8 (max 8)
- age   1:    3672144 bytes,    3672144 total
- age   2:     770768 bytes,    4442912 total
- age   3:    1901496 bytes,    6344408 total
- age   4:    1100672 bytes,    7445080 total
- age   5:     140776 bytes,    7585856 total
- age   6:      81120 bytes,    7666976 total
- age   7:     153480 bytes,    7820456 total
- age   8:      84448 bytes,    7904904 total
: 98031K->9787K(109248K), 0.0822033 secs] 292671K->204856K(502464K), 0.0823383 secs] [Times: user=0.04 sys=0.00, real=0.08 secs] 
Heap after GC invocations=190 (full 11):
 par new generation   total 109248K, used 9787K [0x00000000e0000000, 0x00000000e8000000, 0x00000000e8000000)
  eden space 87424K,   0% used [0x00000000e0000000, 0x00000000e0000000, 0x00000000e5560000)
  from space 21824K,  44% used [0x00000000e5560000, 0x00000000e5eeef90, 0x00000000e6ab0000)
  to   space 21824K,   0% used [0x00000000e6ab0000, 0x00000000e6ab0000, 0x00000000e8000000)
 concurrent mark-sweep generation total 393216K, used 195068K [0x00000000e8000000, 0x0000000100000000, 0x0000000100000000)
 Metaspace       used 46657K, capacity 48531K, committed 49624K, reserved 1093632K
  class space    used 5104K, capacity 5503K, committed 5628K, reserved 1048576K
}
2018-10-23T07:42:22.625+0000: 212.571: Total time for which application threads were stopped: 0.0910115 seconds, Stopping threads took: 0.0081227 seconds
2018-10-23T07:42:22.650+0000: 212.596: Total time for which application threads were stopped: 0.0047960 seconds, Stopping threads took: 0.0043176 seconds
2018-10-23T07:42:22.699+0000: 212.645: Total time for which application threads were stopped: 0.0170518 seconds, Stopping threads took: 0.0165782 seconds
2018-10-23T07:42:22.742+0000: 212.688: Total time for which application threads were stopped: 0.0162461 seconds, Stopping threads took: 0.0157798 seconds
2018-10-23T07:42:22.812+0000: 212.758: Total time for which application threads were stopped: 0.0249918 seconds, Stopping threads took: 0.0245211 seconds
{Heap before GC invocations=190 (full 11):
 par new generation   total 109248K, used 97211K [0x00000000e0000000, 0x00000000e8000000, 0x00000000e8000000)
  eden space 87424K, 100% used [0x00000000e0000000, 0x00000000e5560000, 0x00000000e5560000)
  from space 21824K,  44% used [0x00000000e5560000, 0x00000000e5eeef90, 0x00000000e6ab0000)
  to   space 21824K,   0% used [0x00000000e6ab0000, 0x00000000e6ab0000, 0x00000000e8000000)
 concurrent mark-sweep generation total 393216K, used 195068K [0x00000000e8000000, 0x0000000100000000, 0x0000000100000000)
 Metaspace       used 46663K, capacity 48531K, committed 49624K, reserved 1093632K
  class space    used 5104K, capacity 5503K, committed 5628K, reserved 1048576K
2018-10-23T07:42:22.829+0000: 212.775: [GC (Allocation Failure) 2018-10-23T07:42:22.829+0000: 212.775: [ParNew
Desired survivor size 20112992 bytes, new threshold 8 (max 8)
- age   1:    5013136 bytes,    5013136 total
- age   2:    1991000 bytes,    7004136 total
- age   3:     122936 bytes,    7127072 total
- age   4:     996168 bytes,    8123240 total
- age   5:    1097960 bytes,    9221200 total
- age   6:     140776 bytes,    9361976 total
- age   7:      81120 bytes,    9443096 total
- age   8:     153480 bytes,    9596576 total
: 97211K->11844K(109248K), 0.0486066 secs] 292280K->206996K(502464K), 0.0487222 secs] [Times: user=0.04 sys=0.00, real=0.05 secs] 
Heap after GC invocations=191 (full 11):
 par new generation   total 109248K, used 11844K [0x00000000e0000000, 0x00000000e8000000, 0x00000000e8000000)
  eden space 87424K,   0% used [0x00000000e0000000, 0x00000000e0000000, 0x00000000e5560000)
  from space 21824K,  54% used [0x00000000e6ab0000, 0x00000000e76413b8, 0x00000000e8000000)
  to   space 21824K,   0% used [0x00000000e5560000, 0x00000000e5560000, 0x00000000e6ab0000)
 concurrent mark-sweep generation total 393216K, used 195151K [0x00000000e8000000, 0x0000000100000000, 0x0000000100000000)
 Metaspace       used 46663K, capacity 48531K, committed 49624K, reserved 1093632K
  class space    used 5104K, capacity 5503K, committed 5628K, reserved 1048576K
}
2018-10-23T07:42:22.878+0000: 212.824: Total time for which application threads were stopped: 0.0494603 seconds, Stopping threads took: 0.0002351 seconds
{Heap before GC invocations=191 (full 11):
 par new generation   total 109248K, used 99268K [0x00000000e0000000, 0x00000000e8000000, 0x00000000e8000000)
  eden space 87424K, 100% used [0x00000000e0000000, 0x00000000e5560000, 0x00000000e5560000)
  from space 21824K,  54% used [0x00000000e6ab0000, 0x00000000e76413b8, 0x00000000e8000000)
  to   space 21824K,   0% used [0x00000000e5560000, 0x00000000e5560000, 0x00000000e6ab0000)
 concurrent mark-sweep generation total 393216K, used 195151K [0x00000000e8000000, 0x0000000100000000, 0x0000000100000000)
 Metaspace       used 46670K, capacity 48531K, committed 49624K, reserved 1093632K
  class space    used 5104K, capacity 5503K, committed 5628K, reserved 1048576K
2018-10-23T07:42:23.070+0000: 213.016: [GC (Allocation Failure) 2018-10-23T07:42:23.070+0000: 213.016: [ParNew
Desired survivor size 20112992 bytes, new threshold 8 (max 8)
- age   1:    4408408 bytes,    4408408 total
- age   2:    3146168 bytes,    7554576 total
- age   3:    1955200 bytes,    9509776 total
- age   4:     122936 bytes,    9632712 total
- age   5:     558216 bytes,   10190928 total
- age   6:    1097168 bytes,   11288096 total
- age   7:     140776 bytes,   11428872 total
- age   8:      81120 bytes,   11509992 total
: 99268K->15219K(109248K), 0.0151770 secs] 294420K->210520K(502464K), 0.0152948 secs] [Times: user=0.04 sys=0.00, real=0.01 secs] 
Heap after GC invocations=192 (full 11):
 par new generation   total 109248K, used 15219K [0x00000000e0000000, 0x00000000e8000000, 0x00000000e8000000)
  eden space 87424K,   0% used [0x00000000e0000000, 0x00000000e0000000, 0x00000000e5560000)
  from space 21824K,  69% used [0x00000000e5560000, 0x00000000e643ce20, 0x00000000e6ab0000)
  to   space 21824K,   0% used [0x00000000e6ab0000, 0x00000000e6ab0000, 0x00000000e8000000)
 concurrent mark-sweep generation total 393216K, used 195301K [0x00000000e8000000, 0x0000000100000000, 0x0000000100000000)
 Metaspace       used 46670K, capacity 48531K, committed 49624K, reserved 1093632K
  class space    used 5104K, capacity 5503K, committed 5628K, reserved 1048576K
}
2018-10-23T07:42:23.086+0000: 213.031: Total time for which application threads were stopped: 0.0337705 seconds, Stopping threads took: 0.0178767 seconds
2018-10-23T07:42:23.325+0000: 213.271: Total time for which application threads were stopped: 0.0007028 seconds, Stopping threads took: 0.0001358 seconds
2018-10-23T07:42:23.332+0000: 213.278: Total time for which application threads were stopped: 0.0061202 seconds, Stopping threads took: 0.0058928 seconds
{Heap before GC invocations=192 (full 11):
 par new generation   total 109248K, used 102643K [0x00000000e0000000, 0x00000000e8000000, 0x00000000e8000000)
  eden space 87424K, 100% used [0x00000000e0000000, 0x00000000e5560000, 0x00000000e5560000)
  from space 21824K,  69% used [0x00000000e5560000, 0x00000000e643ce20, 0x00000000e6ab0000)
  to   space 21824K,   0% used [0x00000000e6ab0000, 0x00000000e6ab0000, 0x00000000e8000000)
 concurrent mark-sweep generation total 393216K, used 195301K [0x00000000e8000000, 0x0000000100000000, 0x0000000100000000)
 Metaspace       used 46707K, capacity 48595K, committed 49624K, reserved 1093632K
  class space    used 5104K, capacity 5503K, committed 5628K, reserved 1048576K
2018-10-23T07:42:23.459+0000: 213.405: [GC (Allocation Failure) 2018-10-23T07:42:23.459+0000: 213.405: [ParNew
Desired survivor size 20112992 bytes, new threshold 8 (max 8)
- age   1:    3403944 bytes,    3403944 total
- age   2:    2929568 bytes,    6333512 total
- age   3:    3020800 bytes,    9354312 total
- age   4:    1953760 bytes,   11308072 total
- age   5:     122936 bytes,   11431008 total
- age   6:     555912 bytes,   11986920 total
- age   7:    1096672 bytes,   13083592 total
- age   8:     140200 bytes,   13223792 total
: 102643K->15973K(109248K), 0.0452764 secs] 297944K->211353K(502464K), 0.0453869 secs] [Times: user=0.05 sys=0.00, real=0.04 secs] 
Heap after GC invocations=193 (full 11):
 par new generation   total 109248K, used 15973K [0x00000000e0000000, 0x00000000e8000000, 0x00000000e8000000)
  eden space 87424K,   0% used [0x00000000e0000000, 0x00000000e0000000, 0x00000000e5560000)
  from space 21824K,  73% used [0x00000000e6ab0000, 0x00000000e7a49520, 0x00000000e8000000)
  to   space 21824K,   0% used [0x00000000e5560000, 0x00000000e5560000, 0x00000000e6ab0000)
 concurrent mark-sweep generation total 393216K, used 195380K [0x00000000e8000000, 0x0000000100000000, 0x0000000100000000)
 Metaspace       used 46707K, capacity 48595K, committed 49624K, reserved 1093632K
  class space    used 5104K, capacity 5503K, committed 5628K, reserved 1048576K
}
2018-10-23T07:42:23.504+0000: 213.450: Total time for which application threads were stopped: 0.0461829 seconds, Stopping threads took: 0.0001412 seconds
2018-10-23T07:42:23.522+0000: 213.468: Total time for which application threads were stopped: 0.0011683 seconds, Stopping threads took: 0.0006881 seconds
2018-10-23T07:42:23.568+0000: 213.514: Total time for which application threads were stopped: 0.0005451 seconds, Stopping threads took: 0.0001214 seconds
2018-10-23T07:42:23.569+0000: 213.515: Total time for which application threads were stopped: 0.0002854 seconds, Stopping threads took: 0.0000684 seconds
2018-10-23T07:42:23.569+0000: 213.515: Total time for which application threads were stopped: 0.0002404 seconds, Stopping threads took: 0.0000481 seconds
2018-10-23T07:42:23.570+0000: 213.516: Total time for which application threads were stopped: 0.0004133 seconds, Stopping threads took: 0.0000883 seconds
2018-10-23T07:42:23.572+0000: 213.518: Total time for which application threads were stopped: 0.0011947 seconds, Stopping threads took: 0.0000733 seconds
2018-10-23T07:42:23.572+0000: 213.518: Total time for which application threads were stopped: 0.0003234 seconds, Stopping threads took: 0.0001262 seconds
2018-10-23T07:42:23.572+0000: 213.518: Total time for which application threads were stopped: 0.0002088 seconds, Stopping threads took: 0.0000358 seconds
2018-10-23T07:42:23.573+0000: 213.519: Total time for which application threads were stopped: 0.0002055 seconds, Stopping threads took: 0.0000299 seconds
2018-10-23T07:42:23.573+0000: 213.519: Total time for which application threads were stopped: 0.0002564 seconds, Stopping threads took: 0.0000864 seconds
2018-10-23T07:42:23.573+0000: 213.519: Total time for which application threads were stopped: 0.0002398 seconds, Stopping threads took: 0.0000678 seconds
2018-10-23T07:42:23.574+0000: 213.520: Total time for which application threads were stopped: 0.0002448 seconds, Stopping threads took: 0.0000528 seconds
2018-10-23T07:42:23.574+0000: 213.520: Total time for which application threads were stopped: 0.0002371 seconds, Stopping threads took: 0.0000615 seconds
2018-10-23T07:42:23.574+0000: 213.520: Total time for which application threads were stopped: 0.0002295 seconds, Stopping threads took: 0.0000609 seconds
2018-10-23T07:42:23.628+0000: 213.574: Total time for which application threads were stopped: 0.0044960 seconds, Stopping threads took: 0.0041099 seconds
2018-10-23T07:42:23.628+0000: 213.574: Total time for which application threads were stopped: 0.0003208 seconds, Stopping threads took: 0.0001417 seconds
2018-10-23T07:42:23.629+0000: 213.575: Total time for which application threads were stopped: 0.0002613 seconds, Stopping threads took: 0.0000879 seconds
2018-10-23T07:42:23.629+0000: 213.575: Total time for which application threads were stopped: 0.0002195 seconds, Stopping threads took: 0.0000507 seconds
2018-10-23T07:42:23.630+0000: 213.575: Total time for which application threads were stopped: 0.0002204 seconds, Stopping threads took: 0.0000529 seconds
2018-10-23T07:42:23.630+0000: 213.576: Total time for which application threads were stopped: 0.0002545 seconds, Stopping threads took: 0.0000849 seconds
2018-10-23T07:42:23.630+0000: 213.576: Total time for which application threads were stopped: 0.0002145 seconds, Stopping threads took: 0.0000439 seconds
2018-10-23T07:42:23.630+0000: 213.576: Total time for which application threads were stopped: 0.0002130 seconds, Stopping threads took: 0.0000449 seconds
2018-10-23T07:42:23.631+0000: 213.577: Total time for which application threads were stopped: 0.0008293 seconds, Stopping threads took: 0.0000431 seconds
2018-10-23T07:42:23.658+0000: 213.604: Total time for which application threads were stopped: 0.0040261 seconds, Stopping threads took: 0.0036465 seconds
{Heap before GC invocations=193 (full 11):
 par new generation   total 109248K, used 103397K [0x00000000e0000000, 0x00000000e8000000, 0x00000000e8000000)
  eden space 87424K, 100% used [0x00000000e0000000, 0x00000000e5560000, 0x00000000e5560000)
  from space 21824K,  73% used [0x00000000e6ab0000, 0x00000000e7a49520, 0x00000000e8000000)
  to   space 21824K,   0% used [0x00000000e5560000, 0x00000000e5560000, 0x00000000e6ab0000)
 concurrent mark-sweep generation total 393216K, used 195380K [0x00000000e8000000, 0x0000000100000000, 0x0000000100000000)
 Metaspace       used 46721K, capacity 48595K, committed 49624K, reserved 1093632K
  class space    used 5104K, capacity 5503K, committed 5628K, reserved 1048576K
2018-10-23T07:42:23.893+0000: 213.839: [GC (Allocation Failure) 2018-10-23T07:42:23.893+0000: 213.839: [ParNew
Desired survivor size 20112992 bytes, new threshold 8 (max 8)
- age   1:    5005640 bytes,    5005640 total
- age   2:    1048784 bytes,    6054424 total
- age   3:    1670488 bytes,    7724912 total
- age   4:    1097104 bytes,    8822016 total
- age   5:     126008 bytes,    8948024 total
- age   7:      82832 bytes,    9030856 total
- age   8:      26768 bytes,    9057624 total
: 103397K->14103K(109248K), 0.0922099 secs] 298777K->209583K(502464K), 0.0923471 secs] [Times: user=0.08 sys=0.00, real=0.09 secs] 
Heap after GC invocations=194 (full 11):
 par new generation   total 109248K, used 14103K [0x00000000e0000000, 0x00000000e8000000, 0x00000000e8000000)
  eden space 87424K,   0% used [0x00000000e0000000, 0x00000000e0000000, 0x00000000e5560000)
  from space 21824K,  64% used [0x00000000e5560000, 0x00000000e6325dc0, 0x00000000e6ab0000)
  to   space 21824K,   0% used [0x00000000e6ab0000, 0x00000000e6ab0000, 0x00000000e8000000)
 concurrent mark-sweep generation total 393216K, used 195480K [0x00000000e8000000, 0x0000000100000000, 0x0000000100000000)
 Metaspace       used 46721K, capacity 48595K, committed 49624K, reserved 1093632K
  class space    used 5104K, capacity 5503K, committed 5628K, reserved 1048576K
}
2018-10-23T07:42:23.986+0000: 213.931: Total time for which application threads were stopped: 0.1047289 seconds, Stopping threads took: 0.0118387 seconds
{Heap before GC invocations=194 (full 11):
 par new generation   total 109248K, used 101527K [0x00000000e0000000, 0x00000000e8000000, 0x00000000e8000000)
  eden space 87424K, 100% used [0x00000000e0000000, 0x00000000e5560000, 0x00000000e5560000)
  from space 21824K,  64% used [0x00000000e5560000, 0x00000000e6325dc0, 0x00000000e6ab0000)
  to   space 21824K,   0% used [0x00000000e6ab0000, 0x00000000e6ab0000, 0x00000000e8000000)
 concurrent mark-sweep generation total 393216K, used 195480K [0x00000000e8000000, 0x0000000100000000, 0x0000000100000000)
 Metaspace       used 46721K, capacity 48595K, committed 49624K, reserved 1093632K
  class space    used 5104K, capacity 5503K, committed 5628K, reserved 1048576K
2018-10-23T07:42:24.222+0000: 214.168: [GC (Allocation Failure) 2018-10-23T07:42:24.222+0000: 214.168: [ParNew
Desired survivor size 20112992 bytes, new threshold 8 (max 8)
- age   1:    2613384 bytes,    2613384 total
- age   2:    4061232 bytes,    6674616 total
- age   3:    1048720 bytes,    7723336 total
- age   4:    1670488 bytes,    9393824 total
- age   5:    1095280 bytes,   10489104 total
- age   6:     126008 bytes,   10615112 total
- age   8:      82832 bytes,   10697944 total
: 101527K->12580K(109248K), 0.0459175 secs] 297007K->208086K(502464K), 0.0460454 secs] [Times: user=0.07 sys=0.00, real=0.04 secs] 
Heap after GC invocations=195 (full 11):
 par new generation   total 109248K, used 12580K [0x00000000e0000000, 0x00000000e8000000, 0x00000000e8000000)
  eden space 87424K,   0% used [0x00000000e0000000, 0x00000000e0000000, 0x00000000e5560000)
  from space 21824K,  57% used [0x00000000e6ab0000, 0x00000000e76f9000, 0x00000000e8000000)
  to   space 21824K,   0% used [0x00000000e5560000, 0x00000000e5560000, 0x00000000e6ab0000)
 concurrent mark-sweep generation total 393216K, used 195506K [0x00000000e8000000, 0x0000000100000000, 0x0000000100000000)
 Metaspace       used 46721K, capacity 48595K, committed 49624K, reserved 1093632K
  class space    used 5104K, capacity 5503K, committed 5628K, reserved 1048576K
}
2018-10-23T07:42:24.268+0000: 214.214: Total time for which application threads were stopped: 0.0467266 seconds, Stopping threads took: 0.0001073 seconds
2018-10-23T07:42:24.570+0000: 214.516: Total time for which application threads were stopped: 0.0161545 seconds, Stopping threads took: 0.0155806 seconds
2018-10-23T07:42:24.591+0000: 214.536: Total time for which application threads were stopped: 0.0059088 seconds, Stopping threads took: 0.0053314 seconds
{Heap before GC invocations=195 (full 11):
 par new generation   total 109248K, used 100004K [0x00000000e0000000, 0x00000000e8000000, 0x00000000e8000000)
  eden space 87424K, 100% used [0x00000000e0000000, 0x00000000e5560000, 0x00000000e5560000)
  from space 21824K,  57% used [0x00000000e6ab0000, 0x00000000e76f9000, 0x00000000e8000000)
  to   space 21824K,   0% used [0x00000000e5560000, 0x00000000e5560000, 0x00000000e6ab0000)
 concurrent mark-sweep generation total 393216K, used 195506K [0x00000000e8000000, 0x0000000100000000, 0x0000000100000000)
 Metaspace       used 46721K, capacity 48595K, committed 49624K, reserved 1093632K
  class space    used 5104K, capacity 5503K, committed 5628K, reserved 1048576K
2018-10-23T07:42:24.622+0000: 214.567: [GC (Allocation Failure) 2018-10-23T07:42:24.622+0000: 214.567: [ParNew
Desired survivor size 20112992 bytes, new threshold 8 (max 8)
- age   1:    3704512 bytes,    3704512 total
- age   2:     981504 bytes,    4686016 total
- age   3:    2780176 bytes,    7466192 total
- age   4:    1048720 bytes,    8514912 total
- age   5:    1670456 bytes,   10185368 total
- age   6:    1094952 bytes,   11280320 total
- age   7:     126008 bytes,   11406328 total
: 100004K->15871K(109248K), 0.0270774 secs] 295510K->211460K(502464K), 0.0271906 secs] [Times: user=0.05 sys=0.00, real=0.02 secs] 
Heap after GC invocations=196 (full 11):
 par new generation   total 109248K, used 15871K [0x00000000e0000000, 0x00000000e8000000, 0x00000000e8000000)
  eden space 87424K,   0% used [0x00000000e0000000, 0x00000000e0000000, 0x00000000e5560000)
  from space 21824K,  72% used [0x00000000e5560000, 0x00000000e64dfe10, 0x00000000e6ab0000)
  to   space 21824K,   0% used [0x00000000e6ab0000, 0x00000000e6ab0000, 0x00000000e8000000)
 concurrent mark-sweep generation total 393216K, used 195588K [0x00000000e8000000, 0x0000000100000000, 0x0000000100000000)
 Metaspace       used 46721K, capacity 48595K, committed 49624K, reserved 1093632K
  class space    used 5104K, capacity 5503K, committed 5628K, reserved 1048576K
}
2018-10-23T07:42:24.649+0000: 214.595: Total time for which application threads were stopped: 0.0341242 seconds, Stopping threads took: 0.0064002 seconds
{Heap before GC invocations=196 (full 11):
 par new generation   total 109248K, used 103295K [0x00000000e0000000, 0x00000000e8000000, 0x00000000e8000000)
  eden space 87424K, 100% used [0x00000000e0000000, 0x00000000e5560000, 0x00000000e5560000)
  from space 21824K,  72% used [0x00000000e5560000, 0x00000000e64dfe10, 0x00000000e6ab0000)
  to   space 21824K,   0% used [0x00000000e6ab0000, 0x00000000e6ab0000, 0x00000000e8000000)
 concurrent mark-sweep generation total 393216K, used 195588K [0x00000000e8000000, 0x0000000100000000, 0x0000000100000000)
 Metaspace       used 46722K, capacity 48595K, committed 49624K, reserved 1093632K
  class space    used 5104K, capacity 5503K, committed 5628K, reserved 1048576K
2018-10-23T07:42:24.942+0000: 214.888: [GC (Allocation Failure) 2018-10-23T07:42:24.942+0000: 214.888: [ParNew
Desired survivor size 20112992 bytes, new threshold 8 (max 8)
- age   1:    4198280 bytes,    4198280 total
- age   2:    1870208 bytes,    6068488 total
- age   3:     128104 bytes,    6196592 total
- age   4:     979776 bytes,    7176368 total
- age   5:    1048720 bytes,    8225088 total
- age   6:    1670424 bytes,    9895512 total
- age   7:    1094952 bytes,   10990464 total
- age   8:     126008 bytes,   11116472 total
: 103295K->14500K(109248K), 0.0330581 secs] 298884K->210088K(502464K), 0.0331899 secs] [Times: user=0.04 sys=0.00, real=0.03 secs] 
Heap after GC invocations=197 (full 11):
 par new generation   total 109248K, used 14500K [0x00000000e0000000, 0x00000000e8000000, 0x00000000e8000000)
  eden space 87424K,   0% used [0x00000000e0000000, 0x00000000e0000000, 0x00000000e5560000)
  from space 21824K,  66% used [0x00000000e6ab0000, 0x00000000e78d9038, 0x00000000e8000000)
  to   space 21824K,   0% used [0x00000000e5560000, 0x00000000e5560000, 0x00000000e6ab0000)
 concurrent mark-sweep generation total 393216K, used 195588K [0x00000000e8000000, 0x0000000100000000, 0x0000000100000000)
 Metaspace       used 46722K, capacity 48595K, committed 49624K, reserved 1093632K
  class space    used 5104K, capacity 5503K, committed 5628K, reserved 1048576K
}
2018-10-23T07:42:24.975+0000: 214.921: Total time for which application threads were stopped: 0.0488106 seconds, Stopping threads took: 0.0150813 seconds
{Heap before GC invocations=197 (full 11):
 par new generation   total 109248K, used 101924K [0x00000000e0000000, 0x00000000e8000000, 0x00000000e8000000)
  eden space 87424K, 100% used [0x00000000e0000000, 0x00000000e5560000, 0x00000000e5560000)
  from space 21824K,  66% used [0x00000000e6ab0000, 0x00000000e78d9038, 0x00000000e8000000)
  to   space 21824K,   0% used [0x00000000e5560000, 0x00000000e5560000, 0x00000000e6ab0000)
 concurrent mark-sweep generation total 393216K, used 195588K [0x00000000e8000000, 0x0000000100000000, 0x0000000100000000)
 Metaspace       used 46726K, capacity 48595K, committed 49624K, reserved 1093632K
  class space    used 5104K, capacity 5503K, committed 5628K, reserved 1048576K
2018-10-23T07:42:25.140+0000: 215.085: [GC (Allocation Failure) 2018-10-23T07:42:25.140+0000: 215.085: [ParNew
Desired survivor size 20112992 bytes, new threshold 8 (max 8)
- age   1:    2901344 bytes,    2901344 total
- age   2:    2845240 bytes,    5746584 total
- age   3:    1869384 bytes,    7615968 total
- age   4:     128072 bytes,    7744040 total
- age   5:     977952 bytes,    8721992 total
- age   6:    1048720 bytes,    9770712 total
- age   7:    1670424 bytes,   11441136 total
- age   8:    1094952 bytes,   12536088 total
: 101924K->15625K(109248K), 0.0302726 secs] 297512K->211337K(502464K), 0.0303990 secs] [Times: user=0.06 sys=0.00, real=0.03 secs] 
Heap after GC invocations=198 (full 11):
 par new generation   total 109248K, used 15625K [0x00000000e0000000, 0x00000000e8000000, 0x00000000e8000000)
  eden space 87424K,   0% used [0x00000000e0000000, 0x00000000e0000000, 0x00000000e5560000)
  from space 21824K,  71% used [0x00000000e5560000, 0x00000000e64a2708, 0x00000000e6ab0000)
  to   space 21824K,   0% used [0x00000000e6ab0000, 0x00000000e6ab0000, 0x00000000e8000000)
 concurrent mark-sweep generation total 393216K, used 195711K [0x00000000e8000000, 0x0000000100000000, 0x0000000100000000)
 Metaspace       used 46726K, capacity 48595K, committed 49624K, reserved 1093632K
  class space    used 5104K, capacity 5503K, committed 5628K, reserved 1048576K
}
2018-10-23T07:42:25.170+0000: 215.116: Total time for which application threads were stopped: 0.0310942 seconds, Stopping threads took: 0.0001589 seconds
2018-10-23T07:42:25.484+0000: 215.430: Total time for which application threads were stopped: 0.0026536 seconds, Stopping threads took: 0.0022388 seconds
{Heap before GC invocations=198 (full 11):
 par new generation   total 109248K, used 103049K [0x00000000e0000000, 0x00000000e8000000, 0x00000000e8000000)
  eden space 87424K, 100% used [0x00000000e0000000, 0x00000000e5560000, 0x00000000e5560000)
  from space 21824K,  71% used [0x00000000e5560000, 0x00000000e64a2708, 0x00000000e6ab0000)
  to   space 21824K,   0% used [0x00000000e6ab0000, 0x00000000e6ab0000, 0x00000000e8000000)
 concurrent mark-sweep generation total 393216K, used 195711K [0x00000000e8000000, 0x0000000100000000, 0x0000000100000000)
 Metaspace       used 46729K, capacity 48595K, committed 49624K, reserved 1093632K
  class space    used 5104K, capacity 5503K, committed 5628K, reserved 1048576K
2018-10-23T07:42:25.511+0000: 215.457: [GC (Allocation Failure) 2018-10-23T07:42:25.511+0000: 215.457: [ParNew
Desired survivor size 20112992 bytes, new threshold 8 (max 8)
- age   1:    3302608 bytes,    3302608 total
- age   2:    1327608 bytes,    4630216 total
- age   3:    2745688 bytes,    7375904 total
- age   4:    1868096 bytes,    9244000 total
- age   5:     128072 bytes,    9372072 total
- age   6:     977952 bytes,   10350024 total
- age   7:    1048144 bytes,   11398168 total
- age   8:    1670424 bytes,   13068592 total
: 103049K->21204K(109248K), 0.0444598 secs] 298761K->217974K(502464K), 0.0445980 secs] [Times: user=0.02 sys=0.00, real=0.04 secs] 
Heap after GC invocations=199 (full 11):
 par new generation   total 109248K, used 21204K [0x00000000e0000000, 0x00000000e8000000, 0x00000000e8000000)
  eden space 87424K,   0% used [0x00000000e0000000, 0x00000000e0000000, 0x00000000e5560000)
  from space 21824K,  97% used [0x00000000e6ab0000, 0x00000000e7f65200, 0x00000000e8000000)
  to   space 21824K,   0% used [0x00000000e5560000, 0x00000000e5560000, 0x00000000e6ab0000)
 concurrent mark-sweep generation total 393216K, used 196769K [0x00000000e8000000, 0x0000000100000000, 0x0000000100000000)
 Metaspace       used 46729K, capacity 48595K, committed 49624K, reserved 1093632K
  class space    used 5104K, capacity 5503K, committed 5628K, reserved 1048576K
}
2018-10-23T07:42:25.556+0000: 215.501: Total time for which application threads were stopped: 0.0575042 seconds, Stopping threads took: 0.0123879 seconds
2018-10-23T07:42:25.575+0000: 215.521: [GC (CMS Initial Mark) [1 CMS-initial-mark: 196769K(393216K)] 235262K(502464K), 0.0190411 secs] [Times: user=0.02 sys=0.00, real=0.02 secs] 
2018-10-23T07:42:25.594+0000: 215.540: Total time for which application threads were stopped: 0.0246784 seconds, Stopping threads took: 0.0051631 seconds
2018-10-23T07:42:25.596+0000: 215.542: [CMS-concurrent-mark-start]
2018-10-23T07:42:25.600+0000: 215.546: Total time for which application threads were stopped: 0.0012896 seconds, Stopping threads took: 0.0009511 seconds
2018-10-23T07:42:25.678+0000: 215.624: Total time for which application threads were stopped: 0.0047601 seconds, Stopping threads took: 0.0042503 seconds
{Heap before GC invocations=199 (full 12):
 par new generation   total 109248K, used 108628K [0x00000000e0000000, 0x00000000e8000000, 0x00000000e8000000)
  eden space 87424K, 100% used [0x00000000e0000000, 0x00000000e5560000, 0x00000000e5560000)
  from space 21824K,  97% used [0x00000000e6ab0000, 0x00000000e7f65200, 0x00000000e8000000)
  to   space 21824K,   0% used [0x00000000e5560000, 0x00000000e5560000, 0x00000000e6ab0000)
 concurrent mark-sweep generation total 393216K, used 196769K [0x00000000e8000000, 0x0000000100000000, 0x0000000100000000)
 Metaspace       used 46731K, capacity 48595K, committed 49624K, reserved 1093632K
  class space    used 5104K, capacity 5503K, committed 5628K, reserved 1048576K
2018-10-23T07:42:25.699+0000: 215.645: [GC (Allocation Failure) 2018-10-23T07:42:25.699+0000: 215.645: [ParNew
Desired survivor size 20112992 bytes, new threshold 8 (max 8)
- age   1:    5341184 bytes,    5341184 total
- age   2:    1881808 bytes,    7222992 total
- age   3:     996152 bytes,    8219144 total
- age   4:    1813960 bytes,   10033104 total
- age   5:    1350592 bytes,   11383696 total
- age   6:     128072 bytes,   11511768 total
- age   7:     977320 bytes,   12489088 total
- age   8:    1044936 bytes,   13534024 total
: 108628K->14602K(109248K), 0.1103607 secs] 305398K->213003K(502464K), 0.1104802 secs] [Times: user=0.03 sys=0.00, real=0.11 secs] 
Heap after GC invocations=200 (full 12):
 par new generation   total 109248K, used 14602K [0x00000000e0000000, 0x00000000e8000000, 0x00000000e8000000)
  eden space 87424K,   0% used [0x00000000e0000000, 0x00000000e0000000, 0x00000000e5560000)
  from space 21824K,  66% used [0x00000000e5560000, 0x00000000e63a2b40, 0x00000000e6ab0000)
  to   space 21824K,   0% used [0x00000000e6ab0000, 0x00000000e6ab0000, 0x00000000e8000000)
 concurrent mark-sweep generation total 393216K, used 198401K [0x00000000e8000000, 0x0000000100000000, 0x0000000100000000)
 Metaspace       used 46731K, capacity 48595K, committed 49624K, reserved 1093632K
  class space    used 5104K, capacity 5503K, committed 5628K, reserved 1048576K
}
2018-10-23T07:42:25.810+0000: 215.756: Total time for which application threads were stopped: 0.1214712 seconds, Stopping threads took: 0.0104389 seconds
{Heap before GC invocations=200 (full 12):
 par new generation   total 109248K, used 102026K [0x00000000e0000000, 0x00000000e8000000, 0x00000000e8000000)
  eden space 87424K, 100% used [0x00000000e0000000, 0x00000000e5560000, 0x00000000e5560000)
  from space 21824K,  66% used [0x00000000e5560000, 0x00000000e63a2b40, 0x00000000e6ab0000)
  to   space 21824K,   0% used [0x00000000e6ab0000, 0x00000000e6ab0000, 0x00000000e8000000)
 concurrent mark-sweep generation total 393216K, used 198401K [0x00000000e8000000, 0x0000000100000000, 0x0000000100000000)
 Metaspace       used 46741K, capacity 48595K, committed 49624K, reserved 1093632K
  class space    used 5104K, capacity 5503K, committed 5628K, reserved 1048576K
2018-10-23T07:42:25.958+0000: 215.904: [GC (Allocation Failure) 2018-10-23T07:42:25.958+0000: 215.904: [ParNew
Desired survivor size 20112992 bytes, new threshold 8 (max 8)
- age   1:    3601616 bytes,    3601616 total
- age   2:    3239760 bytes,    6841376 total
- age   3:     251008 bytes,    7092384 total
- age   4:     135688 bytes,    7228072 total
- age   5:     443304 bytes,    7671376 total
- age   6:     657880 bytes,    8329256 total
- age   7:     128072 bytes,    8457328 total
- age   8:     976520 bytes,    9433848 total
: 102026K->14216K(109248K), 0.0451928 secs] 300427K->213637K(502464K), 0.0453175 secs] [Times: user=0.05 sys=0.00, real=0.04 secs] 
Heap after GC invocations=201 (full 12):
 par new generation   total 109248K, used 14216K [0x00000000e0000000, 0x00000000e8000000, 0x00000000e8000000)
  eden space 87424K,   0% used [0x00000000e0000000, 0x00000000e0000000, 0x00000000e5560000)
  from space 21824K,  65% used [0x00000000e6ab0000, 0x00000000e78920b0, 0x00000000e8000000)
  to   space 21824K,   0% used [0x00000000e5560000, 0x00000000e5560000, 0x00000000e6ab0000)
 concurrent mark-sweep generation total 393216K, used 199421K [0x00000000e8000000, 0x0000000100000000, 0x0000000100000000)
 Metaspace       used 46741K, capacity 48595K, committed 49624K, reserved 1093632K
  class space    used 5104K, capacity 5503K, committed 5628K, reserved 1048576K
}
2018-10-23T07:42:26.004+0000: 215.949: Total time for which application threads were stopped: 0.0459490 seconds, Stopping threads took: 0.0000908 seconds
{Heap before GC invocations=201 (full 12):
 par new generation   total 109248K, used 101640K [0x00000000e0000000, 0x00000000e8000000, 0x00000000e8000000)
  eden space 87424K, 100% used [0x00000000e0000000, 0x00000000e5560000, 0x00000000e5560000)
  from space 21824K,  65% used [0x00000000e6ab0000, 0x00000000e78920b0, 0x00000000e8000000)
  to   space 21824K,   0% used [0x00000000e5560000, 0x00000000e5560000, 0x00000000e6ab0000)
 concurrent mark-sweep generation total 393216K, used 199421K [0x00000000e8000000, 0x0000000100000000, 0x0000000100000000)
 Metaspace       used 46742K, capacity 48595K, committed 49624K, reserved 1093632K
  class space    used 5104K, capacity 5503K, committed 5628K, reserved 1048576K
2018-10-23T07:42:26.138+0000: 216.084: [GC (Allocation Failure) 2018-10-23T07:42:26.138+0000: 216.084: [ParNew
Desired survivor size 20112992 bytes, new threshold 8 (max 8)
- age   1:    3320504 bytes,    3320504 total
- age   2:    1832568 bytes,    5153072 total
- age   3:    3224440 bytes,    8377512 total
- age   4:     251008 bytes,    8628520 total
- age   5:     135688 bytes,    8764208 total
- age   6:     441480 bytes,    9205688 total
- age   7:     657880 bytes,    9863568 total
- age   8:     128072 bytes,    9991640 total
: 101640K->11579K(109248K), 0.0294523 secs] 301061K->211956K(502464K), 0.0295755 secs] [Times: user=0.05 sys=0.00, real=0.02 secs] 
Heap after GC invocations=202 (full 12):
 par new generation   total 109248K, used 11579K [0x00000000e0000000, 0x00000000e8000000, 0x00000000e8000000)
  eden space 87424K,   0% used [0x00000000e0000000, 0x00000000e0000000, 0x00000000e5560000)
  from space 21824K,  53% used [0x00000000e5560000, 0x00000000e60aeda8, 0x00000000e6ab0000)
  to   space 21824K,   0% used [0x00000000e6ab0000, 0x00000000e6ab0000, 0x00000000e8000000)
 concurrent mark-sweep generation total 393216K, used 200377K [0x00000000e8000000, 0x0000000100000000, 0x0000000100000000)
 Metaspace       used 46742K, capacity 48595K, committed 49624K, reserved 1093632K
  class space    used 5104K, capacity 5503K, committed 5628K, reserved 1048576K
}
2018-10-23T07:42:26.168+0000: 216.114: Total time for which application threads were stopped: 0.0301977 seconds, Stopping threads took: 0.0001001 seconds
2018-10-23T07:42:26.310+0000: 216.255: [CMS-concurrent-mark: 0.496/0.714 secs] [Times: user=1.29 sys=0.00, real=0.72 secs] 
2018-10-23T07:42:26.310+0000: 216.255: [CMS-concurrent-preclean-start]
2018-10-23T07:42:26.324+0000: 216.270: [CMS-concurrent-preclean: 0.009/0.014 secs] [Times: user=0.03 sys=0.00, real=0.01 secs] 
2018-10-23T07:42:26.324+0000: 216.270: [CMS-concurrent-abortable-preclean-start]
{Heap before GC invocations=202 (full 12):
 par new generation   total 109248K, used 99003K [0x00000000e0000000, 0x00000000e8000000, 0x00000000e8000000)
  eden space 87424K, 100% used [0x00000000e0000000, 0x00000000e5560000, 0x00000000e5560000)
  from space 21824K,  53% used [0x00000000e5560000, 0x00000000e60aeda8, 0x00000000e6ab0000)
  to   space 21824K,   0% used [0x00000000e6ab0000, 0x00000000e6ab0000, 0x00000000e8000000)
 concurrent mark-sweep generation total 393216K, used 200377K [0x00000000e8000000, 0x0000000100000000, 0x0000000100000000)
 Metaspace       used 46742K, capacity 48595K, committed 49624K, reserved 1093632K
  class space    used 5104K, capacity 5503K, committed 5628K, reserved 1048576K
2018-10-23T07:42:26.390+0000: 216.336: [GC (Allocation Failure) 2018-10-23T07:42:26.390+0000: 216.336: [ParNew
Desired survivor size 20112992 bytes, new threshold 8 (max 8)
- age   1:    3615272 bytes,    3615272 total
- age   2:    2433712 bytes,    6048984 total
- age   3:    1794192 bytes,    7843176 total
- age   4:    3216408 bytes,   11059584 total
- age   5:     251008 bytes,   11310592 total
- age   6:     135688 bytes,   11446280 total
- age   7:     441480 bytes,   11887760 total
- age   8:     657880 bytes,   12545640 total
: 99003K->15058K(109248K), 0.0487037 secs] 299380K->215560K(502464K), 0.0488234 secs] [Times: user=0.07 sys=0.00, real=0.05 secs] 
Heap after GC invocations=203 (full 12):
 par new generation   total 109248K, used 15058K [0x00000000e0000000, 0x00000000e8000000, 0x00000000e8000000)
  eden space 87424K,   0% used [0x00000000e0000000, 0x00000000e0000000, 0x00000000e5560000)
  from space 21824K,  68% used [0x00000000e6ab0000, 0x00000000e7964908, 0x00000000e8000000)
  to   space 21824K,   0% used [0x00000000e5560000, 0x00000000e5560000, 0x00000000e6ab0000)
 concurrent mark-sweep generation total 393216K, used 200502K [0x00000000e8000000, 0x0000000100000000, 0x0000000100000000)
 Metaspace       used 46742K, capacity 48595K, committed 49624K, reserved 1093632K
  class space    used 5104K, capacity 5503K, committed 5628K, reserved 1048576K
}
2018-10-23T07:42:26.439+0000: 216.385: Total time for which application threads were stopped: 0.0521617 seconds, Stopping threads took: 0.0028049 seconds
2018-10-23T07:42:26.633+0000: 216.579: Total time for which application threads were stopped: 0.0140145 seconds, Stopping threads took: 0.0135967 seconds
2018-10-23T07:42:26.641+0000: 216.587: [CMS-concurrent-abortable-preclean: 0.247/0.317 secs] [Times: user=0.58 sys=0.00, real=0.32 secs] 
2018-10-23T07:42:26.650+0000: 216.596: [GC (CMS Final Remark) [YG occupancy: 79285 K (109248 K)]{Heap before GC invocations=203 (full 12):
 par new generation   total 109248K, used 79285K [0x00000000e0000000, 0x00000000e8000000, 0x00000000e8000000)
  eden space 87424K,  73% used [0x00000000e0000000, 0x00000000e3eb8bb8, 0x00000000e5560000)
  from space 21824K,  68% used [0x00000000e6ab0000, 0x00000000e7964908, 0x00000000e8000000)
  to   space 21824K,   0% used [0x00000000e5560000, 0x00000000e5560000, 0x00000000e6ab0000)
 concurrent mark-sweep generation total 393216K, used 200502K [0x00000000e8000000, 0x0000000100000000, 0x0000000100000000)
 Metaspace       used 46758K, capacity 48595K, committed 49624K, reserved 1093632K
  class space    used 5104K, capacity 5503K, committed 5628K, reserved 1048576K
2018-10-23T07:42:26.650+0000: 216.596: [GC (CMS Final Remark) 2018-10-23T07:42:26.650+0000: 216.596: [ParNew
Desired survivor size 20112992 bytes, new threshold 8 (max 8)
- age   1:    3308736 bytes,    3308736 total
- age   2:    2881624 bytes,    6190360 total
- age   3:    1215704 bytes,    7406064 total
- age   4:    1683344 bytes,    9089408 total
- age   5:    2329304 bytes,   11418712 total
- age   6:     251008 bytes,   11669720 total
- age   7:     135688 bytes,   11805408 total
- age   8:     441120 bytes,   12246528 total
: 79285K->19844K(109248K), 0.0303166 secs] 279787K->220989K(502464K), 0.0303947 secs] [Times: user=0.02 sys=0.00, real=0.03 secs] 
Heap after GC invocations=204 (full 12):
 par new generation   total 109248K, used 19844K [0x00000000e0000000, 0x00000000e8000000, 0x00000000e8000000)
  eden space 87424K,   0% used [0x00000000e0000000, 0x00000000e0000000, 0x00000000e5560000)
  from space 21824K,  90% used [0x00000000e5560000, 0x00000000e68c1320, 0x00000000e6ab0000)
  to   space 21824K,   0% used [0x00000000e6ab0000, 0x00000000e6ab0000, 0x00000000e8000000)
 concurrent mark-sweep generation total 393216K, used 201144K [0x00000000e8000000, 0x0000000100000000, 0x0000000100000000)
 Metaspace       used 46758K, capacity 48595K, committed 49624K, reserved 1093632K
  class space    used 5104K, capacity 5503K, committed 5628K, reserved 1048576K
}
2018-10-23T07:42:26.681+0000: 216.626: [Rescan (parallel) , 0.0379527 secs]2018-10-23T07:42:26.719+0000: 216.664: [weak refs processing, 0.0034011 secs]2018-10-23T07:42:26.722+0000: 216.668: [class unloading, 0.0174041 secs]2018-10-23T07:42:26.739+0000: 216.685: [scrub symbol table, 0.0127169 secs]2018-10-23T07:42:26.752+0000: 216.698: [scrub string table, 0.0009069 secs][1 CMS-remark: 201144K(393216K)] 220989K(502464K), 0.1031685 secs] [Times: user=0.08 sys=0.00, real=0.10 secs] 
2018-10-23T07:42:26.753+0000: 216.699: Total time for which application threads were stopped: 0.1090054 seconds, Stopping threads took: 0.0053531 seconds
2018-10-23T07:42:26.754+0000: 216.700: [CMS-concurrent-sweep-start]
2018-10-23T07:42:26.826+0000: 216.772: Total time for which application threads were stopped: 0.0162626 seconds, Stopping threads took: 0.0157765 seconds
{Heap before GC invocations=204 (full 12):
 par new generation   total 109248K, used 107268K [0x00000000e0000000, 0x00000000e8000000, 0x00000000e8000000)
  eden space 87424K, 100% used [0x00000000e0000000, 0x00000000e5560000, 0x00000000e5560000)
  from space 21824K,  90% used [0x00000000e5560000, 0x00000000e68c1320, 0x00000000e6ab0000)
  to   space 21824K,   0% used [0x00000000e6ab0000, 0x00000000e6ab0000, 0x00000000e8000000)
 concurrent mark-sweep generation total 393216K, used 190289K [0x00000000e8000000, 0x0000000100000000, 0x0000000100000000)
 Metaspace       used 46760K, capacity 48595K, committed 49624K, reserved 1093632K
  class space    used 5104K, capacity 5503K, committed 5628K, reserved 1048576K
2018-10-23T07:42:26.910+0000: 216.856: [GC (Allocation Failure) 2018-10-23T07:42:26.910+0000: 216.856: [ParNew
Desired survivor size 20112992 bytes, new threshold 8 (max 8)
- age   1:    5653032 bytes,    5653032 total
- age   2:    2297520 bytes,    7950552 total
- age   3:    1544296 bytes,    9494848 total
- age   4:     433272 bytes,    9928120 total
- age   5:     775736 bytes,   10703856 total
- age   6:    1381520 bytes,   12085376 total
- age   7:     251008 bytes,   12336384 total
- age   8:     135688 bytes,   12472072 total
: 107268K->14562K(109248K), 0.0733174 secs] 297558K->205283K(502464K), 0.0734599 secs] [Times: user=0.04 sys=0.00, real=0.07 secs] 
Heap after GC invocations=205 (full 12):
 par new generation   total 109248K, used 14562K [0x00000000e0000000, 0x00000000e8000000, 0x00000000e8000000)
  eden space 87424K,   0% used [0x00000000e0000000, 0x00000000e0000000, 0x00000000e5560000)
  from space 21824K,  66% used [0x00000000e6ab0000, 0x00000000e78e8870, 0x00000000e8000000)
  to   space 21824K,   0% used [0x00000000e5560000, 0x00000000e5560000, 0x00000000e6ab0000)
 concurrent mark-sweep generation total 393216K, used 190721K [0x00000000e8000000, 0x0000000100000000, 0x0000000100000000)
 Metaspace       used 46760K, capacity 48595K, committed 49624K, reserved 1093632K
  class space    used 5104K, capacity 5503K, committed 5628K, reserved 1048576K
}
2018-10-23T07:42:26.984+0000: 216.930: Total time for which application threads were stopped: 0.0936488 seconds, Stopping threads took: 0.0195501 seconds
2018-10-23T07:42:27.033+0000: 216.979: Total time for which application threads were stopped: 0.0028598 seconds, Stopping threads took: 0.0024258 seconds
2018-10-23T07:42:27.090+0000: 217.035: [CMS-concurrent-sweep: 0.224/0.336 secs] [Times: user=0.71 sys=0.00, real=0.33 secs] 
2018-10-23T07:42:27.090+0000: 217.035: [CMS-concurrent-reset-start]
2018-10-23T07:42:27.091+0000: 217.036: [CMS-concurrent-reset: 0.001/0.001 secs] [Times: user=0.00 sys=0.00, real=0.00 secs] 
{Heap before GC invocations=205 (full 12):
 par new generation   total 109248K, used 101986K [0x00000000e0000000, 0x00000000e8000000, 0x00000000e8000000)
  eden space 87424K, 100% used [0x00000000e0000000, 0x00000000e5560000, 0x00000000e5560000)
  from space 21824K,  66% used [0x00000000e6ab0000, 0x00000000e78e8870, 0x00000000e8000000)
  to   space 21824K,   0% used [0x00000000e5560000, 0x00000000e5560000, 0x00000000e6ab0000)
 concurrent mark-sweep generation total 393216K, used 181492K [0x00000000e8000000, 0x0000000100000000, 0x0000000100000000)
 Metaspace       used 46761K, capacity 48595K, committed 49624K, reserved 1093632K
  class space    used 5104K, capacity 5503K, committed 5628K, reserved 1048576K
2018-10-23T07:42:27.107+0000: 217.053: [GC (Allocation Failure) 2018-10-23T07:42:27.107+0000: 217.053: [ParNew
Desired survivor size 20112992 bytes, new threshold 8 (max 8)
- age   1:    5249784 bytes,    5249784 total
- age   2:    3915792 bytes,    9165576 total
- age   3:    1671040 bytes,   10836616 total
- age   4:     217448 bytes,   11054064 total
- age   5:      95680 bytes,   11149744 total
- age   6:     508128 bytes,   11657872 total
- age   7:     718584 bytes,   12376456 total
- age   8:     251008 bytes,   12627464 total
: 101986K->15884K(109248K), 0.0162312 secs] 283478K->197509K(502464K), 0.0163331 secs] [Times: user=0.05 sys=0.00, real=0.02 secs] 
Heap after GC invocations=206 (full 12):
 par new generation   total 109248K, used 15884K [0x00000000e0000000, 0x00000000e8000000, 0x00000000e8000000)
  eden space 87424K,   0% used [0x00000000e0000000, 0x00000000e0000000, 0x00000000e5560000)
  from space 21824K,  72% used [0x00000000e5560000, 0x00000000e64e33d0, 0x00000000e6ab0000)
  to   space 21824K,   0% used [0x00000000e6ab0000, 0x00000000e6ab0000, 0x00000000e8000000)
 concurrent mark-sweep generation total 393216K, used 181624K [0x00000000e8000000, 0x0000000100000000, 0x0000000100000000)
 Metaspace       used 46761K, capacity 48595K, committed 49624K, reserved 1093632K
  class space    used 5104K, capacity 5503K, committed 5628K, reserved 1048576K
}
2018-10-23T07:42:27.123+0000: 217.069: Total time for which application threads were stopped: 0.0200729 seconds, Stopping threads took: 0.0031907 seconds
{Heap before GC invocations=206 (full 12):
 par new generation   total 109248K, used 103308K [0x00000000e0000000, 0x00000000e8000000, 0x00000000e8000000)
  eden space 87424K,  99% used [0x00000000e0000000, 0x00000000e555fdb0, 0x00000000e5560000)
  from space 21824K,  72% used [0x00000000e5560000, 0x00000000e64e33d0, 0x00000000e6ab0000)
  to   space 21824K,   0% used [0x00000000e6ab0000, 0x00000000e6ab0000, 0x00000000e8000000)
 concurrent mark-sweep generation total 393216K, used 181624K [0x00000000e8000000, 0x0000000100000000, 0x0000000100000000)
 Metaspace       used 46762K, capacity 48595K, committed 49624K, reserved 1093632K
  class space    used 5104K, capacity 5503K, committed 5628K, reserved 1048576K
2018-10-23T07:42:27.322+0000: 217.268: [GC (Allocation Failure) 2018-10-23T07:42:27.322+0000: 217.268: [ParNew
Desired survivor size 20112992 bytes, new threshold 8 (max 8)
- age   1:    2730080 bytes,    2730080 total
- age   2:    4862136 bytes,    7592216 total
- age   3:    3913840 bytes,   11506056 total
- age   4:    1670968 bytes,   13177024 total
- age   5:     217448 bytes,   13394472 total
- age   6:      95680 bytes,   13490152 total
- age   7:     507216 bytes,   13997368 total
- age   8:     718584 bytes,   14715952 total
: 103308K->16360K(109248K), 0.0315111 secs] 284933K->198230K(502464K), 0.0316421 secs] [Times: user=0.03 sys=0.00, real=0.03 secs] 
Heap after GC invocations=207 (full 12):
 par new generation   total 109248K, used 16360K [0x00000000e0000000, 0x00000000e8000000, 0x00000000e8000000)
  eden space 87424K,   0% used [0x00000000e0000000, 0x00000000e0000000, 0x00000000e5560000)
  from space 21824K,  74% used [0x00000000e6ab0000, 0x00000000e7aaa020, 0x00000000e8000000)
  to   space 21824K,   0% used [0x00000000e5560000, 0x00000000e5560000, 0x00000000e6ab0000)
 concurrent mark-sweep generation total 393216K, used 181870K [0x00000000e8000000, 0x0000000100000000, 0x0000000100000000)
 Metaspace       used 46762K, capacity 48595K, committed 49624K, reserved 1093632K
  class space    used 5104K, capacity 5503K, committed 5628K, reserved 1048576K
}
2018-10-23T07:42:27.354+0000: 217.300: Total time for which application threads were stopped: 0.0376982 seconds, Stopping threads took: 0.0055075 seconds
2018-10-23T07:42:27.604+0000: 217.550: Total time for which application threads were stopped: 0.0036185 seconds, Stopping threads took: 0.0031184 seconds
{Heap before GC invocations=207 (full 12):
 par new generation   total 109248K, used 103784K [0x00000000e0000000, 0x00000000e8000000, 0x00000000e8000000)
  eden space 87424K, 100% used [0x00000000e0000000, 0x00000000e5560000, 0x00000000e5560000)
  from space 21824K,  74% used [0x00000000e6ab0000, 0x00000000e7aaa020, 0x00000000e8000000)
  to   space 21824K,   0% used [0x00000000e5560000, 0x00000000e5560000, 0x00000000e6ab0000)
 concurrent mark-sweep generation total 393216K, used 181870K [0x00000000e8000000, 0x0000000100000000, 0x0000000100000000)
 Metaspace       used 46763K, capacity 48595K, committed 49624K, reserved 1093632K
  class space    used 5104K, capacity 5503K, committed 5628K, reserved 1048576K
2018-10-23T07:42:27.620+0000: 217.566: [GC (Allocation Failure) 2018-10-23T07:42:27.620+0000: 217.566: [ParNew
Desired survivor size 20112992 bytes, new threshold 8 (max 8)
- age   1:    6034816 bytes,    6034816 total
- age   2:    2270688 bytes,    8305504 total
- age   3:    3200640 bytes,   11506144 total
- age   4:    3406096 bytes,   14912240 total
- age   5:    1184824 bytes,   16097064 total
- age   6:     217448 bytes,   16314512 total
- age   7:      95680 bytes,   16410192 total
- age   8:     506288 bytes,   16916480 total
: 103784K->21824K(109248K), 0.0259925 secs] 285654K->204396K(502464K), 0.0260872 secs] [Times: user=0.04 sys=0.00, real=0.02 secs] 
Heap after GC invocations=208 (full 12):
 par new generation   total 109248K, used 21824K [0x00000000e0000000, 0x00000000e8000000, 0x00000000e8000000)
  eden space 87424K,   0% used [0x00000000e0000000, 0x00000000e0000000, 0x00000000e5560000)
  from space 21824K, 100% used [0x00000000e5560000, 0x00000000e6ab0000, 0x00000000e6ab0000)
  to   space 21824K,   0% used [0x00000000e6ab0000, 0x00000000e6ab0000, 0x00000000e8000000)
 concurrent mark-sweep generation total 393216K, used 182572K [0x00000000e8000000, 0x0000000100000000, 0x0000000100000000)
 Metaspace       used 46763K, capacity 48595K, committed 49624K, reserved 1093632K
  class space    used 5104K, capacity 5503K, committed 5628K, reserved 1048576K
}
2018-10-23T07:42:27.646+0000: 217.592: Total time for which application threads were stopped: 0.0379168 seconds, Stopping threads took: 0.0113123 seconds
2018-10-23T07:42:27.653+0000: 217.599: Total time for which application threads were stopped: 0.0024130 seconds, Stopping threads took: 0.0019919 seconds
2018-10-23T07:42:27.819+0000: 217.765: Total time for which application threads were stopped: 0.0132567 seconds, Stopping threads took: 0.0127925 seconds
{Heap before GC invocations=208 (full 12):
 par new generation   total 109248K, used 109248K [0x00000000e0000000, 0x00000000e8000000, 0x00000000e8000000)
  eden space 87424K, 100% used [0x00000000e0000000, 0x00000000e5560000, 0x00000000e5560000)
  from space 21824K, 100% used [0x00000000e5560000, 0x00000000e6ab0000, 0x00000000e6ab0000)
  to   space 21824K,   0% used [0x00000000e6ab0000, 0x00000000e6ab0000, 0x00000000e8000000)
 concurrent mark-sweep generation total 393216K, used 182572K [0x00000000e8000000, 0x0000000100000000, 0x0000000100000000)
 Metaspace       used 46767K, capacity 48595K, committed 49624K, reserved 1093632K
  class space    used 5104K, capacity 5503K, committed 5628K, reserved 1048576K
2018-10-23T07:42:27.886+0000: 217.832: [GC (Allocation Failure) 2018-10-23T07:42:27.886+0000: 217.832: [ParNew
Desired survivor size 20112992 bytes, new threshold 8 (max 8)
- age   1:    4728944 bytes,    4728944 total
- age   2:    3992880 bytes,    8721824 total
- age   3:    1963304 bytes,   10685128 total
- age   4:    2638368 bytes,   13323496 total
- age   5:    2060288 bytes,   15383784 total
- age   6:     220376 bytes,   15604160 total
- age   7:     217448 bytes,   15821608 total
- age   8:      92408 bytes,   15914016 total
: 109248K->18687K(109248K), 0.0330464 secs] 291820K->201686K(502464K), 0.0331765 secs] [Times: user=0.02 sys=0.00, real=0.04 secs] 
Heap after GC invocations=209 (full 12):
 par new generation   total 109248K, used 18687K [0x00000000e0000000, 0x00000000e8000000, 0x00000000e8000000)
  eden space 87424K,   0% used [0x00000000e0000000, 0x00000000e0000000, 0x00000000e5560000)
  from space 21824K,  85% used [0x00000000e6ab0000, 0x00000000e7cefe00, 0x00000000e8000000)
  to   space 21824K,   0% used [0x00000000e5560000, 0x00000000e5560000, 0x00000000e6ab0000)
 concurrent mark-sweep generation total 393216K, used 182998K [0x00000000e8000000, 0x0000000100000000, 0x0000000100000000)
 Metaspace       used 46767K, capacity 48595K, committed 49624K, reserved 1093632K
  class space    used 5104K, capacity 5503K, committed 5628K, reserved 1048576K
}
2018-10-23T07:42:27.919+0000: 217.865: Total time for which application threads were stopped: 0.0377187 seconds, Stopping threads took: 0.0039903 seconds
{Heap before GC invocations=209 (full 12):
 par new generation   total 109248K, used 106111K [0x00000000e0000000, 0x00000000e8000000, 0x00000000e8000000)
  eden space 87424K, 100% used [0x00000000e0000000, 0x00000000e5560000, 0x00000000e5560000)
  from space 21824K,  85% used [0x00000000e6ab0000, 0x00000000e7cefe00, 0x00000000e8000000)
  to   space 21824K,   0% used [0x00000000e5560000, 0x00000000e5560000, 0x00000000e6ab0000)
 concurrent mark-sweep generation total 393216K, used 182998K [0x00000000e8000000, 0x0000000100000000, 0x0000000100000000)
 Metaspace       used 46770K, capacity 48595K, committed 49624K, reserved 1093632K
  class space    used 5104K, capacity 5503K, committed 5628K, reserved 1048576K
2018-10-23T07:42:28.097+0000: 218.043: [GC (Allocation Failure) 2018-10-23T07:42:28.097+0000: 218.043: [ParNew
Desired survivor size 20112992 bytes, new threshold 8 (max 8)
- age   1:    4076720 bytes,    4076720 total
- age   2:    2964080 bytes,    7040800 total
- age   3:    3265728 bytes,   10306528 total
- age   4:    1770664 bytes,   12077192 total
- age   5:    1925928 bytes,   14003120 total
- age   6:    1560456 bytes,   15563576 total
- age   7:     219424 bytes,   15783000 total
- age   8:     217448 bytes,   16000448 total
: 106111K->20987K(109248K), 0.0421972 secs] 289110K->204076K(502464K), 0.0423346 secs] [Times: user=0.02 sys=0.00, real=0.05 secs] 
Heap after GC invocations=210 (full 12):
 par new generation   total 109248K, used 20987K [0x00000000e0000000, 0x00000000e8000000, 0x00000000e8000000)
  eden space 87424K,   0% used [0x00000000e0000000, 0x00000000e0000000, 0x00000000e5560000)
  from space 21824K,  96% used [0x00000000e5560000, 0x00000000e69dee80, 0x00000000e6ab0000)
  to   space 21824K,   0% used [0x00000000e6ab0000, 0x00000000e6ab0000, 0x00000000e8000000)
 concurrent mark-sweep generation total 393216K, used 183088K [0x00000000e8000000, 0x0000000100000000, 0x0000000100000000)
 Metaspace       used 46770K, capacity 48595K, committed 49624K, reserved 1093632K
  class space    used 5104K, capacity 5503K, committed 5628K, reserved 1048576K
}
2018-10-23T07:42:28.139+0000: 218.085: Total time for which application threads were stopped: 0.0429438 seconds, Stopping threads took: 0.0000650 seconds
2018-10-23T07:42:28.301+0000: 218.247: Total time for which application threads were stopped: 0.0026259 seconds, Stopping threads took: 0.0022436 seconds
2018-10-23T07:42:28.313+0000: 218.259: Total time for which application threads were stopped: 0.0111665 seconds, Stopping threads took: 0.0108448 seconds
{Heap before GC invocations=210 (full 12):
 par new generation   total 109248K, used 108411K [0x00000000e0000000, 0x00000000e8000000, 0x00000000e8000000)
  eden space 87424K, 100% used [0x00000000e0000000, 0x00000000e5560000, 0x00000000e5560000)
  from space 21824K,  96% used [0x00000000e5560000, 0x00000000e69dee80, 0x00000000e6ab0000)
  to   space 21824K,   0% used [0x00000000e6ab0000, 0x00000000e6ab0000, 0x00000000e8000000)
 concurrent mark-sweep generation total 393216K, used 183088K [0x00000000e8000000, 0x0000000100000000, 0x0000000100000000)
 Metaspace       used 46771K, capacity 48595K, committed 49624K, reserved 1093632K
  class space    used 5105K, capacity 5503K, committed 5628K, reserved 1048576K
2018-10-23T07:42:28.342+0000: 218.288: [GC (Allocation Failure) 2018-10-23T07:42:28.342+0000: 218.288: [ParNew
Desired survivor size 20112992 bytes, new threshold 8 (max 8)
- age   1:    3689072 bytes,    3689072 total
- age   2:    2686128 bytes,    6375200 total
- age   3:    2928736 bytes,    9303936 total
- age   4:    3264880 bytes,   12568816 total
- age   5:    1770664 bytes,   14339480 total
- age   6:    1924280 bytes,   16263760 total
- age   7:    1560160 bytes,   17823920 total
- age   8:     218768 bytes,   18042688 total
: 108411K->21054K(109248K), 0.0242031 secs] 291500K->204355K(502464K), 0.0243034 secs] [Times: user=0.04 sys=0.00, real=0.02 secs] 
Heap after GC invocations=211 (full 12):
 par new generation   total 109248K, used 21054K [0x00000000e0000000, 0x00000000e8000000, 0x00000000e8000000)
  eden space 87424K,   0% used [0x00000000e0000000, 0x00000000e0000000, 0x00000000e5560000)
  from space 21824K,  96% used [0x00000000e6ab0000, 0x00000000e7f3f980, 0x00000000e8000000)
  to   space 21824K,   0% used [0x00000000e5560000, 0x00000000e5560000, 0x00000000e6ab0000)
 concurrent mark-sweep generation total 393216K, used 183301K [0x00000000e8000000, 0x0000000100000000, 0x0000000100000000)
 Metaspace       used 46771K, capacity 48595K, committed 49624K, reserved 1093632K
  class space    used 5105K, capacity 5503K, committed 5628K, reserved 1048576K
}
2018-10-23T07:42:28.367+0000: 218.312: Total time for which application threads were stopped: 0.0329337 seconds, Stopping threads took: 0.0080742 seconds
2018-10-23T07:42:28.382+0000: 218.328: Total time for which application threads were stopped: 0.0006191 seconds, Stopping threads took: 0.0001431 seconds
2018-10-23T07:42:28.383+0000: 218.329: Total time for which application threads were stopped: 0.0002749 seconds, Stopping threads took: 0.0000610 seconds
2018-10-23T07:42:28.384+0000: 218.329: Total time for which application threads were stopped: 0.0002769 seconds, Stopping threads took: 0.0000623 seconds
2018-10-23T07:42:28.384+0000: 218.330: Total time for which application threads were stopped: 0.0002566 seconds, Stopping threads took: 0.0000534 seconds
2018-10-23T07:42:28.391+0000: 218.337: Total time for which application threads were stopped: 0.0003852 seconds, Stopping threads took: 0.0000804 seconds
2018-10-23T07:42:28.398+0000: 218.344: Total time for which application threads were stopped: 0.0004939 seconds, Stopping threads took: 0.0001775 seconds
2018-10-23T07:42:28.408+0000: 218.353: Total time for which application threads were stopped: 0.0013521 seconds, Stopping threads took: 0.0011091 seconds
2018-10-23T07:42:28.409+0000: 218.355: Total time for which application threads were stopped: 0.0003854 seconds, Stopping threads took: 0.0001627 seconds
2018-10-23T07:42:28.409+0000: 218.355: Total time for which application threads were stopped: 0.0002445 seconds, Stopping threads took: 0.0000556 seconds
2018-10-23T07:42:28.410+0000: 218.356: Total time for which application threads were stopped: 0.0003815 seconds, Stopping threads took: 0.0000851 seconds
{Heap before GC invocations=211 (full 12):
 par new generation   total 109248K, used 108478K [0x00000000e0000000, 0x00000000e8000000, 0x00000000e8000000)
  eden space 87424K, 100% used [0x00000000e0000000, 0x00000000e5560000, 0x00000000e5560000)
  from space 21824K,  96% used [0x00000000e6ab0000, 0x00000000e7f3f980, 0x00000000e8000000)
  to   space 21824K,   0% used [0x00000000e5560000, 0x00000000e5560000, 0x00000000e6ab0000)
 concurrent mark-sweep generation total 393216K, used 183301K [0x00000000e8000000, 0x0000000100000000, 0x0000000100000000)
 Metaspace       used 46776K, capacity 48595K, committed 49624K, reserved 1093632K
  class space    used 5105K, capacity 5503K, committed 5628K, reserved 1048576K
2018-10-23T07:42:28.555+0000: 218.501: [GC (Allocation Failure) 2018-10-23T07:42:28.555+0000: 218.501: [ParNew
Desired survivor size 20112992 bytes, new threshold 8 (max 8)
- age   1:    3423168 bytes,    3423168 total
- age   2:    2594864 bytes,    6018032 total
- age   3:    2189280 bytes,    8207312 total
- age   4:    2928760 bytes,   11136072 total
- age   5:    3264384 bytes,   14400456 total
- age   6:    1770664 bytes,   16171120 total
- age   7:    1924280 bytes,   18095400 total
- age   8:    1560160 bytes,   19655560 total
: 108478K->21824K(109248K), 0.0249593 secs] 291779K->205339K(502464K), 0.0251011 secs] [Times: user=0.06 sys=0.00, real=0.03 secs] 
Heap after GC invocations=212 (full 12):
 par new generation   total 109248K, used 21824K [0x00000000e0000000, 0x00000000e8000000, 0x00000000e8000000)
  eden space 87424K,   0% used [0x00000000e0000000, 0x00000000e0000000, 0x00000000e5560000)
  from space 21824K, 100% used [0x00000000e5560000, 0x00000000e6ab0000, 0x00000000e6ab0000)
  to   space 21824K,   0% used [0x00000000e6ab0000, 0x00000000e6ab0000, 0x00000000e8000000)
 concurrent mark-sweep generation total 393216K, used 183515K [0x00000000e8000000, 0x0000000100000000, 0x0000000100000000)
 Metaspace       used 46776K, capacity 48595K, committed 49624K, reserved 1093632K
  class space    used 5105K, capacity 5503K, committed 5628K, reserved 1048576K
}
2018-10-23T07:42:28.581+0000: 218.526: Total time for which application threads were stopped: 0.0257095 seconds, Stopping threads took: 0.0000841 seconds
2018-10-23T07:42:28.632+0000: 218.578: Total time for which application threads were stopped: 0.0068255 seconds, Stopping threads took: 0.0063995 seconds
2018-10-23T07:42:28.674+0000: 218.620: Total time for which application threads were stopped: 0.0121261 seconds, Stopping threads took: 0.0116343 seconds
{Heap before GC invocations=212 (full 12):
 par new generation   total 109248K, used 109248K [0x00000000e0000000, 0x00000000e8000000, 0x00000000e8000000)
  eden space 87424K, 100% used [0x00000000e0000000, 0x00000000e5560000, 0x00000000e5560000)
  from space 21824K, 100% used [0x00000000e5560000, 0x00000000e6ab0000, 0x00000000e6ab0000)
  to   space 21824K,   0% used [0x00000000e6ab0000, 0x00000000e6ab0000, 0x00000000e8000000)
 concurrent mark-sweep generation total 393216K, used 183515K [0x00000000e8000000, 0x0000000100000000, 0x0000000100000000)
 Metaspace       used 46777K, capacity 48659K, committed 49624K, reserved 1093632K
  class space    used 5105K, capacity 5503K, committed 5628K, reserved 1048576K
2018-10-23T07:42:28.773+0000: 218.719: [GC (Allocation Failure) 2018-10-23T07:42:28.773+0000: 218.719: [ParNew
Desired survivor size 20112992 bytes, new threshold 8 (max 8)
- age   1:    4547560 bytes,    4547560 total
- age   2:     634792 bytes,    5182352 total
- age   3:    1337608 bytes,    6519960 total
- age   4:    1584840 bytes,    8104800 total
- age   5:    1915880 bytes,   10020680 total
- age   6:    2738712 bytes,   12759392 total
- age   7:    1770664 bytes,   14530056 total
- age   8:    1924280 bytes,   16454336 total
: 109248K->21824K(109248K), 0.0291829 secs] 292763K->207007K(502464K), 0.0293309 secs] [Times: user=0.07 sys=0.00, real=0.03 secs] 
Heap after GC invocations=213 (full 12):
 par new generation   total 109248K, used 21824K [0x00000000e0000000, 0x00000000e8000000, 0x00000000e8000000)
  eden space 87424K,   0% used [0x00000000e0000000, 0x00000000e0000000, 0x00000000e5560000)
  from space 21824K, 100% used [0x00000000e6ab0000, 0x00000000e8000000, 0x00000000e8000000)
  to   space 21824K,   0% used [0x00000000e5560000, 0x00000000e5560000, 0x00000000e6ab0000)
 concurrent mark-sweep generation total 393216K, used 185183K [0x00000000e8000000, 0x0000000100000000, 0x0000000100000000)
 Metaspace       used 46777K, capacity 48659K, committed 49624K, reserved 1093632K
  class space    used 5105K, capacity 5503K, committed 5628K, reserved 1048576K
}
2018-10-23T07:42:28.802+0000: 218.748: Total time for which application threads were stopped: 0.0404413 seconds, Stopping threads took: 0.0105502 seconds
2018-10-23T07:42:28.842+0000: 218.788: Total time for which application threads were stopped: 0.0047211 seconds, Stopping threads took: 0.0042575 seconds
{Heap before GC invocations=213 (full 12):
 par new generation   total 109248K, used 109248K [0x00000000e0000000, 0x00000000e8000000, 0x00000000e8000000)
  eden space 87424K, 100% used [0x00000000e0000000, 0x00000000e5560000, 0x00000000e5560000)
  from space 21824K, 100% used [0x00000000e6ab0000, 0x00000000e8000000, 0x00000000e8000000)
  to   space 21824K,   0% used [0x00000000e5560000, 0x00000000e5560000, 0x00000000e6ab0000)
 concurrent mark-sweep generation total 393216K, used 185183K [0x00000000e8000000, 0x0000000100000000, 0x0000000100000000)
 Metaspace       used 46789K, capacity 48659K, committed 49624K, reserved 1093632K
  class space    used 5105K, capacity 5503K, committed 5628K, reserved 1048576K
2018-10-23T07:42:28.988+0000: 218.934: [GC (Allocation Failure) 2018-10-23T07:42:28.988+0000: 218.934: [ParNew
Desired survivor size 20112992 bytes, new threshold 8 (max 8)
- age   1:    5615728 bytes,    5615728 total
- age   2:    2288016 bytes,    7903744 total
- age   3:     204248 bytes,    8107992 total
- age   4:     470840 bytes,    8578832 total
- age   5:     607976 bytes,    9186808 total
- age   6:     992800 bytes,   10179608 total
- age   7:    2738712 bytes,   12918320 total
- age   8:    1770664 bytes,   14688984 total
: 109248K->18543K(109248K), 0.0909574 secs] 294431K->205606K(502464K), 0.0910895 secs] [Times: user=0.10 sys=0.00, real=0.10 secs] 
Heap after GC invocations=214 (full 12):
 par new generation   total 109248K, used 18543K [0x00000000e0000000, 0x00000000e8000000, 0x00000000e8000000)
  eden space 87424K,   0% used [0x00000000e0000000, 0x00000000e0000000, 0x00000000e5560000)
  from space 21824K,  84% used [0x00000000e5560000, 0x00000000e677bd50, 0x00000000e6ab0000)
  to   space 21824K,   0% used [0x00000000e6ab0000, 0x00000000e6ab0000, 0x00000000e8000000)
 concurrent mark-sweep generation total 393216K, used 187062K [0x00000000e8000000, 0x0000000100000000, 0x0000000100000000)
 Metaspace       used 46789K, capacity 48659K, committed 49624K, reserved 1093632K
  class space    used 5105K, capacity 5503K, committed 5628K, reserved 1048576K
}
2018-10-23T07:42:29.079+0000: 219.025: Total time for which application threads were stopped: 0.0936842 seconds, Stopping threads took: 0.0020620 seconds
2018-10-23T07:42:29.108+0000: 219.053: Total time for which application threads were stopped: 0.0090211 seconds, Stopping threads took: 0.0085565 seconds
2018-10-23T07:42:29.109+0000: 219.054: Total time for which application threads were stopped: 0.0002359 seconds, Stopping threads took: 0.0000230 seconds
2018-10-23T07:42:29.126+0000: 219.072: Total time for which application threads were stopped: 0.0052619 seconds, Stopping threads took: 0.0048506 seconds
2018-10-23T07:42:29.127+0000: 219.072: Total time for which application threads were stopped: 0.0002585 seconds, Stopping threads took: 0.0000509 seconds
2018-10-23T07:42:29.127+0000: 219.073: Total time for which application threads were stopped: 0.0002571 seconds, Stopping threads took: 0.0000475 seconds
2018-10-23T07:42:29.127+0000: 219.073: Total time for which application threads were stopped: 0.0002543 seconds, Stopping threads took: 0.0000465 seconds
2018-10-23T07:42:29.128+0000: 219.074: Total time for which application threads were stopped: 0.0002565 seconds, Stopping threads took: 0.0000491 seconds
2018-10-23T07:42:29.128+0000: 219.074: Total time for which application threads were stopped: 0.0002733 seconds, Stopping threads took: 0.0000494 seconds
2018-10-23T07:42:29.129+0000: 219.074: Total time for which application threads were stopped: 0.0002567 seconds, Stopping threads took: 0.0000475 seconds
2018-10-23T07:42:29.134+0000: 219.080: Total time for which application threads were stopped: 0.0049785 seconds, Stopping threads took: 0.0047554 seconds
2018-10-23T07:42:29.134+0000: 219.080: Total time for which application threads were stopped: 0.0002343 seconds, Stopping threads took: 0.0000260 seconds
2018-10-23T07:42:29.135+0000: 219.081: Total time for which application threads were stopped: 0.0010282 seconds, Stopping threads took: 0.0000256 seconds
{Heap before GC invocations=214 (full 12):
 par new generation   total 109248K, used 105967K [0x00000000e0000000, 0x00000000e8000000, 0x00000000e8000000)
  eden space 87424K, 100% used [0x00000000e0000000, 0x00000000e5560000, 0x00000000e5560000)
  from space 21824K,  84% used [0x00000000e5560000, 0x00000000e677bd50, 0x00000000e6ab0000)
  to   space 21824K,   0% used [0x00000000e6ab0000, 0x00000000e6ab0000, 0x00000000e8000000)
 concurrent mark-sweep generation total 393216K, used 187062K [0x00000000e8000000, 0x0000000100000000, 0x0000000100000000)
 Metaspace       used 46789K, capacity 48659K, committed 49624K, reserved 1093632K
  class space    used 5105K, capacity 5503K, committed 5628K, reserved 1048576K
2018-10-23T07:42:29.270+0000: 219.216: [GC (Allocation Failure) 2018-10-23T07:42:29.270+0000: 219.216: [ParNew
Desired survivor size 20112992 bytes, new threshold 8 (max 8)
- age   1:    2495032 bytes,    2495032 total
- age   2:    4288408 bytes,    6783440 total
- age   3:    2277112 bytes,    9060552 total
- age   4:     204216 bytes,    9264768 total
- age   5:     470176 bytes,    9734944 total
- age   6:     607064 bytes,   10342008 total
- age   7:     992800 bytes,   11334808 total
- age   8:    2738712 bytes,   14073520 total
: 105967K->18063K(109248K), 0.0266377 secs] 293030K->206855K(502464K), 0.0267757 secs] [Times: user=0.04 sys=0.00, real=0.02 secs] 
Heap after GC invocations=215 (full 12):
 par new generation   total 109248K, used 18063K [0x00000000e0000000, 0x00000000e8000000, 0x00000000e8000000)
  eden space 87424K,   0% used [0x00000000e0000000, 0x00000000e0000000, 0x00000000e5560000)
  from space 21824K,  82% used [0x00000000e6ab0000, 0x00000000e7c53e88, 0x00000000e8000000)
  to   space 21824K,   0% used [0x00000000e5560000, 0x00000000e5560000, 0x00000000e6ab0000)
 concurrent mark-sweep generation total 393216K, used 188791K [0x00000000e8000000, 0x0000000100000000, 0x0000000100000000)
 Metaspace       used 46789K, capacity 48659K, committed 49624K, reserved 1093632K
  class space    used 5105K, capacity 5503K, committed 5628K, reserved 1048576K
}
2018-10-23T07:42:29.297+0000: 219.243: Total time for which application threads were stopped: 0.0390569 seconds, Stopping threads took: 0.0117638 seconds
2018-10-23T07:42:29.324+0000: 219.270: Total time for which application threads were stopped: 0.0006203 seconds, Stopping threads took: 0.0002247 seconds
2018-10-23T07:42:29.325+0000: 219.271: Total time for which application threads were stopped: 0.0002703 seconds, Stopping threads took: 0.0000594 seconds
{Heap before GC invocations=215 (full 12):
 par new generation   total 109248K, used 105487K [0x00000000e0000000, 0x00000000e8000000, 0x00000000e8000000)
  eden space 87424K, 100% used [0x00000000e0000000, 0x00000000e5560000, 0x00000000e5560000)
  from space 21824K,  82% used [0x00000000e6ab0000, 0x00000000e7c53e88, 0x00000000e8000000)
  to   space 21824K,   0% used [0x00000000e5560000, 0x00000000e5560000, 0x00000000e6ab0000)
 concurrent mark-sweep generation total 393216K, used 188791K [0x00000000e8000000, 0x0000000100000000, 0x0000000100000000)
 Metaspace       used 46789K, capacity 48659K, committed 49624K, reserved 1093632K
  class space    used 5105K, capacity 5503K, committed 5628K, reserved 1048576K
2018-10-23T07:42:29.544+0000: 219.490: [GC (Allocation Failure) 2018-10-23T07:42:29.544+0000: 219.490: [ParNew
Desired survivor size 20112992 bytes, new threshold 8 (max 8)
- age   1:    3745080 bytes,    3745080 total
- age   2:    1536288 bytes,    5281368 total
- age   3:    4129952 bytes,    9411320 total
- age   4:    2275560 bytes,   11686880 total
- age   5:     204216 bytes,   11891096 total
- age   6:     470176 bytes,   12361272 total
- age   7:     607064 bytes,   12968336 total
- age   8:     992800 bytes,   13961136 total
: 105487K->17872K(109248K), 0.0416175 secs] 294279K->209338K(502464K), 0.0417372 secs] [Times: user=0.03 sys=0.00, real=0.04 secs] 
Heap after GC invocations=216 (full 12):
 par new generation   total 109248K, used 17872K [0x00000000e0000000, 0x00000000e8000000, 0x00000000e8000000)
  eden space 87424K,   0% used [0x00000000e0000000, 0x00000000e0000000, 0x00000000e5560000)
  from space 21824K,  81% used [0x00000000e5560000, 0x00000000e66d4160, 0x00000000e6ab0000)
  to   space 21824K,   0% used [0x00000000e6ab0000, 0x00000000e6ab0000, 0x00000000e8000000)
 concurrent mark-sweep generation total 393216K, used 191466K [0x00000000e8000000, 0x0000000100000000, 0x0000000100000000)
 Metaspace       used 46789K, capacity 48659K, committed 49624K, reserved 1093632K
  class space    used 5105K, capacity 5503K, committed 5628K, reserved 1048576K
}
2018-10-23T07:42:29.586+0000: 219.532: Total time for which application threads were stopped: 0.0422975 seconds, Stopping threads took: 0.0000661 seconds
2018-10-23T07:42:29.682+0000: 219.628: Total time for which application threads were stopped: 0.0084832 seconds, Stopping threads took: 0.0080083 seconds
{Heap before GC invocations=216 (full 12):
 par new generation   total 109248K, used 105296K [0x00000000e0000000, 0x00000000e8000000, 0x00000000e8000000)
  eden space 87424K, 100% used [0x00000000e0000000, 0x00000000e5560000, 0x00000000e5560000)
  from space 21824K,  81% used [0x00000000e5560000, 0x00000000e66d4160, 0x00000000e6ab0000)
  to   space 21824K,   0% used [0x00000000e6ab0000, 0x00000000e6ab0000, 0x00000000e8000000)
 concurrent mark-sweep generation total 393216K, used 191466K [0x00000000e8000000, 0x0000000100000000, 0x0000000100000000)
 Metaspace       used 46790K, capacity 48659K, committed 49624K, reserved 1093632K
  class space    used 5105K, capacity 5503K, committed 5628K, reserved 1048576K
2018-10-23T07:42:29.732+0000: 219.678: [GC (Allocation Failure) 2018-10-23T07:42:29.732+0000: 219.678: [ParNew
Desired survivor size 20112992 bytes, new threshold 8 (max 8)
- age   1:    3945480 bytes,    3945480 total
- age   2:    1680912 bytes,    5626392 total
- age   3:    1270424 bytes,    6896816 total
- age   4:    3425416 bytes,   10322232 total
- age   5:    1400928 bytes,   11723160 total
- age   6:     204216 bytes,   11927376 total
- age   7:     470176 bytes,   12397552 total
- age   8:     607064 bytes,   13004616 total
: 105296K->15524K(109248K), 0.0153696 secs] 296762K->207961K(502464K), 0.0155038 secs] [Times: user=0.03 sys=0.00, real=0.01 secs] 
Heap after GC invocations=217 (full 12):
 par new generation   total 109248K, used 15524K [0x00000000e0000000, 0x00000000e8000000, 0x00000000e8000000)
  eden space 87424K,   0% used [0x00000000e0000000, 0x00000000e0000000, 0x00000000e5560000)
  from space 21824K,  71% used [0x00000000e6ab0000, 0x00000000e79d9370, 0x00000000e8000000)
  to   space 21824K,   0% used [0x00000000e5560000, 0x00000000e5560000, 0x00000000e6ab0000)
 concurrent mark-sweep generation total 393216K, used 192437K [0x00000000e8000000, 0x0000000100000000, 0x0000000100000000)
 Metaspace       used 46790K, capacity 48659K, committed 49624K, reserved 1093632K
  class space    used 5105K, capacity 5503K, committed 5628K, reserved 1048576K
}
2018-10-23T07:42:29.748+0000: 219.694: Total time for which application threads were stopped: 0.0328549 seconds, Stopping threads took: 0.0168462 seconds
2018-10-23T07:42:29.773+0000: 219.719: Total time for which application threads were stopped: 0.0004929 seconds, Stopping threads took: 0.0000965 seconds
2018-10-23T07:42:29.901+0000: 219.847: Total time for which application threads were stopped: 0.0154223 seconds, Stopping threads took: 0.0149938 seconds
{Heap before GC invocations=217 (full 12):
 par new generation   total 109248K, used 102948K [0x00000000e0000000, 0x00000000e8000000, 0x00000000e8000000)
  eden space 87424K, 100% used [0x00000000e0000000, 0x00000000e5560000, 0x00000000e5560000)
  from space 21824K,  71% used [0x00000000e6ab0000, 0x00000000e79d9370, 0x00000000e8000000)
  to   space 21824K,   0% used [0x00000000e5560000, 0x00000000e5560000, 0x00000000e6ab0000)
 concurrent mark-sweep generation total 393216K, used 192437K [0x00000000e8000000, 0x0000000100000000, 0x0000000100000000)
 Metaspace       used 46805K, capacity 48659K, committed 49624K, reserved 1093632K
  class space    used 5105K, capacity 5503K, committed 5628K, reserved 1048576K
2018-10-23T07:42:29.944+0000: 219.890: [GC (Allocation Failure) 2018-10-23T07:42:29.945+0000: 219.890: [ParNew
Desired survivor size 20112992 bytes, new threshold 8 (max 8)
- age   1:    3983368 bytes,    3983368 total
- age   2:    2215464 bytes,    6198832 total
- age   3:     343280 bytes,    6542112 total
- age   4:     392088 bytes,    6934200 total
- age   5:    1196000 bytes,    8130200 total
- age   6:     903224 bytes,    9033424 total
- age   7:     204216 bytes,    9237640 total
- age   8:     470176 bytes,    9707816 total
: 102948K->16874K(109248K), 0.0852380 secs] 295385K->209905K(502464K), 0.0853606 secs] [Times: user=0.05 sys=0.00, real=0.09 secs] 
Heap after GC invocations=218 (full 12):
 par new generation   total 109248K, used 16874K [0x00000000e0000000, 0x00000000e8000000, 0x00000000e8000000)
  eden space 87424K,   0% used [0x00000000e0000000, 0x00000000e0000000, 0x00000000e5560000)
  from space 21824K,  77% used [0x00000000e5560000, 0x00000000e65daa50, 0x00000000e6ab0000)
  to   space 21824K,   0% used [0x00000000e6ab0000, 0x00000000e6ab0000, 0x00000000e8000000)
 concurrent mark-sweep generation total 393216K, used 193030K [0x00000000e8000000, 0x0000000100000000, 0x0000000100000000)
 Metaspace       used 46805K, capacity 48659K, committed 49624K, reserved 1093632K
  class space    used 5105K, capacity 5503K, committed 5628K, reserved 1048576K
}
2018-10-23T07:42:30.030+0000: 219.976: Total time for which application threads were stopped: 0.0950398 seconds, Stopping threads took: 0.0091583 seconds
2018-10-23T07:42:30.130+0000: 220.076: Total time for which application threads were stopped: 0.0257403 seconds, Stopping threads took: 0.0252452 seconds
{Heap before GC invocations=218 (full 12):
 par new generation   total 109248K, used 104298K [0x00000000e0000000, 0x00000000e8000000, 0x00000000e8000000)
  eden space 87424K, 100% used [0x00000000e0000000, 0x00000000e5560000, 0x00000000e5560000)
  from space 21824K,  77% used [0x00000000e5560000, 0x00000000e65daa50, 0x00000000e6ab0000)
  to   space 21824K,   0% used [0x00000000e6ab0000, 0x00000000e6ab0000, 0x00000000e8000000)
 concurrent mark-sweep generation total 393216K, used 193030K [0x00000000e8000000, 0x0000000100000000, 0x0000000100000000)
 Metaspace       used 46810K, capacity 48659K, committed 49624K, reserved 1093632K
  class space    used 5105K, capacity 5503K, committed 5628K, reserved 1048576K
2018-10-23T07:42:30.222+0000: 220.168: [GC (Allocation Failure) 2018-10-23T07:42:30.222+0000: 220.168: [ParNew
Desired survivor size 20112992 bytes, new threshold 8 (max 8)
- age   1:    3154944 bytes,    3154944 total
- age   2:    2731216 bytes,    5886160 total
- age   3:    2048368 bytes,    7934528 total
- age   4:     204032 bytes,    8138560 total
- age   5:     184368 bytes,    8322928 total
- age   6:     968136 bytes,    9291064 total
- age   7:     903168 bytes,   10194232 total
- age   8:     204216 bytes,   10398448 total
: 104298K->12936K(109248K), 0.0804064 secs] 297329K->206426K(502464K), 0.0805441 secs] [Times: user=0.03 sys=0.00, real=0.08 secs] 
Heap after GC invocations=219 (full 12):
 par new generation   total 109248K, used 12936K [0x00000000e0000000, 0x00000000e8000000, 0x00000000e8000000)
  eden space 87424K,   0% used [0x00000000e0000000, 0x00000000e0000000, 0x00000000e5560000)
  from space 21824K,  59% used [0x00000000e6ab0000, 0x00000000e7752100, 0x00000000e8000000)
  to   space 21824K,   0% used [0x00000000e5560000, 0x00000000e5560000, 0x00000000e6ab0000)
 concurrent mark-sweep generation total 393216K, used 193489K [0x00000000e8000000, 0x0000000100000000, 0x0000000100000000)
 Metaspace       used 46810K, capacity 48659K, committed 49624K, reserved 1093632K
  class space    used 5105K, capacity 5503K, committed 5628K, reserved 1048576K
}
2018-10-23T07:42:30.303+0000: 220.249: Total time for which application threads were stopped: 0.0898944 seconds, Stopping threads took: 0.0088220 seconds
2018-10-23T07:42:30.451+0000: 220.397: Total time for which application threads were stopped: 0.0062392 seconds, Stopping threads took: 0.0051510 seconds
{Heap before GC invocations=219 (full 12):
 par new generation   total 109248K, used 100360K [0x00000000e0000000, 0x00000000e8000000, 0x00000000e8000000)
  eden space 87424K, 100% used [0x00000000e0000000, 0x00000000e5560000, 0x00000000e5560000)
  from space 21824K,  59% used [0x00000000e6ab0000, 0x00000000e7752100, 0x00000000e8000000)
  to   space 21824K,   0% used [0x00000000e5560000, 0x00000000e5560000, 0x00000000e6ab0000)
 concurrent mark-sweep generation total 393216K, used 193489K [0x00000000e8000000, 0x0000000100000000, 0x0000000100000000)
 Metaspace       used 46811K, capacity 48659K, committed 49624K, reserved 1093632K
  class space    used 5105K, capacity 5503K, committed 5628K, reserved 1048576K
2018-10-23T07:42:30.479+0000: 220.425: [GC (Allocation Failure) 2018-10-23T07:42:30.479+0000: 220.425: [ParNew
Desired survivor size 20112992 bytes, new threshold 8 (max 8)
- age   1:    3230856 bytes,    3230856 total
- age   2:    1726384 bytes,    4957240 total
- age   3:    2534152 bytes,    7491392 total
- age   4:    2036248 bytes,    9527640 total
- age   5:     204000 bytes,    9731640 total
- age   6:     183704 bytes,    9915344 total
- age   7:     967224 bytes,   10882568 total
- age   8:     903168 bytes,   11785736 total
: 100360K->15591K(109248K), 0.0168632 secs] 293850K->209281K(502464K), 0.0169685 secs] [Times: user=0.04 sys=0.00, real=0.01 secs] 
Heap after GC invocations=220 (full 12):
 par new generation   total 109248K, used 15591K [0x00000000e0000000, 0x00000000e8000000, 0x00000000e8000000)
  eden space 87424K,   0% used [0x00000000e0000000, 0x00000000e0000000, 0x00000000e5560000)
  from space 21824K,  71% used [0x00000000e5560000, 0x00000000e6499fd0, 0x00000000e6ab0000)
  to   space 21824K,   0% used [0x00000000e6ab0000, 0x00000000e6ab0000, 0x00000000e8000000)
 concurrent mark-sweep generation total 393216K, used 193689K [0x00000000e8000000, 0x0000000100000000, 0x0000000100000000)
 Metaspace       used 46811K, capacity 48659K, committed 49624K, reserved 1093632K
  class space    used 5105K, capacity 5503K, committed 5628K, reserved 1048576K
}
2018-10-23T07:42:30.496+0000: 220.442: Total time for which application threads were stopped: 0.0234807 seconds, Stopping threads took: 0.0059763 seconds
{Heap before GC invocations=220 (full 12):
 par new generation   total 109248K, used 103015K [0x00000000e0000000, 0x00000000e8000000, 0x00000000e8000000)
  eden space 87424K, 100% used [0x00000000e0000000, 0x00000000e5560000, 0x00000000e5560000)
  from space 21824K,  71% used [0x00000000e5560000, 0x00000000e6499fd0, 0x00000000e6ab0000)
  to   space 21824K,   0% used [0x00000000e6ab0000, 0x00000000e6ab0000, 0x00000000e8000000)
 concurrent mark-sweep generation total 393216K, used 193689K [0x00000000e8000000, 0x0000000100000000, 0x0000000100000000)
 Metaspace       used 46832K, capacity 48659K, committed 49624K, reserved 1093632K
  class space    used 5105K, capacity 5503K, committed 5628K, reserved 1048576K
2018-10-23T07:42:30.640+0000: 220.586: [GC (Allocation Failure) 2018-10-23T07:42:30.640+0000: 220.586: [ParNew
Desired survivor size 20112992 bytes, new threshold 8 (max 8)
- age   1:    1968608 bytes,    1968608 total
- age   2:    2212112 bytes,    4180720 total
- age   3:    1508656 bytes,    5689376 total
- age   4:    2486112 bytes,    8175488 total
- age   5:    1871608 bytes,   10047096 total
- age   6:     203968 bytes,   10251064 total
- age   7:     183704 bytes,   10434768 total
- age   8:     967224 bytes,   11401992 total
: 103015K->14722K(109248K), 0.0698992 secs] 296705K->209296K(502464K), 0.0700272 secs] [Times: user=0.05 sys=0.00, real=0.07 secs] 
Heap after GC invocations=221 (full 12):
 par new generation   total 109248K, used 14722K [0x00000000e0000000, 0x00000000e8000000, 0x00000000e8000000)
  eden space 87424K,   0% used [0x00000000e0000000, 0x00000000e0000000, 0x00000000e5560000)
  from space 21824K,  67% used [0x00000000e6ab0000, 0x00000000e7910b38, 0x00000000e8000000)
  to   space 21824K,   0% used [0x00000000e5560000, 0x00000000e5560000, 0x00000000e6ab0000)
 concurrent mark-sweep generation total 393216K, used 194573K [0x00000000e8000000, 0x0000000100000000, 0x0000000100000000)
 Metaspace       used 46832K, capacity 48659K, committed 49624K, reserved 1093632K
  class space    used 5105K, capacity 5503K, committed 5628K, reserved 1048576K
}
2018-10-23T07:42:30.710+0000: 220.656: Total time for which application threads were stopped: 0.0784429 seconds, Stopping threads took: 0.0078971 seconds
2018-10-23T07:42:30.773+0000: 220.719: Total time for which application threads were stopped: 0.0155120 seconds, Stopping threads took: 0.0150275 seconds
{Heap before GC invocations=221 (full 12):
 par new generation   total 109248K, used 102146K [0x00000000e0000000, 0x00000000e8000000, 0x00000000e8000000)
  eden space 87424K, 100% used [0x00000000e0000000, 0x00000000e5560000, 0x00000000e5560000)
  from space 21824K,  67% used [0x00000000e6ab0000, 0x00000000e7910b38, 0x00000000e8000000)
  to   space 21824K,   0% used [0x00000000e5560000, 0x00000000e5560000, 0x00000000e6ab0000)
 concurrent mark-sweep generation total 393216K, used 194573K [0x00000000e8000000, 0x0000000100000000, 0x0000000100000000)
 Metaspace       used 46832K, capacity 48659K, committed 49624K, reserved 1093632K
  class space    used 5105K, capacity 5503K, committed 5628K, reserved 1048576K
2018-10-23T07:42:30.868+0000: 220.814: [GC (Allocation Failure) 2018-10-23T07:42:30.868+0000: 220.814: [ParNew
Desired survivor size 20112992 bytes, new threshold 8 (max 8)
- age   1:    3445016 bytes,    3445016 total
- age   2:    1048568 bytes,    4493584 total
- age   3:    1257536 bytes,    5751120 total
- age   4:    1385464 bytes,    7136584 total
- age   5:    2103776 bytes,    9240360 total
- age   6:    1140760 bytes,   10381120 total
- age   7:     203936 bytes,   10585056 total
- age   8:     183704 bytes,   10768760 total
: 102146K->14528K(109248K), 0.0338118 secs] 296720K->210050K(502464K), 0.0339390 secs] [Times: user=0.04 sys=0.00, real=0.04 secs] 
Heap after GC invocations=222 (full 12):
 par new generation   total 109248K, used 14528K [0x00000000e0000000, 0x00000000e8000000, 0x00000000e8000000)
  eden space 87424K,   0% used [0x00000000e0000000, 0x00000000e0000000, 0x00000000e5560000)
  from space 21824K,  66% used [0x00000000e5560000, 0x00000000e63901c0, 0x00000000e6ab0000)
  to   space 21824K,   0% used [0x00000000e6ab0000, 0x00000000e6ab0000, 0x00000000e8000000)
 concurrent mark-sweep generation total 393216K, used 195521K [0x00000000e8000000, 0x0000000100000000, 0x0000000100000000)
 Metaspace       used 46832K, capacity 48659K, committed 49624K, reserved 1093632K
  class space    used 5105K, capacity 5503K, committed 5628K, reserved 1048576K
}
2018-10-23T07:42:30.902+0000: 220.848: Total time for which application threads were stopped: 0.0507114 seconds, Stopping threads took: 0.0162313 seconds
{Heap before GC invocations=222 (full 12):
 par new generation   total 109248K, used 101952K [0x00000000e0000000, 0x00000000e8000000, 0x00000000e8000000)
  eden space 87424K, 100% used [0x00000000e0000000, 0x00000000e5560000, 0x00000000e5560000)
  from space 21824K,  66% used [0x00000000e5560000, 0x00000000e63901c0, 0x00000000e6ab0000)
  to   space 21824K,   0% used [0x00000000e6ab0000, 0x00000000e6ab0000, 0x00000000e8000000)
 concurrent mark-sweep generation total 393216K, used 195521K [0x00000000e8000000, 0x0000000100000000, 0x0000000100000000)
 Metaspace       used 46838K, capacity 48659K, committed 49624K, reserved 1093632K
  class space    used 5105K, capacity 5503K, committed 5628K, reserved 1048576K
2018-10-23T07:42:30.970+0000: 220.916: [GC (Allocation Failure) 2018-10-23T07:42:30.970+0000: 220.916: [ParNew
Desired survivor size 20112992 bytes, new threshold 8 (max 8)
- age   1:    2723456 bytes,    2723456 total
- age   2:    1921496 bytes,    4644952 total
- age   3:     329640 bytes,    4974592 total
- age   4:     618248 bytes,    5592840 total
- age   5:     669800 bytes,    6262640 total
- age   6:     904032 bytes,    7166672 total
- age   7:     718456 bytes,    7885128 total
- age   8:     203936 bytes,    8089064 total
: 101952K->9443K(109248K), 0.0283923 secs] 297474K->205145K(502464K), 0.0285118 secs] [Times: user=0.04 sys=0.00, real=0.03 secs] 
Heap after GC invocations=223 (full 12):
 par new generation   total 109248K, used 9443K [0x00000000e0000000, 0x00000000e8000000, 0x00000000e8000000)
  eden space 87424K,   0% used [0x00000000e0000000, 0x00000000e0000000, 0x00000000e5560000)
  from space 21824K,  43% used [0x00000000e6ab0000, 0x00000000e73e8f48, 0x00000000e8000000)
  to   space 21824K,   0% used [0x00000000e5560000, 0x00000000e5560000, 0x00000000e6ab0000)
 concurrent mark-sweep generation total 393216K, used 195701K [0x00000000e8000000, 0x0000000100000000, 0x0000000100000000)
 Metaspace       used 46838K, capacity 48659K, committed 49624K, reserved 1093632K
  class space    used 5105K, capacity 5503K, committed 5628K, reserved 1048576K
}
2018-10-23T07:42:30.999+0000: 220.945: Total time for which application threads were stopped: 0.0311640 seconds, Stopping threads took: 0.0021217 seconds
2018-10-23T07:42:31.058+0000: 221.004: Total time for which application threads were stopped: 0.0246767 seconds, Stopping threads took: 0.0241510 seconds
{Heap before GC invocations=223 (full 12):
 par new generation   total 109248K, used 96867K [0x00000000e0000000, 0x00000000e8000000, 0x00000000e8000000)
  eden space 87424K, 100% used [0x00000000e0000000, 0x00000000e5560000, 0x00000000e5560000)
  from space 21824K,  43% used [0x00000000e6ab0000, 0x00000000e73e8f48, 0x00000000e8000000)
  to   space 21824K,   0% used [0x00000000e5560000, 0x00000000e5560000, 0x00000000e6ab0000)
 concurrent mark-sweep generation total 393216K, used 195701K [0x00000000e8000000, 0x0000000100000000, 0x0000000100000000)
 Metaspace       used 46840K, capacity 48659K, committed 49624K, reserved 1093632K
  class space    used 5105K, capacity 5503K, committed 5628K, reserved 1048576K
2018-10-23T07:42:31.154+0000: 221.100: [GC (Allocation Failure) 2018-10-23T07:42:31.154+0000: 221.100: [ParNew
Desired survivor size 20112992 bytes, new threshold 8 (max 8)
- age   1:    2899816 bytes,    2899816 total
- age   2:    1793752 bytes,    4693568 total
- age   3:    1782800 bytes,    6476368 total
- age   4:     260248 bytes,    6736616 total
- age   5:     419840 bytes,    7156456 total
- age   6:     435176 bytes,    7591632 total
- age   7:     866776 bytes,    8458408 total
- age   8:     718456 bytes,    9176864 total
: 96867K->12729K(109248K), 0.0237013 secs] 292569K->208629K(502464K), 0.0238397 secs] [Times: user=0.03 sys=0.00, real=0.03 secs] 
Heap after GC invocations=224 (full 12):
 par new generation   total 109248K, used 12729K [0x00000000e0000000, 0x00000000e8000000, 0x00000000e8000000)
  eden space 87424K,   0% used [0x00000000e0000000, 0x00000000e0000000, 0x00000000e5560000)
  from space 21824K,  58% used [0x00000000e5560000, 0x00000000e61ce408, 0x00000000e6ab0000)
  to   space 21824K,   0% used [0x00000000e6ab0000, 0x00000000e6ab0000, 0x00000000e8000000)
 concurrent mark-sweep generation total 393216K, used 195900K [0x00000000e8000000, 0x0000000100000000, 0x0000000100000000)
 Metaspace       used 46840K, capacity 48659K, committed 49624K, reserved 1093632K
  class space    used 5105K, capacity 5503K, committed 5628K, reserved 1048576K
}
2018-10-23T07:42:31.178+0000: 221.124: Total time for which application threads were stopped: 0.0404057 seconds, Stopping threads took: 0.0159970 seconds
{Heap before GC invocations=224 (full 12):
 par new generation   total 109248K, used 100153K [0x00000000e0000000, 0x00000000e8000000, 0x00000000e8000000)
  eden space 87424K, 100% used [0x00000000e0000000, 0x00000000e5560000, 0x00000000e5560000)
  from space 21824K,  58% used [0x00000000e5560000, 0x00000000e61ce408, 0x00000000e6ab0000)
  to   space 21824K,   0% used [0x00000000e6ab0000, 0x00000000e6ab0000, 0x00000000e8000000)
 concurrent mark-sweep generation total 393216K, used 195900K [0x00000000e8000000, 0x0000000100000000, 0x0000000100000000)
 Metaspace       used 46841K, capacity 48659K, committed 49624K, reserved 1093632K
  class space    used 5105K, capacity 5503K, committed 5628K, reserved 1048576K
2018-10-23T07:42:31.366+0000: 221.312: [GC (Allocation Failure) 2018-10-23T07:42:31.366+0000: 221.312: [ParNew
Desired survivor size 20112992 bytes, new threshold 8 (max 8)
- age   1:    2798088 bytes,    2798088 total
- age   2:    1600392 bytes,    4398480 total
- age   3:    1600928 bytes,    5999408 total
- age   4:    1781296 bytes,    7780704 total
- age   5:     154472 bytes,    7935176 total
- age   6:     319032 bytes,    8254208 total
- age   7:     434232 bytes,    8688440 total
- age   8:     866776 bytes,    9555216 total
: 100153K->11652K(109248K), 0.0320361 secs] 296053K->208255K(502464K), 0.0321803 secs] [Times: user=0.02 sys=0.00, real=0.04 secs] 
Heap after GC invocations=225 (full 12):
 par new generation   total 109248K, used 11652K [0x00000000e0000000, 0x00000000e8000000, 0x00000000e8000000)
  eden space 87424K,   0% used [0x00000000e0000000, 0x00000000e0000000, 0x00000000e5560000)
  from space 21824K,  53% used [0x00000000e6ab0000, 0x00000000e76113d8, 0x00000000e8000000)
  to   space 21824K,   0% used [0x00000000e5560000, 0x00000000e5560000, 0x00000000e6ab0000)
 concurrent mark-sweep generation total 393216K, used 196602K [0x00000000e8000000, 0x0000000100000000, 0x0000000100000000)
 Metaspace       used 46841K, capacity 48659K, committed 49624K, reserved 1093632K
  class space    used 5105K, capacity 5503K, committed 5628K, reserved 1048576K
}
2018-10-23T07:42:31.398+0000: 221.344: Total time for which application threads were stopped: 0.0426563 seconds, Stopping threads took: 0.0099570 seconds
2018-10-23T07:42:31.634+0000: 221.580: Total time for which application threads were stopped: 0.0164709 seconds, Stopping threads took: 0.0159854 seconds
{Heap before GC invocations=225 (full 12):
 par new generation   total 109248K, used 99076K [0x00000000e0000000, 0x00000000e8000000, 0x00000000e8000000)
  eden space 87424K, 100% used [0x00000000e0000000, 0x00000000e5560000, 0x00000000e5560000)
  from space 21824K,  53% used [0x00000000e6ab0000, 0x00000000e76113d8, 0x00000000e8000000)
  to   space 21824K,   0% used [0x00000000e5560000, 0x00000000e5560000, 0x00000000e6ab0000)
 concurrent mark-sweep generation total 393216K, used 196602K [0x00000000e8000000, 0x0000000100000000, 0x0000000100000000)
 Metaspace       used 46847K, capacity 48723K, committed 49624K, reserved 1093632K
  class space    used 5105K, capacity 5503K, committed 5628K, reserved 1048576K
2018-10-23T07:42:31.666+0000: 221.612: [GC (Allocation Failure) 2018-10-23T07:42:31.666+0000: 221.612: [ParNew
Desired survivor size 20112992 bytes, new threshold 8 (max 8)
- age   1:    2891304 bytes,    2891304 total
- age   2:    1385104 bytes,    4276408 total
- age   3:    1542400 bytes,    5818808 total
- age   4:    1590656 bytes,    7409464 total
- age   5:    1781120 bytes,    9190584 total
- age   6:     153520 bytes,    9344104 total
- age   7:     318728 bytes,    9662832 total
- age   8:     432728 bytes,   10095560 total
: 99076K->12439K(109248K), 0.0443014 secs] 295679K->209889K(502464K), 0.0444447 secs] [Times: user=0.04 sys=0.00, real=0.05 secs] 
Heap after GC invocations=226 (full 12):
 par new generation   total 109248K, used 12439K [0x00000000e0000000, 0x00000000e8000000, 0x00000000e8000000)
  eden space 87424K,   0% used [0x00000000e0000000, 0x00000000e0000000, 0x00000000e5560000)
  from space 21824K,  57% used [0x00000000e5560000, 0x00000000e6185f50, 0x00000000e6ab0000)
  to   space 21824K,   0% used [0x00000000e6ab0000, 0x00000000e6ab0000, 0x00000000e8000000)
 concurrent mark-sweep generation total 393216K, used 197449K [0x00000000e8000000, 0x0000000100000000, 0x0000000100000000)
 Metaspace       used 46847K, capacity 48723K, committed 49624K, reserved 1093632K
  class space    used 5105K, capacity 5503K, committed 5628K, reserved 1048576K
}
2018-10-23T07:42:31.711+0000: 221.657: Total time for which application threads were stopped: 0.0504966 seconds, Stopping threads took: 0.0047958 seconds
2018-10-23T07:42:31.718+0000: 221.664: [GC (CMS Initial Mark) [1 CMS-initial-mark: 197449K(393216K)] 211632K(502464K), 0.0116972 secs] [Times: user=0.01 sys=0.00, real=0.01 secs] 
2018-10-23T07:42:31.730+0000: 221.676: Total time for which application threads were stopped: 0.0174687 seconds, Stopping threads took: 0.0052545 seconds
2018-10-23T07:42:31.738+0000: 221.684: [CMS-concurrent-mark-start]
2018-10-23T07:42:31.899+0000: 221.845: Total time for which application threads were stopped: 0.0130955 seconds, Stopping threads took: 0.0120762 seconds
{Heap before GC invocations=226 (full 13):
 par new generation   total 109248K, used 99863K [0x00000000e0000000, 0x00000000e8000000, 0x00000000e8000000)
  eden space 87424K, 100% used [0x00000000e0000000, 0x00000000e5560000, 0x00000000e5560000)
  from space 21824K,  57% used [0x00000000e5560000, 0x00000000e6185f50, 0x00000000e6ab0000)
  to   space 21824K,   0% used [0x00000000e6ab0000, 0x00000000e6ab0000, 0x00000000e8000000)
 concurrent mark-sweep generation total 393216K, used 197449K [0x00000000e8000000, 0x0000000100000000, 0x0000000100000000)
 Metaspace       used 46857K, capacity 48723K, committed 49624K, reserved 1093632K
  class space    used 5105K, capacity 5503K, committed 5628K, reserved 1048576K
2018-10-23T07:42:31.951+0000: 221.897: [GC (Allocation Failure) 2018-10-23T07:42:31.951+0000: 221.897: [ParNew
Desired survivor size 20112992 bytes, new threshold 8 (max 8)
- age   1:    4889960 bytes,    4889960 total
- age   2:     939688 bytes,    5829648 total
- age   3:     607648 bytes,    6437296 total
- age   4:    1186960 bytes,    7624256 total
- age   5:    1321792 bytes,    8946048 total
- age   6:     601880 bytes,    9547928 total
- age   7:     128352 bytes,    9676280 total
- age   8:     183672 bytes,    9859952 total
: 99863K->14201K(109248K), 0.0315000 secs] 297313K->212001K(502464K), 0.0316258 secs] [Times: user=0.02 sys=0.00, real=0.03 secs] 
Heap after GC invocations=227 (full 13):
 par new generation   total 109248K, used 14201K [0x00000000e0000000, 0x00000000e8000000, 0x00000000e8000000)
  eden space 87424K,   0% used [0x00000000e0000000, 0x00000000e0000000, 0x00000000e5560000)
  from space 21824K,  65% used [0x00000000e6ab0000, 0x00000000e788e530, 0x00000000e8000000)
  to   space 21824K,   0% used [0x00000000e5560000, 0x00000000e5560000, 0x00000000e6ab0000)
 concurrent mark-sweep generation total 393216K, used 197799K [0x00000000e8000000, 0x0000000100000000, 0x0000000100000000)
 Metaspace       used 46857K, capacity 48723K, committed 49624K, reserved 1093632K
  class space    used 5105K, capacity 5503K, committed 5628K, reserved 1048576K
}
2018-10-23T07:42:31.983+0000: 221.928: Total time for which application threads were stopped: 0.0329187 seconds, Stopping threads took: 0.0007338 seconds
2018-10-23T07:42:31.998+0000: 221.944: Total time for which application threads were stopped: 0.0100926 seconds, Stopping threads took: 0.0096020 seconds
2018-10-23T07:42:32.002+0000: 221.948: Total time for which application threads were stopped: 0.0008397 seconds, Stopping threads took: 0.0004939 seconds
2018-10-23T07:42:32.130+0000: 222.076: [CMS-concurrent-mark: 0.333/0.392 secs] [Times: user=0.96 sys=0.00, real=0.39 secs] 
2018-10-23T07:42:32.130+0000: 222.076: [CMS-concurrent-preclean-start]
2018-10-23T07:42:32.136+0000: 222.082: [CMS-concurrent-preclean: 0.005/0.006 secs] [Times: user=0.02 sys=0.00, real=0.00 secs] 
2018-10-23T07:42:32.136+0000: 222.082: [CMS-concurrent-abortable-preclean-start]
{Heap before GC invocations=227 (full 13):
 par new generation   total 109248K, used 101625K [0x00000000e0000000, 0x00000000e8000000, 0x00000000e8000000)
  eden space 87424K, 100% used [0x00000000e0000000, 0x00000000e5560000, 0x00000000e5560000)
  from space 21824K,  65% used [0x00000000e6ab0000, 0x00000000e788e530, 0x00000000e8000000)
  to   space 21824K,   0% used [0x00000000e5560000, 0x00000000e5560000, 0x00000000e6ab0000)
 concurrent mark-sweep generation total 393216K, used 197799K [0x00000000e8000000, 0x0000000100000000, 0x0000000100000000)
 Metaspace       used 46860K, capacity 48723K, committed 49624K, reserved 1093632K
  class space    used 5105K, capacity 5503K, committed 5628K, reserved 1048576K
2018-10-23T07:42:32.222+0000: 222.167: [GC (Allocation Failure) 2018-10-23T07:42:32.222+0000: 222.167: [ParNew2018-10-23T07:42:32.282+0000: 222.228: [CMS-concurrent-abortable-preclean: 0.046/0.146 secs] [Times: user=0.21 sys=0.00, real=0.15 secs] 

Desired survivor size 20112992 bytes, new threshold 8 (max 8)
- age   1:    3925488 bytes,    3925488 total
- age   2:    2566448 bytes,    6491936 total
- age   3:     137424 bytes,    6629360 total
- age   4:     126304 bytes,    6755664 total
- age   5:      98560 bytes,    6854224 total
- age   6:     513920 bytes,    7368144 total
- age   7:     533656 bytes,    7901800 total
- age   8:     127400 bytes,    8029200 total
: 101625K->10460K(109248K), 0.0723426 secs] 299425K->208440K(502464K), 0.0724750 secs] [Times: user=0.05 sys=0.00, real=0.07 secs] 
Heap after GC invocations=228 (full 13):
 par new generation   total 109248K, used 10460K [0x00000000e0000000, 0x00000000e8000000, 0x00000000e8000000)
  eden space 87424K,   0% used [0x00000000e0000000, 0x00000000e0000000, 0x00000000e5560000)
  from space 21824K,  47% used [0x00000000e5560000, 0x00000000e5f973d0, 0x00000000e6ab0000)
  to   space 21824K,   0% used [0x00000000e6ab0000, 0x00000000e6ab0000, 0x00000000e8000000)
 concurrent mark-sweep generation total 393216K, used 197979K [0x00000000e8000000, 0x0000000100000000, 0x0000000100000000)
 Metaspace       used 46860K, capacity 48723K, committed 49624K, reserved 1093632K
  class space    used 5105K, capacity 5503K, committed 5628K, reserved 1048576K
}
2018-10-23T07:42:32.294+0000: 222.240: Total time for which application threads were stopped: 0.0884582 seconds, Stopping threads took: 0.0154539 seconds
2018-10-23T07:42:32.311+0000: 222.257: [GC (CMS Final Remark) [YG occupancy: 35206 K (109248 K)]{Heap before GC invocations=228 (full 13):
 par new generation   total 109248K, used 35206K [0x00000000e0000000, 0x00000000e8000000, 0x00000000e8000000)
  eden space 87424K,  28% used [0x00000000e0000000, 0x00000000e182a7e0, 0x00000000e5560000)
  from space 21824K,  47% used [0x00000000e5560000, 0x00000000e5f973d0, 0x00000000e6ab0000)
  to   space 21824K,   0% used [0x00000000e6ab0000, 0x00000000e6ab0000, 0x00000000e8000000)
 concurrent mark-sweep generation total 393216K, used 197979K [0x00000000e8000000, 0x0000000100000000, 0x0000000100000000)
 Metaspace       used 46860K, capacity 48723K, committed 49624K, reserved 1093632K
  class space    used 5105K, capacity 5503K, committed 5628K, reserved 1048576K
2018-10-23T07:42:32.311+0000: 222.257: [GC (CMS Final Remark) 2018-10-23T07:42:32.311+0000: 222.257: [ParNew
Desired survivor size 20112992 bytes, new threshold 8 (max 8)
- age   1:     858952 bytes,     858952 total
- age   2:    2704416 bytes,    3563368 total
- age   3:    2565696 bytes,    6129064 total
- age   4:     137424 bytes,    6266488 total
- age   5:     126304 bytes,    6392792 total
- age   6:      97648 bytes,    6490440 total
- age   7:     513008 bytes,    7003448 total
- age   8:     533656 bytes,    7537104 total
: 35206K->8869K(109248K), 0.0183096 secs] 233186K->206973K(502464K), 0.0184218 secs] [Times: user=0.01 sys=0.00, real=0.02 secs] 
Heap after GC invocations=229 (full 13):
 par new generation   total 109248K, used 8869K [0x00000000e0000000, 0x00000000e8000000, 0x00000000e8000000)
  eden space 87424K,   0% used [0x00000000e0000000, 0x00000000e0000000, 0x00000000e5560000)
  from space 21824K,  40% used [0x00000000e6ab0000, 0x00000000e7359680, 0x00000000e8000000)
  to   space 21824K,   0% used [0x00000000e5560000, 0x00000000e5560000, 0x00000000e6ab0000)
 concurrent mark-sweep generation total 393216K, used 198103K [0x00000000e8000000, 0x0000000100000000, 0x0000000100000000)
 Metaspace       used 46860K, capacity 48723K, committed 49624K, reserved 1093632K
  class space    used 5105K, capacity 5503K, committed 5628K, reserved 1048576K
}
2018-10-23T07:42:32.330+0000: 222.276: [Rescan (parallel) , 0.0079532 secs]2018-10-23T07:42:32.338+0000: 222.284: [weak refs processing, 0.0063581 secs]2018-10-23T07:42:32.344+0000: 222.290: [class unloading, 0.0153366 secs]2018-10-23T07:42:32.360+0000: 222.305: [scrub symbol table, 0.0084168 secs]2018-10-23T07:42:32.368+0000: 222.314: [scrub string table, 0.0009027 secs][1 CMS-remark: 198103K(393216K)] 206973K(502464K), 0.0588897 secs] [Times: user=0.05 sys=0.00, real=0.06 secs] 
2018-10-23T07:42:32.370+0000: 222.316: Total time for which application threads were stopped: 0.0596134 seconds, Stopping threads took: 0.0002557 seconds
2018-10-23T07:42:32.374+0000: 222.320: [CMS-concurrent-sweep-start]
{Heap before GC invocations=229 (full 13):
 par new generation   total 109248K, used 96293K [0x00000000e0000000, 0x00000000e8000000, 0x00000000e8000000)
  eden space 87424K, 100% used [0x00000000e0000000, 0x00000000e5560000, 0x00000000e5560000)
  from space 21824K,  40% used [0x00000000e6ab0000, 0x00000000e7359680, 0x00000000e8000000)
  to   space 21824K,   0% used [0x00000000e5560000, 0x00000000e5560000, 0x00000000e6ab0000)
 concurrent mark-sweep generation total 393216K, used 194400K [0x00000000e8000000, 0x0000000100000000, 0x0000000100000000)
 Metaspace       used 46861K, capacity 48723K, committed 49624K, reserved 1093632K
  class space    used 5105K, capacity 5503K, committed 5628K, reserved 1048576K
2018-10-23T07:42:32.518+0000: 222.464: [GC (Allocation Failure) 2018-10-23T07:42:32.518+0000: 222.464: [ParNew
Desired survivor size 20112992 bytes, new threshold 8 (max 8)
- age   1:    3095792 bytes,    3095792 total
- age   2:     300344 bytes,    3396136 total
- age   3:    2498512 bytes,    5894648 total
- age   4:    2555528 bytes,    8450176 total
- age   5:     136032 bytes,    8586208 total
- age   6:     126256 bytes,    8712464 total
- age   7:      97648 bytes,    8810112 total
- age   8:     499208 bytes,    9309320 total
: 96293K->9943K(109248K), 0.0226141 secs] 290693K->204864K(502464K), 0.0227217 secs] [Times: user=0.03 sys=0.00, real=0.02 secs] 
Heap after GC invocations=230 (full 13):
 par new generation   total 109248K, used 9943K [0x00000000e0000000, 0x00000000e8000000, 0x00000000e8000000)
  eden space 87424K,   0% used [0x00000000e0000000, 0x00000000e0000000, 0x00000000e5560000)
  from space 21824K,  45% used [0x00000000e5560000, 0x00000000e5f15e30, 0x00000000e6ab0000)
  to   space 21824K,   0% used [0x00000000e6ab0000, 0x00000000e6ab0000, 0x00000000e8000000)
 concurrent mark-sweep generation total 393216K, used 194921K [0x00000000e8000000, 0x0000000100000000, 0x0000000100000000)
 Metaspace       used 46861K, capacity 48723K, committed 49624K, reserved 1093632K
  class space    used 5105K, capacity 5503K, committed 5628K, reserved 1048576K
}
2018-10-23T07:42:32.541+0000: 222.487: Total time for which application threads were stopped: 0.0233298 seconds, Stopping threads took: 0.0000916 seconds
2018-10-23T07:42:32.560+0000: 222.505: [CMS-concurrent-sweep: 0.158/0.186 secs] [Times: user=0.39 sys=0.00, real=0.19 secs] 
2018-10-23T07:42:32.560+0000: 222.506: [CMS-concurrent-reset-start]
2018-10-23T07:42:32.561+0000: 222.507: [CMS-concurrent-reset: 0.001/0.001 secs] [Times: user=0.01 sys=0.00, real=0.00 secs] 
2018-10-23T07:42:32.682+0000: 222.628: Total time for which application threads were stopped: 0.0180682 seconds, Stopping threads took: 0.0176554 seconds
{Heap before GC invocations=230 (full 13):
 par new generation   total 109248K, used 97367K [0x00000000e0000000, 0x00000000e8000000, 0x00000000e8000000)
  eden space 87424K, 100% used [0x00000000e0000000, 0x00000000e5560000, 0x00000000e5560000)
  from space 21824K,  45% used [0x00000000e5560000, 0x00000000e5f15e30, 0x00000000e6ab0000)
  to   space 21824K,   0% used [0x00000000e6ab0000, 0x00000000e6ab0000, 0x00000000e8000000)
 concurrent mark-sweep generation total 393216K, used 189156K [0x00000000e8000000, 0x0000000100000000, 0x0000000100000000)
 Metaspace       used 46861K, capacity 48723K, committed 49624K, reserved 1093632K
  class space    used 5105K, capacity 5503K, committed 5628K, reserved 1048576K
2018-10-23T07:42:32.685+0000: 222.631: [GC (Allocation Failure) 2018-10-23T07:42:32.685+0000: 222.631: [ParNew
Desired survivor size 20112992 bytes, new threshold 8 (max 8)
- age   1:    3626976 bytes,    3626976 total
- age   2:    1522168 bytes,    5149144 total
- age   3:     233736 bytes,    5382880 total
- age   4:    2485704 bytes,    7868584 total
- age   5:    2554168 bytes,   10422752 total
- age   6:     134568 bytes,   10557320 total
- age   7:     126256 bytes,   10683576 total
- age   8:      97648 bytes,   10781224 total
: 97367K->12713K(109248K), 0.0331280 secs] 286523K->202358K(502464K), 0.0332367 secs] [Times: user=0.03 sys=0.00, real=0.04 secs] 
Heap after GC invocations=231 (full 13):
 par new generation   total 109248K, used 12713K [0x00000000e0000000, 0x00000000e8000000, 0x00000000e8000000)
  eden space 87424K,   0% used [0x00000000e0000000, 0x00000000e0000000, 0x00000000e5560000)
  from space 21824K,  58% used [0x00000000e6ab0000, 0x00000000e771a5c0, 0x00000000e8000000)
  to   space 21824K,   0% used [0x00000000e5560000, 0x00000000e5560000, 0x00000000e6ab0000)
 concurrent mark-sweep generation total 393216K, used 189644K [0x00000000e8000000, 0x0000000100000000, 0x0000000100000000)
 Metaspace       used 46861K, capacity 48723K, committed 49624K, reserved 1093632K
  class space    used 5105K, capacity 5503K, committed 5628K, reserved 1048576K
}
2018-10-23T07:42:32.719+0000: 222.664: Total time for which application threads were stopped: 0.0335918 seconds, Stopping threads took: 0.0000310 seconds
2018-10-23T07:42:32.766+0000: 222.712: Total time for which application threads were stopped: 0.0150920 seconds, Stopping threads took: 0.0146546 seconds
2018-10-23T07:42:32.772+0000: 222.717: Total time for which application threads were stopped: 0.0002698 seconds, Stopping threads took: 0.0000291 seconds
{Heap before GC invocations=231 (full 13):
 par new generation   total 109248K, used 100137K [0x00000000e0000000, 0x00000000e8000000, 0x00000000e8000000)
  eden space 87424K, 100% used [0x00000000e0000000, 0x00000000e5560000, 0x00000000e5560000)
  from space 21824K,  58% used [0x00000000e6ab0000, 0x00000000e771a5c0, 0x00000000e8000000)
  to   space 21824K,   0% used [0x00000000e5560000, 0x00000000e5560000, 0x00000000e6ab0000)
 concurrent mark-sweep generation total 393216K, used 189644K [0x00000000e8000000, 0x0000000100000000, 0x0000000100000000)
 Metaspace       used 46876K, capacity 48731K, committed 49624K, reserved 1093632K
  class space    used 5105K, capacity 5503K, committed 5628K, reserved 1048576K
2018-10-23T07:42:32.886+0000: 222.832: [GC (Allocation Failure) 2018-10-23T07:42:32.886+0000: 222.832: [ParNew
Desired survivor size 20112992 bytes, new threshold 8 (max 8)
- age   1:    4180032 bytes,    4180032 total
- age   2:    1256568 bytes,    5436600 total
- age   3:     896016 bytes,    6332616 total
- age   4:     132264 bytes,    6464880 total
- age   5:    2102376 bytes,    8567256 total
- age   6:    1402304 bytes,    9969560 total
- age   7:     134568 bytes,   10104128 total
- age   8:     126256 bytes,   10230384 total
: 100137K->12519K(109248K), 0.0205672 secs] 289782K->202259K(502464K), 0.0206871 secs] [Times: user=0.03 sys=0.00, real=0.02 secs] 
Heap after GC invocations=232 (full 13):
 par new generation   total 109248K, used 12519K [0x00000000e0000000, 0x00000000e8000000, 0x00000000e8000000)
  eden space 87424K,   0% used [0x00000000e0000000, 0x00000000e0000000, 0x00000000e5560000)
  from space 21824K,  57% used [0x00000000e5560000, 0x00000000e6199cb8, 0x00000000e6ab0000)
  to   space 21824K,   0% used [0x00000000e6ab0000, 0x00000000e6ab0000, 0x00000000e8000000)
 concurrent mark-sweep generation total 393216K, used 189740K [0x00000000e8000000, 0x0000000100000000, 0x0000000100000000)
 Metaspace       used 46876K, capacity 48731K, committed 49624K, reserved 1093632K
  class space    used 5105K, capacity 5503K, committed 5628K, reserved 1048576K
}
2018-10-23T07:42:32.907+0000: 222.852: Total time for which application threads were stopped: 0.0394296 seconds, Stopping threads took: 0.0181664 seconds
{Heap before GC invocations=232 (full 13):
 par new generation   total 109248K, used 99943K [0x00000000e0000000, 0x00000000e8000000, 0x00000000e8000000)
  eden space 87424K, 100% used [0x00000000e0000000, 0x00000000e5560000, 0x00000000e5560000)
  from space 21824K,  57% used [0x00000000e5560000, 0x00000000e6199cb8, 0x00000000e6ab0000)
  to   space 21824K,   0% used [0x00000000e6ab0000, 0x00000000e6ab0000, 0x00000000e8000000)
 concurrent mark-sweep generation total 393216K, used 189740K [0x00000000e8000000, 0x0000000100000000, 0x0000000100000000)
 Metaspace       used 46880K, capacity 48731K, committed 49624K, reserved 1093632K
  class space    used 5105K, capacity 5503K, committed 5628K, reserved 1048576K
2018-10-23T07:42:33.022+0000: 222.968: [GC (Allocation Failure) 2018-10-23T07:42:33.022+0000: 222.968: [ParNew
Desired survivor size 20112992 bytes, new threshold 8 (max 8)
- age   1:    4067504 bytes,    4067504 total
- age   2:    2110336 bytes,    6177840 total
- age   3:     158072 bytes,    6335912 total
- age   4:     190240 bytes,    6526152 total
- age   5:      24960 bytes,    6551112 total
- age   6:     780856 bytes,    7331968 total
- age   7:     701160 bytes,    8033128 total
- age   8:     134568 bytes,    8167696 total
: 99943K->14995K(109248K), 0.0311569 secs] 289683K->204858K(502464K), 0.0312648 secs] [Times: user=0.04 sys=0.00, real=0.03 secs] 
Heap after GC invocations=233 (full 13):
 par new generation   total 109248K, used 14995K [0x00000000e0000000, 0x00000000e8000000, 0x00000000e8000000)
  eden space 87424K,   0% used [0x00000000e0000000, 0x00000000e0000000, 0x00000000e5560000)
  from space 21824K,  68% used [0x00000000e6ab0000, 0x00000000e7954ce0, 0x00000000e8000000)
  to   space 21824K,   0% used [0x00000000e5560000, 0x00000000e5560000, 0x00000000e6ab0000)
 concurrent mark-sweep generation total 393216K, used 189863K [0x00000000e8000000, 0x0000000100000000, 0x0000000100000000)
 Metaspace       used 46880K, capacity 48731K, committed 49624K, reserved 1093632K
  class space    used 5105K, capacity 5503K, committed 5628K, reserved 1048576K
}
2018-10-23T07:42:33.053+0000: 222.999: Total time for which application threads were stopped: 0.0319671 seconds, Stopping threads took: 0.0001737 seconds
{Heap before GC invocations=233 (full 13):
 par new generation   total 109248K, used 102419K [0x00000000e0000000, 0x00000000e8000000, 0x00000000e8000000)
  eden space 87424K, 100% used [0x00000000e0000000, 0x00000000e5560000, 0x00000000e5560000)
  from space 21824K,  68% used [0x00000000e6ab0000, 0x00000000e7954ce0, 0x00000000e8000000)
  to   space 21824K,   0% used [0x00000000e5560000, 0x00000000e5560000, 0x00000000e6ab0000)
 concurrent mark-sweep generation total 393216K, used 189863K [0x00000000e8000000, 0x0000000100000000, 0x0000000100000000)
 Metaspace       used 46880K, capacity 48731K, committed 49624K, reserved 1093632K
  class space    used 5105K, capacity 5503K, committed 5628K, reserved 1048576K
2018-10-23T07:42:33.174+0000: 223.120: [GC (Allocation Failure) 2018-10-23T07:42:33.174+0000: 223.120: [ParNew
Desired survivor size 20112992 bytes, new threshold 8 (max 8)
- age   1:    2679432 bytes,    2679432 total
- age   2:    3050440 bytes,    5729872 total
- age   3:    2110224 bytes,    7840096 total
- age   4:     158072 bytes,    7998168 total
- age   5:     190240 bytes,    8188408 total
- age   6:      24960 bytes,    8213368 total
- age   7:     779032 bytes,    8992400 total
- age   8:     701160 bytes,    9693560 total
: 102419K->10985K(109248K), 0.0321333 secs] 292282K->200980K(502464K), 0.0322591 secs] [Times: user=0.03 sys=0.00, real=0.03 secs] 
Heap after GC invocations=234 (full 13):
 par new generation   total 109248K, used 10985K [0x00000000e0000000, 0x00000000e8000000, 0x00000000e8000000)
  eden space 87424K,   0% used [0x00000000e0000000, 0x00000000e0000000, 0x00000000e5560000)
  from space 21824K,  50% used [0x00000000e5560000, 0x00000000e601a640, 0x00000000e6ab0000)
  to   space 21824K,   0% used [0x00000000e6ab0000, 0x00000000e6ab0000, 0x00000000e8000000)
 concurrent mark-sweep generation total 393216K, used 189995K [0x00000000e8000000, 0x0000000100000000, 0x0000000100000000)
 Metaspace       used 46880K, capacity 48731K, committed 49624K, reserved 1093632K
  class space    used 5105K, capacity 5503K, committed 5628K, reserved 1048576K
}
2018-10-23T07:42:33.206+0000: 223.152: Total time for which application threads were stopped: 0.0328537 seconds, Stopping threads took: 0.0000671 seconds
{Heap before GC invocations=234 (full 13):
 par new generation   total 109248K, used 98409K [0x00000000e0000000, 0x00000000e8000000, 0x00000000e8000000)
  eden space 87424K, 100% used [0x00000000e0000000, 0x00000000e5560000, 0x00000000e5560000)
  from space 21824K,  50% used [0x00000000e5560000, 0x00000000e601a640, 0x00000000e6ab0000)
  to   space 21824K,   0% used [0x00000000e6ab0000, 0x00000000e6ab0000, 0x00000000e8000000)
 concurrent mark-sweep generation total 393216K, used 189995K [0x00000000e8000000, 0x0000000100000000, 0x0000000100000000)
 Metaspace       used 46880K, capacity 48731K, committed 49624K, reserved 1093632K
  class space    used 5105K, capacity 5503K, committed 5628K, reserved 1048576K
2018-10-23T07:42:33.322+0000: 223.268: [GC (Allocation Failure) 2018-10-23T07:42:33.322+0000: 223.268: [ParNew
Desired survivor size 20112992 bytes, new threshold 8 (max 8)
- age   1:    3798800 bytes,    3798800 total
- age   2:    1352920 bytes,    5151720 total
- age   3:    2900336 bytes,    8052056 total
- age   4:    2110008 bytes,   10162064 total
- age   5:     158072 bytes,   10320136 total
- age   6:     190240 bytes,   10510376 total
- age   7:      24960 bytes,   10535336 total
- age   8:     779032 bytes,   11314368 total
: 98409K->16196K(109248K), 0.0956438 secs] 288404K->206877K(502464K), 0.0957623 secs] [Times: user=0.06 sys=0.00, real=0.10 secs] 
Heap after GC invocations=235 (full 13):
 par new generation   total 109248K, used 16196K [0x00000000e0000000, 0x00000000e8000000, 0x00000000e8000000)
  eden space 87424K,   0% used [0x00000000e0000000, 0x00000000e0000000, 0x00000000e5560000)
  from space 21824K,  74% used [0x00000000e6ab0000, 0x00000000e7a813c0, 0x00000000e8000000)
  to   space 21824K,   0% used [0x00000000e5560000, 0x00000000e5560000, 0x00000000e6ab0000)
 concurrent mark-sweep generation total 393216K, used 190680K [0x00000000e8000000, 0x0000000100000000, 0x0000000100000000)
 Metaspace       used 46880K, capacity 48731K, committed 49624K, reserved 1093632K
  class space    used 5105K, capacity 5503K, committed 5628K, reserved 1048576K
}
2018-10-23T07:42:33.418+0000: 223.364: Total time for which application threads were stopped: 0.1015808 seconds, Stopping threads took: 0.0052848 seconds
{Heap before GC invocations=235 (full 13):
 par new generation   total 109248K, used 103620K [0x00000000e0000000, 0x00000000e8000000, 0x00000000e8000000)
  eden space 87424K, 100% used [0x00000000e0000000, 0x00000000e5560000, 0x00000000e5560000)
  from space 21824K,  74% used [0x00000000e6ab0000, 0x00000000e7a813c0, 0x00000000e8000000)
  to   space 21824K,   0% used [0x00000000e5560000, 0x00000000e5560000, 0x00000000e6ab0000)
 concurrent mark-sweep generation total 393216K, used 190680K [0x00000000e8000000, 0x0000000100000000, 0x0000000100000000)
 Metaspace       used 46880K, capacity 48731K, committed 49624K, reserved 1093632K
  class space    used 5105K, capacity 5503K, committed 5628K, reserved 1048576K
2018-10-23T07:42:33.512+0000: 223.458: [GC (Allocation Failure) 2018-10-23T07:42:33.512+0000: 223.458: [ParNew
Desired survivor size 20112992 bytes, new threshold 8 (max 8)
- age   1:    2857080 bytes,    2857080 total
- age   2:    1633432 bytes,    4490512 total
- age   3:    1259320 bytes,    5749832 total
- age   4:    2889016 bytes,    8638848 total
- age   5:    2109408 bytes,   10748256 total
- age   6:     157784 bytes,   10906040 total
- age   7:     190240 bytes,   11096280 total
- age   8:      24960 bytes,   11121240 total
: 103620K->13878K(109248K), 0.0895004 secs] 294301K->205320K(502464K), 0.0896331 secs] [Times: user=0.04 sys=0.00, real=0.09 secs] 
Heap after GC invocations=236 (full 13):
 par new generation   total 109248K, used 13878K [0x00000000e0000000, 0x00000000e8000000, 0x00000000e8000000)
  eden space 87424K,   0% used [0x00000000e0000000, 0x00000000e0000000, 0x00000000e5560000)
  from space 21824K,  63% used [0x00000000e5560000, 0x00000000e62ed890, 0x00000000e6ab0000)
  to   space 21824K,   0% used [0x00000000e6ab0000, 0x00000000e6ab0000, 0x00000000e8000000)
 concurrent mark-sweep generation total 393216K, used 191442K [0x00000000e8000000, 0x0000000100000000, 0x0000000100000000)
 Metaspace       used 46880K, capacity 48731K, committed 49624K, reserved 1093632K
  class space    used 5105K, capacity 5503K, committed 5628K, reserved 1048576K
}
2018-10-23T07:42:33.602+0000: 223.548: Total time for which application threads were stopped: 0.1027607 seconds, Stopping threads took: 0.0126088 seconds
{Heap before GC invocations=236 (full 13):
 par new generation   total 109248K, used 101302K [0x00000000e0000000, 0x00000000e8000000, 0x00000000e8000000)
  eden space 87424K, 100% used [0x00000000e0000000, 0x00000000e5560000, 0x00000000e5560000)
  from space 21824K,  63% used [0x00000000e5560000, 0x00000000e62ed890, 0x00000000e6ab0000)
  to   space 21824K,   0% used [0x00000000e6ab0000, 0x00000000e6ab0000, 0x00000000e8000000)
 concurrent mark-sweep generation total 393216K, used 191442K [0x00000000e8000000, 0x0000000100000000, 0x0000000100000000)
 Metaspace       used 46880K, capacity 48731K, committed 49624K, reserved 1093632K
  class space    used 5105K, capacity 5503K, committed 5628K, reserved 1048576K
2018-10-23T07:42:33.746+0000: 223.692: [GC (Allocation Failure) 2018-10-23T07:42:33.746+0000: 223.692: [ParNew
Desired survivor size 20112992 bytes, new threshold 8 (max 8)
- age   1:    2911528 bytes,    2911528 total
- age   2:    1495600 bytes,    4407128 total
- age   3:    1541480 bytes,    5948608 total
- age   4:    1222488 bytes,    7171096 total
- age   5:    2888224 bytes,   10059320 total
- age   6:    2109408 bytes,   12168728 total
- age   7:     157784 bytes,   12326512 total
- age   8:     190240 bytes,   12516752 total
: 101302K->16953K(109248K), 0.0465732 secs] 292744K->208420K(502464K), 0.0467018 secs] [Times: user=0.04 sys=0.00, real=0.05 secs] 
Heap after GC invocations=237 (full 13):
 par new generation   total 109248K, used 16953K [0x00000000e0000000, 0x00000000e8000000, 0x00000000e8000000)
  eden space 87424K,   0% used [0x00000000e0000000, 0x00000000e0000000, 0x00000000e5560000)
  from space 21824K,  77% used [0x00000000e6ab0000, 0x00000000e7b3e448, 0x00000000e8000000)
  to   space 21824K,   0% used [0x00000000e5560000, 0x00000000e5560000, 0x00000000e6ab0000)
 concurrent mark-sweep generation total 393216K, used 191466K [0x00000000e8000000, 0x0000000100000000, 0x0000000100000000)
 Metaspace       used 46880K, capacity 48731K, committed 49624K, reserved 1093632K
  class space    used 5105K, capacity 5503K, committed 5628K, reserved 1048576K
}
2018-10-23T07:42:33.793+0000: 223.739: Total time for which application threads were stopped: 0.0472804 seconds, Stopping threads took: 0.0000644 seconds
{Heap before GC invocations=237 (full 13):
 par new generation   total 109248K, used 104377K [0x00000000e0000000, 0x00000000e8000000, 0x00000000e8000000)
  eden space 87424K, 100% used [0x00000000e0000000, 0x00000000e5560000, 0x00000000e5560000)
  from space 21824K,  77% used [0x00000000e6ab0000, 0x00000000e7b3e448, 0x00000000e8000000)
  to   space 21824K,   0% used [0x00000000e5560000, 0x00000000e5560000, 0x00000000e6ab0000)
 concurrent mark-sweep generation total 393216K, used 191466K [0x00000000e8000000, 0x0000000100000000, 0x0000000100000000)
 Metaspace       used 46880K, capacity 48731K, committed 49624K, reserved 1093632K
  class space    used 5105K, capacity 5503K, committed 5628K, reserved 1048576K
2018-10-23T07:42:33.990+0000: 223.936: [GC (Allocation Failure) 2018-10-23T07:42:33.990+0000: 223.936: [ParNew
Desired survivor size 20112992 bytes, new threshold 8 (max 8)
- age   1:    3901424 bytes,    3901424 total
- age   2:     949384 bytes,    4850808 total
- age   3:     558016 bytes,    5408824 total
- age   4:     677888 bytes,    6086712 total
- age   5:     652648 bytes,    6739360 total
- age   6:    1677840 bytes,    8417200 total
- age   7:     945376 bytes,    9362576 total
- age   8:     157784 bytes,    9520360 total
: 104377K->12259K(109248K), 0.0213164 secs] 295844K->203912K(502464K), 0.0214257 secs] [Times: user=0.02 sys=0.00, real=0.02 secs] 
Heap after GC invocations=238 (full 13):
 par new generation   total 109248K, used 12259K [0x00000000e0000000, 0x00000000e8000000, 0x00000000e8000000)
  eden space 87424K,   0% used [0x00000000e0000000, 0x00000000e0000000, 0x00000000e5560000)
  from space 21824K,  56% used [0x00000000e5560000, 0x00000000e6158f98, 0x00000000e6ab0000)
  to   space 21824K,   0% used [0x00000000e6ab0000, 0x00000000e6ab0000, 0x00000000e8000000)
 concurrent mark-sweep generation total 393216K, used 191652K [0x00000000e8000000, 0x0000000100000000, 0x0000000100000000)
 Metaspace       used 46880K, capacity 48731K, committed 49624K, reserved 1093632K
  class space    used 5105K, capacity 5503K, committed 5628K, reserved 1048576K
}
2018-10-23T07:42:34.012+0000: 223.957: Total time for which application threads were stopped: 0.0339718 seconds, Stopping threads took: 0.0120103 seconds
{Heap before GC invocations=238 (full 13):
 par new generation   total 109248K, used 99683K [0x00000000e0000000, 0x00000000e8000000, 0x00000000e8000000)
  eden space 87424K, 100% used [0x00000000e0000000, 0x00000000e5560000, 0x00000000e5560000)
  from space 21824K,  56% used [0x00000000e5560000, 0x00000000e6158f98, 0x00000000e6ab0000)
  to   space 21824K,   0% used [0x00000000e6ab0000, 0x00000000e6ab0000, 0x00000000e8000000)
 concurrent mark-sweep generation total 393216K, used 191652K [0x00000000e8000000, 0x0000000100000000, 0x0000000100000000)
 Metaspace       used 46880K, capacity 48731K, committed 49624K, reserved 1093632K
  class space    used 5105K, capacity 5503K, committed 5628K, reserved 1048576K
2018-10-23T07:42:34.232+0000: 224.178: [GC (Allocation Failure) 2018-10-23T07:42:34.232+0000: 224.178: [ParNew
Desired survivor size 20112992 bytes, new threshold 8 (max 8)
- age   1:    3886904 bytes,    3886904 total
- age   2:    2642112 bytes,    6529016 total
- age   3:     136864 bytes,    6665880 total
- age   4:     147056 bytes,    6812936 total
- age   5:     138000 bytes,    6950936 total
- age   6:     130000 bytes,    7080936 total
- age   7:     789912 bytes,    7870848 total
- age   8:     945376 bytes,    8816224 total
: 99683K->10475K(109248K), 0.0419164 secs] 291336K->202282K(502464K), 0.0420394 secs] [Times: user=0.05 sys=0.00, real=0.04 secs] 
Heap after GC invocations=239 (full 13):
 par new generation   total 109248K, used 10475K [0x00000000e0000000, 0x00000000e8000000, 0x00000000e8000000)
  eden space 87424K,   0% used [0x00000000e0000000, 0x00000000e0000000, 0x00000000e5560000)
  from space 21824K,  48% used [0x00000000e6ab0000, 0x00000000e74eaf00, 0x00000000e8000000)
  to   space 21824K,   0% used [0x00000000e5560000, 0x00000000e5560000, 0x00000000e6ab0000)
 concurrent mark-sweep generation total 393216K, used 191806K [0x00000000e8000000, 0x0000000100000000, 0x0000000100000000)
 Metaspace       used 46880K, capacity 48731K, committed 49624K, reserved 1093632K
  class space    used 5105K, capacity 5503K, committed 5628K, reserved 1048576K
}
2018-10-23T07:42:34.274+0000: 224.220: Total time for which application threads were stopped: 0.0484389 seconds, Stopping threads took: 0.0058775 seconds
2018-10-23T07:42:34.471+0000: 224.417: Total time for which application threads were stopped: 0.0099902 seconds, Stopping threads took: 0.0094094 seconds
2018-10-23T07:42:34.474+0000: 224.420: Total time for which application threads were stopped: 0.0014785 seconds, Stopping threads took: 0.0011834 seconds
2018-10-23T07:42:34.474+0000: 224.420: Total time for which application threads were stopped: 0.0002966 seconds, Stopping threads took: 0.0000941 seconds
2018-10-23T07:42:34.484+0000: 224.430: Total time for which application threads were stopped: 0.0003632 seconds, Stopping threads took: 0.0001336 seconds
2018-10-23T07:42:34.485+0000: 224.431: Total time for which application threads were stopped: 0.0003277 seconds, Stopping threads took: 0.0001111 seconds
2018-10-23T07:42:34.497+0000: 224.443: Total time for which application threads were stopped: 0.0004466 seconds, Stopping threads took: 0.0001076 seconds
2018-10-23T07:42:34.497+0000: 224.443: Total time for which application threads were stopped: 0.0003436 seconds, Stopping threads took: 0.0001679 seconds
{Heap before GC invocations=239 (full 13):
 par new generation   total 109248K, used 97899K [0x00000000e0000000, 0x00000000e8000000, 0x00000000e8000000)
  eden space 87424K, 100% used [0x00000000e0000000, 0x00000000e5560000, 0x00000000e5560000)
  from space 21824K,  48% used [0x00000000e6ab0000, 0x00000000e74eaf00, 0x00000000e8000000)
  to   space 21824K,   0% used [0x00000000e5560000, 0x00000000e5560000, 0x00000000e6ab0000)
 concurrent mark-sweep generation total 393216K, used 191806K [0x00000000e8000000, 0x0000000100000000, 0x0000000100000000)
 Metaspace       used 46918K, capacity 48731K, committed 49624K, reserved 1093632K
  class space    used 5108K, capacity 5503K, committed 5628K, reserved 1048576K
2018-10-23T07:42:34.521+0000: 224.467: [GC (Allocation Failure) 2018-10-23T07:42:34.521+0000: 224.467: [ParNew
Desired survivor size 20112992 bytes, new threshold 8 (max 8)
- age   1:    3348496 bytes,    3348496 total
- age   2:    2553592 bytes,    5902088 total
- age   3:    2607520 bytes,    8509608 total
- age   4:     136864 bytes,    8646472 total
- age   5:     131240 bytes,    8777712 total
- age   6:     138000 bytes,    8915712 total
- age   7:     130000 bytes,    9045712 total
- age   8:     788632 bytes,    9834344 total
: 97899K->11614K(109248K), 0.0835113 secs] 289706K->204343K(502464K), 0.0836375 secs] [Times: user=0.04 sys=0.00, real=0.08 secs] 
Heap after GC invocations=240 (full 13):
 par new generation   total 109248K, used 11614K [0x00000000e0000000, 0x00000000e8000000, 0x00000000e8000000)
  eden space 87424K,   0% used [0x00000000e0000000, 0x00000000e0000000, 0x00000000e5560000)
  from space 21824K,  53% used [0x00000000e5560000, 0x00000000e60b7820, 0x00000000e6ab0000)
  to   space 21824K,   0% used [0x00000000e6ab0000, 0x00000000e6ab0000, 0x00000000e8000000)
 concurrent mark-sweep generation total 393216K, used 192729K [0x00000000e8000000, 0x0000000100000000, 0x0000000100000000)
 Metaspace       used 46918K, capacity 48731K, committed 49624K, reserved 1093632K
  class space    used 5108K, capacity 5503K, committed 5628K, reserved 1048576K
}
2018-10-23T07:42:34.605+0000: 224.551: Total time for which application threads were stopped: 0.0842229 seconds, Stopping threads took: 0.0000918 seconds
{Heap before GC invocations=240 (full 13):
 par new generation   total 109248K, used 99038K [0x00000000e0000000, 0x00000000e8000000, 0x00000000e8000000)
  eden space 87424K, 100% used [0x00000000e0000000, 0x00000000e5560000, 0x00000000e5560000)
  from space 21824K,  53% used [0x00000000e5560000, 0x00000000e60b7820, 0x00000000e6ab0000)
  to   space 21824K,   0% used [0x00000000e6ab0000, 0x00000000e6ab0000, 0x00000000e8000000)
 concurrent mark-sweep generation total 393216K, used 192729K [0x00000000e8000000, 0x0000000100000000, 0x0000000100000000)
 Metaspace       used 46921K, capacity 48731K, committed 49624K, reserved 1093632K
  class space    used 5108K, capacity 5503K, committed 5628K, reserved 1048576K
2018-10-23T07:42:34.798+0000: 224.744: [GC (Allocation Failure) 2018-10-23T07:42:34.798+0000: 224.744: [ParNew
Desired survivor size 20112992 bytes, new threshold 8 (max 8)
- age   1:    3240328 bytes,    3240328 total
- age   2:    1506680 bytes,    4747008 total
- age   3:    2488496 bytes,    7235504 total
- age   4:    2607232 bytes,    9842736 total
- age   5:     136864 bytes,    9979600 total
- age   6:     131160 bytes,   10110760 total
- age   7:     138000 bytes,   10248760 total
- age   8:     130000 bytes,   10378760 total
: 99038K->13707K(109248K), 0.0258449 secs] 291767K->207207K(502464K), 0.0259582 secs] [Times: user=0.04 sys=0.00, real=0.02 secs] 
Heap after GC invocations=241 (full 13):
 par new generation   total 109248K, used 13707K [0x00000000e0000000, 0x00000000e8000000, 0x00000000e8000000)
  eden space 87424K,   0% used [0x00000000e0000000, 0x00000000e0000000, 0x00000000e5560000)
  from space 21824K,  62% used [0x00000000e6ab0000, 0x00000000e7812c30, 0x00000000e8000000)
  to   space 21824K,   0% used [0x00000000e5560000, 0x00000000e5560000, 0x00000000e6ab0000)
 concurrent mark-sweep generation total 393216K, used 193500K [0x00000000e8000000, 0x0000000100000000, 0x0000000100000000)
 Metaspace       used 46921K, capacity 48731K, committed 49624K, reserved 1093632K
  class space    used 5108K, capacity 5503K, committed 5628K, reserved 1048576K
}
2018-10-23T07:42:34.824+0000: 224.770: Total time for which application threads were stopped: 0.0339702 seconds, Stopping threads took: 0.0074823 seconds
2018-10-23T07:42:34.876+0000: 224.822: Total time for which application threads were stopped: 0.0006601 seconds, Stopping threads took: 0.0002457 seconds
2018-10-23T07:42:35.014+0000: 224.960: Total time for which application threads were stopped: 0.0042765 seconds, Stopping threads took: 0.0038057 seconds
{Heap before GC invocations=241 (full 13):
 par new generation   total 109248K, used 101127K [0x00000000e0000000, 0x00000000e8000000, 0x00000000e8000000)
  eden space 87424K,  99% used [0x00000000e0000000, 0x00000000e555f3c0, 0x00000000e5560000)
  from space 21824K,  62% used [0x00000000e6ab0000, 0x00000000e7812c30, 0x00000000e8000000)
  to   space 21824K,   0% used [0x00000000e5560000, 0x00000000e5560000, 0x00000000e6ab0000)
 concurrent mark-sweep generation total 393216K, used 193500K [0x00000000e8000000, 0x0000000100000000, 0x0000000100000000)
 Metaspace       used 46933K, capacity 48731K, committed 49624K, reserved 1093632K
  class space    used 5108K, capacity 5503K, committed 5628K, reserved 1048576K
2018-10-23T07:42:35.018+0000: 224.964: [GC (Allocation Failure) 2018-10-23T07:42:35.018+0000: 224.964: [ParNew
Desired survivor size 20112992 bytes, new threshold 8 (max 8)
- age   1:    5306560 bytes,    5306560 total
- age   2:     320128 bytes,    5626688 total
- age   3:     367312 bytes,    5994000 total
- age   4:     751128 bytes,    6745128 total
- age   5:    1077784 bytes,    7822912 total
- age   6:     136864 bytes,    7959776 total
- age   7:     130448 bytes,    8090224 total
- age   8:     138000 bytes,    8228224 total
: 101127K->10649K(109248K), 0.0283105 secs] 294628K->204276K(502464K), 0.0284323 secs] [Times: user=0.03 sys=0.00, real=0.02 secs] 
Heap after GC invocations=242 (full 13):
 par new generation   total 109248K, used 10649K [0x00000000e0000000, 0x00000000e8000000, 0x00000000e8000000)
  eden space 87424K,   0% used [0x00000000e0000000, 0x00000000e0000000, 0x00000000e5560000)
  from space 21824K,  48% used [0x00000000e5560000, 0x00000000e5fc6568, 0x00000000e6ab0000)
  to   space 21824K,   0% used [0x00000000e6ab0000, 0x00000000e6ab0000, 0x00000000e8000000)
 concurrent mark-sweep generation total 393216K, used 193627K [0x00000000e8000000, 0x0000000100000000, 0x0000000100000000)
 Metaspace       used 46933K, capacity 48731K, committed 49624K, reserved 1093632K
  class space    used 5108K, capacity 5503K, committed 5628K, reserved 1048576K
}
2018-10-23T07:42:35.047+0000: 224.993: Total time for which application threads were stopped: 0.0289208 seconds, Stopping threads took: 0.0001049 seconds
2018-10-23T07:42:35.110+0000: 225.056: Total time for which application threads were stopped: 0.0107077 seconds, Stopping threads took: 0.0101986 seconds
{Heap before GC invocations=242 (full 13):
 par new generation   total 109248K, used 98068K [0x00000000e0000000, 0x00000000e8000000, 0x00000000e8000000)
  eden space 87424K,  99% used [0x00000000e0000000, 0x00000000e555ec60, 0x00000000e5560000)
  from space 21824K,  48% used [0x00000000e5560000, 0x00000000e5fc6568, 0x00000000e6ab0000)
  to   space 21824K,   0% used [0x00000000e6ab0000, 0x00000000e6ab0000, 0x00000000e8000000)
 concurrent mark-sweep generation total 393216K, used 193627K [0x00000000e8000000, 0x0000000100000000, 0x0000000100000000)
 Metaspace       used 46935K, capacity 48731K, committed 49624K, reserved 1093632K
  class space    used 5108K, capacity 5503K, committed 5628K, reserved 1048576K
2018-10-23T07:42:35.199+0000: 225.145: [GC (Allocation Failure) 2018-10-23T07:42:35.199+0000: 225.145: [ParNew
Desired survivor size 20112992 bytes, new threshold 8 (max 8)
- age   1:    6687728 bytes,    6687728 total
- age   2:    2721024 bytes,    9408752 total
- age   3:     125680 bytes,    9534432 total
- age   4:     183280 bytes,    9717712 total
- age   5:     565416 bytes,   10283128 total
- age   6:    1053944 bytes,   11337072 total
- age   7:     136864 bytes,   11473936 total
- age   8:     130448 bytes,   11604384 total
: 98068K->13603K(109248K), 0.0625919 secs] 291695K->207365K(502464K), 0.0627158 secs] [Times: user=0.03 sys=0.00, real=0.06 secs] 
Heap after GC invocations=243 (full 13):
 par new generation   total 109248K, used 13603K [0x00000000e0000000, 0x00000000e8000000, 0x00000000e8000000)
  eden space 87424K,   0% used [0x00000000e0000000, 0x00000000e0000000, 0x00000000e5560000)
  from space 21824K,  62% used [0x00000000e6ab0000, 0x00000000e77f8f20, 0x00000000e8000000)
  to   space 21824K,   0% used [0x00000000e5560000, 0x00000000e5560000, 0x00000000e6ab0000)
 concurrent mark-sweep generation total 393216K, used 193761K [0x00000000e8000000, 0x0000000100000000, 0x0000000100000000)
 Metaspace       used 46935K, capacity 48731K, committed 49624K, reserved 1093632K
  class space    used 5108K, capacity 5503K, committed 5628K, reserved 1048576K
}
2018-10-23T07:42:35.262+0000: 225.208: Total time for which application threads were stopped: 0.0634048 seconds, Stopping threads took: 0.0001800 seconds
2018-10-23T07:42:35.278+0000: 225.224: Total time for which application threads were stopped: 0.0098492 seconds, Stopping threads took: 0.0093838 seconds
{Heap before GC invocations=243 (full 13):
 par new generation   total 109248K, used 101027K [0x00000000e0000000, 0x00000000e8000000, 0x00000000e8000000)
  eden space 87424K, 100% used [0x00000000e0000000, 0x00000000e5560000, 0x00000000e5560000)
  from space 21824K,  62% used [0x00000000e6ab0000, 0x00000000e77f8f20, 0x00000000e8000000)
  to   space 21824K,   0% used [0x00000000e5560000, 0x00000000e5560000, 0x00000000e6ab0000)
 concurrent mark-sweep generation total 393216K, used 193761K [0x00000000e8000000, 0x0000000100000000, 0x0000000100000000)
 Metaspace       used 46935K, capacity 48731K, committed 49624K, reserved 1093632K
  class space    used 5108K, capacity 5503K, committed 5628K, reserved 1048576K
2018-10-23T07:42:35.386+0000: 225.332: [GC (Allocation Failure) 2018-10-23T07:42:35.386+0000: 225.332: [ParNew
Desired survivor size 20112992 bytes, new threshold 8 (max 8)
- age   1:    2672168 bytes,    2672168 total
- age   2:    5515656 bytes,    8187824 total
- age   3:    2720992 bytes,   10908816 total
- age   4:     125680 bytes,   11034496 total
- age   5:     183280 bytes,   11217776 total
- age   6:     564504 bytes,   11782280 total
- age   7:    1053944 bytes,   12836224 total
- age   8:     136864 bytes,   12973088 total
: 101027K->16857K(109248K), 0.0133558 secs] 294789K->210747K(502464K), 0.0134632 secs] [Times: user=0.02 sys=0.00, real=0.02 secs] 
Heap after GC invocations=244 (full 13):
 par new generation   total 109248K, used 16857K [0x00000000e0000000, 0x00000000e8000000, 0x00000000e8000000)
  eden space 87424K,   0% used [0x00000000e0000000, 0x00000000e0000000, 0x00000000e5560000)
  from space 21824K,  77% used [0x00000000e5560000, 0x00000000e65d66c8, 0x00000000e6ab0000)
  to   space 21824K,   0% used [0x00000000e6ab0000, 0x00000000e6ab0000, 0x00000000e8000000)
 concurrent mark-sweep generation total 393216K, used 193889K [0x00000000e8000000, 0x0000000100000000, 0x0000000100000000)
 Metaspace       used 46935K, capacity 48731K, committed 49624K, reserved 1093632K
  class space    used 5108K, capacity 5503K, committed 5628K, reserved 1048576K
}
2018-10-23T07:42:35.400+0000: 225.345: Total time for which application threads were stopped: 0.0260039 seconds, Stopping threads took: 0.0120195 seconds
{Heap before GC invocations=244 (full 13):
 par new generation   total 109248K, used 104281K [0x00000000e0000000, 0x00000000e8000000, 0x00000000e8000000)
  eden space 87424K, 100% used [0x00000000e0000000, 0x00000000e5560000, 0x00000000e5560000)
  from space 21824K,  77% used [0x00000000e5560000, 0x00000000e65d66c8, 0x00000000e6ab0000)
  to   space 21824K,   0% used [0x00000000e6ab0000, 0x00000000e6ab0000, 0x00000000e8000000)
 concurrent mark-sweep generation total 393216K, used 193889K [0x00000000e8000000, 0x0000000100000000, 0x0000000100000000)
 Metaspace       used 46936K, capacity 48731K, committed 49624K, reserved 1093632K
  class space    used 5108K, capacity 5503K, committed 5628K, reserved 1048576K
2018-10-23T07:42:35.629+0000: 225.575: [GC (Allocation Failure) 2018-10-23T07:42:35.629+0000: 225.575: [ParNew
Desired survivor size 20112992 bytes, new threshold 8 (max 8)
- age   1:    5065256 bytes,    5065256 total
- age   2:    1697848 bytes,    6763104 total
- age   3:    5351984 bytes,   12115088 total
- age   4:    2536744 bytes,   14651832 total
- age   5:     125680 bytes,   14777512 total
- age   6:     183280 bytes,   14960792 total
- age   7:     564504 bytes,   15525296 total
- age   8:    1053496 bytes,   16578792 total
: 104281K->19687K(109248K), 0.0410830 secs] 298171K->213710K(502464K), 0.0412036 secs] [Times: user=0.07 sys=0.00, real=0.05 secs] 
Heap after GC invocations=245 (full 13):
 par new generation   total 109248K, used 19687K [0x00000000e0000000, 0x00000000e8000000, 0x00000000e8000000)
  eden space 87424K,   0% used [0x00000000e0000000, 0x00000000e0000000, 0x00000000e5560000)
  from space 21824K,  90% used [0x00000000e6ab0000, 0x00000000e7de9e60, 0x00000000e8000000)
  to   space 21824K,   0% used [0x00000000e5560000, 0x00000000e5560000, 0x00000000e6ab0000)
 concurrent mark-sweep generation total 393216K, used 194023K [0x00000000e8000000, 0x0000000100000000, 0x0000000100000000)
 Metaspace       used 46936K, capacity 48731K, committed 49624K, reserved 1093632K
  class space    used 5108K, capacity 5503K, committed 5628K, reserved 1048576K
}
2018-10-23T07:42:35.670+0000: 225.616: Total time for which application threads were stopped: 0.0456134 seconds, Stopping threads took: 0.0037931 seconds
{Heap before GC invocations=245 (full 13):
 par new generation   total 109248K, used 107111K [0x00000000e0000000, 0x00000000e8000000, 0x00000000e8000000)
  eden space 87424K, 100% used [0x00000000e0000000, 0x00000000e5560000, 0x00000000e5560000)
  from space 21824K,  90% used [0x00000000e6ab0000, 0x00000000e7de9e60, 0x00000000e8000000)
  to   space 21824K,   0% used [0x00000000e5560000, 0x00000000e5560000, 0x00000000e6ab0000)
 concurrent mark-sweep generation total 393216K, used 194023K [0x00000000e8000000, 0x0000000100000000, 0x0000000100000000)
 Metaspace       used 46949K, capacity 48795K, committed 49624K, reserved 1093632K
  class space    used 5108K, capacity 5503K, committed 5628K, reserved 1048576K
2018-10-23T07:42:35.902+0000: 225.848: [GC (Allocation Failure) 2018-10-23T07:42:35.902+0000: 225.848: [ParNew
Desired survivor size 20112992 bytes, new threshold 8 (max 8)
- age   1:    4423696 bytes,    4423696 total
- age   2:    2948584 bytes,    7372280 total
- age   3:     847408 bytes,    8219688 total
- age   4:    2705144 bytes,   10924832 total
- age   5:    1850264 bytes,   12775096 total
- age   6:      48352 bytes,   12823448 total
- age   7:      98000 bytes,   12921448 total
- age   8:     487096 bytes,   13408544 total
: 107111K->17415K(109248K), 0.0508784 secs] 301134K->211851K(502464K), 0.0510108 secs] [Times: user=0.09 sys=0.00, real=0.05 secs] 
Heap after GC invocations=246 (full 13):
 par new generation   total 109248K, used 17415K [0x00000000e0000000, 0x00000000e8000000, 0x00000000e8000000)
  eden space 87424K,   0% used [0x00000000e0000000, 0x00000000e0000000, 0x00000000e5560000)
  from space 21824K,  79% used [0x00000000e5560000, 0x00000000e6661e58, 0x00000000e6ab0000)
  to   space 21824K,   0% used [0x00000000e6ab0000, 0x00000000e6ab0000, 0x00000000e8000000)
 concurrent mark-sweep generation total 393216K, used 194436K [0x00000000e8000000, 0x0000000100000000, 0x0000000100000000)
 Metaspace       used 46949K, capacity 48795K, committed 49624K, reserved 1093632K
  class space    used 5108K, capacity 5503K, committed 5628K, reserved 1048576K
}
2018-10-23T07:42:35.953+0000: 225.899: Total time for which application threads were stopped: 0.0516278 seconds, Stopping threads took: 0.0000770 seconds
2018-10-23T07:42:35.955+0000: 225.901: Total time for which application threads were stopped: 0.0003832 seconds, Stopping threads took: 0.0000313 seconds
{Heap before GC invocations=246 (full 13):
 par new generation   total 109248K, used 104839K [0x00000000e0000000, 0x00000000e8000000, 0x00000000e8000000)
  eden space 87424K, 100% used [0x00000000e0000000, 0x00000000e5560000, 0x00000000e5560000)
  from space 21824K,  79% used [0x00000000e5560000, 0x00000000e6661e58, 0x00000000e6ab0000)
  to   space 21824K,   0% used [0x00000000e6ab0000, 0x00000000e6ab0000, 0x00000000e8000000)
 concurrent mark-sweep generation total 393216K, used 194436K [0x00000000e8000000, 0x0000000100000000, 0x0000000100000000)
 Metaspace       used 46952K, capacity 48795K, committed 49624K, reserved 1093632K
  class space    used 5108K, capacity 5503K, committed 5628K, reserved 1048576K
2018-10-23T07:42:36.134+0000: 226.080: [GC (Allocation Failure) 2018-10-23T07:42:36.134+0000: 226.080: [ParNew
Desired survivor size 20112992 bytes, new threshold 8 (max 8)
- age   1:    5012760 bytes,    5012760 total
- age   2:    1260720 bytes,    6273480 total
- age   3:    2777752 bytes,    9051232 total
- age   4:     796824 bytes,    9848056 total
- age   5:    2528312 bytes,   12376368 total
- age   6:    1628536 bytes,   14004904 total
- age   7:      48352 bytes,   14053256 total
- age   8:      98000 bytes,   14151256 total
: 104839K->16786K(109248K), 0.0381009 secs] 299275K->211270K(502464K), 0.0382242 secs] [Times: user=0.02 sys=0.00, real=0.04 secs] 
Heap after GC invocations=247 (full 13):
 par new generation   total 109248K, used 16786K [0x00000000e0000000, 0x00000000e8000000, 0x00000000e8000000)
  eden space 87424K,   0% used [0x00000000e0000000, 0x00000000e0000000, 0x00000000e5560000)
  from space 21824K,  76% used [0x00000000e6ab0000, 0x00000000e7b14bc0, 0x00000000e8000000)
  to   space 21824K,   0% used [0x00000000e5560000, 0x00000000e5560000, 0x00000000e6ab0000)
 concurrent mark-sweep generation total 393216K, used 194483K [0x00000000e8000000, 0x0000000100000000, 0x0000000100000000)
 Metaspace       used 46952K, capacity 48795K, committed 49624K, reserved 1093632K
  class space    used 5108K, capacity 5503K, committed 5628K, reserved 1048576K
}
2018-10-23T07:42:36.172+0000: 226.118: Total time for which application threads were stopped: 0.0388124 seconds, Stopping threads took: 0.0000603 seconds
2018-10-23T07:42:36.225+0000: 226.171: Total time for which application threads were stopped: 0.0115155 seconds, Stopping threads took: 0.0111242 seconds
{Heap before GC invocations=247 (full 13):
 par new generation   total 109248K, used 104210K [0x00000000e0000000, 0x00000000e8000000, 0x00000000e8000000)
  eden space 87424K, 100% used [0x00000000e0000000, 0x00000000e5560000, 0x00000000e5560000)
  from space 21824K,  76% used [0x00000000e6ab0000, 0x00000000e7b14bc0, 0x00000000e8000000)
  to   space 21824K,   0% used [0x00000000e5560000, 0x00000000e5560000, 0x00000000e6ab0000)
 concurrent mark-sweep generation total 393216K, used 194483K [0x00000000e8000000, 0x0000000100000000, 0x0000000100000000)
 Metaspace       used 46952K, capacity 48795K, committed 49624K, reserved 1093632K
  class space    used 5108K, capacity 5503K, committed 5628K, reserved 1048576K
2018-10-23T07:42:36.335+0000: 226.281: [GC (Allocation Failure) 2018-10-23T07:42:36.335+0000: 226.281: [ParNew
Desired survivor size 20112992 bytes, new threshold 8 (max 8)
- age   1:    2667968 bytes,    2667968 total
- age   2:    2937776 bytes,    5605744 total
- age   3:    1260192 bytes,    6865936 total
- age   4:    2777752 bytes,    9643688 total
- age   5:     796824 bytes,   10440512 total
- age   6:    2527088 bytes,   12967600 total
- age   7:    1628536 bytes,   14596136 total
- age   8:      48352 bytes,   14644488 total
: 104210K->18694K(109248K), 0.0131241 secs] 298694K->213274K(502464K), 0.0132197 secs] [Times: user=0.03 sys=0.00, real=0.01 secs] 
Heap after GC invocations=248 (full 13):
 par new generation   total 109248K, used 18694K [0x00000000e0000000, 0x00000000e8000000, 0x00000000e8000000)
  eden space 87424K,   0% used [0x00000000e0000000, 0x00000000e0000000, 0x00000000e5560000)
  from space 21824K,  85% used [0x00000000e5560000, 0x00000000e67a1a60, 0x00000000e6ab0000)
  to   space 21824K,   0% used [0x00000000e6ab0000, 0x00000000e6ab0000, 0x00000000e8000000)
 concurrent mark-sweep generation total 393216K, used 194579K [0x00000000e8000000, 0x0000000100000000, 0x0000000100000000)
 Metaspace       used 46952K, capacity 48795K, committed 49624K, reserved 1093632K
  class space    used 5108K, capacity 5503K, committed 5628K, reserved 1048576K
}
2018-10-23T07:42:36.349+0000: 226.294: Total time for which application threads were stopped: 0.0137911 seconds, Stopping threads took: 0.0000856 seconds
{Heap before GC invocations=248 (full 13):
 par new generation   total 109248K, used 106118K [0x00000000e0000000, 0x00000000e8000000, 0x00000000e8000000)
  eden space 87424K, 100% used [0x00000000e0000000, 0x00000000e5560000, 0x00000000e5560000)
  from space 21824K,  85% used [0x00000000e5560000, 0x00000000e67a1a60, 0x00000000e6ab0000)
  to   space 21824K,   0% used [0x00000000e6ab0000, 0x00000000e6ab0000, 0x00000000e8000000)
 concurrent mark-sweep generation total 393216K, used 194579K [0x00000000e8000000, 0x0000000100000000, 0x0000000100000000)
 Metaspace       used 46952K, capacity 48795K, committed 49624K, reserved 1093632K
  class space    used 5108K, capacity 5503K, committed 5628K, reserved 1048576K
2018-10-23T07:42:36.602+0000: 226.548: [GC (Allocation Failure) 2018-10-23T07:42:36.602+0000: 226.548: [ParNew
Desired survivor size 20112992 bytes, new threshold 8 (max 8)
- age   1:    2947120 bytes,    2947120 total
- age   2:    1333848 bytes,    4280968 total
- age   3:    2934800 bytes,    7215768 total
- age   4:    1260192 bytes,    8475960 total
- age   5:    2777752 bytes,   11253712 total
- age   6:     796824 bytes,   12050536 total
- age   7:    2527088 bytes,   14577624 total
- age   8:    1628536 bytes,   16206160 total
: 106118K->19077K(109248K), 0.0374263 secs] 300698K->213704K(502464K), 0.0375511 secs] [Times: user=0.03 sys=0.00, real=0.04 secs] 
Heap after GC invocations=249 (full 13):
 par new generation   total 109248K, used 19077K [0x00000000e0000000, 0x00000000e8000000, 0x00000000e8000000)
  eden space 87424K,   0% used [0x00000000e0000000, 0x00000000e0000000, 0x00000000e5560000)
  from space 21824K,  87% used [0x00000000e6ab0000, 0x00000000e7d51478, 0x00000000e8000000)
  to   space 21824K,   0% used [0x00000000e5560000, 0x00000000e5560000, 0x00000000e6ab0000)
 concurrent mark-sweep generation total 393216K, used 194627K [0x00000000e8000000, 0x0000000100000000, 0x0000000100000000)
 Metaspace       used 46952K, capacity 48795K, committed 49624K, reserved 1093632K
  class space    used 5108K, capacity 5503K, committed 5628K, reserved 1048576K
}
2018-10-23T07:42:36.640+0000: 226.586: Total time for which application threads were stopped: 0.0381369 seconds, Stopping threads took: 0.0001047 seconds
{Heap before GC invocations=249 (full 13):
 par new generation   total 109248K, used 106501K [0x00000000e0000000, 0x00000000e8000000, 0x00000000e8000000)
  eden space 87424K, 100% used [0x00000000e0000000, 0x00000000e5560000, 0x00000000e5560000)
  from space 21824K,  87% used [0x00000000e6ab0000, 0x00000000e7d51478, 0x00000000e8000000)
  to   space 21824K,   0% used [0x00000000e5560000, 0x00000000e5560000, 0x00000000e6ab0000)
 concurrent mark-sweep generation total 393216K, used 194627K [0x00000000e8000000, 0x0000000100000000, 0x0000000100000000)
 Metaspace       used 46952K, capacity 48795K, committed 49624K, reserved 1093632K
  class space    used 5108K, capacity 5503K, committed 5628K, reserved 1048576K
2018-10-23T07:42:36.826+0000: 226.771: [GC (Allocation Failure) 2018-10-23T07:42:36.826+0000: 226.772: [ParNew
Desired survivor size 20112992 bytes, new threshold 8 (max 8)
- age   1:    3270560 bytes,    3270560 total
- age   2:    1477872 bytes,    4748432 total
- age   3:    1257112 bytes,    6005544 total
- age   4:    2933112 bytes,    8938656 total
- age   5:    1260192 bytes,   10198848 total
- age   6:    2777752 bytes,   12976600 total
- age   7:     796824 bytes,   13773424 total
- age   8:    2527088 bytes,   16300512 total
: 106501K->21824K(109248K), 0.0223321 secs] 301128K->218042K(502464K), 0.0224545 secs] [Times: user=0.05 sys=0.00, real=0.02 secs] 
Heap after GC invocations=250 (full 13):
 par new generation   total 109248K, used 21824K [0x00000000e0000000, 0x00000000e8000000, 0x00000000e8000000)
  eden space 87424K,   0% used [0x00000000e0000000, 0x00000000e0000000, 0x00000000e5560000)
  from space 21824K, 100% used [0x00000000e5560000, 0x00000000e6ab0000, 0x00000000e6ab0000)
  to   space 21824K,   0% used [0x00000000e6ab0000, 0x00000000e6ab0000, 0x00000000e8000000)
 concurrent mark-sweep generation total 393216K, used 196218K [0x00000000e8000000, 0x0000000100000000, 0x0000000100000000)
 Metaspace       used 46952K, capacity 48795K, committed 49624K, reserved 1093632K
  class space    used 5108K, capacity 5503K, committed 5628K, reserved 1048576K
}
2018-10-23T07:42:36.848+0000: 226.794: Total time for which application threads were stopped: 0.0230701 seconds, Stopping threads took: 0.0000798 seconds
2018-10-23T07:42:36.926+0000: 226.871: Total time for which application threads were stopped: 0.0115671 seconds, Stopping threads took: 0.0111093 seconds
2018-10-23T07:42:37.052+0000: 226.998: Total time for which application threads were stopped: 0.0128025 seconds, Stopping threads took: 0.0123328 seconds
{Heap before GC invocations=250 (full 13):
 par new generation   total 109248K, used 109248K [0x00000000e0000000, 0x00000000e8000000, 0x00000000e8000000)
  eden space 87424K, 100% used [0x00000000e0000000, 0x00000000e5560000, 0x00000000e5560000)
  from space 21824K, 100% used [0x00000000e5560000, 0x00000000e6ab0000, 0x00000000e6ab0000)
  to   space 21824K,   0% used [0x00000000e6ab0000, 0x00000000e6ab0000, 0x00000000e8000000)
 concurrent mark-sweep generation total 393216K, used 196218K [0x00000000e8000000, 0x0000000100000000, 0x0000000100000000)
 Metaspace       used 46965K, capacity 48795K, committed 49624K, reserved 1093632K
  class space    used 5108K, capacity 5503K, committed 5628K, reserved 1048576K
2018-10-23T07:42:37.070+0000: 227.016: [GC (Allocation Failure) 2018-10-23T07:42:37.070+0000: 227.016: [ParNew
Desired survivor size 20112992 bytes, new threshold 8 (max 8)
- age   1:    3975296 bytes,    3975296 total
- age   2:     749424 bytes,    4724720 total
- age   3:     557176 bytes,    5281896 total
- age   4:     553560 bytes,    5835456 total
- age   5:    1710752 bytes,    7546208 total
- age   6:    1174984 bytes,    8721192 total
- age   7:    2777752 bytes,   11498944 total
- age   8:     796824 bytes,   12295768 total
: 109248K->18928K(109248K), 0.0359831 secs] 305466K->217608K(502464K), 0.0361090 secs] [Times: user=0.05 sys=0.00, real=0.03 secs] 
Heap after GC invocations=251 (full 13):
 par new generation   total 109248K, used 18928K [0x00000000e0000000, 0x00000000e8000000, 0x00000000e8000000)
  eden space 87424K,   0% used [0x00000000e0000000, 0x00000000e0000000, 0x00000000e5560000)
  from space 21824K,  86% used [0x00000000e6ab0000, 0x00000000e7d2c380, 0x00000000e8000000)
  to   space 21824K,   0% used [0x00000000e5560000, 0x00000000e5560000, 0x00000000e6ab0000)
 concurrent mark-sweep generation total 393216K, used 198679K [0x00000000e8000000, 0x0000000100000000, 0x0000000100000000)
 Metaspace       used 46965K, capacity 48795K, committed 49624K, reserved 1093632K
  class space    used 5108K, capacity 5503K, committed 5628K, reserved 1048576K
}
2018-10-23T07:42:37.106+0000: 227.052: Total time for which application threads were stopped: 0.0416537 seconds, Stopping threads took: 0.0050256 seconds
2018-10-23T07:42:37.109+0000: 227.055: [GC (CMS Initial Mark) [1 CMS-initial-mark: 198679K(393216K)] 217966K(502464K), 0.0093537 secs] [Times: user=0.01 sys=0.00, real=0.02 secs] 
2018-10-23T07:42:37.119+0000: 227.064: Total time for which application threads were stopped: 0.0114623 seconds, Stopping threads took: 0.0016456 seconds
2018-10-23T07:42:37.119+0000: 227.065: [CMS-concurrent-mark-start]
{Heap before GC invocations=251 (full 14):
 par new generation   total 109248K, used 106352K [0x00000000e0000000, 0x00000000e8000000, 0x00000000e8000000)
  eden space 87424K, 100% used [0x00000000e0000000, 0x00000000e5560000, 0x00000000e5560000)
  from space 21824K,  86% used [0x00000000e6ab0000, 0x00000000e7d2c380, 0x00000000e8000000)
  to   space 21824K,   0% used [0x00000000e5560000, 0x00000000e5560000, 0x00000000e6ab0000)
 concurrent mark-sweep generation total 393216K, used 198679K [0x00000000e8000000, 0x0000000100000000, 0x0000000100000000)
 Metaspace       used 46966K, capacity 48795K, committed 49624K, reserved 1093632K
  class space    used 5108K, capacity 5503K, committed 5628K, reserved 1048576K
2018-10-23T07:42:37.326+0000: 227.272: [GC (Allocation Failure) 2018-10-23T07:42:37.326+0000: 227.272: [ParNew
Desired survivor size 20112992 bytes, new threshold 8 (max 8)
- age   1:    3439920 bytes,    3439920 total
- age   2:    2614472 bytes,    6054392 total
- age   3:     315600 bytes,    6369992 total
- age   4:     273928 bytes,    6643920 total
- age   5:     304312 bytes,    6948232 total
- age   6:     572160 bytes,    7520392 total
- age   7:    1174072 bytes,    8694464 total
- age   8:    2777752 bytes,   11472216 total
: 106352K->13420K(109248K), 0.0819392 secs] 305032K->212877K(502464K), 0.0820697 secs] [Times: user=0.06 sys=0.00, real=0.08 secs] 
Heap after GC invocations=252 (full 14):
 par new generation   total 109248K, used 13420K [0x00000000e0000000, 0x00000000e8000000, 0x00000000e8000000)
  eden space 87424K,   0% used [0x00000000e0000000, 0x00000000e0000000, 0x00000000e5560000)
  from space 21824K,  61% used [0x00000000e5560000, 0x00000000e627b000, 0x00000000e6ab0000)
  to   space 21824K,   0% used [0x00000000e6ab0000, 0x00000000e6ab0000, 0x00000000e8000000)
 concurrent mark-sweep generation total 393216K, used 199457K [0x00000000e8000000, 0x0000000100000000, 0x0000000100000000)
 Metaspace       used 46966K, capacity 48795K, committed 49624K, reserved 1093632K
  class space    used 5108K, capacity 5503K, committed 5628K, reserved 1048576K
}
2018-10-23T07:42:37.408+0000: 227.354: Total time for which application threads were stopped: 0.0827070 seconds, Stopping threads took: 0.0000856 seconds
{Heap before GC invocations=252 (full 14):
 par new generation   total 109248K, used 100844K [0x00000000e0000000, 0x00000000e8000000, 0x00000000e8000000)
  eden space 87424K, 100% used [0x00000000e0000000, 0x00000000e5560000, 0x00000000e5560000)
  from space 21824K,  61% used [0x00000000e5560000, 0x00000000e627b000, 0x00000000e6ab0000)
  to   space 21824K,   0% used [0x00000000e6ab0000, 0x00000000e6ab0000, 0x00000000e8000000)
 concurrent mark-sweep generation total 393216K, used 199457K [0x00000000e8000000, 0x0000000100000000, 0x0000000100000000)
 Metaspace       used 46967K, capacity 48795K, committed 49624K, reserved 1093632K
  class space    used 5108K, capacity 5503K, committed 5628K, reserved 1048576K
2018-10-23T07:42:37.558+0000: 227.504: [GC (Allocation Failure) 2018-10-23T07:42:37.558+0000: 227.504: [ParNew
Desired survivor size 20112992 bytes, new threshold 8 (max 8)
- age   1:    2838560 bytes,    2838560 total
- age   2:    2269840 bytes,    5108400 total
- age   3:    2386736 bytes,    7495136 total
- age   4:     181776 bytes,    7676912 total
- age   5:     149760 bytes,    7826672 total
- age   6:     192240 bytes,    8018912 total
- age   7:     451808 bytes,    8470720 total
- age   8:    1173912 bytes,    9644632 total
: 100844K->14616K(109248K), 0.0303106 secs] 300301K->216786K(502464K), 0.0304471 secs] [Times: user=0.05 sys=0.00, real=0.02 secs] 
Heap after GC invocations=253 (full 14):
 par new generation   total 109248K, used 14616K [0x00000000e0000000, 0x00000000e8000000, 0x00000000e8000000)
  eden space 87424K,   0% used [0x00000000e0000000, 0x00000000e0000000, 0x00000000e5560000)
  from space 21824K,  66% used [0x00000000e6ab0000, 0x00000000e78f6330, 0x00000000e8000000)
  to   space 21824K,   0% used [0x00000000e5560000, 0x00000000e5560000, 0x00000000e6ab0000)
 concurrent mark-sweep generation total 393216K, used 202169K [0x00000000e8000000, 0x0000000100000000, 0x0000000100000000)
 Metaspace       used 46967K, capacity 48795K, committed 49624K, reserved 1093632K
  class space    used 5108K, capacity 5503K, committed 5628K, reserved 1048576K
}
2018-10-23T07:42:37.589+0000: 227.535: Total time for which application threads were stopped: 0.0310659 seconds, Stopping threads took: 0.0000912 seconds
2018-10-23T07:42:37.604+0000: 227.550: [CMS-concurrent-mark: 0.367/0.485 secs] [Times: user=0.97 sys=0.00, real=0.48 secs] 
2018-10-23T07:42:37.604+0000: 227.550: [CMS-concurrent-preclean-start]
2018-10-23T07:42:37.627+0000: 227.572: [CMS-concurrent-preclean: 0.012/0.023 secs] [Times: user=0.09 sys=0.00, real=0.02 secs] 
2018-10-23T07:42:37.627+0000: 227.573: [CMS-concurrent-abortable-preclean-start]
{Heap before GC invocations=253 (full 14):
 par new generation   total 109248K, used 102040K [0x00000000e0000000, 0x00000000e8000000, 0x00000000e8000000)
  eden space 87424K, 100% used [0x00000000e0000000, 0x00000000e5560000, 0x00000000e5560000)
  from space 21824K,  66% used [0x00000000e6ab0000, 0x00000000e78f6330, 0x00000000e8000000)
  to   space 21824K,   0% used [0x00000000e5560000, 0x00000000e5560000, 0x00000000e6ab0000)
 concurrent mark-sweep generation total 393216K, used 202169K [0x00000000e8000000, 0x0000000100000000, 0x0000000100000000)
 Metaspace       used 46967K, capacity 48795K, committed 49624K, reserved 1093632K
  class space    used 5108K, capacity 5503K, committed 5628K, reserved 1048576K
2018-10-23T07:42:37.691+0000: 227.637: [GC (Allocation Failure) 2018-10-23T07:42:37.691+0000: 227.637: [ParNew
Desired survivor size 20112992 bytes, new threshold 8 (max 8)
- age   1:    3038712 bytes,    3038712 total
- age   2:    1781008 bytes,    4819720 total
- age   3:    2160144 bytes,    6979864 total
- age   4:    2417080 bytes,    9396944 total
- age   5:     181776 bytes,    9578720 total
- age   6:     149760 bytes,    9728480 total
- age   7:     192240 bytes,    9920720 total
- age   8:     450896 bytes,   10371616 total
: 102040K->13174K(109248K), 0.0383658 secs] 304210K->216493K(502464K), 0.0384972 secs] [Times: user=0.05 sys=0.00, real=0.03 secs] 
Heap after GC invocations=254 (full 14):
 par new generation   total 109248K, used 13174K [0x00000000e0000000, 0x00000000e8000000, 0x00000000e8000000)
  eden space 87424K,   0% used [0x00000000e0000000, 0x00000000e0000000, 0x00000000e5560000)
  from space 21824K,  60% used [0x00000000e5560000, 0x00000000e623da98, 0x00000000e6ab0000)
  to   space 21824K,   0% used [0x00000000e6ab0000, 0x00000000e6ab0000, 0x00000000e8000000)
 concurrent mark-sweep generation total 393216K, used 203318K [0x00000000e8000000, 0x0000000100000000, 0x0000000100000000)
 Metaspace       used 46967K, capacity 48795K, committed 49624K, reserved 1093632K
  class space    used 5108K, capacity 5503K, committed 5628K, reserved 1048576K
}
2018-10-23T07:42:37.730+0000: 227.676: Total time for which application threads were stopped: 0.0391538 seconds, Stopping threads took: 0.0001172 seconds
{Heap before GC invocations=254 (full 14):
 par new generation   total 109248K, used 100598K [0x00000000e0000000, 0x00000000e8000000, 0x00000000e8000000)
  eden space 87424K, 100% used [0x00000000e0000000, 0x00000000e5560000, 0x00000000e5560000)
  from space 21824K,  60% used [0x00000000e5560000, 0x00000000e623da98, 0x00000000e6ab0000)
  to   space 21824K,   0% used [0x00000000e6ab0000, 0x00000000e6ab0000, 0x00000000e8000000)
 concurrent mark-sweep generation total 393216K, used 203318K [0x00000000e8000000, 0x0000000100000000, 0x0000000100000000)
 Metaspace       used 46967K, capacity 48795K, committed 49624K, reserved 1093632K
  class space    used 5108K, capacity 5503K, committed 5628K, reserved 1048576K
2018-10-23T07:42:37.855+0000: 227.801: [GC (Allocation Failure) 2018-10-23T07:42:37.856+0000: 227.801: [ParNew
Desired survivor size 20112992 bytes, new threshold 8 (max 8)
- age   1:    2046560 bytes,    2046560 total
- age   2:    1993616 bytes,    4040176 total
- age   3:    1336216 bytes,    5376392 total
- age   4:    2159912 bytes,    7536304 total
- age   5:    2384264 bytes,    9920568 total
- age   6:     181776 bytes,   10102344 total
- age   7:     149760 bytes,   10252104 total
- age   8:     192240 bytes,   10444344 total
: 100598K->12459K(109248K), 0.0316279 secs] 303917K->216219K(502464K), 0.0317580 secs] [Times: user=0.03 sys=0.00, real=0.03 secs] 
Heap after GC invocations=255 (full 14):
 par new generation   total 109248K, used 12459K [0x00000000e0000000, 0x00000000e8000000, 0x00000000e8000000)
  eden space 87424K,   0% used [0x00000000e0000000, 0x00000000e0000000, 0x00000000e5560000)
  from space 21824K,  57% used [0x00000000e6ab0000, 0x00000000e76daf10, 0x00000000e8000000)
  to   space 21824K,   0% used [0x00000000e5560000, 0x00000000e5560000, 0x00000000e6ab0000)
 concurrent mark-sweep generation total 393216K, used 203760K [0x00000000e8000000, 0x0000000100000000, 0x0000000100000000)
 Metaspace       used 46967K, capacity 48795K, committed 49624K, reserved 1093632K
  class space    used 5108K, capacity 5503K, committed 5628K, reserved 1048576K
}
2018-10-23T07:42:37.887+0000: 227.833: Total time for which application threads were stopped: 0.0323689 seconds, Stopping threads took: 0.0001119 seconds
2018-10-23T07:42:37.887+0000: 227.833: [CMS-concurrent-abortable-preclean: 0.157/0.261 secs] [Times: user=0.50 sys=0.00, real=0.26 secs] 
2018-10-23T07:42:37.910+0000: 227.856: [GC (CMS Final Remark) [YG occupancy: 21206 K (109248 K)]{Heap before GC invocations=255 (full 14):
 par new generation   total 109248K, used 21206K [0x00000000e0000000, 0x00000000e8000000, 0x00000000e8000000)
  eden space 87424K,  10% used [0x00000000e0000000, 0x00000000e088aa30, 0x00000000e5560000)
  from space 21824K,  57% used [0x00000000e6ab0000, 0x00000000e76daf10, 0x00000000e8000000)
  to   space 21824K,   0% used [0x00000000e5560000, 0x00000000e5560000, 0x00000000e6ab0000)
 concurrent mark-sweep generation total 393216K, used 203760K [0x00000000e8000000, 0x0000000100000000, 0x0000000100000000)
 Metaspace       used 46967K, capacity 48795K, committed 49624K, reserved 1093632K
  class space    used 5108K, capacity 5503K, committed 5628K, reserved 1048576K
2018-10-23T07:42:37.910+0000: 227.856: [GC (CMS Final Remark) 2018-10-23T07:42:37.910+0000: 227.856: [ParNew
Desired survivor size 20112992 bytes, new threshold 8 (max 8)
- age   1:     549968 bytes,     549968 total
- age   2:    1597248 bytes,    2147216 total
- age   3:    1922640 bytes,    4069856 total
- age   4:    1336216 bytes,    5406072 total
- age   5:    2159912 bytes,    7565984 total
- age   6:    2384264 bytes,    9950248 total
- age   7:     181776 bytes,   10132024 total
- age   8:     149760 bytes,   10281784 total
: 21206K->15567K(109248K), 0.0389980 secs] 224966K->219515K(502464K), 0.0390894 secs] [Times: user=0.04 sys=0.00, real=0.03 secs] 
Heap after GC invocations=256 (full 14):
 par new generation   total 109248K, used 15567K [0x00000000e0000000, 0x00000000e8000000, 0x00000000e8000000)
  eden space 87424K,   0% used [0x00000000e0000000, 0x00000000e0000000, 0x00000000e5560000)
  from space 21824K,  71% used [0x00000000e5560000, 0x00000000e6493d98, 0x00000000e6ab0000)
  to   space 21824K,   0% used [0x00000000e6ab0000, 0x00000000e6ab0000, 0x00000000e8000000)
 concurrent mark-sweep generation total 393216K, used 203948K [0x00000000e8000000, 0x0000000100000000, 0x0000000100000000)
 Metaspace       used 46967K, capacity 48795K, committed 49624K, reserved 1093632K
  class space    used 5108K, capacity 5503K, committed 5628K, reserved 1048576K
}
2018-10-23T07:42:37.949+0000: 227.895: [Rescan (parallel) , 0.0053611 secs]2018-10-23T07:42:37.955+0000: 227.900: [weak refs processing, 0.0091211 secs]2018-10-23T07:42:37.964+0000: 227.910: [class unloading, 0.0137094 secs]2018-10-23T07:42:37.977+0000: 227.923: [scrub symbol table, 0.0068031 secs]2018-10-23T07:42:37.984+0000: 227.930: [scrub string table, 0.0008689 secs][1 CMS-remark: 203948K(393216K)] 219515K(502464K), 0.0754170 secs] [Times: user=0.09 sys=0.00, real=0.07 secs] 
2018-10-23T07:42:37.986+0000: 227.931: Total time for which application threads were stopped: 0.0925557 seconds, Stopping threads took: 0.0166600 seconds
2018-10-23T07:42:37.986+0000: 227.931: [CMS-concurrent-sweep-start]
{Heap before GC invocations=256 (full 14):
 par new generation   total 109248K, used 102991K [0x00000000e0000000, 0x00000000e8000000, 0x00000000e8000000)
  eden space 87424K, 100% used [0x00000000e0000000, 0x00000000e5560000, 0x00000000e5560000)
  from space 21824K,  71% used [0x00000000e5560000, 0x00000000e6493d98, 0x00000000e6ab0000)
  to   space 21824K,   0% used [0x00000000e6ab0000, 0x00000000e6ab0000, 0x00000000e8000000)
 concurrent mark-sweep generation total 393216K, used 194032K [0x00000000e8000000, 0x0000000100000000, 0x0000000100000000)
 Metaspace       used 46968K, capacity 48795K, committed 49624K, reserved 1093632K
  class space    used 5108K, capacity 5503K, committed 5628K, reserved 1048576K
2018-10-23T07:42:38.091+0000: 228.037: [GC (Allocation Failure) 2018-10-23T07:42:38.091+0000: 228.037: [ParNew
Desired survivor size 20112992 bytes, new threshold 8 (max 8)
- age   1:    3043328 bytes,    3043328 total
- age   2:      27992 bytes,    3071320 total
- age   3:     881552 bytes,    3952872 total
- age   4:    1554888 bytes,    5507760 total
- age   5:    1184448 bytes,    6692208 total
- age   6:    2055256 bytes,    8747464 total
- age   7:    1552416 bytes,   10299880 total
- age   8:     181776 bytes,   10481656 total
: 102991K->11835K(109248K), 0.0402089 secs] 297024K->206014K(502464K), 0.0403367 secs] [Times: user=0.04 sys=0.00, real=0.04 secs] 
Heap after GC invocations=257 (full 14):
 par new generation   total 109248K, used 11835K [0x00000000e0000000, 0x00000000e8000000, 0x00000000e8000000)
  eden space 87424K,   0% used [0x00000000e0000000, 0x00000000e0000000, 0x00000000e5560000)
  from space 21824K,  54% used [0x00000000e6ab0000, 0x00000000e763ecf0, 0x00000000e8000000)
  to   space 21824K,   0% used [0x00000000e5560000, 0x00000000e5560000, 0x00000000e6ab0000)
 concurrent mark-sweep generation total 393216K, used 194179K [0x00000000e8000000, 0x0000000100000000, 0x0000000100000000)
 Metaspace       used 46968K, capacity 48795K, committed 49624K, reserved 1093632K
  class space    used 5108K, capacity 5503K, committed 5628K, reserved 1048576K
}
2018-10-23T07:42:38.131+0000: 228.077: Total time for which application threads were stopped: 0.0409253 seconds, Stopping threads took: 0.0000716 seconds
{Heap before GC invocations=257 (full 14):
 par new generation   total 109248K, used 99259K [0x00000000e0000000, 0x00000000e8000000, 0x00000000e8000000)
  eden space 87424K, 100% used [0x00000000e0000000, 0x00000000e5560000, 0x00000000e5560000)
  from space 21824K,  54% used [0x00000000e6ab0000, 0x00000000e763ecf0, 0x00000000e8000000)
  to   space 21824K,   0% used [0x00000000e5560000, 0x00000000e5560000, 0x00000000e6ab0000)
 concurrent mark-sweep generation total 393216K, used 193902K [0x00000000e8000000, 0x0000000100000000, 0x0000000100000000)
 Metaspace       used 46979K, capacity 48795K, committed 49624K, reserved 1093632K
  class space    used 5108K, capacity 5503K, committed 5628K, reserved 1048576K
2018-10-23T07:42:38.232+0000: 228.178: [GC (Allocation Failure) 2018-10-23T07:42:38.232+0000: 228.178: [ParNew
Desired survivor size 20112992 bytes, new threshold 8 (max 8)
- age   1:    4272936 bytes,    4272936 total
- age   2:    1094816 bytes,    5367752 total
- age   3:      12024 bytes,    5379776 total
- age   4:     232736 bytes,    5612512 total
- age   5:     357728 bytes,    5970240 total
- age   6:     510768 bytes,    6481008 total
- age   7:     672464 bytes,    7153472 total
- age   8:    1065448 bytes,    8218920 total
: 99259K->11075K(109248K), 0.0297968 secs] 293161K->205155K(502464K), 0.0299099 secs] [Times: user=0.03 sys=0.00, real=0.03 secs] 
Heap after GC invocations=258 (full 14):
 par new generation   total 109248K, used 11075K [0x00000000e0000000, 0x00000000e8000000, 0x00000000e8000000)
  eden space 87424K,   0% used [0x00000000e0000000, 0x00000000e0000000, 0x00000000e5560000)
  from space 21824K,  50% used [0x00000000e5560000, 0x00000000e6030ea8, 0x00000000e6ab0000)
  to   space 21824K,   0% used [0x00000000e6ab0000, 0x00000000e6ab0000, 0x00000000e8000000)
 concurrent mark-sweep generation total 393216K, used 194080K [0x00000000e8000000, 0x0000000100000000, 0x0000000100000000)
 Metaspace       used 46979K, capacity 48795K, committed 49624K, reserved 1093632K
  class space    used 5108K, capacity 5503K, committed 5628K, reserved 1048576K
}
2018-10-23T07:42:38.262+0000: 228.208: Total time for which application threads were stopped: 0.0306414 seconds, Stopping threads took: 0.0001697 seconds
2018-10-23T07:42:38.311+0000: 228.257: [CMS-concurrent-sweep: 0.249/0.325 secs] [Times: user=0.62 sys=0.00, real=0.33 secs] 
2018-10-23T07:42:38.311+0000: 228.257: [CMS-concurrent-reset-start]
2018-10-23T07:42:38.312+0000: 228.258: [CMS-concurrent-reset: 0.001/0.001 secs] [Times: user=0.01 sys=0.00, real=0.00 secs] 
{Heap before GC invocations=258 (full 14):
 par new generation   total 109248K, used 98499K [0x00000000e0000000, 0x00000000e8000000, 0x00000000e8000000)
  eden space 87424K, 100% used [0x00000000e0000000, 0x00000000e5560000, 0x00000000e5560000)
  from space 21824K,  50% used [0x00000000e5560000, 0x00000000e6030ea8, 0x00000000e6ab0000)
  to   space 21824K,   0% used [0x00000000e6ab0000, 0x00000000e6ab0000, 0x00000000e8000000)
 concurrent mark-sweep generation total 393216K, used 187355K [0x00000000e8000000, 0x0000000100000000, 0x0000000100000000)
 Metaspace       used 46980K, capacity 48795K, committed 49624K, reserved 1093632K
  class space    used 5108K, capacity 5503K, committed 5628K, reserved 1048576K
2018-10-23T07:42:38.395+0000: 228.341: [GC (Allocation Failure) 2018-10-23T07:42:38.395+0000: 228.341: [ParNew
Desired survivor size 20112992 bytes, new threshold 8 (max 8)
- age   1:    2637272 bytes,    2637272 total
- age   2:    3034248 bytes,    5671520 total
- age   3:    1039256 bytes,    6710776 total
- age   4:       3120 bytes,    6713896 total
- age   5:      80936 bytes,    6794832 total
- age   6:     164464 bytes,    6959296 total
- age   7:     398880 bytes,    7358176 total
- age   8:     558768 bytes,    7916944 total
: 98499K->10450K(109248K), 0.0389651 secs] 285855K->198702K(502464K), 0.0391163 secs] [Times: user=0.03 sys=0.00, real=0.04 secs] 
Heap after GC invocations=259 (full 14):
 par new generation   total 109248K, used 10450K [0x00000000e0000000, 0x00000000e8000000, 0x00000000e8000000)
  eden space 87424K,   0% used [0x00000000e0000000, 0x00000000e0000000, 0x00000000e5560000)
  from space 21824K,  47% used [0x00000000e6ab0000, 0x00000000e74e4800, 0x00000000e8000000)
  to   space 21824K,   0% used [0x00000000e5560000, 0x00000000e5560000, 0x00000000e6ab0000)
 concurrent mark-sweep generation total 393216K, used 188252K [0x00000000e8000000, 0x0000000100000000, 0x0000000100000000)
 Metaspace       used 46980K, capacity 48795K, committed 49624K, reserved 1093632K
  class space    used 5108K, capacity 5503K, committed 5628K, reserved 1048576K
}
2018-10-23T07:42:38.434+0000: 228.380: Total time for which application threads were stopped: 0.0473773 seconds, Stopping threads took: 0.0076539 seconds
{Heap before GC invocations=259 (full 14):
 par new generation   total 109248K, used 97874K [0x00000000e0000000, 0x00000000e8000000, 0x00000000e8000000)
  eden space 87424K, 100% used [0x00000000e0000000, 0x00000000e5560000, 0x00000000e5560000)
  from space 21824K,  47% used [0x00000000e6ab0000, 0x00000000e74e4800, 0x00000000e8000000)
  to   space 21824K,   0% used [0x00000000e5560000, 0x00000000e5560000, 0x00000000e6ab0000)
 concurrent mark-sweep generation total 393216K, used 188252K [0x00000000e8000000, 0x0000000100000000, 0x0000000100000000)
 Metaspace       used 46980K, capacity 48795K, committed 49624K, reserved 1093632K
  class space    used 5108K, capacity 5503K, committed 5628K, reserved 1048576K
2018-10-23T07:42:38.576+0000: 228.522: [GC (Allocation Failure) 2018-10-23T07:42:38.576+0000: 228.522: [ParNew
Desired survivor size 20112992 bytes, new threshold 8 (max 8)
- age   1:    3494384 bytes,    3494384 total
- age   2:    1099248 bytes,    4593632 total
- age   3:    3008152 bytes,    7601784 total
- age   4:    1038696 bytes,    8640480 total
- age   5:       3120 bytes,    8643600 total
- age   6:      80832 bytes,    8724432 total
- age   7:     164224 bytes,    8888656 total
- age   8:     398848 bytes,    9287504 total
: 97874K->11565K(109248K), 0.0453374 secs] 286126K->200363K(502464K), 0.0454678 secs] [Times: user=0.04 sys=0.00, real=0.05 secs] 
Heap after GC invocations=260 (full 14):
 par new generation   total 109248K, used 11565K [0x00000000e0000000, 0x00000000e8000000, 0x00000000e8000000)
  eden space 87424K,   0% used [0x00000000e0000000, 0x00000000e0000000, 0x00000000e5560000)
  from space 21824K,  52% used [0x00000000e5560000, 0x00000000e60ab4d8, 0x00000000e6ab0000)
  to   space 21824K,   0% used [0x00000000e6ab0000, 0x00000000e6ab0000, 0x00000000e8000000)
 concurrent mark-sweep generation total 393216K, used 188797K [0x00000000e8000000, 0x0000000100000000, 0x0000000100000000)
 Metaspace       used 46980K, capacity 48795K, committed 49624K, reserved 1093632K
  class space    used 5108K, capacity 5503K, committed 5628K, reserved 1048576K
}
2018-10-23T07:42:38.622+0000: 228.568: Total time for which application threads were stopped: 0.0526690 seconds, Stopping threads took: 0.0066381 seconds
{Heap before GC invocations=260 (full 14):
 par new generation   total 109248K, used 98980K [0x00000000e0000000, 0x00000000e8000000, 0x00000000e8000000)
  eden space 87424K,  99% used [0x00000000e0000000, 0x00000000e555dcd0, 0x00000000e5560000)
  from space 21824K,  52% used [0x00000000e5560000, 0x00000000e60ab4d8, 0x00000000e6ab0000)
  to   space 21824K,   0% used [0x00000000e6ab0000, 0x00000000e6ab0000, 0x00000000e8000000)
 concurrent mark-sweep generation total 393216K, used 188797K [0x00000000e8000000, 0x0000000100000000, 0x0000000100000000)
 Metaspace       used 46985K, capacity 48795K, committed 49624K, reserved 1093632K
  class space    used 5108K, capacity 5503K, committed 5628K, reserved 1048576K
2018-10-23T07:42:38.749+0000: 228.695: [GC (Allocation Failure) 2018-10-23T07:42:38.749+0000: 228.695: [ParNew
Desired survivor size 20112992 bytes, new threshold 8 (max 8)
- age   1:    2439968 bytes,    2439968 total
- age   2:    2047984 bytes,    4487952 total
- age   3:    1045952 bytes,    5533904 total
- age   4:    3007952 bytes,    8541856 total
- age   5:    1038432 bytes,    9580288 total
- age   6:       3120 bytes,    9583408 total
- age   7:      77632 bytes,    9661040 total
- age   8:     158752 bytes,    9819792 total
: 98980K->11780K(109248K), 0.0678439 secs] 287778K->200875K(502464K), 0.0679942 secs] [Times: user=0.06 sys=0.00, real=0.07 secs] 
Heap after GC invocations=261 (full 14):
 par new generation   total 109248K, used 11780K [0x00000000e0000000, 0x00000000e8000000, 0x00000000e8000000)
  eden space 87424K,   0% used [0x00000000e0000000, 0x00000000e0000000, 0x00000000e5560000)
  from space 21824K,  53% used [0x00000000e6ab0000, 0x00000000e76312b0, 0x00000000e8000000)
  to   space 21824K,   0% used [0x00000000e5560000, 0x00000000e5560000, 0x00000000e6ab0000)
 concurrent mark-sweep generation total 393216K, used 189095K [0x00000000e8000000, 0x0000000100000000, 0x0000000100000000)
 Metaspace       used 46985K, capacity 48795K, committed 49624K, reserved 1093632K
  class space    used 5108K, capacity 5503K, committed 5628K, reserved 1048576K
}
2018-10-23T07:42:38.817+0000: 228.763: Total time for which application threads were stopped: 0.0762804 seconds, Stopping threads took: 0.0077097 seconds
{Heap before GC invocations=261 (full 14):
 par new generation   total 109248K, used 99204K [0x00000000e0000000, 0x00000000e8000000, 0x00000000e8000000)
  eden space 87424K, 100% used [0x00000000e0000000, 0x00000000e5560000, 0x00000000e5560000)
  from space 21824K,  53% used [0x00000000e6ab0000, 0x00000000e76312b0, 0x00000000e8000000)
  to   space 21824K,   0% used [0x00000000e5560000, 0x00000000e5560000, 0x00000000e6ab0000)
 concurrent mark-sweep generation total 393216K, used 189095K [0x00000000e8000000, 0x0000000100000000, 0x0000000100000000)
 Metaspace       used 46987K, capacity 48795K, committed 49624K, reserved 1093632K
  class space    used 5108K, capacity 5503K, committed 5628K, reserved 1048576K
2018-10-23T07:42:38.930+0000: 228.876: [GC (Allocation Failure) 2018-10-23T07:42:38.930+0000: 228.876: [ParNew
Desired survivor size 20112992 bytes, new threshold 8 (max 8)
- age   1:    3172592 bytes,    3172592 total
- age   2:     998536 bytes,    4171128 total
- age   3:    1727536 bytes,    5898664 total
- age   4:    1007488 bytes,    6906152 total
- age   5:    3006984 bytes,    9913136 total
- age   6:    1038432 bytes,   10951568 total
- age   7:       3120 bytes,   10954688 total
- age   8:      77632 bytes,   11032320 total
: 99204K->13733K(109248K), 0.0572176 secs] 288299K->202983K(502464K), 0.0573423 secs] [Times: user=0.07 sys=0.00, real=0.05 secs] 
Heap after GC invocations=262 (full 14):
 par new generation   total 109248K, used 13733K [0x00000000e0000000, 0x00000000e8000000, 0x00000000e8000000)
  eden space 87424K,   0% used [0x00000000e0000000, 0x00000000e0000000, 0x00000000e5560000)
  from space 21824K,  62% used [0x00000000e5560000, 0x00000000e62c9620, 0x00000000e6ab0000)
  to   space 21824K,   0% used [0x00000000e6ab0000, 0x00000000e6ab0000, 0x00000000e8000000)
 concurrent mark-sweep generation total 393216K, used 189250K [0x00000000e8000000, 0x0000000100000000, 0x0000000100000000)
 Metaspace       used 46987K, capacity 48795K, committed 49624K, reserved 1093632K
  class space    used 5108K, capacity 5503K, committed 5628K, reserved 1048576K
}
2018-10-23T07:42:38.988+0000: 228.934: Total time for which application threads were stopped: 0.0632276 seconds, Stopping threads took: 0.0052850 seconds
{Heap before GC invocations=262 (full 14):
 par new generation   total 109248K, used 101157K [0x00000000e0000000, 0x00000000e8000000, 0x00000000e8000000)
  eden space 87424K, 100% used [0x00000000e0000000, 0x00000000e5560000, 0x00000000e5560000)
  from space 21824K,  62% used [0x00000000e5560000, 0x00000000e62c9620, 0x00000000e6ab0000)
  to   space 21824K,   0% used [0x00000000e6ab0000, 0x00000000e6ab0000, 0x00000000e8000000)
 concurrent mark-sweep generation total 393216K, used 189250K [0x00000000e8000000, 0x0000000100000000, 0x0000000100000000)
 Metaspace       used 46987K, capacity 48795K, committed 49624K, reserved 1093632K
  class space    used 5108K, capacity 5503K, committed 5628K, reserved 1048576K
2018-10-23T07:42:39.119+0000: 229.064: [GC (Allocation Failure) 2018-10-23T07:42:39.119+0000: 229.065: [ParNew
Desired survivor size 20112992 bytes, new threshold 8 (max 8)
- age   1:    3441352 bytes,    3441352 total
- age   2:    1729504 bytes,    5170856 total
- age   3:     816968 bytes,    5987824 total
- age   4:    1623168 bytes,    7610992 total
- age   5:     963384 bytes,    8574376 total
- age   6:    2728624 bytes,   11303000 total
- age   7:     780816 bytes,   12083816 total
- age   8:       3120 bytes,   12086936 total
: 101157K->12961K(109248K), 0.0333696 secs] 290407K->202287K(502464K), 0.0334990 secs] [Times: user=0.03 sys=0.00, real=0.03 secs] 
Heap after GC invocations=263 (full 14):
 par new generation   total 109248K, used 12961K [0x00000000e0000000, 0x00000000e8000000, 0x00000000e8000000)
  eden space 87424K,   0% used [0x00000000e0000000, 0x00000000e0000000, 0x00000000e5560000)
  from space 21824K,  59% used [0x00000000e6ab0000, 0x00000000e7758640, 0x00000000e8000000)
  to   space 21824K,   0% used [0x00000000e5560000, 0x00000000e5560000, 0x00000000e6ab0000)
 concurrent mark-sweep generation total 393216K, used 189325K [0x00000000e8000000, 0x0000000100000000, 0x0000000100000000)
 Metaspace       used 46987K, capacity 48795K, committed 49624K, reserved 1093632K
  class space    used 5108K, capacity 5503K, committed 5628K, reserved 1048576K
}
2018-10-23T07:42:39.152+0000: 229.098: Total time for which application threads were stopped: 0.0341095 seconds, Stopping threads took: 0.0000854 seconds
{Heap before GC invocations=263 (full 14):
 par new generation   total 109248K, used 100385K [0x00000000e0000000, 0x00000000e8000000, 0x00000000e8000000)
  eden space 87424K, 100% used [0x00000000e0000000, 0x00000000e5560000, 0x00000000e5560000)
  from space 21824K,  59% used [0x00000000e6ab0000, 0x00000000e7758640, 0x00000000e8000000)
  to   space 21824K,   0% used [0x00000000e5560000, 0x00000000e5560000, 0x00000000e6ab0000)
 concurrent mark-sweep generation total 393216K, used 189325K [0x00000000e8000000, 0x0000000100000000, 0x0000000100000000)
 Metaspace       used 46987K, capacity 48795K, committed 49624K, reserved 1093632K
  class space    used 5108K, capacity 5503K, committed 5628K, reserved 1048576K
2018-10-23T07:42:39.285+0000: 229.231: [GC (Allocation Failure) 2018-10-23T07:42:39.285+0000: 229.231: [ParNew
Desired survivor size 20112992 bytes, new threshold 8 (max 8)
- age   1:    3759592 bytes,    3759592 total
- age   2:    2020808 bytes,    5780400 total
- age   3:     745688 bytes,    6526088 total
- age   4:     295992 bytes,    6822080 total
- age   5:     771184 bytes,    7593264 total
- age   6:     486240 bytes,    8079504 total
- age   7:    1682208 bytes,    9761712 total
- age   8:     440256 bytes,   10201968 total
: 100385K->14306K(109248K), 0.0117172 secs] 289711K->203635K(502464K), 0.0118286 secs] [Times: user=0.03 sys=0.00, real=0.01 secs] 
Heap after GC invocations=264 (full 14):
 par new generation   total 109248K, used 14306K [0x00000000e0000000, 0x00000000e8000000, 0x00000000e8000000)
  eden space 87424K,   0% used [0x00000000e0000000, 0x00000000e0000000, 0x00000000e5560000)
  from space 21824K,  65% used [0x00000000e5560000, 0x00000000e6358950, 0x00000000e6ab0000)
  to   space 21824K,   0% used [0x00000000e6ab0000, 0x00000000e6ab0000, 0x00000000e8000000)
 concurrent mark-sweep generation total 393216K, used 189329K [0x00000000e8000000, 0x0000000100000000, 0x0000000100000000)
 Metaspace       used 46987K, capacity 48795K, committed 49624K, reserved 1093632K
  class space    used 5108K, capacity 5503K, committed 5628K, reserved 1048576K
}
2018-10-23T07:42:39.297+0000: 229.243: Total time for which application threads were stopped: 0.0242687 seconds, Stopping threads took: 0.0118722 seconds
{Heap before GC invocations=264 (full 14):
 par new generation   total 109248K, used 101730K [0x00000000e0000000, 0x00000000e8000000, 0x00000000e8000000)
  eden space 87424K, 100% used [0x00000000e0000000, 0x00000000e5560000, 0x00000000e5560000)
  from space 21824K,  65% used [0x00000000e5560000, 0x00000000e6358950, 0x00000000e6ab0000)
  to   space 21824K,   0% used [0x00000000e6ab0000, 0x00000000e6ab0000, 0x00000000e8000000)
 concurrent mark-sweep generation total 393216K, used 189329K [0x00000000e8000000, 0x0000000100000000, 0x0000000100000000)
 Metaspace       used 46987K, capacity 48795K, committed 49624K, reserved 1093632K
  class space    used 5108K, capacity 5503K, committed 5628K, reserved 1048576K
2018-10-23T07:42:39.409+0000: 229.355: [GC (Allocation Failure) 2018-10-23T07:42:39.409+0000: 229.355: [ParNew
Desired survivor size 20112992 bytes, new threshold 8 (max 8)
- age   1:    3027680 bytes,    3027680 total
- age   2:    2979048 bytes,    6006728 total
- age   3:    1261152 bytes,    7267880 total
- age   4:     116320 bytes,    7384200 total
- age   5:     108624 bytes,    7492824 total
- age   6:     388176 bytes,    7881000 total
- age   7:     198624 bytes,    8079624 total
- age   8:     852384 bytes,    8932008 total
: 101730K->11545K(109248K), 0.0358526 secs] 291059K->201304K(502464K), 0.0359742 secs] [Times: user=0.06 sys=0.00, real=0.04 secs] 
Heap after GC invocations=265 (full 14):
 par new generation   total 109248K, used 11545K [0x00000000e0000000, 0x00000000e8000000, 0x00000000e8000000)
  eden space 87424K,   0% used [0x00000000e0000000, 0x00000000e0000000, 0x00000000e5560000)
  from space 21824K,  52% used [0x00000000e6ab0000, 0x00000000e75f6568, 0x00000000e8000000)
  to   space 21824K,   0% used [0x00000000e5560000, 0x00000000e5560000, 0x00000000e6ab0000)
 concurrent mark-sweep generation total 393216K, used 189759K [0x00000000e8000000, 0x0000000100000000, 0x0000000100000000)
 Metaspace       used 46987K, capacity 48795K, committed 49624K, reserved 1093632K
  class space    used 5108K, capacity 5503K, committed 5628K, reserved 1048576K
}
2018-10-23T07:42:39.445+0000: 229.391: Total time for which application threads were stopped: 0.0469162 seconds, Stopping threads took: 0.0103313 seconds
{Heap before GC invocations=265 (full 14):
 par new generation   total 109248K, used 98969K [0x00000000e0000000, 0x00000000e8000000, 0x00000000e8000000)
  eden space 87424K, 100% used [0x00000000e0000000, 0x00000000e5560000, 0x00000000e5560000)
  from space 21824K,  52% used [0x00000000e6ab0000, 0x00000000e75f6568, 0x00000000e8000000)
  to   space 21824K,   0% used [0x00000000e5560000, 0x00000000e5560000, 0x00000000e6ab0000)
 concurrent mark-sweep generation total 393216K, used 189759K [0x00000000e8000000, 0x0000000100000000, 0x0000000100000000)
 Metaspace       used 46987K, capacity 48795K, committed 49624K, reserved 1093632K
  class space    used 5108K, capacity 5503K, committed 5628K, reserved 1048576K
2018-10-23T07:42:39.506+0000: 229.452: [GC (Allocation Failure) 2018-10-23T07:42:39.506+0000: 229.452: [ParNew
Desired survivor size 20112992 bytes, new threshold 8 (max 8)
- age   1:    2442752 bytes,    2442752 total
- age   2:    2168400 bytes,    4611152 total
- age   3:    2534624 bytes,    7145776 total
- age   4:    1261120 bytes,    8406896 total
- age   5:     116320 bytes,    8523216 total
- age   6:     108624 bytes,    8631840 total
- age   7:     388176 bytes,    9020016 total
- age   8:     198552 bytes,    9218568 total
: 98969K->11070K(109248K), 0.0510012 secs] 288728K->201662K(502464K), 0.0511379 secs] [Times: user=0.04 sys=0.00, real=0.05 secs] 
Heap after GC invocations=266 (full 14):
 par new generation   total 109248K, used 11070K [0x00000000e0000000, 0x00000000e8000000, 0x00000000e8000000)
  eden space 87424K,   0% used [0x00000000e0000000, 0x00000000e0000000, 0x00000000e5560000)
  from space 21824K,  50% used [0x00000000e5560000, 0x00000000e602fb18, 0x00000000e6ab0000)
  to   space 21824K,   0% used [0x00000000e6ab0000, 0x00000000e6ab0000, 0x00000000e8000000)
 concurrent mark-sweep generation total 393216K, used 190592K [0x00000000e8000000, 0x0000000100000000, 0x0000000100000000)
 Metaspace       used 46987K, capacity 48795K, committed 49624K, reserved 1093632K
  class space    used 5108K, capacity 5503K, committed 5628K, reserved 1048576K
}
2018-10-23T07:42:39.558+0000: 229.503: Total time for which application threads were stopped: 0.0518408 seconds, Stopping threads took: 0.0001892 seconds
{Heap before GC invocations=266 (full 14):
 par new generation   total 109248K, used 98494K [0x00000000e0000000, 0x00000000e8000000, 0x00000000e8000000)
  eden space 87424K, 100% used [0x00000000e0000000, 0x00000000e5560000, 0x00000000e5560000)
  from space 21824K,  50% used [0x00000000e5560000, 0x00000000e602fb18, 0x00000000e6ab0000)
  to   space 21824K,   0% used [0x00000000e6ab0000, 0x00000000e6ab0000, 0x00000000e8000000)
 concurrent mark-sweep generation total 393216K, used 190592K [0x00000000e8000000, 0x0000000100000000, 0x0000000100000000)
 Metaspace       used 46987K, capacity 48795K, committed 49624K, reserved 1093632K
  class space    used 5108K, capacity 5503K, committed 5628K, reserved 1048576K
2018-10-23T07:42:39.664+0000: 229.610: [GC (Allocation Failure) 2018-10-23T07:42:39.664+0000: 229.610: [ParNew
Desired survivor size 20112992 bytes, new threshold 8 (max 8)
- age   1:    2533504 bytes,    2533504 total
- age   2:    1073960 bytes,    3607464 total
- age   3:    1934232 bytes,    5541696 total
- age   4:    2449432 bytes,    7991128 total
- age   5:    1260368 bytes,    9251496 total
- age   6:     116320 bytes,    9367816 total
- age   7:     108624 bytes,    9476440 total
- age   8:     388176 bytes,    9864616 total
: 98494K->11973K(109248K), 0.0488230 secs] 289086K->202759K(502464K), 0.0489493 secs] [Times: user=0.05 sys=0.00, real=0.05 secs] 
Heap after GC invocations=267 (full 14):
 par new generation   total 109248K, used 11973K [0x00000000e0000000, 0x00000000e8000000, 0x00000000e8000000)
  eden space 87424K,   0% used [0x00000000e0000000, 0x00000000e0000000, 0x00000000e5560000)
  from space 21824K,  54% used [0x00000000e6ab0000, 0x00000000e7661400, 0x00000000e8000000)
  to   space 21824K,   0% used [0x00000000e5560000, 0x00000000e5560000, 0x00000000e6ab0000)
 concurrent mark-sweep generation total 393216K, used 190786K [0x00000000e8000000, 0x0000000100000000, 0x0000000100000000)
 Metaspace       used 46987K, capacity 48795K, committed 49624K, reserved 1093632K
  class space    used 5108K, capacity 5503K, committed 5628K, reserved 1048576K
}
2018-10-23T07:42:39.713+0000: 229.659: Total time for which application threads were stopped: 0.0627937 seconds, Stopping threads took: 0.0133271 seconds
{Heap before GC invocations=267 (full 14):
 par new generation   total 109248K, used 99397K [0x00000000e0000000, 0x00000000e8000000, 0x00000000e8000000)
  eden space 87424K, 100% used [0x00000000e0000000, 0x00000000e5560000, 0x00000000e5560000)
  from space 21824K,  54% used [0x00000000e6ab0000, 0x00000000e7661400, 0x00000000e8000000)
  to   space 21824K,   0% used [0x00000000e5560000, 0x00000000e5560000, 0x00000000e6ab0000)
 concurrent mark-sweep generation total 393216K, used 190786K [0x00000000e8000000, 0x0000000100000000, 0x0000000100000000)
 Metaspace       used 46987K, capacity 48795K, committed 49624K, reserved 1093632K
  class space    used 5108K, capacity 5503K, committed 5628K, reserved 1048576K
2018-10-23T07:42:39.854+0000: 229.800: [GC (Allocation Failure) 2018-10-23T07:42:39.854+0000: 229.800: [ParNew
Desired survivor size 20112992 bytes, new threshold 8 (max 8)
- age   1:    3365048 bytes,    3365048 total
- age   2:    1399968 bytes,    4765016 total
- age   3:     977392 bytes,    5742408 total
- age   4:    1898280 bytes,    7640688 total
- age   5:    2444592 bytes,   10085280 total
- age   6:    1258216 bytes,   11343496 total
- age   7:     114120 bytes,   11457616 total
- age   8:     105104 bytes,   11562720 total
: 99397K->16133K(109248K), 0.0137506 secs] 290183K->207206K(502464K), 0.0138611 secs] [Times: user=0.04 sys=0.00, real=0.01 secs] 
Heap after GC invocations=268 (full 14):
 par new generation   total 109248K, used 16133K [0x00000000e0000000, 0x00000000e8000000, 0x00000000e8000000)
  eden space 87424K,   0% used [0x00000000e0000000, 0x00000000e0000000, 0x00000000e5560000)
  from space 21824K,  73% used [0x00000000e5560000, 0x00000000e65217a0, 0x00000000e6ab0000)
  to   space 21824K,   0% used [0x00000000e6ab0000, 0x00000000e6ab0000, 0x00000000e8000000)
 concurrent mark-sweep generation total 393216K, used 191072K [0x00000000e8000000, 0x0000000100000000, 0x0000000100000000)
 Metaspace       used 46987K, capacity 48795K, committed 49624K, reserved 1093632K
  class space    used 5108K, capacity 5503K, committed 5628K, reserved 1048576K
}
2018-10-23T07:42:39.868+0000: 229.814: Total time for which application threads were stopped: 0.0189447 seconds, Stopping threads took: 0.0045413 seconds
{Heap before GC invocations=268 (full 14):
 par new generation   total 109248K, used 103557K [0x00000000e0000000, 0x00000000e8000000, 0x00000000e8000000)
  eden space 87424K, 100% used [0x00000000e0000000, 0x00000000e5560000, 0x00000000e5560000)
  from space 21824K,  73% used [0x00000000e5560000, 0x00000000e65217a0, 0x00000000e6ab0000)
  to   space 21824K,   0% used [0x00000000e6ab0000, 0x00000000e6ab0000, 0x00000000e8000000)
 concurrent mark-sweep generation total 393216K, used 191072K [0x00000000e8000000, 0x0000000100000000, 0x0000000100000000)
 Metaspace       used 46987K, capacity 48795K, committed 49624K, reserved 1093632K
  class space    used 5108K, capacity 5503K, committed 5628K, reserved 1048576K
2018-10-23T07:42:39.971+0000: 229.917: [GC (Allocation Failure) 2018-10-23T07:42:39.971+0000: 229.917: [ParNew
Desired survivor size 20112992 bytes, new threshold 8 (max 8)
- age   1:    4300864 bytes,    4300864 total
- age   2:    1627152 bytes,    5928016 total
- age   3:    1089840 bytes,    7017856 total
- age   4:     943808 bytes,    7961664 total
- age   5:    1898136 bytes,    9859800 total
- age   6:    2423088 bytes,   12282888 total
- age   7:    1258216 bytes,   13541104 total
- age   8:     114120 bytes,   13655224 total
: 103557K->16348K(109248K), 0.0548140 secs] 294630K->207523K(502464K), 0.0549378 secs] [Times: user=0.05 sys=0.00, real=0.05 secs] 
Heap after GC invocations=269 (full 14):
 par new generation   total 109248K, used 16348K [0x00000000e0000000, 0x00000000e8000000, 0x00000000e8000000)
  eden space 87424K,   0% used [0x00000000e0000000, 0x00000000e0000000, 0x00000000e5560000)
  from space 21824K,  74% used [0x00000000e6ab0000, 0x00000000e7aa7080, 0x00000000e8000000)
  to   space 21824K,   0% used [0x00000000e5560000, 0x00000000e5560000, 0x00000000e6ab0000)
 concurrent mark-sweep generation total 393216K, used 191175K [0x00000000e8000000, 0x0000000100000000, 0x0000000100000000)
 Metaspace       used 46987K, capacity 48795K, committed 49624K, reserved 1093632K
  class space    used 5108K, capacity 5503K, committed 5628K, reserved 1048576K
}
2018-10-23T07:42:40.026+0000: 229.972: Total time for which application threads were stopped: 0.0653369 seconds, Stopping threads took: 0.0098547 seconds
{Heap before GC invocations=269 (full 14):
 par new generation   total 109248K, used 103772K [0x00000000e0000000, 0x00000000e8000000, 0x00000000e8000000)
  eden space 87424K, 100% used [0x00000000e0000000, 0x00000000e5560000, 0x00000000e5560000)
  from space 21824K,  74% used [0x00000000e6ab0000, 0x00000000e7aa7080, 0x00000000e8000000)
  to   space 21824K,   0% used [0x00000000e5560000, 0x00000000e5560000, 0x00000000e6ab0000)
 concurrent mark-sweep generation total 393216K, used 191175K [0x00000000e8000000, 0x0000000100000000, 0x0000000100000000)
 Metaspace       used 46988K, capacity 48795K, committed 49624K, reserved 1093632K
  class space    used 5108K, capacity 5503K, committed 5628K, reserved 1048576K
2018-10-23T07:42:40.157+0000: 230.103: [GC (Allocation Failure) 2018-10-23T07:42:40.157+0000: 230.103: [ParNew
Desired survivor size 20112992 bytes, new threshold 8 (max 8)
- age   1:    2920264 bytes,    2920264 total
- age   2:    2426600 bytes,    5346864 total
- age   3:    1238088 bytes,    6584952 total
- age   4:     944744 bytes,    7529696 total
- age   5:     913008 bytes,    8442704 total
- age   6:    1710464 bytes,   10153168 total
- age   7:    1747392 bytes,   11900560 total
- age   8:     982928 bytes,   12883488 total
: 103772K->17454K(109248K), 0.0351669 secs] 294947K->208740K(502464K), 0.0353123 secs] [Times: user=0.06 sys=0.00, real=0.04 secs] 
Heap after GC invocations=270 (full 14):
 par new generation   total 109248K, used 17454K [0x00000000e0000000, 0x00000000e8000000, 0x00000000e8000000)
  eden space 87424K,   0% used [0x00000000e0000000, 0x00000000e0000000, 0x00000000e5560000)
  from space 21824K,  79% used [0x00000000e5560000, 0x00000000e666b920, 0x00000000e6ab0000)
  to   space 21824K,   0% used [0x00000000e6ab0000, 0x00000000e6ab0000, 0x00000000e8000000)
 concurrent mark-sweep generation total 393216K, used 191286K [0x00000000e8000000, 0x0000000100000000, 0x0000000100000000)
 Metaspace       used 46988K, capacity 48795K, committed 49624K, reserved 1093632K
  class space    used 5108K, capacity 5503K, committed 5628K, reserved 1048576K
}
2018-10-23T07:42:40.193+0000: 230.139: Total time for which application threads were stopped: 0.0571280 seconds, Stopping threads took: 0.0212388 seconds
{Heap before GC invocations=270 (full 14):
 par new generation   total 109248K, used 104878K [0x00000000e0000000, 0x00000000e8000000, 0x00000000e8000000)
  eden space 87424K, 100% used [0x00000000e0000000, 0x00000000e5560000, 0x00000000e5560000)
  from space 21824K,  79% used [0x00000000e5560000, 0x00000000e666b920, 0x00000000e6ab0000)
  to   space 21824K,   0% used [0x00000000e6ab0000, 0x00000000e6ab0000, 0x00000000e8000000)
 concurrent mark-sweep generation total 393216K, used 191286K [0x00000000e8000000, 0x0000000100000000, 0x0000000100000000)
 Metaspace       used 46989K, capacity 48795K, committed 49624K, reserved 1093632K
  class space    used 5108K, capacity 5503K, committed 5628K, reserved 1048576K
2018-10-23T07:42:40.338+0000: 230.284: [GC (Allocation Failure) 2018-10-23T07:42:40.338+0000: 230.284: [ParNew
Desired survivor size 20112992 bytes, new threshold 8 (max 8)
- age   1:    3305728 bytes,    3305728 total
- age   2:    1637512 bytes,    4943240 total
- age   3:    1219392 bytes,    6162632 total
- age   4:     854952 bytes,    7017584 total
- age   5:     501112 bytes,    7518696 total
- age   6:     731792 bytes,    8250488 total
- age   7:    1122464 bytes,    9372952 total
- age   8:    1034032 bytes,   10406984 total
: 104878K->15254K(109248K), 0.0281903 secs] 296164K->207044K(502464K), 0.0283225 secs] [Times: user=0.05 sys=0.00, real=0.02 secs] 
Heap after GC invocations=271 (full 14):
 par new generation   total 109248K, used 15254K [0x00000000e0000000, 0x00000000e8000000, 0x00000000e8000000)
  eden space 87424K,   0% used [0x00000000e0000000, 0x00000000e0000000, 0x00000000e5560000)
  from space 21824K,  69% used [0x00000000e6ab0000, 0x00000000e7995900, 0x00000000e8000000)
  to   space 21824K,   0% used [0x00000000e5560000, 0x00000000e5560000, 0x00000000e6ab0000)
 concurrent mark-sweep generation total 393216K, used 191790K [0x00000000e8000000, 0x0000000100000000, 0x0000000100000000)
 Metaspace       used 46989K, capacity 48795K, committed 49624K, reserved 1093632K
  class space    used 5108K, capacity 5503K, committed 5628K, reserved 1048576K
}
2018-10-23T07:42:40.366+0000: 230.312: Total time for which application threads were stopped: 0.0449733 seconds, Stopping threads took: 0.0160958 seconds
{Heap before GC invocations=271 (full 14):
 par new generation   total 109248K, used 102678K [0x00000000e0000000, 0x00000000e8000000, 0x00000000e8000000)
  eden space 87424K, 100% used [0x00000000e0000000, 0x00000000e5560000, 0x00000000e5560000)
  from space 21824K,  69% used [0x00000000e6ab0000, 0x00000000e7995900, 0x00000000e8000000)
  to   space 21824K,   0% used [0x00000000e5560000, 0x00000000e5560000, 0x00000000e6ab0000)
 concurrent mark-sweep generation total 393216K, used 191790K [0x00000000e8000000, 0x0000000100000000, 0x0000000100000000)
 Metaspace       used 46989K, capacity 48795K, committed 49624K, reserved 1093632K
  class space    used 5108K, capacity 5503K, committed 5628K, reserved 1048576K
2018-10-23T07:42:40.420+0000: 230.366: [GC (Allocation Failure) 2018-10-23T07:42:40.420+0000: 230.366: [ParNew
Desired survivor size 20112992 bytes, new threshold 8 (max 8)
- age   1:    3125824 bytes,    3125824 total
- age   2:    2528336 bytes,    5654160 total
- age   3:    1324456 bytes,    6978616 total
- age   4:     189240 bytes,    7167856 total
- age   5:     148784 bytes,    7316640 total
- age   6:     116480 bytes,    7433120 total
- age   7:     126880 bytes,    7560000 total
- age   8:     378656 bytes,    7938656 total
: 102678K->10006K(109248K), 0.0439071 secs] 294468K->202480K(502464K), 0.0440320 secs] [Times: user=0.04 sys=0.00, real=0.04 secs] 
Heap after GC invocations=272 (full 14):
 par new generation   total 109248K, used 10006K [0x00000000e0000000, 0x00000000e8000000, 0x00000000e8000000)
  eden space 87424K,   0% used [0x00000000e0000000, 0x00000000e0000000, 0x00000000e5560000)
  from space 21824K,  45% used [0x00000000e5560000, 0x00000000e5f25990, 0x00000000e6ab0000)
  to   space 21824K,   0% used [0x00000000e6ab0000, 0x00000000e6ab0000, 0x00000000e8000000)
 concurrent mark-sweep generation total 393216K, used 192474K [0x00000000e8000000, 0x0000000100000000, 0x0000000100000000)
 Metaspace       used 46989K, capacity 48795K, committed 49624K, reserved 1093632K
  class space    used 5108K, capacity 5503K, committed 5628K, reserved 1048576K
}
2018-10-23T07:42:40.464+0000: 230.410: Total time for which application threads were stopped: 0.0447346 seconds, Stopping threads took: 0.0001972 seconds
{Heap before GC invocations=272 (full 14):
 par new generation   total 109248K, used 97430K [0x00000000e0000000, 0x00000000e8000000, 0x00000000e8000000)
  eden space 87424K, 100% used [0x00000000e0000000, 0x00000000e5560000, 0x00000000e5560000)
  from space 21824K,  45% used [0x00000000e5560000, 0x00000000e5f25990, 0x00000000e6ab0000)
  to   space 21824K,   0% used [0x00000000e6ab0000, 0x00000000e6ab0000, 0x00000000e8000000)
 concurrent mark-sweep generation total 393216K, used 192474K [0x00000000e8000000, 0x0000000100000000, 0x0000000100000000)
 Metaspace       used 46989K, capacity 48795K, committed 49624K, reserved 1093632K
  class space    used 5108K, capacity 5503K, committed 5628K, reserved 1048576K
2018-10-23T07:42:40.577+0000: 230.522: [GC (Allocation Failure) 2018-10-23T07:42:40.577+0000: 230.522: [ParNew
Desired survivor size 20112992 bytes, new threshold 8 (max 8)
- age   1:    3477632 bytes,    3477632 total
- age   2:    1714360 bytes,    5191992 total
- age   3:    2497672 bytes,    7689664 total
- age   4:    1324024 bytes,    9013688 total
- age   5:     189176 bytes,    9202864 total
- age   6:     148784 bytes,    9351648 total
- age   7:     116480 bytes,    9468128 total
- age   8:     126880 bytes,    9595008 total
: 97430K->10841K(109248K), 0.0107020 secs] 289904K->203685K(502464K), 0.0108238 secs] [Times: user=0.03 sys=0.00, real=0.01 secs] 
Heap after GC invocations=273 (full 14):
 par new generation   total 109248K, used 10841K [0x00000000e0000000, 0x00000000e8000000, 0x00000000e8000000)
  eden space 87424K,   0% used [0x00000000e0000000, 0x00000000e0000000, 0x00000000e5560000)
  from space 21824K,  49% used [0x00000000e6ab0000, 0x00000000e7546730, 0x00000000e8000000)
  to   space 21824K,   0% used [0x00000000e5560000, 0x00000000e5560000, 0x00000000e6ab0000)
 concurrent mark-sweep generation total 393216K, used 192844K [0x00000000e8000000, 0x0000000100000000, 0x0000000100000000)
 Metaspace       used 46989K, capacity 48795K, committed 49624K, reserved 1093632K
  class space    used 5108K, capacity 5503K, committed 5628K, reserved 1048576K
}
2018-10-23T07:42:40.588+0000: 230.533: Total time for which application threads were stopped: 0.0190640 seconds, Stopping threads took: 0.0076677 seconds
2018-10-23T07:42:40.614+0000: 230.560: Total time for which application threads were stopped: 0.0049883 seconds, Stopping threads took: 0.0045633 seconds
2018-10-23T07:42:40.622+0000: 230.568: Total time for which application threads were stopped: 0.0029447 seconds, Stopping threads took: 0.0026296 seconds
2018-10-23T07:42:40.626+0000: 230.572: Total time for which application threads were stopped: 0.0003202 seconds, Stopping threads took: 0.0000574 seconds
{Heap before GC invocations=273 (full 14):
 par new generation   total 109248K, used 98265K [0x00000000e0000000, 0x00000000e8000000, 0x00000000e8000000)
  eden space 87424K, 100% used [0x00000000e0000000, 0x00000000e5560000, 0x00000000e5560000)
  from space 21824K,  49% used [0x00000000e6ab0000, 0x00000000e7546730, 0x00000000e8000000)
  to   space 21824K,   0% used [0x00000000e5560000, 0x00000000e5560000, 0x00000000e6ab0000)
 concurrent mark-sweep generation total 393216K, used 192844K [0x00000000e8000000, 0x0000000100000000, 0x0000000100000000)
 Metaspace       used 46990K, capacity 48795K, committed 49624K, reserved 1093632K
  class space    used 5108K, capacity 5503K, committed 5628K, reserved 1048576K
2018-10-23T07:42:40.751+0000: 230.697: [GC (Allocation Failure) 2018-10-23T07:42:40.751+0000: 230.697: [ParNew
Desired survivor size 20112992 bytes, new threshold 8 (max 8)
- age   1:    3280072 bytes,    3280072 total
- age   2:    1882632 bytes,    5162704 total
- age   3:    1704432 bytes,    6867136 total
- age   4:    2495312 bytes,    9362448 total
- age   5:    1324024 bytes,   10686472 total
- age   6:     189176 bytes,   10875648 total
- age   7:     148784 bytes,   11024432 total
- age   8:     116480 bytes,   11140912 total
: 98265K->16216K(109248K), 0.0282903 secs] 291109K->209184K(502464K), 0.0284278 secs] [Times: user=0.06 sys=0.00, real=0.03 secs] 
Heap after GC invocations=274 (full 14):
 par new generation   total 109248K, used 16216K [0x00000000e0000000, 0x00000000e8000000, 0x00000000e8000000)
  eden space 87424K,   0% used [0x00000000e0000000, 0x00000000e0000000, 0x00000000e5560000)
  from space 21824K,  74% used [0x00000000e5560000, 0x00000000e6536280, 0x00000000e6ab0000)
  to   space 21824K,   0% used [0x00000000e6ab0000, 0x00000000e6ab0000, 0x00000000e8000000)
 concurrent mark-sweep generation total 393216K, used 192968K [0x00000000e8000000, 0x0000000100000000, 0x0000000100000000)
 Metaspace       used 46990K, capacity 48795K, committed 49624K, reserved 1093632K
  class space    used 5108K, capacity 5503K, committed 5628K, reserved 1048576K
}
2018-10-23T07:42:40.780+0000: 230.725: Total time for which application threads were stopped: 0.0500403 seconds, Stopping threads took: 0.0210764 seconds
{Heap before GC invocations=274 (full 14):
 par new generation   total 109248K, used 103640K [0x00000000e0000000, 0x00000000e8000000, 0x00000000e8000000)
  eden space 87424K, 100% used [0x00000000e0000000, 0x00000000e5560000, 0x00000000e5560000)
  from space 21824K,  74% used [0x00000000e5560000, 0x00000000e6536280, 0x00000000e6ab0000)
  to   space 21824K,   0% used [0x00000000e6ab0000, 0x00000000e6ab0000, 0x00000000e8000000)
 concurrent mark-sweep generation total 393216K, used 192968K [0x00000000e8000000, 0x0000000100000000, 0x0000000100000000)
 Metaspace       used 46990K, capacity 48795K, committed 49624K, reserved 1093632K
  class space    used 5108K, capacity 5503K, committed 5628K, reserved 1048576K
2018-10-23T07:42:40.914+0000: 230.860: [GC (Allocation Failure) 2018-10-23T07:42:40.914+0000: 230.860: [ParNew
Desired survivor size 20112992 bytes, new threshold 8 (max 8)
- age   1:    4080112 bytes,    4080112 total
- age   2:    2043128 bytes,    6123240 total
- age   3:    1647288 bytes,    7770528 total
- age   4:    1681608 bytes,    9452136 total
- age   5:    2493248 bytes,   11945384 total
- age   6:    1323968 bytes,   13269352 total
- age   7:     189176 bytes,   13458528 total
- age   8:     148784 bytes,   13607312 total
: 103640K->15237K(109248K), 0.0453046 secs] 296608K->208319K(502464K), 0.0454372 secs] [Times: user=0.04 sys=0.00, real=0.05 secs] 
Heap after GC invocations=275 (full 14):
 par new generation   total 109248K, used 15237K [0x00000000e0000000, 0x00000000e8000000, 0x00000000e8000000)
  eden space 87424K,   0% used [0x00000000e0000000, 0x00000000e0000000, 0x00000000e5560000)
  from space 21824K,  69% used [0x00000000e6ab0000, 0x00000000e7991600, 0x00000000e8000000)
  to   space 21824K,   0% used [0x00000000e5560000, 0x00000000e5560000, 0x00000000e6ab0000)
 concurrent mark-sweep generation total 393216K, used 193081K [0x00000000e8000000, 0x0000000100000000, 0x0000000100000000)
 Metaspace       used 46990K, capacity 48795K, committed 49624K, reserved 1093632K
  class space    used 5108K, capacity 5503K, committed 5628K, reserved 1048576K
}
2018-10-23T07:42:40.960+0000: 230.905: Total time for which application threads were stopped: 0.0739511 seconds, Stopping threads took: 0.0279862 seconds
{Heap before GC invocations=275 (full 14):
 par new generation   total 109248K, used 102661K [0x00000000e0000000, 0x00000000e8000000, 0x00000000e8000000)
  eden space 87424K, 100% used [0x00000000e0000000, 0x00000000e5560000, 0x00000000e5560000)
  from space 21824K,  69% used [0x00000000e6ab0000, 0x00000000e7991600, 0x00000000e8000000)
  to   space 21824K,   0% used [0x00000000e5560000, 0x00000000e5560000, 0x00000000e6ab0000)
 concurrent mark-sweep generation total 393216K, used 193081K [0x00000000e8000000, 0x0000000100000000, 0x0000000100000000)
 Metaspace       used 46990K, capacity 48795K, committed 49624K, reserved 1093632K
  class space    used 5108K, capacity 5503K, committed 5628K, reserved 1048576K
2018-10-23T07:42:41.074+0000: 231.020: [GC (Allocation Failure) 2018-10-23T07:42:41.074+0000: 231.020: [ParNew
Desired survivor size 20112992 bytes, new threshold 8 (max 8)
- age   1:    3725128 bytes,    3725128 total
- age   2:    2702576 bytes,    6427704 total
- age   3:    1441104 bytes,    7868808 total
- age   4:    1633248 bytes,    9502056 total
- age   5:    1681552 bytes,   11183608 total
- age   6:    2488480 bytes,   13672088 total
- age   7:    1323968 bytes,   14996056 total
- age   8:     189176 bytes,   15185232 total
: 102661K->20107K(109248K), 0.0568109 secs] 295743K->213334K(502464K), 0.0569351 secs] [Times: user=0.04 sys=0.00, real=0.06 secs] 
Heap after GC invocations=276 (full 14):
 par new generation   total 109248K, used 20107K [0x00000000e0000000, 0x00000000e8000000, 0x00000000e8000000)
  eden space 87424K,   0% used [0x00000000e0000000, 0x00000000e0000000, 0x00000000e5560000)
  from space 21824K,  92% used [0x00000000e5560000, 0x00000000e6902e70, 0x00000000e6ab0000)
  to   space 21824K,   0% used [0x00000000e6ab0000, 0x00000000e6ab0000, 0x00000000e8000000)
 concurrent mark-sweep generation total 393216K, used 193227K [0x00000000e8000000, 0x0000000100000000, 0x0000000100000000)
 Metaspace       used 46990K, capacity 48795K, committed 49624K, reserved 1093632K
  class space    used 5108K, capacity 5503K, committed 5628K, reserved 1048576K
}
2018-10-23T07:42:41.131+0000: 231.077: Total time for which application threads were stopped: 0.0576259 seconds, Stopping threads took: 0.0001515 seconds
{Heap before GC invocations=276 (full 14):
 par new generation   total 109248K, used 107531K [0x00000000e0000000, 0x00000000e8000000, 0x00000000e8000000)
  eden space 87424K, 100% used [0x00000000e0000000, 0x00000000e5560000, 0x00000000e5560000)
  from space 21824K,  92% used [0x00000000e5560000, 0x00000000e6902e70, 0x00000000e6ab0000)
  to   space 21824K,   0% used [0x00000000e6ab0000, 0x00000000e6ab0000, 0x00000000e8000000)
 concurrent mark-sweep generation total 393216K, used 193227K [0x00000000e8000000, 0x0000000100000000, 0x0000000100000000)
 Metaspace       used 46990K, capacity 48795K, committed 49624K, reserved 1093632K
  class space    used 5108K, capacity 5503K, committed 5628K, reserved 1048576K
2018-10-23T07:42:41.204+0000: 231.150: [GC (Allocation Failure) 2018-10-23T07:42:41.204+0000: 231.150: [ParNew
Desired survivor size 20112992 bytes, new threshold 8 (max 8)
- age   1:    3070680 bytes,    3070680 total
- age   2:    1777104 bytes,    4847784 total
- age   3:    1691144 bytes,    6538928 total
- age   4:    1030016 bytes,    7568944 total
- age   5:     970408 bytes,    8539352 total
- age   6:    1456184 bytes,    9995536 total
- age   7:    1757928 bytes,   11753464 total
- age   8:     686848 bytes,   12440312 total
: 107531K->14758K(109248K), 0.0858525 secs] 300758K->208170K(502464K), 0.0859860 secs] [Times: user=0.05 sys=0.00, real=0.09 secs] 
Heap after GC invocations=277 (full 14):
 par new generation   total 109248K, used 14758K [0x00000000e0000000, 0x00000000e8000000, 0x00000000e8000000)
  eden space 87424K,   0% used [0x00000000e0000000, 0x00000000e0000000, 0x00000000e5560000)
  from space 21824K,  67% used [0x00000000e6ab0000, 0x00000000e7919ab8, 0x00000000e8000000)
  to   space 21824K,   0% used [0x00000000e5560000, 0x00000000e5560000, 0x00000000e6ab0000)
 concurrent mark-sweep generation total 393216K, used 193411K [0x00000000e8000000, 0x0000000100000000, 0x0000000100000000)
 Metaspace       used 46990K, capacity 48795K, committed 49624K, reserved 1093632K
  class space    used 5108K, capacity 5503K, committed 5628K, reserved 1048576K
}
2018-10-23T07:42:41.290+0000: 231.236: Total time for which application threads were stopped: 0.0910756 seconds, Stopping threads took: 0.0045862 seconds
{Heap before GC invocations=277 (full 14):
 par new generation   total 109248K, used 102182K [0x00000000e0000000, 0x00000000e8000000, 0x00000000e8000000)
  eden space 87424K, 100% used [0x00000000e0000000, 0x00000000e5560000, 0x00000000e5560000)
  from space 21824K,  67% used [0x00000000e6ab0000, 0x00000000e7919ab8, 0x00000000e8000000)
  to   space 21824K,   0% used [0x00000000e5560000, 0x00000000e5560000, 0x00000000e6ab0000)
 concurrent mark-sweep generation total 393216K, used 193411K [0x00000000e8000000, 0x0000000100000000, 0x0000000100000000)
 Metaspace       used 46991K, capacity 48795K, committed 49624K, reserved 1093632K
  class space    used 5108K, capacity 5503K, committed 5628K, reserved 1048576K
2018-10-23T07:42:41.378+0000: 231.324: [GC (Allocation Failure) 2018-10-23T07:42:41.378+0000: 231.324: [ParNew
Desired survivor size 20112992 bytes, new threshold 8 (max 8)
- age   1:    4954128 bytes,    4954128 total
- age   2:    1825576 bytes,    6779704 total
- age   3:     919520 bytes,    7699224 total
- age   4:    1005600 bytes,    8704824 total
- age   5:     624688 bytes,    9329512 total
- age   6:     499160 bytes,    9828672 total
- age   7:     772408 bytes,   10601080 total
- age   8:    1333152 bytes,   11934232 total
: 102182K->19634K(109248K), 0.0399006 secs] 295594K->213665K(502464K), 0.0400039 secs] [Times: user=0.05 sys=0.00, real=0.04 secs] 
Heap after GC invocations=278 (full 14):
 par new generation   total 109248K, used 19634K [0x00000000e0000000, 0x00000000e8000000, 0x00000000e8000000)
  eden space 87424K,   0% used [0x00000000e0000000, 0x00000000e0000000, 0x00000000e5560000)
  from space 21824K,  89% used [0x00000000e5560000, 0x00000000e688cb90, 0x00000000e6ab0000)
  to   space 21824K,   0% used [0x00000000e6ab0000, 0x00000000e6ab0000, 0x00000000e8000000)
 concurrent mark-sweep generation total 393216K, used 194030K [0x00000000e8000000, 0x0000000100000000, 0x0000000100000000)
 Metaspace       used 46991K, capacity 48795K, committed 49624K, reserved 1093632K
  class space    used 5108K, capacity 5503K, committed 5628K, reserved 1048576K
}
2018-10-23T07:42:41.418+0000: 231.364: Total time for which application threads were stopped: 0.0456328 seconds, Stopping threads took: 0.0050919 seconds
{Heap before GC invocations=278 (full 14):
 par new generation   total 109248K, used 107058K [0x00000000e0000000, 0x00000000e8000000, 0x00000000e8000000)
  eden space 87424K, 100% used [0x00000000e0000000, 0x00000000e5560000, 0x00000000e5560000)
  from space 21824K,  89% used [0x00000000e5560000, 0x00000000e688cb90, 0x00000000e6ab0000)
  to   space 21824K,   0% used [0x00000000e6ab0000, 0x00000000e6ab0000, 0x00000000e8000000)
 concurrent mark-sweep generation total 393216K, used 194030K [0x00000000e8000000, 0x0000000100000000, 0x0000000100000000)
 Metaspace       used 46995K, capacity 48795K, committed 49624K, reserved 1093632K
  class space    used 5108K, capacity 5503K, committed 5628K, reserved 1048576K
2018-10-23T07:42:41.531+0000: 231.477: [GC (Allocation Failure) 2018-10-23T07:42:41.531+0000: 231.477: [ParNew
Desired survivor size 20112992 bytes, new threshold 8 (max 8)
- age   1:    2692456 bytes,    2692456 total
- age   2:    3325296 bytes,    6017752 total
- age   3:    1485608 bytes,    7503360 total
- age   4:     174928 bytes,    7678288 total
- age   5:     242304 bytes,    7920592 total
- age   6:     168824 bytes,    8089416 total
- age   7:     196336 bytes,    8285752 total
- age   8:     456824 bytes,    8742576 total
: 107058K->10007K(109248K), 0.0293273 secs] 301089K->204924K(502464K), 0.0294381 secs] [Times: user=0.03 sys=0.00, real=0.03 secs] 
Heap after GC invocations=279 (full 14):
 par new generation   total 109248K, used 10007K [0x00000000e0000000, 0x00000000e8000000, 0x00000000e8000000)
  eden space 87424K,   0% used [0x00000000e0000000, 0x00000000e0000000, 0x00000000e5560000)
  from space 21824K,  45% used [0x00000000e6ab0000, 0x00000000e7475e28, 0x00000000e8000000)
  to   space 21824K,   0% used [0x00000000e5560000, 0x00000000e5560000, 0x00000000e6ab0000)
 concurrent mark-sweep generation total 393216K, used 194916K [0x00000000e8000000, 0x0000000100000000, 0x0000000100000000)
 Metaspace       used 46995K, capacity 48795K, committed 49624K, reserved 1093632K
  class space    used 5108K, capacity 5503K, committed 5628K, reserved 1048576K
}
2018-10-23T07:42:41.561+0000: 231.507: Total time for which application threads were stopped: 0.0300933 seconds, Stopping threads took: 0.0001302 seconds
{Heap before GC invocations=279 (full 14):
 par new generation   total 109248K, used 97431K [0x00000000e0000000, 0x00000000e8000000, 0x00000000e8000000)
  eden space 87424K, 100% used [0x00000000e0000000, 0x00000000e5560000, 0x00000000e5560000)
  from space 21824K,  45% used [0x00000000e6ab0000, 0x00000000e7475e28, 0x00000000e8000000)
  to   space 21824K,   0% used [0x00000000e5560000, 0x00000000e5560000, 0x00000000e6ab0000)
 concurrent mark-sweep generation total 393216K, used 194916K [0x00000000e8000000, 0x0000000100000000, 0x0000000100000000)
 Metaspace       used 46995K, capacity 48795K, committed 49624K, reserved 1093632K
  class space    used 5108K, capacity 5503K, committed 5628K, reserved 1048576K
2018-10-23T07:42:41.746+0000: 231.692: [GC (Allocation Failure) 2018-10-23T07:42:41.746+0000: 231.692: [ParNew
Desired survivor size 20112992 bytes, new threshold 8 (max 8)
- age   1:    3948744 bytes,    3948744 total
- age   2:    1228488 bytes,    5177232 total
- age   3:    3275808 bytes,    8453040 total
- age   4:    1485264 bytes,    9938304 total
- age   5:     174928 bytes,   10113232 total
- age   6:     242304 bytes,   10355536 total
- age   7:     168824 bytes,   10524360 total
- age   8:     196336 bytes,   10720696 total
: 97431K->13707K(109248K), 0.0509491 secs] 292348K->209070K(502464K), 0.0510731 secs] [Times: user=0.05 sys=0.00, real=0.05 secs] 
Heap after GC invocations=280 (full 14):
 par new generation   total 109248K, used 13707K [0x00000000e0000000, 0x00000000e8000000, 0x00000000e8000000)
  eden space 87424K,   0% used [0x00000000e0000000, 0x00000000e0000000, 0x00000000e5560000)
  from space 21824K,  62% used [0x00000000e5560000, 0x00000000e62c2e90, 0x00000000e6ab0000)
  to   space 21824K,   0% used [0x00000000e6ab0000, 0x00000000e6ab0000, 0x00000000e8000000)
 concurrent mark-sweep generation total 393216K, used 195363K [0x00000000e8000000, 0x0000000100000000, 0x0000000100000000)
 Metaspace       used 46995K, capacity 48795K, committed 49624K, reserved 1093632K
  class space    used 5108K, capacity 5503K, committed 5628K, reserved 1048576K
}
2018-10-23T07:42:41.797+0000: 231.743: Total time for which application threads were stopped: 0.0516545 seconds, Stopping threads took: 0.0000650 seconds
{Heap before GC invocations=280 (full 14):
 par new generation   total 109248K, used 101131K [0x00000000e0000000, 0x00000000e8000000, 0x00000000e8000000)
  eden space 87424K, 100% used [0x00000000e0000000, 0x00000000e5560000, 0x00000000e5560000)
  from space 21824K,  62% used [0x00000000e5560000, 0x00000000e62c2e90, 0x00000000e6ab0000)
  to   space 21824K,   0% used [0x00000000e6ab0000, 0x00000000e6ab0000, 0x00000000e8000000)
 concurrent mark-sweep generation total 393216K, used 195363K [0x00000000e8000000, 0x0000000100000000, 0x0000000100000000)
 Metaspace       used 46995K, capacity 48795K, committed 49624K, reserved 1093632K
  class space    used 5108K, capacity 5503K, committed 5628K, reserved 1048576K
2018-10-23T07:42:41.970+0000: 231.916: [GC (Allocation Failure) 2018-10-23T07:42:41.970+0000: 231.916: [ParNew
Desired survivor size 20112992 bytes, new threshold 8 (max 8)
- age   1:    3058104 bytes,    3058104 total
- age   2:    2439640 bytes,    5497744 total
- age   3:    1223440 bytes,    6721184 total
- age   4:    3273944 bytes,    9995128 total
- age   5:    1485264 bytes,   11480392 total
- age   6:     174928 bytes,   11655320 total
- age   7:     242304 bytes,   11897624 total
- age   8:     168824 bytes,   12066448 total
: 101131K->14710K(109248K), 0.0309727 secs] 296494K->210265K(502464K), 0.0310986 secs] [Times: user=0.04 sys=0.00, real=0.03 secs] 
Heap after GC invocations=281 (full 14):
 par new generation   total 109248K, used 14710K [0x00000000e0000000, 0x00000000e8000000, 0x00000000e8000000)
  eden space 87424K,   0% used [0x00000000e0000000, 0x00000000e0000000, 0x00000000e5560000)
  from space 21824K,  67% used [0x00000000e6ab0000, 0x00000000e790da80, 0x00000000e8000000)
  to   space 21824K,   0% used [0x00000000e5560000, 0x00000000e5560000, 0x00000000e6ab0000)
 concurrent mark-sweep generation total 393216K, used 195554K [0x00000000e8000000, 0x0000000100000000, 0x0000000100000000)
 Metaspace       used 46995K, capacity 48795K, committed 49624K, reserved 1093632K
  class space    used 5108K, capacity 5503K, committed 5628K, reserved 1048576K
}
2018-10-23T07:42:42.001+0000: 231.947: Total time for which application threads were stopped: 0.0317070 seconds, Stopping threads took: 0.0000715 seconds
{Heap before GC invocations=281 (full 14):
 par new generation   total 109248K, used 102134K [0x00000000e0000000, 0x00000000e8000000, 0x00000000e8000000)
  eden space 87424K, 100% used [0x00000000e0000000, 0x00000000e5560000, 0x00000000e5560000)
  from space 21824K,  67% used [0x00000000e6ab0000, 0x00000000e790da80, 0x00000000e8000000)
  to   space 21824K,   0% used [0x00000000e5560000, 0x00000000e5560000, 0x00000000e6ab0000)
 concurrent mark-sweep generation total 393216K, used 195554K [0x00000000e8000000, 0x0000000100000000, 0x0000000100000000)
 Metaspace       used 46995K, capacity 48795K, committed 49624K, reserved 1093632K
  class space    used 5108K, capacity 5503K, committed 5628K, reserved 1048576K
2018-10-23T07:42:42.179+0000: 232.125: [GC (Allocation Failure) 2018-10-23T07:42:42.179+0000: 232.125: [ParNew
Desired survivor size 20112992 bytes, new threshold 8 (max 8)
- age   1:    3205304 bytes,    3205304 total
- age   2:    1385104 bytes,    4590408 total
- age   3:    2282576 bytes,    6872984 total
- age   4:    1145760 bytes,    8018744 total
- age   5:    3152080 bytes,   11170824 total
- age   6:    1225104 bytes,   12395928 total
- age   7:     174928 bytes,   12570856 total
- age   8:     242304 bytes,   12813160 total
: 102134K->18040K(109248K), 0.0407290 secs] 297689K->213763K(502464K), 0.0408468 secs] [Times: user=0.04 sys=0.00, real=0.04 secs] 
Heap after GC invocations=282 (full 14):
 par new generation   total 109248K, used 18040K [0x00000000e0000000, 0x00000000e8000000, 0x00000000e8000000)
  eden space 87424K,   0% used [0x00000000e0000000, 0x00000000e0000000, 0x00000000e5560000)
  from space 21824K,  82% used [0x00000000e5560000, 0x00000000e66fe1b0, 0x00000000e6ab0000)
  to   space 21824K,   0% used [0x00000000e6ab0000, 0x00000000e6ab0000, 0x00000000e8000000)
 concurrent mark-sweep generation total 393216K, used 195723K [0x00000000e8000000, 0x0000000100000000, 0x0000000100000000)
 Metaspace       used 46995K, capacity 48795K, committed 49624K, reserved 1093632K
  class space    used 5108K, capacity 5503K, committed 5628K, reserved 1048576K
}
2018-10-23T07:42:42.220+0000: 232.166: Total time for which application threads were stopped: 0.0491229 seconds, Stopping threads took: 0.0077610 seconds
{Heap before GC invocations=282 (full 14):
 par new generation   total 109248K, used 105464K [0x00000000e0000000, 0x00000000e8000000, 0x00000000e8000000)
  eden space 87424K, 100% used [0x00000000e0000000, 0x00000000e5560000, 0x00000000e5560000)
  from space 21824K,  82% used [0x00000000e5560000, 0x00000000e66fe1b0, 0x00000000e6ab0000)
  to   space 21824K,   0% used [0x00000000e6ab0000, 0x00000000e6ab0000, 0x00000000e8000000)
 concurrent mark-sweep generation total 393216K, used 195723K [0x00000000e8000000, 0x0000000100000000, 0x0000000100000000)
 Metaspace       used 46995K, capacity 48795K, committed 49624K, reserved 1093632K
  class space    used 5108K, capacity 5503K, committed 5628K, reserved 1048576K
2018-10-23T07:42:42.314+0000: 232.260: [GC (Allocation Failure) 2018-10-23T07:42:42.314+0000: 232.260: [ParNew
Desired survivor size 20112992 bytes, new threshold 8 (max 8)
- age   1:    4322080 bytes,    4322080 total
- age   2:    1449432 bytes,    5771512 total
- age   3:    1090456 bytes,    6861968 total
- age   4:    1699288 bytes,    8561256 total
- age   5:     875152 bytes,    9436408 total
- age   6:    2459680 bytes,   11896088 total
- age   7:    1196400 bytes,   13092488 total
- age   8:     174856 bytes,   13267344 total
: 105464K->16356K(109248K), 0.0676029 secs] 301187K->212316K(502464K), 0.0677221 secs] [Times: user=0.04 sys=0.00, real=0.07 secs] 
Heap after GC invocations=283 (full 14):
 par new generation   total 109248K, used 16356K [0x00000000e0000000, 0x00000000e8000000, 0x00000000e8000000)
  eden space 87424K,   0% used [0x00000000e0000000, 0x00000000e0000000, 0x00000000e5560000)
  from space 21824K,  74% used [0x00000000e6ab0000, 0x00000000e7aa91c8, 0x00000000e8000000)
  to   space 21824K,   0% used [0x00000000e5560000, 0x00000000e5560000, 0x00000000e6ab0000)
 concurrent mark-sweep generation total 393216K, used 195959K [0x00000000e8000000, 0x0000000100000000, 0x0000000100000000)
 Metaspace       used 46995K, capacity 48795K, committed 49624K, reserved 1093632K
  class space    used 5108K, capacity 5503K, committed 5628K, reserved 1048576K
}
2018-10-23T07:42:42.382+0000: 232.328: Total time for which application threads were stopped: 0.0732847 seconds, Stopping threads took: 0.0050636 seconds
2018-10-23T07:42:42.415+0000: 232.360: Total time for which application threads were stopped: 0.0050945 seconds, Stopping threads took: 0.0046702 seconds
{Heap before GC invocations=283 (full 14):
 par new generation   total 109248K, used 103780K [0x00000000e0000000, 0x00000000e8000000, 0x00000000e8000000)
  eden space 87424K, 100% used [0x00000000e0000000, 0x00000000e5560000, 0x00000000e5560000)
  from space 21824K,  74% used [0x00000000e6ab0000, 0x00000000e7aa91c8, 0x00000000e8000000)
  to   space 21824K,   0% used [0x00000000e5560000, 0x00000000e5560000, 0x00000000e6ab0000)
 concurrent mark-sweep generation total 393216K, used 195959K [0x00000000e8000000, 0x0000000100000000, 0x0000000100000000)
 Metaspace       used 46995K, capacity 48795K, committed 49624K, reserved 1093632K
  class space    used 5108K, capacity 5503K, committed 5628K, reserved 1048576K
2018-10-23T07:42:42.523+0000: 232.469: [GC (Allocation Failure) 2018-10-23T07:42:42.523+0000: 232.469: [ParNew
Desired survivor size 20112992 bytes, new threshold 8 (max 8)
- age   1:    2337680 bytes,    2337680 total
- age   2:    2989864 bytes,    5327544 total
- age   3:     734904 bytes,    6062448 total
- age   4:     577888 bytes,    6640336 total
- age   5:    1020720 bytes,    7661056 total
- age   6:     535776 bytes,    8196832 total
- age   7:    1389216 bytes,    9586048 total
- age   8:     860296 bytes,   10446344 total
: 103780K->14418K(109248K), 0.0446653 secs] 299740K->210548K(502464K), 0.0448038 secs] [Times: user=0.02 sys=0.00, real=0.04 secs] 
Heap after GC invocations=284 (full 14):
 par new generation   total 109248K, used 14418K [0x00000000e0000000, 0x00000000e8000000, 0x00000000e8000000)
  eden space 87424K,   0% used [0x00000000e0000000, 0x00000000e0000000, 0x00000000e5560000)
  from space 21824K,  66% used [0x00000000e5560000, 0x00000000e6374970, 0x00000000e6ab0000)
  to   space 21824K,   0% used [0x00000000e6ab0000, 0x00000000e6ab0000, 0x00000000e8000000)
 concurrent mark-sweep generation total 393216K, used 196129K [0x00000000e8000000, 0x0000000100000000, 0x0000000100000000)
 Metaspace       used 46995K, capacity 48795K, committed 49624K, reserved 1093632K
  class space    used 5108K, capacity 5503K, committed 5628K, reserved 1048576K
}
2018-10-23T07:42:42.568+0000: 232.514: Total time for which application threads were stopped: 0.0654696 seconds, Stopping threads took: 0.0200952 seconds
2018-10-23T07:42:42.627+0000: 232.573: Total time for which application threads were stopped: 0.0102212 seconds, Stopping threads took: 0.0097642 seconds
{Heap before GC invocations=284 (full 14):
 par new generation   total 109248K, used 101842K [0x00000000e0000000, 0x00000000e8000000, 0x00000000e8000000)
  eden space 87424K, 100% used [0x00000000e0000000, 0x00000000e5560000, 0x00000000e5560000)
  from space 21824K,  66% used [0x00000000e5560000, 0x00000000e6374970, 0x00000000e6ab0000)
  to   space 21824K,   0% used [0x00000000e6ab0000, 0x00000000e6ab0000, 0x00000000e8000000)
 concurrent mark-sweep generation total 393216K, used 196129K [0x00000000e8000000, 0x0000000100000000, 0x0000000100000000)
 Metaspace       used 46995K, capacity 48795K, committed 49624K, reserved 1093632K
  class space    used 5108K, capacity 5503K, committed 5628K, reserved 1048576K
2018-10-23T07:42:42.706+0000: 232.651: [GC (Allocation Failure) 2018-10-23T07:42:42.710+0000: 232.655: [ParNew
Desired survivor size 20112992 bytes, new threshold 8 (max 8)
- age   1:    3523704 bytes,    3523704 total
- age   2:    1581488 bytes,    5105192 total
- age   3:    2395264 bytes,    7500456 total
- age   4:     312944 bytes,    7813400 total
- age   5:     154912 bytes,    7968312 total
- age   6:     217360 bytes,    8185672 total
- age   7:     242968 bytes,    8428640 total
- age   8:     944064 bytes,    9372704 total
: 101842K->13418K(109248K), 0.0265427 secs] 297972K->210388K(502464K), 0.0306595 secs] [Times: user=0.03 sys=0.00, real=0.03 secs] 
Heap after GC invocations=285 (full 14):
 par new generation   total 109248K, used 13418K [0x00000000e0000000, 0x00000000e8000000, 0x00000000e8000000)
  eden space 87424K,   0% used [0x00000000e0000000, 0x00000000e0000000, 0x00000000e5560000)
  from space 21824K,  61% used [0x00000000e6ab0000, 0x00000000e77ca9c0, 0x00000000e8000000)
  to   space 21824K,   0% used [0x00000000e5560000, 0x00000000e5560000, 0x00000000e6ab0000)
 concurrent mark-sweep generation total 393216K, used 196970K [0x00000000e8000000, 0x0000000100000000, 0x0000000100000000)
 Metaspace       used 46995K, capacity 48795K, committed 49624K, reserved 1093632K
  class space    used 5108K, capacity 5503K, committed 5628K, reserved 1048576K
}
2018-10-23T07:42:42.736+0000: 232.682: Total time for which application threads were stopped: 0.0312914 seconds, Stopping threads took: 0.0000913 seconds
2018-10-23T07:42:42.746+0000: 232.692: [GC (CMS Initial Mark) [1 CMS-initial-mark: 196970K(393216K)] 219500K(502464K), 0.0054564 secs] [Times: user=0.00 sys=0.00, real=0.01 secs] 
2018-10-23T07:42:42.751+0000: 232.697: Total time for which application threads were stopped: 0.0088566 seconds, Stopping threads took: 0.0029129 seconds
2018-10-23T07:42:42.751+0000: 232.697: [CMS-concurrent-mark-start]
{Heap before GC invocations=285 (full 15):
 par new generation   total 109248K, used 100833K [0x00000000e0000000, 0x00000000e8000000, 0x00000000e8000000)
  eden space 87424K,  99% used [0x00000000e0000000, 0x00000000e555dc78, 0x00000000e5560000)
  from space 21824K,  61% used [0x00000000e6ab0000, 0x00000000e77ca9c0, 0x00000000e8000000)
  to   space 21824K,   0% used [0x00000000e5560000, 0x00000000e5560000, 0x00000000e6ab0000)
 concurrent mark-sweep generation total 393216K, used 196970K [0x00000000e8000000, 0x0000000100000000, 0x0000000100000000)
 Metaspace       used 46995K, capacity 48795K, committed 49624K, reserved 1093632K
  class space    used 5108K, capacity 5503K, committed 5628K, reserved 1048576K
2018-10-23T07:42:42.906+0000: 232.851: [GC (Allocation Failure) 2018-10-23T07:42:42.906+0000: 232.851: [ParNew
Desired survivor size 20112992 bytes, new threshold 8 (max 8)
- age   1:    3712408 bytes,    3712408 total
- age   2:    2161168 bytes,    5873576 total
- age   3:    1481056 bytes,    7354632 total
- age   4:    2394856 bytes,    9749488 total
- age   5:     312944 bytes,   10062432 total
- age   6:     154912 bytes,   10217344 total
- age   7:     217360 bytes,   10434704 total
- age   8:     242056 bytes,   10676760 total
: 100833K->14051K(109248K), 0.0582324 secs] 297803K->211944K(502464K), 0.0583801 secs] [Times: user=0.04 sys=0.00, real=0.06 secs] 
Heap after GC invocations=286 (full 15):
 par new generation   total 109248K, used 14051K [0x00000000e0000000, 0x00000000e8000000, 0x00000000e8000000)
  eden space 87424K,   0% used [0x00000000e0000000, 0x00000000e0000000, 0x00000000e5560000)
  from space 21824K,  64% used [0x00000000e5560000, 0x00000000e6318e90, 0x00000000e6ab0000)
  to   space 21824K,   0% used [0x00000000e6ab0000, 0x00000000e6ab0000, 0x00000000e8000000)
 concurrent mark-sweep generation total 393216K, used 197892K [0x00000000e8000000, 0x0000000100000000, 0x0000000100000000)
 Metaspace       used 46995K, capacity 48795K, committed 49624K, reserved 1093632K
  class space    used 5108K, capacity 5503K, committed 5628K, reserved 1048576K
}
2018-10-23T07:42:42.964+0000: 232.910: Total time for which application threads were stopped: 0.0590211 seconds, Stopping threads took: 0.0001389 seconds
2018-10-23T07:42:43.118+0000: 233.064: [CMS-concurrent-mark: 0.306/0.366 secs] [Times: user=0.96 sys=0.00, real=0.37 secs] 
2018-10-23T07:42:43.118+0000: 233.064: [CMS-concurrent-preclean-start]
2018-10-23T07:42:43.123+0000: 233.069: [CMS-concurrent-preclean: 0.004/0.006 secs] [Times: user=0.02 sys=0.00, real=0.00 secs] 
2018-10-23T07:42:43.123+0000: 233.069: [CMS-concurrent-abortable-preclean-start]
{Heap before GC invocations=286 (full 15):
 par new generation   total 109248K, used 101457K [0x00000000e0000000, 0x00000000e8000000, 0x00000000e8000000)
  eden space 87424K,  99% used [0x00000000e0000000, 0x00000000e555b7b0, 0x00000000e5560000)
  from space 21824K,  64% used [0x00000000e5560000, 0x00000000e6318e90, 0x00000000e6ab0000)
  to   space 21824K,   0% used [0x00000000e6ab0000, 0x00000000e6ab0000, 0x00000000e8000000)
 concurrent mark-sweep generation total 393216K, used 197892K [0x00000000e8000000, 0x0000000100000000, 0x0000000100000000)
 Metaspace       used 46995K, capacity 48795K, committed 49624K, reserved 1093632K
  class space    used 5108K, capacity 5503K, committed 5628K, reserved 1048576K
2018-10-23T07:42:43.146+0000: 233.092: [GC (Allocation Failure) 2018-10-23T07:42:43.146+0000: 233.092: [ParNew
Desired survivor size 20112992 bytes, new threshold 8 (max 8)
- age   1:    3026744 bytes,    3026744 total
- age   2:    1850664 bytes,    4877408 total
- age   3:    1976088 bytes,    6853496 total
- age   4:    1480784 bytes,    8334280 total
- age   5:    2393384 bytes,   10727664 total
- age   6:     312944 bytes,   11040608 total
- age   7:     154912 bytes,   11195520 total
- age   8:     217360 bytes,   11412880 total
: 101457K->12968K(109248K), 0.0282781 secs] 299350K->211097K(502464K), 0.0284041 secs] [Times: user=0.05 sys=0.00, real=0.03 secs] 
Heap after GC invocations=287 (full 15):
 par new generation   total 109248K, used 12968K [0x00000000e0000000, 0x00000000e8000000, 0x00000000e8000000)
  eden space 87424K,   0% used [0x00000000e0000000, 0x00000000e0000000, 0x00000000e5560000)
  from space 21824K,  59% used [0x00000000e6ab0000, 0x00000000e775a1c0, 0x00000000e8000000)
  to   space 21824K,   0% used [0x00000000e5560000, 0x00000000e5560000, 0x00000000e6ab0000)
 concurrent mark-sweep generation total 393216K, used 198129K [0x00000000e8000000, 0x0000000100000000, 0x0000000100000000)
 Metaspace       used 46995K, capacity 48795K, committed 49624K, reserved 1093632K
  class space    used 5108K, capacity 5503K, committed 5628K, reserved 1048576K
}
2018-10-23T07:42:43.175+0000: 233.120: Total time for which application threads were stopped: 0.0499743 seconds, Stopping threads took: 0.0210303 seconds
{Heap before GC invocations=287 (full 15):
 par new generation   total 109248K, used 100392K [0x00000000e0000000, 0x00000000e8000000, 0x00000000e8000000)
  eden space 87424K, 100% used [0x00000000e0000000, 0x00000000e5560000, 0x00000000e5560000)
  from space 21824K,  59% used [0x00000000e6ab0000, 0x00000000e775a1c0, 0x00000000e8000000)
  to   space 21824K,   0% used [0x00000000e5560000, 0x00000000e5560000, 0x00000000e6ab0000)
 concurrent mark-sweep generation total 393216K, used 198129K [0x00000000e8000000, 0x0000000100000000, 0x0000000100000000)
 Metaspace       used 46996K, capacity 48795K, committed 49624K, reserved 1093632K
  class space    used 5108K, capacity 5503K, committed 5628K, reserved 1048576K
2018-10-23T07:42:43.298+0000: 233.244: [GC (Allocation Failure) 2018-10-23T07:42:43.298+0000: 233.244: [ParNew
Desired survivor size 20112992 bytes, new threshold 8 (max 8)
- age   1:    3164024 bytes,    3164024 total
- age   2:    1278872 bytes,    4442896 total
- age   3:    1534160 bytes,    5977056 total
- age   4:    1554232 bytes,    7531288 total
- age   5:    1205176 bytes,    8736464 total
- age   6:    1184808 bytes,    9921272 total
- age   7:     312368 bytes,   10233640 total
- age   8:     154912 bytes,   10388552 total
: 100392K->14483K(109248K), 0.0145428 secs] 298521K->212825K(502464K), 0.0146427 secs] [Times: user=0.04 sys=0.00, real=0.01 secs] 
Heap after GC invocations=288 (full 15):
 par new generation   total 109248K, used 14483K [0x00000000e0000000, 0x00000000e8000000, 0x00000000e8000000)
  eden space 87424K,   0% used [0x00000000e0000000, 0x00000000e0000000, 0x00000000e5560000)
  from space 21824K,  66% used [0x00000000e5560000, 0x00000000e6384f40, 0x00000000e6ab0000)
  to   space 21824K,   0% used [0x00000000e6ab0000, 0x00000000e6ab0000, 0x00000000e8000000)
 concurrent mark-sweep generation total 393216K, used 198341K [0x00000000e8000000, 0x0000000100000000, 0x0000000100000000)
 Metaspace       used 46996K, capacity 48795K, committed 49624K, reserved 1093632K
  class space    used 5108K, capacity 5503K, committed 5628K, reserved 1048576K
}
2018-10-23T07:42:43.313+0000: 233.259: Total time for which application threads were stopped: 0.0156128 seconds, Stopping threads took: 0.0004483 seconds
2018-10-23T07:42:43.316+0000: 233.262: [CMS-concurrent-abortable-preclean: 0.115/0.193 secs] [Times: user=0.41 sys=0.00, real=0.19 secs] 
2018-10-23T07:42:43.326+0000: 233.272: [GC (CMS Final Remark) [YG occupancy: 16962 K (109248 K)]{Heap before GC invocations=288 (full 15):
 par new generation   total 109248K, used 16962K [0x00000000e0000000, 0x00000000e8000000, 0x00000000e8000000)
  eden space 87424K,   2% used [0x00000000e0000000, 0x00000000e026b968, 0x00000000e5560000)
  from space 21824K,  66% used [0x00000000e5560000, 0x00000000e6384f40, 0x00000000e6ab0000)
  to   space 21824K,   0% used [0x00000000e6ab0000, 0x00000000e6ab0000, 0x00000000e8000000)
 concurrent mark-sweep generation total 393216K, used 198341K [0x00000000e8000000, 0x0000000100000000, 0x0000000100000000)
 Metaspace       used 46996K, capacity 48795K, committed 49624K, reserved 1093632K
  class space    used 5108K, capacity 5503K, committed 5628K, reserved 1048576K
2018-10-23T07:42:43.326+0000: 233.272: [GC (CMS Final Remark) 2018-10-23T07:42:43.326+0000: 233.272: [ParNew
Desired survivor size 20112992 bytes, new threshold 8 (max 8)
- age   1:     170296 bytes,     170296 total
- age   2:    3029152 bytes,    3199448 total
- age   3:    1278672 bytes,    4478120 total
- age   4:    1534160 bytes,    6012280 total
- age   5:    1554232 bytes,    7566512 total
- age   6:    1205176 bytes,    8771688 total
- age   7:    1184808 bytes,    9956496 total
- age   8:     312368 bytes,   10268864 total
: 16962K->13991K(109248K), 0.0650235 secs] 215303K->212484K(502464K), 0.0651309 secs] [Times: user=0.02 sys=0.00, real=0.07 secs] 
Heap after GC invocations=289 (full 15):
 par new generation   total 109248K, used 13991K [0x00000000e0000000, 0x00000000e8000000, 0x00000000e8000000)
  eden space 87424K,   0% used [0x00000000e0000000, 0x00000000e0000000, 0x00000000e5560000)
  from space 21824K,  64% used [0x00000000e6ab0000, 0x00000000e7859d60, 0x00000000e8000000)
  to   space 21824K,   0% used [0x00000000e5560000, 0x00000000e5560000, 0x00000000e6ab0000)
 concurrent mark-sweep generation total 393216K, used 198492K [0x00000000e8000000, 0x0000000100000000, 0x0000000100000000)
 Metaspace       used 46996K, capacity 48795K, committed 49624K, reserved 1093632K
  class space    used 5108K, capacity 5503K, committed 5628K, reserved 1048576K
}
2018-10-23T07:42:43.391+0000: 233.337: [Rescan (parallel) , 0.0058253 secs]2018-10-23T07:42:43.397+0000: 233.343: [weak refs processing, 0.0070382 secs]2018-10-23T07:42:43.404+0000: 233.350: [class unloading, 0.0137312 secs]2018-10-23T07:42:43.418+0000: 233.364: [scrub symbol table, 0.0067189 secs]2018-10-23T07:42:43.425+0000: 233.370: [scrub string table, 0.0008651 secs][1 CMS-remark: 198492K(393216K)] 212484K(502464K), 0.0996362 secs] [Times: user=0.06 sys=0.00, real=0.10 secs] 
2018-10-23T07:42:43.426+0000: 233.372: Total time for which application threads were stopped: 0.1040924 seconds, Stopping threads took: 0.0039785 seconds
2018-10-23T07:42:43.427+0000: 233.373: [CMS-concurrent-sweep-start]
{Heap before GC invocations=289 (full 15):
 par new generation   total 109248K, used 101415K [0x00000000e0000000, 0x00000000e8000000, 0x00000000e8000000)
  eden space 87424K, 100% used [0x00000000e0000000, 0x00000000e5560000, 0x00000000e5560000)
  from space 21824K,  64% used [0x00000000e6ab0000, 0x00000000e7859d60, 0x00000000e8000000)
  to   space 21824K,   0% used [0x00000000e5560000, 0x00000000e5560000, 0x00000000e6ab0000)
 concurrent mark-sweep generation total 393216K, used 194229K [0x00000000e8000000, 0x0000000100000000, 0x0000000100000000)
 Metaspace       used 46996K, capacity 48795K, committed 49624K, reserved 1093632K
  class space    used 5108K, capacity 5503K, committed 5628K, reserved 1048576K
2018-10-23T07:42:43.529+0000: 233.475: [GC (Allocation Failure) 2018-10-23T07:42:43.529+0000: 233.475: [ParNew
Desired survivor size 20112992 bytes, new threshold 8 (max 8)
- age   1:    2472168 bytes,    2472168 total
- age   2:      60000 bytes,    2532168 total
- age   3:    2268752 bytes,    4800920 total
- age   4:    1009664 bytes,    5810584 total
- age   5:    1351704 bytes,    7162288 total
- age   6:    1124968 bytes,    8287256 total
- age   7:     977880 bytes,    9265136 total
- age   8:     843576 bytes,   10108712 total
: 101415K->13287K(109248K), 0.0129305 secs] 295645K->207822K(502464K), 0.0130300 secs] [Times: user=0.02 sys=0.00, real=0.02 secs] 
Heap after GC invocations=290 (full 15):
 par new generation   total 109248K, used 13287K [0x00000000e0000000, 0x00000000e8000000, 0x00000000e8000000)
  eden space 87424K,   0% used [0x00000000e0000000, 0x00000000e0000000, 0x00000000e5560000)
  from space 21824K,  60% used [0x00000000e5560000, 0x00000000e6259fe0, 0x00000000e6ab0000)
  to   space 21824K,   0% used [0x00000000e6ab0000, 0x00000000e6ab0000, 0x00000000e8000000)
 concurrent mark-sweep generation total 393216K, used 194534K [0x00000000e8000000, 0x0000000100000000, 0x0000000100000000)
 Metaspace       used 46996K, capacity 48795K, committed 49624K, reserved 1093632K
  class space    used 5108K, capacity 5503K, committed 5628K, reserved 1048576K
}
2018-10-23T07:42:43.542+0000: 233.488: Total time for which application threads were stopped: 0.0137564 seconds, Stopping threads took: 0.0001848 seconds
2018-10-23T07:42:43.607+0000: 233.553: [CMS-concurrent-sweep: 0.162/0.180 secs] [Times: user=0.47 sys=0.00, real=0.18 secs] 
{Heap before GC invocations=290 (full 15):
 par new generation   total 109248K, used 100711K [0x00000000e0000000, 0x00000000e8000000, 0x00000000e8000000)
  eden space 87424K, 100% used [0x00000000e0000000, 0x00000000e5560000, 0x00000000e5560000)
  from space 21824K,  60% used [0x00000000e5560000, 0x00000000e6259fe0, 0x00000000e6ab0000)
  to   space 21824K,   0% used [0x00000000e6ab0000, 0x00000000e6ab0000, 0x00000000e8000000)
 concurrent mark-sweep generation total 393216K, used 185006K [0x00000000e8000000, 0x0000000100000000, 0x0000000100000000)
 Metaspace       used 46997K, capacity 48795K, committed 49624K, reserved 1093632K
  class space    used 5108K, capacity 5503K, committed 5628K, reserved 1048576K
2018-10-23T07:42:43.612+0000: 233.558: [GC (Allocation Failure) 2018-10-23T07:42:43.612+0000: 233.558: [ParNew
Desired survivor size 20112992 bytes, new threshold 8 (max 8)
- age   1:    2271720 bytes,    2271720 total
- age   2:    1600496 bytes,    3872216 total
- age   3:      36536 bytes,    3908752 total
- age   4:    1891464 bytes,    5800216 total
- age   5:     450920 bytes,    6251136 total
- age   6:     776752 bytes,    7027888 total
- age   7:     624592 bytes,    7652480 total
- age   8:     888680 bytes,    8541160 total
: 100711K->12576K(109248K), 0.0112939 secs] 285718K->198116K(502464K), 0.0113888 secs] [Times: user=0.02 sys=0.00, real=0.01 secs] 
Heap after GC invocations=291 (full 15):
 par new generation   total 109248K, used 12576K [0x00000000e0000000, 0x00000000e8000000, 0x00000000e8000000)
  eden space 87424K,   0% used [0x00000000e0000000, 0x00000000e0000000, 0x00000000e5560000)
  from space 21824K,  57% used [0x00000000e6ab0000, 0x00000000e76f8330, 0x00000000e8000000)
  to   space 21824K,   0% used [0x00000000e5560000, 0x00000000e5560000, 0x00000000e6ab0000)
 concurrent mark-sweep generation total 393216K, used 185539K [0x00000000e8000000, 0x0000000100000000, 0x0000000100000000)
 Metaspace       used 46997K, capacity 48795K, committed 49624K, reserved 1093632K
  class space    used 5108K, capacity 5503K, committed 5628K, reserved 1048576K
}
2018-10-23T07:42:43.624+0000: 233.570: Total time for which application threads were stopped: 0.0168915 seconds, Stopping threads took: 0.0049770 seconds
2018-10-23T07:42:43.624+0000: 233.570: [CMS-concurrent-reset-start]
2018-10-23T07:42:43.625+0000: 233.571: [CMS-concurrent-reset: 0.001/0.001 secs] [Times: user=0.01 sys=0.00, real=0.00 secs] 
{Heap before GC invocations=291 (full 15):
 par new generation   total 109248K, used 100000K [0x00000000e0000000, 0x00000000e8000000, 0x00000000e8000000)
  eden space 87424K, 100% used [0x00000000e0000000, 0x00000000e5560000, 0x00000000e5560000)
  from space 21824K,  57% used [0x00000000e6ab0000, 0x00000000e76f8330, 0x00000000e8000000)
  to   space 21824K,   0% used [0x00000000e5560000, 0x00000000e5560000, 0x00000000e6ab0000)
 concurrent mark-sweep generation total 393216K, used 185539K [0x00000000e8000000, 0x0000000100000000, 0x0000000100000000)
 Metaspace       used 46999K, capacity 48795K, committed 49624K, reserved 1093632K
  class space    used 5108K, capacity 5503K, committed 5628K, reserved 1048576K
2018-10-23T07:42:43.686+0000: 233.632: [GC (Allocation Failure) 2018-10-23T07:42:43.686+0000: 233.632: [ParNew
Desired survivor size 20112992 bytes, new threshold 8 (max 8)
- age   1:    1434344 bytes,    1434344 total
- age   2:    1873360 bytes,    3307704 total
- age   3:    1481920 bytes,    4789624 total
- age   4:      36536 bytes,    4826160 total
- age   5:    1890368 bytes,    6716528 total
- age   6:     450880 bytes,    7167408 total
- age   7:     776752 bytes,    7944160 total
- age   8:     536680 bytes,    8480840 total
: 100000K->9193K(109248K), 0.0181820 secs] 285540K->195601K(502464K), 0.0182905 secs] [Times: user=0.04 sys=0.00, real=0.02 secs] 
Heap after GC invocations=292 (full 15):
 par new generation   total 109248K, used 9193K [0x00000000e0000000, 0x00000000e8000000, 0x00000000e8000000)
  eden space 87424K,   0% used [0x00000000e0000000, 0x00000000e0000000, 0x00000000e5560000)
  from space 21824K,  42% used [0x00000000e5560000, 0x00000000e5e5a450, 0x00000000e6ab0000)
  to   space 21824K,   0% used [0x00000000e6ab0000, 0x00000000e6ab0000, 0x00000000e8000000)
 concurrent mark-sweep generation total 393216K, used 186408K [0x00000000e8000000, 0x0000000100000000, 0x0000000100000000)
 Metaspace       used 46999K, capacity 48795K, committed 49624K, reserved 1093632K
  class space    used 5108K, capacity 5503K, committed 5628K, reserved 1048576K
}
2018-10-23T07:42:43.704+0000: 233.650: Total time for which application threads were stopped: 0.0295265 seconds, Stopping threads took: 0.0107224 seconds
{Heap before GC invocations=292 (full 15):
 par new generation   total 109248K, used 96617K [0x00000000e0000000, 0x00000000e8000000, 0x00000000e8000000)
  eden space 87424K, 100% used [0x00000000e0000000, 0x00000000e5560000, 0x00000000e5560000)
  from space 21824K,  42% used [0x00000000e5560000, 0x00000000e5e5a450, 0x00000000e6ab0000)
  to   space 21824K,   0% used [0x00000000e6ab0000, 0x00000000e6ab0000, 0x00000000e8000000)
 concurrent mark-sweep generation total 393216K, used 186408K [0x00000000e8000000, 0x0000000100000000, 0x0000000100000000)
 Metaspace       used 47001K, capacity 48795K, committed 49624K, reserved 1093632K
  class space    used 5108K, capacity 5503K, committed 5628K, reserved 1048576K
2018-10-23T07:42:43.838+0000: 233.784: [GC (Allocation Failure) 2018-10-23T07:42:43.838+0000: 233.784: [ParNew
Desired survivor size 20112992 bytes, new threshold 8 (max 8)
- age   1:    2551464 bytes,    2551464 total
- age   2:     822544 bytes,    3374008 total
- age   3:    1398800 bytes,    4772808 total
- age   4:    1477848 bytes,    6250656 total
- age   5:      35568 bytes,    6286224 total
- age   6:    1886720 bytes,    8172944 total
- age   7:     349568 bytes,    8522512 total
- age   8:     677768 bytes,    9200280 total
: 96617K->12332K(109248K), 0.0219586 secs] 283025K->199266K(502464K), 0.0220706 secs] [Times: user=0.05 sys=0.00, real=0.02 secs] 
Heap after GC invocations=293 (full 15):
 par new generation   total 109248K, used 12332K [0x00000000e0000000, 0x00000000e8000000, 0x00000000e8000000)
  eden space 87424K,   0% used [0x00000000e0000000, 0x00000000e0000000, 0x00000000e5560000)
  from space 21824K,  56% used [0x00000000e6ab0000, 0x00000000e76bb2f8, 0x00000000e8000000)
  to   space 21824K,   0% used [0x00000000e5560000, 0x00000000e5560000, 0x00000000e6ab0000)
 concurrent mark-sweep generation total 393216K, used 186933K [0x00000000e8000000, 0x0000000100000000, 0x0000000100000000)
 Metaspace       used 47001K, capacity 48795K, committed 49624K, reserved 1093632K
  class space    used 5108K, capacity 5503K, committed 5628K, reserved 1048576K
}
2018-10-23T07:42:43.860+0000: 233.806: Total time for which application threads were stopped: 0.0345387 seconds, Stopping threads took: 0.0119349 seconds
{Heap before GC invocations=293 (full 15):
 par new generation   total 109248K, used 99756K [0x00000000e0000000, 0x00000000e8000000, 0x00000000e8000000)
  eden space 87424K, 100% used [0x00000000e0000000, 0x00000000e5560000, 0x00000000e5560000)
  from space 21824K,  56% used [0x00000000e6ab0000, 0x00000000e76bb2f8, 0x00000000e8000000)
  to   space 21824K,   0% used [0x00000000e5560000, 0x00000000e5560000, 0x00000000e6ab0000)
 concurrent mark-sweep generation total 393216K, used 186933K [0x00000000e8000000, 0x0000000100000000, 0x0000000100000000)
 Metaspace       used 47002K, capacity 48795K, committed 49624K, reserved 1093632K
  class space    used 5108K, capacity 5503K, committed 5628K, reserved 1048576K
2018-10-23T07:42:43.980+0000: 233.926: [GC (Allocation Failure) 2018-10-23T07:42:43.980+0000: 233.926: [ParNew
Desired survivor size 20112992 bytes, new threshold 8 (max 8)
- age   1:    2924952 bytes,    2924952 total
- age   2:    1351624 bytes,    4276576 total
- age   3:     723456 bytes,    5000032 total
- age   4:    1398800 bytes,    6398832 total
- age   5:    1477432 bytes,    7876264 total
- age   6:      35568 bytes,    7911832 total
- age   7:    1886200 bytes,    9798032 total
- age   8:     349520 bytes,   10147552 total
: 99756K->12827K(109248K), 0.0273366 secs] 286690K->200423K(502464K), 0.0274672 secs] [Times: user=0.03 sys=0.00, real=0.02 secs] 
Heap after GC invocations=294 (full 15):
 par new generation   total 109248K, used 12827K [0x00000000e0000000, 0x00000000e8000000, 0x00000000e8000000)
  eden space 87424K,   0% used [0x00000000e0000000, 0x00000000e0000000, 0x00000000e5560000)
  from space 21824K,  58% used [0x00000000e5560000, 0x00000000e61e6ea0, 0x00000000e6ab0000)
  to   space 21824K,   0% used [0x00000000e6ab0000, 0x00000000e6ab0000, 0x00000000e8000000)
 concurrent mark-sweep generation total 393216K, used 187595K [0x00000000e8000000, 0x0000000100000000, 0x0000000100000000)
 Metaspace       used 47002K, capacity 48795K, committed 49624K, reserved 1093632K
  class space    used 5108K, capacity 5503K, committed 5628K, reserved 1048576K
}
2018-10-23T07:42:44.007+0000: 233.953: Total time for which application threads were stopped: 0.0280802 seconds, Stopping threads took: 0.0001125 seconds
{Heap before GC invocations=294 (full 15):
 par new generation   total 109248K, used 100251K [0x00000000e0000000, 0x00000000e8000000, 0x00000000e8000000)
  eden space 87424K, 100% used [0x00000000e0000000, 0x00000000e5560000, 0x00000000e5560000)
  from space 21824K,  58% used [0x00000000e5560000, 0x00000000e61e6ea0, 0x00000000e6ab0000)
  to   space 21824K,   0% used [0x00000000e6ab0000, 0x00000000e6ab0000, 0x00000000e8000000)
 concurrent mark-sweep generation total 393216K, used 187595K [0x00000000e8000000, 0x0000000100000000, 0x0000000100000000)
 Metaspace       used 47002K, capacity 48795K, committed 49624K, reserved 1093632K
  class space    used 5108K, capacity 5503K, committed 5628K, reserved 1048576K
2018-10-23T07:42:44.109+0000: 234.055: [GC (Allocation Failure) 2018-10-23T07:42:44.109+0000: 234.055: [ParNew
Desired survivor size 20112992 bytes, new threshold 8 (max 8)
- age   1:    2603936 bytes,    2603936 total
- age   2:    1850408 bytes,    4454344 total
- age   3:    1299800 bytes,    5754144 total
- age   4:     720344 bytes,    6474488 total
- age   5:    1398800 bytes,    7873288 total
- age   6:    1477432 bytes,    9350720 total
- age   7:      35568 bytes,    9386288 total
- age   8:    1886200 bytes,   11272488 total
: 100251K->12497K(109248K), 0.0344494 secs] 287847K->200434K(502464K), 0.0345618 secs] [Times: user=0.05 sys=0.00, real=0.04 secs] 
Heap after GC invocations=295 (full 15):
 par new generation   total 109248K, used 12497K [0x00000000e0000000, 0x00000000e8000000, 0x00000000e8000000)
  eden space 87424K,   0% used [0x00000000e0000000, 0x00000000e0000000, 0x00000000e5560000)
  from space 21824K,  57% used [0x00000000e6ab0000, 0x00000000e76e4510, 0x00000000e8000000)
  to   space 21824K,   0% used [0x00000000e5560000, 0x00000000e5560000, 0x00000000e6ab0000)
 concurrent mark-sweep generation total 393216K, used 187936K [0x00000000e8000000, 0x0000000100000000, 0x0000000100000000)
 Metaspace       used 47002K, capacity 48795K, committed 49624K, reserved 1093632K
  class space    used 5108K, capacity 5503K, committed 5628K, reserved 1048576K
}
2018-10-23T07:42:44.144+0000: 234.090: Total time for which application threads were stopped: 0.0352214 seconds, Stopping threads took: 0.0001360 seconds
{Heap before GC invocations=295 (full 15):
 par new generation   total 109248K, used 99921K [0x00000000e0000000, 0x00000000e8000000, 0x00000000e8000000)
  eden space 87424K, 100% used [0x00000000e0000000, 0x00000000e5560000, 0x00000000e5560000)
  from space 21824K,  57% used [0x00000000e6ab0000, 0x00000000e76e4510, 0x00000000e8000000)
  to   space 21824K,   0% used [0x00000000e5560000, 0x00000000e5560000, 0x00000000e6ab0000)
 concurrent mark-sweep generation total 393216K, used 187936K [0x00000000e8000000, 0x0000000100000000, 0x0000000100000000)
 Metaspace       used 47003K, capacity 48795K, committed 49624K, reserved 1093632K
  class space    used 5108K, capacity 5503K, committed 5628K, reserved 1048576K
2018-10-23T07:42:44.258+0000: 234.204: [GC (Allocation Failure) 2018-10-23T07:42:44.258+0000: 234.204: [ParNew
Desired survivor size 20112992 bytes, new threshold 8 (max 8)
- age   1:    3019272 bytes,    3019272 total
- age   2:    1461440 bytes,    4480712 total
- age   3:    1610848 bytes,    6091560 total
- age   4:    1292448 bytes,    7384008 total
- age   5:     719704 bytes,    8103712 total
- age   6:    1398704 bytes,    9502416 total
- age   7:    1477432 bytes,   10979848 total
- age   8:      35568 bytes,   11015416 total
: 99921K->14222K(109248K), 0.0334398 secs] 287858K->204007K(502464K), 0.0335778 secs] [Times: user=0.06 sys=0.00, real=0.03 secs] 
Heap after GC invocations=296 (full 15):
 par new generation   total 109248K, used 14222K [0x00000000e0000000, 0x00000000e8000000, 0x00000000e8000000)
  eden space 87424K,   0% used [0x00000000e0000000, 0x00000000e0000000, 0x00000000e5560000)
  from space 21824K,  65% used [0x00000000e5560000, 0x00000000e6343ba0, 0x00000000e6ab0000)
  to   space 21824K,   0% used [0x00000000e6ab0000, 0x00000000e6ab0000, 0x00000000e8000000)
 concurrent mark-sweep generation total 393216K, used 189784K [0x00000000e8000000, 0x0000000100000000, 0x0000000100000000)
 Metaspace       used 47003K, capacity 48795K, committed 49624K, reserved 1093632K
  class space    used 5108K, capacity 5503K, committed 5628K, reserved 1048576K
}
2018-10-23T07:42:44.292+0000: 234.238: Total time for which application threads were stopped: 0.0381916 seconds, Stopping threads took: 0.0040928 seconds
{Heap before GC invocations=296 (full 15):
 par new generation   total 109248K, used 101646K [0x00000000e0000000, 0x00000000e8000000, 0x00000000e8000000)
  eden space 87424K, 100% used [0x00000000e0000000, 0x00000000e5560000, 0x00000000e5560000)
  from space 21824K,  65% used [0x00000000e5560000, 0x00000000e6343ba0, 0x00000000e6ab0000)
  to   space 21824K,   0% used [0x00000000e6ab0000, 0x00000000e6ab0000, 0x00000000e8000000)
 concurrent mark-sweep generation total 393216K, used 189784K [0x00000000e8000000, 0x0000000100000000, 0x0000000100000000)
 Metaspace       used 47003K, capacity 48795K, committed 49624K, reserved 1093632K
  class space    used 5108K, capacity 5503K, committed 5628K, reserved 1048576K
2018-10-23T07:42:44.398+0000: 234.344: [GC (Allocation Failure) 2018-10-23T07:42:44.398+0000: 234.344: [ParNew
Desired survivor size 20112992 bytes, new threshold 8 (max 8)
- age   1:    2776728 bytes,    2776728 total
- age   2:    2190120 bytes,    4966848 total
- age   3:    1219456 bytes,    6186304 total
- age   4:    1273648 bytes,    7459952 total
- age   5:    1120440 bytes,    8580392 total
- age   6:     609904 bytes,    9190296 total
- age   7:    1313960 bytes,   10504256 total
- age   8:    1235192 bytes,   11739448 total
: 101646K->16011K(109248K), 0.0395649 secs] 291431K->205814K(502464K), 0.0396807 secs] [Times: user=0.04 sys=0.00, real=0.04 secs] 
Heap after GC invocations=297 (full 15):
 par new generation   total 109248K, used 16011K [0x00000000e0000000, 0x00000000e8000000, 0x00000000e8000000)
  eden space 87424K,   0% used [0x00000000e0000000, 0x00000000e0000000, 0x00000000e5560000)
  from space 21824K,  73% used [0x00000000e6ab0000, 0x00000000e7a52c60, 0x00000000e8000000)
  to   space 21824K,   0% used [0x00000000e5560000, 0x00000000e5560000, 0x00000000e6ab0000)
 concurrent mark-sweep generation total 393216K, used 189803K [0x00000000e8000000, 0x0000000100000000, 0x0000000100000000)
 Metaspace       used 47003K, capacity 48795K, committed 49624K, reserved 1093632K
  class space    used 5108K, capacity 5503K, committed 5628K, reserved 1048576K
}
2018-10-23T07:42:44.438+0000: 234.384: Total time for which application threads were stopped: 0.0410191 seconds, Stopping threads took: 0.0008430 seconds
{Heap before GC invocations=297 (full 15):
 par new generation   total 109248K, used 103435K [0x00000000e0000000, 0x00000000e8000000, 0x00000000e8000000)
  eden space 87424K, 100% used [0x00000000e0000000, 0x00000000e5560000, 0x00000000e5560000)
  from space 21824K,  73% used [0x00000000e6ab0000, 0x00000000e7a52c60, 0x00000000e8000000)
  to   space 21824K,   0% used [0x00000000e5560000, 0x00000000e5560000, 0x00000000e6ab0000)
 concurrent mark-sweep generation total 393216K, used 189803K [0x00000000e8000000, 0x0000000100000000, 0x0000000100000000)
 Metaspace       used 47011K, capacity 48795K, committed 49624K, reserved 1093632K
  class space    used 5108K, capacity 5503K, committed 5628K, reserved 1048576K
2018-10-23T07:42:44.569+0000: 234.515: [GC (Allocation Failure) 2018-10-23T07:42:44.569+0000: 234.515: [ParNew
Desired survivor size 20112992 bytes, new threshold 8 (max 8)
- age   1:    2873192 bytes,    2873192 total
- age   2:    1190904 bytes,    4064096 total
- age   3:    1449976 bytes,    5514072 total
- age   4:     604656 bytes,    6118728 total
- age   5:     752984 bytes,    6871712 total
- age   6:     470680 bytes,    7342392 total
- age   7:     259800 bytes,    7602192 total
- age   8:     483000 bytes,    8085192 total
: 103435K->10325K(109248K), 0.0811665 secs] 293238K->200674K(502464K), 0.0812937 secs] [Times: user=0.05 sys=0.00, real=0.09 secs] 
Heap after GC invocations=298 (full 15):
 par new generation   total 109248K, used 10325K [0x00000000e0000000, 0x00000000e8000000, 0x00000000e8000000)
  eden space 87424K,   0% used [0x00000000e0000000, 0x00000000e0000000, 0x00000000e5560000)
  from space 21824K,  47% used [0x00000000e5560000, 0x00000000e5f75588, 0x00000000e6ab0000)
  to   space 21824K,   0% used [0x00000000e6ab0000, 0x00000000e6ab0000, 0x00000000e8000000)
 concurrent mark-sweep generation total 393216K, used 190349K [0x00000000e8000000, 0x0000000100000000, 0x0000000100000000)
 Metaspace       used 47011K, capacity 48795K, committed 49624K, reserved 1093632K
  class space    used 5108K, capacity 5503K, committed 5628K, reserved 1048576K
}
2018-10-23T07:42:44.650+0000: 234.596: Total time for which application threads were stopped: 0.0852519 seconds, Stopping threads took: 0.0034193 seconds
{Heap before GC invocations=298 (full 15):
 par new generation   total 109248K, used 97749K [0x00000000e0000000, 0x00000000e8000000, 0x00000000e8000000)
  eden space 87424K, 100% used [0x00000000e0000000, 0x00000000e5560000, 0x00000000e5560000)
  from space 21824K,  47% used [0x00000000e5560000, 0x00000000e5f75588, 0x00000000e6ab0000)
  to   space 21824K,   0% used [0x00000000e6ab0000, 0x00000000e6ab0000, 0x00000000e8000000)
 concurrent mark-sweep generation total 393216K, used 190349K [0x00000000e8000000, 0x0000000100000000, 0x0000000100000000)
 Metaspace       used 47011K, capacity 48795K, committed 49624K, reserved 1093632K
  class space    used 5108K, capacity 5503K, committed 5628K, reserved 1048576K
2018-10-23T07:42:44.742+0000: 234.687: [GC (Allocation Failure) 2018-10-23T07:42:44.742+0000: 234.688: [ParNew
Desired survivor size 20112992 bytes, new threshold 8 (max 8)
- age   1:    2109152 bytes,    2109152 total
- age   2:    2156208 bytes,    4265360 total
- age   3:    1187664 bytes,    5453024 total
- age   4:    1449952 bytes,    6902976 total
- age   5:     604656 bytes,    7507632 total
- age   6:     752984 bytes,    8260616 total
- age   7:     470680 bytes,    8731296 total
- age   8:     258888 bytes,    8990184 total
: 97749K->9980K(109248K), 0.0165899 secs] 288098K->200802K(502464K), 0.0167013 secs] [Times: user=0.04 sys=0.00, real=0.02 secs] 
Heap after GC invocations=299 (full 15):
 par new generation   total 109248K, used 9980K [0x00000000e0000000, 0x00000000e8000000, 0x00000000e8000000)
  eden space 87424K,   0% used [0x00000000e0000000, 0x00000000e0000000, 0x00000000e5560000)
  from space 21824K,  45% used [0x00000000e6ab0000, 0x00000000e746f370, 0x00000000e8000000)
  to   space 21824K,   0% used [0x00000000e5560000, 0x00000000e5560000, 0x00000000e6ab0000)
 concurrent mark-sweep generation total 393216K, used 190821K [0x00000000e8000000, 0x0000000100000000, 0x0000000100000000)
 Metaspace       used 47011K, capacity 48795K, committed 49624K, reserved 1093632K
  class space    used 5108K, capacity 5503K, committed 5628K, reserved 1048576K
}
2018-10-23T07:42:44.758+0000: 234.704: Total time for which application threads were stopped: 0.0174166 seconds, Stopping threads took: 0.0001461 seconds
{Heap before GC invocations=299 (full 15):
 par new generation   total 109248K, used 97404K [0x00000000e0000000, 0x00000000e8000000, 0x00000000e8000000)
  eden space 87424K, 100% used [0x00000000e0000000, 0x00000000e5560000, 0x00000000e5560000)
  from space 21824K,  45% used [0x00000000e6ab0000, 0x00000000e746f370, 0x00000000e8000000)
  to   space 21824K,   0% used [0x00000000e5560000, 0x00000000e5560000, 0x00000000e6ab0000)
 concurrent mark-sweep generation total 393216K, used 190821K [0x00000000e8000000, 0x0000000100000000, 0x0000000100000000)
 Metaspace       used 47011K, capacity 48795K, committed 49624K, reserved 1093632K
  class space    used 5108K, capacity 5503K, committed 5628K, reserved 1048576K
2018-10-23T07:42:44.882+0000: 234.828: [GC (Allocation Failure) 2018-10-23T07:42:44.882+0000: 234.828: [ParNew
Desired survivor size 20112992 bytes, new threshold 8 (max 8)
- age   1:    2251368 bytes,    2251368 total
- age   2:    1203928 bytes,    3455296 total
- age   3:    2130496 bytes,    5585792 total
- age   4:    1187592 bytes,    6773384 total
- age   5:    1449952 bytes,    8223336 total
- age   6:     604656 bytes,    8827992 total
- age   7:     752984 bytes,    9580976 total
- age   8:     470680 bytes,   10051656 total
: 97404K->13463K(109248K), 0.0343290 secs] 288226K->204538K(502464K), 0.0344490 secs] [Times: user=0.05 sys=0.00, real=0.03 secs] 
Heap after GC invocations=300 (full 15):
 par new generation   total 109248K, used 13463K [0x00000000e0000000, 0x00000000e8000000, 0x00000000e8000000)
  eden space 87424K,   0% used [0x00000000e0000000, 0x00000000e0000000, 0x00000000e5560000)
  from space 21824K,  61% used [0x00000000e5560000, 0x00000000e6285f60, 0x00000000e6ab0000)
  to   space 21824K,   0% used [0x00000000e6ab0000, 0x00000000e6ab0000, 0x00000000e8000000)
 concurrent mark-sweep generation total 393216K, used 191074K [0x00000000e8000000, 0x0000000100000000, 0x0000000100000000)
 Metaspace       used 47011K, capacity 48795K, committed 49624K, reserved 1093632K
  class space    used 5108K, capacity 5503K, committed 5628K, reserved 1048576K
}
2018-10-23T07:42:44.917+0000: 234.862: Total time for which application threads were stopped: 0.0367388 seconds, Stopping threads took: 0.0017909 seconds
{Heap before GC invocations=300 (full 15):
 par new generation   total 109248K, used 100887K [0x00000000e0000000, 0x00000000e8000000, 0x00000000e8000000)
  eden space 87424K, 100% used [0x00000000e0000000, 0x00000000e5560000, 0x00000000e5560000)
  from space 21824K,  61% used [0x00000000e5560000, 0x00000000e6285f60, 0x00000000e6ab0000)
  to   space 21824K,   0% used [0x00000000e6ab0000, 0x00000000e6ab0000, 0x00000000e8000000)
 concurrent mark-sweep generation total 393216K, used 191074K [0x00000000e8000000, 0x0000000100000000, 0x0000000100000000)
 Metaspace       used 47011K, capacity 48795K, committed 49624K, reserved 1093632K
  class space    used 5108K, capacity 5503K, committed 5628K, reserved 1048576K
2018-10-23T07:42:45.037+0000: 234.983: [GC (Allocation Failure) 2018-10-23T07:42:45.037+0000: 234.983: [ParNew
Desired survivor size 20112992 bytes, new threshold 8 (max 8)
- age   1:    2651992 bytes,    2651992 total
- age   2:    1328808 bytes,    3980800 total
- age   3:    1127208 bytes,    5108008 total
- age   4:    2128688 bytes,    7236696 total
- age   5:    1187448 bytes,    8424144 total
- age   6:    1449896 bytes,    9874040 total
- age   7:     604656 bytes,   10478696 total
- age   8:     752984 bytes,   11231680 total
: 100887K->14011K(109248K), 0.0219529 secs] 291962K->205546K(502464K), 0.0220565 secs] [Times: user=0.04 sys=0.00, real=0.03 secs] 
Heap after GC invocations=301 (full 15):
 par new generation   total 109248K, used 14011K [0x00000000e0000000, 0x00000000e8000000, 0x00000000e8000000)
  eden space 87424K,   0% used [0x00000000e0000000, 0x00000000e0000000, 0x00000000e5560000)
  from space 21824K,  64% used [0x00000000e6ab0000, 0x00000000e785ec60, 0x00000000e8000000)
  to   space 21824K,   0% used [0x00000000e5560000, 0x00000000e5560000, 0x00000000e6ab0000)
 concurrent mark-sweep generation total 393216K, used 191534K [0x00000000e8000000, 0x0000000100000000, 0x0000000100000000)
 Metaspace       used 47011K, capacity 48795K, committed 49624K, reserved 1093632K
  class space    used 5108K, capacity 5503K, committed 5628K, reserved 1048576K
}
2018-10-23T07:42:45.059+0000: 235.005: Total time for which application threads were stopped: 0.0286017 seconds, Stopping threads took: 0.0060332 seconds
{Heap before GC invocations=301 (full 15):
 par new generation   total 109248K, used 101435K [0x00000000e0000000, 0x00000000e8000000, 0x00000000e8000000)
  eden space 87424K, 100% used [0x00000000e0000000, 0x00000000e5560000, 0x00000000e5560000)
  from space 21824K,  64% used [0x00000000e6ab0000, 0x00000000e785ec60, 0x00000000e8000000)
  to   space 21824K,   0% used [0x00000000e5560000, 0x00000000e5560000, 0x00000000e6ab0000)
 concurrent mark-sweep generation total 393216K, used 191534K [0x00000000e8000000, 0x0000000100000000, 0x0000000100000000)
 Metaspace       used 47011K, capacity 48795K, committed 49624K, reserved 1093632K
  class space    used 5108K, capacity 5503K, committed 5628K, reserved 1048576K
2018-10-23T07:42:45.162+0000: 235.108: [GC (Allocation Failure) 2018-10-23T07:42:45.162+0000: 235.108: [ParNew
Desired survivor size 20112992 bytes, new threshold 8 (max 8)
- age   1:    2490656 bytes,    2490656 total
- age   2:    1729768 bytes,    4220424 total
- age   3:    1236704 bytes,    5457128 total
- age   4:    1121840 bytes,    6578968 total
- age   5:    2127104 bytes,    8706072 total
- age   6:    1186976 bytes,    9893048 total
- age   7:    1449896 bytes,   11342944 total
- age   8:     604656 bytes,   11947600 total
: 101435K->14405K(109248K), 0.0355402 secs] 292970K->206676K(502464K), 0.0356562 secs] [Times: user=0.06 sys=0.00, real=0.04 secs] 
Heap after GC invocations=302 (full 15):
 par new generation   total 109248K, used 14405K [0x00000000e0000000, 0x00000000e8000000, 0x00000000e8000000)
  eden space 87424K,   0% used [0x00000000e0000000, 0x00000000e0000000, 0x00000000e5560000)
  from space 21824K,  66% used [0x00000000e5560000, 0x00000000e63714a0, 0x00000000e6ab0000)
  to   space 21824K,   0% used [0x00000000e6ab0000, 0x00000000e6ab0000, 0x00000000e8000000)
 concurrent mark-sweep generation total 393216K, used 192271K [0x00000000e8000000, 0x0000000100000000, 0x0000000100000000)
 Metaspace       used 47011K, capacity 48795K, committed 49624K, reserved 1093632K
  class space    used 5108K, capacity 5503K, committed 5628K, reserved 1048576K
}
2018-10-23T07:42:45.198+0000: 235.144: Total time for which application threads were stopped: 0.0378940 seconds, Stopping threads took: 0.0017528 seconds
{Heap before GC invocations=302 (full 15):
 par new generation   total 109248K, used 101829K [0x00000000e0000000, 0x00000000e8000000, 0x00000000e8000000)
  eden space 87424K, 100% used [0x00000000e0000000, 0x00000000e5560000, 0x00000000e5560000)
  from space 21824K,  66% used [0x00000000e5560000, 0x00000000e63714a0, 0x00000000e6ab0000)
  to   space 21824K,   0% used [0x00000000e6ab0000, 0x00000000e6ab0000, 0x00000000e8000000)
 concurrent mark-sweep generation total 393216K, used 192271K [0x00000000e8000000, 0x0000000100000000, 0x0000000100000000)
 Metaspace       used 47011K, capacity 48795K, committed 49624K, reserved 1093632K
  class space    used 5108K, capacity 5503K, committed 5628K, reserved 1048576K
2018-10-23T07:42:45.314+0000: 235.260: [GC (Allocation Failure) 2018-10-23T07:42:45.314+0000: 235.260: [ParNew
Desired survivor size 20112992 bytes, new threshold 8 (max 8)
- age   1:    3190376 bytes,    3190376 total
- age   2:    1395416 bytes,    4585792 total
- age   3:    1436224 bytes,    6022016 total
- age   4:    1134856 bytes,    7156872 total
- age   5:    1049904 bytes,    8206776 total
- age   6:    2098352 bytes,   10305128 total
- age   7:    1160904 bytes,   11466032 total
- age   8:    1218432 bytes,   12684464 total
: 101829K->19515K(109248K), 0.0234306 secs] 294100K->212377K(502464K), 0.0235487 secs] [Times: user=0.04 sys=0.00, real=0.02 secs] 
Heap after GC invocations=303 (full 15):
 par new generation   total 109248K, used 19515K [0x00000000e0000000, 0x00000000e8000000, 0x00000000e8000000)
  eden space 87424K,   0% used [0x00000000e0000000, 0x00000000e0000000, 0x00000000e5560000)
  from space 21824K,  89% used [0x00000000e6ab0000, 0x00000000e7dbecf0, 0x00000000e8000000)
  to   space 21824K,   0% used [0x00000000e5560000, 0x00000000e5560000, 0x00000000e6ab0000)
 concurrent mark-sweep generation total 393216K, used 192862K [0x00000000e8000000, 0x0000000100000000, 0x0000000100000000)
 Metaspace       used 47011K, capacity 48795K, committed 49624K, reserved 1093632K
  class space    used 5108K, capacity 5503K, committed 5628K, reserved 1048576K
}
2018-10-23T07:42:45.337+0000: 235.283: Total time for which application threads were stopped: 0.0301640 seconds, Stopping threads took: 0.0060847 seconds
{Heap before GC invocations=303 (full 15):
 par new generation   total 109248K, used 106939K [0x00000000e0000000, 0x00000000e8000000, 0x00000000e8000000)
  eden space 87424K, 100% used [0x00000000e0000000, 0x00000000e5560000, 0x00000000e5560000)
  from space 21824K,  89% used [0x00000000e6ab0000, 0x00000000e7dbecf0, 0x00000000e8000000)
  to   space 21824K,   0% used [0x00000000e5560000, 0x00000000e5560000, 0x00000000e6ab0000)
 concurrent mark-sweep generation total 393216K, used 192862K [0x00000000e8000000, 0x0000000100000000, 0x0000000100000000)
 Metaspace       used 47011K, capacity 48795K, committed 49624K, reserved 1093632K
  class space    used 5108K, capacity 5503K, committed 5628K, reserved 1048576K
2018-10-23T07:42:45.464+0000: 235.410: [GC (Allocation Failure) 2018-10-23T07:42:45.464+0000: 235.410: [ParNew
Desired survivor size 20112992 bytes, new threshold 8 (max 8)
- age   1:    2209824 bytes,    2209824 total
- age   2:    1841224 bytes,    4051048 total
- age   3:     485224 bytes,    4536272 total
- age   4:     693168 bytes,    5229440 total
- age   5:     692664 bytes,    5922104 total
- age   6:     642120 bytes,    6564224 total
- age   7:    1883816 bytes,    8448040 total
- age   8:    1053416 bytes,    9501456 total
: 106939K->11769K(109248K), 0.0265775 secs] 299801K->205537K(502464K), 0.0266947 secs] [Times: user=0.04 sys=0.00, real=0.03 secs] 
Heap after GC invocations=304 (full 15):
 par new generation   total 109248K, used 11769K [0x00000000e0000000, 0x00000000e8000000, 0x00000000e8000000)
  eden space 87424K,   0% used [0x00000000e0000000, 0x00000000e0000000, 0x00000000e5560000)
  from space 21824K,  53% used [0x00000000e5560000, 0x00000000e60de580, 0x00000000e6ab0000)
  to   space 21824K,   0% used [0x00000000e6ab0000, 0x00000000e6ab0000, 0x00000000e8000000)
 concurrent mark-sweep generation total 393216K, used 193767K [0x00000000e8000000, 0x0000000100000000, 0x0000000100000000)
 Metaspace       used 47011K, capacity 48795K, committed 49624K, reserved 1093632K
  class space    used 5108K, capacity 5503K, committed 5628K, reserved 1048576K
}
2018-10-23T07:42:45.491+0000: 235.436: Total time for which application threads were stopped: 0.0332945 seconds, Stopping threads took: 0.0060488 seconds
{Heap before GC invocations=304 (full 15):
 par new generation   total 109248K, used 99193K [0x00000000e0000000, 0x00000000e8000000, 0x00000000e8000000)
  eden space 87424K, 100% used [0x00000000e0000000, 0x00000000e5560000, 0x00000000e5560000)
  from space 21824K,  53% used [0x00000000e5560000, 0x00000000e60de580, 0x00000000e6ab0000)
  to   space 21824K,   0% used [0x00000000e6ab0000, 0x00000000e6ab0000, 0x00000000e8000000)
 concurrent mark-sweep generation total 393216K, used 193767K [0x00000000e8000000, 0x0000000100000000, 0x0000000100000000)
 Metaspace       used 47012K, capacity 48795K, committed 49624K, reserved 1093632K
  class space    used 5108K, capacity 5503K, committed 5628K, reserved 1048576K
2018-10-23T07:42:45.573+0000: 235.519: [GC (Allocation Failure) 2018-10-23T07:42:45.573+0000: 235.519: [ParNew
Desired survivor size 20112992 bytes, new threshold 8 (max 8)
- age   1:    3171120 bytes,    3171120 total
- age   2:    1052096 bytes,    4223216 total
- age   3:    1468736 bytes,    5691952 total
- age   4:     242984 bytes,    5934936 total
- age   5:     298832 bytes,    6233768 total
- age   6:     284656 bytes,    6518424 total
- age   7:     302240 bytes,    6820664 total
- age   8:    1160200 bytes,    7980864 total
: 99193K->10535K(109248K), 0.0186594 secs] 292961K->205334K(502464K), 0.0187673 secs] [Times: user=0.04 sys=0.00, real=0.02 secs] 
Heap after GC invocations=305 (full 15):
 par new generation   total 109248K, used 10535K [0x00000000e0000000, 0x00000000e8000000, 0x00000000e8000000)
  eden space 87424K,   0% used [0x00000000e0000000, 0x00000000e0000000, 0x00000000e5560000)
  from space 21824K,  48% used [0x00000000e6ab0000, 0x00000000e74f9f98, 0x00000000e8000000)
  to   space 21824K,   0% used [0x00000000e5560000, 0x00000000e5560000, 0x00000000e6ab0000)
 concurrent mark-sweep generation total 393216K, used 194798K [0x00000000e8000000, 0x0000000100000000, 0x0000000100000000)
 Metaspace       used 47012K, capacity 48795K, committed 49624K, reserved 1093632K
  class space    used 5108K, capacity 5503K, committed 5628K, reserved 1048576K
}
2018-10-23T07:42:45.592+0000: 235.538: Total time for which application threads were stopped: 0.0193449 seconds, Stopping threads took: 0.0000876 seconds
{Heap before GC invocations=305 (full 15):
 par new generation   total 109248K, used 97959K [0x00000000e0000000, 0x00000000e8000000, 0x00000000e8000000)
  eden space 87424K, 100% used [0x00000000e0000000, 0x00000000e5560000, 0x00000000e5560000)
  from space 21824K,  48% used [0x00000000e6ab0000, 0x00000000e74f9f98, 0x00000000e8000000)
  to   space 21824K,   0% used [0x00000000e5560000, 0x00000000e5560000, 0x00000000e6ab0000)
 concurrent mark-sweep generation total 393216K, used 194798K [0x00000000e8000000, 0x0000000100000000, 0x0000000100000000)
 Metaspace       used 47012K, capacity 48795K, committed 49624K, reserved 1093632K
  class space    used 5108K, capacity 5503K, committed 5628K, reserved 1048576K
2018-10-23T07:42:45.721+0000: 235.667: [GC (Allocation Failure) 2018-10-23T07:42:45.721+0000: 235.667: [ParNew
Desired survivor size 20112992 bytes, new threshold 8 (max 8)
- age   1:    2486560 bytes,    2486560 total
- age   2:    2282224 bytes,    4768784 total
- age   3:     877616 bytes,    5646400 total
- age   4:    1275720 bytes,    6922120 total
- age   5:     114400 bytes,    7036520 total
- age   6:     156440 bytes,    7192960 total
- age   7:     120640 bytes,    7313600 total
- age   8:     122720 bytes,    7436320 total
: 97959K->11317K(109248K), 0.0233653 secs] 292758K->207143K(502464K), 0.0234708 secs] [Times: user=0.02 sys=0.00, real=0.02 secs] 
Heap after GC invocations=306 (full 15):
 par new generation   total 109248K, used 11317K [0x00000000e0000000, 0x00000000e8000000, 0x00000000e8000000)
  eden space 87424K,   0% used [0x00000000e0000000, 0x00000000e0000000, 0x00000000e5560000)
  from space 21824K,  51% used [0x00000000e5560000, 0x00000000e606d498, 0x00000000e6ab0000)
  to   space 21824K,   0% used [0x00000000e6ab0000, 0x00000000e6ab0000, 0x00000000e8000000)
 concurrent mark-sweep generation total 393216K, used 195826K [0x00000000e8000000, 0x0000000100000000, 0x0000000100000000)
 Metaspace       used 47012K, capacity 48795K, committed 49624K, reserved 1093632K
  class space    used 5108K, capacity 5503K, committed 5628K, reserved 1048576K
}
2018-10-23T07:42:45.744+0000: 235.690: Total time for which application threads were stopped: 0.0240488 seconds, Stopping threads took: 0.0000852 seconds
{Heap before GC invocations=306 (full 15):
 par new generation   total 109248K, used 98741K [0x00000000e0000000, 0x00000000e8000000, 0x00000000e8000000)
  eden space 87424K, 100% used [0x00000000e0000000, 0x00000000e5560000, 0x00000000e5560000)
  from space 21824K,  51% used [0x00000000e5560000, 0x00000000e606d498, 0x00000000e6ab0000)
  to   space 21824K,   0% used [0x00000000e6ab0000, 0x00000000e6ab0000, 0x00000000e8000000)
 concurrent mark-sweep generation total 393216K, used 195826K [0x00000000e8000000, 0x0000000100000000, 0x0000000100000000)
 Metaspace       used 47012K, capacity 48795K, committed 49624K, reserved 1093632K
  class space    used 5108K, capacity 5503K, committed 5628K, reserved 1048576K
2018-10-23T07:42:45.850+0000: 235.796: [GC (Allocation Failure) 2018-10-23T07:42:45.850+0000: 235.796: [ParNew
Desired survivor size 20112992 bytes, new threshold 8 (max 8)
- age   1:    1590808 bytes,    1590808 total
- age   2:    1565056 bytes,    3155864 total
- age   3:    2281648 bytes,    5437512 total
- age   4:     877616 bytes,    6315128 total
- age   5:    1275720 bytes,    7590848 total
- age   6:     114400 bytes,    7705248 total
- age   7:     156440 bytes,    7861688 total
- age   8:     120640 bytes,    7982328 total
: 98741K->9218K(109248K), 0.0682415 secs] 294567K->205165K(502464K), 0.0683678 secs] [Times: user=0.03 sys=0.00, real=0.07 secs] 
Heap after GC invocations=307 (full 15):
 par new generation   total 109248K, used 9218K [0x00000000e0000000, 0x00000000e8000000, 0x00000000e8000000)
  eden space 87424K,   0% used [0x00000000e0000000, 0x00000000e0000000, 0x00000000e5560000)
  from space 21824K,  42% used [0x00000000e6ab0000, 0x00000000e73b0ba0, 0x00000000e8000000)
  to   space 21824K,   0% used [0x00000000e5560000, 0x00000000e5560000, 0x00000000e6ab0000)
 concurrent mark-sweep generation total 393216K, used 195946K [0x00000000e8000000, 0x0000000100000000, 0x0000000100000000)
 Metaspace       used 47012K, capacity 48795K, committed 49624K, reserved 1093632K
  class space    used 5108K, capacity 5503K, committed 5628K, reserved 1048576K
}
2018-10-23T07:42:45.918+0000: 235.864: Total time for which application threads were stopped: 0.0728203 seconds, Stopping threads took: 0.0039694 seconds
{Heap before GC invocations=307 (full 15):
 par new generation   total 109248K, used 96642K [0x00000000e0000000, 0x00000000e8000000, 0x00000000e8000000)
  eden space 87424K, 100% used [0x00000000e0000000, 0x00000000e5560000, 0x00000000e5560000)
  from space 21824K,  42% used [0x00000000e6ab0000, 0x00000000e73b0ba0, 0x00000000e8000000)
  to   space 21824K,   0% used [0x00000000e5560000, 0x00000000e5560000, 0x00000000e6ab0000)
 concurrent mark-sweep generation total 393216K, used 195946K [0x00000000e8000000, 0x0000000100000000, 0x0000000100000000)
 Metaspace       used 47012K, capacity 48795K, committed 49624K, reserved 1093632K
  class space    used 5108K, capacity 5503K, committed 5628K, reserved 1048576K
2018-10-23T07:42:46.021+0000: 235.967: [GC (Allocation Failure) 2018-10-23T07:42:46.022+0000: 235.967: [ParNew
Desired survivor size 20112992 bytes, new threshold 8 (max 8)
- age   1:    2916296 bytes,    2916296 total
- age   2:     983536 bytes,    3899832 total
- age   3:    1350936 bytes,    5250768 total
- age   4:    2274992 bytes,    7525760 total
- age   5:     871960 bytes,    8397720 total
- age   6:    1275720 bytes,    9673440 total
- age   7:     114400 bytes,    9787840 total
- age   8:     156440 bytes,    9944280 total
: 96642K->11575K(109248K), 0.0428456 secs] 292589K->207640K(502464K), 0.0429688 secs] [Times: user=0.07 sys=0.00, real=0.04 secs] 
Heap after GC invocations=308 (full 15):
 par new generation   total 109248K, used 11575K [0x00000000e0000000, 0x00000000e8000000, 0x00000000e8000000)
  eden space 87424K,   0% used [0x00000000e0000000, 0x00000000e0000000, 0x00000000e5560000)
  from space 21824K,  53% used [0x00000000e5560000, 0x00000000e60aded0, 0x00000000e6ab0000)
  to   space 21824K,   0% used [0x00000000e6ab0000, 0x00000000e6ab0000, 0x00000000e8000000)
 concurrent mark-sweep generation total 393216K, used 196064K [0x00000000e8000000, 0x0000000100000000, 0x0000000100000000)
 Metaspace       used 47012K, capacity 48795K, committed 49624K, reserved 1093632K
  class space    used 5108K, capacity 5503K, committed 5628K, reserved 1048576K
}
2018-10-23T07:42:46.065+0000: 236.010: Total time for which application threads were stopped: 0.0435513 seconds, Stopping threads took: 0.0000859 seconds
{Heap before GC invocations=308 (full 15):
 par new generation   total 109248K, used 98999K [0x00000000e0000000, 0x00000000e8000000, 0x00000000e8000000)
  eden space 87424K, 100% used [0x00000000e0000000, 0x00000000e5560000, 0x00000000e5560000)
  from space 21824K,  53% used [0x00000000e5560000, 0x00000000e60aded0, 0x00000000e6ab0000)
  to   space 21824K,   0% used [0x00000000e6ab0000, 0x00000000e6ab0000, 0x00000000e8000000)
 concurrent mark-sweep generation total 393216K, used 196064K [0x00000000e8000000, 0x0000000100000000, 0x0000000100000000)
 Metaspace       used 47013K, capacity 48795K, committed 49624K, reserved 1093632K
  class space    used 5108K, capacity 5503K, committed 5628K, reserved 1048576K
2018-10-23T07:42:46.287+0000: 236.233: [GC (Allocation Failure) 2018-10-23T07:42:46.287+0000: 236.233: [ParNew
Desired survivor size 20112992 bytes, new threshold 8 (max 8)
- age   1:    2460440 bytes,    2460440 total
- age   2:    1796968 bytes,    4257408 total
- age   3:     918800 bytes,    5176208 total
- age   4:    1194128 bytes,    6370336 total
- age   5:    2196088 bytes,    8566424 total
- age   6:     836648 bytes,    9403072 total
- age   7:    1007840 bytes,   10410912 total
- age   8:     114400 bytes,   10525312 total
: 98999K->13405K(109248K), 0.0065423 secs] 295064K->209622K(502464K), 0.0066530 secs] [Times: user=0.02 sys=0.00, real=0.01 secs] 
Heap after GC invocations=309 (full 15):
 par new generation   total 109248K, used 13405K [0x00000000e0000000, 0x00000000e8000000, 0x00000000e8000000)
  eden space 87424K,   0% used [0x00000000e0000000, 0x00000000e0000000, 0x00000000e5560000)
  from space 21824K,  61% used [0x00000000e6ab0000, 0x00000000e77c7660, 0x00000000e8000000)
  to   space 21824K,   0% used [0x00000000e5560000, 0x00000000e5560000, 0x00000000e6ab0000)
 concurrent mark-sweep generation total 393216K, used 196217K [0x00000000e8000000, 0x0000000100000000, 0x0000000100000000)
 Metaspace       used 47013K, capacity 48795K, committed 49624K, reserved 1093632K
  class space    used 5108K, capacity 5503K, committed 5628K, reserved 1048576K
}
2018-10-23T07:42:46.294+0000: 236.240: Total time for which application threads were stopped: 0.0071851 seconds, Stopping threads took: 0.0001003 seconds
2018-10-23T07:42:47.295+0000: 237.240: Total time for which application threads were stopped: 0.0005322 seconds, Stopping threads took: 0.0001715 seconds
2018-10-23T07:42:48.061+0000: 238.007: Total time for which application threads were stopped: 0.0005628 seconds, Stopping threads took: 0.0001924 seconds
2018-10-23T07:42:48.065+0000: 238.011: Total time for which application threads were stopped: 0.0002834 seconds, Stopping threads took: 0.0000506 seconds
2018-10-23T07:42:48.078+0000: 238.024: Total time for which application threads were stopped: 0.0105190 seconds, Stopping threads took: 0.0102487 seconds
{Heap before GC invocations=309 (full 15):
 par new generation   total 109248K, used 100829K [0x00000000e0000000, 0x00000000e8000000, 0x00000000e8000000)
  eden space 87424K, 100% used [0x00000000e0000000, 0x00000000e5560000, 0x00000000e5560000)
  from space 21824K,  61% used [0x00000000e6ab0000, 0x00000000e77c7660, 0x00000000e8000000)
  to   space 21824K,   0% used [0x00000000e5560000, 0x00000000e5560000, 0x00000000e6ab0000)
 concurrent mark-sweep generation total 393216K, used 196217K [0x00000000e8000000, 0x0000000100000000, 0x0000000100000000)
 Metaspace       used 47017K, capacity 48795K, committed 49624K, reserved 1093632K
  class space    used 5108K, capacity 5503K, committed 5628K, reserved 1048576K
2018-10-23T07:42:48.142+0000: 238.088: [GC (Allocation Failure) 2018-10-23T07:42:48.142+0000: 238.088: [ParNew
Desired survivor size 20112992 bytes, new threshold 8 (max 8)
- age   1:    2763424 bytes,    2763424 total
- age   2:     715824 bytes,    3479248 total
- age   3:     139360 bytes,    3618608 total
- age   4:      97760 bytes,    3716368 total
- age   5:     135384 bytes,    3851752 total
- age   6:     824832 bytes,    4676584 total
- age   7:     347560 bytes,    5024144 total
- age   8:     578248 bytes,    5602392 total
: 100829K->9088K(109248K), 0.0226888 secs] 297046K->205417K(502464K), 0.0228087 secs] [Times: user=0.01 sys=0.00, real=0.02 secs] 
Heap after GC invocations=310 (full 15):
 par new generation   total 109248K, used 9088K [0x00000000e0000000, 0x00000000e8000000, 0x00000000e8000000)
  eden space 87424K,   0% used [0x00000000e0000000, 0x00000000e0000000, 0x00000000e5560000)
  from space 21824K,  41% used [0x00000000e5560000, 0x00000000e5e40320, 0x00000000e6ab0000)
  to   space 21824K,   0% used [0x00000000e6ab0000, 0x00000000e6ab0000, 0x00000000e8000000)
 concurrent mark-sweep generation total 393216K, used 196328K [0x00000000e8000000, 0x0000000100000000, 0x0000000100000000)
 Metaspace       used 47017K, capacity 48795K, committed 49624K, reserved 1093632K
  class space    used 5108K, capacity 5503K, committed 5628K, reserved 1048576K
}
2018-10-23T07:42:48.165+0000: 238.111: Total time for which application threads were stopped: 0.0233663 seconds, Stopping threads took: 0.0000659 seconds
{Heap before GC invocations=310 (full 15):
 par new generation   total 109248K, used 96512K [0x00000000e0000000, 0x00000000e8000000, 0x00000000e8000000)
  eden space 87424K, 100% used [0x00000000e0000000, 0x00000000e5560000, 0x00000000e5560000)
  from space 21824K,  41% used [0x00000000e5560000, 0x00000000e5e40320, 0x00000000e6ab0000)
  to   space 21824K,   0% used [0x00000000e6ab0000, 0x00000000e6ab0000, 0x00000000e8000000)
 concurrent mark-sweep generation total 393216K, used 196328K [0x00000000e8000000, 0x0000000100000000, 0x0000000100000000)
 Metaspace       used 47017K, capacity 48795K, committed 49624K, reserved 1093632K
  class space    used 5108K, capacity 5503K, committed 5628K, reserved 1048576K
2018-10-23T07:42:48.282+0000: 238.228: [GC (Allocation Failure) 2018-10-23T07:42:48.282+0000: 238.228: [ParNew
Desired survivor size 20112992 bytes, new threshold 8 (max 8)
- age   1:    1938984 bytes,    1938984 total
- age   2:    2274464 bytes,    4213448 total
- age   3:     715824 bytes,    4929272 total
- age   4:     139360 bytes,    5068632 total
- age   5:      97760 bytes,    5166392 total
- age   6:     134472 bytes,    5300864 total
- age   7:     824832 bytes,    6125696 total
- age   8:     346648 bytes,    6472344 total
: 96512K->7206K(109248K), 0.0377893 secs] 292841K->204099K(502464K), 0.0379103 secs] [Times: user=0.04 sys=0.00, real=0.04 secs] 
Heap after GC invocations=311 (full 15):
 par new generation   total 109248K, used 7206K [0x00000000e0000000, 0x00000000e8000000, 0x00000000e8000000)
  eden space 87424K,   0% used [0x00000000e0000000, 0x00000000e0000000, 0x00000000e5560000)
  from space 21824K,  33% used [0x00000000e6ab0000, 0x00000000e71b99a0, 0x00000000e8000000)
  to   space 21824K,   0% used [0x00000000e5560000, 0x00000000e5560000, 0x00000000e6ab0000)
 concurrent mark-sweep generation total 393216K, used 196893K [0x00000000e8000000, 0x0000000100000000, 0x0000000100000000)
 Metaspace       used 47017K, capacity 48795K, committed 49624K, reserved 1093632K
  class space    used 5108K, capacity 5503K, committed 5628K, reserved 1048576K
}
2018-10-23T07:42:48.320+0000: 238.266: Total time for which application threads were stopped: 0.0439043 seconds, Stopping threads took: 0.0054884 seconds
2018-10-23T07:42:48.330+0000: 238.276: [GC (CMS Initial Mark) [1 CMS-initial-mark: 196893K(393216K)] 211825K(502464K), 0.0055724 secs] [Times: user=0.01 sys=0.00, real=0.00 secs] 
2018-10-23T07:42:48.336+0000: 238.282: Total time for which application threads were stopped: 0.0100822 seconds, Stopping threads took: 0.0040771 seconds
2018-10-23T07:42:48.336+0000: 238.282: [CMS-concurrent-mark-start]
2018-10-23T07:42:48.478+0000: 238.424: [CMS-concurrent-mark: 0.142/0.142 secs] [Times: user=0.44 sys=0.00, real=0.15 secs] 
2018-10-23T07:42:48.478+0000: 238.424: [CMS-concurrent-preclean-start]
2018-10-23T07:42:48.480+0000: 238.426: [CMS-concurrent-preclean: 0.001/0.001 secs] [Times: user=0.00 sys=0.00, real=0.00 secs] 
2018-10-23T07:42:48.480+0000: 238.426: [CMS-concurrent-abortable-preclean-start]
{Heap before GC invocations=311 (full 16):
 par new generation   total 109248K, used 94630K [0x00000000e0000000, 0x00000000e8000000, 0x00000000e8000000)
  eden space 87424K, 100% used [0x00000000e0000000, 0x00000000e5560000, 0x00000000e5560000)
  from space 21824K,  33% used [0x00000000e6ab0000, 0x00000000e71b99a0, 0x00000000e8000000)
  to   space 21824K,   0% used [0x00000000e5560000, 0x00000000e5560000, 0x00000000e6ab0000)
 concurrent mark-sweep generation total 393216K, used 196893K [0x00000000e8000000, 0x0000000100000000, 0x0000000100000000)
 Metaspace       used 47017K, capacity 48795K, committed 49624K, reserved 1093632K
  class space    used 5108K, capacity 5503K, committed 5628K, reserved 1048576K
2018-10-23T07:42:48.494+0000: 238.440: [GC (Allocation Failure) 2018-10-23T07:42:48.494+0000: 238.440: [ParNew
Desired survivor size 20112992 bytes, new threshold 8 (max 8)
- age   1:    2222496 bytes,    2222496 total
- age   2:    1098504 bytes,    3321000 total
- age   3:    2273496 bytes,    5594496 total
- age   4:     715824 bytes,    6310320 total
- age   5:     139360 bytes,    6449680 total
- age   6:      97760 bytes,    6547440 total
- age   7:     134472 bytes,    6681912 total
- age   8:     824832 bytes,    7506744 total
: 94630K->10922K(109248K), 0.0232933 secs] 291523K->208154K(502464K), 0.0233828 secs] [Times: user=0.04 sys=0.00, real=0.02 secs] 
Heap after GC invocations=312 (full 16):
 par new generation   total 109248K, used 10922K [0x00000000e0000000, 0x00000000e8000000, 0x00000000e8000000)
  eden space 87424K,   0% used [0x00000000e0000000, 0x00000000e0000000, 0x00000000e5560000)
  from space 21824K,  50% used [0x00000000e5560000, 0x00000000e600a940, 0x00000000e6ab0000)
  to   space 21824K,   0% used [0x00000000e6ab0000, 0x00000000e6ab0000, 0x00000000e8000000)
 concurrent mark-sweep generation total 393216K, used 197232K [0x00000000e8000000, 0x0000000100000000, 0x0000000100000000)
 Metaspace       used 47017K, capacity 48795K, committed 49624K, reserved 1093632K
  class space    used 5108K, capacity 5503K, committed 5628K, reserved 1048576K
}
2018-10-23T07:42:48.518+0000: 238.463: Total time for which application threads were stopped: 0.0239370 seconds, Stopping threads took: 0.0000627 seconds
{Heap before GC invocations=312 (full 16):
 par new generation   total 109248K, used 98346K [0x00000000e0000000, 0x00000000e8000000, 0x00000000e8000000)
  eden space 87424K, 100% used [0x00000000e0000000, 0x00000000e5560000, 0x00000000e5560000)
  from space 21824K,  50% used [0x00000000e5560000, 0x00000000e600a940, 0x00000000e6ab0000)
  to   space 21824K,   0% used [0x00000000e6ab0000, 0x00000000e6ab0000, 0x00000000e8000000)
 concurrent mark-sweep generation total 393216K, used 197232K [0x00000000e8000000, 0x0000000100000000, 0x0000000100000000)
 Metaspace       used 47017K, capacity 48795K, committed 49624K, reserved 1093632K
  class space    used 5108K, capacity 5503K, committed 5628K, reserved 1048576K
2018-10-23T07:42:48.633+0000: 238.579: [GC (Allocation Failure) 2018-10-23T07:42:48.634+0000: 238.579: [ParNew
Desired survivor size 20112992 bytes, new threshold 8 (max 8)
- age   1:    2553856 bytes,    2553856 total
- age   2:    1223352 bytes,    3777208 total
- age   3:    1042640 bytes,    4819848 total
- age   4:    2273240 bytes,    7093088 total
- age   5:     715824 bytes,    7808912 total
- age   6:     139360 bytes,    7948272 total
- age   7:      97760 bytes,    8046032 total
- age   8:     134472 bytes,    8180504 total
: 98346K->10285K(109248K), 0.0381833 secs] 295578K->208324K(502464K), 0.0382817 secs] [Times: user=0.06 sys=0.00, real=0.04 secs] 
Heap after GC invocations=313 (full 16):
 par new generation   total 109248K, used 10285K [0x00000000e0000000, 0x00000000e8000000, 0x00000000e8000000)
  eden space 87424K,   0% used [0x00000000e0000000, 0x00000000e0000000, 0x00000000e5560000)
  from space 21824K,  47% used [0x00000000e6ab0000, 0x00000000e74bb770, 0x00000000e8000000)
  to   space 21824K,   0% used [0x00000000e5560000, 0x00000000e5560000, 0x00000000e6ab0000)
 concurrent mark-sweep generation total 393216K, used 198038K [0x00000000e8000000, 0x0000000100000000, 0x0000000100000000)
 Metaspace       used 47017K, capacity 48795K, committed 49624K, reserved 1093632K
  class space    used 5108K, capacity 5503K, committed 5628K, reserved 1048576K
}
2018-10-23T07:42:48.672+0000: 238.618: Total time for which application threads were stopped: 0.0388982 seconds, Stopping threads took: 0.0001376 seconds
2018-10-23T07:42:48.672+0000: 238.618: [CMS-concurrent-abortable-preclean: 0.073/0.192 secs] [Times: user=0.33 sys=0.00, real=0.19 secs] 
2018-10-23T07:42:48.686+0000: 238.632: [GC (CMS Final Remark) [YG occupancy: 27085 K (109248 K)]{Heap before GC invocations=313 (full 16):
 par new generation   total 109248K, used 27085K [0x00000000e0000000, 0x00000000e8000000, 0x00000000e8000000)
  eden space 87424K,  19% used [0x00000000e0000000, 0x00000000e1068048, 0x00000000e5560000)
  from space 21824K,  47% used [0x00000000e6ab0000, 0x00000000e74bb770, 0x00000000e8000000)
  to   space 21824K,   0% used [0x00000000e5560000, 0x00000000e5560000, 0x00000000e6ab0000)
 concurrent mark-sweep generation total 393216K, used 198038K [0x00000000e8000000, 0x0000000100000000, 0x0000000100000000)
 Metaspace       used 47017K, capacity 48795K, committed 49624K, reserved 1093632K
  class space    used 5108K, capacity 5503K, committed 5628K, reserved 1048576K
2018-10-23T07:42:48.686+0000: 238.632: [GC (CMS Final Remark) 2018-10-23T07:42:48.686+0000: 238.632: [ParNew
Desired survivor size 20112992 bytes, new threshold 8 (max 8)
- age   1:     227328 bytes,     227328 total
- age   2:    1943760 bytes,    2171088 total
- age   3:    1223352 bytes,    3394440 total
- age   4:    1042112 bytes,    4436552 total
- age   5:    2272864 bytes,    6709416 total
- age   6:     715824 bytes,    7425240 total
- age   7:     139360 bytes,    7564600 total
- age   8:      97760 bytes,    7662360 total
: 27085K->8048K(109248K), 0.0122710 secs] 225124K->206218K(502464K), 0.0123339 secs] [Times: user=0.02 sys=0.00, real=0.02 secs] 
Heap after GC invocations=314 (full 16):
 par new generation   total 109248K, used 8048K [0x00000000e0000000, 0x00000000e8000000, 0x00000000e8000000)
  eden space 87424K,   0% used [0x00000000e0000000, 0x00000000e0000000, 0x00000000e5560000)
  from space 21824K,  36% used [0x00000000e5560000, 0x00000000e5d3c300, 0x00000000e6ab0000)
  to   space 21824K,   0% used [0x00000000e6ab0000, 0x00000000e6ab0000, 0x00000000e8000000)
 concurrent mark-sweep generation total 393216K, used 198169K [0x00000000e8000000, 0x0000000100000000, 0x0000000100000000)
 Metaspace       used 47017K, capacity 48795K, committed 49624K, reserved 1093632K
  class space    used 5108K, capacity 5503K, committed 5628K, reserved 1048576K
}
2018-10-23T07:42:48.699+0000: 238.644: [Rescan (parallel) , 0.0050213 secs]2018-10-23T07:42:48.704+0000: 238.649: [weak refs processing, 0.0034459 secs]2018-10-23T07:42:48.707+0000: 238.653: [class unloading, 0.0195828 secs]2018-10-23T07:42:48.727+0000: 238.672: [scrub symbol table, 0.0071646 secs]2018-10-23T07:42:48.734+0000: 238.680: [scrub string table, 0.0009032 secs][1 CMS-remark: 198169K(393216K)] 206218K(502464K), 0.0488559 secs] [Times: user=0.06 sys=0.00, real=0.05 secs] 
2018-10-23T07:42:48.735+0000: 238.681: Total time for which application threads were stopped: 0.0504827 seconds, Stopping threads took: 0.0011988 seconds
2018-10-23T07:42:48.759+0000: 238.705: [CMS-concurrent-sweep-start]
{Heap before GC invocations=314 (full 16):
 par new generation   total 109248K, used 95472K [0x00000000e0000000, 0x00000000e8000000, 0x00000000e8000000)
  eden space 87424K, 100% used [0x00000000e0000000, 0x00000000e5560000, 0x00000000e5560000)
  from space 21824K,  36% used [0x00000000e5560000, 0x00000000e5d3c300, 0x00000000e6ab0000)
  to   space 21824K,   0% used [0x00000000e6ab0000, 0x00000000e6ab0000, 0x00000000e8000000)
 concurrent mark-sweep generation total 393216K, used 186400K [0x00000000e8000000, 0x0000000100000000, 0x0000000100000000)
 Metaspace       used 47018K, capacity 48795K, committed 49624K, reserved 1093632K
  class space    used 5108K, capacity 5503K, committed 5628K, reserved 1048576K
2018-10-23T07:42:48.838+0000: 238.784: [GC (Allocation Failure) 2018-10-23T07:42:48.838+0000: 238.784: [ParNew
Desired survivor size 20112992 bytes, new threshold 8 (max 8)
- age   1:    2827408 bytes,    2827408 total
- age   2:      54152 bytes,    2881560 total
- age   3:    1461512 bytes,    4343072 total
- age   4:    1133288 bytes,    5476360 total
- age   5:    1040000 bytes,    6516360 total
- age   6:    2272864 bytes,    8789224 total
- age   7:     712528 bytes,    9501752 total
- age   8:     139360 bytes,    9641112 total
: 95472K->11581K(109248K), 0.0261456 secs] 281873K->198077K(502464K), 0.0262672 secs] [Times: user=0.04 sys=0.00, real=0.02 secs] 
Heap after GC invocations=315 (full 16):
 par new generation   total 109248K, used 11581K [0x00000000e0000000, 0x00000000e8000000, 0x00000000e8000000)
  eden space 87424K,   0% used [0x00000000e0000000, 0x00000000e0000000, 0x00000000e5560000)
  from space 21824K,  53% used [0x00000000e6ab0000, 0x00000000e75ff750, 0x00000000e8000000)
  to   space 21824K,   0% used [0x00000000e5560000, 0x00000000e5560000, 0x00000000e6ab0000)
 concurrent mark-sweep generation total 393216K, used 186495K [0x00000000e8000000, 0x0000000100000000, 0x0000000100000000)
 Metaspace       used 47018K, capacity 48795K, committed 49624K, reserved 1093632K
  class space    used 5108K, capacity 5503K, committed 5628K, reserved 1048576K
}
2018-10-23T07:42:48.865+0000: 238.810: Total time for which application threads were stopped: 0.0268774 seconds, Stopping threads took: 0.0000698 seconds
2018-10-23T07:42:48.926+0000: 238.871: [CMS-concurrent-sweep: 0.138/0.166 secs] [Times: user=0.40 sys=0.00, real=0.16 secs] 
2018-10-23T07:42:48.926+0000: 238.871: [CMS-concurrent-reset-start]
2018-10-23T07:42:48.927+0000: 238.873: [CMS-concurrent-reset: 0.001/0.001 secs] [Times: user=0.01 sys=0.00, real=0.00 secs] 
{Heap before GC invocations=315 (full 16):
 par new generation   total 109248K, used 99005K [0x00000000e0000000, 0x00000000e8000000, 0x00000000e8000000)
  eden space 87424K, 100% used [0x00000000e0000000, 0x00000000e5560000, 0x00000000e5560000)
  from space 21824K,  53% used [0x00000000e6ab0000, 0x00000000e75ff750, 0x00000000e8000000)
  to   space 21824K,   0% used [0x00000000e5560000, 0x00000000e5560000, 0x00000000e6ab0000)
 concurrent mark-sweep generation total 393216K, used 181986K [0x00000000e8000000, 0x0000000100000000, 0x0000000100000000)
 Metaspace       used 46970K, capacity 48719K, committed 49624K, reserved 1093632K
  class space    used 5097K, capacity 5483K, committed 5628K, reserved 1048576K
2018-10-23T07:42:48.974+0000: 238.920: [GC (Allocation Failure) 2018-10-23T07:42:48.974+0000: 238.920: [ParNew
Desired survivor size 20112992 bytes, new threshold 8 (max 8)
- age   1:    2629016 bytes,    2629016 total
- age   2:    1606280 bytes,    4235296 total
- age   3:      42224 bytes,    4277520 total
- age   4:    1457224 bytes,    5734744 total
- age   5:    1116720 bytes,    6851464 total
- age   6:    1035088 bytes,    7886552 total
- age   7:    2272800 bytes,   10159352 total
- age   8:     712528 bytes,   10871880 total
: 99005K->15252K(109248K), 0.0146966 secs] 280992K->197375K(502464K), 0.0147968 secs] [Times: user=0.03 sys=0.00, real=0.01 secs] 
Heap after GC invocations=316 (full 16):
 par new generation   total 109248K, used 15252K [0x00000000e0000000, 0x00000000e8000000, 0x00000000e8000000)
  eden space 87424K,   0% used [0x00000000e0000000, 0x00000000e0000000, 0x00000000e5560000)
  from space 21824K,  69% used [0x00000000e5560000, 0x00000000e6445390, 0x00000000e6ab0000)
  to   space 21824K,   0% used [0x00000000e6ab0000, 0x00000000e6ab0000, 0x00000000e8000000)
 concurrent mark-sweep generation total 393216K, used 182122K [0x00000000e8000000, 0x0000000100000000, 0x0000000100000000)
 Metaspace       used 46970K, capacity 48719K, committed 49624K, reserved 1093632K
  class space    used 5097K, capacity 5483K, committed 5628K, reserved 1048576K
}
2018-10-23T07:42:48.989+0000: 238.935: Total time for which application threads were stopped: 0.0214870 seconds, Stopping threads took: 0.0061135 seconds
{Heap before GC invocations=316 (full 16):
 par new generation   total 109248K, used 102676K [0x00000000e0000000, 0x00000000e8000000, 0x00000000e8000000)
  eden space 87424K, 100% used [0x00000000e0000000, 0x00000000e5560000, 0x00000000e5560000)
  from space 21824K,  69% used [0x00000000e5560000, 0x00000000e6445390, 0x00000000e6ab0000)
  to   space 21824K,   0% used [0x00000000e6ab0000, 0x00000000e6ab0000, 0x00000000e8000000)
 concurrent mark-sweep generation total 393216K, used 182122K [0x00000000e8000000, 0x0000000100000000, 0x0000000100000000)
 Metaspace       used 46970K, capacity 48719K, committed 49624K, reserved 1093632K
  class space    used 5097K, capacity 5483K, committed 5628K, reserved 1048576K
2018-10-23T07:42:49.142+0000: 239.088: [GC (Allocation Failure) 2018-10-23T07:42:49.142+0000: 239.088: [ParNew
Desired survivor size 20112992 bytes, new threshold 8 (max 8)
- age   1:    4572008 bytes,    4572008 total
- age   2:    1159280 bytes,    5731288 total
- age   3:    1294384 bytes,    7025672 total
- age   4:      36608 bytes,    7062280 total
- age   5:    1049776 bytes,    8112056 total
- age   6:     981424 bytes,    9093480 total
- age   7:     897848 bytes,    9991328 total
- age   8:    1752920 bytes,   11744248 total
: 102676K->15370K(109248K), 0.0515370 secs] 284799K->198189K(502464K), 0.0516764 secs] [Times: user=0.04 sys=0.00, real=0.05 secs] 
Heap after GC invocations=317 (full 16):
 par new generation   total 109248K, used 15370K [0x00000000e0000000, 0x00000000e8000000, 0x00000000e8000000)
  eden space 87424K,   0% used [0x00000000e0000000, 0x00000000e0000000, 0x00000000e5560000)
  from space 21824K,  70% used [0x00000000e6ab0000, 0x00000000e79b2bc0, 0x00000000e8000000)
  to   space 21824K,   0% used [0x00000000e5560000, 0x00000000e5560000, 0x00000000e6ab0000)
 concurrent mark-sweep generation total 393216K, used 182818K [0x00000000e8000000, 0x0000000100000000, 0x0000000100000000)
 Metaspace       used 46970K, capacity 48719K, committed 49624K, reserved 1093632K
  class space    used 5097K, capacity 5483K, committed 5628K, reserved 1048576K
}
2018-10-23T07:42:49.194+0000: 239.140: Total time for which application threads were stopped: 0.0602785 seconds, Stopping threads took: 0.0079937 seconds
{Heap before GC invocations=317 (full 16):
 par new generation   total 109248K, used 102794K [0x00000000e0000000, 0x00000000e8000000, 0x00000000e8000000)
  eden space 87424K, 100% used [0x00000000e0000000, 0x00000000e5560000, 0x00000000e5560000)
  from space 21824K,  70% used [0x00000000e6ab0000, 0x00000000e79b2bc0, 0x00000000e8000000)
  to   space 21824K,   0% used [0x00000000e5560000, 0x00000000e5560000, 0x00000000e6ab0000)
 concurrent mark-sweep generation total 393216K, used 182818K [0x00000000e8000000, 0x0000000100000000, 0x0000000100000000)
 Metaspace       used 46970K, capacity 48719K, committed 49624K, reserved 1093632K
  class space    used 5097K, capacity 5483K, committed 5628K, reserved 1048576K
2018-10-23T07:42:49.286+0000: 239.232: [GC (Allocation Failure) 2018-10-23T07:42:49.286+0000: 239.232: [ParNew
Desired survivor size 20112992 bytes, new threshold 8 (max 8)
- age   1:    2354456 bytes,    2354456 total
- age   2:    2636744 bytes,    4991200 total
- age   3:     469064 bytes,    5460264 total
- age   4:     521312 bytes,    5981576 total
- age   5:      21672 bytes,    6003248 total
- age   6:     495656 bytes,    6498904 total
- age   7:     450768 bytes,    6949672 total
- age   8:     429328 bytes,    7379000 total
: 102794K->8756K(109248K), 0.0250579 secs] 285613K->192624K(502464K), 0.0251731 secs] [Times: user=0.03 sys=0.00, real=0.03 secs] 
Heap after GC invocations=318 (full 16):
 par new generation   total 109248K, used 8756K [0x00000000e0000000, 0x00000000e8000000, 0x00000000e8000000)
  eden space 87424K,   0% used [0x00000000e0000000, 0x00000000e0000000, 0x00000000e5560000)
  from space 21824K,  40% used [0x00000000e5560000, 0x00000000e5ded3d0, 0x00000000e6ab0000)
  to   space 21824K,   0% used [0x00000000e6ab0000, 0x00000000e6ab0000, 0x00000000e8000000)
 concurrent mark-sweep generation total 393216K, used 183867K [0x00000000e8000000, 0x0000000100000000, 0x0000000100000000)
 Metaspace       used 46970K, capacity 48719K, committed 49624K, reserved 1093632K
  class space    used 5097K, capacity 5483K, committed 5628K, reserved 1048576K
}
2018-10-23T07:42:49.311+0000: 239.257: Total time for which application threads were stopped: 0.0325360 seconds, Stopping threads took: 0.0067536 seconds
{Heap before GC invocations=318 (full 16):
 par new generation   total 109248K, used 96180K [0x00000000e0000000, 0x00000000e8000000, 0x00000000e8000000)
  eden space 87424K, 100% used [0x00000000e0000000, 0x00000000e5560000, 0x00000000e5560000)
  from space 21824K,  40% used [0x00000000e5560000, 0x00000000e5ded3d0, 0x00000000e6ab0000)
  to   space 21824K,   0% used [0x00000000e6ab0000, 0x00000000e6ab0000, 0x00000000e8000000)
 concurrent mark-sweep generation total 393216K, used 183867K [0x00000000e8000000, 0x0000000100000000, 0x0000000100000000)
 Metaspace       used 46970K, capacity 48719K, committed 49624K, reserved 1093632K
  class space    used 5097K, capacity 5483K, committed 5628K, reserved 1048576K
2018-10-23T07:42:49.458+0000: 239.404: [GC (Allocation Failure) 2018-10-23T07:42:49.458+0000: 239.404: [ParNew
Desired survivor size 20112992 bytes, new threshold 8 (max 8)
- age   1:    2806584 bytes,    2806584 total
- age   2:    1528024 bytes,    4334608 total
- age   3:    2634992 bytes,    6969600 total
- age   4:     469032 bytes,    7438632 total
- age   5:     521312 bytes,    7959944 total
- age   6:      21672 bytes,    7981616 total
- age   7:     495656 bytes,    8477272 total
- age   8:     450768 bytes,    8928040 total
: 96180K->13722K(109248K), 0.0248102 secs] 280048K->198009K(502464K), 0.0249435 secs] [Times: user=0.04 sys=0.00, real=0.02 secs] 
Heap after GC invocations=319 (full 16):
 par new generation   total 109248K, used 13722K [0x00000000e0000000, 0x00000000e8000000, 0x00000000e8000000)
  eden space 87424K,   0% used [0x00000000e0000000, 0x00000000e0000000, 0x00000000e5560000)
  from space 21824K,  62% used [0x00000000e6ab0000, 0x00000000e7816a00, 0x00000000e8000000)
  to   space 21824K,   0% used [0x00000000e5560000, 0x00000000e5560000, 0x00000000e6ab0000)
 concurrent mark-sweep generation total 393216K, used 184286K [0x00000000e8000000, 0x0000000100000000, 0x0000000100000000)
 Metaspace       used 46970K, capacity 48719K, committed 49624K, reserved 1093632K
  class space    used 5097K, capacity 5483K, committed 5628K, reserved 1048576K
}
2018-10-23T07:42:49.483+0000: 239.429: Total time for which application threads were stopped: 0.0324164 seconds, Stopping threads took: 0.0069378 seconds
{Heap before GC invocations=319 (full 16):
 par new generation   total 109248K, used 101146K [0x00000000e0000000, 0x00000000e8000000, 0x00000000e8000000)
  eden space 87424K, 100% used [0x00000000e0000000, 0x00000000e5560000, 0x00000000e5560000)
  from space 21824K,  62% used [0x00000000e6ab0000, 0x00000000e7816a00, 0x00000000e8000000)
  to   space 21824K,   0% used [0x00000000e5560000, 0x00000000e5560000, 0x00000000e6ab0000)
 concurrent mark-sweep generation total 393216K, used 184286K [0x00000000e8000000, 0x0000000100000000, 0x0000000100000000)
 Metaspace       used 46970K, capacity 48719K, committed 49624K, reserved 1093632K
  class space    used 5097K, capacity 5483K, committed 5628K, reserved 1048576K
2018-10-23T07:42:49.600+0000: 239.546: [GC (Allocation Failure) 2018-10-23T07:42:49.600+0000: 239.546: [ParNew
Desired survivor size 20112992 bytes, new threshold 8 (max 8)
- age   1:    2438072 bytes,    2438072 total
- age   2:    1728456 bytes,    4166528 total
- age   3:    1522528 bytes,    5689056 total
- age   4:    2634688 bytes,    8323744 total
- age   5:     469032 bytes,    8792776 total
- age   6:     521312 bytes,    9314088 total
- age   7:      21672 bytes,    9335760 total
- age   8:     495656 bytes,    9831416 total
: 101146K->11685K(109248K), 0.0147036 secs] 285433K->196411K(502464K), 0.0148228 secs] [Times: user=0.02 sys=0.00, real=0.01 secs] 
Heap after GC invocations=320 (full 16):
 par new generation   total 109248K, used 11685K [0x00000000e0000000, 0x00000000e8000000, 0x00000000e8000000)
  eden space 87424K,   0% used [0x00000000e0000000, 0x00000000e0000000, 0x00000000e5560000)
  from space 21824K,  53% used [0x00000000e5560000, 0x00000000e60c9400, 0x00000000e6ab0000)
  to   space 21824K,   0% used [0x00000000e6ab0000, 0x00000000e6ab0000, 0x00000000e8000000)
 concurrent mark-sweep generation total 393216K, used 184726K [0x00000000e8000000, 0x0000000100000000, 0x0000000100000000)
 Metaspace       used 46970K, capacity 48719K, committed 49624K, reserved 1093632K
  class space    used 5097K, capacity 5483K, committed 5628K, reserved 1048576K
}
2018-10-23T07:42:49.615+0000: 239.561: Total time for which application threads were stopped: 0.0154804 seconds, Stopping threads took: 0.0001421 seconds
{Heap before GC invocations=320 (full 16):
 par new generation   total 109248K, used 99109K [0x00000000e0000000, 0x00000000e8000000, 0x00000000e8000000)
  eden space 87424K, 100% used [0x00000000e0000000, 0x00000000e5560000, 0x00000000e5560000)
  from space 21824K,  53% used [0x00000000e5560000, 0x00000000e60c9400, 0x00000000e6ab0000)
  to   space 21824K,   0% used [0x00000000e6ab0000, 0x00000000e6ab0000, 0x00000000e8000000)
 concurrent mark-sweep generation total 393216K, used 184726K [0x00000000e8000000, 0x0000000100000000, 0x0000000100000000)
 Metaspace       used 46970K, capacity 48719K, committed 49624K, reserved 1093632K
  class space    used 5097K, capacity 5483K, committed 5628K, reserved 1048576K
2018-10-23T07:42:49.745+0000: 239.691: [GC (Allocation Failure) 2018-10-23T07:42:49.745+0000: 239.691: [ParNew
Desired survivor size 20112992 bytes, new threshold 8 (max 8)
- age   1:    2720696 bytes,    2720696 total
- age   2:    1438864 bytes,    4159560 total
- age   3:    1557272 bytes,    5716832 total
- age   4:    1522120 bytes,    7238952 total
- age   5:    2634688 bytes,    9873640 total
- age   6:     469032 bytes,   10342672 total
- age   7:     521312 bytes,   10863984 total
- age   8:      21672 bytes,   10885656 total
: 99109K->14305K(109248K), 0.0215762 secs] 283835K->199516K(502464K), 0.0216894 secs] [Times: user=0.03 sys=0.00, real=0.02 secs] 
Heap after GC invocations=321 (full 16):
 par new generation   total 109248K, used 14305K [0x00000000e0000000, 0x00000000e8000000, 0x00000000e8000000)
  eden space 87424K,   0% used [0x00000000e0000000, 0x00000000e0000000, 0x00000000e5560000)
  from space 21824K,  65% used [0x00000000e6ab0000, 0x00000000e78a85b8, 0x00000000e8000000)
  to   space 21824K,   0% used [0x00000000e5560000, 0x00000000e5560000, 0x00000000e6ab0000)
 concurrent mark-sweep generation total 393216K, used 185210K [0x00000000e8000000, 0x0000000100000000, 0x0000000100000000)
 Metaspace       used 46970K, capacity 48719K, committed 49624K, reserved 1093632K
  class space    used 5097K, capacity 5483K, committed 5628K, reserved 1048576K
}
2018-10-23T07:42:49.766+0000: 239.712: Total time for which application threads were stopped: 0.0223002 seconds, Stopping threads took: 0.0001037 seconds
{Heap before GC invocations=321 (full 16):
 par new generation   total 109248K, used 101729K [0x00000000e0000000, 0x00000000e8000000, 0x00000000e8000000)
  eden space 87424K, 100% used [0x00000000e0000000, 0x00000000e5560000, 0x00000000e5560000)
  from space 21824K,  65% used [0x00000000e6ab0000, 0x00000000e78a85b8, 0x00000000e8000000)
  to   space 21824K,   0% used [0x00000000e5560000, 0x00000000e5560000, 0x00000000e6ab0000)
 concurrent mark-sweep generation total 393216K, used 185210K [0x00000000e8000000, 0x0000000100000000, 0x0000000100000000)
 Metaspace       used 46970K, capacity 48719K, committed 49624K, reserved 1093632K
  class space    used 5097K, capacity 5483K, committed 5628K, reserved 1048576K
2018-10-23T07:42:49.894+0000: 239.840: [GC (Allocation Failure) 2018-10-23T07:42:49.894+0000: 239.840: [ParNew
Desired survivor size 20112992 bytes, new threshold 8 (max 8)
- age   1:    2386768 bytes,    2386768 total
- age   2:    1602296 bytes,    3989064 total
- age   3:    1299504 bytes,    5288568 total
- age   4:    1538520 bytes,    6827088 total
- age   5:    1521592 bytes,    8348680 total
- age   6:    2633696 bytes,   10982376 total
- age   7:     469032 bytes,   11451408 total
- age   8:     521312 bytes,   11972720 total
: 101729K->13567K(109248K), 0.0241910 secs] 286940K->198799K(502464K), 0.0243036 secs] [Times: user=0.04 sys=0.00, real=0.03 secs] 
Heap after GC invocations=322 (full 16):
 par new generation   total 109248K, used 13567K [0x00000000e0000000, 0x00000000e8000000, 0x00000000e8000000)
  eden space 87424K,   0% used [0x00000000e0000000, 0x00000000e0000000, 0x00000000e5560000)
  from space 21824K,  62% used [0x00000000e5560000, 0x00000000e629fed8, 0x00000000e6ab0000)
  to   space 21824K,   0% used [0x00000000e6ab0000, 0x00000000e6ab0000, 0x00000000e8000000)
 concurrent mark-sweep generation total 393216K, used 185232K [0x00000000e8000000, 0x0000000100000000, 0x0000000100000000)
 Metaspace       used 46970K, capacity 48719K, committed 49624K, reserved 1093632K
  class space    used 5097K, capacity 5483K, committed 5628K, reserved 1048576K
}
2018-10-23T07:42:49.918+0000: 239.864: Total time for which application threads were stopped: 0.0260026 seconds, Stopping threads took: 0.0012070 seconds
{Heap before GC invocations=322 (full 16):
 par new generation   total 109248K, used 100991K [0x00000000e0000000, 0x00000000e8000000, 0x00000000e8000000)
  eden space 87424K, 100% used [0x00000000e0000000, 0x00000000e5560000, 0x00000000e5560000)
  from space 21824K,  62% used [0x00000000e5560000, 0x00000000e629fed8, 0x00000000e6ab0000)
  to   space 21824K,   0% used [0x00000000e6ab0000, 0x00000000e6ab0000, 0x00000000e8000000)
 concurrent mark-sweep generation total 393216K, used 185232K [0x00000000e8000000, 0x0000000100000000, 0x0000000100000000)
 Metaspace       used 46970K, capacity 48719K, committed 49624K, reserved 1093632K
  class space    used 5097K, capacity 5483K, committed 5628K, reserved 1048576K
2018-10-23T07:42:50.034+0000: 239.980: [GC (Allocation Failure) 2018-10-23T07:42:50.034+0000: 239.980: [ParNew
Desired survivor size 20112992 bytes, new threshold 8 (max 8)
- age   1:    2825120 bytes,    2825120 total
- age   2:    1059016 bytes,    3884136 total
- age   3:    1017800 bytes,    4901936 total
- age   4:     821776 bytes,    5723712 total
- age   5:    1161488 bytes,    6885200 total
- age   6:    1308792 bytes,    8193992 total
- age   7:    1978448 bytes,   10172440 total
- age   8:     469032 bytes,   10641472 total
: 100991K->15414K(109248K), 0.0489471 secs] 286223K->201156K(502464K), 0.0490690 secs] [Times: user=0.04 sys=0.00, real=0.05 secs] 
Heap after GC invocations=323 (full 16):
 par new generation   total 109248K, used 15414K [0x00000000e0000000, 0x00000000e8000000, 0x00000000e8000000)
  eden space 87424K,   0% used [0x00000000e0000000, 0x00000000e0000000, 0x00000000e5560000)
  from space 21824K,  70% used [0x00000000e6ab0000, 0x00000000e79bdbc0, 0x00000000e8000000)
  to   space 21824K,   0% used [0x00000000e5560000, 0x00000000e5560000, 0x00000000e6ab0000)
 concurrent mark-sweep generation total 393216K, used 185741K [0x00000000e8000000, 0x0000000100000000, 0x0000000100000000)
 Metaspace       used 46970K, capacity 48719K, committed 49624K, reserved 1093632K
  class space    used 5097K, capacity 5483K, committed 5628K, reserved 1048576K
}
2018-10-23T07:42:50.083+0000: 240.029: Total time for which application threads were stopped: 0.0556825 seconds, Stopping threads took: 0.0060395 seconds
2018-10-23T07:42:50.134+0000: 240.080: Total time for which application threads were stopped: 0.0043715 seconds, Stopping threads took: 0.0039455 seconds
{Heap before GC invocations=323 (full 16):
 par new generation   total 109248K, used 102838K [0x00000000e0000000, 0x00000000e8000000, 0x00000000e8000000)
  eden space 87424K, 100% used [0x00000000e0000000, 0x00000000e5560000, 0x00000000e5560000)
  from space 21824K,  70% used [0x00000000e6ab0000, 0x00000000e79bdbc0, 0x00000000e8000000)
  to   space 21824K,   0% used [0x00000000e5560000, 0x00000000e5560000, 0x00000000e6ab0000)
 concurrent mark-sweep generation total 393216K, used 185741K [0x00000000e8000000, 0x0000000100000000, 0x0000000100000000)
 Metaspace       used 46973K, capacity 48783K, committed 49624K, reserved 1093632K
  class space    used 5097K, capacity 5483K, committed 5628K, reserved 1048576K
2018-10-23T07:42:50.185+0000: 240.131: [GC (Allocation Failure) 2018-10-23T07:42:50.186+0000: 240.132: [ParNew
Desired survivor size 20112992 bytes, new threshold 8 (max 8)
- age   1:    3818256 bytes,    3818256 total
- age   2:     578224 bytes,    4396480 total
- age   3:     318296 bytes,    4714776 total
- age   4:     301464 bytes,    5016240 total
- age   5:     319400 bytes,    5335640 total
- age   6:     448936 bytes,    5784576 total
- age   7:    1045928 bytes,    6830504 total
- age   8:    1357928 bytes,    8188432 total
: 102838K->11315K(109248K), 0.0199512 secs] 288580K->197515K(502464K), 0.0207171 secs] [Times: user=0.02 sys=0.00, real=0.02 secs] 
Heap after GC invocations=324 (full 16):
 par new generation   total 109248K, used 11315K [0x00000000e0000000, 0x00000000e8000000, 0x00000000e8000000)
  eden space 87424K,   0% used [0x00000000e0000000, 0x00000000e0000000, 0x00000000e5560000)
  from space 21824K,  51% used [0x00000000e5560000, 0x00000000e606cf50, 0x00000000e6ab0000)
  to   space 21824K,   0% used [0x00000000e6ab0000, 0x00000000e6ab0000, 0x00000000e8000000)
 concurrent mark-sweep generation total 393216K, used 186199K [0x00000000e8000000, 0x0000000100000000, 0x0000000100000000)
 Metaspace       used 46973K, capacity 48783K, committed 49624K, reserved 1093632K
  class space    used 5097K, capacity 5483K, committed 5628K, reserved 1048576K
}
2018-10-23T07:42:50.206+0000: 240.152: Total time for which application threads were stopped: 0.0213835 seconds, Stopping threads took: 0.0001270 seconds
2018-10-23T07:42:50.226+0000: 240.172: Total time for which application threads were stopped: 0.0152229 seconds, Stopping threads took: 0.0148145 seconds
{Heap before GC invocations=324 (full 16):
 par new generation   total 109248K, used 98739K [0x00000000e0000000, 0x00000000e8000000, 0x00000000e8000000)
  eden space 87424K, 100% used [0x00000000e0000000, 0x00000000e5560000, 0x00000000e5560000)
  from space 21824K,  51% used [0x00000000e5560000, 0x00000000e606cf50, 0x00000000e6ab0000)
  to   space 21824K,   0% used [0x00000000e6ab0000, 0x00000000e6ab0000, 0x00000000e8000000)
 concurrent mark-sweep generation total 393216K, used 186199K [0x00000000e8000000, 0x0000000100000000, 0x0000000100000000)
 Metaspace       used 46980K, capacity 48783K, committed 49624K, reserved 1093632K
  class space    used 5097K, capacity 5483K, committed 5628K, reserved 1048576K
2018-10-23T07:42:50.362+0000: 240.308: [GC (Allocation Failure) 2018-10-23T07:42:50.362+0000: 240.308: [ParNew
Desired survivor size 20112992 bytes, new threshold 8 (max 8)
- age   1:    2945848 bytes,    2945848 total
- age   2:    2175896 bytes,    5121744 total
- age   3:     397144 bytes,    5518888 total
- age   4:     160464 bytes,    5679352 total
- age   5:     147712 bytes,    5827064 total
- age   6:     166400 bytes,    5993464 total
- age   7:     216376 bytes,    6209840 total
- age   8:     899088 bytes,    7108928 total
: 98739K->9230K(109248K), 0.0355574 secs] 284939K->196733K(502464K), 0.0357146 secs] [Times: user=0.04 sys=0.00, real=0.04 secs] 
Heap after GC invocations=325 (full 16):
 par new generation   total 109248K, used 9230K [0x00000000e0000000, 0x00000000e8000000, 0x00000000e8000000)
  eden space 87424K,   0% used [0x00000000e0000000, 0x00000000e0000000, 0x00000000e5560000)
  from space 21824K,  42% used [0x00000000e6ab0000, 0x00000000e73b3a00, 0x00000000e8000000)
  to   space 21824K,   0% used [0x00000000e5560000, 0x00000000e5560000, 0x00000000e6ab0000)
 concurrent mark-sweep generation total 393216K, used 187502K [0x00000000e8000000, 0x0000000100000000, 0x0000000100000000)
 Metaspace       used 46980K, capacity 48783K, committed 49624K, reserved 1093632K
  class space    used 5097K, capacity 5483K, committed 5628K, reserved 1048576K
}
2018-10-23T07:42:50.398+0000: 240.344: Total time for which application threads were stopped: 0.0456407 seconds, Stopping threads took: 0.0093349 seconds
{Heap before GC invocations=325 (full 16):
 par new generation   total 109248K, used 96654K [0x00000000e0000000, 0x00000000e8000000, 0x00000000e8000000)
  eden space 87424K, 100% used [0x00000000e0000000, 0x00000000e5560000, 0x00000000e5560000)
  from space 21824K,  42% used [0x00000000e6ab0000, 0x00000000e73b3a00, 0x00000000e8000000)
  to   space 21824K,   0% used [0x00000000e5560000, 0x00000000e5560000, 0x00000000e6ab0000)
 concurrent mark-sweep generation total 393216K, used 187502K [0x00000000e8000000, 0x0000000100000000, 0x0000000100000000)
 Metaspace       used 46980K, capacity 48783K, committed 49624K, reserved 1093632K
  class space    used 5097K, capacity 5483K, committed 5628K, reserved 1048576K
2018-10-23T07:42:50.549+0000: 240.495: [GC (Allocation Failure) 2018-10-23T07:42:50.549+0000: 240.495: [ParNew
Desired survivor size 20112992 bytes, new threshold 8 (max 8)
- age   1:    2608272 bytes,    2608272 total
- age   2:    1868744 bytes,    4477016 total
- age   3:    2172288 bytes,    6649304 total
- age   4:     397144 bytes,    7046448 total
- age   5:     160464 bytes,    7206912 total
- age   6:     147712 bytes,    7354624 total
- age   7:     166400 bytes,    7521024 total
- age   8:     216376 bytes,    7737400 total
: 96654K->9392K(109248K), 0.0232933 secs] 284157K->197773K(502464K), 0.0234076 secs] [Times: user=0.04 sys=0.00, real=0.03 secs] 
Heap after GC invocations=326 (full 16):
 par new generation   total 109248K, used 9392K [0x00000000e0000000, 0x00000000e8000000, 0x00000000e8000000)
  eden space 87424K,   0% used [0x00000000e0000000, 0x00000000e0000000, 0x00000000e5560000)
  from space 21824K,  43% used [0x00000000e5560000, 0x00000000e5e8c3e0, 0x00000000e6ab0000)
  to   space 21824K,   0% used [0x00000000e6ab0000, 0x00000000e6ab0000, 0x00000000e8000000)
 concurrent mark-sweep generation total 393216K, used 188380K [0x00000000e8000000, 0x0000000100000000, 0x0000000100000000)
 Metaspace       used 46980K, capacity 48783K, committed 49624K, reserved 1093632K
  class space    used 5097K, capacity 5483K, committed 5628K, reserved 1048576K
}
2018-10-23T07:42:50.573+0000: 240.518: Total time for which application threads were stopped: 0.0299853 seconds, Stopping threads took: 0.0060514 seconds
{Heap before GC invocations=326 (full 16):
 par new generation   total 109248K, used 96816K [0x00000000e0000000, 0x00000000e8000000, 0x00000000e8000000)
  eden space 87424K, 100% used [0x00000000e0000000, 0x00000000e5560000, 0x00000000e5560000)
  from space 21824K,  43% used [0x00000000e5560000, 0x00000000e5e8c3e0, 0x00000000e6ab0000)
  to   space 21824K,   0% used [0x00000000e6ab0000, 0x00000000e6ab0000, 0x00000000e8000000)
 concurrent mark-sweep generation total 393216K, used 188380K [0x00000000e8000000, 0x0000000100000000, 0x0000000100000000)
 Metaspace       used 46980K, capacity 48783K, committed 49624K, reserved 1093632K
  class space    used 5097K, capacity 5483K, committed 5628K, reserved 1048576K
2018-10-23T07:42:50.688+0000: 240.634: [GC (Allocation Failure) 2018-10-23T07:42:50.688+0000: 240.634: [ParNew
Desired survivor size 20112992 bytes, new threshold 8 (max 8)
- age   1:    2810984 bytes,    2810984 total
- age   2:    1557632 bytes,    4368616 total
- age   3:    1718808 bytes,    6087424 total
- age   4:    2089064 bytes,    8176488 total
- age   5:     397144 bytes,    8573632 total
- age   6:     160464 bytes,    8734096 total
- age   7:     147712 bytes,    8881808 total
- age   8:     166400 bytes,    9048208 total
: 96816K->11560K(109248K), 0.0244247 secs] 285197K->200151K(502464K), 0.0245377 secs] [Times: user=0.04 sys=0.00, real=0.03 secs] 
Heap after GC invocations=327 (full 16):
 par new generation   total 109248K, used 11560K [0x00000000e0000000, 0x00000000e8000000, 0x00000000e8000000)
  eden space 87424K,   0% used [0x00000000e0000000, 0x00000000e0000000, 0x00000000e5560000)
  from space 21824K,  52% used [0x00000000e6ab0000, 0x00000000e75fa008, 0x00000000e8000000)
  to   space 21824K,   0% used [0x00000000e5560000, 0x00000000e5560000, 0x00000000e6ab0000)
 concurrent mark-sweep generation total 393216K, used 188591K [0x00000000e8000000, 0x0000000100000000, 0x0000000100000000)
 Metaspace       used 46980K, capacity 48783K, committed 49624K, reserved 1093632K
  class space    used 5097K, capacity 5483K, committed 5628K, reserved 1048576K
}
2018-10-23T07:42:50.712+0000: 240.658: Total time for which application threads were stopped: 0.0252078 seconds, Stopping threads took: 0.0001134 seconds
{Heap before GC invocations=327 (full 16):
 par new generation   total 109248K, used 98984K [0x00000000e0000000, 0x00000000e8000000, 0x00000000e8000000)
  eden space 87424K, 100% used [0x00000000e0000000, 0x00000000e5560000, 0x00000000e5560000)
  from space 21824K,  52% used [0x00000000e6ab0000, 0x00000000e75fa008, 0x00000000e8000000)
  to   space 21824K,   0% used [0x00000000e5560000, 0x00000000e5560000, 0x00000000e6ab0000)
 concurrent mark-sweep generation total 393216K, used 188591K [0x00000000e8000000, 0x0000000100000000, 0x0000000100000000)
 Metaspace       used 46980K, capacity 48783K, committed 49624K, reserved 1093632K
  class space    used 5097K, capacity 5483K, committed 5628K, reserved 1048576K
2018-10-23T07:42:50.825+0000: 240.771: [GC (Allocation Failure) 2018-10-23T07:42:50.825+0000: 240.771: [ParNew
Desired survivor size 20112992 bytes, new threshold 8 (max 8)
- age   1:    3271808 bytes,    3271808 total
- age   2:    1275480 bytes,    4547288 total
- age   3:    1445768 bytes,    5993056 total
- age   4:    1718176 bytes,    7711232 total
- age   5:    2088920 bytes,    9800152 total
- age   6:     397144 bytes,   10197296 total
- age   7:     160464 bytes,   10357760 total
- age   8:     147712 bytes,   10505472 total
: 98984K->13653K(109248K), 0.0304305 secs] 287575K->202408K(502464K), 0.0305389 secs] [Times: user=0.03 sys=0.00, real=0.03 secs] 
Heap after GC invocations=328 (full 16):
 par new generation   total 109248K, used 13653K [0x00000000e0000000, 0x00000000e8000000, 0x00000000e8000000)
  eden space 87424K,   0% used [0x00000000e0000000, 0x00000000e0000000, 0x00000000e5560000)
  from space 21824K,  62% used [0x00000000e5560000, 0x00000000e62b5700, 0x00000000e6ab0000)
  to   space 21824K,   0% used [0x00000000e6ab0000, 0x00000000e6ab0000, 0x00000000e8000000)
 concurrent mark-sweep generation total 393216K, used 188754K [0x00000000e8000000, 0x0000000100000000, 0x0000000100000000)
 Metaspace       used 46980K, capacity 48783K, committed 49624K, reserved 1093632K
  class space    used 5097K, capacity 5483K, committed 5628K, reserved 1048576K
}
2018-10-23T07:42:50.856+0000: 240.801: Total time for which application threads were stopped: 0.0373389 seconds, Stopping threads took: 0.0062861 seconds
{Heap before GC invocations=328 (full 16):
 par new generation   total 109248K, used 101054K [0x00000000e0000000, 0x00000000e8000000, 0x00000000e8000000)
  eden space 87424K,  99% used [0x00000000e0000000, 0x00000000e555a218, 0x00000000e5560000)
  from space 21824K,  62% used [0x00000000e5560000, 0x00000000e62b5700, 0x00000000e6ab0000)
  to   space 21824K,   0% used [0x00000000e6ab0000, 0x00000000e6ab0000, 0x00000000e8000000)
 concurrent mark-sweep generation total 393216K, used 188754K [0x00000000e8000000, 0x0000000100000000, 0x0000000100000000)
 Metaspace       used 46981K, capacity 48783K, committed 49624K, reserved 1093632K
  class space    used 5097K, capacity 5483K, committed 5628K, reserved 1048576K
2018-10-23T07:42:50.942+0000: 240.888: [GC (Allocation Failure) 2018-10-23T07:42:50.942+0000: 240.888: [ParNew
Desired survivor size 20112992 bytes, new threshold 8 (max 8)
- age   1:    1966488 bytes,    1966488 total
- age   2:    2041648 bytes,    4008136 total
- age   3:    1229168 bytes,    5237304 total
- age   4:    1371192 bytes,    6608496 total
- age   5:    1677848 bytes,    8286344 total
- age   6:    1810648 bytes,   10096992 total
- age   7:     383480 bytes,   10480472 total
- age   8:     160464 bytes,   10640936 total
: 101054K->12721K(109248K), 0.0277093 secs] 289808K->201619K(502464K), 0.0278262 secs] [Times: user=0.04 sys=0.00, real=0.03 secs] 
Heap after GC invocations=329 (full 16):
 par new generation   total 109248K, used 12721K [0x00000000e0000000, 0x00000000e8000000, 0x00000000e8000000)
  eden space 87424K,   0% used [0x00000000e0000000, 0x00000000e0000000, 0x00000000e5560000)
  from space 21824K,  58% used [0x00000000e6ab0000, 0x00000000e771c4b0, 0x00000000e8000000)
  to   space 21824K,   0% used [0x00000000e5560000, 0x00000000e5560000, 0x00000000e6ab0000)
 concurrent mark-sweep generation total 393216K, used 188898K [0x00000000e8000000, 0x0000000100000000, 0x0000000100000000)
 Metaspace       used 46981K, capacity 48783K, committed 49624K, reserved 1093632K
  class space    used 5097K, capacity 5483K, committed 5628K, reserved 1048576K
}
2018-10-23T07:42:50.970+0000: 240.916: Total time for which application threads were stopped: 0.0408849 seconds, Stopping threads took: 0.0125084 seconds
2018-10-23T07:42:51.033+0000: 240.979: Total time for which application threads were stopped: 0.0056269 seconds, Stopping threads took: 0.0052459 seconds
{Heap before GC invocations=329 (full 16):
 par new generation   total 109248K, used 100145K [0x00000000e0000000, 0x00000000e8000000, 0x00000000e8000000)
  eden space 87424K, 100% used [0x00000000e0000000, 0x00000000e5560000, 0x00000000e5560000)
  from space 21824K,  58% used [0x00000000e6ab0000, 0x00000000e771c4b0, 0x00000000e8000000)
  to   space 21824K,   0% used [0x00000000e5560000, 0x00000000e5560000, 0x00000000e6ab0000)
 concurrent mark-sweep generation total 393216K, used 188898K [0x00000000e8000000, 0x0000000100000000, 0x0000000100000000)
 Metaspace       used 46981K, capacity 48783K, committed 49624K, reserved 1093632K
  class space    used 5097K, capacity 5483K, committed 5628K, reserved 1048576K
2018-10-23T07:42:51.078+0000: 241.024: [GC (Allocation Failure) 2018-10-23T07:42:51.078+0000: 241.024: [ParNew
Desired survivor size 20112992 bytes, new threshold 8 (max 8)
- age   1:    2527552 bytes,    2527552 total
- age   2:    1114344 bytes,    3641896 total
- age   3:    1160384 bytes,    4802280 total
- age   4:    1005880 bytes,    5808160 total
- age   5:    1036992 bytes,    6845152 total
- age   6:    1341488 bytes,    8186640 total
- age   7:    1380344 bytes,    9566984 total
- age   8:     383144 bytes,    9950128 total
: 100145K->13562K(109248K), 0.0365509 secs] 289043K->202617K(502464K), 0.0366697 secs] [Times: user=0.03 sys=0.00, real=0.03 secs] 
Heap after GC invocations=330 (full 16):
 par new generation   total 109248K, used 13562K [0x00000000e0000000, 0x00000000e8000000, 0x00000000e8000000)
  eden space 87424K,   0% used [0x00000000e0000000, 0x00000000e0000000, 0x00000000e5560000)
  from space 21824K,  62% used [0x00000000e5560000, 0x00000000e629eab0, 0x00000000e6ab0000)
  to   space 21824K,   0% used [0x00000000e6ab0000, 0x00000000e6ab0000, 0x00000000e8000000)
 concurrent mark-sweep generation total 393216K, used 189055K [0x00000000e8000000, 0x0000000100000000, 0x0000000100000000)
 Metaspace       used 46981K, capacity 48783K, committed 49624K, reserved 1093632K
  class space    used 5097K, capacity 5483K, committed 5628K, reserved 1048576K
}
2018-10-23T07:42:51.115+0000: 241.060: Total time for which application threads were stopped: 0.0381258 seconds, Stopping threads took: 0.0009351 seconds
2018-10-23T07:42:51.217+0000: 241.163: Total time for which application threads were stopped: 0.0005512 seconds, Stopping threads took: 0.0001517 seconds
{Heap before GC invocations=330 (full 16):
 par new generation   total 109248K, used 100986K [0x00000000e0000000, 0x00000000e8000000, 0x00000000e8000000)
  eden space 87424K, 100% used [0x00000000e0000000, 0x00000000e5560000, 0x00000000e5560000)
  from space 21824K,  62% used [0x00000000e5560000, 0x00000000e629eab0, 0x00000000e6ab0000)
  to   space 21824K,   0% used [0x00000000e6ab0000, 0x00000000e6ab0000, 0x00000000e8000000)
 concurrent mark-sweep generation total 393216K, used 189055K [0x00000000e8000000, 0x0000000100000000, 0x0000000100000000)
 Metaspace       used 46981K, capacity 48783K, committed 49624K, reserved 1093632K
  class space    used 5097K, capacity 5483K, committed 5628K, reserved 1048576K
2018-10-23T07:42:51.227+0000: 241.173: [GC (Allocation Failure) 2018-10-23T07:42:51.227+0000: 241.173: [ParNew
Desired survivor size 20112992 bytes, new threshold 8 (max 8)
- age   1:    3779832 bytes,    3779832 total
- age   2:     454392 bytes,    4234224 total
- age   3:     256936 bytes,    4491160 total
- age   4:     166800 bytes,    4657960 total
- age   5:     485416 bytes,    5143376 total
- age   6:     221032 bytes,    5364408 total
- age   7:     327824 bytes,    5692232 total
- age   8:    1083800 bytes,    6776032 total
: 100986K->8856K(109248K), 0.0305188 secs] 290041K->198285K(502464K), 0.0306321 secs] [Times: user=0.03 sys=0.00, real=0.04 secs] 
Heap after GC invocations=331 (full 16):
 par new generation   total 109248K, used 8856K [0x00000000e0000000, 0x00000000e8000000, 0x00000000e8000000)
  eden space 87424K,   0% used [0x00000000e0000000, 0x00000000e0000000, 0x00000000e5560000)
  from space 21824K,  40% used [0x00000000e6ab0000, 0x00000000e73561b0, 0x00000000e8000000)
  to   space 21824K,   0% used [0x00000000e5560000, 0x00000000e5560000, 0x00000000e6ab0000)
 concurrent mark-sweep generation total 393216K, used 189429K [0x00000000e8000000, 0x0000000100000000, 0x0000000100000000)
 Metaspace       used 46981K, capacity 48783K, committed 49624K, reserved 1093632K
  class space    used 5097K, capacity 5483K, committed 5628K, reserved 1048576K
}
2018-10-23T07:42:51.258+0000: 241.204: Total time for which application threads were stopped: 0.0312577 seconds, Stopping threads took: 0.0001882 seconds
{Heap before GC invocations=331 (full 16):
 par new generation   total 109248K, used 96280K [0x00000000e0000000, 0x00000000e8000000, 0x00000000e8000000)
  eden space 87424K, 100% used [0x00000000e0000000, 0x00000000e5560000, 0x00000000e5560000)
  from space 21824K,  40% used [0x00000000e6ab0000, 0x00000000e73561b0, 0x00000000e8000000)
  to   space 21824K,   0% used [0x00000000e5560000, 0x00000000e5560000, 0x00000000e6ab0000)
 concurrent mark-sweep generation total 393216K, used 189429K [0x00000000e8000000, 0x0000000100000000, 0x0000000100000000)
 Metaspace       used 46981K, capacity 48783K, committed 49624K, reserved 1093632K
  class space    used 5097K, capacity 5483K, committed 5628K, reserved 1048576K
2018-10-23T07:42:51.351+0000: 241.297: [GC (Allocation Failure) 2018-10-23T07:42:51.351+0000: 241.297: [ParNew
Desired survivor size 20112992 bytes, new threshold 8 (max 8)
- age   1:    2001872 bytes,    2001872 total
- age   2:    2815600 bytes,    4817472 total
- age   3:     454392 bytes,    5271864 total
- age   4:     256936 bytes,    5528800 total
- age   5:     166800 bytes,    5695600 total
- age   6:     485416 bytes,    6181016 total
- age   7:     221032 bytes,    6402048 total
- age   8:     326912 bytes,    6728960 total
: 96280K->7915K(109248K), 0.0064764 secs] 285709K->198403K(502464K), 0.0065644 secs] [Times: user=0.02 sys=0.00, real=0.00 secs] 
Heap after GC invocations=332 (full 16):
 par new generation   total 109248K, used 7915K [0x00000000e0000000, 0x00000000e8000000, 0x00000000e8000000)
  eden space 87424K,   0% used [0x00000000e0000000, 0x00000000e0000000, 0x00000000e5560000)
  from space 21824K,  36% used [0x00000000e5560000, 0x00000000e5d1ac40, 0x00000000e6ab0000)
  to   space 21824K,   0% used [0x00000000e6ab0000, 0x00000000e6ab0000, 0x00000000e8000000)
 concurrent mark-sweep generation total 393216K, used 190488K [0x00000000e8000000, 0x0000000100000000, 0x0000000100000000)
 Metaspace       used 46981K, capacity 48783K, committed 49624K, reserved 1093632K
  class space    used 5097K, capacity 5483K, committed 5628K, reserved 1048576K
}
2018-10-23T07:42:51.357+0000: 241.303: Total time for which application threads were stopped: 0.0108364 seconds, Stopping threads took: 0.0037883 seconds
{Heap before GC invocations=332 (full 16):
 par new generation   total 109248K, used 95339K [0x00000000e0000000, 0x00000000e8000000, 0x00000000e8000000)
  eden space 87424K, 100% used [0x00000000e0000000, 0x00000000e5560000, 0x00000000e5560000)
  from space 21824K,  36% used [0x00000000e5560000, 0x00000000e5d1ac40, 0x00000000e6ab0000)
  to   space 21824K,   0% used [0x00000000e6ab0000, 0x00000000e6ab0000, 0x00000000e8000000)
 concurrent mark-sweep generation total 393216K, used 190488K [0x00000000e8000000, 0x0000000100000000, 0x0000000100000000)
 Metaspace       used 46981K, capacity 48783K, committed 49624K, reserved 1093632K
  class space    used 5097K, capacity 5483K, committed 5628K, reserved 1048576K
2018-10-23T07:42:51.402+0000: 241.348: [GC (Allocation Failure) 2018-10-23T07:42:51.402+0000: 241.348: [ParNew
Desired survivor size 20112992 bytes, new threshold 8 (max 8)
- age   1:    1129488 bytes,    1129488 total
- age   2:    1553424 bytes,    2682912 total
- age   3:    2810832 bytes,    5493744 total
- age   4:     454392 bytes,    5948136 total
- age   5:     256936 bytes,    6205072 total
- age   6:     166800 bytes,    6371872 total
- age   7:     485416 bytes,    6857288 total
- age   8:     221032 bytes,    7078320 total
: 95339K->8872K(109248K), 0.0438525 secs] 285827K->199681K(502464K), 0.0439821 secs] [Times: user=0.05 sys=0.00, real=0.04 secs] 
Heap after GC invocations=333 (full 16):
 par new generation   total 109248K, used 8872K [0x00000000e0000000, 0x00000000e8000000, 0x00000000e8000000)
  eden space 87424K,   0% used [0x00000000e0000000, 0x00000000e0000000, 0x00000000e5560000)
  from space 21824K,  40% used [0x00000000e6ab0000, 0x00000000e735a260, 0x00000000e8000000)
  to   space 21824K,   0% used [0x00000000e5560000, 0x00000000e5560000, 0x00000000e6ab0000)
 concurrent mark-sweep generation total 393216K, used 190809K [0x00000000e8000000, 0x0000000100000000, 0x0000000100000000)
 Metaspace       used 46981K, capacity 48783K, committed 49624K, reserved 1093632K
  class space    used 5097K, capacity 5483K, committed 5628K, reserved 1048576K
}
2018-10-23T07:42:51.446+0000: 241.392: Total time for which application threads were stopped: 0.0569733 seconds, Stopping threads took: 0.0124752 seconds
{Heap before GC invocations=333 (full 16):
 par new generation   total 109248K, used 96296K [0x00000000e0000000, 0x00000000e8000000, 0x00000000e8000000)
  eden space 87424K, 100% used [0x00000000e0000000, 0x00000000e5560000, 0x00000000e5560000)
  from space 21824K,  40% used [0x00000000e6ab0000, 0x00000000e735a260, 0x00000000e8000000)
  to   space 21824K,   0% used [0x00000000e5560000, 0x00000000e5560000, 0x00000000e6ab0000)
 concurrent mark-sweep generation total 393216K, used 190809K [0x00000000e8000000, 0x0000000100000000, 0x0000000100000000)
 Metaspace       used 46981K, capacity 48783K, committed 49624K, reserved 1093632K
  class space    used 5097K, capacity 5483K, committed 5628K, reserved 1048576K
2018-10-23T07:42:51.494+0000: 241.440: [GC (Allocation Failure) 2018-10-23T07:42:51.494+0000: 241.440: [ParNew
Desired survivor size 20112992 bytes, new threshold 8 (max 8)
- age   1:    1487384 bytes,    1487384 total
- age   2:     685792 bytes,    2173176 total
- age   3:    1062568 bytes,    3235744 total
- age   4:    2810456 bytes,    6046200 total
- age   5:     454392 bytes,    6500592 total
- age   6:     256936 bytes,    6757528 total
- age   7:     166800 bytes,    6924328 total
- age   8:     485416 bytes,    7409744 total
: 96296K->9994K(109248K), 0.0125449 secs] 287105K->201019K(502464K), 0.0126410 secs] [Times: user=0.02 sys=0.00, real=0.01 secs] 
Heap after GC invocations=334 (full 16):
 par new generation   total 109248K, used 9994K [0x00000000e0000000, 0x00000000e8000000, 0x00000000e8000000)
  eden space 87424K,   0% used [0x00000000e0000000, 0x00000000e0000000, 0x00000000e5560000)
  from space 21824K,  45% used [0x00000000e5560000, 0x00000000e5f22a90, 0x00000000e6ab0000)
  to   space 21824K,   0% used [0x00000000e6ab0000, 0x00000000e6ab0000, 0x00000000e8000000)
 concurrent mark-sweep generation total 393216K, used 191025K [0x00000000e8000000, 0x0000000100000000, 0x0000000100000000)
 Metaspace       used 46981K, capacity 48783K, committed 49624K, reserved 1093632K
  class space    used 5097K, capacity 5483K, committed 5628K, reserved 1048576K
}
2018-10-23T07:42:51.507+0000: 241.453: Total time for which application threads were stopped: 0.0138871 seconds, Stopping threads took: 0.0007504 seconds
{Heap before GC invocations=334 (full 16):
 par new generation   total 109248K, used 97418K [0x00000000e0000000, 0x00000000e8000000, 0x00000000e8000000)
  eden space 87424K, 100% used [0x00000000e0000000, 0x00000000e5560000, 0x00000000e5560000)
  from space 21824K,  45% used [0x00000000e5560000, 0x00000000e5f22a90, 0x00000000e6ab0000)
  to   space 21824K,   0% used [0x00000000e6ab0000, 0x00000000e6ab0000, 0x00000000e8000000)
 concurrent mark-sweep generation total 393216K, used 191025K [0x00000000e8000000, 0x0000000100000000, 0x0000000100000000)
 Metaspace       used 46981K, capacity 48783K, committed 49624K, reserved 1093632K
  class space    used 5097K, capacity 5483K, committed 5628K, reserved 1048576K
2018-10-23T07:42:51.594+0000: 241.540: [GC (Allocation Failure) 2018-10-23T07:42:51.594+0000: 241.540: [ParNew
Desired survivor size 20112992 bytes, new threshold 8 (max 8)
- age   1:    2514840 bytes,    2514840 total
- age   2:     466160 bytes,    2981000 total
- age   3:     582928 bytes,    3563928 total
- age   4:     876992 bytes,    4440920 total
- age   5:    2805576 bytes,    7246496 total
- age   6:     454016 bytes,    7700512 total
- age   7:     256760 bytes,    7957272 total
- age   8:     166672 bytes,    8123944 total
: 97418K->9853K(109248K), 0.0242025 secs] 288443K->201354K(502464K), 0.0243108 secs] [Times: user=0.03 sys=0.00, real=0.03 secs] 
Heap after GC invocations=335 (full 16):
 par new generation   total 109248K, used 9853K [0x00000000e0000000, 0x00000000e8000000, 0x00000000e8000000)
  eden space 87424K,   0% used [0x00000000e0000000, 0x00000000e0000000, 0x00000000e5560000)
  from space 21824K,  45% used [0x00000000e6ab0000, 0x00000000e744f5d0, 0x00000000e8000000)
  to   space 21824K,   0% used [0x00000000e5560000, 0x00000000e5560000, 0x00000000e6ab0000)
 concurrent mark-sweep generation total 393216K, used 191500K [0x00000000e8000000, 0x0000000100000000, 0x0000000100000000)
 Metaspace       used 46981K, capacity 48783K, committed 49624K, reserved 1093632K
  class space    used 5097K, capacity 5483K, committed 5628K, reserved 1048576K
}
2018-10-23T07:42:51.619+0000: 241.565: Total time for which application threads were stopped: 0.0271246 seconds, Stopping threads took: 0.0023032 seconds
{Heap before GC invocations=335 (full 16):
 par new generation   total 109248K, used 97277K [0x00000000e0000000, 0x00000000e8000000, 0x00000000e8000000)
  eden space 87424K, 100% used [0x00000000e0000000, 0x00000000e5560000, 0x00000000e5560000)
  from space 21824K,  45% used [0x00000000e6ab0000, 0x00000000e744f5d0, 0x00000000e8000000)
  to   space 21824K,   0% used [0x00000000e5560000, 0x00000000e5560000, 0x00000000e6ab0000)
 concurrent mark-sweep generation total 393216K, used 191500K [0x00000000e8000000, 0x0000000100000000, 0x0000000100000000)
 Metaspace       used 46981K, capacity 48783K, committed 49624K, reserved 1093632K
  class space    used 5097K, capacity 5483K, committed 5628K, reserved 1048576K
2018-10-23T07:42:51.744+0000: 241.690: [GC (Allocation Failure) 2018-10-23T07:42:51.744+0000: 241.690: [ParNew
Desired survivor size 20112992 bytes, new threshold 8 (max 8)
- age   1:    2690688 bytes,    2690688 total
- age   2:    1293176 bytes,    3983864 total
- age   3:     417392 bytes,    4401256 total
- age   4:     532104 bytes,    4933360 total
- age   5:     873864 bytes,    5807224 total
- age   6:    2803872 bytes,    8611096 total
- age   7:     454016 bytes,    9065112 total
- age   8:     256760 bytes,    9321872 total
: 97277K->12328K(109248K), 0.0313897 secs] 288778K->203992K(502464K), 0.0315068 secs] [Times: user=0.04 sys=0.00, real=0.03 secs] 
Heap after GC invocations=336 (full 16):
 par new generation   total 109248K, used 12328K [0x00000000e0000000, 0x00000000e8000000, 0x00000000e8000000)
  eden space 87424K,   0% used [0x00000000e0000000, 0x00000000e0000000, 0x00000000e5560000)
  from space 21824K,  56% used [0x00000000e5560000, 0x00000000e616a300, 0x00000000e6ab0000)
  to   space 21824K,   0% used [0x00000000e6ab0000, 0x00000000e6ab0000, 0x00000000e8000000)
 concurrent mark-sweep generation total 393216K, used 191663K [0x00000000e8000000, 0x0000000100000000, 0x0000000100000000)
 Metaspace       used 46981K, capacity 48783K, committed 49624K, reserved 1093632K
  class space    used 5097K, capacity 5483K, committed 5628K, reserved 1048576K
}
2018-10-23T07:42:51.776+0000: 241.721: Total time for which application threads were stopped: 0.0325096 seconds, Stopping threads took: 0.0004353 seconds
{Heap before GC invocations=336 (full 16):
 par new generation   total 109248K, used 99752K [0x00000000e0000000, 0x00000000e8000000, 0x00000000e8000000)
  eden space 87424K, 100% used [0x00000000e0000000, 0x00000000e5560000, 0x00000000e5560000)
  from space 21824K,  56% used [0x00000000e5560000, 0x00000000e616a300, 0x00000000e6ab0000)
  to   space 21824K,   0% used [0x00000000e6ab0000, 0x00000000e6ab0000, 0x00000000e8000000)
 concurrent mark-sweep generation total 393216K, used 191663K [0x00000000e8000000, 0x0000000100000000, 0x0000000100000000)
 Metaspace       used 46981K, capacity 48783K, committed 49624K, reserved 1093632K
  class space    used 5097K, capacity 5483K, committed 5628K, reserved 1048576K
2018-10-23T07:42:51.922+0000: 241.868: [GC (Allocation Failure) 2018-10-23T07:42:51.922+0000: 241.868: [ParNew
Desired survivor size 20112992 bytes, new threshold 8 (max 8)
- age   1:    3079912 bytes,    3079912 total
- age   2:    1230672 bytes,    4310584 total
- age   3:    1236896 bytes,    5547480 total
- age   4:     382496 bytes,    5929976 total
- age   5:     519768 bytes,    6449744 total
- age   6:     836624 bytes,    7286368 total
- age   7:    2802376 bytes,   10088744 total
- age   8:     454016 bytes,   10542760 total
: 99752K->14231K(109248K), 0.0260501 secs] 291416K->206145K(502464K), 0.0261600 secs] [Times: user=0.04 sys=0.00, real=0.02 secs] 
Heap after GC invocations=337 (full 16):
 par new generation   total 109248K, used 14231K [0x00000000e0000000, 0x00000000e8000000, 0x00000000e8000000)
  eden space 87424K,   0% used [0x00000000e0000000, 0x00000000e0000000, 0x00000000e5560000)
  from space 21824K,  65% used [0x00000000e6ab0000, 0x00000000e7895d58, 0x00000000e8000000)
  to   space 21824K,   0% used [0x00000000e5560000, 0x00000000e5560000, 0x00000000e6ab0000)
 concurrent mark-sweep generation total 393216K, used 191914K [0x00000000e8000000, 0x0000000100000000, 0x0000000100000000)
 Metaspace       used 46981K, capacity 48783K, committed 49624K, reserved 1093632K
  class space    used 5097K, capacity 5483K, committed 5628K, reserved 1048576K
}
2018-10-23T07:42:51.948+0000: 241.894: Total time for which application threads were stopped: 0.0269844 seconds, Stopping threads took: 0.0002618 seconds
{Heap before GC invocations=337 (full 16):
 par new generation   total 109248K, used 101655K [0x00000000e0000000, 0x00000000e8000000, 0x00000000e8000000)
  eden space 87424K, 100% used [0x00000000e0000000, 0x00000000e5560000, 0x00000000e5560000)
  from space 21824K,  65% used [0x00000000e6ab0000, 0x00000000e7895d58, 0x00000000e8000000)
  to   space 21824K,   0% used [0x00000000e5560000, 0x00000000e5560000, 0x00000000e6ab0000)
 concurrent mark-sweep generation total 393216K, used 191914K [0x00000000e8000000, 0x0000000100000000, 0x0000000100000000)
 Metaspace       used 46981K, capacity 48783K, committed 49624K, reserved 1093632K
  class space    used 5097K, capacity 5483K, committed 5628K, reserved 1048576K
2018-10-23T07:42:52.062+0000: 242.008: [GC (Allocation Failure) 2018-10-23T07:42:52.062+0000: 242.008: [ParNew
Desired survivor size 20112992 bytes, new threshold 8 (max 8)
- age   1:    3177136 bytes,    3177136 total
- age   2:    1766384 bytes,    4943520 total
- age   3:    1156944 bytes,    6100464 total
- age   4:    1103688 bytes,    7204152 total
- age   5:     382560 bytes,    7586712 total
- age   6:     520680 bytes,    8107392 total
- age   7:     833504 bytes,    8940896 total
- age   8:    2802496 bytes,   11743392 total
: 101655K->14175K(109248K), 0.0720693 secs] 293569K->206533K(502464K), 0.0722033 secs] [Times: user=0.04 sys=0.00, real=0.07 secs] 
Heap after GC invocations=338 (full 16):
 par new generation   total 109248K, used 14175K [0x00000000e0000000, 0x00000000e8000000, 0x00000000e8000000)
  eden space 87424K,   0% used [0x00000000e0000000, 0x00000000e0000000, 0x00000000e5560000)
  from space 21824K,  64% used [0x00000000e5560000, 0x00000000e6337ce0, 0x00000000e6ab0000)
  to   space 21824K,   0% used [0x00000000e6ab0000, 0x00000000e6ab0000, 0x00000000e8000000)
 concurrent mark-sweep generation total 393216K, used 192358K [0x00000000e8000000, 0x0000000100000000, 0x0000000100000000)
 Metaspace       used 46981K, capacity 48783K, committed 49624K, reserved 1093632K
  class space    used 5097K, capacity 5483K, committed 5628K, reserved 1048576K
}
2018-10-23T07:42:52.134+0000: 242.080: Total time for which application threads were stopped: 0.0727813 seconds, Stopping threads took: 0.0000648 seconds
{Heap before GC invocations=338 (full 16):
 par new generation   total 109248K, used 101599K [0x00000000e0000000, 0x00000000e8000000, 0x00000000e8000000)
  eden space 87424K, 100% used [0x00000000e0000000, 0x00000000e5560000, 0x00000000e5560000)
  from space 21824K,  64% used [0x00000000e5560000, 0x00000000e6337ce0, 0x00000000e6ab0000)
  to   space 21824K,   0% used [0x00000000e6ab0000, 0x00000000e6ab0000, 0x00000000e8000000)
 concurrent mark-sweep generation total 393216K, used 192358K [0x00000000e8000000, 0x0000000100000000, 0x0000000100000000)
 Metaspace       used 46981K, capacity 48783K, committed 49624K, reserved 1093632K
  class space    used 5097K, capacity 5483K, committed 5628K, reserved 1048576K
2018-10-23T07:42:52.246+0000: 242.192: [GC (Allocation Failure) 2018-10-23T07:42:52.246+0000: 242.192: [ParNew
Desired survivor size 20112992 bytes, new threshold 8 (max 8)
- age   1:    4156064 bytes,    4156064 total
- age   2:    2334976 bytes,    6491040 total
- age   3:    1521840 bytes,    8012880 total
- age   4:     965848 bytes,    8978728 total
- age   5:     981056 bytes,    9959784 total
- age   6:     345216 bytes,   10305000 total
- age   7:     440040 bytes,   10745040 total
- age   8:     737528 bytes,   11482568 total
: 101599K->14822K(109248K), 0.0250570 secs] 293957K->209406K(502464K), 0.0251603 secs] [Times: user=0.05 sys=0.00, real=0.03 secs] 
Heap after GC invocations=339 (full 16):
 par new generation   total 109248K, used 14822K [0x00000000e0000000, 0x00000000e8000000, 0x00000000e8000000)
  eden space 87424K,   0% used [0x00000000e0000000, 0x00000000e0000000, 0x00000000e5560000)
  from space 21824K,  67% used [0x00000000e6ab0000, 0x00000000e7929ab0, 0x00000000e8000000)
  to   space 21824K,   0% used [0x00000000e5560000, 0x00000000e5560000, 0x00000000e6ab0000)
 concurrent mark-sweep generation total 393216K, used 194583K [0x00000000e8000000, 0x0000000100000000, 0x0000000100000000)
 Metaspace       used 46981K, capacity 48783K, committed 49624K, reserved 1093632K
  class space    used 5097K, capacity 5483K, committed 5628K, reserved 1048576K
}
2018-10-23T07:42:52.271+0000: 242.217: Total time for which application threads were stopped: 0.0258195 seconds, Stopping threads took: 0.0001485 seconds
{Heap before GC invocations=339 (full 16):
 par new generation   total 109248K, used 102246K [0x00000000e0000000, 0x00000000e8000000, 0x00000000e8000000)
  eden space 87424K, 100% used [0x00000000e0000000, 0x00000000e5560000, 0x00000000e5560000)
  from space 21824K,  67% used [0x00000000e6ab0000, 0x00000000e7929ab0, 0x00000000e8000000)
  to   space 21824K,   0% used [0x00000000e5560000, 0x00000000e5560000, 0x00000000e6ab0000)
 concurrent mark-sweep generation total 393216K, used 194583K [0x00000000e8000000, 0x0000000100000000, 0x0000000100000000)
 Metaspace       used 46982K, capacity 48783K, committed 49624K, reserved 1093632K
  class space    used 5097K, capacity 5483K, committed 5628K, reserved 1048576K
2018-10-23T07:42:52.358+0000: 242.304: [GC (Allocation Failure) 2018-10-23T07:42:52.358+0000: 242.304: [ParNew
Desired survivor size 20112992 bytes, new threshold 8 (max 8)
- age   1:    2689896 bytes,    2689896 total
- age   2:    2813928 bytes,    5503824 total
- age   3:    2017720 bytes,    7521544 total
- age   4:    1203048 bytes,    8724592 total
- age   5:     739768 bytes,    9464360 total
- age   6:     760208 bytes,   10224568 total
- age   7:     256464 bytes,   10481032 total
- age   8:     321192 bytes,   10802224 total
: 102246K->11682K(109248K), 0.0295023 secs] 296830K->206798K(502464K), 0.0296267 secs] [Times: user=0.05 sys=0.00, real=0.02 secs] 
Heap after GC invocations=340 (full 16):
 par new generation   total 109248K, used 11682K [0x00000000e0000000, 0x00000000e8000000, 0x00000000e8000000)
  eden space 87424K,   0% used [0x00000000e0000000, 0x00000000e0000000, 0x00000000e5560000)
  from space 21824K,  53% used [0x00000000e5560000, 0x00000000e60c8848, 0x00000000e6ab0000)
  to   space 21824K,   0% used [0x00000000e6ab0000, 0x00000000e6ab0000, 0x00000000e8000000)
 concurrent mark-sweep generation total 393216K, used 195116K [0x00000000e8000000, 0x0000000100000000, 0x0000000100000000)
 Metaspace       used 46982K, capacity 48783K, committed 49624K, reserved 1093632K
  class space    used 5097K, capacity 5483K, committed 5628K, reserved 1048576K
}
2018-10-23T07:42:52.388+0000: 242.334: Total time for which application threads were stopped: 0.0301922 seconds, Stopping threads took: 0.0000679 seconds
{Heap before GC invocations=340 (full 16):
 par new generation   total 109248K, used 99106K [0x00000000e0000000, 0x00000000e8000000, 0x00000000e8000000)
  eden space 87424K, 100% used [0x00000000e0000000, 0x00000000e5560000, 0x00000000e5560000)
  from space 21824K,  53% used [0x00000000e5560000, 0x00000000e60c8848, 0x00000000e6ab0000)
  to   space 21824K,   0% used [0x00000000e6ab0000, 0x00000000e6ab0000, 0x00000000e8000000)
 concurrent mark-sweep generation total 393216K, used 195116K [0x00000000e8000000, 0x0000000100000000, 0x0000000100000000)
 Metaspace       used 46982K, capacity 48783K, committed 49624K, reserved 1093632K
  class space    used 5097K, capacity 5483K, committed 5628K, reserved 1048576K
2018-10-23T07:42:52.485+0000: 242.431: [GC (Allocation Failure) 2018-10-23T07:42:52.485+0000: 242.431: [ParNew
Desired survivor size 20112992 bytes, new threshold 8 (max 8)
- age   1:    2477616 bytes,    2477616 total
- age   2:    1755952 bytes,    4233568 total
- age   3:    2761936 bytes,    6995504 total
- age   4:    2017720 bytes,    9013224 total
- age   5:    1203048 bytes,   10216272 total
- age   6:     739768 bytes,   10956040 total
- age   7:     760208 bytes,   11716248 total
- age   8:     256464 bytes,   11972712 total
: 99106K->16766K(109248K), 0.0128279 secs] 294222K->212196K(502464K), 0.0129267 secs] [Times: user=0.02 sys=0.00, real=0.02 secs] 
Heap after GC invocations=341 (full 16):
 par new generation   total 109248K, used 16766K [0x00000000e0000000, 0x00000000e8000000, 0x00000000e8000000)
  eden space 87424K,   0% used [0x00000000e0000000, 0x00000000e0000000, 0x00000000e5560000)
  from space 21824K,  76% used [0x00000000e6ab0000, 0x00000000e7b0f8d0, 0x00000000e8000000)
  to   space 21824K,   0% used [0x00000000e5560000, 0x00000000e5560000, 0x00000000e6ab0000)
 concurrent mark-sweep generation total 393216K, used 195430K [0x00000000e8000000, 0x0000000100000000, 0x0000000100000000)
 Metaspace       used 46982K, capacity 48783K, committed 49624K, reserved 1093632K
  class space    used 5097K, capacity 5483K, committed 5628K, reserved 1048576K
}
2018-10-23T07:42:52.498+0000: 242.444: Total time for which application threads were stopped: 0.0135512 seconds, Stopping threads took: 0.0001368 seconds
{Heap before GC invocations=341 (full 16):
 par new generation   total 109248K, used 104190K [0x00000000e0000000, 0x00000000e8000000, 0x00000000e8000000)
  eden space 87424K, 100% used [0x00000000e0000000, 0x00000000e5560000, 0x00000000e5560000)
  from space 21824K,  76% used [0x00000000e6ab0000, 0x00000000e7b0f8d0, 0x00000000e8000000)
  to   space 21824K,   0% used [0x00000000e5560000, 0x00000000e5560000, 0x00000000e6ab0000)
 concurrent mark-sweep generation total 393216K, used 195430K [0x00000000e8000000, 0x0000000100000000, 0x0000000100000000)
 Metaspace       used 46982K, capacity 48783K, committed 49624K, reserved 1093632K
  class space    used 5097K, capacity 5483K, committed 5628K, reserved 1048576K
2018-10-23T07:42:52.606+0000: 242.552: [GC (Allocation Failure) 2018-10-23T07:42:52.606+0000: 242.552: [ParNew
Desired survivor size 20112992 bytes, new threshold 8 (max 8)
- age   1:    2727704 bytes,    2727704 total
- age   2:    1389584 bytes,    4117288 total
- age   3:    1743064 bytes,    5860352 total
- age   4:    2760400 bytes,    8620752 total
- age   5:    2017720 bytes,   10638472 total
- age   6:    1203048 bytes,   11841520 total
- age   7:     739768 bytes,   12581288 total
- age   8:     760208 bytes,   13341496 total
: 104190K->15254K(109248K), 0.0195408 secs] 299620K->210935K(502464K), 0.0196541 secs] [Times: user=0.05 sys=0.00, real=0.02 secs] 
Heap after GC invocations=342 (full 16):
 par new generation   total 109248K, used 15254K [0x00000000e0000000, 0x00000000e8000000, 0x00000000e8000000)
  eden space 87424K,   0% used [0x00000000e0000000, 0x00000000e0000000, 0x00000000e5560000)
  from space 21824K,  69% used [0x00000000e5560000, 0x00000000e64458a0, 0x00000000e6ab0000)
  to   space 21824K,   0% used [0x00000000e6ab0000, 0x00000000e6ab0000, 0x00000000e8000000)
 concurrent mark-sweep generation total 393216K, used 195681K [0x00000000e8000000, 0x0000000100000000, 0x0000000100000000)
 Metaspace       used 46982K, capacity 48783K, committed 49624K, reserved 1093632K
  class space    used 5097K, capacity 5483K, committed 5628K, reserved 1048576K
}
2018-10-23T07:42:52.626+0000: 242.572: Total time for which application threads were stopped: 0.0215579 seconds, Stopping threads took: 0.0013899 seconds
{Heap before GC invocations=342 (full 16):
 par new generation   total 109248K, used 102678K [0x00000000e0000000, 0x00000000e8000000, 0x00000000e8000000)
  eden space 87424K, 100% used [0x00000000e0000000, 0x00000000e5560000, 0x00000000e5560000)
  from space 21824K,  69% used [0x00000000e5560000, 0x00000000e64458a0, 0x00000000e6ab0000)
  to   space 21824K,   0% used [0x00000000e6ab0000, 0x00000000e6ab0000, 0x00000000e8000000)
 concurrent mark-sweep generation total 393216K, used 195681K [0x00000000e8000000, 0x0000000100000000, 0x0000000100000000)
 Metaspace       used 46982K, capacity 48783K, committed 49624K, reserved 1093632K
  class space    used 5097K, capacity 5483K, committed 5628K, reserved 1048576K
2018-10-23T07:42:52.781+0000: 242.727: [GC (Allocation Failure) 2018-10-23T07:42:52.781+0000: 242.727: [ParNew
Desired survivor size 20112992 bytes, new threshold 8 (max 8)
- age   1:    3369728 bytes,    3369728 total
- age   2:    1521176 bytes,    4890904 total
- age   3:    1195440 bytes,    6086344 total
- age   4:    1737144 bytes,    7823488 total
- age   5:    2725456 bytes,   10548944 total
- age   6:    2017720 bytes,   12566664 total
- age   7:    1203048 bytes,   13769712 total
- age   8:     739736 bytes,   14509448 total
: 102678K->17199K(109248K), 0.0150841 secs] 298359K->213623K(502464K), 0.0151894 secs] [Times: user=0.02 sys=0.00, real=0.01 secs] 
Heap after GC invocations=343 (full 16):
 par new generation   total 109248K, used 17199K [0x00000000e0000000, 0x00000000e8000000, 0x00000000e8000000)
  eden space 87424K,   0% used [0x00000000e0000000, 0x00000000e0000000, 0x00000000e5560000)
  from space 21824K,  78% used [0x00000000e6ab0000, 0x00000000e7b7bf30, 0x00000000e8000000)
  to   space 21824K,   0% used [0x00000000e5560000, 0x00000000e5560000, 0x00000000e6ab0000)
 concurrent mark-sweep generation total 393216K, used 196423K [0x00000000e8000000, 0x0000000100000000, 0x0000000100000000)
 Metaspace       used 46982K, capacity 48783K, committed 49624K, reserved 1093632K
  class space    used 5097K, capacity 5483K, committed 5628K, reserved 1048576K
}
2018-10-23T07:42:52.797+0000: 242.742: Total time for which application threads were stopped: 0.0157838 seconds, Stopping threads took: 0.0000804 seconds
2018-10-23T07:42:53.797+0000: 243.743: Total time for which application threads were stopped: 0.0004431 seconds, Stopping threads took: 0.0000999 seconds
2018-10-23T07:42:59.799+0000: 249.744: Total time for which application threads were stopped: 0.0004687 seconds, Stopping threads took: 0.0000937 seconds
2018-10-23T07:43:01.175+0000: 251.121: Total time for which application threads were stopped: 0.0004452 seconds, Stopping threads took: 0.0001195 seconds
2018-10-23T07:43:01.184+0000: 251.130: Total time for which application threads were stopped: 0.0004544 seconds, Stopping threads took: 0.0001445 seconds
2018-10-23T07:43:01.225+0000: 251.171: Total time for which application threads were stopped: 0.0004771 seconds, Stopping threads took: 0.0001228 seconds
{Heap before GC invocations=343 (full 16):
 par new generation   total 109248K, used 104623K [0x00000000e0000000, 0x00000000e8000000, 0x00000000e8000000)
  eden space 87424K, 100% used [0x00000000e0000000, 0x00000000e5560000, 0x00000000e5560000)
  from space 21824K,  78% used [0x00000000e6ab0000, 0x00000000e7b7bf30, 0x00000000e8000000)
  to   space 21824K,   0% used [0x00000000e5560000, 0x00000000e5560000, 0x00000000e6ab0000)
 concurrent mark-sweep generation total 393216K, used 196423K [0x00000000e8000000, 0x0000000100000000, 0x0000000100000000)
 Metaspace       used 47023K, capacity 48847K, committed 49624K, reserved 1093632K
  class space    used 5097K, capacity 5483K, committed 5628K, reserved 1048576K
2018-10-23T07:43:01.230+0000: 251.175: [GC (Allocation Failure) 2018-10-23T07:43:01.230+0000: 251.175: [ParNew
Desired survivor size 20112992 bytes, new threshold 8 (max 8)
- age   1:    3359640 bytes,    3359640 total
- age   2:     259856 bytes,    3619496 total
- age   3:     164320 bytes,    3783816 total
- age   4:     145632 bytes,    3929448 total
- age   5:    1020368 bytes,    4949816 total
- age   6:     879040 bytes,    5828856 total
- age   7:    2017720 bytes,    7846576 total
- age   8:    1203048 bytes,    9049624 total
: 104623K->13493K(109248K), 0.0214456 secs] 301047K->210640K(502464K), 0.0215631 secs] [Times: user=0.03 sys=0.00, real=0.03 secs] 
Heap after GC invocations=344 (full 16):
 par new generation   total 109248K, used 13493K [0x00000000e0000000, 0x00000000e8000000, 0x00000000e8000000)
  eden space 87424K,   0% used [0x00000000e0000000, 0x00000000e0000000, 0x00000000e5560000)
  from space 21824K,  61% used [0x00000000e5560000, 0x00000000e628d6c0, 0x00000000e6ab0000)
  to   space 21824K,   0% used [0x00000000e6ab0000, 0x00000000e6ab0000, 0x00000000e8000000)
 concurrent mark-sweep generation total 393216K, used 197146K [0x00000000e8000000, 0x0000000100000000, 0x0000000100000000)
 Metaspace       used 47023K, capacity 48847K, committed 49624K, reserved 1093632K
  class space    used 5097K, capacity 5483K, committed 5628K, reserved 1048576K
}
2018-10-23T07:43:01.251+0000: 251.197: Total time for which application threads were stopped: 0.0220236 seconds, Stopping threads took: 0.0000607 seconds
2018-10-23T07:43:01.258+0000: 251.204: [GC (CMS Initial Mark) [1 CMS-initial-mark: 197146K(393216K)] 210933K(502464K), 0.0058511 secs] [Times: user=0.00 sys=0.00, real=0.00 secs] 
2018-10-23T07:43:01.264+0000: 251.210: Total time for which application threads were stopped: 0.0102412 seconds, Stopping threads took: 0.0039508 seconds
2018-10-23T07:43:01.264+0000: 251.210: [CMS-concurrent-mark-start]
2018-10-23T07:43:01.324+0000: 251.270: Total time for which application threads were stopped: 0.0064953 seconds, Stopping threads took: 0.0061152 seconds
{Heap before GC invocations=344 (full 17):
 par new generation   total 109248K, used 100917K [0x00000000e0000000, 0x00000000e8000000, 0x00000000e8000000)
  eden space 87424K, 100% used [0x00000000e0000000, 0x00000000e5560000, 0x00000000e5560000)
  from space 21824K,  61% used [0x00000000e5560000, 0x00000000e628d6c0, 0x00000000e6ab0000)
  to   space 21824K,   0% used [0x00000000e6ab0000, 0x00000000e6ab0000, 0x00000000e8000000)
 concurrent mark-sweep generation total 393216K, used 197146K [0x00000000e8000000, 0x0000000100000000, 0x0000000100000000)
 Metaspace       used 47023K, capacity 48847K, committed 49624K, reserved 1093632K
  class space    used 5097K, capacity 5483K, committed 5628K, reserved 1048576K
2018-10-23T07:43:01.398+0000: 251.344: [GC (Allocation Failure) 2018-10-23T07:43:01.398+0000: 251.344: [ParNew
Desired survivor size 20112992 bytes, new threshold 8 (max 8)
- age   1:    1455952 bytes,    1455952 total
- age   2:    2790000 bytes,    4245952 total
- age   3:     259856 bytes,    4505808 total
- age   4:     164320 bytes,    4670128 total
- age   5:     145632 bytes,    4815760 total
- age   6:    1018544 bytes,    5834304 total
- age   7:     879040 bytes,    6713344 total
- age   8:    2017720 bytes,    8731064 total
: 100917K->11165K(109248K), 0.0296412 secs] 298064K->209488K(502464K), 0.0297765 secs] [Times: user=0.04 sys=0.00, real=0.02 secs] 
Heap after GC invocations=345 (full 17):
 par new generation   total 109248K, used 11165K [0x00000000e0000000, 0x00000000e8000000, 0x00000000e8000000)
  eden space 87424K,   0% used [0x00000000e0000000, 0x00000000e0000000, 0x00000000e5560000)
  from space 21824K,  51% used [0x00000000e6ab0000, 0x00000000e7597640, 0x00000000e8000000)
  to   space 21824K,   0% used [0x00000000e5560000, 0x00000000e5560000, 0x00000000e6ab0000)
 concurrent mark-sweep generation total 393216K, used 198322K [0x00000000e8000000, 0x0000000100000000, 0x0000000100000000)
 Metaspace       used 47023K, capacity 48847K, committed 49624K, reserved 1093632K
  class space    used 5097K, capacity 5483K, committed 5628K, reserved 1048576K
}
2018-10-23T07:43:01.428+0000: 251.374: Total time for which application threads were stopped: 0.0303406 seconds, Stopping threads took: 0.0000653 seconds
2018-10-23T07:43:01.560+0000: 251.506: [CMS-concurrent-mark: 0.255/0.296 secs] [Times: user=0.70 sys=0.00, real=0.30 secs] 
2018-10-23T07:43:01.560+0000: 251.506: [CMS-concurrent-preclean-start]
2018-10-23T07:43:01.567+0000: 251.513: [CMS-concurrent-preclean: 0.005/0.007 secs] [Times: user=0.02 sys=0.00, real=0.00 secs] 
2018-10-23T07:43:01.567+0000: 251.513: [CMS-concurrent-abortable-preclean-start]
{Heap before GC invocations=345 (full 17):
 par new generation   total 109248K, used 98589K [0x00000000e0000000, 0x00000000e8000000, 0x00000000e8000000)
  eden space 87424K, 100% used [0x00000000e0000000, 0x00000000e5560000, 0x00000000e5560000)
  from space 21824K,  51% used [0x00000000e6ab0000, 0x00000000e7597640, 0x00000000e8000000)
  to   space 21824K,   0% used [0x00000000e5560000, 0x00000000e5560000, 0x00000000e6ab0000)
 concurrent mark-sweep generation total 393216K, used 198322K [0x00000000e8000000, 0x0000000100000000, 0x0000000100000000)
 Metaspace       used 47023K, capacity 48847K, committed 49624K, reserved 1093632K
  class space    used 5097K, capacity 5483K, committed 5628K, reserved 1048576K
2018-10-23T07:43:01.588+0000: 251.534: [GC (Allocation Failure) 2018-10-23T07:43:01.588+0000: 251.534: [ParNew
Desired survivor size 20112992 bytes, new threshold 8 (max 8)
- age   1:    1632896 bytes,    1632896 total
- age   2:     935864 bytes,    2568760 total
- age   3:    2787880 bytes,    5356640 total
- age   4:     259856 bytes,    5616496 total
- age   5:     164320 bytes,    5780816 total
- age   6:     145632 bytes,    5926448 total
- age   7:    1018544 bytes,    6944992 total
- age   8:     879040 bytes,    7824032 total
: 98589K->10334K(109248K), 0.0298691 secs] 296912K->210628K(502464K), 0.0299889 secs] [Times: user=0.07 sys=0.00, real=0.04 secs] 
Heap after GC invocations=346 (full 17):
 par new generation   total 109248K, used 10334K [0x00000000e0000000, 0x00000000e8000000, 0x00000000e8000000)
  eden space 87424K,   0% used [0x00000000e0000000, 0x00000000e0000000, 0x00000000e5560000)
  from space 21824K,  47% used [0x00000000e5560000, 0x00000000e5f779d8, 0x00000000e6ab0000)
  to   space 21824K,   0% used [0x00000000e6ab0000, 0x00000000e6ab0000, 0x00000000e8000000)
 concurrent mark-sweep generation total 393216K, used 200293K [0x00000000e8000000, 0x0000000100000000, 0x0000000100000000)
 Metaspace       used 47023K, capacity 48847K, committed 49624K, reserved 1093632K
  class space    used 5097K, capacity 5483K, committed 5628K, reserved 1048576K
}
2018-10-23T07:43:01.618+0000: 251.564: Total time for which application threads were stopped: 0.0306326 seconds, Stopping threads took: 0.0001519 seconds
{Heap before GC invocations=346 (full 17):
 par new generation   total 109248K, used 97758K [0x00000000e0000000, 0x00000000e8000000, 0x00000000e8000000)
  eden space 87424K, 100% used [0x00000000e0000000, 0x00000000e5560000, 0x00000000e5560000)
  from space 21824K,  47% used [0x00000000e5560000, 0x00000000e5f779d8, 0x00000000e6ab0000)
  to   space 21824K,   0% used [0x00000000e6ab0000, 0x00000000e6ab0000, 0x00000000e8000000)
 concurrent mark-sweep generation total 393216K, used 200293K [0x00000000e8000000, 0x0000000100000000, 0x0000000100000000)
 Metaspace       used 47023K, capacity 48847K, committed 49624K, reserved 1093632K
  class space    used 5097K, capacity 5483K, committed 5628K, reserved 1048576K
2018-10-23T07:43:01.765+0000: 251.711: [GC (Allocation Failure) 2018-10-23T07:43:01.765+0000: 251.711: [ParNew
Desired survivor size 20112992 bytes, new threshold 8 (max 8)
- age   1:    2280544 bytes,    2280544 total
- age   2:    1097776 bytes,    3378320 total
- age   3:     882648 bytes,    4260968 total
- age   4:    2786944 bytes,    7047912 total
- age   5:     259856 bytes,    7307768 total
- age   6:     164320 bytes,    7472088 total
- age   7:     145632 bytes,    7617720 total
- age   8:    1018544 bytes,    8636264 total
: 97758K->10033K(109248K), 0.0151591 secs] 298052K->211186K(502464K), 0.0152654 secs] [Times: user=0.02 sys=0.00, real=0.02 secs] 
Heap after GC invocations=347 (full 17):
 par new generation   total 109248K, used 10033K [0x00000000e0000000, 0x00000000e8000000, 0x00000000e8000000)
  eden space 87424K,   0% used [0x00000000e0000000, 0x00000000e0000000, 0x00000000e5560000)
  from space 21824K,  45% used [0x00000000e6ab0000, 0x00000000e747c750, 0x00000000e8000000)
  to   space 21824K,   0% used [0x00000000e5560000, 0x00000000e5560000, 0x00000000e6ab0000)
 concurrent mark-sweep generation total 393216K, used 201152K [0x00000000e8000000, 0x0000000100000000, 0x0000000100000000)
 Metaspace       used 47023K, capacity 48847K, committed 49624K, reserved 1093632K
  class space    used 5097K, capacity 5483K, committed 5628K, reserved 1048576K
}
2018-10-23T07:43:01.780+0000: 251.726: Total time for which application threads were stopped: 0.0218189 seconds, Stopping threads took: 0.0060549 seconds
2018-10-23T07:43:01.782+0000: 251.727: [CMS-concurrent-abortable-preclean: 0.122/0.215 secs] [Times: user=0.40 sys=0.00, real=0.22 secs] 
2018-10-23T07:43:01.784+0000: 251.730: [GC (CMS Final Remark) [YG occupancy: 11822 K (109248 K)]{Heap before GC invocations=347 (full 17):
 par new generation   total 109248K, used 11822K [0x00000000e0000000, 0x00000000e8000000, 0x00000000e8000000)
  eden space 87424K,   2% used [0x00000000e0000000, 0x00000000e01bf198, 0x00000000e5560000)
  from space 21824K,  45% used [0x00000000e6ab0000, 0x00000000e747c750, 0x00000000e8000000)
  to   space 21824K,   0% used [0x00000000e5560000, 0x00000000e5560000, 0x00000000e6ab0000)
 concurrent mark-sweep generation total 393216K, used 201152K [0x00000000e8000000, 0x0000000100000000, 0x0000000100000000)
 Metaspace       used 47023K, capacity 48847K, committed 49624K, reserved 1093632K
  class space    used 5097K, capacity 5483K, committed 5628K, reserved 1048576K
2018-10-23T07:43:01.784+0000: 251.730: [GC (CMS Final Remark) 2018-10-23T07:43:01.784+0000: 251.730: [ParNew
Desired survivor size 20112992 bytes, new threshold 8 (max 8)
- age   1:      64152 bytes,      64152 total
- age   2:    2090424 bytes,    2154576 total
- age   3:    1096648 bytes,    3251224 total
- age   4:     881064 bytes,    4132288 total
- age   5:    2786536 bytes,    6918824 total
- age   6:     259856 bytes,    7178680 total
- age   7:     164320 bytes,    7343000 total
- age   8:     145632 bytes,    7488632 total
: 11822K->9157K(109248K), 0.0219583 secs] 212974K->211306K(502464K), 0.0220322 secs] [Times: user=0.04 sys=0.00, real=0.02 secs] 
Heap after GC invocations=348 (full 17):
 par new generation   total 109248K, used 9157K [0x00000000e0000000, 0x00000000e8000000, 0x00000000e8000000)
  eden space 87424K,   0% used [0x00000000e0000000, 0x00000000e0000000, 0x00000000e5560000)
  from space 21824K,  41% used [0x00000000e5560000, 0x00000000e5e515b0, 0x00000000e6ab0000)
  to   space 21824K,   0% used [0x00000000e6ab0000, 0x00000000e6ab0000, 0x00000000e8000000)
 concurrent mark-sweep generation total 393216K, used 202149K [0x00000000e8000000, 0x0000000100000000, 0x0000000100000000)
 Metaspace       used 47023K, capacity 48847K, committed 49624K, reserved 1093632K
  class space    used 5097K, capacity 5483K, committed 5628K, reserved 1048576K
}
2018-10-23T07:43:01.806+0000: 251.752: [Rescan (parallel) , 0.0038323 secs]2018-10-23T07:43:01.810+0000: 251.756: [weak refs processing, 0.0100485 secs]2018-10-23T07:43:01.820+0000: 251.766: [class unloading, 0.0139230 secs]2018-10-23T07:43:01.834+0000: 251.780: [scrub symbol table, 0.0067878 secs]2018-10-23T07:43:01.841+0000: 251.787: [scrub string table, 0.0008654 secs][1 CMS-remark: 202149K(393216K)] 211306K(502464K), 0.0578281 secs] [Times: user=0.09 sys=0.00, real=0.06 secs] 
2018-10-23T07:43:01.842+0000: 251.788: Total time for which application threads were stopped: 0.0600953 seconds, Stopping threads took: 0.0018867 seconds
2018-10-23T07:43:01.867+0000: 251.813: [CMS-concurrent-sweep-start]
{Heap before GC invocations=348 (full 17):
 par new generation   total 109248K, used 96581K [0x00000000e0000000, 0x00000000e8000000, 0x00000000e8000000)
  eden space 87424K, 100% used [0x00000000e0000000, 0x00000000e5560000, 0x00000000e5560000)
  from space 21824K,  41% used [0x00000000e5560000, 0x00000000e5e515b0, 0x00000000e6ab0000)
  to   space 21824K,   0% used [0x00000000e6ab0000, 0x00000000e6ab0000, 0x00000000e8000000)
 concurrent mark-sweep generation total 393216K, used 193752K [0x00000000e8000000, 0x0000000100000000, 0x0000000100000000)
 Metaspace       used 47023K, capacity 48847K, committed 49624K, reserved 1093632K
  class space    used 5097K, capacity 5483K, committed 5628K, reserved 1048576K
2018-10-23T07:43:01.938+0000: 251.884: [GC (Allocation Failure) 2018-10-23T07:43:01.938+0000: 251.884: [ParNew
Desired survivor size 20112992 bytes, new threshold 8 (max 8)
- age   1:    2370424 bytes,    2370424 total
- age   2:      13456 bytes,    2383880 total
- age   3:    1327680 bytes,    3711560 total
- age   4:    1001904 bytes,    4713464 total
- age   5:     883296 bytes,    5596760 total
- age   6:    2784640 bytes,    8381400 total
- age   7:     258384 bytes,    8639784 total
- age   8:     164320 bytes,    8804104 total
: 96581K->10974K(109248K), 0.0160178 secs] 290334K->204869K(502464K), 0.0161136 secs] [Times: user=0.03 sys=0.00, real=0.01 secs] 
Heap after GC invocations=349 (full 17):
 par new generation   total 109248K, used 10974K [0x00000000e0000000, 0x00000000e8000000, 0x00000000e8000000)
  eden space 87424K,   0% used [0x00000000e0000000, 0x00000000e0000000, 0x00000000e5560000)
  from space 21824K,  50% used [0x00000000e6ab0000, 0x00000000e75679e0, 0x00000000e8000000)
  to   space 21824K,   0% used [0x00000000e5560000, 0x00000000e5560000, 0x00000000e6ab0000)
 concurrent mark-sweep generation total 393216K, used 193894K [0x00000000e8000000, 0x0000000100000000, 0x0000000100000000)
 Metaspace       used 47023K, capacity 48847K, committed 49624K, reserved 1093632K
  class space    used 5097K, capacity 5483K, committed 5628K, reserved 1048576K
}
2018-10-23T07:43:01.954+0000: 251.900: Total time for which application threads were stopped: 0.0188870 seconds, Stopping threads took: 0.0022862 seconds
2018-10-23T07:43:01.970+0000: 251.916: [CMS-concurrent-sweep: 0.084/0.103 secs] [Times: user=0.29 sys=0.00, real=0.11 secs] 
2018-10-23T07:43:01.970+0000: 251.916: [CMS-concurrent-reset-start]
2018-10-23T07:43:01.971+0000: 251.917: [CMS-concurrent-reset: 0.001/0.001 secs] [Times: user=0.00 sys=0.00, real=0.00 secs] 
{Heap before GC invocations=349 (full 17):
 par new generation   total 109248K, used 98398K [0x00000000e0000000, 0x00000000e8000000, 0x00000000e8000000)
  eden space 87424K, 100% used [0x00000000e0000000, 0x00000000e5560000, 0x00000000e5560000)
  from space 21824K,  50% used [0x00000000e6ab0000, 0x00000000e75679e0, 0x00000000e8000000)
  to   space 21824K,   0% used [0x00000000e5560000, 0x00000000e5560000, 0x00000000e6ab0000)
 concurrent mark-sweep generation total 393216K, used 190134K [0x00000000e8000000, 0x0000000100000000, 0x0000000100000000)
 Metaspace       used 47023K, capacity 48847K, committed 49624K, reserved 1093632K
  class space    used 5097K, capacity 5483K, committed 5628K, reserved 1048576K
2018-10-23T07:43:02.070+0000: 252.016: [GC (Allocation Failure) 2018-10-23T07:43:02.070+0000: 252.016: [ParNew
Desired survivor size 20112992 bytes, new threshold 8 (max 8)
- age   1:    2440696 bytes,    2440696 total
- age   2:    1683656 bytes,    4124352 total
- age   3:      13408 bytes,    4137760 total
- age   4:    1156408 bytes,    5294168 total
- age   5:     972248 bytes,    6266416 total
- age   6:     877592 bytes,    7144008 total
- age   7:    2783472 bytes,    9927480 total
- age   8:     258384 bytes,   10185864 total
: 98398K->14469K(109248K), 0.0234602 secs] 288533K->204764K(502464K), 0.0235754 secs] [Times: user=0.04 sys=0.00, real=0.02 secs] 
Heap after GC invocations=350 (full 17):
 par new generation   total 109248K, used 14469K [0x00000000e0000000, 0x00000000e8000000, 0x00000000e8000000)
  eden space 87424K,   0% used [0x00000000e0000000, 0x00000000e0000000, 0x00000000e5560000)
  from space 21824K,  66% used [0x00000000e5560000, 0x00000000e63816a0, 0x00000000e6ab0000)
  to   space 21824K,   0% used [0x00000000e6ab0000, 0x00000000e6ab0000, 0x00000000e8000000)
 concurrent mark-sweep generation total 393216K, used 190295K [0x00000000e8000000, 0x0000000100000000, 0x0000000100000000)
 Metaspace       used 47023K, capacity 48847K, committed 49624K, reserved 1093632K
  class space    used 5097K, capacity 5483K, committed 5628K, reserved 1048576K
}
2018-10-23T07:43:02.094+0000: 252.040: Total time for which application threads were stopped: 0.0303126 seconds, Stopping threads took: 0.0062281 seconds
{Heap before GC invocations=350 (full 17):
 par new generation   total 109248K, used 101893K [0x00000000e0000000, 0x00000000e8000000, 0x00000000e8000000)
  eden space 87424K, 100% used [0x00000000e0000000, 0x00000000e5560000, 0x00000000e5560000)
  from space 21824K,  66% used [0x00000000e5560000, 0x00000000e63816a0, 0x00000000e6ab0000)
  to   space 21824K,   0% used [0x00000000e6ab0000, 0x00000000e6ab0000, 0x00000000e8000000)
 concurrent mark-sweep generation total 393216K, used 190295K [0x00000000e8000000, 0x0000000100000000, 0x0000000100000000)
 Metaspace       used 47027K, capacity 48847K, committed 49624K, reserved 1093632K
  class space    used 5097K, capacity 5483K, committed 5628K, reserved 1048576K
2018-10-23T07:43:02.234+0000: 252.180: [GC (Allocation Failure) 2018-10-23T07:43:02.234+0000: 252.180: [ParNew
Desired survivor size 20112992 bytes, new threshold 8 (max 8)
- age   1:    4020504 bytes,    4020504 total
- age   2:    1363080 bytes,    5383584 total
- age   3:    1328416 bytes,    6712000 total
- age   4:      12112 bytes,    6724112 total
- age   5:     920680 bytes,    7644792 total
- age   6:     882824 bytes,    8527616 total
- age   7:     776400 bytes,    9304016 total
- age   8:    2485064 bytes,   11789080 total
: 101893K->13043K(109248K), 0.0329396 secs] 292188K->203591K(502464K), 0.0330637 secs] [Times: user=0.04 sys=0.00, real=0.03 secs] 
Heap after GC invocations=351 (full 17):
 par new generation   total 109248K, used 13043K [0x00000000e0000000, 0x00000000e8000000, 0x00000000e8000000)
  eden space 87424K,   0% used [0x00000000e0000000, 0x00000000e0000000, 0x00000000e5560000)
  from space 21824K,  59% used [0x00000000e6ab0000, 0x00000000e776cf40, 0x00000000e8000000)
  to   space 21824K,   0% used [0x00000000e5560000, 0x00000000e5560000, 0x00000000e6ab0000)
 concurrent mark-sweep generation total 393216K, used 190547K [0x00000000e8000000, 0x0000000100000000, 0x0000000100000000)
 Metaspace       used 47027K, capacity 48847K, committed 49624K, reserved 1093632K
  class space    used 5097K, capacity 5483K, committed 5628K, reserved 1048576K
}
2018-10-23T07:43:02.267+0000: 252.213: Total time for which application threads were stopped: 0.0375646 seconds, Stopping threads took: 0.0039995 seconds
{Heap before GC invocations=351 (full 17):
 par new generation   total 109248K, used 100467K [0x00000000e0000000, 0x00000000e8000000, 0x00000000e8000000)
  eden space 87424K, 100% used [0x00000000e0000000, 0x00000000e5560000, 0x00000000e5560000)
  from space 21824K,  59% used [0x00000000e6ab0000, 0x00000000e776cf40, 0x00000000e8000000)
  to   space 21824K,   0% used [0x00000000e5560000, 0x00000000e5560000, 0x00000000e6ab0000)
 concurrent mark-sweep generation total 393216K, used 190547K [0x00000000e8000000, 0x0000000100000000, 0x0000000100000000)
 Metaspace       used 47031K, capacity 48847K, committed 49624K, reserved 1093632K
  class space    used 5097K, capacity 5483K, committed 5628K, reserved 1048576K
2018-10-23T07:43:02.368+0000: 252.314: [GC (Allocation Failure) 2018-10-23T07:43:02.368+0000: 252.314: [ParNew
Desired survivor size 20112992 bytes, new threshold 8 (max 8)
- age   1:    2968736 bytes,    2968736 total
- age   2:    2471608 bytes,    5440344 total
- age   3:     750736 bytes,    6191080 total
- age   4:     623816 bytes,    6814896 total
- age   5:       7504 bytes,    6822400 total
- age   6:     516816 bytes,    7339216 total
- age   7:     592464 bytes,    7931680 total
- age   8:     418888 bytes,    8350568 total
: 100467K->12604K(109248K), 0.0199195 secs] 291015K->205017K(502464K), 0.0200223 secs] [Times: user=0.03 sys=0.00, real=0.02 secs] 
Heap after GC invocations=352 (full 17):
 par new generation   total 109248K, used 12604K [0x00000000e0000000, 0x00000000e8000000, 0x00000000e8000000)
  eden space 87424K,   0% used [0x00000000e0000000, 0x00000000e0000000, 0x00000000e5560000)
  from space 21824K,  57% used [0x00000000e5560000, 0x00000000e61af388, 0x00000000e6ab0000)
  to   space 21824K,   0% used [0x00000000e6ab0000, 0x00000000e6ab0000, 0x00000000e8000000)
 concurrent mark-sweep generation total 393216K, used 192412K [0x00000000e8000000, 0x0000000100000000, 0x0000000100000000)
 Metaspace       used 47031K, capacity 48847K, committed 49624K, reserved 1093632K
  class space    used 5097K, capacity 5483K, committed 5628K, reserved 1048576K
}
2018-10-23T07:43:02.388+0000: 252.334: Total time for which application threads were stopped: 0.0272147 seconds, Stopping threads took: 0.0066975 seconds
{Heap before GC invocations=352 (full 17):
 par new generation   total 109248K, used 100028K [0x00000000e0000000, 0x00000000e8000000, 0x00000000e8000000)
  eden space 87424K, 100% used [0x00000000e0000000, 0x00000000e5560000, 0x00000000e5560000)
  from space 21824K,  57% used [0x00000000e5560000, 0x00000000e61af388, 0x00000000e6ab0000)
  to   space 21824K,   0% used [0x00000000e6ab0000, 0x00000000e6ab0000, 0x00000000e8000000)
 concurrent mark-sweep generation total 393216K, used 192412K [0x00000000e8000000, 0x0000000100000000, 0x0000000100000000)
 Metaspace       used 47031K, capacity 48847K, committed 49624K, reserved 1093632K
  class space    used 5097K, capacity 5483K, committed 5628K, reserved 1048576K
2018-10-23T07:43:02.487+0000: 252.433: [GC (Allocation Failure) 2018-10-23T07:43:02.487+0000: 252.433: [ParNew
Desired survivor size 20112992 bytes, new threshold 8 (max 8)
- age   1:    2638408 bytes,    2638408 total
- age   2:    2147720 bytes,    4786128 total
- age   3:    2231520 bytes,    7017648 total
- age   4:     596656 bytes,    7614304 total
- age   5:     486368 bytes,    8100672 total
- age   6:       6424 bytes,    8107096 total
- age   7:     396696 bytes,    8503792 total
- age   8:     444312 bytes,    8948104 total
: 100028K->10259K(109248K), 0.0314517 secs] 292441K->202990K(502464K), 0.0315828 secs] [Times: user=0.05 sys=0.00, real=0.04 secs] 
Heap after GC invocations=353 (full 17):
 par new generation   total 109248K, used 10259K [0x00000000e0000000, 0x00000000e8000000, 0x00000000e8000000)
  eden space 87424K,   0% used [0x00000000e0000000, 0x00000000e0000000, 0x00000000e5560000)
  from space 21824K,  47% used [0x00000000e6ab0000, 0x00000000e74b4d30, 0x00000000e8000000)
  to   space 21824K,   0% used [0x00000000e5560000, 0x00000000e5560000, 0x00000000e6ab0000)
 concurrent mark-sweep generation total 393216K, used 192731K [0x00000000e8000000, 0x0000000100000000, 0x0000000100000000)
 Metaspace       used 47031K, capacity 48847K, committed 49624K, reserved 1093632K
  class space    used 5097K, capacity 5483K, committed 5628K, reserved 1048576K
}
2018-10-23T07:43:02.518+0000: 252.464: Total time for which application threads were stopped: 0.0329394 seconds, Stopping threads took: 0.0008439 seconds
{Heap before GC invocations=353 (full 17):
 par new generation   total 109248K, used 97683K [0x00000000e0000000, 0x00000000e8000000, 0x00000000e8000000)
  eden space 87424K, 100% used [0x00000000e0000000, 0x00000000e5560000, 0x00000000e5560000)
  from space 21824K,  47% used [0x00000000e6ab0000, 0x00000000e74b4d30, 0x00000000e8000000)
  to   space 21824K,   0% used [0x00000000e5560000, 0x00000000e5560000, 0x00000000e6ab0000)
 concurrent mark-sweep generation total 393216K, used 192731K [0x00000000e8000000, 0x0000000100000000, 0x0000000100000000)
 Metaspace       used 47031K, capacity 48847K, committed 49624K, reserved 1093632K
  class space    used 5097K, capacity 5483K, committed 5628K, reserved 1048576K
2018-10-23T07:43:02.626+0000: 252.572: [GC (Allocation Failure) 2018-10-23T07:43:02.626+0000: 252.572: [ParNew
Desired survivor size 20112992 bytes, new threshold 8 (max 8)
- age   1:    2808720 bytes,    2808720 total
- age   2:    1635688 bytes,    4444408 total
- age   3:    2124920 bytes,    6569328 total
- age   4:    2231184 bytes,    8800512 total
- age   5:     596656 bytes,    9397168 total
- age   6:     486368 bytes,    9883536 total
- age   7:       6424 bytes,    9889960 total
- age   8:     396696 bytes,   10286656 total
: 97683K->13464K(109248K), 0.0282932 secs] 290414K->206629K(502464K), 0.0283935 secs] [Times: user=0.05 sys=0.00, real=0.03 secs] 
Heap after GC invocations=354 (full 17):
 par new generation   total 109248K, used 13464K [0x00000000e0000000, 0x00000000e8000000, 0x00000000e8000000)
  eden space 87424K,   0% used [0x00000000e0000000, 0x00000000e0000000, 0x00000000e5560000)
  from space 21824K,  61% used [0x00000000e5560000, 0x00000000e6286008, 0x00000000e6ab0000)
  to   space 21824K,   0% used [0x00000000e6ab0000, 0x00000000e6ab0000, 0x00000000e8000000)
 concurrent mark-sweep generation total 393216K, used 193165K [0x00000000e8000000, 0x0000000100000000, 0x0000000100000000)
 Metaspace       used 47031K, capacity 48847K, committed 49624K, reserved 1093632K
  class space    used 5097K, capacity 5483K, committed 5628K, reserved 1048576K
}
2018-10-23T07:43:02.654+0000: 252.600: Total time for which application threads were stopped: 0.0357047 seconds, Stopping threads took: 0.0068269 seconds
{Heap before GC invocations=354 (full 17):
 par new generation   total 109248K, used 100888K [0x00000000e0000000, 0x00000000e8000000, 0x00000000e8000000)
  eden space 87424K, 100% used [0x00000000e0000000, 0x00000000e5560000, 0x00000000e5560000)
  from space 21824K,  61% used [0x00000000e5560000, 0x00000000e6286008, 0x00000000e6ab0000)
  to   space 21824K,   0% used [0x00000000e6ab0000, 0x00000000e6ab0000, 0x00000000e8000000)
 concurrent mark-sweep generation total 393216K, used 193165K [0x00000000e8000000, 0x0000000100000000, 0x0000000100000000)
 Metaspace       used 47031K, capacity 48847K, committed 49624K, reserved 1093632K
  class space    used 5097K, capacity 5483K, committed 5628K, reserved 1048576K
2018-10-23T07:43:02.783+0000: 252.729: [GC (Allocation Failure) 2018-10-23T07:43:02.783+0000: 252.729: [ParNew
Desired survivor size 20112992 bytes, new threshold 8 (max 8)
- age   1:    3160840 bytes,    3160840 total
- age   2:    1341472 bytes,    4502312 total
- age   3:    1558280 bytes,    6060592 total
- age   4:    2124696 bytes,    8185288 total
- age   5:    2231032 bytes,   10416320 total
- age   6:     596656 bytes,   11012976 total
- age   7:     486368 bytes,   11499344 total
- age   8:       6424 bytes,   11505768 total
: 100888K->14226K(109248K), 0.0186840 secs] 294053K->207778K(502464K), 0.0187900 secs] [Times: user=0.03 sys=0.00, real=0.02 secs] 
Heap after GC invocations=355 (full 17):
 par new generation   total 109248K, used 14226K [0x00000000e0000000, 0x00000000e8000000, 0x00000000e8000000)
  eden space 87424K,   0% used [0x00000000e0000000, 0x00000000e0000000, 0x00000000e5560000)
  from space 21824K,  65% used [0x00000000e6ab0000, 0x00000000e7894900, 0x00000000e8000000)
  to   space 21824K,   0% used [0x00000000e5560000, 0x00000000e5560000, 0x00000000e6ab0000)
 concurrent mark-sweep generation total 393216K, used 193552K [0x00000000e8000000, 0x0000000100000000, 0x0000000100000000)
 Metaspace       used 47031K, capacity 48847K, committed 49624K, reserved 1093632K
  class space    used 5097K, capacity 5483K, committed 5628K, reserved 1048576K
}
2018-10-23T07:43:02.802+0000: 252.748: Total time for which application threads were stopped: 0.0253037 seconds, Stopping threads took: 0.0060323 seconds
{Heap before GC invocations=355 (full 17):
 par new generation   total 109248K, used 101650K [0x00000000e0000000, 0x00000000e8000000, 0x00000000e8000000)
  eden space 87424K, 100% used [0x00000000e0000000, 0x00000000e5560000, 0x00000000e5560000)
  from space 21824K,  65% used [0x00000000e6ab0000, 0x00000000e7894900, 0x00000000e8000000)
  to   space 21824K,   0% used [0x00000000e5560000, 0x00000000e5560000, 0x00000000e6ab0000)
 concurrent mark-sweep generation total 393216K, used 193552K [0x00000000e8000000, 0x0000000100000000, 0x0000000100000000)
 Metaspace       used 47031K, capacity 48847K, committed 49624K, reserved 1093632K
  class space    used 5097K, capacity 5483K, committed 5628K, reserved 1048576K
2018-10-23T07:43:02.928+0000: 252.874: [GC (Allocation Failure) 2018-10-23T07:43:02.928+0000: 252.874: [ParNew
Desired survivor size 20112992 bytes, new threshold 8 (max 8)
- age   1:    2596352 bytes,    2596352 total
- age   2:    1771568 bytes,    4367920 total
- age   3:    1318960 bytes,    5686880 total
- age   4:    1487776 bytes,    7174656 total
- age   5:    2116224 bytes,    9290880 total
- age   6:    2230784 bytes,   11521664 total
- age   7:     596656 bytes,   12118320 total
- age   8:     486368 bytes,   12604688 total
: 101650K->17234K(109248K), 0.0342839 secs] 295202K->210793K(502464K), 0.0343912 secs] [Times: user=0.05 sys=0.00, real=0.04 secs] 
Heap after GC invocations=356 (full 17):
 par new generation   total 109248K, used 17234K [0x00000000e0000000, 0x00000000e8000000, 0x00000000e8000000)
  eden space 87424K,   0% used [0x00000000e0000000, 0x00000000e0000000, 0x00000000e5560000)
  from space 21824K,  78% used [0x00000000e5560000, 0x00000000e6634988, 0x00000000e6ab0000)
  to   space 21824K,   0% used [0x00000000e6ab0000, 0x00000000e6ab0000, 0x00000000e8000000)
 concurrent mark-sweep generation total 393216K, used 193558K [0x00000000e8000000, 0x0000000100000000, 0x0000000100000000)
 Metaspace       used 47031K, capacity 48847K, committed 49624K, reserved 1093632K
  class space    used 5097K, capacity 5483K, committed 5628K, reserved 1048576K
}
2018-10-23T07:43:02.963+0000: 252.909: Total time for which application threads were stopped: 0.0409045 seconds, Stopping threads took: 0.0060256 seconds
{Heap before GC invocations=356 (full 17):
 par new generation   total 109248K, used 104658K [0x00000000e0000000, 0x00000000e8000000, 0x00000000e8000000)
  eden space 87424K, 100% used [0x00000000e0000000, 0x00000000e5560000, 0x00000000e5560000)
  from space 21824K,  78% used [0x00000000e5560000, 0x00000000e6634988, 0x00000000e6ab0000)
  to   space 21824K,   0% used [0x00000000e6ab0000, 0x00000000e6ab0000, 0x00000000e8000000)
 concurrent mark-sweep generation total 393216K, used 193558K [0x00000000e8000000, 0x0000000100000000, 0x0000000100000000)
 Metaspace       used 47031K, capacity 48847K, committed 49624K, reserved 1093632K
  class space    used 5097K, capacity 5483K, committed 5628K, reserved 1048576K
2018-10-23T07:43:03.070+0000: 253.016: [GC (Allocation Failure) 2018-10-23T07:43:03.070+0000: 253.016: [ParNew
Desired survivor size 20112992 bytes, new threshold 8 (max 8)
- age   1:    2979464 bytes,    2979464 total
- age   2:    1769184 bytes,    4748648 total
- age   3:    1648720 bytes,    6397368 total
- age   4:    1187808 bytes,    7585176 total
- age   5:    1479568 bytes,    9064744 total
- age   6:    2116144 bytes,   11180888 total
- age   7:    2230784 bytes,   13411672 total
- age   8:     596656 bytes,   14008328 total
: 104658K->17695K(109248K), 0.0329849 secs] 298217K->211729K(502464K), 0.0331035 secs] [Times: user=0.05 sys=0.00, real=0.03 secs] 
Heap after GC invocations=357 (full 17):
 par new generation   total 109248K, used 17695K [0x00000000e0000000, 0x00000000e8000000, 0x00000000e8000000)
  eden space 87424K,   0% used [0x00000000e0000000, 0x00000000e0000000, 0x00000000e5560000)
  from space 21824K,  81% used [0x00000000e6ab0000, 0x00000000e7bf7c50, 0x00000000e8000000)
  to   space 21824K,   0% used [0x00000000e5560000, 0x00000000e5560000, 0x00000000e6ab0000)
 concurrent mark-sweep generation total 393216K, used 194033K [0x00000000e8000000, 0x0000000100000000, 0x0000000100000000)
 Metaspace       used 47031K, capacity 48847K, committed 49624K, reserved 1093632K
  class space    used 5097K, capacity 5483K, committed 5628K, reserved 1048576K
}
2018-10-23T07:43:03.103+0000: 253.049: Total time for which application threads were stopped: 0.0375242 seconds, Stopping threads took: 0.0039319 seconds
{Heap before GC invocations=357 (full 17):
 par new generation   total 109248K, used 105119K [0x00000000e0000000, 0x00000000e8000000, 0x00000000e8000000)
  eden space 87424K, 100% used [0x00000000e0000000, 0x00000000e5560000, 0x00000000e5560000)
  from space 21824K,  81% used [0x00000000e6ab0000, 0x00000000e7bf7c50, 0x00000000e8000000)
  to   space 21824K,   0% used [0x00000000e5560000, 0x00000000e5560000, 0x00000000e6ab0000)
 concurrent mark-sweep generation total 393216K, used 194033K [0x00000000e8000000, 0x0000000100000000, 0x0000000100000000)
 Metaspace       used 47031K, capacity 48847K, committed 49624K, reserved 1093632K
  class space    used 5097K, capacity 5483K, committed 5628K, reserved 1048576K
2018-10-23T07:43:03.194+0000: 253.140: [GC (Allocation Failure) 2018-10-23T07:43:03.194+0000: 253.140: [ParNew
Desired survivor size 20112992 bytes, new threshold 8 (max 8)
- age   1:    2759272 bytes,    2759272 total
- age   2:    1796120 bytes,    4555392 total
- age   3:    1424336 bytes,    5979728 total
- age   4:    1615920 bytes,    7595648 total
- age   5:    1187808 bytes,    8783456 total
- age   6:    1479016 bytes,   10262472 total
- age   7:    2116112 bytes,   12378584 total
- age   8:    2230784 bytes,   14609368 total
: 105119K->17248K(109248K), 0.0267384 secs] 299153K->211865K(502464K), 0.0268394 secs] [Times: user=0.03 sys=0.00, real=0.03 secs] 
Heap after GC invocations=358 (full 17):
 par new generation   total 109248K, used 17248K [0x00000000e0000000, 0x00000000e8000000, 0x00000000e8000000)
  eden space 87424K,   0% used [0x00000000e0000000, 0x00000000e0000000, 0x00000000e5560000)
  from space 21824K,  79% used [0x00000000e5560000, 0x00000000e6638350, 0x00000000e6ab0000)
  to   space 21824K,   0% used [0x00000000e6ab0000, 0x00000000e6ab0000, 0x00000000e8000000)
 concurrent mark-sweep generation total 393216K, used 194616K [0x00000000e8000000, 0x0000000100000000, 0x0000000100000000)
 Metaspace       used 47031K, capacity 48847K, committed 49624K, reserved 1093632K
  class space    used 5097K, capacity 5483K, committed 5628K, reserved 1048576K
}
2018-10-23T07:43:03.221+0000: 253.167: Total time for which application threads were stopped: 0.0275116 seconds, Stopping threads took: 0.0001812 seconds
{Heap before GC invocations=358 (full 17):
 par new generation   total 109248K, used 104672K [0x00000000e0000000, 0x00000000e8000000, 0x00000000e8000000)
  eden space 87424K, 100% used [0x00000000e0000000, 0x00000000e5560000, 0x00000000e5560000)
  from space 21824K,  79% used [0x00000000e5560000, 0x00000000e6638350, 0x00000000e6ab0000)
  to   space 21824K,   0% used [0x00000000e6ab0000, 0x00000000e6ab0000, 0x00000000e8000000)
 concurrent mark-sweep generation total 393216K, used 194616K [0x00000000e8000000, 0x0000000100000000, 0x0000000100000000)
 Metaspace       used 47033K, capacity 48847K, committed 49624K, reserved 1093632K
  class space    used 5097K, capacity 5483K, committed 5628K, reserved 1048576K
2018-10-23T07:43:03.348+0000: 253.294: [GC (Allocation Failure) 2018-10-23T07:43:03.348+0000: 253.294: [ParNew
Desired survivor size 20112992 bytes, new threshold 8 (max 8)
- age   1:    4195752 bytes,    4195752 total
- age   2:     946944 bytes,    5142696 total
- age   3:     840840 bytes,    5983536 total
- age   4:     645832 bytes,    6629368 total
- age   5:     768360 bytes,    7397728 total
- age   6:     575392 bytes,    7973120 total
- age   7:     991016 bytes,    8964136 total
- age   8:    1360896 bytes,   10325032 total
: 104672K->18637K(109248K), 0.0264891 secs] 299289K->214875K(502464K), 0.0266088 secs] [Times: user=0.05 sys=0.00, real=0.03 secs] 
Heap after GC invocations=359 (full 17):
 par new generation   total 109248K, used 18637K [0x00000000e0000000, 0x00000000e8000000, 0x00000000e8000000)
  eden space 87424K,   0% used [0x00000000e0000000, 0x00000000e0000000, 0x00000000e5560000)
  from space 21824K,  85% used [0x00000000e6ab0000, 0x00000000e7ce36c0, 0x00000000e8000000)
  to   space 21824K,   0% used [0x00000000e5560000, 0x00000000e5560000, 0x00000000e6ab0000)
 concurrent mark-sweep generation total 393216K, used 196238K [0x00000000e8000000, 0x0000000100000000, 0x0000000100000000)
 Metaspace       used 47033K, capacity 48847K, committed 49624K, reserved 1093632K
  class space    used 5097K, capacity 5483K, committed 5628K, reserved 1048576K
}
2018-10-23T07:43:03.375+0000: 253.321: Total time for which application threads were stopped: 0.0272980 seconds, Stopping threads took: 0.0001605 seconds
{Heap before GC invocations=359 (full 17):
 par new generation   total 109248K, used 106061K [0x00000000e0000000, 0x00000000e8000000, 0x00000000e8000000)
  eden space 87424K, 100% used [0x00000000e0000000, 0x00000000e5560000, 0x00000000e5560000)
  from space 21824K,  85% used [0x00000000e6ab0000, 0x00000000e7ce36c0, 0x00000000e8000000)
  to   space 21824K,   0% used [0x00000000e5560000, 0x00000000e5560000, 0x00000000e6ab0000)
 concurrent mark-sweep generation total 393216K, used 196238K [0x00000000e8000000, 0x0000000100000000, 0x0000000100000000)
 Metaspace       used 47033K, capacity 48847K, committed 49624K, reserved 1093632K
  class space    used 5097K, capacity 5483K, committed 5628K, reserved 1048576K
2018-10-23T07:43:03.666+0000: 253.612: [GC (Allocation Failure) 2018-10-23T07:43:03.667+0000: 253.612: [ParNew
Desired survivor size 20112992 bytes, new threshold 8 (max 8)
- age   1:    2330888 bytes,    2330888 total
- age   2:    3196000 bytes,    5526888 total
- age   3:     281512 bytes,    5808400 total
- age   4:     440368 bytes,    6248768 total
- age   5:     292072 bytes,    6540840 total
- age   6:     329400 bytes,    6870240 total
- age   7:     286520 bytes,    7156760 total
- age   8:     623624 bytes,    7780384 total
: 106061K->9993K(109248K), 0.0247913 secs] 302299K->207128K(502464K), 0.0248946 secs] [Times: user=0.03 sys=0.00, real=0.03 secs] 
Heap after GC invocations=360 (full 17):
 par new generation   total 109248K, used 9993K [0x00000000e0000000, 0x00000000e8000000, 0x00000000e8000000)
  eden space 87424K,   0% used [0x00000000e0000000, 0x00000000e0000000, 0x00000000e5560000)
  from space 21824K,  45% used [0x00000000e5560000, 0x00000000e5f226c0, 0x00000000e6ab0000)
  to   space 21824K,   0% used [0x00000000e6ab0000, 0x00000000e6ab0000, 0x00000000e8000000)
 concurrent mark-sweep generation total 393216K, used 197134K [0x00000000e8000000, 0x0000000100000000, 0x0000000100000000)
 Metaspace       used 47033K, capacity 48847K, committed 49624K, reserved 1093632K
  class space    used 5097K, capacity 5483K, committed 5628K, reserved 1048576K
}
2018-10-23T07:43:03.691+0000: 253.637: Total time for which application threads were stopped: 0.0254690 seconds, Stopping threads took: 0.0000854 seconds
2018-10-23T07:43:03.706+0000: 253.652: [GC (CMS Initial Mark) [1 CMS-initial-mark: 197134K(393216K)] 209001K(502464K), 0.0060489 secs] [Times: user=0.01 sys=0.00, real=0.01 secs] 
2018-10-23T07:43:03.712+0000: 253.658: Total time for which application threads were stopped: 0.0166330 seconds, Stopping threads took: 0.0101626 seconds
2018-10-23T07:43:03.713+0000: 253.659: [CMS-concurrent-mark-start]
2018-10-23T07:43:03.820+0000: 253.766: [CMS-concurrent-mark: 0.107/0.107 secs] [Times: user=0.39 sys=0.00, real=0.11 secs] 
2018-10-23T07:43:03.820+0000: 253.766: [CMS-concurrent-preclean-start]
2018-10-23T07:43:03.822+0000: 253.768: [CMS-concurrent-preclean: 0.001/0.002 secs] [Times: user=0.00 sys=0.00, real=0.00 secs] 
2018-10-23T07:43:03.822+0000: 253.768: [CMS-concurrent-abortable-preclean-start]
{Heap before GC invocations=360 (full 18):
 par new generation   total 109248K, used 97417K [0x00000000e0000000, 0x00000000e8000000, 0x00000000e8000000)
  eden space 87424K, 100% used [0x00000000e0000000, 0x00000000e5560000, 0x00000000e5560000)
  from space 21824K,  45% used [0x00000000e5560000, 0x00000000e5f226c0, 0x00000000e6ab0000)
  to   space 21824K,   0% used [0x00000000e6ab0000, 0x00000000e6ab0000, 0x00000000e8000000)
 concurrent mark-sweep generation total 393216K, used 197134K [0x00000000e8000000, 0x0000000100000000, 0x0000000100000000)
 Metaspace       used 47033K, capacity 48847K, committed 49624K, reserved 1093632K
  class space    used 5097K, capacity 5483K, committed 5628K, reserved 1048576K
2018-10-23T07:43:03.948+0000: 253.893: [GC (Allocation Failure) 2018-10-23T07:43:03.948+0000: 253.893: [ParNew2018-10-23T07:43:03.969+0000: 253.915: [CMS-concurrent-abortable-preclean: 0.047/0.147 secs] [Times: user=0.17 sys=0.00, real=0.14 secs] 

Desired survivor size 20112992 bytes, new threshold 8 (max 8)
- age   1:    2107472 bytes,    2107472 total
- age   2:    1474800 bytes,    3582272 total
- age   3:    3177280 bytes,    6759552 total
- age   4:     281480 bytes,    7041032 total
- age   5:     440368 bytes,    7481400 total
- age   6:     292072 bytes,    7773472 total
- age   7:     329400 bytes,    8102872 total
- age   8:     286520 bytes,    8389392 total
: 97417K->9221K(109248K), 0.0269724 secs] 294552K->206965K(502464K), 0.0270611 secs] [Times: user=0.03 sys=0.00, real=0.03 secs] 
Heap after GC invocations=361 (full 18):
 par new generation   total 109248K, used 9221K [0x00000000e0000000, 0x00000000e8000000, 0x00000000e8000000)
  eden space 87424K,   0% used [0x00000000e0000000, 0x00000000e0000000, 0x00000000e5560000)
  from space 21824K,  42% used [0x00000000e6ab0000, 0x00000000e73b1638, 0x00000000e8000000)
  to   space 21824K,   0% used [0x00000000e5560000, 0x00000000e5560000, 0x00000000e6ab0000)
 concurrent mark-sweep generation total 393216K, used 197743K [0x00000000e8000000, 0x0000000100000000, 0x0000000100000000)
 Metaspace       used 47033K, capacity 48847K, committed 49624K, reserved 1093632K
  class space    used 5097K, capacity 5483K, committed 5628K, reserved 1048576K
}
2018-10-23T07:43:03.975+0000: 253.921: Total time for which application threads were stopped: 0.0335318 seconds, Stopping threads took: 0.0060169 seconds
2018-10-23T07:43:03.997+0000: 253.943: [GC (CMS Final Remark) [YG occupancy: 18570 K (109248 K)]{Heap before GC invocations=361 (full 18):
 par new generation   total 109248K, used 18570K [0x00000000e0000000, 0x00000000e8000000, 0x00000000e8000000)
  eden space 87424K,  10% used [0x00000000e0000000, 0x00000000e0921428, 0x00000000e5560000)
  from space 21824K,  42% used [0x00000000e6ab0000, 0x00000000e73b1638, 0x00000000e8000000)
  to   space 21824K,   0% used [0x00000000e5560000, 0x00000000e5560000, 0x00000000e6ab0000)
 concurrent mark-sweep generation total 393216K, used 197743K [0x00000000e8000000, 0x0000000100000000, 0x0000000100000000)
 Metaspace       used 47033K, capacity 48847K, committed 49624K, reserved 1093632K
  class space    used 5097K, capacity 5483K, committed 5628K, reserved 1048576K
2018-10-23T07:43:03.997+0000: 253.943: [GC (CMS Final Remark) 2018-10-23T07:43:03.997+0000: 253.943: [ParNew
Desired survivor size 20112992 bytes, new threshold 8 (max 8)
- age   1:     778992 bytes,     778992 total
- age   2:    1585440 bytes,    2364432 total
- age   3:    1438784 bytes,    3803216 total
- age   4:    3176224 bytes,    6979440 total
- age   5:     281480 bytes,    7260920 total
- age   6:     440368 bytes,    7701288 total
- age   7:     292072 bytes,    7993360 total
- age   8:     329400 bytes,    8322760 total
: 18570K->12546K(109248K), 0.0169266 secs] 216314K->210569K(502464K), 0.0170139 secs] [Times: user=0.03 sys=0.00, real=0.02 secs] 
Heap after GC invocations=362 (full 18):
 par new generation   total 109248K, used 12546K [0x00000000e0000000, 0x00000000e8000000, 0x00000000e8000000)
  eden space 87424K,   0% used [0x00000000e0000000, 0x00000000e0000000, 0x00000000e5560000)
  from space 21824K,  57% used [0x00000000e5560000, 0x00000000e61a0888, 0x00000000e6ab0000)
  to   space 21824K,   0% used [0x00000000e6ab0000, 0x00000000e6ab0000, 0x00000000e8000000)
 concurrent mark-sweep generation total 393216K, used 198023K [0x00000000e8000000, 0x0000000100000000, 0x0000000100000000)
 Metaspace       used 47033K, capacity 48847K, committed 49624K, reserved 1093632K
  class space    used 5097K, capacity 5483K, committed 5628K, reserved 1048576K
}
2018-10-23T07:43:04.014+0000: 253.960: [Rescan (parallel) , 0.0038052 secs]2018-10-23T07:43:04.018+0000: 253.964: [weak refs processing, 0.0019172 secs]2018-10-23T07:43:04.020+0000: 253.966: [class unloading, 0.0149327 secs]2018-10-23T07:43:04.035+0000: 253.981: [scrub symbol table, 0.0067746 secs]2018-10-23T07:43:04.042+0000: 253.987: [scrub string table, 0.0009127 secs][1 CMS-remark: 198023K(393216K)] 210569K(502464K), 0.0528205 secs] [Times: user=0.06 sys=0.00, real=0.06 secs] 
2018-10-23T07:43:04.050+0000: 253.996: Total time for which application threads were stopped: 0.0641927 seconds, Stopping threads took: 0.0109245 seconds
2018-10-23T07:43:04.050+0000: 253.996: [CMS-concurrent-sweep-start]
2018-10-23T07:43:04.164+0000: 254.110: [CMS-concurrent-sweep: 0.114/0.114 secs] [Times: user=0.22 sys=0.00, real=0.11 secs] 
2018-10-23T07:43:04.164+0000: 254.110: [CMS-concurrent-reset-start]
2018-10-23T07:43:04.165+0000: 254.111: [CMS-concurrent-reset: 0.001/0.001 secs] [Times: user=0.00 sys=0.00, real=0.00 secs] 
{Heap before GC invocations=362 (full 18):
 par new generation   total 109248K, used 99970K [0x00000000e0000000, 0x00000000e8000000, 0x00000000e8000000)
  eden space 87424K, 100% used [0x00000000e0000000, 0x00000000e5560000, 0x00000000e5560000)
  from space 21824K,  57% used [0x00000000e5560000, 0x00000000e61a0888, 0x00000000e6ab0000)
  to   space 21824K,   0% used [0x00000000e6ab0000, 0x00000000e6ab0000, 0x00000000e8000000)
 concurrent mark-sweep generation total 393216K, used 184779K [0x00000000e8000000, 0x0000000100000000, 0x0000000100000000)
 Metaspace       used 47033K, capacity 48847K, committed 49624K, reserved 1093632K
  class space    used 5097K, capacity 5483K, committed 5628K, reserved 1048576K
2018-10-23T07:43:04.260+0000: 254.206: [GC (Allocation Failure) 2018-10-23T07:43:04.260+0000: 254.206: [ParNew
Desired survivor size 20112992 bytes, new threshold 8 (max 8)
- age   1:    3345080 bytes,    3345080 total
- age   2:     193136 bytes,    3538216 total
- age   3:    1031440 bytes,    4569656 total
- age   4:    1320680 bytes,    5890336 total
- age   5:    2853464 bytes,    8743800 total
- age   6:     159280 bytes,    8903080 total
- age   7:     237320 bytes,    9140400 total
- age   8:     174504 bytes,    9314904 total
: 99970K->10516K(109248K), 0.0285978 secs] 284749K->195480K(502464K), 0.0287014 secs] [Times: user=0.03 sys=0.00, real=0.02 secs] 
Heap after GC invocations=363 (full 18):
 par new generation   total 109248K, used 10516K [0x00000000e0000000, 0x00000000e8000000, 0x00000000e8000000)
  eden space 87424K,   0% used [0x00000000e0000000, 0x00000000e0000000, 0x00000000e5560000)
  from space 21824K,  48% used [0x00000000e6ab0000, 0x00000000e74f5268, 0x00000000e8000000)
  to   space 21824K,   0% used [0x00000000e5560000, 0x00000000e5560000, 0x00000000e6ab0000)
 concurrent mark-sweep generation total 393216K, used 184963K [0x00000000e8000000, 0x0000000100000000, 0x0000000100000000)
 Metaspace       used 47033K, capacity 48847K, committed 49624K, reserved 1093632K
  class space    used 5097K, capacity 5483K, committed 5628K, reserved 1048576K
}
2018-10-23T07:43:04.289+0000: 254.234: Total time for which application threads were stopped: 0.0373850 seconds, Stopping threads took: 0.0081897 seconds
{Heap before GC invocations=363 (full 18):
 par new generation   total 109248K, used 97940K [0x00000000e0000000, 0x00000000e8000000, 0x00000000e8000000)
  eden space 87424K, 100% used [0x00000000e0000000, 0x00000000e5560000, 0x00000000e5560000)
  from space 21824K,  48% used [0x00000000e6ab0000, 0x00000000e74f5268, 0x00000000e8000000)
  to   space 21824K,   0% used [0x00000000e5560000, 0x00000000e5560000, 0x00000000e6ab0000)
 concurrent mark-sweep generation total 393216K, used 184963K [0x00000000e8000000, 0x0000000100000000, 0x0000000100000000)
 Metaspace       used 47037K, capacity 48847K, committed 49624K, reserved 1093632K
  class space    used 5097K, capacity 5483K, committed 5628K, reserved 1048576K
2018-10-23T07:43:04.443+0000: 254.389: [GC (Allocation Failure) 2018-10-23T07:43:04.443+0000: 254.389: [ParNew
Desired survivor size 20112992 bytes, new threshold 8 (max 8)
- age   1:    3048456 bytes,    3048456 total
- age   2:     990816 bytes,    4039272 total
- age   3:      12480 bytes,    4051752 total
- age   4:     116432 bytes,    4168184 total
- age   5:     351184 bytes,    4519368 total
- age   6:    1666520 bytes,    6185888 total
- age   7:     159280 bytes,    6345168 total
- age   8:     237320 bytes,    6582488 total
: 97940K->7778K(109248K), 0.0326752 secs] 282904K->192912K(502464K), 0.0327869 secs] [Times: user=0.04 sys=0.00, real=0.03 secs] 
Heap after GC invocations=364 (full 18):
 par new generation   total 109248K, used 7778K [0x00000000e0000000, 0x00000000e8000000, 0x00000000e8000000)
  eden space 87424K,   0% used [0x00000000e0000000, 0x00000000e0000000, 0x00000000e5560000)
  from space 21824K,  35% used [0x00000000e5560000, 0x00000000e5cf8a00, 0x00000000e6ab0000)
  to   space 21824K,   0% used [0x00000000e6ab0000, 0x00000000e6ab0000, 0x00000000e8000000)
 concurrent mark-sweep generation total 393216K, used 185133K [0x00000000e8000000, 0x0000000100000000, 0x0000000100000000)
 Metaspace       used 47037K, capacity 48847K, committed 49624K, reserved 1093632K
  class space    used 5097K, capacity 5483K, committed 5628K, reserved 1048576K
}
2018-10-23T07:43:04.476+0000: 254.422: Total time for which application threads were stopped: 0.0343667 seconds, Stopping threads took: 0.0010804 seconds
{Heap before GC invocations=364 (full 18):
 par new generation   total 109248K, used 95202K [0x00000000e0000000, 0x00000000e8000000, 0x00000000e8000000)
  eden space 87424K, 100% used [0x00000000e0000000, 0x00000000e5560000, 0x00000000e5560000)
  from space 21824K,  35% used [0x00000000e5560000, 0x00000000e5cf8a00, 0x00000000e6ab0000)
  to   space 21824K,   0% used [0x00000000e6ab0000, 0x00000000e6ab0000, 0x00000000e8000000)
 concurrent mark-sweep generation total 393216K, used 185133K [0x00000000e8000000, 0x0000000100000000, 0x0000000100000000)
 Metaspace       used 47037K, capacity 48847K, committed 49624K, reserved 1093632K
  class space    used 5097K, capacity 5483K, committed 5628K, reserved 1048576K
2018-10-23T07:43:04.588+0000: 254.534: [GC (Allocation Failure) 2018-10-23T07:43:04.588+0000: 254.534: [ParNew
Desired survivor size 20112992 bytes, new threshold 8 (max 8)
- age   1:    2447984 bytes,    2447984 total
- age   2:    2114208 bytes,    4562192 total
- age   3:     989880 bytes,    5552072 total
- age   4:      12480 bytes,    5564552 total
- age   5:     116432 bytes,    5680984 total
- age   6:     350272 bytes,    6031256 total
- age   7:    1665648 bytes,    7696904 total
- age   8:     159280 bytes,    7856184 total
: 95202K->10148K(109248K), 0.0167804 secs] 280336K->195514K(502464K), 0.0168862 secs] [Times: user=0.03 sys=0.00, real=0.02 secs] 
Heap after GC invocations=365 (full 18):
 par new generation   total 109248K, used 10148K [0x00000000e0000000, 0x00000000e8000000, 0x00000000e8000000)
  eden space 87424K,   0% used [0x00000000e0000000, 0x00000000e0000000, 0x00000000e5560000)
  from space 21824K,  46% used [0x00000000e6ab0000, 0x00000000e74992b0, 0x00000000e8000000)
  to   space 21824K,   0% used [0x00000000e5560000, 0x00000000e5560000, 0x00000000e6ab0000)
 concurrent mark-sweep generation total 393216K, used 185365K [0x00000000e8000000, 0x0000000100000000, 0x0000000100000000)
 Metaspace       used 47037K, capacity 48847K, committed 49624K, reserved 1093632K
  class space    used 5097K, capacity 5483K, committed 5628K, reserved 1048576K
}
2018-10-23T07:43:04.605+0000: 254.550: Total time for which application threads were stopped: 0.0219599 seconds, Stopping threads took: 0.0046256 seconds
{Heap before GC invocations=365 (full 18):
 par new generation   total 109248K, used 97572K [0x00000000e0000000, 0x00000000e8000000, 0x00000000e8000000)
  eden space 87424K, 100% used [0x00000000e0000000, 0x00000000e5560000, 0x00000000e5560000)
  from space 21824K,  46% used [0x00000000e6ab0000, 0x00000000e74992b0, 0x00000000e8000000)
  to   space 21824K,   0% used [0x00000000e5560000, 0x00000000e5560000, 0x00000000e6ab0000)
 concurrent mark-sweep generation total 393216K, used 185365K [0x00000000e8000000, 0x0000000100000000, 0x0000000100000000)
 Metaspace       used 47037K, capacity 48847K, committed 49624K, reserved 1093632K
  class space    used 5097K, capacity 5483K, committed 5628K, reserved 1048576K
2018-10-23T07:43:04.715+0000: 254.661: [GC (Allocation Failure) 2018-10-23T07:43:04.715+0000: 254.661: [ParNew
Desired survivor size 20112992 bytes, new threshold 8 (max 8)
- age   1:    2150928 bytes,    2150928 total
- age   2:    1615072 bytes,    3766000 total
- age   3:    2101392 bytes,    5867392 total
- age   4:     989824 bytes,    6857216 total
- age   5:      12480 bytes,    6869696 total
- age   6:     116432 bytes,    6986128 total
- age   7:     350272 bytes,    7336400 total
- age   8:    1665608 bytes,    9002008 total
: 97572K->9136K(109248K), 0.0220074 secs] 282938K->194658K(502464K), 0.0221120 secs] [Times: user=0.03 sys=0.00, real=0.02 secs] 
Heap after GC invocations=366 (full 18):
 par new generation   total 109248K, used 9136K [0x00000000e0000000, 0x00000000e8000000, 0x00000000e8000000)
  eden space 87424K,   0% used [0x00000000e0000000, 0x00000000e0000000, 0x00000000e5560000)
  from space 21824K,  41% used [0x00000000e5560000, 0x00000000e5e4c3c0, 0x00000000e6ab0000)
  to   space 21824K,   0% used [0x00000000e6ab0000, 0x00000000e6ab0000, 0x00000000e8000000)
 concurrent mark-sweep generation total 393216K, used 185521K [0x00000000e8000000, 0x0000000100000000, 0x0000000100000000)
 Metaspace       used 47037K, capacity 48847K, committed 49624K, reserved 1093632K
  class space    used 5097K, capacity 5483K, committed 5628K, reserved 1048576K
}
2018-10-23T07:43:04.737+0000: 254.683: Total time for which application threads were stopped: 0.0268086 seconds, Stopping threads took: 0.0042145 seconds
{Heap before GC invocations=366 (full 18):
 par new generation   total 109248K, used 96560K [0x00000000e0000000, 0x00000000e8000000, 0x00000000e8000000)
  eden space 87424K, 100% used [0x00000000e0000000, 0x00000000e5560000, 0x00000000e5560000)
  from space 21824K,  41% used [0x00000000e5560000, 0x00000000e5e4c3c0, 0x00000000e6ab0000)
  to   space 21824K,   0% used [0x00000000e6ab0000, 0x00000000e6ab0000, 0x00000000e8000000)
 concurrent mark-sweep generation total 393216K, used 185521K [0x00000000e8000000, 0x0000000100000000, 0x0000000100000000)
 Metaspace       used 47037K, capacity 48847K, committed 49624K, reserved 1093632K
  class space    used 5097K, capacity 5483K, committed 5628K, reserved 1048576K
2018-10-23T07:43:04.854+0000: 254.800: [GC (Allocation Failure) 2018-10-23T07:43:04.854+0000: 254.800: [ParNew
Desired survivor size 20112992 bytes, new threshold 8 (max 8)
- age   1:    2894848 bytes,    2894848 total
- age   2:    1345344 bytes,    4240192 total
- age   3:    1548536 bytes,    5788728 total
- age   4:    2093104 bytes,    7881832 total
- age   5:    1022360 bytes,    8904192 total
- age   6:      12480 bytes,    8916672 total
- age   7:     116432 bytes,    9033104 total
- age   8:     350272 bytes,    9383376 total
: 96560K->13536K(109248K), 0.0299366 secs] 282082K->200685K(502464K), 0.0300480 secs] [Times: user=0.04 sys=0.00, real=0.03 secs] 
Heap after GC invocations=367 (full 18):
 par new generation   total 109248K, used 13536K [0x00000000e0000000, 0x00000000e8000000, 0x00000000e8000000)
  eden space 87424K,   0% used [0x00000000e0000000, 0x00000000e0000000, 0x00000000e5560000)
  from space 21824K,  62% used [0x00000000e6ab0000, 0x00000000e77e83a0, 0x00000000e8000000)
  to   space 21824K,   0% used [0x00000000e5560000, 0x00000000e5560000, 0x00000000e6ab0000)
 concurrent mark-sweep generation total 393216K, used 187148K [0x00000000e8000000, 0x0000000100000000, 0x0000000100000000)
 Metaspace       used 47037K, capacity 48847K, committed 49624K, reserved 1093632K
  class space    used 5097K, capacity 5483K, committed 5628K, reserved 1048576K
}
2018-10-23T07:43:04.884+0000: 254.830: Total time for which application threads were stopped: 0.0305949 seconds, Stopping threads took: 0.0000643 seconds
{Heap before GC invocations=367 (full 18):
 par new generation   total 109248K, used 100948K [0x00000000e0000000, 0x00000000e8000000, 0x00000000e8000000)
  eden space 87424K,  99% used [0x00000000e0000000, 0x00000000e555cfc8, 0x00000000e5560000)
  from space 21824K,  62% used [0x00000000e6ab0000, 0x00000000e77e83a0, 0x00000000e8000000)
  to   space 21824K,   0% used [0x00000000e5560000, 0x00000000e5560000, 0x00000000e6ab0000)
 concurrent mark-sweep generation total 393216K, used 187148K [0x00000000e8000000, 0x0000000100000000, 0x0000000100000000)
 Metaspace       used 47037K, capacity 48847K, committed 49624K, reserved 1093632K
  class space    used 5097K, capacity 5483K, committed 5628K, reserved 1048576K
2018-10-23T07:43:04.986+0000: 254.931: [GC (Allocation Failure) 2018-10-23T07:43:04.986+0000: 254.932: [ParNew
Desired survivor size 20112992 bytes, new threshold 8 (max 8)
- age   1:    3300136 bytes,    3300136 total
- age   2:    1660352 bytes,    4960488 total
- age   3:    1282952 bytes,    6243440 total
- age   4:    1383816 bytes,    7627256 total
- age   5:    1809760 bytes,    9437016 total
- age   6:     989720 bytes,   10426736 total
- age   7:      12480 bytes,   10439216 total
- age   8:     116432 bytes,   10555648 total
: 100948K->13365K(109248K), 0.0149142 secs] 288097K->200855K(502464K), 0.0150078 secs] [Times: user=0.03 sys=0.00, real=0.02 secs] 
Heap after GC invocations=368 (full 18):
 par new generation   total 109248K, used 13365K [0x00000000e0000000, 0x00000000e8000000, 0x00000000e8000000)
  eden space 87424K,   0% used [0x00000000e0000000, 0x00000000e0000000, 0x00000000e5560000)
  from space 21824K,  61% used [0x00000000e5560000, 0x00000000e626d540, 0x00000000e6ab0000)
  to   space 21824K,   0% used [0x00000000e6ab0000, 0x00000000e6ab0000, 0x00000000e8000000)
 concurrent mark-sweep generation total 393216K, used 187490K [0x00000000e8000000, 0x0000000100000000, 0x0000000100000000)
 Metaspace       used 47037K, capacity 48847K, committed 49624K, reserved 1093632K
  class space    used 5097K, capacity 5483K, committed 5628K, reserved 1048576K
}
2018-10-23T07:43:05.001+0000: 254.947: Total time for which application threads were stopped: 0.0157094 seconds, Stopping threads took: 0.0001903 seconds
{Heap before GC invocations=368 (full 18):
 par new generation   total 109248K, used 100789K [0x00000000e0000000, 0x00000000e8000000, 0x00000000e8000000)
  eden space 87424K, 100% used [0x00000000e0000000, 0x00000000e5560000, 0x00000000e5560000)
  from space 21824K,  61% used [0x00000000e5560000, 0x00000000e626d540, 0x00000000e6ab0000)
  to   space 21824K,   0% used [0x00000000e6ab0000, 0x00000000e6ab0000, 0x00000000e8000000)
 concurrent mark-sweep generation total 393216K, used 187490K [0x00000000e8000000, 0x0000000100000000, 0x0000000100000000)
 Metaspace       used 47038K, capacity 48847K, committed 49624K, reserved 1093632K
  class space    used 5097K, capacity 5483K, committed 5628K, reserved 1048576K
2018-10-23T07:43:05.134+0000: 255.080: [GC (Allocation Failure) 2018-10-23T07:43:05.134+0000: 255.080: [ParNew
Desired survivor size 20112992 bytes, new threshold 8 (max 8)
- age   1:    2800416 bytes,    2800416 total
- age   2:    1748232 bytes,    4548648 total
- age   3:     795792 bytes,    5344440 total
- age   4:     816840 bytes,    6161280 total
- age   5:     828736 bytes,    6990016 total
- age   6:    1211200 bytes,    8201216 total
- age   7:     820440 bytes,    9021656 total
- age   8:      12480 bytes,    9034136 total
: 100789K->10390K(109248K), 0.0111577 secs] 288279K->197994K(502464K), 0.0112536 secs] [Times: user=0.03 sys=0.00, real=0.01 secs] 
Heap after GC invocations=369 (full 18):
 par new generation   total 109248K, used 10390K [0x00000000e0000000, 0x00000000e8000000, 0x00000000e8000000)
  eden space 87424K,   0% used [0x00000000e0000000, 0x00000000e0000000, 0x00000000e5560000)
  from space 21824K,  47% used [0x00000000e6ab0000, 0x00000000e74d5a40, 0x00000000e8000000)
  to   space 21824K,   0% used [0x00000000e5560000, 0x00000000e5560000, 0x00000000e6ab0000)
 concurrent mark-sweep generation total 393216K, used 187604K [0x00000000e8000000, 0x0000000100000000, 0x0000000100000000)
 Metaspace       used 47038K, capacity 48847K, committed 49624K, reserved 1093632K
  class space    used 5097K, capacity 5483K, committed 5628K, reserved 1048576K
}
2018-10-23T07:43:05.145+0000: 255.091: Total time for which application threads were stopped: 0.0117913 seconds, Stopping threads took: 0.0000701 seconds
{Heap before GC invocations=369 (full 18):
 par new generation   total 109248K, used 97814K [0x00000000e0000000, 0x00000000e8000000, 0x00000000e8000000)
  eden space 87424K, 100% used [0x00000000e0000000, 0x00000000e5560000, 0x00000000e5560000)
  from space 21824K,  47% used [0x00000000e6ab0000, 0x00000000e74d5a40, 0x00000000e8000000)
  to   space 21824K,   0% used [0x00000000e5560000, 0x00000000e5560000, 0x00000000e6ab0000)
 concurrent mark-sweep generation total 393216K, used 187604K [0x00000000e8000000, 0x0000000100000000, 0x0000000100000000)
 Metaspace       used 47038K, capacity 48847K, committed 49624K, reserved 1093632K
  class space    used 5097K, capacity 5483K, committed 5628K, reserved 1048576K
2018-10-23T07:43:05.258+0000: 255.204: [GC (Allocation Failure) 2018-10-23T07:43:05.258+0000: 255.204: [ParNew
Desired survivor size 20112992 bytes, new threshold 8 (max 8)
- age   1:    2463960 bytes,    2463960 total
- age   2:    1569064 bytes,    4033024 total
- age   3:    1189072 bytes,    5222096 total
- age   4:     422696 bytes,    5644792 total
- age   5:     409664 bytes,    6054456 total
- age   6:     415384 bytes,    6469840 total
- age   7:    1006320 bytes,    7476160 total
- age   8:     457984 bytes,    7934144 total
: 97814K->11868K(109248K), 0.0268383 secs] 285418K->199485K(502464K), 0.0314158 secs] [Times: user=0.04 sys=0.00, real=0.03 secs] 
Heap after GC invocations=370 (full 18):
 par new generation   total 109248K, used 11868K [0x00000000e0000000, 0x00000000e8000000, 0x00000000e8000000)
  eden space 87424K,   0% used [0x00000000e0000000, 0x00000000e0000000, 0x00000000e5560000)
  from space 21824K,  54% used [0x00000000e5560000, 0x00000000e60f73c0, 0x00000000e6ab0000)
  to   space 21824K,   0% used [0x00000000e6ab0000, 0x00000000e6ab0000, 0x00000000e8000000)
 concurrent mark-sweep generation total 393216K, used 187616K [0x00000000e8000000, 0x0000000100000000, 0x0000000100000000)
 Metaspace       used 47038K, capacity 48847K, committed 49624K, reserved 1093632K
  class space    used 5097K, capacity 5483K, committed 5628K, reserved 1048576K
}
2018-10-23T07:43:05.290+0000: 255.236: Total time for which application threads were stopped: 0.0326616 seconds, Stopping threads took: 0.0001343 seconds
2018-10-23T07:43:05.317+0000: 255.263: Total time for which application threads were stopped: 0.0046538 seconds, Stopping threads took: 0.0042618 seconds
2018-10-23T07:43:05.422+0000: 255.368: Total time for which application threads were stopped: 0.0056998 seconds, Stopping threads took: 0.0048599 seconds
{Heap before GC invocations=370 (full 18):
 par new generation   total 109248K, used 99292K [0x00000000e0000000, 0x00000000e8000000, 0x00000000e8000000)
  eden space 87424K, 100% used [0x00000000e0000000, 0x00000000e5560000, 0x00000000e5560000)
  from space 21824K,  54% used [0x00000000e5560000, 0x00000000e60f73c0, 0x00000000e6ab0000)
  to   space 21824K,   0% used [0x00000000e6ab0000, 0x00000000e6ab0000, 0x00000000e8000000)
 concurrent mark-sweep generation total 393216K, used 187616K [0x00000000e8000000, 0x0000000100000000, 0x0000000100000000)
 Metaspace       used 47041K, capacity 48847K, committed 49624K, reserved 1093632K
  class space    used 5097K, capacity 5483K, committed 5628K, reserved 1048576K
2018-10-23T07:43:05.447+0000: 255.393: [GC (Allocation Failure) 2018-10-23T07:43:05.447+0000: 255.393: [ParNew
Desired survivor size 20112992 bytes, new threshold 8 (max 8)
- age   1:    3097792 bytes,    3097792 total
- age   2:    1309960 bytes,    4407752 total
- age   3:     377672 bytes,    4785424 total
- age   4:     283128 bytes,    5068552 total
- age   5:      70720 bytes,    5139272 total
- age   6:      76960 bytes,    5216232 total
- age   7:     109456 bytes,    5325688 total
- age   8:     638096 bytes,    5963784 total
: 99292K->6837K(109248K), 0.0060056 secs] 286909K->194890K(502464K), 0.0060913 secs] [Times: user=0.02 sys=0.00, real=0.01 secs] 
Heap after GC invocations=371 (full 18):
 par new generation   total 109248K, used 6837K [0x00000000e0000000, 0x00000000e8000000, 0x00000000e8000000)
  eden space 87424K,   0% used [0x00000000e0000000, 0x00000000e0000000, 0x00000000e5560000)
  from space 21824K,  31% used [0x00000000e6ab0000, 0x00000000e715d650, 0x00000000e8000000)
  to   space 21824K,   0% used [0x00000000e5560000, 0x00000000e5560000, 0x00000000e6ab0000)
 concurrent mark-sweep generation total 393216K, used 188052K [0x00000000e8000000, 0x0000000100000000, 0x0000000100000000)
 Metaspace       used 47041K, capacity 48847K, committed 49624K, reserved 1093632K
  class space    used 5097K, capacity 5483K, committed 5628K, reserved 1048576K
}
2018-10-23T07:43:05.454+0000: 255.399: Total time for which application threads were stopped: 0.0097175 seconds, Stopping threads took: 0.0031788 seconds
{Heap before GC invocations=371 (full 18):
 par new generation   total 109248K, used 94261K [0x00000000e0000000, 0x00000000e8000000, 0x00000000e8000000)
  eden space 87424K, 100% used [0x00000000e0000000, 0x00000000e5560000, 0x00000000e5560000)
  from space 21824K,  31% used [0x00000000e6ab0000, 0x00000000e715d650, 0x00000000e8000000)
  to   space 21824K,   0% used [0x00000000e5560000, 0x00000000e5560000, 0x00000000e6ab0000)
 concurrent mark-sweep generation total 393216K, used 188052K [0x00000000e8000000, 0x0000000100000000, 0x0000000100000000)
 Metaspace       used 47041K, capacity 48847K, committed 49624K, reserved 1093632K
  class space    used 5097K, capacity 5483K, committed 5628K, reserved 1048576K
2018-10-23T07:43:05.581+0000: 255.527: [GC (Allocation Failure) 2018-10-23T07:43:05.585+0000: 255.531: [ParNew
Desired survivor size 20112992 bytes, new threshold 8 (max 8)
- age   1:    2995600 bytes,    2995600 total
- age   2:    2329352 bytes,    5324952 total
- age   3:    1308984 bytes,    6633936 total
- age   4:     377672 bytes,    7011608 total
- age   5:     283128 bytes,    7294736 total
- age   6:      70720 bytes,    7365456 total
- age   7:      76960 bytes,    7442416 total
- age   8:     109456 bytes,    7551872 total
: 94261K->10689K(109248K), 0.0255557 secs] 282314K->199364K(502464K), 0.0296291 secs] [Times: user=0.05 sys=0.00, real=0.03 secs] 
Heap after GC invocations=372 (full 18):
 par new generation   total 109248K, used 10689K [0x00000000e0000000, 0x00000000e8000000, 0x00000000e8000000)
  eden space 87424K,   0% used [0x00000000e0000000, 0x00000000e0000000, 0x00000000e5560000)
  from space 21824K,  48% used [0x00000000e5560000, 0x00000000e5fd06c0, 0x00000000e6ab0000)
  to   space 21824K,   0% used [0x00000000e6ab0000, 0x00000000e6ab0000, 0x00000000e8000000)
 concurrent mark-sweep generation total 393216K, used 188674K [0x00000000e8000000, 0x0000000100000000, 0x0000000100000000)
 Metaspace       used 47041K, capacity 48847K, committed 49624K, reserved 1093632K
  class space    used 5097K, capacity 5483K, committed 5628K, reserved 1048576K
}
2018-10-23T07:43:05.611+0000: 255.557: Total time for which application threads were stopped: 0.0327654 seconds, Stopping threads took: 0.0026227 seconds
2018-10-23T07:43:05.683+0000: 255.628: Total time for which application threads were stopped: 0.0014756 seconds, Stopping threads took: 0.0010429 seconds
{Heap before GC invocations=372 (full 18):
 par new generation   total 109248K, used 98113K [0x00000000e0000000, 0x00000000e8000000, 0x00000000e8000000)
  eden space 87424K, 100% used [0x00000000e0000000, 0x00000000e5560000, 0x00000000e5560000)
  from space 21824K,  48% used [0x00000000e5560000, 0x00000000e5fd06c0, 0x00000000e6ab0000)
  to   space 21824K,   0% used [0x00000000e6ab0000, 0x00000000e6ab0000, 0x00000000e8000000)
 concurrent mark-sweep generation total 393216K, used 188674K [0x00000000e8000000, 0x0000000100000000, 0x0000000100000000)
 Metaspace       used 47042K, capacity 48847K, committed 49624K, reserved 1093632K
  class space    used 5097K, capacity 5483K, committed 5628K, reserved 1048576K
2018-10-23T07:43:05.718+0000: 255.664: [GC (Allocation Failure) 2018-10-23T07:43:05.718+0000: 255.664: [ParNew
Desired survivor size 20112992 bytes, new threshold 8 (max 8)
- age   1:    2762152 bytes,    2762152 total
- age   2:    1116064 bytes,    3878216 total
- age   3:    1464312 bytes,    5342528 total
- age   4:    1308928 bytes,    6651456 total
- age   5:     364832 bytes,    7016288 total
- age   6:     282760 bytes,    7299048 total
- age   7:      70720 bytes,    7369768 total
- age   8:      76960 bytes,    7446728 total
: 98113K->9229K(109248K), 0.0241582 secs] 286788K->198010K(502464K), 0.0242583 secs] [Times: user=0.02 sys=0.00, real=0.02 secs] 
Heap after GC invocations=373 (full 18):
 par new generation   total 109248K, used 9229K [0x00000000e0000000, 0x00000000e8000000, 0x00000000e8000000)
  eden space 87424K,   0% used [0x00000000e0000000, 0x00000000e0000000, 0x00000000e5560000)
  from space 21824K,  42% used [0x00000000e6ab0000, 0x00000000e73b3408, 0x00000000e8000000)
  to   space 21824K,   0% used [0x00000000e5560000, 0x00000000e5560000, 0x00000000e6ab0000)
 concurrent mark-sweep generation total 393216K, used 188781K [0x00000000e8000000, 0x0000000100000000, 0x0000000100000000)
 Metaspace       used 47042K, capacity 48847K, committed 49624K, reserved 1093632K
  class space    used 5097K, capacity 5483K, committed 5628K, reserved 1048576K
}
2018-10-23T07:43:05.742+0000: 255.688: Total time for which application threads were stopped: 0.0257269 seconds, Stopping threads took: 0.0009409 seconds
{Heap before GC invocations=373 (full 18):
 par new generation   total 109248K, used 96653K [0x00000000e0000000, 0x00000000e8000000, 0x00000000e8000000)
  eden space 87424K, 100% used [0x00000000e0000000, 0x00000000e5560000, 0x00000000e5560000)
  from space 21824K,  42% used [0x00000000e6ab0000, 0x00000000e73b3408, 0x00000000e8000000)
  to   space 21824K,   0% used [0x00000000e5560000, 0x00000000e5560000, 0x00000000e6ab0000)
 concurrent mark-sweep generation total 393216K, used 188781K [0x00000000e8000000, 0x0000000100000000, 0x0000000100000000)
 Metaspace       used 47042K, capacity 48847K, committed 49624K, reserved 1093632K
  class space    used 5097K, capacity 5483K, committed 5628K, reserved 1048576K
2018-10-23T07:43:05.831+0000: 255.777: [GC (Allocation Failure) 2018-10-23T07:43:05.831+0000: 255.777: [ParNew
Desired survivor size 20112992 bytes, new threshold 8 (max 8)
- age   1:    2458160 bytes,    2458160 total
- age   2:    1689088 bytes,    4147248 total
- age   3:    1039856 bytes,    5187104 total
- age   4:    1464312 bytes,    6651416 total
- age   5:    1308928 bytes,    7960344 total
- age   6:     364832 bytes,    8325176 total
- age   7:     282760 bytes,    8607936 total
- age   8:      70720 bytes,    8678656 total
: 96653K->12959K(109248K), 0.0502763 secs] 285434K->201815K(502464K), 0.0503980 secs] [Times: user=0.05 sys=0.00, real=0.05 secs] 
Heap after GC invocations=374 (full 18):
 par new generation   total 109248K, used 12959K [0x00000000e0000000, 0x00000000e8000000, 0x00000000e8000000)
  eden space 87424K,   0% used [0x00000000e0000000, 0x00000000e0000000, 0x00000000e5560000)
  from space 21824K,  59% used [0x00000000e5560000, 0x00000000e6207d00, 0x00000000e6ab0000)
  to   space 21824K,   0% used [0x00000000e6ab0000, 0x00000000e6ab0000, 0x00000000e8000000)
 concurrent mark-sweep generation total 393216K, used 188856K [0x00000000e8000000, 0x0000000100000000, 0x0000000100000000)
 Metaspace       used 47042K, capacity 48847K, committed 49624K, reserved 1093632K
  class space    used 5097K, capacity 5483K, committed 5628K, reserved 1048576K
}
2018-10-23T07:43:05.881+0000: 255.827: Total time for which application threads were stopped: 0.0570216 seconds, Stopping threads took: 0.0061049 seconds
{Heap before GC invocations=374 (full 18):
 par new generation   total 109248K, used 100383K [0x00000000e0000000, 0x00000000e8000000, 0x00000000e8000000)
  eden space 87424K, 100% used [0x00000000e0000000, 0x00000000e5560000, 0x00000000e5560000)
  from space 21824K,  59% used [0x00000000e5560000, 0x00000000e6207d00, 0x00000000e6ab0000)
  to   space 21824K,   0% used [0x00000000e6ab0000, 0x00000000e6ab0000, 0x00000000e8000000)
 concurrent mark-sweep generation total 393216K, used 188856K [0x00000000e8000000, 0x0000000100000000, 0x0000000100000000)
 Metaspace       used 47042K, capacity 48847K, committed 49624K, reserved 1093632K
  class space    used 5097K, capacity 5483K, committed 5628K, reserved 1048576K
2018-10-23T07:43:05.942+0000: 255.888: [GC (Allocation Failure) 2018-10-23T07:43:05.942+0000: 255.888: [ParNew
Desired survivor size 20112992 bytes, new threshold 8 (max 8)
- age   1:     783072 bytes,     783072 total
- age   2:    1669040 bytes,    2452112 total
- age   3:    1689056 bytes,    4141168 total
- age   4:    1007056 bytes,    5148224 total
- age   5:    1464344 bytes,    6612568 total
- age   6:    1308928 bytes,    7921496 total
- age   7:     364832 bytes,    8286328 total
- age   8:     282760 bytes,    8569088 total
: 100383K->10281K(109248K), 0.0193649 secs] 289239K->199207K(502464K), 0.0194748 secs] [Times: user=0.03 sys=0.00, real=0.02 secs] 
Heap after GC invocations=375 (full 18):
 par new generation   total 109248K, used 10281K [0x00000000e0000000, 0x00000000e8000000, 0x00000000e8000000)
  eden space 87424K,   0% used [0x00000000e0000000, 0x00000000e0000000, 0x00000000e5560000)
  from space 21824K,  47% used [0x00000000e6ab0000, 0x00000000e74ba5e8, 0x00000000e8000000)
  to   space 21824K,   0% used [0x00000000e5560000, 0x00000000e5560000, 0x00000000e6ab0000)
 concurrent mark-sweep generation total 393216K, used 188925K [0x00000000e8000000, 0x0000000100000000, 0x0000000100000000)
 Metaspace       used 47042K, capacity 48847K, committed 49624K, reserved 1093632K
  class space    used 5097K, capacity 5483K, committed 5628K, reserved 1048576K
}
2018-10-23T07:43:05.962+0000: 255.907: Total time for which application threads were stopped: 0.0354124 seconds, Stopping threads took: 0.0153949 seconds
{Heap before GC invocations=375 (full 18):
 par new generation   total 109248K, used 97705K [0x00000000e0000000, 0x00000000e8000000, 0x00000000e8000000)
  eden space 87424K, 100% used [0x00000000e0000000, 0x00000000e5560000, 0x00000000e5560000)
  from space 21824K,  47% used [0x00000000e6ab0000, 0x00000000e74ba5e8, 0x00000000e8000000)
  to   space 21824K,   0% used [0x00000000e5560000, 0x00000000e5560000, 0x00000000e6ab0000)
 concurrent mark-sweep generation total 393216K, used 188925K [0x00000000e8000000, 0x0000000100000000, 0x0000000100000000)
 Metaspace       used 47042K, capacity 48847K, committed 49624K, reserved 1093632K
  class space    used 5097K, capacity 5483K, committed 5628K, reserved 1048576K
2018-10-23T07:43:06.074+0000: 256.020: [GC (Allocation Failure) 2018-10-23T07:43:06.074+0000: 256.020: [ParNew
Desired survivor size 20112992 bytes, new threshold 8 (max 8)
- age   1:    2151096 bytes,    2151096 total
- age   2:     340168 bytes,    2491264 total
- age   3:    1154312 bytes,    3645576 total
- age   4:    1622584 bytes,    5268160 total
- age   5:     974880 bytes,    6243040 total
- age   6:    1464544 bytes,    7707584 total
- age   7:    1308776 bytes,    9016360 total
- age   8:     364832 bytes,    9381192 total
: 97705K->10816K(109248K), 0.0220827 secs] 286631K->200018K(502464K), 0.0222129 secs] [Times: user=0.03 sys=0.00, real=0.02 secs] 
Heap after GC invocations=376 (full 18):
 par new generation   total 109248K, used 10816K [0x00000000e0000000, 0x00000000e8000000, 0x00000000e8000000)
  eden space 87424K,   0% used [0x00000000e0000000, 0x00000000e0000000, 0x00000000e5560000)
  from space 21824K,  49% used [0x00000000e5560000, 0x00000000e5ff0110, 0x00000000e6ab0000)
  to   space 21824K,   0% used [0x00000000e6ab0000, 0x00000000e6ab0000, 0x00000000e8000000)
 concurrent mark-sweep generation total 393216K, used 189201K [0x00000000e8000000, 0x0000000100000000, 0x0000000100000000)
 Metaspace       used 47042K, capacity 48847K, committed 49624K, reserved 1093632K
  class space    used 5097K, capacity 5483K, committed 5628K, reserved 1048576K
}
2018-10-23T07:43:06.096+0000: 256.042: Total time for which application threads were stopped: 0.0369082 seconds, Stopping threads took: 0.0141449 seconds
{Heap before GC invocations=376 (full 18):
 par new generation   total 109248K, used 98240K [0x00000000e0000000, 0x00000000e8000000, 0x00000000e8000000)
  eden space 87424K, 100% used [0x00000000e0000000, 0x00000000e5560000, 0x00000000e5560000)
  from space 21824K,  49% used [0x00000000e5560000, 0x00000000e5ff0110, 0x00000000e6ab0000)
  to   space 21824K,   0% used [0x00000000e6ab0000, 0x00000000e6ab0000, 0x00000000e8000000)
 concurrent mark-sweep generation total 393216K, used 189201K [0x00000000e8000000, 0x0000000100000000, 0x0000000100000000)
 Metaspace       used 47044K, capacity 48847K, committed 49624K, reserved 1093632K
  class space    used 5097K, capacity 5483K, committed 5628K, reserved 1048576K
2018-10-23T07:43:06.207+0000: 256.153: [GC (Allocation Failure) 2018-10-23T07:43:06.207+0000: 256.153: [ParNew
Desired survivor size 20112992 bytes, new threshold 8 (max 8)
- age   1:    2779184 bytes,    2779184 total
- age   2:    1138152 bytes,    3917336 total
- age   3:     300824 bytes,    4218160 total
- age   4:    1052112 bytes,    5270272 total
- age   5:    1615544 bytes,    6885816 total
- age   6:     875712 bytes,    7761528 total
- age   7:    1199768 bytes,    8961296 total
- age   8:    1038928 bytes,   10000224 total
: 98240K->13008K(109248K), 0.0381986 secs] 287442K->202566K(502464K), 0.0383162 secs] [Times: user=0.03 sys=0.00, real=0.04 secs] 
Heap after GC invocations=377 (full 18):
 par new generation   total 109248K, used 13008K [0x00000000e0000000, 0x00000000e8000000, 0x00000000e8000000)
  eden space 87424K,   0% used [0x00000000e0000000, 0x00000000e0000000, 0x00000000e5560000)
  from space 21824K,  59% used [0x00000000e6ab0000, 0x00000000e7764000, 0x00000000e8000000)
  to   space 21824K,   0% used [0x00000000e5560000, 0x00000000e5560000, 0x00000000e6ab0000)
 concurrent mark-sweep generation total 393216K, used 189558K [0x00000000e8000000, 0x0000000100000000, 0x0000000100000000)
 Metaspace       used 47044K, capacity 48847K, committed 49624K, reserved 1093632K
  class space    used 5097K, capacity 5483K, committed 5628K, reserved 1048576K
}
2018-10-23T07:43:06.246+0000: 256.192: Total time for which application threads were stopped: 0.0466571 seconds, Stopping threads took: 0.0077180 seconds
2018-10-23T07:43:06.291+0000: 256.237: Total time for which application threads were stopped: 0.0055604 seconds, Stopping threads took: 0.0051690 seconds
{Heap before GC invocations=377 (full 18):
 par new generation   total 109248K, used 100432K [0x00000000e0000000, 0x00000000e8000000, 0x00000000e8000000)
  eden space 87424K, 100% used [0x00000000e0000000, 0x00000000e5560000, 0x00000000e5560000)
  from space 21824K,  59% used [0x00000000e6ab0000, 0x00000000e7764000, 0x00000000e8000000)
  to   space 21824K,   0% used [0x00000000e5560000, 0x00000000e5560000, 0x00000000e6ab0000)
 concurrent mark-sweep generation total 393216K, used 189558K [0x00000000e8000000, 0x0000000100000000, 0x0000000100000000)
 Metaspace       used 47044K, capacity 48847K, committed 49624K, reserved 1093632K
  class space    used 5097K, capacity 5483K, committed 5628K, reserved 1048576K
2018-10-23T07:43:06.323+0000: 256.269: [GC (Allocation Failure) 2018-10-23T07:43:06.323+0000: 256.269: [ParNew
Desired survivor size 20112992 bytes, new threshold 8 (max 8)
- age   1:    2126184 bytes,    2126184 total
- age   2:    1241448 bytes,    3367632 total
- age   3:     526776 bytes,    3894408 total
- age   4:     126816 bytes,    4021224 total
- age   5:     435160 bytes,    4456384 total
- age   6:    1261968 bytes,    5718352 total
- age   7:     329000 bytes,    6047352 total
- age   8:     764080 bytes,    6811432 total
: 100432K->8727K(109248K), 0.0158217 secs] 289990K->198592K(502464K), 0.0159251 secs] [Times: user=0.02 sys=0.00, real=0.02 secs] 
Heap after GC invocations=378 (full 18):
 par new generation   total 109248K, used 8727K [0x00000000e0000000, 0x00000000e8000000, 0x00000000e8000000)
  eden space 87424K,   0% used [0x00000000e0000000, 0x00000000e0000000, 0x00000000e5560000)
  from space 21824K,  39% used [0x00000000e5560000, 0x00000000e5de5d20, 0x00000000e6ab0000)
  to   space 21824K,   0% used [0x00000000e6ab0000, 0x00000000e6ab0000, 0x00000000e8000000)
 concurrent mark-sweep generation total 393216K, used 189865K [0x00000000e8000000, 0x0000000100000000, 0x0000000100000000)
 Metaspace       used 47044K, capacity 48847K, committed 49624K, reserved 1093632K
  class space    used 5097K, capacity 5483K, committed 5628K, reserved 1048576K
}
2018-10-23T07:43:06.339+0000: 256.285: Total time for which application threads were stopped: 0.0166028 seconds, Stopping threads took: 0.0001918 seconds
{Heap before GC invocations=378 (full 18):
 par new generation   total 109248K, used 96151K [0x00000000e0000000, 0x00000000e8000000, 0x00000000e8000000)
  eden space 87424K, 100% used [0x00000000e0000000, 0x00000000e5560000, 0x00000000e5560000)
  from space 21824K,  39% used [0x00000000e5560000, 0x00000000e5de5d20, 0x00000000e6ab0000)
  to   space 21824K,   0% used [0x00000000e6ab0000, 0x00000000e6ab0000, 0x00000000e8000000)
 concurrent mark-sweep generation total 393216K, used 189865K [0x00000000e8000000, 0x0000000100000000, 0x0000000100000000)
 Metaspace       used 47044K, capacity 48847K, committed 49624K, reserved 1093632K
  class space    used 5097K, capacity 5483K, committed 5628K, reserved 1048576K
2018-10-23T07:43:06.400+0000: 256.346: [GC (Allocation Failure) 2018-10-23T07:43:06.400+0000: 256.346: [ParNew
Desired survivor size 20112992 bytes, new threshold 8 (max 8)
- age   1:    2257048 bytes,    2257048 total
- age   2:    1266592 bytes,    3523640 total
- age   3:     716600 bytes,    4240240 total
- age   4:     108896 bytes,    4349136 total
- age   5:      27912 bytes,    4377048 total
- age   6:     139760 bytes,    4516808 total
- age   7:     495584 bytes,    5012392 total
- age   8:     241480 bytes,    5253872 total
: 96151K->7897K(109248K), 0.0073446 secs] 286016K->198394K(502464K), 0.0074436 secs] [Times: user=0.02 sys=0.00, real=0.00 secs] 
Heap after GC invocations=379 (full 18):
 par new generation   total 109248K, used 7897K [0x00000000e0000000, 0x00000000e8000000, 0x00000000e8000000)
  eden space 87424K,   0% used [0x00000000e0000000, 0x00000000e0000000, 0x00000000e5560000)
  from space 21824K,  36% used [0x00000000e6ab0000, 0x00000000e72667c0, 0x00000000e8000000)
  to   space 21824K,   0% used [0x00000000e5560000, 0x00000000e5560000, 0x00000000e6ab0000)
 concurrent mark-sweep generation total 393216K, used 190496K [0x00000000e8000000, 0x0000000100000000, 0x0000000100000000)
 Metaspace       used 47044K, capacity 48847K, committed 49624K, reserved 1093632K
  class space    used 5097K, capacity 5483K, committed 5628K, reserved 1048576K
}
2018-10-23T07:43:06.408+0000: 256.354: Total time for which application threads were stopped: 0.0080203 seconds, Stopping threads took: 0.0000679 seconds
2018-10-23T07:43:07.408+0000: 257.354: Total time for which application threads were stopped: 0.0003941 seconds, Stopping threads took: 0.0000583 seconds
2018-10-23T07:43:11.410+0000: 261.355: Total time for which application threads were stopped: 0.0005038 seconds, Stopping threads took: 0.0001446 seconds
2018-10-23T07:43:12.035+0000: 261.981: Total time for which application threads were stopped: 0.0026293 seconds, Stopping threads took: 0.0015989 seconds
2018-10-23T07:43:12.037+0000: 261.983: Total time for which application threads were stopped: 0.0009659 seconds, Stopping threads took: 0.0007246 seconds
{Heap before GC invocations=379 (full 18):
 par new generation   total 109248K, used 95321K [0x00000000e0000000, 0x00000000e8000000, 0x00000000e8000000)
  eden space 87424K, 100% used [0x00000000e0000000, 0x00000000e5560000, 0x00000000e5560000)
  from space 21824K,  36% used [0x00000000e6ab0000, 0x00000000e72667c0, 0x00000000e8000000)
  to   space 21824K,   0% used [0x00000000e5560000, 0x00000000e5560000, 0x00000000e6ab0000)
 concurrent mark-sweep generation total 393216K, used 190496K [0x00000000e8000000, 0x0000000100000000, 0x0000000100000000)
 Metaspace       used 47049K, capacity 48847K, committed 49624K, reserved 1093632K
  class space    used 5097K, capacity 5483K, committed 5628K, reserved 1048576K
2018-10-23T07:43:12.044+0000: 261.990: [GC (Allocation Failure) 2018-10-23T07:43:12.044+0000: 261.990: [ParNew
Desired survivor size 20112992 bytes, new threshold 8 (max 8)
- age   1:    1685280 bytes,    1685280 total
- age   2:     540208 bytes,    2225488 total
- age   3:     406632 bytes,    2632120 total
- age   4:     652528 bytes,    3284648 total
- age   5:     106112 bytes,    3390760 total
- age   6:      27040 bytes,    3417800 total
- age   7:     139360 bytes,    3557160 total
- age   8:     394824 bytes,    3951984 total
: 95321K->4539K(109248K), 0.0271500 secs] 285818K->195271K(502464K), 0.0272449 secs] [Times: user=0.04 sys=0.00, real=0.03 secs] 
Heap after GC invocations=380 (full 18):
 par new generation   total 109248K, used 4539K [0x00000000e0000000, 0x00000000e8000000, 0x00000000e8000000)
  eden space 87424K,   0% used [0x00000000e0000000, 0x00000000e0000000, 0x00000000e5560000)
  from space 21824K,  20% used [0x00000000e5560000, 0x00000000e59cef40, 0x00000000e6ab0000)
  to   space 21824K,   0% used [0x00000000e6ab0000, 0x00000000e6ab0000, 0x00000000e8000000)
 concurrent mark-sweep generation total 393216K, used 190731K [0x00000000e8000000, 0x0000000100000000, 0x0000000100000000)
 Metaspace       used 47049K, capacity 48847K, committed 49624K, reserved 1093632K
  class space    used 5097K, capacity 5483K, committed 5628K, reserved 1048576K
}
2018-10-23T07:43:12.072+0000: 262.018: Total time for which application threads were stopped: 0.0276507 seconds, Stopping threads took: 0.0000474 seconds
2018-10-23T07:43:12.087+0000: 262.033: Total time for which application threads were stopped: 0.0045966 seconds, Stopping threads took: 0.0042199 seconds
2018-10-23T07:43:12.089+0000: 262.035: Total time for which application threads were stopped: 0.0002638 seconds, Stopping threads took: 0.0000877 seconds
{Heap before GC invocations=380 (full 18):
 par new generation   total 109248K, used 91963K [0x00000000e0000000, 0x00000000e8000000, 0x00000000e8000000)
  eden space 87424K, 100% used [0x00000000e0000000, 0x00000000e5560000, 0x00000000e5560000)
  from space 21824K,  20% used [0x00000000e5560000, 0x00000000e59cef40, 0x00000000e6ab0000)
  to   space 21824K,   0% used [0x00000000e6ab0000, 0x00000000e6ab0000, 0x00000000e8000000)
 concurrent mark-sweep generation total 393216K, used 190731K [0x00000000e8000000, 0x0000000100000000, 0x0000000100000000)
 Metaspace       used 47049K, capacity 48847K, committed 49624K, reserved 1093632K
  class space    used 5097K, capacity 5483K, committed 5628K, reserved 1048576K
2018-10-23T07:43:12.155+0000: 262.101: [GC (Allocation Failure) 2018-10-23T07:43:12.155+0000: 262.101: [ParNew
Desired survivor size 20112992 bytes, new threshold 8 (max 8)
- age   1:    1816440 bytes,    1816440 total
- age   2:    1433760 bytes,    3250200 total
- age   3:     539168 bytes,    3789368 total
- age   4:     405720 bytes,    4195088 total
- age   5:     652528 bytes,    4847616 total
- age   6:     106112 bytes,    4953728 total
- age   7:      27040 bytes,    4980768 total
- age   8:     139360 bytes,    5120128 total
: 91963K->6058K(109248K), 0.0262207 secs] 282695K->197176K(502464K), 0.0263335 secs] [Times: user=0.04 sys=0.00, real=0.03 secs] 
Heap after GC invocations=381 (full 18):
 par new generation   total 109248K, used 6058K [0x00000000e0000000, 0x00000000e8000000, 0x00000000e8000000)
  eden space 87424K,   0% used [0x00000000e0000000, 0x00000000e0000000, 0x00000000e5560000)
  from space 21824K,  27% used [0x00000000e6ab0000, 0x00000000e709aa00, 0x00000000e8000000)
  to   space 21824K,   0% used [0x00000000e5560000, 0x00000000e5560000, 0x00000000e6ab0000)
 concurrent mark-sweep generation total 393216K, used 191117K [0x00000000e8000000, 0x0000000100000000, 0x0000000100000000)
 Metaspace       used 47049K, capacity 48847K, committed 49624K, reserved 1093632K
  class space    used 5097K, capacity 5483K, committed 5628K, reserved 1048576K
}
2018-10-23T07:43:12.181+0000: 262.127: Total time for which application threads were stopped: 0.0337335 seconds, Stopping threads took: 0.0069052 seconds
{Heap before GC invocations=381 (full 18):
 par new generation   total 109248K, used 93482K [0x00000000e0000000, 0x00000000e8000000, 0x00000000e8000000)
  eden space 87424K, 100% used [0x00000000e0000000, 0x00000000e5560000, 0x00000000e5560000)
  from space 21824K,  27% used [0x00000000e6ab0000, 0x00000000e709aa00, 0x00000000e8000000)
  to   space 21824K,   0% used [0x00000000e5560000, 0x00000000e5560000, 0x00000000e6ab0000)
 concurrent mark-sweep generation total 393216K, used 191117K [0x00000000e8000000, 0x0000000100000000, 0x0000000100000000)
 Metaspace       used 47049K, capacity 48847K, committed 49624K, reserved 1093632K
  class space    used 5097K, capacity 5483K, committed 5628K, reserved 1048576K
2018-10-23T07:43:12.264+0000: 262.209: [GC (Allocation Failure) 2018-10-23T07:43:12.264+0000: 262.209: [ParNew
Desired survivor size 20112992 bytes, new threshold 8 (max 8)
- age   1:    1749192 bytes,    1749192 total
- age   2:    1127568 bytes,    2876760 total
- age   3:    1433472 bytes,    4310232 total
- age   4:     539168 bytes,    4849400 total
- age   5:     405720 bytes,    5255120 total
- age   6:     652528 bytes,    5907648 total
- age   7:     106112 bytes,    6013760 total
- age   8:      27040 bytes,    6040800 total
: 93482K->6921K(109248K), 0.0160050 secs] 284600K->198175K(502464K), 0.0161005 secs] [Times: user=0.02 sys=0.00, real=0.02 secs] 
Heap after GC invocations=382 (full 18):
 par new generation   total 109248K, used 6921K [0x00000000e0000000, 0x00000000e8000000, 0x00000000e8000000)
  eden space 87424K,   0% used [0x00000000e0000000, 0x00000000e0000000, 0x00000000e5560000)
  from space 21824K,  31% used [0x00000000e5560000, 0x00000000e5c22790, 0x00000000e6ab0000)
  to   space 21824K,   0% used [0x00000000e6ab0000, 0x00000000e6ab0000, 0x00000000e8000000)
 concurrent mark-sweep generation total 393216K, used 191253K [0x00000000e8000000, 0x0000000100000000, 0x0000000100000000)
 Metaspace       used 47049K, capacity 48847K, committed 49624K, reserved 1093632K
  class space    used 5097K, capacity 5483K, committed 5628K, reserved 1048576K
}
2018-10-23T07:43:12.280+0000: 262.226: Total time for which application threads were stopped: 0.0167686 seconds, Stopping threads took: 0.0001861 seconds
{Heap before GC invocations=382 (full 18):
 par new generation   total 109248K, used 94345K [0x00000000e0000000, 0x00000000e8000000, 0x00000000e8000000)
  eden space 87424K, 100% used [0x00000000e0000000, 0x00000000e5560000, 0x00000000e5560000)
  from space 21824K,  31% used [0x00000000e5560000, 0x00000000e5c22790, 0x00000000e6ab0000)
  to   space 21824K,   0% used [0x00000000e6ab0000, 0x00000000e6ab0000, 0x00000000e8000000)
 concurrent mark-sweep generation total 393216K, used 191253K [0x00000000e8000000, 0x0000000100000000, 0x0000000100000000)
 Metaspace       used 47049K, capacity 48847K, committed 49624K, reserved 1093632K
  class space    used 5097K, capacity 5483K, committed 5628K, reserved 1048576K
2018-10-23T07:43:12.513+0000: 262.459: [GC (Allocation Failure) 2018-10-23T07:43:12.513+0000: 262.459: [ParNew
Desired survivor size 20112992 bytes, new threshold 8 (max 8)
- age   1:    2806784 bytes,    2806784 total
- age   2:    1147864 bytes,    3954648 total
- age   3:    1093424 bytes,    5048072 total
- age   4:    1433264 bytes,    6481336 total
- age   5:     539168 bytes,    7020504 total
- age   6:     405720 bytes,    7426224 total
- age   7:     652528 bytes,    8078752 total
- age   8:     106112 bytes,    8184864 total
: 94345K->9719K(109248K), 0.0281531 secs] 285599K->200999K(502464K), 0.0282487 secs] [Times: user=0.03 sys=0.00, real=0.03 secs] 
Heap after GC invocations=383 (full 18):
 par new generation   total 109248K, used 9719K [0x00000000e0000000, 0x00000000e8000000, 0x00000000e8000000)
  eden space 87424K,   0% used [0x00000000e0000000, 0x00000000e0000000, 0x00000000e5560000)
  from space 21824K,  44% used [0x00000000e6ab0000, 0x00000000e742de70, 0x00000000e8000000)
  to   space 21824K,   0% used [0x00000000e5560000, 0x00000000e5560000, 0x00000000e6ab0000)
 concurrent mark-sweep generation total 393216K, used 191280K [0x00000000e8000000, 0x0000000100000000, 0x0000000100000000)
 Metaspace       used 47049K, capacity 48847K, committed 49624K, reserved 1093632K
  class space    used 5097K, capacity 5483K, committed 5628K, reserved 1048576K
}
2018-10-23T07:43:12.541+0000: 262.487: Total time for which application threads were stopped: 0.0288063 seconds, Stopping threads took: 0.0000946 seconds
{Heap before GC invocations=383 (full 18):
 par new generation   total 109248K, used 97143K [0x00000000e0000000, 0x00000000e8000000, 0x00000000e8000000)
  eden space 87424K, 100% used [0x00000000e0000000, 0x00000000e5560000, 0x00000000e5560000)
  from space 21824K,  44% used [0x00000000e6ab0000, 0x00000000e742de70, 0x00000000e8000000)
  to   space 21824K,   0% used [0x00000000e5560000, 0x00000000e5560000, 0x00000000e6ab0000)
 concurrent mark-sweep generation total 393216K, used 191280K [0x00000000e8000000, 0x0000000100000000, 0x0000000100000000)
 Metaspace       used 47049K, capacity 48847K, committed 49624K, reserved 1093632K
  class space    used 5097K, capacity 5483K, committed 5628K, reserved 1048576K
2018-10-23T07:43:12.654+0000: 262.600: [GC (Allocation Failure) 2018-10-23T07:43:12.654+0000: 262.600: [ParNew
Desired survivor size 20112992 bytes, new threshold 8 (max 8)
- age   1:    2287352 bytes,    2287352 total
- age   2:    1669912 bytes,    3957264 total
- age   3:    1083528 bytes,    5040792 total
- age   4:    1094568 bytes,    6135360 total
- age   5:    1433304 bytes,    7568664 total
- age   6:     539168 bytes,    8107832 total
- age   7:     405720 bytes,    8513552 total
- age   8:     652528 bytes,    9166080 total
: 97143K->11074K(109248K), 0.0277142 secs] 288423K->202458K(502464K), 0.0278329 secs] [Times: user=0.03 sys=0.00, real=0.03 secs] 
Heap after GC invocations=384 (full 18):
 par new generation   total 109248K, used 11074K [0x00000000e0000000, 0x00000000e8000000, 0x00000000e8000000)
  eden space 87424K,   0% used [0x00000000e0000000, 0x00000000e0000000, 0x00000000e5560000)
  from space 21824K,  50% used [0x00000000e5560000, 0x00000000e6030be0, 0x00000000e6ab0000)
  to   space 21824K,   0% used [0x00000000e6ab0000, 0x00000000e6ab0000, 0x00000000e8000000)
 concurrent mark-sweep generation total 393216K, used 191383K [0x00000000e8000000, 0x0000000100000000, 0x0000000100000000)
 Metaspace       used 47049K, capacity 48847K, committed 49624K, reserved 1093632K
  class space    used 5097K, capacity 5483K, committed 5628K, reserved 1048576K
}
2018-10-23T07:43:12.682+0000: 262.628: Total time for which application threads were stopped: 0.0320746 seconds, Stopping threads took: 0.0037503 seconds
{Heap before GC invocations=384 (full 18):
 par new generation   total 109248K, used 98498K [0x00000000e0000000, 0x00000000e8000000, 0x00000000e8000000)
  eden space 87424K, 100% used [0x00000000e0000000, 0x00000000e5560000, 0x00000000e5560000)
  from space 21824K,  50% used [0x00000000e5560000, 0x00000000e6030be0, 0x00000000e6ab0000)
  to   space 21824K,   0% used [0x00000000e6ab0000, 0x00000000e6ab0000, 0x00000000e8000000)
 concurrent mark-sweep generation total 393216K, used 191383K [0x00000000e8000000, 0x0000000100000000, 0x0000000100000000)
 Metaspace       used 47049K, capacity 48847K, committed 49624K, reserved 1093632K
  class space    used 5097K, capacity 5483K, committed 5628K, reserved 1048576K
2018-10-23T07:43:12.830+0000: 262.776: [GC (Allocation Failure) 2018-10-23T07:43:12.830+0000: 262.776: [ParNew
Desired survivor size 20112992 bytes, new threshold 8 (max 8)
- age   1:    2418664 bytes,    2418664 total
- age   2:    1465048 bytes,    3883712 total
- age   3:    1609080 bytes,    5492792 total
- age   4:    1082504 bytes,    6575296 total
- age   5:    1128352 bytes,    7703648 total
- age   6:    1433208 bytes,    9136856 total
- age   7:     539168 bytes,    9676024 total
- age   8:     405720 bytes,   10081744 total
: 98498K->12828K(109248K), 0.0339349 secs] 289882K->204849K(502464K), 0.0340579 secs] [Times: user=0.04 sys=0.00, real=0.03 secs] 
Heap after GC invocations=385 (full 18):
 par new generation   total 109248K, used 12828K [0x00000000e0000000, 0x00000000e8000000, 0x00000000e8000000)
  eden space 87424K,   0% used [0x00000000e0000000, 0x00000000e0000000, 0x00000000e5560000)
  from space 21824K,  58% used [0x00000000e6ab0000, 0x00000000e77371b0, 0x00000000e8000000)
  to   space 21824K,   0% used [0x00000000e5560000, 0x00000000e5560000, 0x00000000e6ab0000)
 concurrent mark-sweep generation total 393216K, used 192021K [0x00000000e8000000, 0x0000000100000000, 0x0000000100000000)
 Metaspace       used 47049K, capacity 48847K, committed 49624K, reserved 1093632K
  class space    used 5097K, capacity 5483K, committed 5628K, reserved 1048576K
}
2018-10-23T07:43:12.864+0000: 262.810: Total time for which application threads were stopped: 0.0346288 seconds, Stopping threads took: 0.0000667 seconds
{Heap before GC invocations=385 (full 18):
 par new generation   total 109248K, used 100252K [0x00000000e0000000, 0x00000000e8000000, 0x00000000e8000000)
  eden space 87424K, 100% used [0x00000000e0000000, 0x00000000e5560000, 0x00000000e5560000)
  from space 21824K,  58% used [0x00000000e6ab0000, 0x00000000e77371b0, 0x00000000e8000000)
  to   space 21824K,   0% used [0x00000000e5560000, 0x00000000e5560000, 0x00000000e6ab0000)
 concurrent mark-sweep generation total 393216K, used 192021K [0x00000000e8000000, 0x0000000100000000, 0x0000000100000000)
 Metaspace       used 47049K, capacity 48847K, committed 49624K, reserved 1093632K
  class space    used 5097K, capacity 5483K, committed 5628K, reserved 1048576K
2018-10-23T07:43:12.978+0000: 262.924: [GC (Allocation Failure) 2018-10-23T07:43:12.978+0000: 262.924: [ParNew
Desired survivor size 20112992 bytes, new threshold 8 (max 8)
- age   1:    3078176 bytes,    3078176 total
- age   2:    1238072 bytes,    4316248 total
- age   3:    1426536 bytes,    5742784 total
- age   4:    1440312 bytes,    7183096 total
- age   5:    1078336 bytes,    8261432 total
- age   6:    1093680 bytes,    9355112 total
- age   7:    1433064 bytes,   10788176 total
- age   8:     539168 bytes,   11327344 total
: 100252K->14531K(109248K), 0.0166329 secs] 292273K->206949K(502464K), 0.0167393 secs] [Times: user=0.03 sys=0.00, real=0.01 secs] 
Heap after GC invocations=386 (full 18):
 par new generation   total 109248K, used 14531K [0x00000000e0000000, 0x00000000e8000000, 0x00000000e8000000)
  eden space 87424K,   0% used [0x00000000e0000000, 0x00000000e0000000, 0x00000000e5560000)
  from space 21824K,  66% used [0x00000000e5560000, 0x00000000e6390c60, 0x00000000e6ab0000)
  to   space 21824K,   0% used [0x00000000e6ab0000, 0x00000000e6ab0000, 0x00000000e8000000)
 concurrent mark-sweep generation total 393216K, used 192418K [0x00000000e8000000, 0x0000000100000000, 0x0000000100000000)
 Metaspace       used 47049K, capacity 48847K, committed 49624K, reserved 1093632K
  class space    used 5097K, capacity 5483K, committed 5628K, reserved 1048576K
}
2018-10-23T07:43:12.995+0000: 262.941: Total time for which application threads were stopped: 0.0173084 seconds, Stopping threads took: 0.0000785 seconds
{Heap before GC invocations=386 (full 18):
 par new generation   total 109248K, used 101955K [0x00000000e0000000, 0x00000000e8000000, 0x00000000e8000000)
  eden space 87424K, 100% used [0x00000000e0000000, 0x00000000e5560000, 0x00000000e5560000)
  from space 21824K,  66% used [0x00000000e5560000, 0x00000000e6390c60, 0x00000000e6ab0000)
  to   space 21824K,   0% used [0x00000000e6ab0000, 0x00000000e6ab0000, 0x00000000e8000000)
 concurrent mark-sweep generation total 393216K, used 192418K [0x00000000e8000000, 0x0000000100000000, 0x0000000100000000)
 Metaspace       used 47049K, capacity 48847K, committed 49624K, reserved 1093632K
  class space    used 5097K, capacity 5483K, committed 5628K, reserved 1048576K
2018-10-23T07:43:13.110+0000: 263.056: [GC (Allocation Failure) 2018-10-23T07:43:13.110+0000: 263.056: [ParNew
Desired survivor size 20112992 bytes, new threshold 8 (max 8)
- age   1:    3663752 bytes,    3663752 total
- age   2:    1041912 bytes,    4705664 total
- age   3:     471216 bytes,    5176880 total
- age   4:     846352 bytes,    6023232 total
- age   5:     972144 bytes,    6995376 total
- age   6:     591048 bytes,    7586424 total
- age   7:     880080 bytes,    8466504 total
- age   8:     843640 bytes,    9310144 total
: 101955K->11198K(109248K), 0.0392620 secs] 294373K->204143K(502464K), 0.0393757 secs] [Times: user=0.03 sys=0.00, real=0.03 secs] 
Heap after GC invocations=387 (full 18):
 par new generation   total 109248K, used 11198K [0x00000000e0000000, 0x00000000e8000000, 0x00000000e8000000)
  eden space 87424K,   0% used [0x00000000e0000000, 0x00000000e0000000, 0x00000000e5560000)
  from space 21824K,  51% used [0x00000000e6ab0000, 0x00000000e759f940, 0x00000000e8000000)
  to   space 21824K,   0% used [0x00000000e5560000, 0x00000000e5560000, 0x00000000e6ab0000)
 concurrent mark-sweep generation total 393216K, used 192945K [0x00000000e8000000, 0x0000000100000000, 0x0000000100000000)
 Metaspace       used 47049K, capacity 48847K, committed 49624K, reserved 1093632K
  class space    used 5097K, capacity 5483K, committed 5628K, reserved 1048576K
}
2018-10-23T07:43:13.150+0000: 263.095: Total time for which application threads were stopped: 0.0433182 seconds, Stopping threads took: 0.0034261 seconds
{Heap before GC invocations=387 (full 18):
 par new generation   total 109248K, used 98622K [0x00000000e0000000, 0x00000000e8000000, 0x00000000e8000000)
  eden space 87424K, 100% used [0x00000000e0000000, 0x00000000e5560000, 0x00000000e5560000)
  from space 21824K,  51% used [0x00000000e6ab0000, 0x00000000e759f940, 0x00000000e8000000)
  to   space 21824K,   0% used [0x00000000e5560000, 0x00000000e5560000, 0x00000000e6ab0000)
 concurrent mark-sweep generation total 393216K, used 192945K [0x00000000e8000000, 0x0000000100000000, 0x0000000100000000)
 Metaspace       used 47051K, capacity 48847K, committed 49624K, reserved 1093632K
  class space    used 5097K, capacity 5483K, committed 5628K, reserved 1048576K
2018-10-23T07:43:13.266+0000: 263.212: [GC (Allocation Failure) 2018-10-23T07:43:13.266+0000: 263.212: [ParNew
Desired survivor size 20112992 bytes, new threshold 8 (max 8)
- age   1:    3100720 bytes,    3100720 total
- age   2:    2203864 bytes,    5304584 total
- age   3:     166536 bytes,    5471120 total
- age   4:     156200 bytes,    5627320 total
- age   5:     180960 bytes,    5808280 total
- age   6:     210640 bytes,    6018920 total
- age   7:     144560 bytes,    6163480 total
- age   8:      77008 bytes,    6240488 total
: 98622K->8218K(109248K), 0.0342257 secs] 291567K->201954K(502464K), 0.0343494 secs] [Times: user=0.03 sys=0.00, real=0.04 secs] 
Heap after GC invocations=388 (full 18):
 par new generation   total 109248K, used 8218K [0x00000000e0000000, 0x00000000e8000000, 0x00000000e8000000)
  eden space 87424K,   0% used [0x00000000e0000000, 0x00000000e0000000, 0x00000000e5560000)
  from space 21824K,  37% used [0x00000000e5560000, 0x00000000e5d66b00, 0x00000000e6ab0000)
  to   space 21824K,   0% used [0x00000000e6ab0000, 0x00000000e6ab0000, 0x00000000e8000000)
 concurrent mark-sweep generation total 393216K, used 193736K [0x00000000e8000000, 0x0000000100000000, 0x0000000100000000)
 Metaspace       used 47051K, capacity 48847K, committed 49624K, reserved 1093632K
  class space    used 5097K, capacity 5483K, committed 5628K, reserved 1048576K
}
2018-10-23T07:43:13.301+0000: 263.246: Total time for which application threads were stopped: 0.0416243 seconds, Stopping threads took: 0.0067449 seconds
{Heap before GC invocations=388 (full 18):
 par new generation   total 109248K, used 95642K [0x00000000e0000000, 0x00000000e8000000, 0x00000000e8000000)
  eden space 87424K, 100% used [0x00000000e0000000, 0x00000000e5560000, 0x00000000e5560000)
  from space 21824K,  37% used [0x00000000e5560000, 0x00000000e5d66b00, 0x00000000e6ab0000)
  to   space 21824K,   0% used [0x00000000e6ab0000, 0x00000000e6ab0000, 0x00000000e8000000)
 concurrent mark-sweep generation total 393216K, used 193736K [0x00000000e8000000, 0x0000000100000000, 0x0000000100000000)
 Metaspace       used 47051K, capacity 48847K, committed 49624K, reserved 1093632K
  class space    used 5097K, capacity 5483K, committed 5628K, reserved 1048576K
2018-10-23T07:43:13.390+0000: 263.336: [GC (Allocation Failure) 2018-10-23T07:43:13.390+0000: 263.336: [ParNew
Desired survivor size 20112992 bytes, new threshold 8 (max 8)
- age   1:    2298248 bytes,    2298248 total
- age   2:    2182512 bytes,    4480760 total
- age   3:    2185736 bytes,    6666496 total
- age   4:     166536 bytes,    6833032 total
- age   5:     156200 bytes,    6989232 total
- age   6:     180960 bytes,    7170192 total
- age   7:     210640 bytes,    7380832 total
- age   8:     144560 bytes,    7525392 total
: 95642K->9765K(109248K), 0.0380544 secs] 289378K->203576K(502464K), 0.0381755 secs] [Times: user=0.04 sys=0.00, real=0.03 secs] 
Heap after GC invocations=389 (full 18):
 par new generation   total 109248K, used 9765K [0x00000000e0000000, 0x00000000e8000000, 0x00000000e8000000)
  eden space 87424K,   0% used [0x00000000e0000000, 0x00000000e0000000, 0x00000000e5560000)
  from space 21824K,  44% used [0x00000000e6ab0000, 0x00000000e7439448, 0x00000000e8000000)
  to   space 21824K,   0% used [0x00000000e5560000, 0x00000000e5560000, 0x00000000e6ab0000)
 concurrent mark-sweep generation total 393216K, used 193811K [0x00000000e8000000, 0x0000000100000000, 0x0000000100000000)
 Metaspace       used 47051K, capacity 48847K, committed 49624K, reserved 1093632K
  class space    used 5097K, capacity 5483K, committed 5628K, reserved 1048576K
}
2018-10-23T07:43:13.428+0000: 263.374: Total time for which application threads were stopped: 0.0387514 seconds, Stopping threads took: 0.0000813 seconds
{Heap before GC invocations=389 (full 18):
 par new generation   total 109248K, used 97186K [0x00000000e0000000, 0x00000000e8000000, 0x00000000e8000000)
  eden space 87424K,  99% used [0x00000000e0000000, 0x00000000e555f438, 0x00000000e5560000)
  from space 21824K,  44% used [0x00000000e6ab0000, 0x00000000e7439448, 0x00000000e8000000)
  to   space 21824K,   0% used [0x00000000e5560000, 0x00000000e5560000, 0x00000000e6ab0000)
 concurrent mark-sweep generation total 393216K, used 193811K [0x00000000e8000000, 0x0000000100000000, 0x0000000100000000)
 Metaspace       used 47051K, capacity 48847K, committed 49624K, reserved 1093632K
  class space    used 5097K, capacity 5483K, committed 5628K, reserved 1048576K
2018-10-23T07:43:13.526+0000: 263.472: [GC (Allocation Failure) 2018-10-23T07:43:13.526+0000: 263.472: [ParNew
Desired survivor size 20112992 bytes, new threshold 8 (max 8)
- age   1:    2770872 bytes,    2770872 total
- age   2:    1242376 bytes,    4013248 total
- age   3:    2126712 bytes,    6139960 total
- age   4:    2184568 bytes,    8324528 total
- age   5:     166536 bytes,    8491064 total
- age   6:     156136 bytes,    8647200 total
- age   7:     180960 bytes,    8828160 total
- age   8:     210640 bytes,    9038800 total
: 97186K->9602K(109248K), 0.0461873 secs] 290997K->203554K(502464K), 0.0463139 secs] [Times: user=0.05 sys=0.00, real=0.05 secs] 
Heap after GC invocations=390 (full 18):
 par new generation   total 109248K, used 9602K [0x00000000e0000000, 0x00000000e8000000, 0x00000000e8000000)
  eden space 87424K,   0% used [0x00000000e0000000, 0x00000000e0000000, 0x00000000e5560000)
  from space 21824K,  43% used [0x00000000e5560000, 0x00000000e5ec0910, 0x00000000e6ab0000)
  to   space 21824K,   0% used [0x00000000e6ab0000, 0x00000000e6ab0000, 0x00000000e8000000)
 concurrent mark-sweep generation total 393216K, used 193952K [0x00000000e8000000, 0x0000000100000000, 0x0000000100000000)
 Metaspace       used 47051K, capacity 48847K, committed 49624K, reserved 1093632K
  class space    used 5097K, capacity 5483K, committed 5628K, reserved 1048576K
}
2018-10-23T07:43:13.572+0000: 263.518: Total time for which application threads were stopped: 0.0502883 seconds, Stopping threads took: 0.0034839 seconds
{Heap before GC invocations=390 (full 18):
 par new generation   total 109248K, used 97026K [0x00000000e0000000, 0x00000000e8000000, 0x00000000e8000000)
  eden space 87424K, 100% used [0x00000000e0000000, 0x00000000e5560000, 0x00000000e5560000)
  from space 21824K,  43% used [0x00000000e5560000, 0x00000000e5ec0910, 0x00000000e6ab0000)
  to   space 21824K,   0% used [0x00000000e6ab0000, 0x00000000e6ab0000, 0x00000000e8000000)
 concurrent mark-sweep generation total 393216K, used 193952K [0x00000000e8000000, 0x0000000100000000, 0x0000000100000000)
 Metaspace       used 47051K, capacity 48847K, committed 49624K, reserved 1093632K
  class space    used 5097K, capacity 5483K, committed 5628K, reserved 1048576K
2018-10-23T07:43:13.663+0000: 263.609: [GC (Allocation Failure) 2018-10-23T07:43:13.663+0000: 263.609: [ParNew
Desired survivor size 20112992 bytes, new threshold 8 (max 8)
- age   1:    3150632 bytes,    3150632 total
- age   2:    1493664 bytes,    4644296 total
- age   3:    1077384 bytes,    5721680 total
- age   4:    2118504 bytes,    7840184 total
- age   5:    2184024 bytes,   10024208 total
- age   6:     166536 bytes,   10190744 total
- age   7:     156136 bytes,   10346880 total
- age   8:     180960 bytes,   10527840 total
: 97026K->13265K(109248K), 0.0267562 secs] 290978K->207423K(502464K), 0.0268624 secs] [Times: user=0.04 sys=0.00, real=0.03 secs] 
Heap after GC invocations=391 (full 18):
 par new generation   total 109248K, used 13265K [0x00000000e0000000, 0x00000000e8000000, 0x00000000e8000000)
  eden space 87424K,   0% used [0x00000000e0000000, 0x00000000e0000000, 0x00000000e5560000)
  from space 21824K,  60% used [0x00000000e6ab0000, 0x00000000e77a4710, 0x00000000e8000000)
  to   space 21824K,   0% used [0x00000000e5560000, 0x00000000e5560000, 0x00000000e6ab0000)
 concurrent mark-sweep generation total 393216K, used 194158K [0x00000000e8000000, 0x0000000100000000, 0x0000000100000000)
 Metaspace       used 47051K, capacity 48847K, committed 49624K, reserved 1093632K
  class space    used 5097K, capacity 5483K, committed 5628K, reserved 1048576K
}
2018-10-23T07:43:13.690+0000: 263.636: Total time for which application threads were stopped: 0.0274209 seconds, Stopping threads took: 0.0000785 seconds
{Heap before GC invocations=391 (full 18):
 par new generation   total 109248K, used 100689K [0x00000000e0000000, 0x00000000e8000000, 0x00000000e8000000)
  eden space 87424K, 100% used [0x00000000e0000000, 0x00000000e5560000, 0x00000000e5560000)
  from space 21824K,  60% used [0x00000000e6ab0000, 0x00000000e77a4710, 0x00000000e8000000)
  to   space 21824K,   0% used [0x00000000e5560000, 0x00000000e5560000, 0x00000000e6ab0000)
 concurrent mark-sweep generation total 393216K, used 194158K [0x00000000e8000000, 0x0000000100000000, 0x0000000100000000)
 Metaspace       used 47051K, capacity 48847K, committed 49624K, reserved 1093632K
  class space    used 5097K, capacity 5483K, committed 5628K, reserved 1048576K
2018-10-23T07:43:13.781+0000: 263.727: [GC (Allocation Failure) 2018-10-23T07:43:13.781+0000: 263.727: [ParNew
Desired survivor size 20112992 bytes, new threshold 8 (max 8)
- age   1:    2752752 bytes,    2752752 total
- age   2:    1762088 bytes,    4514840 total
- age   3:    1450120 bytes,    5964960 total
- age   4:    1060984 bytes,    7025944 total
- age   5:    2101560 bytes,    9127504 total
- age   6:    2183472 bytes,   11310976 total
- age   7:     166536 bytes,   11477512 total
- age   8:     156136 bytes,   11633648 total
: 100689K->14376K(109248K), 0.0109645 secs] 294847K->208711K(502464K), 0.0110616 secs] [Times: user=0.02 sys=0.00, real=0.01 secs] 
Heap after GC invocations=392 (full 18):
 par new generation   total 109248K, used 14376K [0x00000000e0000000, 0x00000000e8000000, 0x00000000e8000000)
  eden space 87424K,   0% used [0x00000000e0000000, 0x00000000e0000000, 0x00000000e5560000)
  from space 21824K,  65% used [0x00000000e5560000, 0x00000000e636a150, 0x00000000e6ab0000)
  to   space 21824K,   0% used [0x00000000e6ab0000, 0x00000000e6ab0000, 0x00000000e8000000)
 concurrent mark-sweep generation total 393216K, used 194334K [0x00000000e8000000, 0x0000000100000000, 0x0000000100000000)
 Metaspace       used 47051K, capacity 48847K, committed 49624K, reserved 1093632K
  class space    used 5097K, capacity 5483K, committed 5628K, reserved 1048576K
}
2018-10-23T07:43:13.792+0000: 263.738: Total time for which application threads were stopped: 0.0115922 seconds, Stopping threads took: 0.0000793 seconds
{Heap before GC invocations=392 (full 18):
 par new generation   total 109248K, used 101800K [0x00000000e0000000, 0x00000000e8000000, 0x00000000e8000000)
  eden space 87424K, 100% used [0x00000000e0000000, 0x00000000e5560000, 0x00000000e5560000)
  from space 21824K,  65% used [0x00000000e5560000, 0x00000000e636a150, 0x00000000e6ab0000)
  to   space 21824K,   0% used [0x00000000e6ab0000, 0x00000000e6ab0000, 0x00000000e8000000)
 concurrent mark-sweep generation total 393216K, used 194334K [0x00000000e8000000, 0x0000000100000000, 0x0000000100000000)
 Metaspace       used 47051K, capacity 48847K, committed 49624K, reserved 1093632K
  class space    used 5097K, capacity 5483K, committed 5628K, reserved 1048576K
2018-10-23T07:43:13.946+0000: 263.892: [GC (Allocation Failure) 2018-10-23T07:43:13.946+0000: 263.892: [ParNew
Desired survivor size 20112992 bytes, new threshold 8 (max 8)
- age   1:    3528568 bytes,    3528568 total
- age   2:    1269536 bytes,    4798104 total
- age   3:    1624088 bytes,    6422192 total
- age   4:    1240968 bytes,    7663160 total
- age   5:    1052760 bytes,    8715920 total
- age   6:    2101272 bytes,   10817192 total
- age   7:    2182784 bytes,   12999976 total
- age   8:     166536 bytes,   13166512 total
: 101800K->17427K(109248K), 0.0471955 secs] 296135K->211914K(502464K), 0.0473175 secs] [Times: user=0.04 sys=0.00, real=0.05 secs] 
Heap after GC invocations=393 (full 18):
 par new generation   total 109248K, used 17427K [0x00000000e0000000, 0x00000000e8000000, 0x00000000e8000000)
  eden space 87424K,   0% used [0x00000000e0000000, 0x00000000e0000000, 0x00000000e5560000)
  from space 21824K,  79% used [0x00000000e6ab0000, 0x00000000e7bb4cd8, 0x00000000e8000000)
  to   space 21824K,   0% used [0x00000000e5560000, 0x00000000e5560000, 0x00000000e6ab0000)
 concurrent mark-sweep generation total 393216K, used 194487K [0x00000000e8000000, 0x0000000100000000, 0x0000000100000000)
 Metaspace       used 47051K, capacity 48847K, committed 49624K, reserved 1093632K
  class space    used 5097K, capacity 5483K, committed 5628K, reserved 1048576K
}
2018-10-23T07:43:13.993+0000: 263.939: Total time for which application threads were stopped: 0.0478492 seconds, Stopping threads took: 0.0000655 seconds
{Heap before GC invocations=393 (full 18):
 par new generation   total 109248K, used 104851K [0x00000000e0000000, 0x00000000e8000000, 0x00000000e8000000)
  eden space 87424K, 100% used [0x00000000e0000000, 0x00000000e5560000, 0x00000000e5560000)
  from space 21824K,  79% used [0x00000000e6ab0000, 0x00000000e7bb4cd8, 0x00000000e8000000)
  to   space 21824K,   0% used [0x00000000e5560000, 0x00000000e5560000, 0x00000000e6ab0000)
 concurrent mark-sweep generation total 393216K, used 194487K [0x00000000e8000000, 0x0000000100000000, 0x0000000100000000)
 Metaspace       used 47051K, capacity 48847K, committed 49624K, reserved 1093632K
  class space    used 5097K, capacity 5483K, committed 5628K, reserved 1048576K
2018-10-23T07:43:14.101+0000: 264.047: [GC (Allocation Failure) 2018-10-23T07:43:14.102+0000: 264.047: [ParNew
Desired survivor size 20112992 bytes, new threshold 8 (max 8)
- age   1:    4069488 bytes,    4069488 total
- age   2:    2371752 bytes,    6441240 total
- age   3:    1206472 bytes,    7647712 total
- age   4:    1450056 bytes,    9097768 total
- age   5:    1159656 bytes,   10257424 total
- age   6:     978976 bytes,   11236400 total
- age   7:    2043336 bytes,   13279736 total
- age   8:    1913632 bytes,   15193368 total
: 104851K->18278K(109248K), 0.0277461 secs] 299338K->212928K(502464K), 0.0278579 secs] [Times: user=0.03 sys=0.00, real=0.02 secs] 
Heap after GC invocations=394 (full 18):
 par new generation   total 109248K, used 18278K [0x00000000e0000000, 0x00000000e8000000, 0x00000000e8000000)
  eden space 87424K,   0% used [0x00000000e0000000, 0x00000000e0000000, 0x00000000e5560000)
  from space 21824K,  83% used [0x00000000e5560000, 0x00000000e6739920, 0x00000000e6ab0000)
  to   space 21824K,   0% used [0x00000000e6ab0000, 0x00000000e6ab0000, 0x00000000e8000000)
 concurrent mark-sweep generation total 393216K, used 194650K [0x00000000e8000000, 0x0000000100000000, 0x0000000100000000)
 Metaspace       used 47051K, capacity 48847K, committed 49624K, reserved 1093632K
  class space    used 5097K, capacity 5483K, committed 5628K, reserved 1048576K
}
2018-10-23T07:43:14.129+0000: 264.075: Total time for which application threads were stopped: 0.0285209 seconds, Stopping threads took: 0.0001751 seconds
{Heap before GC invocations=394 (full 18):
 par new generation   total 109248K, used 105702K [0x00000000e0000000, 0x00000000e8000000, 0x00000000e8000000)
  eden space 87424K, 100% used [0x00000000e0000000, 0x00000000e5560000, 0x00000000e5560000)
  from space 21824K,  83% used [0x00000000e5560000, 0x00000000e6739920, 0x00000000e6ab0000)
  to   space 21824K,   0% used [0x00000000e6ab0000, 0x00000000e6ab0000, 0x00000000e8000000)
 concurrent mark-sweep generation total 393216K, used 194650K [0x00000000e8000000, 0x0000000100000000, 0x0000000100000000)
 Metaspace       used 47051K, capacity 48847K, committed 49624K, reserved 1093632K
  class space    used 5097K, capacity 5483K, committed 5628K, reserved 1048576K
2018-10-23T07:43:14.230+0000: 264.176: [GC (Allocation Failure) 2018-10-23T07:43:14.230+0000: 264.176: [ParNew
Desired survivor size 20112992 bytes, new threshold 8 (max 8)
- age   1:    2814504 bytes,    2814504 total
- age   2:    2745264 bytes,    5559768 total
- age   3:     977136 bytes,    6536904 total
- age   4:     651992 bytes,    7188896 total
- age   5:     704296 bytes,    7893192 total
- age   6:     636496 bytes,    8529688 total
- age   7:     500360 bytes,    9030048 total
- age   8:    1576960 bytes,   10607008 total
: 105702K->16194K(109248K), 0.0432700 secs] 300352K->212032K(502464K), 0.0433880 secs] [Times: user=0.03 sys=0.00, real=0.04 secs] 
Heap after GC invocations=395 (full 18):
 par new generation   total 109248K, used 16194K [0x00000000e0000000, 0x00000000e8000000, 0x00000000e8000000)
  eden space 87424K,   0% used [0x00000000e0000000, 0x00000000e0000000, 0x00000000e5560000)
  from space 21824K,  74% used [0x00000000e6ab0000, 0x00000000e7a80b10, 0x00000000e8000000)
  to   space 21824K,   0% used [0x00000000e5560000, 0x00000000e5560000, 0x00000000e6ab0000)
 concurrent mark-sweep generation total 393216K, used 195838K [0x00000000e8000000, 0x0000000100000000, 0x0000000100000000)
 Metaspace       used 47051K, capacity 48847K, committed 49624K, reserved 1093632K
  class space    used 5097K, capacity 5483K, committed 5628K, reserved 1048576K
}
2018-10-23T07:43:14.274+0000: 264.219: Total time for which application threads were stopped: 0.0440818 seconds, Stopping threads took: 0.0001490 seconds
{Heap before GC invocations=395 (full 18):
 par new generation   total 109248K, used 103618K [0x00000000e0000000, 0x00000000e8000000, 0x00000000e8000000)
  eden space 87424K, 100% used [0x00000000e0000000, 0x00000000e5560000, 0x00000000e5560000)
  from space 21824K,  74% used [0x00000000e6ab0000, 0x00000000e7a80b10, 0x00000000e8000000)
  to   space 21824K,   0% used [0x00000000e5560000, 0x00000000e5560000, 0x00000000e6ab0000)
 concurrent mark-sweep generation total 393216K, used 195838K [0x00000000e8000000, 0x0000000100000000, 0x0000000100000000)
 Metaspace       used 47051K, capacity 48847K, committed 49624K, reserved 1093632K
  class space    used 5097K, capacity 5483K, committed 5628K, reserved 1048576K
2018-10-23T07:43:14.363+0000: 264.309: [GC (Allocation Failure) 2018-10-23T07:43:14.363+0000: 264.309: [ParNew
Desired survivor size 20112992 bytes, new threshold 8 (max 8)
- age   1:    2297008 bytes,    2297008 total
- age   2:    1858528 bytes,    4155536 total
- age   3:    2625280 bytes,    6780816 total
- age   4:     834936 bytes,    7615752 total
- age   5:     525272 bytes,    8141024 total
- age   6:     558256 bytes,    8699280 total
- age   7:     503176 bytes,    9202456 total
- age   8:     381440 bytes,    9583896 total
: 103618K->11641K(109248K), 0.0321768 secs] 299456K->208856K(502464K), 0.0322822 secs] [Times: user=0.03 sys=0.00, real=0.03 secs] 
Heap after GC invocations=396 (full 18):
 par new generation   total 109248K, used 11641K [0x00000000e0000000, 0x00000000e8000000, 0x00000000e8000000)
  eden space 87424K,   0% used [0x00000000e0000000, 0x00000000e0000000, 0x00000000e5560000)
  from space 21824K,  53% used [0x00000000e5560000, 0x00000000e60be440, 0x00000000e6ab0000)
  to   space 21824K,   0% used [0x00000000e6ab0000, 0x00000000e6ab0000, 0x00000000e8000000)
 concurrent mark-sweep generation total 393216K, used 197215K [0x00000000e8000000, 0x0000000100000000, 0x0000000100000000)
 Metaspace       used 47051K, capacity 48847K, committed 49624K, reserved 1093632K
  class space    used 5097K, capacity 5483K, committed 5628K, reserved 1048576K
}
2018-10-23T07:43:14.396+0000: 264.341: Total time for which application threads were stopped: 0.0388945 seconds, Stopping threads took: 0.0061266 seconds
2018-10-23T07:43:14.402+0000: 264.348: [GC (CMS Initial Mark) [1 CMS-initial-mark: 197215K(393216K)] 209466K(502464K), 0.0053255 secs] [Times: user=0.00 sys=0.00, real=0.00 secs] 
2018-10-23T07:43:14.407+0000: 264.353: Total time for which application threads were stopped: 0.0116720 seconds, Stopping threads took: 0.0059135 seconds
2018-10-23T07:43:14.407+0000: 264.353: [CMS-concurrent-mark-start]
2018-10-23T07:43:14.598+0000: 264.544: [CMS-concurrent-mark: 0.191/0.191 secs] [Times: user=0.53 sys=0.00, real=0.20 secs] 
{Heap before GC invocations=396 (full 19):
 par new generation   total 109248K, used 99065K [0x00000000e0000000, 0x00000000e8000000, 0x00000000e8000000)
  eden space 87424K, 100% used [0x00000000e0000000, 0x00000000e5560000, 0x00000000e5560000)
  from space 21824K,  53% used [0x00000000e5560000, 0x00000000e60be440, 0x00000000e6ab0000)
  to   space 21824K,   0% used [0x00000000e6ab0000, 0x00000000e6ab0000, 0x00000000e8000000)
 concurrent mark-sweep generation total 393216K, used 197215K [0x00000000e8000000, 0x0000000100000000, 0x0000000100000000)
 Metaspace       used 47051K, capacity 48847K, committed 49624K, reserved 1093632K
  class space    used 5097K, capacity 5483K, committed 5628K, reserved 1048576K
2018-10-23T07:43:14.610+0000: 264.556: [GC (Allocation Failure) 2018-10-23T07:43:14.610+0000: 264.556: [ParNew
Desired survivor size 20112992 bytes, new threshold 8 (max 8)
- age   1:    2392856 bytes,    2392856 total
- age   2:    1616688 bytes,    4009544 total
- age   3:    1815048 bytes,    5824592 total
- age   4:    2623208 bytes,    8447800 total
- age   5:     834936 bytes,    9282736 total
- age   6:     525272 bytes,    9808008 total
- age   7:     558256 bytes,   10366264 total
- age   8:     503176 bytes,   10869440 total
: 99065K->14830K(109248K), 0.0348720 secs] 296280K->212418K(502464K), 0.0349743 secs] [Times: user=0.05 sys=0.00, real=0.03 secs] 
Heap after GC invocations=397 (full 19):
 par new generation   total 109248K, used 14830K [0x00000000e0000000, 0x00000000e8000000, 0x00000000e8000000)
  eden space 87424K,   0% used [0x00000000e0000000, 0x00000000e0000000, 0x00000000e5560000)
  from space 21824K,  67% used [0x00000000e6ab0000, 0x00000000e792ba28, 0x00000000e8000000)
  to   space 21824K,   0% used [0x00000000e5560000, 0x00000000e5560000, 0x00000000e6ab0000)
 concurrent mark-sweep generation total 393216K, used 197587K [0x00000000e8000000, 0x0000000100000000, 0x0000000100000000)
 Metaspace       used 47051K, capacity 48847K, committed 49624K, reserved 1093632K
  class space    used 5097K, capacity 5483K, committed 5628K, reserved 1048576K
}
2018-10-23T07:43:14.645+0000: 264.591: Total time for which application threads were stopped: 0.0467716 seconds, Stopping threads took: 0.0113479 seconds
2018-10-23T07:43:14.645+0000: 264.591: [CMS-concurrent-preclean-start]
2018-10-23T07:43:14.649+0000: 264.594: [CMS-concurrent-preclean: 0.003/0.004 secs] [Times: user=0.01 sys=0.00, real=0.00 secs] 
2018-10-23T07:43:14.649+0000: 264.595: [CMS-concurrent-abortable-preclean-start]
{Heap before GC invocations=397 (full 19):
 par new generation   total 109248K, used 102254K [0x00000000e0000000, 0x00000000e8000000, 0x00000000e8000000)
  eden space 87424K, 100% used [0x00000000e0000000, 0x00000000e5560000, 0x00000000e5560000)
  from space 21824K,  67% used [0x00000000e6ab0000, 0x00000000e792ba28, 0x00000000e8000000)
  to   space 21824K,   0% used [0x00000000e5560000, 0x00000000e5560000, 0x00000000e6ab0000)
 concurrent mark-sweep generation total 393216K, used 197587K [0x00000000e8000000, 0x0000000100000000, 0x0000000100000000)
 Metaspace       used 47051K, capacity 48847K, committed 49624K, reserved 1093632K
  class space    used 5097K, capacity 5483K, committed 5628K, reserved 1048576K
2018-10-23T07:43:14.762+0000: 264.708: [GC (Allocation Failure) 2018-10-23T07:43:14.762+0000: 264.708: [ParNew2018-10-23T07:43:14.776+0000: 264.721: [CMS-concurrent-abortable-preclean: 0.027/0.127 secs] [Times: user=0.25 sys=0.00, real=0.13 secs] 

Desired survivor size 20112992 bytes, new threshold 8 (max 8)
- age   1:    2169160 bytes,    2169160 total
- age   2:    1555656 bytes,    3724816 total
- age   3:    1535272 bytes,    5260088 total
- age   4:    1816392 bytes,    7076480 total
- age   5:    2624288 bytes,    9700768 total
- age   6:     834936 bytes,   10535704 total
- age   7:     525272 bytes,   11060976 total
- age   8:     558256 bytes,   11619232 total
: 102254K->15247K(109248K), 0.0181021 secs] 299842K->213327K(502464K), 0.0181869 secs] [Times: user=0.04 sys=0.00, real=0.02 secs] 
Heap after GC invocations=398 (full 19):
 par new generation   total 109248K, used 15247K [0x00000000e0000000, 0x00000000e8000000, 0x00000000e8000000)
  eden space 87424K,   0% used [0x00000000e0000000, 0x00000000e0000000, 0x00000000e5560000)
  from space 21824K,  69% used [0x00000000e5560000, 0x00000000e6443f90, 0x00000000e6ab0000)
  to   space 21824K,   0% used [0x00000000e6ab0000, 0x00000000e6ab0000, 0x00000000e8000000)
 concurrent mark-sweep generation total 393216K, used 198079K [0x00000000e8000000, 0x0000000100000000, 0x0000000100000000)
 Metaspace       used 47051K, capacity 48847K, committed 49624K, reserved 1093632K
  class space    used 5097K, capacity 5483K, committed 5628K, reserved 1048576K
}
2018-10-23T07:43:14.780+0000: 264.726: Total time for which application threads were stopped: 0.0188122 seconds, Stopping threads took: 0.0001383 seconds
2018-10-23T07:43:14.786+0000: 264.732: [GC (CMS Final Remark) [YG occupancy: 15923 K (109248 K)]{Heap before GC invocations=398 (full 19):
 par new generation   total 109248K, used 15923K [0x00000000e0000000, 0x00000000e8000000, 0x00000000e8000000)
  eden space 87424K,   0% used [0x00000000e0000000, 0x00000000e00a8cc8, 0x00000000e5560000)
  from space 21824K,  69% used [0x00000000e5560000, 0x00000000e6443f90, 0x00000000e6ab0000)
  to   space 21824K,   0% used [0x00000000e6ab0000, 0x00000000e6ab0000, 0x00000000e8000000)
 concurrent mark-sweep generation total 393216K, used 198079K [0x00000000e8000000, 0x0000000100000000, 0x0000000100000000)
 Metaspace       used 47051K, capacity 48847K, committed 49624K, reserved 1093632K
  class space    used 5097K, capacity 5483K, committed 5628K, reserved 1048576K
2018-10-23T07:43:14.786+0000: 264.732: [GC (CMS Final Remark) 2018-10-23T07:43:14.786+0000: 264.732: [ParNew
Desired survivor size 20112992 bytes, new threshold 8 (max 8)
- age   1:       1248 bytes,       1248 total
- age   2:    2160160 bytes,    2161408 total
- age   3:    1553808 bytes,    3715216 total
- age   4:    1532848 bytes,    5248064 total
- age   5:    1815048 bytes,    7063112 total
- age   6:    2623208 bytes,    9686320 total
- age   7:     834936 bytes,   10521256 total
- age   8:     525272 bytes,   11046528 total
: 15923K->11553K(109248K), 0.0251138 secs] 214002K->210177K(502464K), 0.0251851 secs] [Times: user=0.05 sys=0.00, real=0.03 secs] 
Heap after GC invocations=399 (full 19):
 par new generation   total 109248K, used 11553K [0x00000000e0000000, 0x00000000e8000000, 0x00000000e8000000)
  eden space 87424K,   0% used [0x00000000e0000000, 0x00000000e0000000, 0x00000000e5560000)
  from space 21824K,  52% used [0x00000000e6ab0000, 0x00000000e75f8640, 0x00000000e8000000)
  to   space 21824K,   0% used [0x00000000e5560000, 0x00000000e5560000, 0x00000000e6ab0000)
 concurrent mark-sweep generation total 393216K, used 198624K [0x00000000e8000000, 0x0000000100000000, 0x0000000100000000)
 Metaspace       used 47051K, capacity 48847K, committed 49624K, reserved 1093632K
  class space    used 5097K, capacity 5483K, committed 5628K, reserved 1048576K
}
2018-10-23T07:43:14.811+0000: 264.757: [Rescan (parallel) , 0.0096561 secs]2018-10-23T07:43:14.821+0000: 264.767: [weak refs processing, 0.0057877 secs]2018-10-23T07:43:14.827+0000: 264.773: [class unloading, 0.0139226 secs]2018-10-23T07:43:14.841+0000: 264.787: [scrub symbol table, 0.0072092 secs]2018-10-23T07:43:14.848+0000: 264.794: [scrub string table, 0.0008615 secs][1 CMS-remark: 198624K(393216K)] 210177K(502464K), 0.0630150 secs] [Times: user=0.10 sys=0.00, real=0.06 secs] 
2018-10-23T07:43:14.849+0000: 264.795: Total time for which application threads were stopped: 0.0687213 seconds, Stopping threads took: 0.0052822 seconds
2018-10-23T07:43:14.854+0000: 264.799: [CMS-concurrent-sweep-start]
2018-10-23T07:43:14.950+0000: 264.896: [CMS-concurrent-sweep: 0.096/0.096 secs] [Times: user=0.22 sys=0.00, real=0.10 secs] 
2018-10-23T07:43:14.950+0000: 264.896: [CMS-concurrent-reset-start]
2018-10-23T07:43:14.951+0000: 264.897: [CMS-concurrent-reset: 0.001/0.001 secs] [Times: user=0.01 sys=0.00, real=0.00 secs] 
{Heap before GC invocations=399 (full 19):
 par new generation   total 109248K, used 98977K [0x00000000e0000000, 0x00000000e8000000, 0x00000000e8000000)
  eden space 87424K, 100% used [0x00000000e0000000, 0x00000000e5560000, 0x00000000e5560000)
  from space 21824K,  52% used [0x00000000e6ab0000, 0x00000000e75f8640, 0x00000000e8000000)
  to   space 21824K,   0% used [0x00000000e5560000, 0x00000000e5560000, 0x00000000e6ab0000)
 concurrent mark-sweep generation total 393216K, used 182456K [0x00000000e8000000, 0x0000000100000000, 0x0000000100000000)
 Metaspace       used 47051K, capacity 48847K, committed 49624K, reserved 1093632K
  class space    used 5097K, capacity 5483K, committed 5628K, reserved 1048576K
2018-10-23T07:43:14.966+0000: 264.912: [GC (Allocation Failure) 2018-10-23T07:43:14.966+0000: 264.912: [ParNew
Desired survivor size 20112992 bytes, new threshold 8 (max 8)
- age   1:    3009728 bytes,    3009728 total
- age   2:         96 bytes,    3009824 total
- age   3:    1190048 bytes,    4199872 total
- age   4:    1418560 bytes,    5618432 total
- age   5:    1498848 bytes,    7117280 total
- age   6:    1813984 bytes,    8931264 total
- age   7:    1888552 bytes,   10819816 total
- age   8:     352680 bytes,   11172496 total
: 98977K->14302K(109248K), 0.0302119 secs] 281434K->196936K(502464K), 0.0303177 secs] [Times: user=0.05 sys=0.00, real=0.03 secs] 
Heap after GC invocations=400 (full 19):
 par new generation   total 109248K, used 14302K [0x00000000e0000000, 0x00000000e8000000, 0x00000000e8000000)
  eden space 87424K,   0% used [0x00000000e0000000, 0x00000000e0000000, 0x00000000e5560000)
  from space 21824K,  65% used [0x00000000e5560000, 0x00000000e63579a0, 0x00000000e6ab0000)
  to   space 21824K,   0% used [0x00000000e6ab0000, 0x00000000e6ab0000, 0x00000000e8000000)
 concurrent mark-sweep generation total 393216K, used 182634K [0x00000000e8000000, 0x0000000100000000, 0x0000000100000000)
 Metaspace       used 47051K, capacity 48847K, committed 49624K, reserved 1093632K
  class space    used 5097K, capacity 5483K, committed 5628K, reserved 1048576K
}
2018-10-23T07:43:14.997+0000: 264.943: Total time for which application threads were stopped: 0.0308826 seconds, Stopping threads took: 0.0000657 seconds
{Heap before GC invocations=400 (full 19):
 par new generation   total 109248K, used 101726K [0x00000000e0000000, 0x00000000e8000000, 0x00000000e8000000)
  eden space 87424K, 100% used [0x00000000e0000000, 0x00000000e5560000, 0x00000000e5560000)
  from space 21824K,  65% used [0x00000000e5560000, 0x00000000e63579a0, 0x00000000e6ab0000)
  to   space 21824K,   0% used [0x00000000e6ab0000, 0x00000000e6ab0000, 0x00000000e8000000)
 concurrent mark-sweep generation total 393216K, used 182634K [0x00000000e8000000, 0x0000000100000000, 0x0000000100000000)
 Metaspace       used 47051K, capacity 48847K, committed 49624K, reserved 1093632K
  class space    used 5097K, capacity 5483K, committed 5628K, reserved 1048576K
2018-10-23T07:43:15.108+0000: 265.054: [GC (Allocation Failure) 2018-10-23T07:43:15.108+0000: 265.054: [ParNew
Desired survivor size 20112992 bytes, new threshold 8 (max 8)
- age   1:    3386656 bytes,    3386656 total
- age   2:    1488472 bytes,    4875128 total
- age   3:         48 bytes,    4875176 total
- age   4:    1060656 bytes,    5935832 total
- age   5:    1315960 bytes,    7251792 total
- age   6:    1425960 bytes,    8677752 total
- age   7:    1764760 bytes,   10442512 total
- age   8:    1613760 bytes,   12056272 total
: 101726K->14569K(109248K), 0.0259179 secs] 284360K->197547K(502464K), 0.0260277 secs] [Times: user=0.03 sys=0.00, real=0.03 secs] 
Heap after GC invocations=401 (full 19):
 par new generation   total 109248K, used 14569K [0x00000000e0000000, 0x00000000e8000000, 0x00000000e8000000)
  eden space 87424K,   0% used [0x00000000e0000000, 0x00000000e0000000, 0x00000000e5560000)
  from space 21824K,  66% used [0x00000000e6ab0000, 0x00000000e78ea4f8, 0x00000000e8000000)
  to   space 21824K,   0% used [0x00000000e5560000, 0x00000000e5560000, 0x00000000e6ab0000)
 concurrent mark-sweep generation total 393216K, used 182978K [0x00000000e8000000, 0x0000000100000000, 0x0000000100000000)
 Metaspace       used 47051K, capacity 48847K, committed 49624K, reserved 1093632K
  class space    used 5097K, capacity 5483K, committed 5628K, reserved 1048576K
}
2018-10-23T07:43:15.134+0000: 265.080: Total time for which application threads were stopped: 0.0335370 seconds, Stopping threads took: 0.0070143 seconds
{Heap before GC invocations=401 (full 19):
 par new generation   total 109248K, used 101993K [0x00000000e0000000, 0x00000000e8000000, 0x00000000e8000000)
  eden space 87424K, 100% used [0x00000000e0000000, 0x00000000e5560000, 0x00000000e5560000)
  from space 21824K,  66% used [0x00000000e6ab0000, 0x00000000e78ea4f8, 0x00000000e8000000)
  to   space 21824K,   0% used [0x00000000e5560000, 0x00000000e5560000, 0x00000000e6ab0000)
 concurrent mark-sweep generation total 393216K, used 182978K [0x00000000e8000000, 0x0000000100000000, 0x0000000100000000)
 Metaspace       used 47051K, capacity 48847K, committed 49624K, reserved 1093632K
  class space    used 5097K, capacity 5483K, committed 5628K, reserved 1048576K
2018-10-23T07:43:15.245+0000: 265.190: [GC (Allocation Failure) 2018-10-23T07:43:15.245+0000: 265.190: [ParNew
Desired survivor size 20112992 bytes, new threshold 8 (max 8)
- age   1:    3281368 bytes,    3281368 total
- age   2:    1930912 bytes,    5212280 total
- age   3:     892920 bytes,    6105200 total
- age   5:     565104 bytes,    6670304 total
- age   6:     639392 bytes,    7309696 total
- age   7:     950568 bytes,    8260264 total
- age   8:    1387184 bytes,    9647448 total
: 101993K->13061K(109248K), 0.0597878 secs] 284971K->196885K(502464K), 0.0599133 secs] [Times: user=0.03 sys=0.00, real=0.06 secs] 
Heap after GC invocations=402 (full 19):
 par new generation   total 109248K, used 13061K [0x00000000e0000000, 0x00000000e8000000, 0x00000000e8000000)
  eden space 87424K,   0% used [0x00000000e0000000, 0x00000000e0000000, 0x00000000e5560000)
  from space 21824K,  59% used [0x00000000e5560000, 0x00000000e6221578, 0x00000000e6ab0000)
  to   space 21824K,   0% used [0x00000000e6ab0000, 0x00000000e6ab0000, 0x00000000e8000000)
 concurrent mark-sweep generation total 393216K, used 183824K [0x00000000e8000000, 0x0000000100000000, 0x0000000100000000)
 Metaspace       used 47051K, capacity 48847K, committed 49624K, reserved 1093632K
  class space    used 5097K, capacity 5483K, committed 5628K, reserved 1048576K
}
2018-10-23T07:43:15.305+0000: 265.250: Total time for which application threads were stopped: 0.0665044 seconds, Stopping threads took: 0.0060709 seconds
{Heap before GC invocations=402 (full 19):
 par new generation   total 109248K, used 100485K [0x00000000e0000000, 0x00000000e8000000, 0x00000000e8000000)
  eden space 87424K, 100% used [0x00000000e0000000, 0x00000000e5560000, 0x00000000e5560000)
  from space 21824K,  59% used [0x00000000e5560000, 0x00000000e6221578, 0x00000000e6ab0000)
  to   space 21824K,   0% used [0x00000000e6ab0000, 0x00000000e6ab0000, 0x00000000e8000000)
 concurrent mark-sweep generation total 393216K, used 183824K [0x00000000e8000000, 0x0000000100000000, 0x0000000100000000)
 Metaspace       used 47051K, capacity 48847K, committed 49624K, reserved 1093632K
  class space    used 5097K, capacity 5483K, committed 5628K, reserved 1048576K
2018-10-23T07:43:15.381+0000: 265.327: [GC (Allocation Failure) 2018-10-23T07:43:15.381+0000: 265.327: [ParNew
Desired survivor size 20112992 bytes, new threshold 8 (max 8)
- age   1:    2411208 bytes,    2411208 total
- age   2:    2352968 bytes,    4764176 total
- age   3:    1823432 bytes,    6587608 total
- age   4:     821184 bytes,    7408792 total
- age   6:     460152 bytes,    7868944 total
- age   7:     507224 bytes,    8376168 total
- age   8:     785000 bytes,    9161168 total
: 100485K->12290K(109248K), 0.0195932 secs] 284309K->197392K(502464K), 0.0196912 secs] [Times: user=0.02 sys=0.00, real=0.02 secs] 
Heap after GC invocations=403 (full 19):
 par new generation   total 109248K, used 12290K [0x00000000e0000000, 0x00000000e8000000, 0x00000000e8000000)
  eden space 87424K,   0% used [0x00000000e0000000, 0x00000000e0000000, 0x00000000e5560000)
  from space 21824K,  56% used [0x00000000e6ab0000, 0x00000000e76b0a40, 0x00000000e8000000)
  to   space 21824K,   0% used [0x00000000e5560000, 0x00000000e5560000, 0x00000000e6ab0000)
 concurrent mark-sweep generation total 393216K, used 185102K [0x00000000e8000000, 0x0000000100000000, 0x0000000100000000)
 Metaspace       used 47051K, capacity 48847K, committed 49624K, reserved 1093632K
  class space    used 5097K, capacity 5483K, committed 5628K, reserved 1048576K
}
2018-10-23T07:43:15.401+0000: 265.347: Total time for which application threads were stopped: 0.0203237 seconds, Stopping threads took: 0.0001368 seconds
{Heap before GC invocations=403 (full 19):
 par new generation   total 109248K, used 99714K [0x00000000e0000000, 0x00000000e8000000, 0x00000000e8000000)
  eden space 87424K, 100% used [0x00000000e0000000, 0x00000000e5560000, 0x00000000e5560000)
  from space 21824K,  56% used [0x00000000e6ab0000, 0x00000000e76b0a40, 0x00000000e8000000)
  to   space 21824K,   0% used [0x00000000e5560000, 0x00000000e5560000, 0x00000000e6ab0000)
 concurrent mark-sweep generation total 393216K, used 185102K [0x00000000e8000000, 0x0000000100000000, 0x0000000100000000)
 Metaspace       used 47051K, capacity 48847K, committed 49624K, reserved 1093632K
  class space    used 5097K, capacity 5483K, committed 5628K, reserved 1048576K
2018-10-23T07:43:15.512+0000: 265.458: [GC (Allocation Failure) 2018-10-23T07:43:15.512+0000: 265.458: [ParNew
Desired survivor size 20112992 bytes, new threshold 8 (max 8)
- age   1:    3109152 bytes,    3109152 total
- age   2:    1159064 bytes,    4268216 total
- age   3:    2324744 bytes,    6592960 total
- age   4:    1814632 bytes,    8407592 total
- age   5:     788400 bytes,    9195992 total
- age   7:     460152 bytes,    9656144 total
- age   8:     507224 bytes,   10163368 total
: 99714K->10978K(109248K), 0.0168036 secs] 284816K->196847K(502464K), 0.0169090 secs] [Times: user=0.03 sys=0.00, real=0.01 secs] 
Heap after GC invocations=404 (full 19):
 par new generation   total 109248K, used 10978K [0x00000000e0000000, 0x00000000e8000000, 0x00000000e8000000)
  eden space 87424K,   0% used [0x00000000e0000000, 0x00000000e0000000, 0x00000000e5560000)
  from space 21824K,  50% used [0x00000000e5560000, 0x00000000e6018940, 0x00000000e6ab0000)
  to   space 21824K,   0% used [0x00000000e6ab0000, 0x00000000e6ab0000, 0x00000000e8000000)
 concurrent mark-sweep generation total 393216K, used 185868K [0x00000000e8000000, 0x0000000100000000, 0x0000000100000000)
 Metaspace       used 47051K, capacity 48847K, committed 49624K, reserved 1093632K
  class space    used 5097K, capacity 5483K, committed 5628K, reserved 1048576K
}
2018-10-23T07:43:15.529+0000: 265.475: Total time for which application threads were stopped: 0.0234390 seconds, Stopping threads took: 0.0060148 seconds
{Heap before GC invocations=404 (full 19):
 par new generation   total 109248K, used 98402K [0x00000000e0000000, 0x00000000e8000000, 0x00000000e8000000)
  eden space 87424K, 100% used [0x00000000e0000000, 0x00000000e5560000, 0x00000000e5560000)
  from space 21824K,  50% used [0x00000000e5560000, 0x00000000e6018940, 0x00000000e6ab0000)
  to   space 21824K,   0% used [0x00000000e6ab0000, 0x00000000e6ab0000, 0x00000000e8000000)
 concurrent mark-sweep generation total 393216K, used 185868K [0x00000000e8000000, 0x0000000100000000, 0x0000000100000000)
 Metaspace       used 47051K, capacity 48847K, committed 49624K, reserved 1093632K
  class space    used 5097K, capacity 5483K, committed 5628K, reserved 1048576K
2018-10-23T07:43:15.621+0000: 265.567: [GC (Allocation Failure) 2018-10-23T07:43:15.621+0000: 265.567: [ParNew
Desired survivor size 20112992 bytes, new threshold 8 (max 8)
- age   1:    2841848 bytes,    2841848 total
- age   2:    1841904 bytes,    4683752 total
- age   3:    1076656 bytes,    5760408 total
- age   4:    2297280 bytes,    8057688 total
- age   5:    1814256 bytes,    9871944 total
- age   6:     788400 bytes,   10660344 total
- age   8:     460152 bytes,   11120496 total
: 98402K->15161K(109248K), 0.0260013 secs] 284271K->201525K(502464K), 0.0261158 secs] [Times: user=0.05 sys=0.00, real=0.02 secs] 
Heap after GC invocations=405 (full 19):
 par new generation   total 109248K, used 15161K [0x00000000e0000000, 0x00000000e8000000, 0x00000000e8000000)
  eden space 87424K,   0% used [0x00000000e0000000, 0x00000000e0000000, 0x00000000e5560000)
  from space 21824K,  69% used [0x00000000e6ab0000, 0x00000000e797e5d0, 0x00000000e8000000)
  to   space 21824K,   0% used [0x00000000e5560000, 0x00000000e5560000, 0x00000000e6ab0000)
 concurrent mark-sweep generation total 393216K, used 186364K [0x00000000e8000000, 0x0000000100000000, 0x0000000100000000)
 Metaspace       used 47051K, capacity 48847K, committed 49624K, reserved 1093632K
  class space    used 5097K, capacity 5483K, committed 5628K, reserved 1048576K
}
2018-10-23T07:43:15.647+0000: 265.593: Total time for which application threads were stopped: 0.0266864 seconds, Stopping threads took: 0.0000833 seconds
{Heap before GC invocations=405 (full 19):
 par new generation   total 109248K, used 102585K [0x00000000e0000000, 0x00000000e8000000, 0x00000000e8000000)
  eden space 87424K, 100% used [0x00000000e0000000, 0x00000000e5560000, 0x00000000e5560000)
  from space 21824K,  69% used [0x00000000e6ab0000, 0x00000000e797e5d0, 0x00000000e8000000)
  to   space 21824K,   0% used [0x00000000e5560000, 0x00000000e5560000, 0x00000000e6ab0000)
 concurrent mark-sweep generation total 393216K, used 186364K [0x00000000e8000000, 0x0000000100000000, 0x0000000100000000)
 Metaspace       used 47051K, capacity 48847K, committed 49624K, reserved 1093632K
  class space    used 5097K, capacity 5483K, committed 5628K, reserved 1048576K
2018-10-23T07:43:15.759+0000: 265.705: [GC (Allocation Failure) 2018-10-23T07:43:15.759+0000: 265.705: [ParNew
Desired survivor size 20112992 bytes, new threshold 8 (max 8)
- age   1:    3125760 bytes,    3125760 total
- age   2:    2042096 bytes,    5167856 total
- age   3:    1655088 bytes,    6822944 total
- age   4:    1076656 bytes,    7899600 total
- age   5:    2296840 bytes,   10196440 total
- age   6:    1814256 bytes,   12010696 total
- age   7:     788400 bytes,   12799096 total
: 102585K->14036K(109248K), 0.0311463 secs] 288949K->200849K(502464K), 0.0312489 secs] [Times: user=0.04 sys=0.00, real=0.03 secs] 
Heap after GC invocations=406 (full 19):
 par new generation   total 109248K, used 14036K [0x00000000e0000000, 0x00000000e8000000, 0x00000000e8000000)
  eden space 87424K,   0% used [0x00000000e0000000, 0x00000000e0000000, 0x00000000e5560000)
  from space 21824K,  64% used [0x00000000e5560000, 0x00000000e6315160, 0x00000000e6ab0000)
  to   space 21824K,   0% used [0x00000000e6ab0000, 0x00000000e6ab0000, 0x00000000e8000000)
 concurrent mark-sweep generation total 393216K, used 186813K [0x00000000e8000000, 0x0000000100000000, 0x0000000100000000)
 Metaspace       used 47051K, capacity 48847K, committed 49624K, reserved 1093632K
  class space    used 5097K, capacity 5483K, committed 5628K, reserved 1048576K
}
2018-10-23T07:43:15.790+0000: 265.736: Total time for which application threads were stopped: 0.0319993 seconds, Stopping threads took: 0.0002600 seconds
{Heap before GC invocations=406 (full 19):
 par new generation   total 109248K, used 101460K [0x00000000e0000000, 0x00000000e8000000, 0x00000000e8000000)
  eden space 87424K, 100% used [0x00000000e0000000, 0x00000000e5560000, 0x00000000e5560000)
  from space 21824K,  64% used [0x00000000e5560000, 0x00000000e6315160, 0x00000000e6ab0000)
  to   space 21824K,   0% used [0x00000000e6ab0000, 0x00000000e6ab0000, 0x00000000e8000000)
 concurrent mark-sweep generation total 393216K, used 186813K [0x00000000e8000000, 0x0000000100000000, 0x0000000100000000)
 Metaspace       used 47051K, capacity 48847K, committed 49624K, reserved 1093632K
  class space    used 5097K, capacity 5483K, committed 5628K, reserved 1048576K
2018-10-23T07:43:15.916+0000: 265.862: [GC (Allocation Failure) 2018-10-23T07:43:15.916+0000: 265.862: [ParNew
Desired survivor size 20112992 bytes, new threshold 8 (max 8)
- age   1:    3335656 bytes,    3335656 total
- age   2:    1653392 bytes,    4989048 total
- age   3:    1696440 bytes,    6685488 total
- age   4:    1614080 bytes,    8299568 total
- age   5:    1068416 bytes,    9367984 total
- age   6:    2296760 bytes,   11664744 total
- age   7:    1814256 bytes,   13479000 total
- age   8:     788400 bytes,   14267400 total
: 101460K->19134K(109248K), 0.0242518 secs] 288273K->205948K(502464K), 0.0243614 secs] [Times: user=0.04 sys=0.00, real=0.03 secs] 
Heap after GC invocations=407 (full 19):
 par new generation   total 109248K, used 19134K [0x00000000e0000000, 0x00000000e8000000, 0x00000000e8000000)
  eden space 87424K,   0% used [0x00000000e0000000, 0x00000000e0000000, 0x00000000e5560000)
  from space 21824K,  87% used [0x00000000e6ab0000, 0x00000000e7d5f990, 0x00000000e8000000)
  to   space 21824K,   0% used [0x00000000e5560000, 0x00000000e5560000, 0x00000000e6ab0000)
 concurrent mark-sweep generation total 393216K, used 186813K [0x00000000e8000000, 0x0000000100000000, 0x0000000100000000)
 Metaspace       used 47051K, capacity 48847K, committed 49624K, reserved 1093632K
  class space    used 5097K, capacity 5483K, committed 5628K, reserved 1048576K
}
2018-10-23T07:43:15.941+0000: 265.887: Total time for which application threads were stopped: 0.0310244 seconds, Stopping threads took: 0.0061639 seconds
{Heap before GC invocations=407 (full 19):
 par new generation   total 109248K, used 106558K [0x00000000e0000000, 0x00000000e8000000, 0x00000000e8000000)
  eden space 87424K, 100% used [0x00000000e0000000, 0x00000000e5560000, 0x00000000e5560000)
  from space 21824K,  87% used [0x00000000e6ab0000, 0x00000000e7d5f990, 0x00000000e8000000)
  to   space 21824K,   0% used [0x00000000e5560000, 0x00000000e5560000, 0x00000000e6ab0000)
 concurrent mark-sweep generation total 393216K, used 186813K [0x00000000e8000000, 0x0000000100000000, 0x0000000100000000)
 Metaspace       used 47051K, capacity 48847K, committed 49624K, reserved 1093632K
  class space    used 5097K, capacity 5483K, committed 5628K, reserved 1048576K
2018-10-23T07:43:16.050+0000: 265.996: [GC (Allocation Failure) 2018-10-23T07:43:16.050+0000: 265.996: [ParNew
Desired survivor size 20112992 bytes, new threshold 8 (max 8)
- age   1:    3461864 bytes,    3461864 total
- age   2:    1861984 bytes,    5323848 total
- age   3:    1513472 bytes,    6837320 total
- age   4:    1626264 bytes,    8463584 total
- age   5:    1614080 bytes,   10077664 total
- age   6:    1060208 bytes,   11137872 total
- age   7:    2296408 bytes,   13434280 total
- age   8:    1814152 bytes,   15248432 total
: 106558K->17906K(109248K), 0.0308591 secs] 293372K->205489K(502464K), 0.0309839 secs] [Times: user=0.03 sys=0.00, real=0.03 secs] 
Heap after GC invocations=408 (full 19):
 par new generation   total 109248K, used 17906K [0x00000000e0000000, 0x00000000e8000000, 0x00000000e8000000)
  eden space 87424K,   0% used [0x00000000e0000000, 0x00000000e0000000, 0x00000000e5560000)
  from space 21824K,  82% used [0x00000000e5560000, 0x00000000e66dc960, 0x00000000e6ab0000)
  to   space 21824K,   0% used [0x00000000e6ab0000, 0x00000000e6ab0000, 0x00000000e8000000)
 concurrent mark-sweep generation total 393216K, used 187583K [0x00000000e8000000, 0x0000000100000000, 0x0000000100000000)
 Metaspace       used 47051K, capacity 48847K, committed 49624K, reserved 1093632K
  class space    used 5097K, capacity 5483K, committed 5628K, reserved 1048576K
}
2018-10-23T07:43:16.081+0000: 266.027: Total time for which application threads were stopped: 0.0315226 seconds, Stopping threads took: 0.0000596 seconds
{Heap before GC invocations=408 (full 19):
 par new generation   total 109248K, used 105330K [0x00000000e0000000, 0x00000000e8000000, 0x00000000e8000000)
  eden space 87424K, 100% used [0x00000000e0000000, 0x00000000e5560000, 0x00000000e5560000)
  from space 21824K,  82% used [0x00000000e5560000, 0x00000000e66dc960, 0x00000000e6ab0000)
  to   space 21824K,   0% used [0x00000000e6ab0000, 0x00000000e6ab0000, 0x00000000e8000000)
 concurrent mark-sweep generation total 393216K, used 187583K [0x00000000e8000000, 0x0000000100000000, 0x0000000100000000)
 Metaspace       used 47052K, capacity 48847K, committed 49624K, reserved 1093632K
  class space    used 5097K, capacity 5483K, committed 5628K, reserved 1048576K
2018-10-23T07:43:16.301+0000: 266.246: [GC (Allocation Failure) 2018-10-23T07:43:16.301+0000: 266.247: [ParNew
Desired survivor size 20112992 bytes, new threshold 8 (max 8)
- age   1:    3444408 bytes,    3444408 total
- age   2:    2271856 bytes,    5716264 total
- age   3:    1708272 bytes,    7424536 total
- age   4:    1289840 bytes,    8714376 total
- age   5:    1389896 bytes,   10104272 total
- age   6:    1432144 bytes,   11536416 total
- age   7:     953064 bytes,   12489480 total
- age   8:    1973376 bytes,   14462856 total
: 105330K->19736K(109248K), 0.0213817 secs] 292913K->208822K(502464K), 0.0214939 secs] [Times: user=0.05 sys=0.00, real=0.02 secs] 
Heap after GC invocations=409 (full 19):
 par new generation   total 109248K, used 19736K [0x00000000e0000000, 0x00000000e8000000, 0x00000000e8000000)
  eden space 87424K,   0% used [0x00000000e0000000, 0x00000000e0000000, 0x00000000e5560000)
  from space 21824K,  90% used [0x00000000e6ab0000, 0x00000000e7df6370, 0x00000000e8000000)
  to   space 21824K,   0% used [0x00000000e5560000, 0x00000000e5560000, 0x00000000e6ab0000)
 concurrent mark-sweep generation total 393216K, used 189085K [0x00000000e8000000, 0x0000000100000000, 0x0000000100000000)
 Metaspace       used 47052K, capacity 48847K, committed 49624K, reserved 1093632K
  class space    used 5097K, capacity 5483K, committed 5628K, reserved 1048576K
}
2018-10-23T07:43:16.322+0000: 266.268: Total time for which application threads were stopped: 0.0221903 seconds, Stopping threads took: 0.0001315 seconds
{Heap before GC invocations=409 (full 19):
 par new generation   total 109248K, used 107160K [0x00000000e0000000, 0x00000000e8000000, 0x00000000e8000000)
  eden space 87424K, 100% used [0x00000000e0000000, 0x00000000e5560000, 0x00000000e5560000)
  from space 21824K,  90% used [0x00000000e6ab0000, 0x00000000e7df6370, 0x00000000e8000000)
  to   space 21824K,   0% used [0x00000000e5560000, 0x00000000e5560000, 0x00000000e6ab0000)
 concurrent mark-sweep generation total 393216K, used 189085K [0x00000000e8000000, 0x0000000100000000, 0x0000000100000000)
 Metaspace       used 47052K, capacity 48847K, committed 49624K, reserved 1093632K
  class space    used 5097K, capacity 5483K, committed 5628K, reserved 1048576K
2018-10-23T07:43:16.529+0000: 266.474: [GC (Allocation Failure) 2018-10-23T07:43:16.529+0000: 266.474: [ParNew
Desired survivor size 20112992 bytes, new threshold 8 (max 8)
- age   1:    1779144 bytes,    1779144 total
- age   2:    2163928 bytes,    3943072 total
- age   3:     876872 bytes,    4819944 total
- age   4:     807224 bytes,    5627168 total
- age   5:     568216 bytes,    6195384 total
- age   6:     731880 bytes,    6927264 total
- age   7:     690704 bytes,    7617968 total
- age   8:     525352 bytes,    8143320 total
: 107160K->12878K(109248K), 0.0212719 secs] 296246K->203296K(502464K), 0.0213805 secs] [Times: user=0.03 sys=0.00, real=0.03 secs] 
Heap after GC invocations=410 (full 19):
 par new generation   total 109248K, used 12878K [0x00000000e0000000, 0x00000000e8000000, 0x00000000e8000000)
  eden space 87424K,   0% used [0x00000000e0000000, 0x00000000e0000000, 0x00000000e5560000)
  from space 21824K,  59% used [0x00000000e5560000, 0x00000000e61f3b70, 0x00000000e6ab0000)
  to   space 21824K,   0% used [0x00000000e6ab0000, 0x00000000e6ab0000, 0x00000000e8000000)
 concurrent mark-sweep generation total 393216K, used 190417K [0x00000000e8000000, 0x0000000100000000, 0x0000000100000000)
 Metaspace       used 47052K, capacity 48847K, committed 49624K, reserved 1093632K
  class space    used 5097K, capacity 5483K, committed 5628K, reserved 1048576K
}
2018-10-23T07:43:16.550+0000: 266.496: Total time for which application threads were stopped: 0.0236894 seconds, Stopping threads took: 0.0017805 seconds
{Heap before GC invocations=410 (full 19):
 par new generation   total 109248K, used 100302K [0x00000000e0000000, 0x00000000e8000000, 0x00000000e8000000)
  eden space 87424K, 100% used [0x00000000e0000000, 0x00000000e5560000, 0x00000000e5560000)
  from space 21824K,  59% used [0x00000000e5560000, 0x00000000e61f3b70, 0x00000000e6ab0000)
  to   space 21824K,   0% used [0x00000000e6ab0000, 0x00000000e6ab0000, 0x00000000e8000000)
 concurrent mark-sweep generation total 393216K, used 190417K [0x00000000e8000000, 0x0000000100000000, 0x0000000100000000)
 Metaspace       used 47052K, capacity 48847K, committed 49624K, reserved 1093632K
  class space    used 5097K, capacity 5483K, committed 5628K, reserved 1048576K
2018-10-23T07:43:16.690+0000: 266.636: [GC (Allocation Failure) 2018-10-23T07:43:16.690+0000: 266.636: [ParNew
Desired survivor size 20112992 bytes, new threshold 8 (max 8)
- age   1:    2897184 bytes,    2897184 total
- age   2:    1025688 bytes,    3922872 total
- age   3:    2056232 bytes,    5979104 total
- age   4:     876872 bytes,    6855976 total
- age   5:     807224 bytes,    7663200 total
- age   6:     568216 bytes,    8231416 total
- age   7:     731880 bytes,    8963296 total
- age   8:     690704 bytes,    9654000 total
: 100302K->10336K(109248K), 0.0224855 secs] 290720K->201267K(502464K), 0.0226103 secs] [Times: user=0.03 sys=0.00, real=0.02 secs] 
Heap after GC invocations=411 (full 19):
 par new generation   total 109248K, used 10336K [0x00000000e0000000, 0x00000000e8000000, 0x00000000e8000000)
  eden space 87424K,   0% used [0x00000000e0000000, 0x00000000e0000000, 0x00000000e5560000)
  from space 21824K,  47% used [0x00000000e6ab0000, 0x00000000e74c81a0, 0x00000000e8000000)
  to   space 21824K,   0% used [0x00000000e5560000, 0x00000000e5560000, 0x00000000e6ab0000)
 concurrent mark-sweep generation total 393216K, used 190930K [0x00000000e8000000, 0x0000000100000000, 0x0000000100000000)
 Metaspace       used 47052K, capacity 48847K, committed 49624K, reserved 1093632K
  class space    used 5097K, capacity 5483K, committed 5628K, reserved 1048576K
}
2018-10-23T07:43:16.713+0000: 266.659: Total time for which application threads were stopped: 0.0275436 seconds, Stopping threads took: 0.0044123 seconds
2018-10-23T07:43:17.713+0000: 267.659: Total time for which application threads were stopped: 0.0004340 seconds, Stopping threads took: 0.0000913 seconds
2018-10-23T07:43:20.309+0000: 270.254: Total time for which application threads were stopped: 0.0004449 seconds, Stopping threads took: 0.0000970 seconds
2018-10-23T07:43:20.444+0000: 270.390: Total time for which application threads were stopped: 0.0004843 seconds, Stopping threads took: 0.0001610 seconds
{Heap before GC invocations=411 (full 19):
 par new generation   total 109248K, used 97760K [0x00000000e0000000, 0x00000000e8000000, 0x00000000e8000000)
  eden space 87424K, 100% used [0x00000000e0000000, 0x00000000e5560000, 0x00000000e5560000)
  from space 21824K,  47% used [0x00000000e6ab0000, 0x00000000e74c81a0, 0x00000000e8000000)
  to   space 21824K,   0% used [0x00000000e5560000, 0x00000000e5560000, 0x00000000e6ab0000)
 concurrent mark-sweep generation total 393216K, used 190930K [0x00000000e8000000, 0x0000000100000000, 0x0000000100000000)
 Metaspace       used 47053K, capacity 48847K, committed 49624K, reserved 1093632K
  class space    used 5097K, capacity 5483K, committed 5628K, reserved 1048576K
2018-10-23T07:43:23.689+0000: 273.635: [GC (Allocation Failure) 2018-10-23T07:43:23.689+0000: 273.635: [ParNew
Desired survivor size 20112992 bytes, new threshold 8 (max 8)
- age   1:    1549312 bytes,    1549312 total
- age   2:     252888 bytes,    1802200 total
- age   3:     191744 bytes,    1993944 total
- age   4:     177168 bytes,    2171112 total
- age   5:     876872 bytes,    3047984 total
- age   6:     807224 bytes,    3855208 total
- age   7:     568216 bytes,    4423424 total
- age   8:     731880 bytes,    5155304 total
: 97760K->8104K(109248K), 0.0051428 secs] 288691K->199709K(502464K), 0.0052434 secs] [Times: user=0.02 sys=0.00, real=0.01 secs] 
Heap after GC invocations=412 (full 19):
 par new generation   total 109248K, used 8104K [0x00000000e0000000, 0x00000000e8000000, 0x00000000e8000000)
  eden space 87424K,   0% used [0x00000000e0000000, 0x00000000e0000000, 0x00000000e5560000)
  from space 21824K,  37% used [0x00000000e5560000, 0x00000000e5d4a1e0, 0x00000000e6ab0000)
  to   space 21824K,   0% used [0x00000000e6ab0000, 0x00000000e6ab0000, 0x00000000e8000000)
 concurrent mark-sweep generation total 393216K, used 191605K [0x00000000e8000000, 0x0000000100000000, 0x0000000100000000)
 Metaspace       used 47053K, capacity 48847K, committed 49624K, reserved 1093632K
  class space    used 5097K, capacity 5483K, committed 5628K, reserved 1048576K
}
2018-10-23T07:43:23.695+0000: 273.640: Total time for which application threads were stopped: 0.0058227 seconds, Stopping threads took: 0.0000993 seconds
2018-10-23T07:43:24.717+0000: 274.663: Total time for which application threads were stopped: 0.0004776 seconds, Stopping threads took: 0.0000779 seconds
2018-10-23T07:43:24.719+0000: 274.665: Total time for which application threads were stopped: 0.0002974 seconds, Stopping threads took: 0.0000683 seconds
{Heap before GC invocations=412 (full 19):
 par new generation   total 109248K, used 95528K [0x00000000e0000000, 0x00000000e8000000, 0x00000000e8000000)
  eden space 87424K, 100% used [0x00000000e0000000, 0x00000000e5560000, 0x00000000e5560000)
  from space 21824K,  37% used [0x00000000e5560000, 0x00000000e5d4a1e0, 0x00000000e6ab0000)
  to   space 21824K,   0% used [0x00000000e6ab0000, 0x00000000e6ab0000, 0x00000000e8000000)
 concurrent mark-sweep generation total 393216K, used 191605K [0x00000000e8000000, 0x0000000100000000, 0x0000000100000000)
 Metaspace       used 47056K, capacity 48847K, committed 49624K, reserved 1093632K
  class space    used 5097K, capacity 5483K, committed 5628K, reserved 1048576K
2018-10-23T07:43:24.855+0000: 274.801: [GC (Allocation Failure) 2018-10-23T07:43:24.855+0000: 274.801: [ParNew
Desired survivor size 20112992 bytes, new threshold 8 (max 8)
- age   1:    2114376 bytes,    2114376 total
- age   2:    1535640 bytes,    3650016 total
- age   3:     252888 bytes,    3902904 total
- age   4:     189856 bytes,    4092760 total
- age   5:     176976 bytes,    4269736 total
- age   6:     876872 bytes,    5146608 total
- age   7:     807224 bytes,    5953832 total
- age   8:     568216 bytes,    6522048 total
: 95528K->7390K(109248K), 0.0103521 secs] 287133K->199711K(502464K), 0.0104636 secs] [Times: user=0.02 sys=0.00, real=0.01 secs] 
Heap after GC invocations=413 (full 19):
 par new generation   total 109248K, used 7390K [0x00000000e0000000, 0x00000000e8000000, 0x00000000e8000000)
  eden space 87424K,   0% used [0x00000000e0000000, 0x00000000e0000000, 0x00000000e5560000)
  from space 21824K,  33% used [0x00000000e6ab0000, 0x00000000e71e7a78, 0x00000000e8000000)
  to   space 21824K,   0% used [0x00000000e5560000, 0x00000000e5560000, 0x00000000e6ab0000)
 concurrent mark-sweep generation total 393216K, used 192320K [0x00000000e8000000, 0x0000000100000000, 0x0000000100000000)
 Metaspace       used 47056K, capacity 48847K, committed 49624K, reserved 1093632K
  class space    used 5097K, capacity 5483K, committed 5628K, reserved 1048576K
}
2018-10-23T07:43:24.866+0000: 274.811: Total time for which application threads were stopped: 0.0161403 seconds, Stopping threads took: 0.0051553 seconds
{Heap before GC invocations=413 (full 19):
 par new generation   total 109248K, used 94814K [0x00000000e0000000, 0x00000000e8000000, 0x00000000e8000000)
  eden space 87424K, 100% used [0x00000000e0000000, 0x00000000e5560000, 0x00000000e5560000)
  from space 21824K,  33% used [0x00000000e6ab0000, 0x00000000e71e7a78, 0x00000000e8000000)
  to   space 21824K,   0% used [0x00000000e5560000, 0x00000000e5560000, 0x00000000e6ab0000)
 concurrent mark-sweep generation total 393216K, used 192320K [0x00000000e8000000, 0x0000000100000000, 0x0000000100000000)
 Metaspace       used 47056K, capacity 48847K, committed 49624K, reserved 1093632K
  class space    used 5097K, capacity 5483K, committed 5628K, reserved 1048576K
2018-10-23T07:43:25.002+0000: 274.948: [GC (Allocation Failure) 2018-10-23T07:43:25.002+0000: 274.948: [ParNew
Desired survivor size 20112992 bytes, new threshold 8 (max 8)
- age   1:    1389680 bytes,    1389680 total
- age   2:    1928360 bytes,    3318040 total
- age   3:    1535640 bytes,    4853680 total
- age   4:     252888 bytes,    5106568 total
- age   5:     189856 bytes,    5296424 total
- age   6:     176976 bytes,    5473400 total
- age   7:     876872 bytes,    6350272 total
- age   8:     807224 bytes,    7157496 total
: 94814K->8397K(109248K), 0.0207113 secs] 287135K->201272K(502464K), 0.0208357 secs] [Times: user=0.03 sys=0.00, real=0.02 secs] 
Heap after GC invocations=414 (full 19):
 par new generation   total 109248K, used 8397K [0x00000000e0000000, 0x00000000e8000000, 0x00000000e8000000)
  eden space 87424K,   0% used [0x00000000e0000000, 0x00000000e0000000, 0x00000000e5560000)
  from space 21824K,  38% used [0x00000000e5560000, 0x00000000e5d93490, 0x00000000e6ab0000)
  to   space 21824K,   0% used [0x00000000e6ab0000, 0x00000000e6ab0000, 0x00000000e8000000)
 concurrent mark-sweep generation total 393216K, used 192875K [0x00000000e8000000, 0x0000000100000000, 0x0000000100000000)
 Metaspace       used 47056K, capacity 48847K, committed 49624K, reserved 1093632K
  class space    used 5097K, capacity 5483K, committed 5628K, reserved 1048576K
}
2018-10-23T07:43:25.023+0000: 274.969: Total time for which application threads were stopped: 0.0213789 seconds, Stopping threads took: 0.0000740 seconds
{Heap before GC invocations=414 (full 19):
 par new generation   total 109248K, used 95821K [0x00000000e0000000, 0x00000000e8000000, 0x00000000e8000000)
  eden space 87424K, 100% used [0x00000000e0000000, 0x00000000e5560000, 0x00000000e5560000)
  from space 21824K,  38% used [0x00000000e5560000, 0x00000000e5d93490, 0x00000000e6ab0000)
  to   space 21824K,   0% used [0x00000000e6ab0000, 0x00000000e6ab0000, 0x00000000e8000000)
 concurrent mark-sweep generation total 393216K, used 192875K [0x00000000e8000000, 0x0000000100000000, 0x0000000100000000)
 Metaspace       used 47056K, capacity 48847K, committed 49624K, reserved 1093632K
  class space    used 5097K, capacity 5483K, committed 5628K, reserved 1048576K
2018-10-23T07:43:25.145+0000: 275.091: [GC (Allocation Failure) 2018-10-23T07:43:25.146+0000: 275.091: [ParNew
Desired survivor size 20112992 bytes, new threshold 8 (max 8)
- age   1:    2460512 bytes,    2460512 total
- age   2:     726048 bytes,    3186560 total
- age   3:    1902952 bytes,    5089512 total
- age   4:    1535640 bytes,    6625152 total
- age   5:     252888 bytes,    6878040 total
- age   6:     189856 bytes,    7067896 total
- age   7:     176976 bytes,    7244872 total
- age   8:     876872 bytes,    8121744 total
: 95821K->9962K(109248K), 0.0253178 secs] 288696K->203626K(502464K), 0.0254240 secs] [Times: user=0.03 sys=0.00, real=0.03 secs] 
Heap after GC invocations=415 (full 19):
 par new generation   total 109248K, used 9962K [0x00000000e0000000, 0x00000000e8000000, 0x00000000e8000000)
  eden space 87424K,   0% used [0x00000000e0000000, 0x00000000e0000000, 0x00000000e5560000)
  from space 21824K,  45% used [0x00000000e6ab0000, 0x00000000e746aae0, 0x00000000e8000000)
  to   space 21824K,   0% used [0x00000000e5560000, 0x00000000e5560000, 0x00000000e6ab0000)
 concurrent mark-sweep generation total 393216K, used 193664K [0x00000000e8000000, 0x0000000100000000, 0x0000000100000000)
 Metaspace       used 47056K, capacity 48847K, committed 49624K, reserved 1093632K
  class space    used 5097K, capacity 5483K, committed 5628K, reserved 1048576K
}
2018-10-23T07:43:25.171+0000: 275.117: Total time for which application threads were stopped: 0.0260502 seconds, Stopping threads took: 0.0001295 seconds
{Heap before GC invocations=415 (full 19):
 par new generation   total 109248K, used 97386K [0x00000000e0000000, 0x00000000e8000000, 0x00000000e8000000)
  eden space 87424K, 100% used [0x00000000e0000000, 0x00000000e5560000, 0x00000000e5560000)
  from space 21824K,  45% used [0x00000000e6ab0000, 0x00000000e746aae0, 0x00000000e8000000)
  to   space 21824K,   0% used [0x00000000e5560000, 0x00000000e5560000, 0x00000000e6ab0000)
 concurrent mark-sweep generation total 393216K, used 193664K [0x00000000e8000000, 0x0000000100000000, 0x0000000100000000)
 Metaspace       used 47056K, capacity 48847K, committed 49624K, reserved 1093632K
  class space    used 5097K, capacity 5483K, committed 5628K, reserved 1048576K
2018-10-23T07:43:25.281+0000: 275.226: [GC (Allocation Failure) 2018-10-23T07:43:25.281+0000: 275.227: [ParNew
Desired survivor size 20112992 bytes, new threshold 8 (max 8)
- age   1:    2659072 bytes,    2659072 total
- age   2:    1361488 bytes,    4020560 total
- age   3:     725496 bytes,    4746056 total
- age   4:    1902840 bytes,    6648896 total
- age   5:    1535640 bytes,    8184536 total
- age   6:     252888 bytes,    8437424 total
- age   7:     189856 bytes,    8627280 total
- age   8:     176976 bytes,    8804256 total
: 97386K->9511K(109248K), 0.0230095 secs] 291050K->204032K(502464K), 0.0231361 secs] [Times: user=0.04 sys=0.00, real=0.02 secs] 
Heap after GC invocations=416 (full 19):
 par new generation   total 109248K, used 9511K [0x00000000e0000000, 0x00000000e8000000, 0x00000000e8000000)
  eden space 87424K,   0% used [0x00000000e0000000, 0x00000000e0000000, 0x00000000e5560000)
  from space 21824K,  43% used [0x00000000e5560000, 0x00000000e5ea9d28, 0x00000000e6ab0000)
  to   space 21824K,   0% used [0x00000000e6ab0000, 0x00000000e6ab0000, 0x00000000e8000000)
 concurrent mark-sweep generation total 393216K, used 194520K [0x00000000e8000000, 0x0000000100000000, 0x0000000100000000)
 Metaspace       used 47056K, capacity 48847K, committed 49624K, reserved 1093632K
  class space    used 5097K, capacity 5483K, committed 5628K, reserved 1048576K
}
2018-10-23T07:43:25.304+0000: 275.250: Total time for which application threads were stopped: 0.0237628 seconds, Stopping threads took: 0.0001279 seconds
{Heap before GC invocations=416 (full 19):
 par new generation   total 109248K, used 96935K [0x00000000e0000000, 0x00000000e8000000, 0x00000000e8000000)
  eden space 87424K, 100% used [0x00000000e0000000, 0x00000000e5560000, 0x00000000e5560000)
  from space 21824K,  43% used [0x00000000e5560000, 0x00000000e5ea9d28, 0x00000000e6ab0000)
  to   space 21824K,   0% used [0x00000000e6ab0000, 0x00000000e6ab0000, 0x00000000e8000000)
 concurrent mark-sweep generation total 393216K, used 194520K [0x00000000e8000000, 0x0000000100000000, 0x0000000100000000)
 Metaspace       used 47056K, capacity 48847K, committed 49624K, reserved 1093632K
  class space    used 5097K, capacity 5483K, committed 5628K, reserved 1048576K
2018-10-23T07:43:25.425+0000: 275.371: [GC (Allocation Failure) 2018-10-23T07:43:25.425+0000: 275.371: [ParNew
Desired survivor size 20112992 bytes, new threshold 8 (max 8)
- age   1:    2925528 bytes,    2925528 total
- age   2:    1417952 bytes,    4343480 total
- age   3:    1226496 bytes,    5569976 total
- age   4:     723032 bytes,    6293008 total
- age   5:    1904424 bytes,    8197432 total
- age   6:    1535640 bytes,    9733072 total
- age   7:     252888 bytes,    9985960 total
- age   8:     189856 bytes,   10175816 total
: 96935K->14613K(109248K), 0.0251075 secs] 291456K->209307K(502464K), 0.0252120 secs] [Times: user=0.04 sys=0.00, real=0.03 secs] 
Heap after GC invocations=417 (full 19):
 par new generation   total 109248K, used 14613K [0x00000000e0000000, 0x00000000e8000000, 0x00000000e8000000)
  eden space 87424K,   0% used [0x00000000e0000000, 0x00000000e0000000, 0x00000000e5560000)
  from space 21824K,  66% used [0x00000000e6ab0000, 0x00000000e78f56d0, 0x00000000e8000000)
  to   space 21824K,   0% used [0x00000000e5560000, 0x00000000e5560000, 0x00000000e6ab0000)
 concurrent mark-sweep generation total 393216K, used 194693K [0x00000000e8000000, 0x0000000100000000, 0x0000000100000000)
 Metaspace       used 47056K, capacity 48847K, committed 49624K, reserved 1093632K
  class space    used 5097K, capacity 5483K, committed 5628K, reserved 1048576K
}
2018-10-23T07:43:25.450+0000: 275.396: Total time for which application threads were stopped: 0.0257742 seconds, Stopping threads took: 0.0000678 seconds
{Heap before GC invocations=417 (full 19):
 par new generation   total 109248K, used 102037K [0x00000000e0000000, 0x00000000e8000000, 0x00000000e8000000)
  eden space 87424K, 100% used [0x00000000e0000000, 0x00000000e5560000, 0x00000000e5560000)
  from space 21824K,  66% used [0x00000000e6ab0000, 0x00000000e78f56d0, 0x00000000e8000000)
  to   space 21824K,   0% used [0x00000000e5560000, 0x00000000e5560000, 0x00000000e6ab0000)
 concurrent mark-sweep generation total 393216K, used 194693K [0x00000000e8000000, 0x0000000100000000, 0x0000000100000000)
 Metaspace       used 47056K, capacity 48847K, committed 49624K, reserved 1093632K
  class space    used 5097K, capacity 5483K, committed 5628K, reserved 1048576K
2018-10-23T07:43:25.571+0000: 275.517: [GC (Allocation Failure) 2018-10-23T07:43:25.571+0000: 275.517: [ParNew
Desired survivor size 20112992 bytes, new threshold 8 (max 8)
- age   1:    3019040 bytes,    3019040 total
- age   2:    1613440 bytes,    4632480 total
- age   3:    1296920 bytes,    5929400 total
- age   4:    1213688 bytes,    7143088 total
- age   5:     720304 bytes,    7863392 total
- age   6:    1902776 bytes,    9766168 total
- age   7:    1535032 bytes,   11301200 total
- age   8:     252888 bytes,   11554088 total
: 102037K->13072K(109248K), 0.0286216 secs] 296731K->207952K(502464K), 0.0287468 secs] [Times: user=0.04 sys=0.00, real=0.03 secs] 
Heap after GC invocations=418 (full 19):
 par new generation   total 109248K, used 13072K [0x00000000e0000000, 0x00000000e8000000, 0x00000000e8000000)
  eden space 87424K,   0% used [0x00000000e0000000, 0x00000000e0000000, 0x00000000e5560000)
  from space 21824K,  59% used [0x00000000e5560000, 0x00000000e62240e0, 0x00000000e6ab0000)
  to   space 21824K,   0% used [0x00000000e6ab0000, 0x00000000e6ab0000, 0x00000000e8000000)
 concurrent mark-sweep generation total 393216K, used 194880K [0x00000000e8000000, 0x0000000100000000, 0x0000000100000000)
 Metaspace       used 47056K, capacity 48847K, committed 49624K, reserved 1093632K
  class space    used 5097K, capacity 5483K, committed 5628K, reserved 1048576K
}
2018-10-23T07:43:25.600+0000: 275.545: Total time for which application threads were stopped: 0.0293678 seconds, Stopping threads took: 0.0001199 seconds
{Heap before GC invocations=418 (full 19):
 par new generation   total 109248K, used 100496K [0x00000000e0000000, 0x00000000e8000000, 0x00000000e8000000)
  eden space 87424K, 100% used [0x00000000e0000000, 0x00000000e5560000, 0x00000000e5560000)
  from space 21824K,  59% used [0x00000000e5560000, 0x00000000e62240e0, 0x00000000e6ab0000)
  to   space 21824K,   0% used [0x00000000e6ab0000, 0x00000000e6ab0000, 0x00000000e8000000)
 concurrent mark-sweep generation total 393216K, used 194880K [0x00000000e8000000, 0x0000000100000000, 0x0000000100000000)
 Metaspace       used 47056K, capacity 48847K, committed 49624K, reserved 1093632K
  class space    used 5097K, capacity 5483K, committed 5628K, reserved 1048576K
2018-10-23T07:43:25.712+0000: 275.658: [GC (Allocation Failure) 2018-10-23T07:43:25.712+0000: 275.658: [ParNew
Desired survivor size 20112992 bytes, new threshold 8 (max 8)
- age   1:    2577536 bytes,    2577536 total
- age   2:    1823600 bytes,    4401136 total
- age   3:    1612056 bytes,    6013192 total
- age   4:    1189776 bytes,    7202968 total
- age   5:    1209576 bytes,    8412544 total
- age   6:     720304 bytes,    9132848 total
- age   7:    1902776 bytes,   11035624 total
- age   8:    1535032 bytes,   12570656 total
: 100496K->19829K(109248K), 0.0425780 secs] 295376K->214956K(502464K), 0.0426926 secs] [Times: user=0.04 sys=0.00, real=0.04 secs] 
Heap after GC invocations=419 (full 19):
 par new generation   total 109248K, used 19829K [0x00000000e0000000, 0x00000000e8000000, 0x00000000e8000000)
  eden space 87424K,   0% used [0x00000000e0000000, 0x00000000e0000000, 0x00000000e5560000)
  from space 21824K,  90% used [0x00000000e6ab0000, 0x00000000e7e0d780, 0x00000000e8000000)
  to   space 21824K,   0% used [0x00000000e5560000, 0x00000000e5560000, 0x00000000e6ab0000)
 concurrent mark-sweep generation total 393216K, used 195127K [0x00000000e8000000, 0x0000000100000000, 0x0000000100000000)
 Metaspace       used 47056K, capacity 48847K, committed 49624K, reserved 1093632K
  class space    used 5097K, capacity 5483K, committed 5628K, reserved 1048576K
}
2018-10-23T07:43:25.755+0000: 275.701: Total time for which application threads were stopped: 0.0432859 seconds, Stopping threads took: 0.0000957 seconds
{Heap before GC invocations=419 (full 19):
 par new generation   total 109248K, used 107253K [0x00000000e0000000, 0x00000000e8000000, 0x00000000e8000000)
  eden space 87424K, 100% used [0x00000000e0000000, 0x00000000e5560000, 0x00000000e5560000)
  from space 21824K,  90% used [0x00000000e6ab0000, 0x00000000e7e0d780, 0x00000000e8000000)
  to   space 21824K,   0% used [0x00000000e5560000, 0x00000000e5560000, 0x00000000e6ab0000)
 concurrent mark-sweep generation total 393216K, used 195127K [0x00000000e8000000, 0x0000000100000000, 0x0000000100000000)
 Metaspace       used 47056K, capacity 48847K, committed 49624K, reserved 1093632K
  class space    used 5097K, capacity 5483K, committed 5628K, reserved 1048576K
2018-10-23T07:43:25.852+0000: 275.798: [GC (Allocation Failure) 2018-10-23T07:43:25.852+0000: 275.798: [ParNew
Desired survivor size 20112992 bytes, new threshold 8 (max 8)
- age   1:    3944712 bytes,    3944712 total
- age   2:    1742784 bytes,    5687496 total
- age   3:    1659200 bytes,    7346696 total
- age   4:    1339696 bytes,    8686392 total
- age   5:    1046336 bytes,    9732728 total
- age   6:    1065248 bytes,   10797976 total
- age   7:     623632 bytes,   11421608 total
- age   8:    1338656 bytes,   12760264 total
: 107253K->15256K(109248K), 0.0194418 secs] 302380K->211888K(502464K), 0.0195557 secs] [Times: user=0.05 sys=0.00, real=0.02 secs] 
Heap after GC invocations=420 (full 19):
 par new generation   total 109248K, used 15256K [0x00000000e0000000, 0x00000000e8000000, 0x00000000e8000000)
  eden space 87424K,   0% used [0x00000000e0000000, 0x00000000e0000000, 0x00000000e5560000)
  from space 21824K,  69% used [0x00000000e5560000, 0x00000000e6446140, 0x00000000e6ab0000)
  to   space 21824K,   0% used [0x00000000e6ab0000, 0x00000000e6ab0000, 0x00000000e8000000)
 concurrent mark-sweep generation total 393216K, used 196632K [0x00000000e8000000, 0x0000000100000000, 0x0000000100000000)
 Metaspace       used 47056K, capacity 48847K, committed 49624K, reserved 1093632K
  class space    used 5097K, capacity 5483K, committed 5628K, reserved 1048576K
}
2018-10-23T07:43:25.872+0000: 275.818: Total time for which application threads were stopped: 0.0201499 seconds, Stopping threads took: 0.0001451 seconds
2018-10-23T07:43:25.899+0000: 275.844: [GC (CMS Initial Mark) [1 CMS-initial-mark: 196632K(393216K)] 224753K(502464K), 0.0148251 secs] [Times: user=0.02 sys=0.00, real=0.01 secs] 
2018-10-23T07:43:25.913+0000: 275.859: Total time for which application threads were stopped: 0.0158335 seconds, Stopping threads took: 0.0005872 seconds
2018-10-23T07:43:25.914+0000: 275.859: [CMS-concurrent-mark-start]
2018-10-23T07:43:26.066+0000: 276.011: [CMS-concurrent-mark: 0.152/0.152 secs] [Times: user=0.43 sys=0.00, real=0.15 secs] 
2018-10-23T07:43:26.066+0000: 276.012: [CMS-concurrent-preclean-start]
2018-10-23T07:43:26.068+0000: 276.014: [CMS-concurrent-preclean: 0.002/0.002 secs] [Times: user=0.00 sys=0.00, real=0.00 secs] 
2018-10-23T07:43:26.068+0000: 276.014: [CMS-concurrent-abortable-preclean-start]
{Heap before GC invocations=420 (full 20):
 par new generation   total 109248K, used 102680K [0x00000000e0000000, 0x00000000e8000000, 0x00000000e8000000)
  eden space 87424K, 100% used [0x00000000e0000000, 0x00000000e5560000, 0x00000000e5560000)
  from space 21824K,  69% used [0x00000000e5560000, 0x00000000e6446140, 0x00000000e6ab0000)
  to   space 21824K,   0% used [0x00000000e6ab0000, 0x00000000e6ab0000, 0x00000000e8000000)
 concurrent mark-sweep generation total 393216K, used 196632K [0x00000000e8000000, 0x0000000100000000, 0x0000000100000000)
 Metaspace       used 47060K, capacity 48847K, committed 49624K, reserved 1093632K
  class space    used 5097K, capacity 5483K, committed 5628K, reserved 1048576K
2018-10-23T07:43:26.099+0000: 276.045: [GC (Allocation Failure) 2018-10-23T07:43:26.099+0000: 276.045: [ParNew
Desired survivor size 20112992 bytes, new threshold 8 (max 8)
- age   1:    2581264 bytes,    2581264 total
- age   2:    3005792 bytes,    5587056 total
- age   3:     567560 bytes,    6154616 total
- age   4:     654968 bytes,    6809584 total
- age   5:     488040 bytes,    7297624 total
- age   6:     490056 bytes,    7787680 total
- age   7:     478688 bytes,    8266368 total
- age   8:     282320 bytes,    8548688 total
: 102680K->13416K(109248K), 0.0253130 secs] 299312K->210532K(502464K), 0.0254176 secs] [Times: user=0.04 sys=0.00, real=0.02 secs] 
Heap after GC invocations=421 (full 20):
 par new generation   total 109248K, used 13416K [0x00000000e0000000, 0x00000000e8000000, 0x00000000e8000000)
  eden space 87424K,   0% used [0x00000000e0000000, 0x00000000e0000000, 0x00000000e5560000)
  from space 21824K,  61% used [0x00000000e6ab0000, 0x00000000e77ca038, 0x00000000e8000000)
  to   space 21824K,   0% used [0x00000000e5560000, 0x00000000e5560000, 0x00000000e6ab0000)
 concurrent mark-sweep generation total 393216K, used 197116K [0x00000000e8000000, 0x0000000100000000, 0x0000000100000000)
 Metaspace       used 47060K, capacity 48847K, committed 49624K, reserved 1093632K
  class space    used 5097K, capacity 5483K, committed 5628K, reserved 1048576K
}
2018-10-23T07:43:26.125+0000: 276.071: Total time for which application threads were stopped: 0.0261540 seconds, Stopping threads took: 0.0002421 seconds
{Heap before GC invocations=421 (full 20):
 par new generation   total 109248K, used 100840K [0x00000000e0000000, 0x00000000e8000000, 0x00000000e8000000)
  eden space 87424K, 100% used [0x00000000e0000000, 0x00000000e5560000, 0x00000000e5560000)
  from space 21824K,  61% used [0x00000000e6ab0000, 0x00000000e77ca038, 0x00000000e8000000)
  to   space 21824K,   0% used [0x00000000e5560000, 0x00000000e5560000, 0x00000000e6ab0000)
 concurrent mark-sweep generation total 393216K, used 197116K [0x00000000e8000000, 0x0000000100000000, 0x0000000100000000)
 Metaspace       used 47060K, capacity 48847K, committed 49624K, reserved 1093632K
  class space    used 5097K, capacity 5483K, committed 5628K, reserved 1048576K
2018-10-23T07:43:26.258+0000: 276.204: [GC (Allocation Failure) 2018-10-23T07:43:26.258+0000: 276.204: [ParNew2018-10-23T07:43:26.294+0000: 276.239: [CMS-concurrent-abortable-preclean: 0.096/0.226 secs] [Times: user=0.37 sys=0.00, real=0.23 secs] 

Desired survivor size 20112992 bytes, new threshold 8 (max 8)
- age   1:    2460816 bytes,    2460816 total
- age   2:    1658280 bytes,    4119096 total
- age   3:    2986016 bytes,    7105112 total
- age   4:     567560 bytes,    7672672 total
- age   5:     654968 bytes,    8327640 total
- age   6:     488040 bytes,    8815680 total
- age   7:     490056 bytes,    9305736 total
- age   8:     478688 bytes,    9784424 total
: 100840K->11925K(109248K), 0.0409940 secs] 297956K->209317K(502464K), 0.0411032 secs] [Times: user=0.03 sys=0.00, real=0.04 secs] 
Heap after GC invocations=422 (full 20):
 par new generation   total 109248K, used 11925K [0x00000000e0000000, 0x00000000e8000000, 0x00000000e8000000)
  eden space 87424K,   0% used [0x00000000e0000000, 0x00000000e0000000, 0x00000000e5560000)
  from space 21824K,  54% used [0x00000000e5560000, 0x00000000e61056d0, 0x00000000e6ab0000)
  to   space 21824K,   0% used [0x00000000e6ab0000, 0x00000000e6ab0000, 0x00000000e8000000)
 concurrent mark-sweep generation total 393216K, used 197392K [0x00000000e8000000, 0x0000000100000000, 0x0000000100000000)
 Metaspace       used 47060K, capacity 48847K, committed 49624K, reserved 1093632K
  class space    used 5097K, capacity 5483K, committed 5628K, reserved 1048576K
}
2018-10-23T07:43:26.299+0000: 276.245: Total time for which application threads were stopped: 0.0489742 seconds, Stopping threads took: 0.0073861 seconds
2018-10-23T07:43:26.307+0000: 276.253: [GC (CMS Final Remark) [YG occupancy: 14036 K (109248 K)]{Heap before GC invocations=422 (full 20):
 par new generation   total 109248K, used 14036K [0x00000000e0000000, 0x00000000e8000000, 0x00000000e8000000)
  eden space 87424K,   2% used [0x00000000e0000000, 0x00000000e020fac0, 0x00000000e5560000)
  from space 21824K,  54% used [0x00000000e5560000, 0x00000000e61056d0, 0x00000000e6ab0000)
  to   space 21824K,   0% used [0x00000000e6ab0000, 0x00000000e6ab0000, 0x00000000e8000000)
 concurrent mark-sweep generation total 393216K, used 197392K [0x00000000e8000000, 0x0000000100000000, 0x0000000100000000)
 Metaspace       used 47060K, capacity 48847K, committed 49624K, reserved 1093632K
  class space    used 5097K, capacity 5483K, committed 5628K, reserved 1048576K
2018-10-23T07:43:26.308+0000: 276.253: [GC (CMS Final Remark) 2018-10-23T07:43:26.308+0000: 276.253: [ParNew
Desired survivor size 20112992 bytes, new threshold 8 (max 8)
- age   1:      76792 bytes,      76792 total
- age   2:    2458248 bytes,    2535040 total
- age   3:    1658280 bytes,    4193320 total
- age   4:    2986016 bytes,    7179336 total
- age   5:     567560 bytes,    7746896 total
- age   6:     654968 bytes,    8401864 total
- age   7:     488040 bytes,    8889904 total
- age   8:     490056 bytes,    9379960 total
: 14036K->12538K(109248K), 0.0116500 secs] 211428K->210398K(502464K), 0.0117188 secs] [Times: user=0.02 sys=0.00, real=0.02 secs] 
Heap after GC invocations=423 (full 20):
 par new generation   total 109248K, used 12538K [0x00000000e0000000, 0x00000000e8000000, 0x00000000e8000000)
  eden space 87424K,   0% used [0x00000000e0000000, 0x00000000e0000000, 0x00000000e5560000)
  from space 21824K,  57% used [0x00000000e6ab0000, 0x00000000e76ee9a0, 0x00000000e8000000)
  to   space 21824K,   0% used [0x00000000e5560000, 0x00000000e5560000, 0x00000000e6ab0000)
 concurrent mark-sweep generation total 393216K, used 197859K [0x00000000e8000000, 0x0000000100000000, 0x0000000100000000)
 Metaspace       used 47060K, capacity 48847K, committed 49624K, reserved 1093632K
  class space    used 5097K, capacity 5483K, committed 5628K, reserved 1048576K
}
2018-10-23T07:43:26.319+0000: 276.265: [Rescan (parallel) , 0.0120429 secs]2018-10-23T07:43:26.331+0000: 276.277: [weak refs processing, 0.0026450 secs]2018-10-23T07:43:26.334+0000: 276.280: [class unloading, 0.0139452 secs]2018-10-23T07:43:26.348+0000: 276.294: [scrub symbol table, 0.0072507 secs]2018-10-23T07:43:26.355+0000: 276.301: [scrub string table, 0.0008674 secs][1 CMS-remark: 197859K(393216K)] 210398K(502464K), 0.0489461 secs] [Times: user=0.06 sys=0.00, real=0.05 secs] 
2018-10-23T07:43:26.356+0000: 276.302: Total time for which application threads were stopped: 0.0507977 seconds, Stopping threads took: 0.0014016 seconds
2018-10-23T07:43:26.370+0000: 276.316: [CMS-concurrent-sweep-start]
{Heap before GC invocations=423 (full 20):
 par new generation   total 109248K, used 99962K [0x00000000e0000000, 0x00000000e8000000, 0x00000000e8000000)
  eden space 87424K, 100% used [0x00000000e0000000, 0x00000000e5560000, 0x00000000e5560000)
  from space 21824K,  57% used [0x00000000e6ab0000, 0x00000000e76ee9a0, 0x00000000e8000000)
  to   space 21824K,   0% used [0x00000000e5560000, 0x00000000e5560000, 0x00000000e6ab0000)
 concurrent mark-sweep generation total 393216K, used 194319K [0x00000000e8000000, 0x0000000100000000, 0x0000000100000000)
 Metaspace       used 47060K, capacity 48847K, committed 49624K, reserved 1093632K
  class space    used 5097K, capacity 5483K, committed 5628K, reserved 1048576K
2018-10-23T07:43:26.438+0000: 276.384: [GC (Allocation Failure) 2018-10-23T07:43:26.438+0000: 276.384: [ParNew
Desired survivor size 20112992 bytes, new threshold 8 (max 8)
- age   1:    2689024 bytes,    2689024 total
- age   2:      67344 bytes,    2756368 total
- age   3:    1348024 bytes,    4104392 total
- age   4:    1543480 bytes,    5647872 total
- age   5:    2985408 bytes,    8633280 total
- age   6:     447608 bytes,    9080888 total
- age   7:     453480 bytes,    9534368 total
- age   8:     346736 bytes,    9881104 total
: 99962K->12425K(109248K), 0.0284904 secs] 294281K->207083K(502464K), 0.0286055 secs] [Times: user=0.04 sys=0.00, real=0.02 secs] 
Heap after GC invocations=424 (full 20):
 par new generation   total 109248K, used 12425K [0x00000000e0000000, 0x00000000e8000000, 0x00000000e8000000)
  eden space 87424K,   0% used [0x00000000e0000000, 0x00000000e0000000, 0x00000000e5560000)
  from space 21824K,  56% used [0x00000000e5560000, 0x00000000e6182440, 0x00000000e6ab0000)
  to   space 21824K,   0% used [0x00000000e6ab0000, 0x00000000e6ab0000, 0x00000000e8000000)
 concurrent mark-sweep generation total 393216K, used 194658K [0x00000000e8000000, 0x0000000100000000, 0x0000000100000000)
 Metaspace       used 47060K, capacity 48847K, committed 49624K, reserved 1093632K
  class space    used 5097K, capacity 5483K, committed 5628K, reserved 1048576K
}
2018-10-23T07:43:26.467+0000: 276.413: Total time for which application threads were stopped: 0.0292395 seconds, Stopping threads took: 0.0001411 seconds
{Heap before GC invocations=424 (full 20):
 par new generation   total 109248K, used 99849K [0x00000000e0000000, 0x00000000e8000000, 0x00000000e8000000)
  eden space 87424K, 100% used [0x00000000e0000000, 0x00000000e5560000, 0x00000000e5560000)
  from space 21824K,  56% used [0x00000000e5560000, 0x00000000e6182440, 0x00000000e6ab0000)
  to   space 21824K,   0% used [0x00000000e6ab0000, 0x00000000e6ab0000, 0x00000000e8000000)
 concurrent mark-sweep generation total 393216K, used 194396K [0x00000000e8000000, 0x0000000100000000, 0x0000000100000000)
 Metaspace       used 47060K, capacity 48847K, committed 49624K, reserved 1093632K
  class space    used 5097K, capacity 5483K, committed 5628K, reserved 1048576K
2018-10-23T07:43:26.549+0000: 276.494: [GC (Allocation Failure) 2018-10-23T07:43:26.549+0000: 276.495: [ParNew
Desired survivor size 20112992 bytes, new threshold 8 (max 8)
- age   1:    2220112 bytes,    2220112 total
- age   2:    1532232 bytes,    3752344 total
- age   3:      67344 bytes,    3819688 total
- age   4:    1257728 bytes,    5077416 total
- age   5:    1542952 bytes,    6620368 total
- age   6:    2982768 bytes,    9603136 total
- age   7:     447608 bytes,   10050744 total
- age   8:     453480 bytes,   10504224 total
: 99849K->15081K(109248K), 0.0128043 secs] 294245K->209816K(502464K), 0.0129055 secs] [Times: user=0.02 sys=0.00, real=0.02 secs] 
Heap after GC invocations=425 (full 20):
 par new generation   total 109248K, used 15081K [0x00000000e0000000, 0x00000000e8000000, 0x00000000e8000000)
  eden space 87424K,   0% used [0x00000000e0000000, 0x00000000e0000000, 0x00000000e5560000)
  from space 21824K,  69% used [0x00000000e6ab0000, 0x00000000e796a408, 0x00000000e8000000)
  to   space 21824K,   0% used [0x00000000e5560000, 0x00000000e5560000, 0x00000000e6ab0000)
 concurrent mark-sweep generation total 393216K, used 194735K [0x00000000e8000000, 0x0000000100000000, 0x0000000100000000)
 Metaspace       used 47060K, capacity 48847K, committed 49624K, reserved 1093632K
  class space    used 5097K, capacity 5483K, committed 5628K, reserved 1048576K
}
2018-10-23T07:43:26.562+0000: 276.507: Total time for which application threads were stopped: 0.0194966 seconds, Stopping threads took: 0.0061132 seconds
2018-10-23T07:43:26.574+0000: 276.520: [CMS-concurrent-sweep: 0.154/0.205 secs] [Times: user=0.49 sys=0.00, real=0.20 secs] 
2018-10-23T07:43:26.575+0000: 276.520: [CMS-concurrent-reset-start]
2018-10-23T07:43:26.576+0000: 276.521: [CMS-concurrent-reset: 0.001/0.001 secs] [Times: user=0.01 sys=0.00, real=0.00 secs] 
{Heap before GC invocations=425 (full 20):
 par new generation   total 109248K, used 102505K [0x00000000e0000000, 0x00000000e8000000, 0x00000000e8000000)
  eden space 87424K, 100% used [0x00000000e0000000, 0x00000000e5560000, 0x00000000e5560000)
  from space 21824K,  69% used [0x00000000e6ab0000, 0x00000000e796a408, 0x00000000e8000000)
  to   space 21824K,   0% used [0x00000000e5560000, 0x00000000e5560000, 0x00000000e6ab0000)
 concurrent mark-sweep generation total 393216K, used 190038K [0x00000000e8000000, 0x0000000100000000, 0x0000000100000000)
 Metaspace       used 47060K, capacity 48847K, committed 49624K, reserved 1093632K
  class space    used 5097K, capacity 5483K, committed 5628K, reserved 1048576K
2018-10-23T07:43:26.679+0000: 276.625: [GC (Allocation Failure) 2018-10-23T07:43:26.679+0000: 276.625: [ParNew
Desired survivor size 20112992 bytes, new threshold 8 (max 8)
- age   1:    3475880 bytes,    3475880 total
- age   2:    1013784 bytes,    4489664 total
- age   3:    1373504 bytes,    5863168 total
- age   4:      67344 bytes,    5930512 total
- age   5:    1213320 bytes,    7143832 total
- age   6:    1540632 bytes,    8684464 total
- age   7:    2981040 bytes,   11665504 total
- age   8:     447608 bytes,   12113112 total
: 102505K->15002K(109248K), 0.0203975 secs] 292544K->205484K(502464K), 0.0205099 secs] [Times: user=0.03 sys=0.00, real=0.02 secs] 
Heap after GC invocations=426 (full 20):
 par new generation   total 109248K, used 15002K [0x00000000e0000000, 0x00000000e8000000, 0x00000000e8000000)
  eden space 87424K,   0% used [0x00000000e0000000, 0x00000000e0000000, 0x00000000e5560000)
  from space 21824K,  68% used [0x00000000e5560000, 0x00000000e6406be0, 0x00000000e6ab0000)
  to   space 21824K,   0% used [0x00000000e6ab0000, 0x00000000e6ab0000, 0x00000000e8000000)
 concurrent mark-sweep generation total 393216K, used 190481K [0x00000000e8000000, 0x0000000100000000, 0x0000000100000000)
 Metaspace       used 47060K, capacity 48847K, committed 49624K, reserved 1093632K
  class space    used 5097K, capacity 5483K, committed 5628K, reserved 1048576K
}
2018-10-23T07:43:26.700+0000: 276.645: Total time for which application threads were stopped: 0.0212284 seconds, Stopping threads took: 0.0002176 seconds
{Heap before GC invocations=426 (full 20):
 par new generation   total 109248K, used 102426K [0x00000000e0000000, 0x00000000e8000000, 0x00000000e8000000)
  eden space 87424K, 100% used [0x00000000e0000000, 0x00000000e5560000, 0x00000000e5560000)
  from space 21824K,  68% used [0x00000000e5560000, 0x00000000e6406be0, 0x00000000e6ab0000)
  to   space 21824K,   0% used [0x00000000e6ab0000, 0x00000000e6ab0000, 0x00000000e8000000)
 concurrent mark-sweep generation total 393216K, used 190481K [0x00000000e8000000, 0x0000000100000000, 0x0000000100000000)
 Metaspace       used 47060K, capacity 48847K, committed 49624K, reserved 1093632K
  class space    used 5097K, capacity 5483K, committed 5628K, reserved 1048576K
2018-10-23T07:43:26.845+0000: 276.791: [GC (Allocation Failure) 2018-10-23T07:43:26.845+0000: 276.791: [ParNew
Desired survivor size 20112992 bytes, new threshold 8 (max 8)
- age   1:    4795336 bytes,    4795336 total
- age   2:    1868360 bytes,    6663696 total
- age   3:     834280 bytes,    7497976 total
- age   4:    1031672 bytes,    8529648 total
- age   5:      62544 bytes,    8592192 total
- age   6:    1054960 bytes,    9647152 total
- age   7:    1417752 bytes,   11064904 total
- age   8:    2416984 bytes,   13481888 total
: 102426K->18115K(109248K), 0.0211981 secs] 292908K->209034K(502464K), 0.0213194 secs] [Times: user=0.03 sys=0.00, real=0.02 secs] 
Heap after GC invocations=427 (full 20):
 par new generation   total 109248K, used 18115K [0x00000000e0000000, 0x00000000e8000000, 0x00000000e8000000)
  eden space 87424K,   0% used [0x00000000e0000000, 0x00000000e0000000, 0x00000000e5560000)
  from space 21824K,  83% used [0x00000000e6ab0000, 0x00000000e7c60cf0, 0x00000000e8000000)
  to   space 21824K,   0% used [0x00000000e5560000, 0x00000000e5560000, 0x00000000e6ab0000)
 concurrent mark-sweep generation total 393216K, used 190918K [0x00000000e8000000, 0x0000000100000000, 0x0000000100000000)
 Metaspace       used 47060K, capacity 48847K, committed 49624K, reserved 1093632K
  class space    used 5097K, capacity 5483K, committed 5628K, reserved 1048576K
}
2018-10-23T07:43:26.867+0000: 276.813: Total time for which application threads were stopped: 0.0313382 seconds, Stopping threads took: 0.0094970 seconds
2018-10-23T07:43:26.902+0000: 276.848: Total time for which application threads were stopped: 0.0006101 seconds, Stopping threads took: 0.0001771 seconds
{Heap before GC invocations=427 (full 20):
 par new generation   total 109248K, used 105539K [0x00000000e0000000, 0x00000000e8000000, 0x00000000e8000000)
  eden space 87424K, 100% used [0x00000000e0000000, 0x00000000e5560000, 0x00000000e5560000)
  from space 21824K,  83% used [0x00000000e6ab0000, 0x00000000e7c60cf0, 0x00000000e8000000)
  to   space 21824K,   0% used [0x00000000e5560000, 0x00000000e5560000, 0x00000000e6ab0000)
 concurrent mark-sweep generation total 393216K, used 190918K [0x00000000e8000000, 0x0000000100000000, 0x0000000100000000)
 Metaspace       used 47061K, capacity 48847K, committed 49624K, reserved 1093632K
  class space    used 5097K, capacity 5483K, committed 5628K, reserved 1048576K
2018-10-23T07:43:26.958+0000: 276.904: [GC (Allocation Failure) 2018-10-23T07:43:26.958+0000: 276.904: [ParNew
Desired survivor size 20112992 bytes, new threshold 8 (max 8)
- age   1:    3036472 bytes,    3036472 total
- age   2:    2371344 bytes,    5407816 total
- age   3:     239608 bytes,    5647424 total
- age   4:     118696 bytes,    5766120 total
- age   5:     144560 bytes,    5910680 total
- age   6:       4160 bytes,    5914840 total
- age   7:     188240 bytes,    6103080 total
- age   8:     477928 bytes,    6581008 total
: 105539K->11287K(109248K), 0.0588845 secs] 296458K->203515K(502464K), 0.0590134 secs] [Times: user=0.06 sys=0.00, real=0.05 secs] 
Heap after GC invocations=428 (full 20):
 par new generation   total 109248K, used 11287K [0x00000000e0000000, 0x00000000e8000000, 0x00000000e8000000)
  eden space 87424K,   0% used [0x00000000e0000000, 0x00000000e0000000, 0x00000000e5560000)
  from space 21824K,  51% used [0x00000000e5560000, 0x00000000e6065e90, 0x00000000e6ab0000)
  to   space 21824K,   0% used [0x00000000e6ab0000, 0x00000000e6ab0000, 0x00000000e8000000)
 concurrent mark-sweep generation total 393216K, used 192227K [0x00000000e8000000, 0x0000000100000000, 0x0000000100000000)
 Metaspace       used 47061K, capacity 48847K, committed 49624K, reserved 1093632K
  class space    used 5097K, capacity 5483K, committed 5628K, reserved 1048576K
}
2018-10-23T07:43:27.017+0000: 276.963: Total time for which application threads were stopped: 0.0642387 seconds, Stopping threads took: 0.0047430 seconds
{Heap before GC invocations=428 (full 20):
 par new generation   total 109248K, used 98711K [0x00000000e0000000, 0x00000000e8000000, 0x00000000e8000000)
  eden space 87424K, 100% used [0x00000000e0000000, 0x00000000e5560000, 0x00000000e5560000)
  from space 21824K,  51% used [0x00000000e5560000, 0x00000000e6065e90, 0x00000000e6ab0000)
  to   space 21824K,   0% used [0x00000000e6ab0000, 0x00000000e6ab0000, 0x00000000e8000000)
 concurrent mark-sweep generation total 393216K, used 192227K [0x00000000e8000000, 0x0000000100000000, 0x0000000100000000)
 Metaspace       used 47061K, capacity 48847K, committed 49624K, reserved 1093632K
  class space    used 5097K, capacity 5483K, committed 5628K, reserved 1048576K
2018-10-23T07:43:27.083+0000: 277.028: [GC (Allocation Failure) 2018-10-23T07:43:27.083+0000: 277.028: [ParNew
Desired survivor size 20112992 bytes, new threshold 8 (max 8)
- age   1:    2157744 bytes,    2157744 total
- age   2:    1791552 bytes,    3949296 total
- age   3:    2366248 bytes,    6315544 total
- age   4:     239608 bytes,    6555152 total
- age   5:     118696 bytes,    6673848 total
- age   6:     144560 bytes,    6818408 total
- age   7:       4160 bytes,    6822568 total
- age   8:     188240 bytes,    7010808 total
: 98711K->7847K(109248K), 0.0070558 secs] 290939K->200541K(502464K), 0.0071403 secs] [Times: user=0.01 sys=0.00, real=0.01 secs] 
Heap after GC invocations=429 (full 20):
 par new generation   total 109248K, used 7847K [0x00000000e0000000, 0x00000000e8000000, 0x00000000e8000000)
  eden space 87424K,   0% used [0x00000000e0000000, 0x00000000e0000000, 0x00000000e5560000)
  from space 21824K,  35% used [0x00000000e6ab0000, 0x00000000e7259f70, 0x00000000e8000000)
  to   space 21824K,   0% used [0x00000000e5560000, 0x00000000e5560000, 0x00000000e6ab0000)
 concurrent mark-sweep generation total 393216K, used 192693K [0x00000000e8000000, 0x0000000100000000, 0x0000000100000000)
 Metaspace       used 47061K, capacity 48847K, committed 49624K, reserved 1093632K
  class space    used 5097K, capacity 5483K, committed 5628K, reserved 1048576K
}
2018-10-23T07:43:27.090+0000: 277.036: Total time for which application threads were stopped: 0.0077747 seconds, Stopping threads took: 0.0001258 seconds
{Heap before GC invocations=429 (full 20):
 par new generation   total 109248K, used 95271K [0x00000000e0000000, 0x00000000e8000000, 0x00000000e8000000)
  eden space 87424K, 100% used [0x00000000e0000000, 0x00000000e5560000, 0x00000000e5560000)
  from space 21824K,  35% used [0x00000000e6ab0000, 0x00000000e7259f70, 0x00000000e8000000)
  to   space 21824K,   0% used [0x00000000e5560000, 0x00000000e5560000, 0x00000000e6ab0000)
 concurrent mark-sweep generation total 393216K, used 192693K [0x00000000e8000000, 0x0000000100000000, 0x0000000100000000)
 Metaspace       used 47061K, capacity 48847K, committed 49624K, reserved 1093632K
  class space    used 5097K, capacity 5483K, committed 5628K, reserved 1048576K
2018-10-23T07:43:27.205+0000: 277.151: [GC (Allocation Failure) 2018-10-23T07:43:27.205+0000: 277.151: [ParNew
Desired survivor size 20112992 bytes, new threshold 8 (max 8)
- age   1:    1817152 bytes,    1817152 total
- age   2:    1163400 bytes,    2980552 total
- age   3:    1765744 bytes,    4746296 total
- age   4:    2365968 bytes,    7112264 total
- age   5:     239608 bytes,    7351872 total
- age   6:     118696 bytes,    7470568 total
- age   7:     144560 bytes,    7615128 total
- age   8:       4160 bytes,    7619288 total
: 95271K->10512K(109248K), 0.0284479 secs] 287965K->203389K(502464K), 0.0285760 secs] [Times: user=0.04 sys=0.00, real=0.03 secs] 
Heap after GC invocations=430 (full 20):
 par new generation   total 109248K, used 10512K [0x00000000e0000000, 0x00000000e8000000, 0x00000000e8000000)
  eden space 87424K,   0% used [0x00000000e0000000, 0x00000000e0000000, 0x00000000e5560000)
  from space 21824K,  48% used [0x00000000e5560000, 0x00000000e5fa4020, 0x00000000e6ab0000)
  to   space 21824K,   0% used [0x00000000e6ab0000, 0x00000000e6ab0000, 0x00000000e8000000)
 concurrent mark-sweep generation total 393216K, used 192877K [0x00000000e8000000, 0x0000000100000000, 0x0000000100000000)
 Metaspace       used 47061K, capacity 48847K, committed 49624K, reserved 1093632K
  class space    used 5097K, capacity 5483K, committed 5628K, reserved 1048576K
}
2018-10-23T07:43:27.233+0000: 277.179: Total time for which application threads were stopped: 0.0293396 seconds, Stopping threads took: 0.0002470 seconds
{Heap before GC invocations=430 (full 20):
 par new generation   total 109248K, used 97936K [0x00000000e0000000, 0x00000000e8000000, 0x00000000e8000000)
  eden space 87424K, 100% used [0x00000000e0000000, 0x00000000e5560000, 0x00000000e5560000)
  from space 21824K,  48% used [0x00000000e5560000, 0x00000000e5fa4020, 0x00000000e6ab0000)
  to   space 21824K,   0% used [0x00000000e6ab0000, 0x00000000e6ab0000, 0x00000000e8000000)
 concurrent mark-sweep generation total 393216K, used 192877K [0x00000000e8000000, 0x0000000100000000, 0x0000000100000000)
 Metaspace       used 47061K, capacity 48847K, committed 49624K, reserved 1093632K
  class space    used 5097K, capacity 5483K, committed 5628K, reserved 1048576K
2018-10-23T07:43:27.319+0000: 277.265: [GC (Allocation Failure) 2018-10-23T07:43:27.319+0000: 277.265: [ParNew
Desired survivor size 20112992 bytes, new threshold 8 (max 8)
- age   1:    2087160 bytes,    2087160 total
- age   2:    1015704 bytes,    3102864 total
- age   3:    1060480 bytes,    4163344 total
- age   4:    1764808 bytes,    5928152 total
- age   5:    2365328 bytes,    8293480 total
- age   6:     239608 bytes,    8533088 total
- age   7:     118696 bytes,    8651784 total
- age   8:     144560 bytes,    8796344 total
: 97936K->9657K(109248K), 0.0214937 secs] 290813K->202538K(502464K), 0.0216077 secs] [Times: user=0.02 sys=0.00, real=0.02 secs] 
Heap after GC invocations=431 (full 20):
 par new generation   total 109248K, used 9657K [0x00000000e0000000, 0x00000000e8000000, 0x00000000e8000000)
  eden space 87424K,   0% used [0x00000000e0000000, 0x00000000e0000000, 0x00000000e5560000)
  from space 21824K,  44% used [0x00000000e6ab0000, 0x00000000e741e400, 0x00000000e8000000)
  to   space 21824K,   0% used [0x00000000e5560000, 0x00000000e5560000, 0x00000000e6ab0000)
 concurrent mark-sweep generation total 393216K, used 192881K [0x00000000e8000000, 0x0000000100000000, 0x0000000100000000)
 Metaspace       used 47061K, capacity 48847K, committed 49624K, reserved 1093632K
  class space    used 5097K, capacity 5483K, committed 5628K, reserved 1048576K
}
2018-10-23T07:43:27.341+0000: 277.287: Total time for which application threads were stopped: 0.0290394 seconds, Stopping threads took: 0.0069226 seconds
{Heap before GC invocations=431 (full 20):
 par new generation   total 109248K, used 97081K [0x00000000e0000000, 0x00000000e8000000, 0x00000000e8000000)
  eden space 87424K, 100% used [0x00000000e0000000, 0x00000000e5560000, 0x00000000e5560000)
  from space 21824K,  44% used [0x00000000e6ab0000, 0x00000000e741e400, 0x00000000e8000000)
  to   space 21824K,   0% used [0x00000000e5560000, 0x00000000e5560000, 0x00000000e6ab0000)
 concurrent mark-sweep generation total 393216K, used 192881K [0x00000000e8000000, 0x0000000100000000, 0x0000000100000000)
 Metaspace       used 47061K, capacity 48847K, committed 49624K, reserved 1093632K
  class space    used 5097K, capacity 5483K, committed 5628K, reserved 1048576K
2018-10-23T07:43:27.428+0000: 277.374: [GC (Allocation Failure) 2018-10-23T07:43:27.428+0000: 277.374: [ParNew
Desired survivor size 20112992 bytes, new threshold 8 (max 8)
- age   1:    1989704 bytes,    1989704 total
- age   2:     942768 bytes,    2932472 total
- age   3:     989952 bytes,    3922424 total
- age   4:     877576 bytes,    4800000 total
- age   5:    1755568 bytes,    6555568 total
- age   6:    2365328 bytes,    8920896 total
- age   7:     239608 bytes,    9160504 total
- age   8:     118696 bytes,    9279200 total
: 97081K->13152K(109248K), 0.0207973 secs] 289962K->206174K(502464K), 0.0209026 secs] [Times: user=0.02 sys=0.00, real=0.02 secs] 
Heap after GC invocations=432 (full 20):
 par new generation   total 109248K, used 13152K [0x00000000e0000000, 0x00000000e8000000, 0x00000000e8000000)
  eden space 87424K,   0% used [0x00000000e0000000, 0x00000000e0000000, 0x00000000e5560000)
  from space 21824K,  60% used [0x00000000e5560000, 0x00000000e6238160, 0x00000000e6ab0000)
  to   space 21824K,   0% used [0x00000000e6ab0000, 0x00000000e6ab0000, 0x00000000e8000000)
 concurrent mark-sweep generation total 393216K, used 193022K [0x00000000e8000000, 0x0000000100000000, 0x0000000100000000)
 Metaspace       used 47061K, capacity 48847K, committed 49624K, reserved 1093632K
  class space    used 5097K, capacity 5483K, committed 5628K, reserved 1048576K
}
2018-10-23T07:43:27.449+0000: 277.395: Total time for which application threads were stopped: 0.0275427 seconds, Stopping threads took: 0.0061073 seconds
{Heap before GC invocations=432 (full 20):
 par new generation   total 109248K, used 100576K [0x00000000e0000000, 0x00000000e8000000, 0x00000000e8000000)
  eden space 87424K, 100% used [0x00000000e0000000, 0x00000000e5560000, 0x00000000e5560000)
  from space 21824K,  60% used [0x00000000e5560000, 0x00000000e6238160, 0x00000000e6ab0000)
  to   space 21824K,   0% used [0x00000000e6ab0000, 0x00000000e6ab0000, 0x00000000e8000000)
 concurrent mark-sweep generation total 393216K, used 193022K [0x00000000e8000000, 0x0000000100000000, 0x0000000100000000)
 Metaspace       used 47061K, capacity 48847K, committed 49624K, reserved 1093632K
  class space    used 5097K, capacity 5483K, committed 5628K, reserved 1048576K
2018-10-23T07:43:27.585+0000: 277.531: [GC (Allocation Failure) 2018-10-23T07:43:27.585+0000: 277.531: [ParNew
Desired survivor size 20112992 bytes, new threshold 8 (max 8)
- age   1:    3152808 bytes,    3152808 total
- age   2:     772968 bytes,    3925776 total
- age   3:     875840 bytes,    4801616 total
- age   4:     888888 bytes,    5690504 total
- age   5:     805664 bytes,    6496168 total
- age   6:    1689120 bytes,    8185288 total
- age   7:    2365040 bytes,   10550328 total
- age   8:     239608 bytes,   10789936 total
: 100576K->11873K(109248K), 0.0217763 secs] 293598K->205011K(502464K), 0.0218798 secs] [Times: user=0.04 sys=0.00, real=0.02 secs] 
Heap after GC invocations=433 (full 20):
 par new generation   total 109248K, used 11873K [0x00000000e0000000, 0x00000000e8000000, 0x00000000e8000000)
  eden space 87424K,   0% used [0x00000000e0000000, 0x00000000e0000000, 0x00000000e5560000)
  from space 21824K,  54% used [0x00000000e6ab0000, 0x00000000e7648590, 0x00000000e8000000)
  to   space 21824K,   0% used [0x00000000e5560000, 0x00000000e5560000, 0x00000000e6ab0000)
 concurrent mark-sweep generation total 393216K, used 193138K [0x00000000e8000000, 0x0000000100000000, 0x0000000100000000)
 Metaspace       used 47061K, capacity 48847K, committed 49624K, reserved 1093632K
  class space    used 5097K, capacity 5483K, committed 5628K, reserved 1048576K
}
2018-10-23T07:43:27.607+0000: 277.553: Total time for which application threads were stopped: 0.0290684 seconds, Stopping threads took: 0.0066640 seconds
{Heap before GC invocations=433 (full 20):
 par new generation   total 109248K, used 99297K [0x00000000e0000000, 0x00000000e8000000, 0x00000000e8000000)
  eden space 87424K, 100% used [0x00000000e0000000, 0x00000000e5560000, 0x00000000e5560000)
  from space 21824K,  54% used [0x00000000e6ab0000, 0x00000000e7648590, 0x00000000e8000000)
  to   space 21824K,   0% used [0x00000000e5560000, 0x00000000e5560000, 0x00000000e6ab0000)
 concurrent mark-sweep generation total 393216K, used 193138K [0x00000000e8000000, 0x0000000100000000, 0x0000000100000000)
 Metaspace       used 47061K, capacity 48847K, committed 49624K, reserved 1093632K
  class space    used 5097K, capacity 5483K, committed 5628K, reserved 1048576K
2018-10-23T07:43:27.726+0000: 277.672: [GC (Allocation Failure) 2018-10-23T07:43:27.726+0000: 277.672: [ParNew
Desired survivor size 20112992 bytes, new threshold 8 (max 8)
- age   1:    3617192 bytes,    3617192 total
- age   2:    1778184 bytes,    5395376 total
- age   3:     731392 bytes,    6126768 total
- age   4:     667392 bytes,    6794160 total
- age   5:     888888 bytes,    7683048 total
- age   6:     789248 bytes,    8472296 total
- age   7:    1688984 bytes,   10161280 total
- age   8:    2365040 bytes,   12526320 total
: 99297K->16138K(109248K), 0.0283809 secs] 292435K->209510K(502464K), 0.0284949 secs] [Times: user=0.04 sys=0.00, real=0.03 secs] 
Heap after GC invocations=434 (full 20):
 par new generation   total 109248K, used 16138K [0x00000000e0000000, 0x00000000e8000000, 0x00000000e8000000)
  eden space 87424K,   0% used [0x00000000e0000000, 0x00000000e0000000, 0x00000000e5560000)
  from space 21824K,  73% used [0x00000000e5560000, 0x00000000e6522a70, 0x00000000e6ab0000)
  to   space 21824K,   0% used [0x00000000e6ab0000, 0x00000000e6ab0000, 0x00000000e8000000)
 concurrent mark-sweep generation total 393216K, used 193372K [0x00000000e8000000, 0x0000000100000000, 0x0000000100000000)
 Metaspace       used 47061K, capacity 48847K, committed 49624K, reserved 1093632K
  class space    used 5097K, capacity 5483K, committed 5628K, reserved 1048576K
}
2018-10-23T07:43:27.755+0000: 277.700: Total time for which application threads were stopped: 0.0337787 seconds, Stopping threads took: 0.0048067 seconds
{Heap before GC invocations=434 (full 20):
 par new generation   total 109248K, used 103562K [0x00000000e0000000, 0x00000000e8000000, 0x00000000e8000000)
  eden space 87424K, 100% used [0x00000000e0000000, 0x00000000e5560000, 0x00000000e5560000)
  from space 21824K,  73% used [0x00000000e5560000, 0x00000000e6522a70, 0x00000000e6ab0000)
  to   space 21824K,   0% used [0x00000000e6ab0000, 0x00000000e6ab0000, 0x00000000e8000000)
 concurrent mark-sweep generation total 393216K, used 193372K [0x00000000e8000000, 0x0000000100000000, 0x0000000100000000)
 Metaspace       used 47061K, capacity 48847K, committed 49624K, reserved 1093632K
  class space    used 5097K, capacity 5483K, committed 5628K, reserved 1048576K
2018-10-23T07:43:27.859+0000: 277.805: [GC (Allocation Failure) 2018-10-23T07:43:27.859+0000: 277.805: [ParNew
Desired survivor size 20112992 bytes, new threshold 8 (max 8)
- age   1:    4120192 bytes,    4120192 total
- age   2:    2498128 bytes,    6618320 total
- age   3:    1521256 bytes,    8139576 total
- age   4:     606128 bytes,    8745704 total
- age   5:     578016 bytes,    9323720 total
- age   6:     787512 bytes,   10111232 total
- age   7:     686176 bytes,   10797408 total
- age   8:    1604304 bytes,   12401712 total
: 103562K->15508K(109248K), 0.0297761 secs] 296934K->210671K(502464K), 0.0299158 secs] [Times: user=0.04 sys=0.00, real=0.02 secs] 
Heap after GC invocations=435 (full 20):
 par new generation   total 109248K, used 15508K [0x00000000e0000000, 0x00000000e8000000, 0x00000000e8000000)
  eden space 87424K,   0% used [0x00000000e0000000, 0x00000000e0000000, 0x00000000e5560000)
  from space 21824K,  71% used [0x00000000e6ab0000, 0x00000000e79d5308, 0x00000000e8000000)
  to   space 21824K,   0% used [0x00000000e5560000, 0x00000000e5560000, 0x00000000e6ab0000)
 concurrent mark-sweep generation total 393216K, used 195163K [0x00000000e8000000, 0x0000000100000000, 0x0000000100000000)
 Metaspace       used 47061K, capacity 48847K, committed 49624K, reserved 1093632K
  class space    used 5097K, capacity 5483K, committed 5628K, reserved 1048576K
}
2018-10-23T07:43:27.889+0000: 277.835: Total time for which application threads were stopped: 0.0457184 seconds, Stopping threads took: 0.0152917 seconds
2018-10-23T07:43:27.899+0000: 277.845: Total time for which application threads were stopped: 0.0006739 seconds, Stopping threads took: 0.0003123 seconds
{Heap before GC invocations=435 (full 20):
 par new generation   total 109248K, used 102902K [0x00000000e0000000, 0x00000000e8000000, 0x00000000e8000000)
  eden space 87424K,  99% used [0x00000000e0000000, 0x00000000e5558808, 0x00000000e5560000)
  from space 21824K,  71% used [0x00000000e6ab0000, 0x00000000e79d5308, 0x00000000e8000000)
  to   space 21824K,   0% used [0x00000000e5560000, 0x00000000e5560000, 0x00000000e6ab0000)
 concurrent mark-sweep generation total 393216K, used 195163K [0x00000000e8000000, 0x0000000100000000, 0x0000000100000000)
 Metaspace       used 47062K, capacity 48847K, committed 49624K, reserved 1093632K
  class space    used 5097K, capacity 5483K, committed 5628K, reserved 1048576K
2018-10-23T07:43:27.989+0000: 277.934: [GC (Allocation Failure) 2018-10-23T07:43:27.989+0000: 277.935: [ParNew
Desired survivor size 20112992 bytes, new threshold 8 (max 8)
- age   1:    2799616 bytes,    2799616 total
- age   2:    3249264 bytes,    6048880 total
- age   3:    2183560 bytes,    8232440 total
- age   4:    1188112 bytes,    9420552 total
- age   5:     468392 bytes,    9888944 total
- age   6:     434784 bytes,   10323728 total
- age   7:     578544 bytes,   10902272 total
- age   8:     512824 bytes,   11415096 total
: 102902K->18900K(109248K), 0.0209468 secs] 298065K->215423K(502464K), 0.0210764 secs] [Times: user=0.03 sys=0.00, real=0.03 secs] 
Heap after GC invocations=436 (full 20):
 par new generation   total 109248K, used 18900K [0x00000000e0000000, 0x00000000e8000000, 0x00000000e8000000)
  eden space 87424K,   0% used [0x00000000e0000000, 0x00000000e0000000, 0x00000000e5560000)
  from space 21824K,  86% used [0x00000000e5560000, 0x00000000e67d5380, 0x00000000e6ab0000)
  to   space 21824K,   0% used [0x00000000e6ab0000, 0x00000000e6ab0000, 0x00000000e8000000)
 concurrent mark-sweep generation total 393216K, used 196522K [0x00000000e8000000, 0x0000000100000000, 0x0000000100000000)
 Metaspace       used 47062K, capacity 48847K, committed 49624K, reserved 1093632K
  class space    used 5097K, capacity 5483K, committed 5628K, reserved 1048576K
}
2018-10-23T07:43:28.010+0000: 277.956: Total time for which application threads were stopped: 0.0288548 seconds, Stopping threads took: 0.0072711 seconds
{Heap before GC invocations=436 (full 20):
 par new generation   total 109248K, used 106324K [0x00000000e0000000, 0x00000000e8000000, 0x00000000e8000000)
  eden space 87424K, 100% used [0x00000000e0000000, 0x00000000e5560000, 0x00000000e5560000)
  from space 21824K,  86% used [0x00000000e5560000, 0x00000000e67d5380, 0x00000000e6ab0000)
  to   space 21824K,   0% used [0x00000000e6ab0000, 0x00000000e6ab0000, 0x00000000e8000000)
 concurrent mark-sweep generation total 393216K, used 196522K [0x00000000e8000000, 0x0000000100000000, 0x0000000100000000)
 Metaspace       used 47062K, capacity 48847K, committed 49624K, reserved 1093632K
  class space    used 5097K, capacity 5483K, committed 5628K, reserved 1048576K
2018-10-23T07:43:28.090+0000: 278.036: [GC (Allocation Failure) 2018-10-23T07:43:28.090+0000: 278.036: [ParNew
Desired survivor size 20112992 bytes, new threshold 8 (max 8)
- age   1:    1768120 bytes,    1768120 total
- age   2:    1507648 bytes,    3275768 total
- age   3:    3239832 bytes,    6515600 total
- age   4:    2183560 bytes,    8699160 total
- age   5:    1188112 bytes,    9887272 total
- age   6:     468392 bytes,   10355664 total
- age   7:     434784 bytes,   10790448 total
- age   8:     578512 bytes,   11368960 total
: 106324K->13717K(109248K), 0.0332749 secs] 302847K->210741K(502464K), 0.0334042 secs] [Times: user=0.05 sys=0.00, real=0.03 secs] 
Heap after GC invocations=437 (full 20):
 par new generation   total 109248K, used 13717K [0x00000000e0000000, 0x00000000e8000000, 0x00000000e8000000)
  eden space 87424K,   0% used [0x00000000e0000000, 0x00000000e0000000, 0x00000000e5560000)
  from space 21824K,  62% used [0x00000000e6ab0000, 0x00000000e7815600, 0x00000000e8000000)
  to   space 21824K,   0% used [0x00000000e5560000, 0x00000000e5560000, 0x00000000e6ab0000)
 concurrent mark-sweep generation total 393216K, used 197023K [0x00000000e8000000, 0x0000000100000000, 0x0000000100000000)
 Metaspace       used 47062K, capacity 48847K, committed 49624K, reserved 1093632K
  class space    used 5097K, capacity 5483K, committed 5628K, reserved 1048576K
}
2018-10-23T07:43:28.124+0000: 278.069: Total time for which application threads were stopped: 0.0390739 seconds, Stopping threads took: 0.0051701 seconds
2018-10-23T07:43:28.130+0000: 278.076: [GC (CMS Initial Mark) [1 CMS-initial-mark: 197023K(393216K)] 214818K(502464K), 0.0063981 secs] [Times: user=0.01 sys=0.00, real=0.00 secs] 
2018-10-23T07:43:28.137+0000: 278.082: Total time for which application threads were stopped: 0.0107391 seconds, Stopping threads took: 0.0039116 seconds
2018-10-23T07:43:28.137+0000: 278.083: [CMS-concurrent-mark-start]
{Heap before GC invocations=437 (full 21):
 par new generation   total 109248K, used 101141K [0x00000000e0000000, 0x00000000e8000000, 0x00000000e8000000)
  eden space 87424K, 100% used [0x00000000e0000000, 0x00000000e5560000, 0x00000000e5560000)
  from space 21824K,  62% used [0x00000000e6ab0000, 0x00000000e7815600, 0x00000000e8000000)
  to   space 21824K,   0% used [0x00000000e5560000, 0x00000000e5560000, 0x00000000e6ab0000)
 concurrent mark-sweep generation total 393216K, used 197023K [0x00000000e8000000, 0x0000000100000000, 0x0000000100000000)
 Metaspace       used 47062K, capacity 48847K, committed 49624K, reserved 1093632K
  class space    used 5097K, capacity 5483K, committed 5628K, reserved 1048576K
2018-10-23T07:43:28.210+0000: 278.156: [GC (Allocation Failure) 2018-10-23T07:43:28.210+0000: 278.156: [ParNew
Desired survivor size 20112992 bytes, new threshold 8 (max 8)
- age   1:    1627384 bytes,    1627384 total
- age   2:     865440 bytes,    2492824 total
- age   3:    1489800 bytes,    3982624 total
- age   4:    3272040 bytes,    7254664 total
- age   5:    2183560 bytes,    9438224 total
- age   6:    1188112 bytes,   10626336 total
- age   7:     468392 bytes,   11094728 total
- age   8:     434784 bytes,   11529512 total
: 101141K->14547K(109248K), 0.0261697 secs] 298165K->212137K(502464K), 0.0263092 secs] [Times: user=0.04 sys=0.00, real=0.02 secs] 
Heap after GC invocations=438 (full 21):
 par new generation   total 109248K, used 14547K [0x00000000e0000000, 0x00000000e8000000, 0x00000000e8000000)
  eden space 87424K,   0% used [0x00000000e0000000, 0x00000000e0000000, 0x00000000e5560000)
  from space 21824K,  66% used [0x00000000e5560000, 0x00000000e6394fc0, 0x00000000e6ab0000)
  to   space 21824K,   0% used [0x00000000e6ab0000, 0x00000000e6ab0000, 0x00000000e8000000)
 concurrent mark-sweep generation total 393216K, used 197589K [0x00000000e8000000, 0x0000000100000000, 0x0000000100000000)
 Metaspace       used 47062K, capacity 48847K, committed 49624K, reserved 1093632K
  class space    used 5097K, capacity 5483K, committed 5628K, reserved 1048576K
}
2018-10-23T07:43:28.237+0000: 278.182: Total time for which application threads were stopped: 0.0269166 seconds, Stopping threads took: 0.0000900 seconds
{Heap before GC invocations=438 (full 21):
 par new generation   total 109248K, used 101971K [0x00000000e0000000, 0x00000000e8000000, 0x00000000e8000000)
  eden space 87424K, 100% used [0x00000000e0000000, 0x00000000e5560000, 0x00000000e5560000)
  from space 21824K,  66% used [0x00000000e5560000, 0x00000000e6394fc0, 0x00000000e6ab0000)
  to   space 21824K,   0% used [0x00000000e6ab0000, 0x00000000e6ab0000, 0x00000000e8000000)
 concurrent mark-sweep generation total 393216K, used 197589K [0x00000000e8000000, 0x0000000100000000, 0x0000000100000000)
 Metaspace       used 47062K, capacity 48847K, committed 49624K, reserved 1093632K
  class space    used 5097K, capacity 5483K, committed 5628K, reserved 1048576K
2018-10-23T07:43:28.370+0000: 278.316: [GC (Allocation Failure) 2018-10-23T07:43:28.370+0000: 278.316: [ParNew
Desired survivor size 20112992 bytes, new threshold 8 (max 8)
- age   1:    2131184 bytes,    2131184 total
- age   2:     662000 bytes,    2793184 total
- age   3:     683616 bytes,    3476800 total
- age   4:    1433304 bytes,    4910104 total
- age   5:    3230832 bytes,    8140936 total
- age   6:    2183560 bytes,   10324496 total
- age   7:    1188112 bytes,   11512608 total
- age   8:     468392 bytes,   11981000 total
: 101971K->16587K(109248K), 0.0243686 secs] 299561K->214601K(502464K), 0.0244745 secs] [Times: user=0.04 sys=0.00, real=0.02 secs] 
Heap after GC invocations=439 (full 21):
 par new generation   total 109248K, used 16587K [0x00000000e0000000, 0x00000000e8000000, 0x00000000e8000000)
  eden space 87424K,   0% used [0x00000000e0000000, 0x00000000e0000000, 0x00000000e5560000)
  from space 21824K,  76% used [0x00000000e6ab0000, 0x00000000e7ae2cc0, 0x00000000e8000000)
  to   space 21824K,   0% used [0x00000000e5560000, 0x00000000e5560000, 0x00000000e6ab0000)
 concurrent mark-sweep generation total 393216K, used 198013K [0x00000000e8000000, 0x0000000100000000, 0x0000000100000000)
 Metaspace       used 47062K, capacity 48847K, committed 49624K, reserved 1093632K
  class space    used 5097K, capacity 5483K, committed 5628K, reserved 1048576K
}
2018-10-23T07:43:28.395+0000: 278.340: Total time for which application threads were stopped: 0.0250362 seconds, Stopping threads took: 0.0000593 seconds
2018-10-23T07:43:28.478+0000: 278.423: [CMS-concurrent-mark: 0.285/0.341 secs] [Times: user=0.83 sys=0.00, real=0.35 secs] 
2018-10-23T07:43:28.478+0000: 278.424: [CMS-concurrent-preclean-start]
2018-10-23T07:43:28.484+0000: 278.430: [CMS-concurrent-preclean: 0.005/0.006 secs] [Times: user=0.02 sys=0.00, real=0.00 secs] 
2018-10-23T07:43:28.484+0000: 278.430: [CMS-concurrent-abortable-preclean-start]
{Heap before GC invocations=439 (full 21):
 par new generation   total 109248K, used 104011K [0x00000000e0000000, 0x00000000e8000000, 0x00000000e8000000)
  eden space 87424K, 100% used [0x00000000e0000000, 0x00000000e5560000, 0x00000000e5560000)
  from space 21824K,  76% used [0x00000000e6ab0000, 0x00000000e7ae2cc0, 0x00000000e8000000)
  to   space 21824K,   0% used [0x00000000e5560000, 0x00000000e5560000, 0x00000000e6ab0000)
 concurrent mark-sweep generation total 393216K, used 198013K [0x00000000e8000000, 0x0000000100000000, 0x0000000100000000)
 Metaspace       used 47062K, capacity 48847K, committed 49624K, reserved 1093632K
  class space    used 5097K, capacity 5483K, committed 5628K, reserved 1048576K
2018-10-23T07:43:28.565+0000: 278.511: [GC (Allocation Failure) 2018-10-23T07:43:28.565+0000: 278.511: [ParNew
Desired survivor size 20112992 bytes, new threshold 8 (max 8)
- age   1:    2716712 bytes,    2716712 total
- age   2:    1429992 bytes,    4146704 total
- age   3:     561856 bytes,    4708560 total
- age   4:     662696 bytes,    5371256 total
- age   5:    1315600 bytes,    6686856 total
- age   6:    3230632 bytes,    9917488 total
- age   7:    2183560 bytes,   12101048 total
- age   8:    1188112 bytes,   13289160 total
: 104011K->18138K(109248K), 0.0315876 secs] 302025K->216610K(502464K), 0.0317158 secs] [Times: user=0.05 sys=0.00, real=0.03 secs] 
Heap after GC invocations=440 (full 21):
 par new generation   total 109248K, used 18138K [0x00000000e0000000, 0x00000000e8000000, 0x00000000e8000000)
  eden space 87424K,   0% used [0x00000000e0000000, 0x00000000e0000000, 0x00000000e5560000)
  from space 21824K,  83% used [0x00000000e5560000, 0x00000000e6716bc0, 0x00000000e6ab0000)
  to   space 21824K,   0% used [0x00000000e6ab0000, 0x00000000e6ab0000, 0x00000000e8000000)
 concurrent mark-sweep generation total 393216K, used 198471K [0x00000000e8000000, 0x0000000100000000, 0x0000000100000000)
 Metaspace       used 47062K, capacity 48847K, committed 49624K, reserved 1093632K
  class space    used 5097K, capacity 5483K, committed 5628K, reserved 1048576K
}
2018-10-23T07:43:28.597+0000: 278.543: Total time for which application threads were stopped: 0.0383808 seconds, Stopping threads took: 0.0061580 seconds
{Heap before GC invocations=440 (full 21):
 par new generation   total 109248K, used 105562K [0x00000000e0000000, 0x00000000e8000000, 0x00000000e8000000)
  eden space 87424K, 100% used [0x00000000e0000000, 0x00000000e5560000, 0x00000000e5560000)
  from space 21824K,  83% used [0x00000000e5560000, 0x00000000e6716bc0, 0x00000000e6ab0000)
  to   space 21824K,   0% used [0x00000000e6ab0000, 0x00000000e6ab0000, 0x00000000e8000000)
 concurrent mark-sweep generation total 393216K, used 198471K [0x00000000e8000000, 0x0000000100000000, 0x0000000100000000)
 Metaspace       used 47065K, capacity 48847K, committed 49624K, reserved 1093632K
  class space    used 5097K, capacity 5483K, committed 5628K, reserved 1048576K
2018-10-23T07:43:28.714+0000: 278.660: [GC (Allocation Failure) 2018-10-23T07:43:28.714+0000: 278.660: [ParNew
Desired survivor size 20112992 bytes, new threshold 8 (max 8)
- age   1:    2896608 bytes,    2896608 total
- age   2:    1386536 bytes,    4283144 total
- age   3:    1341984 bytes,    5625128 total
- age   4:     561856 bytes,    6186984 total
- age   5:     661768 bytes,    6848752 total
- age   6:    1175280 bytes,    8024032 total
- age   7:    3224920 bytes,   11248952 total
- age   8:    2183560 bytes,   13432512 total
: 105562K->14350K(109248K), 0.0634500 secs] 304034K->213983K(502464K), 0.0635761 secs] [Times: user=0.05 sys=0.00, real=0.07 secs] 
Heap after GC invocations=441 (full 21):
 par new generation   total 109248K, used 14350K [0x00000000e0000000, 0x00000000e8000000, 0x00000000e8000000)
  eden space 87424K,   0% used [0x00000000e0000000, 0x00000000e0000000, 0x00000000e5560000)
  from space 21824K,  65% used [0x00000000e6ab0000, 0x00000000e78b3bf8, 0x00000000e8000000)
  to   space 21824K,   0% used [0x00000000e5560000, 0x00000000e5560000, 0x00000000e6ab0000)
 concurrent mark-sweep generation total 393216K, used 199632K [0x00000000e8000000, 0x0000000100000000, 0x0000000100000000)
 Metaspace       used 47065K, capacity 48847K, committed 49624K, reserved 1093632K
  class space    used 5097K, capacity 5483K, committed 5628K, reserved 1048576K
}
2018-10-23T07:43:28.778+0000: 278.724: Total time for which application threads were stopped: 0.0641285 seconds, Stopping threads took: 0.0000659 seconds
2018-10-23T07:43:28.785+0000: 278.731: [CMS-concurrent-abortable-preclean: 0.145/0.301 secs] [Times: user=0.52 sys=0.00, real=0.30 secs] 
2018-10-23T07:43:28.789+0000: 278.735: [GC (CMS Final Remark) [YG occupancy: 21737 K (109248 K)]{Heap before GC invocations=441 (full 21):
 par new generation   total 109248K, used 21737K [0x00000000e0000000, 0x00000000e8000000, 0x00000000e8000000)
  eden space 87424K,   8% used [0x00000000e0000000, 0x00000000e0736978, 0x00000000e5560000)
  from space 21824K,  65% used [0x00000000e6ab0000, 0x00000000e78b3bf8, 0x00000000e8000000)
  to   space 21824K,   0% used [0x00000000e5560000, 0x00000000e5560000, 0x00000000e6ab0000)
 concurrent mark-sweep generation total 393216K, used 199632K [0x00000000e8000000, 0x0000000100000000, 0x0000000100000000)
 Metaspace       used 47065K, capacity 48847K, committed 49624K, reserved 1093632K
  class space    used 5097K, capacity 5483K, committed 5628K, reserved 1048576K
2018-10-23T07:43:28.789+0000: 278.735: [GC (CMS Final Remark) 2018-10-23T07:43:28.789+0000: 278.735: [ParNew
Desired survivor size 20112992 bytes, new threshold 8 (max 8)
- age   1:     939320 bytes,     939320 total
- age   2:    2328712 bytes,    3268032 total
- age   3:    1301728 bytes,    4569760 total
- age   4:    1280288 bytes,    5850048 total
- age   5:     519632 bytes,    6369680 total
- age   6:     636088 bytes,    7005768 total
- age   7:    1122120 bytes,    8127888 total
- age   8:    3136256 bytes,   11264144 total
: 21737K->14291K(109248K), 0.0138492 secs] 221369K->216056K(502464K), 0.0139313 secs] [Times: user=0.02 sys=0.00, real=0.02 secs] 
Heap after GC invocations=442 (full 21):
 par new generation   total 109248K, used 14291K [0x00000000e0000000, 0x00000000e8000000, 0x00000000e8000000)
  eden space 87424K,   0% used [0x00000000e0000000, 0x00000000e0000000, 0x00000000e5560000)
  from space 21824K,  65% used [0x00000000e5560000, 0x00000000e6354c38, 0x00000000e6ab0000)
  to   space 21824K,   0% used [0x00000000e6ab0000, 0x00000000e6ab0000, 0x00000000e8000000)
 concurrent mark-sweep generation total 393216K, used 201765K [0x00000000e8000000, 0x0000000100000000, 0x0000000100000000)
 Metaspace       used 47065K, capacity 48847K, committed 49624K, reserved 1093632K
  class space    used 5097K, capacity 5483K, committed 5628K, reserved 1048576K
}
2018-10-23T07:43:28.803+0000: 278.749: [Rescan (parallel) , 0.0212244 secs]2018-10-23T07:43:28.825+0000: 278.770: [weak refs processing, 0.0217882 secs]2018-10-23T07:43:28.846+0000: 278.792: [class unloading, 0.0142227 secs]2018-10-23T07:43:28.861+0000: 278.807: [scrub symbol table, 0.0069016 secs]2018-10-23T07:43:28.868+0000: 278.813: [scrub string table, 0.0008979 secs][1 CMS-remark: 201765K(393216K)] 216056K(502464K), 0.0792836 secs] [Times: user=0.11 sys=0.00, real=0.08 secs] 
2018-10-23T07:43:28.869+0000: 278.815: Total time for which application threads were stopped: 0.0798612 seconds, Stopping threads took: 0.0001531 seconds
2018-10-23T07:43:28.870+0000: 278.815: [CMS-concurrent-sweep-start]
{Heap before GC invocations=442 (full 21):
 par new generation   total 109248K, used 101715K [0x00000000e0000000, 0x00000000e8000000, 0x00000000e8000000)
  eden space 87424K, 100% used [0x00000000e0000000, 0x00000000e5560000, 0x00000000e5560000)
  from space 21824K,  65% used [0x00000000e5560000, 0x00000000e6354c38, 0x00000000e6ab0000)
  to   space 21824K,   0% used [0x00000000e6ab0000, 0x00000000e6ab0000, 0x00000000e8000000)
 concurrent mark-sweep generation total 393216K, used 196977K [0x00000000e8000000, 0x0000000100000000, 0x0000000100000000)
 Metaspace       used 47066K, capacity 48847K, committed 49624K, reserved 1093632K
  class space    used 5097K, capacity 5483K, committed 5628K, reserved 1048576K
2018-10-23T07:43:28.946+0000: 278.892: [GC (Allocation Failure) 2018-10-23T07:43:28.946+0000: 278.892: [ParNew
Desired survivor size 20112992 bytes, new threshold 8 (max 8)
- age   1:    2148616 bytes,    2148616 total
- age   2:     786792 bytes,    2935408 total
- age   3:    1056208 bytes,    3991616 total
- age   4:     786616 bytes,    4778232 total
- age   5:     911456 bytes,    5689688 total
- age   6:     342960 bytes,    6032648 total
- age   7:     452760 bytes,    6485408 total
- age   8:     949560 bytes,    7434968 total
: 101715K->10438K(109248K), 0.0145054 secs] 298692K->209342K(502464K), 0.0146362 secs] [Times: user=0.02 sys=0.00, real=0.02 secs] 
Heap after GC invocations=443 (full 21):
 par new generation   total 109248K, used 10438K [0x00000000e0000000, 0x00000000e8000000, 0x00000000e8000000)
  eden space 87424K,   0% used [0x00000000e0000000, 0x00000000e0000000, 0x00000000e5560000)
  from space 21824K,  47% used [0x00000000e6ab0000, 0x00000000e74e1b80, 0x00000000e8000000)
  to   space 21824K,   0% used [0x00000000e5560000, 0x00000000e5560000, 0x00000000e6ab0000)
 concurrent mark-sweep generation total 393216K, used 198903K [0x00000000e8000000, 0x0000000100000000, 0x0000000100000000)
 Metaspace       used 47066K, capacity 48847K, committed 49624K, reserved 1093632K
  class space    used 5097K, capacity 5483K, committed 5628K, reserved 1048576K
}
2018-10-23T07:43:28.961+0000: 278.907: Total time for which application threads were stopped: 0.0189279 seconds, Stopping threads took: 0.0037742 seconds
2018-10-23T07:43:29.053+0000: 278.999: [CMS-concurrent-sweep: 0.164/0.184 secs] [Times: user=0.43 sys=0.00, real=0.19 secs] 
2018-10-23T07:43:29.053+0000: 278.999: [CMS-concurrent-reset-start]
2018-10-23T07:43:29.054+0000: 279.000: [CMS-concurrent-reset: 0.001/0.001 secs] [Times: user=0.00 sys=0.00, real=0.00 secs] 
{Heap before GC invocations=443 (full 21):
 par new generation   total 109248K, used 97862K [0x00000000e0000000, 0x00000000e8000000, 0x00000000e8000000)
  eden space 87424K, 100% used [0x00000000e0000000, 0x00000000e5560000, 0x00000000e5560000)
  from space 21824K,  47% used [0x00000000e6ab0000, 0x00000000e74e1b80, 0x00000000e8000000)
  to   space 21824K,   0% used [0x00000000e5560000, 0x00000000e5560000, 0x00000000e6ab0000)
 concurrent mark-sweep generation total 393216K, used 195674K [0x00000000e8000000, 0x0000000100000000, 0x0000000100000000)
 Metaspace       used 47070K, capacity 48847K, committed 49624K, reserved 1093632K
  class space    used 5097K, capacity 5483K, committed 5628K, reserved 1048576K
2018-10-23T07:43:29.086+0000: 279.032: [GC (Allocation Failure) 2018-10-23T07:43:29.086+0000: 279.032: [ParNew
Desired survivor size 20112992 bytes, new threshold 8 (max 8)
- age   1:    2783352 bytes,    2783352 total
- age   2:    1799816 bytes,    4583168 total
- age   3:     771800 bytes,    5354968 total
- age   4:     960856 bytes,    6315824 total
- age   5:     667528 bytes,    6983352 total
- age   6:     784136 bytes,    7767488 total
- age   7:     279768 bytes,    8047256 total
- age   8:     369912 bytes,    8417168 total
: 97862K->11156K(109248K), 0.0357255 secs] 293537K->207645K(502464K), 0.0358444 secs] [Times: user=0.03 sys=0.00, real=0.04 secs] 
Heap after GC invocations=444 (full 21):
 par new generation   total 109248K, used 11156K [0x00000000e0000000, 0x00000000e8000000, 0x00000000e8000000)
  eden space 87424K,   0% used [0x00000000e0000000, 0x00000000e0000000, 0x00000000e5560000)
  from space 21824K,  51% used [0x00000000e5560000, 0x00000000e60451f0, 0x00000000e6ab0000)
  to   space 21824K,   0% used [0x00000000e6ab0000, 0x00000000e6ab0000, 0x00000000e8000000)
 concurrent mark-sweep generation total 393216K, used 196488K [0x00000000e8000000, 0x0000000100000000, 0x0000000100000000)
 Metaspace       used 47070K, capacity 48847K, committed 49624K, reserved 1093632K
  class space    used 5097K, capacity 5483K, committed 5628K, reserved 1048576K
}
2018-10-23T07:43:29.122+0000: 279.068: Total time for which application threads were stopped: 0.0436391 seconds, Stopping threads took: 0.0072914 seconds
{Heap before GC invocations=444 (full 21):
 par new generation   total 109248K, used 98580K [0x00000000e0000000, 0x00000000e8000000, 0x00000000e8000000)
  eden space 87424K, 100% used [0x00000000e0000000, 0x00000000e5560000, 0x00000000e5560000)
  from space 21824K,  51% used [0x00000000e5560000, 0x00000000e60451f0, 0x00000000e6ab0000)
  to   space 21824K,   0% used [0x00000000e6ab0000, 0x00000000e6ab0000, 0x00000000e8000000)
 concurrent mark-sweep generation total 393216K, used 196488K [0x00000000e8000000, 0x0000000100000000, 0x0000000100000000)
 Metaspace       used 47070K, capacity 48847K, committed 49624K, reserved 1093632K
  class space    used 5097K, capacity 5483K, committed 5628K, reserved 1048576K
2018-10-23T07:43:29.220+0000: 279.166: [GC (Allocation Failure) 2018-10-23T07:43:29.220+0000: 279.166: [ParNew
Desired survivor size 20112992 bytes, new threshold 8 (max 8)
- age   1:    2530264 bytes,    2530264 total
- age   2:    1917032 bytes,    4447296 total
- age   3:    1799816 bytes,    6247112 total
- age   4:     771800 bytes,    7018912 total
- age   5:     960856 bytes,    7979768 total
- age   6:     667528 bytes,    8647296 total
- age   7:     784136 bytes,    9431432 total
- age   8:     279768 bytes,    9711200 total
: 98580K->11544K(109248K), 0.0248396 secs] 295069K->208395K(502464K), 0.0249499 secs] [Times: user=0.03 sys=0.00, real=0.02 secs] 
Heap after GC invocations=445 (full 21):
 par new generation   total 109248K, used 11544K [0x00000000e0000000, 0x00000000e8000000, 0x00000000e8000000)
  eden space 87424K,   0% used [0x00000000e0000000, 0x00000000e0000000, 0x00000000e5560000)
  from space 21824K,  52% used [0x00000000e6ab0000, 0x00000000e75f6360, 0x00000000e8000000)
  to   space 21824K,   0% used [0x00000000e5560000, 0x00000000e5560000, 0x00000000e6ab0000)
 concurrent mark-sweep generation total 393216K, used 196850K [0x00000000e8000000, 0x0000000100000000, 0x0000000100000000)
 Metaspace       used 47070K, capacity 48847K, committed 49624K, reserved 1093632K
  class space    used 5097K, capacity 5483K, committed 5628K, reserved 1048576K
}
2018-10-23T07:43:29.245+0000: 279.191: Total time for which application threads were stopped: 0.0315363 seconds, Stopping threads took: 0.0061014 seconds
2018-10-23T07:43:29.247+0000: 279.192: [GC (CMS Initial Mark) [1 CMS-initial-mark: 196850K(393216K)] 209790K(502464K), 0.0071594 secs] [Times: user=0.00 sys=0.00, real=0.01 secs] 
2018-10-23T07:43:29.254+0000: 279.200: Total time for which application threads were stopped: 0.0076403 seconds, Stopping threads took: 0.0001323 seconds
2018-10-23T07:43:29.254+0000: 279.200: [CMS-concurrent-mark-start]
{Heap before GC invocations=445 (full 22):
 par new generation   total 109248K, used 98968K [0x00000000e0000000, 0x00000000e8000000, 0x00000000e8000000)
  eden space 87424K, 100% used [0x00000000e0000000, 0x00000000e5560000, 0x00000000e5560000)
  from space 21824K,  52% used [0x00000000e6ab0000, 0x00000000e75f6360, 0x00000000e8000000)
  to   space 21824K,   0% used [0x00000000e5560000, 0x00000000e5560000, 0x00000000e6ab0000)
 concurrent mark-sweep generation total 393216K, used 196850K [0x00000000e8000000, 0x0000000100000000, 0x0000000100000000)
 Metaspace       used 47070K, capacity 48847K, committed 49624K, reserved 1093632K
  class space    used 5097K, capacity 5483K, committed 5628K, reserved 1048576K
2018-10-23T07:43:29.418+0000: 279.364: [GC (Allocation Failure) 2018-10-23T07:43:29.418+0000: 279.364: [ParNew
Desired survivor size 20112992 bytes, new threshold 8 (max 8)
- age   1:    2844152 bytes,    2844152 total
- age   2:    1284768 bytes,    4128920 total
- age   3:    1834208 bytes,    5963128 total
- age   4:    1799368 bytes,    7762496 total
- age   5:     771248 bytes,    8533744 total
- age   6:     960856 bytes,    9494600 total
- age   7:     667528 bytes,   10162128 total
- age   8:     784136 bytes,   10946264 total
: 98968K->16324K(109248K), 0.0293563 secs] 295819K->213448K(502464K), 0.0294643 secs] [Times: user=0.05 sys=0.00, real=0.02 secs] 
Heap after GC invocations=446 (full 22):
 par new generation   total 109248K, used 16324K [0x00000000e0000000, 0x00000000e8000000, 0x00000000e8000000)
  eden space 87424K,   0% used [0x00000000e0000000, 0x00000000e0000000, 0x00000000e5560000)
  from space 21824K,  74% used [0x00000000e5560000, 0x00000000e6551200, 0x00000000e6ab0000)
  to   space 21824K,   0% used [0x00000000e6ab0000, 0x00000000e6ab0000, 0x00000000e8000000)
 concurrent mark-sweep generation total 393216K, used 197123K [0x00000000e8000000, 0x0000000100000000, 0x0000000100000000)
 Metaspace       used 47070K, capacity 48847K, committed 49624K, reserved 1093632K
  class space    used 5097K, capacity 5483K, committed 5628K, reserved 1048576K
}
2018-10-23T07:43:29.448+0000: 279.394: Total time for which application threads were stopped: 0.0334450 seconds, Stopping threads took: 0.0034792 seconds
2018-10-23T07:43:29.482+0000: 279.428: [CMS-concurrent-mark: 0.195/0.228 secs] [Times: user=0.62 sys=0.00, real=0.23 secs] 
2018-10-23T07:43:29.482+0000: 279.428: [CMS-concurrent-preclean-start]
2018-10-23T07:43:29.488+0000: 279.433: [CMS-concurrent-preclean: 0.004/0.005 secs] [Times: user=0.01 sys=0.00, real=0.00 secs] 
2018-10-23T07:43:29.488+0000: 279.433: [CMS-concurrent-abortable-preclean-start]
{Heap before GC invocations=446 (full 22):
 par new generation   total 109248K, used 103748K [0x00000000e0000000, 0x00000000e8000000, 0x00000000e8000000)
  eden space 87424K, 100% used [0x00000000e0000000, 0x00000000e5560000, 0x00000000e5560000)
  from space 21824K,  74% used [0x00000000e5560000, 0x00000000e6551200, 0x00000000e6ab0000)
  to   space 21824K,   0% used [0x00000000e6ab0000, 0x00000000e6ab0000, 0x00000000e8000000)
 concurrent mark-sweep generation total 393216K, used 197123K [0x00000000e8000000, 0x0000000100000000, 0x0000000100000000)
 Metaspace       used 47070K, capacity 48847K, committed 49624K, reserved 1093632K
  class space    used 5097K, capacity 5483K, committed 5628K, reserved 1048576K
2018-10-23T07:43:29.821+0000: 279.767: [GC (Allocation Failure) 2018-10-23T07:43:29.821+0000: 279.767: [ParNew
Desired survivor size 20112992 bytes, new threshold 8 (max 8)
- age   1:    3519408 bytes,    3519408 total
- age   2:    1868864 bytes,    5388272 total
- age   3:    1159896 bytes,    6548168 total
- age   4:    1717760 bytes,    8265928 total
- age   5:    1781696 bytes,   10047624 total
- age   6:     519672 bytes,   10567296 total
- age   7:     960784 bytes,   11528080 total
- age   8:     667528 bytes,   12195608 total
: 103748K->14139K(109248K), 0.0089273 secs] 300872K->212028K(502464K), 0.0090271 secs] [Times: user=0.03 sys=0.00, real=0.01 secs] 
Heap after GC invocations=447 (full 22):
 par new generation   total 109248K, used 14139K [0x00000000e0000000, 0x00000000e8000000, 0x00000000e8000000)
  eden space 87424K,   0% used [0x00000000e0000000, 0x00000000e0000000, 0x00000000e5560000)
  from space 21824K,  64% used [0x00000000e6ab0000, 0x00000000e787ec00, 0x00000000e8000000)
  to   space 21824K,   0% used [0x00000000e5560000, 0x00000000e5560000, 0x00000000e6ab0000)
 concurrent mark-sweep generation total 393216K, used 197889K [0x00000000e8000000, 0x0000000100000000, 0x0000000100000000)
 Metaspace       used 47070K, capacity 48847K, committed 49624K, reserved 1093632K
  class space    used 5097K, capacity 5483K, committed 5628K, reserved 1048576K
}
2018-10-23T07:43:29.830+0000: 279.776: Total time for which application threads were stopped: 0.0095620 seconds, Stopping threads took: 0.0000966 seconds
2018-10-23T07:43:30.831+0000: 280.777: Total time for which application threads were stopped: 0.0004029 seconds, Stopping threads took: 0.0000850 seconds
 CMS: abort preclean due to time 2018-10-23T07:43:35.579+0000: 285.525: [CMS-concurrent-abortable-preclean: 1.772/6.091 secs] [Times: user=2.06 sys=0.00, real=6.10 secs] 
2018-10-23T07:43:35.580+0000: 285.526: [GC (CMS Final Remark) [YG occupancy: 39835 K (109248 K)]{Heap before GC invocations=447 (full 22):
 par new generation   total 109248K, used 39835K [0x00000000e0000000, 0x00000000e8000000, 0x00000000e8000000)
  eden space 87424K,  29% used [0x00000000e0000000, 0x00000000e1918168, 0x00000000e5560000)
  from space 21824K,  64% used [0x00000000e6ab0000, 0x00000000e787ec00, 0x00000000e8000000)
  to   space 21824K,   0% used [0x00000000e5560000, 0x00000000e5560000, 0x00000000e6ab0000)
 concurrent mark-sweep generation total 393216K, used 197889K [0x00000000e8000000, 0x0000000100000000, 0x0000000100000000)
 Metaspace       used 47074K, capacity 48847K, committed 49624K, reserved 1093632K
  class space    used 5097K, capacity 5483K, committed 5628K, reserved 1048576K
2018-10-23T07:43:35.580+0000: 285.526: [GC (CMS Final Remark) 2018-10-23T07:43:35.580+0000: 285.526: [ParNew
Desired survivor size 20112992 bytes, new threshold 8 (max 8)
- age   1:     984352 bytes,     984352 total
- age   2:     814136 bytes,    1798488 total
- age   3:     229632 bytes,    2028120 total
- age   4:     148720 bytes,    2176840 total
- age   5:     398984 bytes,    2575824 total
- age   6:    1096304 bytes,    3672128 total
- age   7:     208016 bytes,    3880144 total
- age   8:     960720 bytes,    4840864 total
: 39835K->10110K(109248K), 0.0048574 secs] 237725K->208652K(502464K), 0.0049440 secs] [Times: user=0.01 sys=0.00, real=0.00 secs] 
Heap after GC invocations=448 (full 22):
 par new generation   total 109248K, used 10110K [0x00000000e0000000, 0x00000000e8000000, 0x00000000e8000000)
  eden space 87424K,   0% used [0x00000000e0000000, 0x00000000e0000000, 0x00000000e5560000)
  from space 21824K,  46% used [0x00000000e5560000, 0x00000000e5f3fa60, 0x00000000e6ab0000)
  to   space 21824K,   0% used [0x00000000e6ab0000, 0x00000000e6ab0000, 0x00000000e8000000)
 concurrent mark-sweep generation total 393216K, used 198541K [0x00000000e8000000, 0x0000000100000000, 0x0000000100000000)
 Metaspace       used 47074K, capacity 48847K, committed 49624K, reserved 1093632K
  class space    used 5097K, capacity 5483K, committed 5628K, reserved 1048576K
}
2018-10-23T07:43:35.585+0000: 285.531: [Rescan (parallel) , 0.0015746 secs]2018-10-23T07:43:35.586+0000: 285.532: [weak refs processing, 0.0015280 secs]2018-10-23T07:43:35.588+0000: 285.534: [class unloading, 0.0133639 secs]2018-10-23T07:43:35.601+0000: 285.547: [scrub symbol table, 0.0067281 secs]2018-10-23T07:43:35.608+0000: 285.554: [scrub string table, 0.0008130 secs][1 CMS-remark: 198541K(393216K)] 208652K(502464K), 0.0293887 secs] [Times: user=0.04 sys=0.00, real=0.02 secs] 
2018-10-23T07:43:35.609+0000: 285.555: Total time for which application threads were stopped: 0.0298650 seconds, Stopping threads took: 0.0001092 seconds
2018-10-23T07:43:35.609+0000: 285.555: [CMS-concurrent-sweep-start]
2018-10-23T07:43:35.682+0000: 285.627: [CMS-concurrent-sweep: 0.072/0.072 secs] [Times: user=0.07 sys=0.00, real=0.08 secs] 
2018-10-23T07:43:35.682+0000: 285.627: [CMS-concurrent-reset-start]
2018-10-23T07:43:35.683+0000: 285.628: [CMS-concurrent-reset: 0.001/0.001 secs] [Times: user=0.01 sys=0.00, real=0.00 secs] 
2018-10-23T07:43:37.607+0000: 287.553: Total time for which application threads were stopped: 0.0029521 seconds, Stopping threads took: 0.0025896 seconds
2018-10-23T07:43:37.616+0000: 287.562: Total time for which application threads were stopped: 0.0002574 seconds, Stopping threads took: 0.0000458 seconds
2018-10-23T07:43:37.637+0000: 287.583: Total time for which application threads were stopped: 0.0004031 seconds, Stopping threads took: 0.0000969 seconds
2018-10-23T07:43:37.658+0000: 287.604: Total time for which application threads were stopped: 0.0006205 seconds, Stopping threads took: 0.0002634 seconds
{Heap before GC invocations=448 (full 22):
 par new generation   total 109248K, used 97534K [0x00000000e0000000, 0x00000000e8000000, 0x00000000e8000000)
  eden space 87424K, 100% used [0x00000000e0000000, 0x00000000e5560000, 0x00000000e5560000)
  from space 21824K,  46% used [0x00000000e5560000, 0x00000000e5f3fa60, 0x00000000e6ab0000)
  to   space 21824K,   0% used [0x00000000e6ab0000, 0x00000000e6ab0000, 0x00000000e8000000)
 concurrent mark-sweep generation total 393216K, used 183885K [0x00000000e8000000, 0x0000000100000000, 0x0000000100000000)
 Metaspace       used 47078K, capacity 48847K, committed 49624K, reserved 1093632K
  class space    used 5097K, capacity 5483K, committed 5628K, reserved 1048576K
2018-10-23T07:43:37.698+0000: 287.644: [GC (Allocation Failure) 2018-10-23T07:43:37.698+0000: 287.644: [ParNew
Desired survivor size 20112992 bytes, new threshold 8 (max 8)
- age   1:    1949632 bytes,    1949632 total
- age   2:     983720 bytes,    2933352 total
- age   3:     813528 bytes,    3746880 total
- age   4:     229632 bytes,    3976512 total
- age   5:     148720 bytes,    4125232 total
- age   6:     397096 bytes,    4522328 total
- age   7:    1095848 bytes,    5618176 total
- age   8:     174808 bytes,    5792984 total
: 97534K->5974K(109248K), 0.0440303 secs] 281420K->190407K(502464K), 0.0441524 secs] [Times: user=0.04 sys=0.00, real=0.04 secs] 
Heap after GC invocations=449 (full 22):
 par new generation   total 109248K, used 5974K [0x00000000e0000000, 0x00000000e8000000, 0x00000000e8000000)
  eden space 87424K,   0% used [0x00000000e0000000, 0x00000000e0000000, 0x00000000e5560000)
  from space 21824K,  27% used [0x00000000e6ab0000, 0x00000000e7085a38, 0x00000000e8000000)
  to   space 21824K,   0% used [0x00000000e5560000, 0x00000000e5560000, 0x00000000e6ab0000)
 concurrent mark-sweep generation total 393216K, used 184432K [0x00000000e8000000, 0x0000000100000000, 0x0000000100000000)
 Metaspace       used 47078K, capacity 48847K, committed 49624K, reserved 1093632K
  class space    used 5097K, capacity 5483K, committed 5628K, reserved 1048576K
}
2018-10-23T07:43:37.742+0000: 287.688: Total time for which application threads were stopped: 0.0581002 seconds, Stopping threads took: 0.0134302 seconds
{Heap before GC invocations=449 (full 22):
 par new generation   total 109248K, used 93398K [0x00000000e0000000, 0x00000000e8000000, 0x00000000e8000000)
  eden space 87424K, 100% used [0x00000000e0000000, 0x00000000e5560000, 0x00000000e5560000)
  from space 21824K,  27% used [0x00000000e6ab0000, 0x00000000e7085a38, 0x00000000e8000000)
  to   space 21824K,   0% used [0x00000000e5560000, 0x00000000e5560000, 0x00000000e6ab0000)
 concurrent mark-sweep generation total 393216K, used 184432K [0x00000000e8000000, 0x0000000100000000, 0x0000000100000000)
 Metaspace       used 47078K, capacity 48847K, committed 49624K, reserved 1093632K
  class space    used 5097K, capacity 5483K, committed 5628K, reserved 1048576K
2018-10-23T07:43:37.826+0000: 287.771: [GC (Allocation Failure) 2018-10-23T07:43:37.826+0000: 287.771: [ParNew
Desired survivor size 20112992 bytes, new threshold 8 (max 8)
- age   1:    1254016 bytes,    1254016 total
- age   2:    1649344 bytes,    2903360 total
- age   3:     983720 bytes,    3887080 total
- age   4:     813528 bytes,    4700608 total
- age   5:     229632 bytes,    4930240 total
- age   6:     148720 bytes,    5078960 total
- age   7:     397096 bytes,    5476056 total
- age   8:    1095848 bytes,    6571904 total
: 93398K->8918K(109248K), 0.0166982 secs] 277831K->193521K(502464K), 0.0168819 secs] [Times: user=0.03 sys=0.00, real=0.02 secs] 
Heap after GC invocations=450 (full 22):
 par new generation   total 109248K, used 8918K [0x00000000e0000000, 0x00000000e8000000, 0x00000000e8000000)
  eden space 87424K,   0% used [0x00000000e0000000, 0x00000000e0000000, 0x00000000e5560000)
  from space 21824K,  40% used [0x00000000e5560000, 0x00000000e5e15ad8, 0x00000000e6ab0000)
  to   space 21824K,   0% used [0x00000000e6ab0000, 0x00000000e6ab0000, 0x00000000e8000000)
 concurrent mark-sweep generation total 393216K, used 184603K [0x00000000e8000000, 0x0000000100000000, 0x0000000100000000)
 Metaspace       used 47078K, capacity 48847K, committed 49624K, reserved 1093632K
  class space    used 5097K, capacity 5483K, committed 5628K, reserved 1048576K
}
2018-10-23T07:43:37.842+0000: 287.788: Total time for which application threads were stopped: 0.0201998 seconds, Stopping threads took: 0.0028472 seconds
{Heap before GC invocations=450 (full 22):
 par new generation   total 109248K, used 96342K [0x00000000e0000000, 0x00000000e8000000, 0x00000000e8000000)
  eden space 87424K, 100% used [0x00000000e0000000, 0x00000000e5560000, 0x00000000e5560000)
  from space 21824K,  40% used [0x00000000e5560000, 0x00000000e5e15ad8, 0x00000000e6ab0000)
  to   space 21824K,   0% used [0x00000000e6ab0000, 0x00000000e6ab0000, 0x00000000e8000000)
 concurrent mark-sweep generation total 393216K, used 184603K [0x00000000e8000000, 0x0000000100000000, 0x0000000100000000)
 Metaspace       used 47078K, capacity 48847K, committed 49624K, reserved 1093632K
  class space    used 5097K, capacity 5483K, committed 5628K, reserved 1048576K
2018-10-23T07:43:37.954+0000: 287.900: [GC (Allocation Failure) 2018-10-23T07:43:37.954+0000: 287.900: [ParNew
Desired survivor size 20112992 bytes, new threshold 8 (max 8)
- age   1:    1788600 bytes,    1788600 total
- age   2:     882376 bytes,    2670976 total
- age   3:    1638704 bytes,    4309680 total
- age   4:     983720 bytes,    5293400 total
- age   5:     813528 bytes,    6106928 total
- age   6:     229632 bytes,    6336560 total
- age   7:     148720 bytes,    6485280 total
- age   8:     397096 bytes,    6882376 total
: 96342K->9201K(109248K), 0.0278479 secs] 280945K->194875K(502464K), 0.0279699 secs] [Times: user=0.03 sys=0.00, real=0.03 secs] 
Heap after GC invocations=451 (full 22):
 par new generation   total 109248K, used 9201K [0x00000000e0000000, 0x00000000e8000000, 0x00000000e8000000)
  eden space 87424K,   0% used [0x00000000e0000000, 0x00000000e0000000, 0x00000000e5560000)
  from space 21824K,  42% used [0x00000000e6ab0000, 0x00000000e73ac6e0, 0x00000000e8000000)
  to   space 21824K,   0% used [0x00000000e5560000, 0x00000000e5560000, 0x00000000e6ab0000)
 concurrent mark-sweep generation total 393216K, used 185673K [0x00000000e8000000, 0x0000000100000000, 0x0000000100000000)
 Metaspace       used 47078K, capacity 48847K, committed 49624K, reserved 1093632K
  class space    used 5097K, capacity 5483K, committed 5628K, reserved 1048576K
}
2018-10-23T07:43:37.982+0000: 287.928: Total time for which application threads were stopped: 0.0285263 seconds, Stopping threads took: 0.0000868 seconds
{Heap before GC invocations=451 (full 22):
 par new generation   total 109248K, used 96625K [0x00000000e0000000, 0x00000000e8000000, 0x00000000e8000000)
  eden space 87424K, 100% used [0x00000000e0000000, 0x00000000e5560000, 0x00000000e5560000)
  from space 21824K,  42% used [0x00000000e6ab0000, 0x00000000e73ac6e0, 0x00000000e8000000)
  to   space 21824K,   0% used [0x00000000e5560000, 0x00000000e5560000, 0x00000000e6ab0000)
 concurrent mark-sweep generation total 393216K, used 185673K [0x00000000e8000000, 0x0000000100000000, 0x0000000100000000)
 Metaspace       used 47078K, capacity 48847K, committed 49624K, reserved 1093632K
  class space    used 5097K, capacity 5483K, committed 5628K, reserved 1048576K
2018-10-23T07:43:38.072+0000: 288.017: [GC (Allocation Failure) 2018-10-23T07:43:38.072+0000: 288.017: [ParNew
Desired survivor size 20112992 bytes, new threshold 8 (max 8)
- age   1:    2043664 bytes,    2043664 total
- age   2:     955496 bytes,    2999160 total
- age   3:     809864 bytes,    3809024 total
- age   4:    1636072 bytes,    5445096 total
- age   5:     983720 bytes,    6428816 total
- age   6:     813528 bytes,    7242344 total
- age   7:     229632 bytes,    7471976 total
- age   8:     148720 bytes,    7620696 total
: 96625K->8597K(109248K), 0.0263537 secs] 282299K->194660K(502464K), 0.0264520 secs] [Times: user=0.02 sys=0.00, real=0.03 secs] 
Heap after GC invocations=452 (full 22):
 par new generation   total 109248K, used 8597K [0x00000000e0000000, 0x00000000e8000000, 0x00000000e8000000)
  eden space 87424K,   0% used [0x00000000e0000000, 0x00000000e0000000, 0x00000000e5560000)
  from space 21824K,  39% used [0x00000000e5560000, 0x00000000e5dc5650, 0x00000000e6ab0000)
  to   space 21824K,   0% used [0x00000000e6ab0000, 0x00000000e6ab0000, 0x00000000e8000000)
 concurrent mark-sweep generation total 393216K, used 186062K [0x00000000e8000000, 0x0000000100000000, 0x0000000100000000)
 Metaspace       used 47078K, capacity 48847K, committed 49624K, reserved 1093632K
  class space    used 5097K, capacity 5483K, committed 5628K, reserved 1048576K
}
2018-10-23T07:43:38.098+0000: 288.044: Total time for which application threads were stopped: 0.0329845 seconds, Stopping threads took: 0.0060621 seconds
{Heap before GC invocations=452 (full 22):
 par new generation   total 109248K, used 96021K [0x00000000e0000000, 0x00000000e8000000, 0x00000000e8000000)
  eden space 87424K, 100% used [0x00000000e0000000, 0x00000000e5560000, 0x00000000e5560000)
  from space 21824K,  39% used [0x00000000e5560000, 0x00000000e5dc5650, 0x00000000e6ab0000)
  to   space 21824K,   0% used [0x00000000e6ab0000, 0x00000000e6ab0000, 0x00000000e8000000)
 concurrent mark-sweep generation total 393216K, used 186062K [0x00000000e8000000, 0x0000000100000000, 0x0000000100000000)
 Metaspace       used 47078K, capacity 48847K, committed 49624K, reserved 1093632K
  class space    used 5097K, capacity 5483K, committed 5628K, reserved 1048576K
2018-10-23T07:43:38.210+0000: 288.156: [GC (Allocation Failure) 2018-10-23T07:43:38.210+0000: 288.156: [ParNew
Desired survivor size 20112992 bytes, new threshold 8 (max 8)
- age   1:    2452088 bytes,    2452088 total
- age   2:    1111920 bytes,    3564008 total
- age   3:     831408 bytes,    4395416 total
- age   4:     786536 bytes,    5181952 total
- age   5:    1636744 bytes,    6818696 total
- age   6:     983720 bytes,    7802416 total
- age   7:     813528 bytes,    8615944 total
- age   8:     229632 bytes,    8845576 total
: 96021K->11272K(109248K), 0.0158015 secs] 282084K->197480K(502464K), 0.0159127 secs] [Times: user=0.02 sys=0.00, real=0.01 secs] 
Heap after GC invocations=453 (full 22):
 par new generation   total 109248K, used 11272K [0x00000000e0000000, 0x00000000e8000000, 0x00000000e8000000)
  eden space 87424K,   0% used [0x00000000e0000000, 0x00000000e0000000, 0x00000000e5560000)
  from space 21824K,  51% used [0x00000000e6ab0000, 0x00000000e75b2168, 0x00000000e8000000)
  to   space 21824K,   0% used [0x00000000e5560000, 0x00000000e5560000, 0x00000000e6ab0000)
 concurrent mark-sweep generation total 393216K, used 186207K [0x00000000e8000000, 0x0000000100000000, 0x0000000100000000)
 Metaspace       used 47078K, capacity 48847K, committed 49624K, reserved 1093632K
  class space    used 5097K, capacity 5483K, committed 5628K, reserved 1048576K
}
2018-10-23T07:43:38.226+0000: 288.172: Total time for which application threads were stopped: 0.0203799 seconds, Stopping threads took: 0.0039898 seconds
{Heap before GC invocations=453 (full 22):
 par new generation   total 109248K, used 98696K [0x00000000e0000000, 0x00000000e8000000, 0x00000000e8000000)
  eden space 87424K, 100% used [0x00000000e0000000, 0x00000000e5560000, 0x00000000e5560000)
  from space 21824K,  51% used [0x00000000e6ab0000, 0x00000000e75b2168, 0x00000000e8000000)
  to   space 21824K,   0% used [0x00000000e5560000, 0x00000000e5560000, 0x00000000e6ab0000)
 concurrent mark-sweep generation total 393216K, used 186207K [0x00000000e8000000, 0x0000000100000000, 0x0000000100000000)
 Metaspace       used 47078K, capacity 48847K, committed 49624K, reserved 1093632K
  class space    used 5097K, capacity 5483K, committed 5628K, reserved 1048576K
2018-10-23T07:43:38.334+0000: 288.280: [GC (Allocation Failure) 2018-10-23T07:43:38.334+0000: 288.280: [ParNew
Desired survivor size 20112992 bytes, new threshold 8 (max 8)
- age   1:    2428840 bytes,    2428840 total
- age   2:    1761856 bytes,    4190696 total
- age   3:     995264 bytes,    5185960 total
- age   4:     830232 bytes,    6016192 total
- age   5:     782440 bytes,    6798632 total
- age   6:    1635320 bytes,    8433952 total
- age   7:     983720 bytes,    9417672 total
- age   8:     813528 bytes,   10231200 total
: 98696K->12118K(109248K), 0.0250638 secs] 284904K->198550K(502464K), 0.0251664 secs] [Times: user=0.03 sys=0.00, real=0.03 secs] 
Heap after GC invocations=454 (full 22):
 par new generation   total 109248K, used 12118K [0x00000000e0000000, 0x00000000e8000000, 0x00000000e8000000)
  eden space 87424K,   0% used [0x00000000e0000000, 0x00000000e0000000, 0x00000000e5560000)
  from space 21824K,  55% used [0x00000000e5560000, 0x00000000e6135b50, 0x00000000e6ab0000)
  to   space 21824K,   0% used [0x00000000e6ab0000, 0x00000000e6ab0000, 0x00000000e8000000)
 concurrent mark-sweep generation total 393216K, used 186432K [0x00000000e8000000, 0x0000000100000000, 0x0000000100000000)
 Metaspace       used 47078K, capacity 48847K, committed 49624K, reserved 1093632K
  class space    used 5097K, capacity 5483K, committed 5628K, reserved 1048576K
}
2018-10-23T07:43:38.359+0000: 288.305: Total time for which application threads were stopped: 0.0334101 seconds, Stopping threads took: 0.0077208 seconds
{Heap before GC invocations=454 (full 22):
 par new generation   total 109248K, used 99542K [0x00000000e0000000, 0x00000000e8000000, 0x00000000e8000000)
  eden space 87424K, 100% used [0x00000000e0000000, 0x00000000e5560000, 0x00000000e5560000)
  from space 21824K,  55% used [0x00000000e5560000, 0x00000000e6135b50, 0x00000000e6ab0000)
  to   space 21824K,   0% used [0x00000000e6ab0000, 0x00000000e6ab0000, 0x00000000e8000000)
 concurrent mark-sweep generation total 393216K, used 186432K [0x00000000e8000000, 0x0000000100000000, 0x0000000100000000)
 Metaspace       used 47078K, capacity 48847K, committed 49624K, reserved 1093632K
  class space    used 5097K, capacity 5483K, committed 5628K, reserved 1048576K
2018-10-23T07:43:38.474+0000: 288.420: [GC (Allocation Failure) 2018-10-23T07:43:38.474+0000: 288.420: [ParNew
Desired survivor size 20112992 bytes, new threshold 8 (max 8)
- age   1:    2699144 bytes,    2699144 total
- age   2:    1574176 bytes,    4273320 total
- age   3:    1611024 bytes,    5884344 total
- age   4:     995336 bytes,    6879680 total
- age   5:     829704 bytes,    7709384 total
- age   6:     781096 bytes,    8490480 total
- age   7:    1634664 bytes,   10125144 total
- age   8:     983720 bytes,   11108864 total
: 99542K->15234K(109248K), 0.0235304 secs] 285974K->202461K(502464K), 0.0236424 secs] [Times: user=0.04 sys=0.00, real=0.03 secs] 
Heap after GC invocations=455 (full 22):
 par new generation   total 109248K, used 15234K [0x00000000e0000000, 0x00000000e8000000, 0x00000000e8000000)
  eden space 87424K,   0% used [0x00000000e0000000, 0x00000000e0000000, 0x00000000e5560000)
  from space 21824K,  69% used [0x00000000e6ab0000, 0x00000000e7990a10, 0x00000000e8000000)
  to   space 21824K,   0% used [0x00000000e5560000, 0x00000000e5560000, 0x00000000e6ab0000)
 concurrent mark-sweep generation total 393216K, used 187226K [0x00000000e8000000, 0x0000000100000000, 0x0000000100000000)
 Metaspace       used 47078K, capacity 48847K, committed 49624K, reserved 1093632K
  class space    used 5097K, capacity 5483K, committed 5628K, reserved 1048576K
}
2018-10-23T07:43:38.498+0000: 288.444: Total time for which application threads were stopped: 0.0308196 seconds, Stopping threads took: 0.0066927 seconds
{Heap before GC invocations=455 (full 22):
 par new generation   total 109248K, used 102658K [0x00000000e0000000, 0x00000000e8000000, 0x00000000e8000000)
  eden space 87424K, 100% used [0x00000000e0000000, 0x00000000e5560000, 0x00000000e5560000)
  from space 21824K,  69% used [0x00000000e6ab0000, 0x00000000e7990a10, 0x00000000e8000000)
  to   space 21824K,   0% used [0x00000000e5560000, 0x00000000e5560000, 0x00000000e6ab0000)
 concurrent mark-sweep generation total 393216K, used 187226K [0x00000000e8000000, 0x0000000100000000, 0x0000000100000000)
 Metaspace       used 47078K, capacity 48847K, committed 49624K, reserved 1093632K
  class space    used 5097K, capacity 5483K, committed 5628K, reserved 1048576K
2018-10-23T07:43:38.612+0000: 288.558: [GC (Allocation Failure) 2018-10-23T07:43:38.612+0000: 288.558: [ParNew
Desired survivor size 20112992 bytes, new threshold 8 (max 8)
- age   1:    2795224 bytes,    2795224 total
- age   2:    1412056 bytes,    4207280 total
- age   3:    1572112 bytes,    5779392 total
- age   4:    1544000 bytes,    7323392 total
- age   5:     982928 bytes,    8306320 total
- age   6:     829704 bytes,    9136024 total
- age   7:     778944 bytes,    9914968 total
- age   8:    1634640 bytes,   11549608 total
: 102658K->14049K(109248K), 0.0594246 secs] 289885K->202240K(502464K), 0.0595432 secs] [Times: user=0.05 sys=0.00, real=0.06 secs] 
Heap after GC invocations=456 (full 22):
 par new generation   total 109248K, used 14049K [0x00000000e0000000, 0x00000000e8000000, 0x00000000e8000000)
  eden space 87424K,   0% used [0x00000000e0000000, 0x00000000e0000000, 0x00000000e5560000)
  from space 21824K,  64% used [0x00000000e5560000, 0x00000000e63187a8, 0x00000000e6ab0000)
  to   space 21824K,   0% used [0x00000000e6ab0000, 0x00000000e6ab0000, 0x00000000e8000000)
 concurrent mark-sweep generation total 393216K, used 188190K [0x00000000e8000000, 0x0000000100000000, 0x0000000100000000)
 Metaspace       used 47078K, capacity 48847K, committed 49624K, reserved 1093632K
  class space    used 5097K, capacity 5483K, committed 5628K, reserved 1048576K
}
2018-10-23T07:43:38.671+0000: 288.617: Total time for which application threads were stopped: 0.0600974 seconds, Stopping threads took: 0.0000823 seconds
{Heap before GC invocations=456 (full 22):
 par new generation   total 109248K, used 101449K [0x00000000e0000000, 0x00000000e8000000, 0x00000000e8000000)
  eden space 87424K,  99% used [0x00000000e0000000, 0x00000000e5559e70, 0x00000000e5560000)
  from space 21824K,  64% used [0x00000000e5560000, 0x00000000e63187a8, 0x00000000e6ab0000)
  to   space 21824K,   0% used [0x00000000e6ab0000, 0x00000000e6ab0000, 0x00000000e8000000)
 concurrent mark-sweep generation total 393216K, used 188190K [0x00000000e8000000, 0x0000000100000000, 0x0000000100000000)
 Metaspace       used 47079K, capacity 48847K, committed 49624K, reserved 1093632K
  class space    used 5097K, capacity 5483K, committed 5628K, reserved 1048576K
2018-10-23T07:43:38.755+0000: 288.701: [GC (Allocation Failure) 2018-10-23T07:43:38.755+0000: 288.701: [ParNew
Desired survivor size 20112992 bytes, new threshold 8 (max 8)
- age   1:    3995304 bytes,    3995304 total
- age   2:    1355504 bytes,    5350808 total
- age   3:     912960 bytes,    6263768 total
- age   4:    1076336 bytes,    7340104 total
- age   5:     911208 bytes,    8251312 total
- age   6:     522168 bytes,    8773480 total
- age   7:     535288 bytes,    9308768 total
- age   8:     588552 bytes,    9897320 total
: 101449K->17535K(109248K), 0.0399200 secs] 289639K->206442K(502464K), 0.0400459 secs] [Times: user=0.05 sys=0.00, real=0.04 secs] 
Heap after GC invocations=457 (full 22):
 par new generation   total 109248K, used 17535K [0x00000000e0000000, 0x00000000e8000000, 0x00000000e8000000)
  eden space 87424K,   0% used [0x00000000e0000000, 0x00000000e0000000, 0x00000000e5560000)
  from space 21824K,  80% used [0x00000000e6ab0000, 0x00000000e7bcfe30, 0x00000000e8000000)
  to   space 21824K,   0% used [0x00000000e5560000, 0x00000000e5560000, 0x00000000e6ab0000)
 concurrent mark-sweep generation total 393216K, used 188906K [0x00000000e8000000, 0x0000000100000000, 0x0000000100000000)
 Metaspace       used 47079K, capacity 48847K, committed 49624K, reserved 1093632K
  class space    used 5097K, capacity 5483K, committed 5628K, reserved 1048576K
}
2018-10-23T07:43:38.796+0000: 288.741: Total time for which application threads were stopped: 0.0505653 seconds, Stopping threads took: 0.0100299 seconds
{Heap before GC invocations=457 (full 22):
 par new generation   total 109248K, used 104959K [0x00000000e0000000, 0x00000000e8000000, 0x00000000e8000000)
  eden space 87424K, 100% used [0x00000000e0000000, 0x00000000e5560000, 0x00000000e5560000)
  from space 21824K,  80% used [0x00000000e6ab0000, 0x00000000e7bcfe30, 0x00000000e8000000)
  to   space 21824K,   0% used [0x00000000e5560000, 0x00000000e5560000, 0x00000000e6ab0000)
 concurrent mark-sweep generation total 393216K, used 188906K [0x00000000e8000000, 0x0000000100000000, 0x0000000100000000)
 Metaspace       used 47079K, capacity 48847K, committed 49624K, reserved 1093632K
  class space    used 5097K, capacity 5483K, committed 5628K, reserved 1048576K
2018-10-23T07:43:38.890+0000: 288.836: [GC (Allocation Failure) 2018-10-23T07:43:38.890+0000: 288.836: [ParNew
Desired survivor size 20112992 bytes, new threshold 8 (max 8)
- age   1:    1991096 bytes,    1991096 total
- age   2:    3103576 bytes,    5094672 total
- age   3:    1212728 bytes,    6307400 total
- age   4:     755208 bytes,    7062608 total
- age   5:     895616 bytes,    7958224 total
- age   6:     739728 bytes,    8697952 total
- age   7:     444408 bytes,    9142360 total
- age   8:     437968 bytes,    9580328 total
: 104959K->9713K(109248K), 0.0254364 secs] 293866K->199052K(502464K), 0.0255437 secs] [Times: user=0.04 sys=0.00, real=0.02 secs] 
Heap after GC invocations=458 (full 22):
 par new generation   total 109248K, used 9713K [0x00000000e0000000, 0x00000000e8000000, 0x00000000e8000000)
  eden space 87424K,   0% used [0x00000000e0000000, 0x00000000e0000000, 0x00000000e5560000)
  from space 21824K,  44% used [0x00000000e5560000, 0x00000000e5edc7d0, 0x00000000e6ab0000)
  to   space 21824K,   0% used [0x00000000e6ab0000, 0x00000000e6ab0000, 0x00000000e8000000)
 concurrent mark-sweep generation total 393216K, used 189338K [0x00000000e8000000, 0x0000000100000000, 0x0000000100000000)
 Metaspace       used 47079K, capacity 48847K, committed 49624K, reserved 1093632K
  class space    used 5097K, capacity 5483K, committed 5628K, reserved 1048576K
}
2018-10-23T07:43:38.916+0000: 288.862: Total time for which application threads were stopped: 0.0292975 seconds, Stopping threads took: 0.0032803 seconds
{Heap before GC invocations=458 (full 22):
 par new generation   total 109248K, used 97137K [0x00000000e0000000, 0x00000000e8000000, 0x00000000e8000000)
  eden space 87424K, 100% used [0x00000000e0000000, 0x00000000e5560000, 0x00000000e5560000)
  from space 21824K,  44% used [0x00000000e5560000, 0x00000000e5edc7d0, 0x00000000e6ab0000)
  to   space 21824K,   0% used [0x00000000e6ab0000, 0x00000000e6ab0000, 0x00000000e8000000)
 concurrent mark-sweep generation total 393216K, used 189338K [0x00000000e8000000, 0x0000000100000000, 0x0000000100000000)
 Metaspace       used 47079K, capacity 48847K, committed 49624K, reserved 1093632K
  class space    used 5097K, capacity 5483K, committed 5628K, reserved 1048576K
2018-10-23T07:43:39.020+0000: 288.965: [GC (Allocation Failure) 2018-10-23T07:43:39.020+0000: 288.965: [ParNew
Desired survivor size 20112992 bytes, new threshold 8 (max 8)
- age   1:    2535432 bytes,    2535432 total
- age   2:    1123936 bytes,    3659368 total
- age   3:    3099344 bytes,    6758712 total
- age   4:    1212728 bytes,    7971440 total
- age   5:     755208 bytes,    8726648 total
- age   6:     895616 bytes,    9622264 total
- age   7:     739728 bytes,   10361992 total
- age   8:     444408 bytes,   10806400 total
: 97137K->12144K(109248K), 0.0255644 secs] 286476K->201910K(502464K), 0.0256722 secs] [Times: user=0.05 sys=0.00, real=0.02 secs] 
Heap after GC invocations=459 (full 22):
 par new generation   total 109248K, used 12144K [0x00000000e0000000, 0x00000000e8000000, 0x00000000e8000000)
  eden space 87424K,   0% used [0x00000000e0000000, 0x00000000e0000000, 0x00000000e5560000)
  from space 21824K,  55% used [0x00000000e6ab0000, 0x00000000e768c120, 0x00000000e8000000)
  to   space 21824K,   0% used [0x00000000e5560000, 0x00000000e5560000, 0x00000000e6ab0000)
 concurrent mark-sweep generation total 393216K, used 189766K [0x00000000e8000000, 0x0000000100000000, 0x0000000100000000)
 Metaspace       used 47079K, capacity 48847K, committed 49624K, reserved 1093632K
  class space    used 5097K, capacity 5483K, committed 5628K, reserved 1048576K
}
2018-10-23T07:43:39.045+0000: 288.991: Total time for which application threads were stopped: 0.0289123 seconds, Stopping threads took: 0.0027746 seconds
{Heap before GC invocations=459 (full 22):
 par new generation   total 109248K, used 99555K [0x00000000e0000000, 0x00000000e8000000, 0x00000000e8000000)
  eden space 87424K,  99% used [0x00000000e0000000, 0x00000000e555ccf0, 0x00000000e5560000)
  from space 21824K,  55% used [0x00000000e6ab0000, 0x00000000e768c120, 0x00000000e8000000)
  to   space 21824K,   0% used [0x00000000e5560000, 0x00000000e5560000, 0x00000000e6ab0000)
 concurrent mark-sweep generation total 393216K, used 189766K [0x00000000e8000000, 0x0000000100000000, 0x0000000100000000)
 Metaspace       used 47079K, capacity 48847K, committed 49624K, reserved 1093632K
  class space    used 5097K, capacity 5483K, committed 5628K, reserved 1048576K
2018-10-23T07:43:39.157+0000: 289.103: [GC (Allocation Failure) 2018-10-23T07:43:39.157+0000: 289.103: [ParNew
Desired survivor size 20112992 bytes, new threshold 8 (max 8)
- age   1:    2587960 bytes,    2587960 total
- age   2:    1508968 bytes,    4096928 total
- age   3:    1114176 bytes,    5211104 total
- age   4:    3099328 bytes,    8310432 total
- age   5:    1212728 bytes,    9523160 total
- age   6:     755208 bytes,   10278368 total
- age   7:     895616 bytes,   11173984 total
- age   8:     739728 bytes,   11913712 total
: 99555K->19877K(109248K), 0.0205359 secs] 289321K->210078K(502464K), 0.0206410 secs] [Times: user=0.03 sys=0.00, real=0.02 secs] 
Heap after GC invocations=460 (full 22):
 par new generation   total 109248K, used 19877K [0x00000000e0000000, 0x00000000e8000000, 0x00000000e8000000)
  eden space 87424K,   0% used [0x00000000e0000000, 0x00000000e0000000, 0x00000000e5560000)
  from space 21824K,  91% used [0x00000000e5560000, 0x00000000e68c9780, 0x00000000e6ab0000)
  to   space 21824K,   0% used [0x00000000e6ab0000, 0x00000000e6ab0000, 0x00000000e8000000)
 concurrent mark-sweep generation total 393216K, used 190200K [0x00000000e8000000, 0x0000000100000000, 0x0000000100000000)
 Metaspace       used 47079K, capacity 48847K, committed 49624K, reserved 1093632K
  class space    used 5097K, capacity 5483K, committed 5628K, reserved 1048576K
}
2018-10-23T07:43:39.178+0000: 289.124: Total time for which application threads were stopped: 0.0211988 seconds, Stopping threads took: 0.0000660 seconds
{Heap before GC invocations=460 (full 22):
 par new generation   total 109248K, used 107301K [0x00000000e0000000, 0x00000000e8000000, 0x00000000e8000000)
  eden space 87424K, 100% used [0x00000000e0000000, 0x00000000e5560000, 0x00000000e5560000)
  from space 21824K,  91% used [0x00000000e5560000, 0x00000000e68c9780, 0x00000000e6ab0000)
  to   space 21824K,   0% used [0x00000000e6ab0000, 0x00000000e6ab0000, 0x00000000e8000000)
 concurrent mark-sweep generation total 393216K, used 190200K [0x00000000e8000000, 0x0000000100000000, 0x0000000100000000)
 Metaspace       used 47079K, capacity 48847K, committed 49624K, reserved 1093632K
  class space    used 5097K, capacity 5483K, committed 5628K, reserved 1048576K
2018-10-23T07:43:39.292+0000: 289.238: [GC (Allocation Failure) 2018-10-23T07:43:39.292+0000: 289.238: [ParNew
Desired survivor size 20112992 bytes, new threshold 8 (max 8)
- age   1:    2653472 bytes,    2653472 total
- age   2:    1515968 bytes,    4169440 total
- age   3:    1475552 bytes,    5644992 total
- age   4:    1109912 bytes,    6754904 total
- age   5:    3100840 bytes,    9855744 total
- age   6:    1212728 bytes,   11068472 total
- age   7:     755208 bytes,   11823680 total
- age   8:     895616 bytes,   12719296 total
: 107301K->13481K(109248K), 0.0191876 secs] 297502K->204404K(502464K), 0.0192806 secs] [Times: user=0.03 sys=0.00, real=0.02 secs] 
Heap after GC invocations=461 (full 22):
 par new generation   total 109248K, used 13481K [0x00000000e0000000, 0x00000000e8000000, 0x00000000e8000000)
  eden space 87424K,   0% used [0x00000000e0000000, 0x00000000e0000000, 0x00000000e5560000)
  from space 21824K,  61% used [0x00000000e6ab0000, 0x00000000e77da500, 0x00000000e8000000)
  to   space 21824K,   0% used [0x00000000e5560000, 0x00000000e5560000, 0x00000000e6ab0000)
 concurrent mark-sweep generation total 393216K, used 190923K [0x00000000e8000000, 0x0000000100000000, 0x0000000100000000)
 Metaspace       used 47079K, capacity 48847K, committed 49624K, reserved 1093632K
  class space    used 5097K, capacity 5483K, committed 5628K, reserved 1048576K
}
2018-10-23T07:43:39.311+0000: 289.257: Total time for which application threads were stopped: 0.0259160 seconds, Stopping threads took: 0.0061366 seconds
{Heap before GC invocations=461 (full 22):
 par new generation   total 109248K, used 100905K [0x00000000e0000000, 0x00000000e8000000, 0x00000000e8000000)
  eden space 87424K, 100% used [0x00000000e0000000, 0x00000000e5560000, 0x00000000e5560000)
  from space 21824K,  61% used [0x00000000e6ab0000, 0x00000000e77da500, 0x00000000e8000000)
  to   space 21824K,   0% used [0x00000000e5560000, 0x00000000e5560000, 0x00000000e6ab0000)
 concurrent mark-sweep generation total 393216K, used 190923K [0x00000000e8000000, 0x0000000100000000, 0x0000000100000000)
 Metaspace       used 47079K, capacity 48847K, committed 49624K, reserved 1093632K
  class space    used 5097K, capacity 5483K, committed 5628K, reserved 1048576K
2018-10-23T07:43:39.410+0000: 289.356: [GC (Allocation Failure) 2018-10-23T07:43:39.410+0000: 289.356: [ParNew
Desired survivor size 20112992 bytes, new threshold 8 (max 8)
- age   1:    2278040 bytes,    2278040 total
- age   2:    1488936 bytes,    3766976 total
- age   3:    1380552 bytes,    5147528 total
- age   4:    1455904 bytes,    6603432 total
- age   5:    1107872 bytes,    7711304 total
- age   6:    3099472 bytes,   10810776 total
- age   7:    1220936 bytes,   12031712 total
- age   8:     755208 bytes,   12786920 total
: 100905K->18651K(109248K), 0.0312938 secs] 291828K->210450K(502464K), 0.0314168 secs] [Times: user=0.04 sys=0.00, real=0.03 secs] 
Heap after GC invocations=462 (full 22):
 par new generation   total 109248K, used 18651K [0x00000000e0000000, 0x00000000e8000000, 0x00000000e8000000)
  eden space 87424K,   0% used [0x00000000e0000000, 0x00000000e0000000, 0x00000000e5560000)
  from space 21824K,  85% used [0x00000000e5560000, 0x00000000e6796ff8, 0x00000000e6ab0000)
  to   space 21824K,   0% used [0x00000000e6ab0000, 0x00000000e6ab0000, 0x00000000e8000000)
 concurrent mark-sweep generation total 393216K, used 191798K [0x00000000e8000000, 0x0000000100000000, 0x0000000100000000)
 Metaspace       used 47079K, capacity 48847K, committed 49624K, reserved 1093632K
  class space    used 5097K, capacity 5483K, committed 5628K, reserved 1048576K
}
2018-10-23T07:43:39.441+0000: 289.387: Total time for which application threads were stopped: 0.0320941 seconds, Stopping threads took: 0.0001515 seconds
{Heap before GC invocations=462 (full 22):
 par new generation   total 109248K, used 106075K [0x00000000e0000000, 0x00000000e8000000, 0x00000000e8000000)
  eden space 87424K, 100% used [0x00000000e0000000, 0x00000000e5560000, 0x00000000e5560000)
  from space 21824K,  85% used [0x00000000e5560000, 0x00000000e6796ff8, 0x00000000e6ab0000)
  to   space 21824K,   0% used [0x00000000e6ab0000, 0x00000000e6ab0000, 0x00000000e8000000)
 concurrent mark-sweep generation total 393216K, used 191798K [0x00000000e8000000, 0x0000000100000000, 0x0000000100000000)
 Metaspace       used 47079K, capacity 48847K, committed 49624K, reserved 1093632K
  class space    used 5097K, capacity 5483K, committed 5628K, reserved 1048576K
2018-10-23T07:43:39.540+0000: 289.485: [GC (Allocation Failure) 2018-10-23T07:43:39.540+0000: 289.486: [ParNew
Desired survivor size 20112992 bytes, new threshold 8 (max 8)
- age   1:    3271832 bytes,    3271832 total
- age   2:    1464328 bytes,    4736160 total
- age   3:    1380448 bytes,    6116608 total
- age   4:    1352576 bytes,    7469184 total
- age   5:    1353584 bytes,    8822768 total
- age   6:    1107584 bytes,    9930352 total
- age   7:    3099008 bytes,   13029360 total
- age   8:    1212728 bytes,   14242088 total
: 106075K->16522K(109248K), 0.0231122 secs] 297874K->209059K(502464K), 0.0232289 secs] [Times: user=0.04 sys=0.00, real=0.02 secs] 
Heap after GC invocations=463 (full 22):
 par new generation   total 109248K, used 16522K [0x00000000e0000000, 0x00000000e8000000, 0x00000000e8000000)
  eden space 87424K,   0% used [0x00000000e0000000, 0x00000000e0000000, 0x00000000e5560000)
  from space 21824K,  75% used [0x00000000e6ab0000, 0x00000000e7ad2b38, 0x00000000e8000000)
  to   space 21824K,   0% used [0x00000000e5560000, 0x00000000e5560000, 0x00000000e6ab0000)
 concurrent mark-sweep generation total 393216K, used 192536K [0x00000000e8000000, 0x0000000100000000, 0x0000000100000000)
 Metaspace       used 47079K, capacity 48847K, committed 49624K, reserved 1093632K
  class space    used 5097K, capacity 5483K, committed 5628K, reserved 1048576K
}
2018-10-23T07:43:39.563+0000: 289.509: Total time for which application threads were stopped: 0.0238278 seconds, Stopping threads took: 0.0000972 seconds
{Heap before GC invocations=463 (full 22):
 par new generation   total 109248K, used 103946K [0x00000000e0000000, 0x00000000e8000000, 0x00000000e8000000)
  eden space 87424K, 100% used [0x00000000e0000000, 0x00000000e5560000, 0x00000000e5560000)
  from space 21824K,  75% used [0x00000000e6ab0000, 0x00000000e7ad2b38, 0x00000000e8000000)
  to   space 21824K,   0% used [0x00000000e5560000, 0x00000000e5560000, 0x00000000e6ab0000)
 concurrent mark-sweep generation total 393216K, used 192536K [0x00000000e8000000, 0x0000000100000000, 0x0000000100000000)
 Metaspace       used 47079K, capacity 48847K, committed 49624K, reserved 1093632K
  class space    used 5097K, capacity 5483K, committed 5628K, reserved 1048576K
2018-10-23T07:43:39.766+0000: 289.711: [GC (Allocation Failure) 2018-10-23T07:43:39.766+0000: 289.712: [ParNew
Desired survivor size 20112992 bytes, new threshold 8 (max 8)
- age   1:    4275144 bytes,    4275144 total
- age   2:    1439928 bytes,    5715072 total
- age   3:    1188344 bytes,    6903416 total
- age   4:    1108192 bytes,    8011608 total
- age   5:    1140272 bytes,    9151880 total
- age   6:    1164280 bytes,   10316160 total
- age   7:     999640 bytes,   11315800 total
- age   8:    2558080 bytes,   13873880 total
: 103946K->18399K(109248K), 0.0326462 secs] 296483K->212120K(502464K), 0.0328029 secs] [Times: user=0.05 sys=0.00, real=0.04 secs] 
Heap after GC invocations=464 (full 22):
 par new generation   total 109248K, used 18399K [0x00000000e0000000, 0x00000000e8000000, 0x00000000e8000000)
  eden space 87424K,   0% used [0x00000000e0000000, 0x00000000e0000000, 0x00000000e5560000)
  from space 21824K,  84% used [0x00000000e5560000, 0x00000000e6757e40, 0x00000000e6ab0000)
  to   space 21824K,   0% used [0x00000000e6ab0000, 0x00000000e6ab0000, 0x00000000e8000000)
 concurrent mark-sweep generation total 393216K, used 193720K [0x00000000e8000000, 0x0000000100000000, 0x0000000100000000)
 Metaspace       used 47079K, capacity 48847K, committed 49624K, reserved 1093632K
  class space    used 5097K, capacity 5483K, committed 5628K, reserved 1048576K
}
2018-10-23T07:43:39.799+0000: 289.744: Total time for which application threads were stopped: 0.0416133 seconds, Stopping threads took: 0.0083073 seconds
{Heap before GC invocations=464 (full 22):
 par new generation   total 109248K, used 105823K [0x00000000e0000000, 0x00000000e8000000, 0x00000000e8000000)
  eden space 87424K, 100% used [0x00000000e0000000, 0x00000000e5560000, 0x00000000e5560000)
  from space 21824K,  84% used [0x00000000e5560000, 0x00000000e6757e40, 0x00000000e6ab0000)
  to   space 21824K,   0% used [0x00000000e6ab0000, 0x00000000e6ab0000, 0x00000000e8000000)
 concurrent mark-sweep generation total 393216K, used 193720K [0x00000000e8000000, 0x0000000100000000, 0x0000000100000000)
 Metaspace       used 47080K, capacity 48847K, committed 49624K, reserved 1093632K
  class space    used 5097K, capacity 5483K, committed 5628K, reserved 1048576K
2018-10-23T07:43:39.898+0000: 289.844: [GC (Allocation Failure) 2018-10-23T07:43:39.898+0000: 289.844: [ParNew
Desired survivor size 20112992 bytes, new threshold 8 (max 8)
- age   1:    2390232 bytes,    2390232 total
- age   2:    2567088 bytes,    4957320 total
- age   3:     611896 bytes,    5569216 total
- age   4:     816808 bytes,    6386024 total
- age   5:     787216 bytes,    7173240 total
- age   6:     734872 bytes,    7908112 total
- age   7:     666720 bytes,    8574832 total
- age   8:     626056 bytes,    9200888 total
: 105823K->12221K(109248K), 0.0243079 secs] 299544K->207861K(502464K), 0.0244194 secs] [Times: user=0.03 sys=0.00, real=0.02 secs] 
Heap after GC invocations=465 (full 22):
 par new generation   total 109248K, used 12221K [0x00000000e0000000, 0x00000000e8000000, 0x00000000e8000000)
  eden space 87424K,   0% used [0x00000000e0000000, 0x00000000e0000000, 0x00000000e5560000)
  from space 21824K,  55% used [0x00000000e6ab0000, 0x00000000e769f440, 0x00000000e8000000)
  to   space 21824K,   0% used [0x00000000e5560000, 0x00000000e5560000, 0x00000000e6ab0000)
 concurrent mark-sweep generation total 393216K, used 195640K [0x00000000e8000000, 0x0000000100000000, 0x0000000100000000)
 Metaspace       used 47080K, capacity 48847K, committed 49624K, reserved 1093632K
  class space    used 5097K, capacity 5483K, committed 5628K, reserved 1048576K
}
2018-10-23T07:43:39.923+0000: 289.868: Total time for which application threads were stopped: 0.0268783 seconds, Stopping threads took: 0.0018635 seconds
{Heap before GC invocations=465 (full 22):
 par new generation   total 109248K, used 99645K [0x00000000e0000000, 0x00000000e8000000, 0x00000000e8000000)
  eden space 87424K, 100% used [0x00000000e0000000, 0x00000000e5560000, 0x00000000e5560000)
  from space 21824K,  55% used [0x00000000e6ab0000, 0x00000000e769f440, 0x00000000e8000000)
  to   space 21824K,   0% used [0x00000000e5560000, 0x00000000e5560000, 0x00000000e6ab0000)
 concurrent mark-sweep generation total 393216K, used 195640K [0x00000000e8000000, 0x0000000100000000, 0x0000000100000000)
 Metaspace       used 47082K, capacity 48847K, committed 49624K, reserved 1093632K
  class space    used 5097K, capacity 5483K, committed 5628K, reserved 1048576K
2018-10-23T07:43:40.033+0000: 289.979: [GC (Allocation Failure) 2018-10-23T07:43:40.034+0000: 289.980: [ParNew
Desired survivor size 20112992 bytes, new threshold 8 (max 8)
- age   1:    2562344 bytes,    2562344 total
- age   2:    1479184 bytes,    4041528 total
- age   3:    1746768 bytes,    5788296 total
- age   4:     492136 bytes,    6280432 total
- age   5:     649120 bytes,    6929552 total
- age   6:     571024 bytes,    7500576 total
- age   7:     530392 bytes,    8030968 total
- age   8:     505272 bytes,    8536240 total
: 99645K->12164K(109248K), 0.0284100 secs] 295285K->208305K(502464K), 0.0293184 secs] [Times: user=0.04 sys=0.00, real=0.03 secs] 
Heap after GC invocations=466 (full 22):
 par new generation   total 109248K, used 12164K [0x00000000e0000000, 0x00000000e8000000, 0x00000000e8000000)
  eden space 87424K,   0% used [0x00000000e0000000, 0x00000000e0000000, 0x00000000e5560000)
  from space 21824K,  55% used [0x00000000e5560000, 0x00000000e61410d0, 0x00000000e6ab0000)
  to   space 21824K,   0% used [0x00000000e6ab0000, 0x00000000e6ab0000, 0x00000000e8000000)
 concurrent mark-sweep generation total 393216K, used 196141K [0x00000000e8000000, 0x0000000100000000, 0x0000000100000000)
 Metaspace       used 47082K, capacity 48847K, committed 49624K, reserved 1093632K
  class space    used 5097K, capacity 5483K, committed 5628K, reserved 1048576K
}
2018-10-23T07:43:40.062+0000: 290.008: Total time for which application threads were stopped: 0.0299501 seconds, Stopping threads took: 0.0001396 seconds
{Heap before GC invocations=466 (full 22):
 par new generation   total 109248K, used 99588K [0x00000000e0000000, 0x00000000e8000000, 0x00000000e8000000)
  eden space 87424K, 100% used [0x00000000e0000000, 0x00000000e5560000, 0x00000000e5560000)
  from space 21824K,  55% used [0x00000000e5560000, 0x00000000e61410d0, 0x00000000e6ab0000)
  to   space 21824K,   0% used [0x00000000e6ab0000, 0x00000000e6ab0000, 0x00000000e8000000)
 concurrent mark-sweep generation total 393216K, used 196141K [0x00000000e8000000, 0x0000000100000000, 0x0000000100000000)
 Metaspace       used 47082K, capacity 48847K, committed 49624K, reserved 1093632K
  class space    used 5097K, capacity 5483K, committed 5628K, reserved 1048576K
2018-10-23T07:43:40.177+0000: 290.123: [GC (Allocation Failure) 2018-10-23T07:43:40.177+0000: 290.123: [ParNew
Desired survivor size 20112992 bytes, new threshold 8 (max 8)
- age   1:    2007024 bytes,    2007024 total
- age   2:    1755704 bytes,    3762728 total
- age   3:    1478992 bytes,    5241720 total
- age   4:    1779552 bytes,    7021272 total
- age   5:     492136 bytes,    7513408 total
- age   6:     649120 bytes,    8162528 total
- age   7:     571024 bytes,    8733552 total
- age   8:     530392 bytes,    9263944 total
: 99588K->11194K(109248K), 0.0209888 secs] 295729K->207828K(502464K), 0.0211102 secs] [Times: user=0.04 sys=0.00, real=0.03 secs] 
Heap after GC invocations=467 (full 22):
 par new generation   total 109248K, used 11194K [0x00000000e0000000, 0x00000000e8000000, 0x00000000e8000000)
  eden space 87424K,   0% used [0x00000000e0000000, 0x00000000e0000000, 0x00000000e5560000)
  from space 21824K,  51% used [0x00000000e6ab0000, 0x00000000e759e840, 0x00000000e8000000)
  to   space 21824K,   0% used [0x00000000e5560000, 0x00000000e5560000, 0x00000000e6ab0000)
 concurrent mark-sweep generation total 393216K, used 196634K [0x00000000e8000000, 0x0000000100000000, 0x0000000100000000)
 Metaspace       used 47082K, capacity 48847K, committed 49624K, reserved 1093632K
  class space    used 5097K, capacity 5483K, committed 5628K, reserved 1048576K
}
2018-10-23T07:43:40.199+0000: 290.144: Total time for which application threads were stopped: 0.0217136 seconds, Stopping threads took: 0.0001199 seconds
2018-10-23T07:43:40.204+0000: 290.150: [GC (CMS Initial Mark) [1 CMS-initial-mark: 196634K(393216K)] 209026K(502464K), 0.0093833 secs] [Times: user=0.00 sys=0.00, real=0.01 secs] 
2018-10-23T07:43:40.214+0000: 290.160: Total time for which application threads were stopped: 0.0119660 seconds, Stopping threads took: 0.0021894 seconds
2018-10-23T07:43:40.214+0000: 290.160: [CMS-concurrent-mark-start]
2018-10-23T07:43:40.402+0000: 290.348: [CMS-concurrent-mark: 0.188/0.188 secs] [Times: user=0.52 sys=0.00, real=0.19 secs] 
2018-10-23T07:43:40.402+0000: 290.348: [CMS-concurrent-preclean-start]
2018-10-23T07:43:40.404+0000: 290.350: [CMS-concurrent-preclean: 0.002/0.002 secs] [Times: user=0.00 sys=0.00, real=0.00 secs] 
2018-10-23T07:43:40.404+0000: 290.350: [CMS-concurrent-abortable-preclean-start]
{Heap before GC invocations=467 (full 23):
 par new generation   total 109248K, used 98618K [0x00000000e0000000, 0x00000000e8000000, 0x00000000e8000000)
  eden space 87424K, 100% used [0x00000000e0000000, 0x00000000e5560000, 0x00000000e5560000)
  from space 21824K,  51% used [0x00000000e6ab0000, 0x00000000e759e840, 0x00000000e8000000)
  to   space 21824K,   0% used [0x00000000e5560000, 0x00000000e5560000, 0x00000000e6ab0000)
 concurrent mark-sweep generation total 393216K, used 196634K [0x00000000e8000000, 0x0000000100000000, 0x0000000100000000)
 Metaspace       used 47084K, capacity 48847K, committed 49624K, reserved 1093632K
  class space    used 5097K, capacity 5483K, committed 5628K, reserved 1048576K
2018-10-23T07:43:40.430+0000: 290.376: [GC (Allocation Failure) 2018-10-23T07:43:40.430+0000: 290.376: [ParNew
Desired survivor size 20112992 bytes, new threshold 8 (max 8)
- age   1:    3188336 bytes,    3188336 total
- age   2:     797712 bytes,    3986048 total
- age   3:    1119088 bytes,    5105136 total
- age   4:     941288 bytes,    6046424 total
- age   5:    1746608 bytes,    7793032 total
- age   6:     492136 bytes,    8285168 total
- age   7:     649120 bytes,    8934288 total
- age   8:     571024 bytes,    9505312 total
: 98618K->11820K(109248K), 0.0489319 secs] 295252K->208973K(502464K), 0.0490436 secs] [Times: user=0.04 sys=0.00, real=0.05 secs] 
Heap after GC invocations=468 (full 23):
 par new generation   total 109248K, used 11820K [0x00000000e0000000, 0x00000000e8000000, 0x00000000e8000000)
  eden space 87424K,   0% used [0x00000000e0000000, 0x00000000e0000000, 0x00000000e5560000)
  from space 21824K,  54% used [0x00000000e5560000, 0x00000000e60eb330, 0x00000000e6ab0000)
  to   space 21824K,   0% used [0x00000000e6ab0000, 0x00000000e6ab0000, 0x00000000e8000000)
 concurrent mark-sweep generation total 393216K, used 197152K [0x00000000e8000000, 0x0000000100000000, 0x0000000100000000)
 Metaspace       used 47084K, capacity 48847K, committed 49624K, reserved 1093632K
  class space    used 5097K, capacity 5483K, committed 5628K, reserved 1048576K
}
2018-10-23T07:43:40.479+0000: 290.425: Total time for which application threads were stopped: 0.0585008 seconds, Stopping threads took: 0.0089656 seconds
2018-10-23T07:43:40.499+0000: 290.444: Total time for which application threads were stopped: 0.0049835 seconds, Stopping threads took: 0.0040709 seconds
2018-10-23T07:43:40.554+0000: 290.500: [CMS-concurrent-abortable-preclean: 0.076/0.150 secs] [Times: user=0.22 sys=0.00, real=0.15 secs] 
2018-10-23T07:43:40.562+0000: 290.508: [GC (CMS Final Remark) [YG occupancy: 60974 K (109248 K)]{Heap before GC invocations=468 (full 23):
 par new generation   total 109248K, used 60974K [0x00000000e0000000, 0x00000000e8000000, 0x00000000e8000000)
  eden space 87424K,  56% used [0x00000000e0000000, 0x00000000e3000898, 0x00000000e5560000)
  from space 21824K,  54% used [0x00000000e5560000, 0x00000000e60eb330, 0x00000000e6ab0000)
  to   space 21824K,   0% used [0x00000000e6ab0000, 0x00000000e6ab0000, 0x00000000e8000000)
 concurrent mark-sweep generation total 393216K, used 197152K [0x00000000e8000000, 0x0000000100000000, 0x0000000100000000)
 Metaspace       used 47085K, capacity 48847K, committed 49624K, reserved 1093632K
  class space    used 5097K, capacity 5483K, committed 5628K, reserved 1048576K
2018-10-23T07:43:40.562+0000: 290.508: [GC (CMS Final Remark) 2018-10-23T07:43:40.562+0000: 290.508: [ParNew
Desired survivor size 20112992 bytes, new threshold 8 (max 8)
- age   1:    1095928 bytes,    1095928 total
- age   2:    2186208 bytes,    3282136 total
- age   3:     478400 bytes,    3760536 total
- age   4:     683928 bytes,    4444464 total
- age   5:     813512 bytes,    5257976 total
- age   6:    1704760 bytes,    6962736 total
- age   7:     492136 bytes,    7454872 total
- age   8:     649120 bytes,    8103992 total
: 60974K->13398K(109248K), 0.0083170 secs] 258127K->211108K(502464K), 0.0083833 secs] [Times: user=0.02 sys=0.00, real=0.01 secs] 
Heap after GC invocations=469 (full 23):
 par new generation   total 109248K, used 13398K [0x00000000e0000000, 0x00000000e8000000, 0x00000000e8000000)
  eden space 87424K,   0% used [0x00000000e0000000, 0x00000000e0000000, 0x00000000e5560000)
  from space 21824K,  61% used [0x00000000e6ab0000, 0x00000000e77c5830, 0x00000000e8000000)
  to   space 21824K,   0% used [0x00000000e5560000, 0x00000000e5560000, 0x00000000e6ab0000)
 concurrent mark-sweep generation total 393216K, used 197710K [0x00000000e8000000, 0x0000000100000000, 0x0000000100000000)
 Metaspace       used 47085K, capacity 48847K, committed 49624K, reserved 1093632K
  class space    used 5097K, capacity 5483K, committed 5628K, reserved 1048576K
}
2018-10-23T07:43:40.570+0000: 290.516: [Rescan (parallel) , 0.0024572 secs]2018-10-23T07:43:40.573+0000: 290.519: [weak refs processing, 0.0049377 secs]2018-10-23T07:43:40.578+0000: 290.524: [class unloading, 0.0205873 secs]2018-10-23T07:43:40.598+0000: 290.544: [scrub symbol table, 0.0131342 secs]2018-10-23T07:43:40.612+0000: 290.557: [scrub string table, 0.0008742 secs][1 CMS-remark: 197710K(393216K)] 211108K(502464K), 0.0597805 secs] [Times: user=0.06 sys=0.00, real=0.06 secs] 
2018-10-23T07:43:40.622+0000: 290.568: Total time for which application threads were stopped: 0.0661214 seconds, Stopping threads took: 0.0058549 seconds
2018-10-23T07:43:40.629+0000: 290.575: [CMS-concurrent-sweep-start]
{Heap before GC invocations=469 (full 23):
 par new generation   total 109248K, used 100822K [0x00000000e0000000, 0x00000000e8000000, 0x00000000e8000000)
  eden space 87424K, 100% used [0x00000000e0000000, 0x00000000e5560000, 0x00000000e5560000)
  from space 21824K,  61% used [0x00000000e6ab0000, 0x00000000e77c5830, 0x00000000e8000000)
  to   space 21824K,   0% used [0x00000000e5560000, 0x00000000e5560000, 0x00000000e6ab0000)
 concurrent mark-sweep generation total 393216K, used 190919K [0x00000000e8000000, 0x0000000100000000, 0x0000000100000000)
 Metaspace       used 47085K, capacity 48847K, committed 49624K, reserved 1093632K
  class space    used 5097K, capacity 5483K, committed 5628K, reserved 1048576K
2018-10-23T07:43:40.746+0000: 290.692: [GC (Allocation Failure) 2018-10-23T07:43:40.746+0000: 290.692: [ParNew
Desired survivor size 20112992 bytes, new threshold 8 (max 8)
- age   1:    3128552 bytes,    3128552 total
- age   2:     340168 bytes,    3468720 total
- age   3:    1196088 bytes,    4664808 total
- age   4:     320216 bytes,    4985024 total
- age   5:     509608 bytes,    5494632 total
- age   6:     811936 bytes,    6306568 total
- age   7:     975672 bytes,    7282240 total
- age   8:     175072 bytes,    7457312 total
: 100822K->8407K(109248K), 0.0477226 secs] 291741K->199630K(502464K), 0.0478366 secs] [Times: user=0.03 sys=0.00, real=0.05 secs] 
Heap after GC invocations=470 (full 23):
 par new generation   total 109248K, used 8407K [0x00000000e0000000, 0x00000000e8000000, 0x00000000e8000000)
  eden space 87424K,   0% used [0x00000000e0000000, 0x00000000e0000000, 0x00000000e5560000)
  from space 21824K,  38% used [0x00000000e5560000, 0x00000000e5d95c00, 0x00000000e6ab0000)
  to   space 21824K,   0% used [0x00000000e6ab0000, 0x00000000e6ab0000, 0x00000000e8000000)
 concurrent mark-sweep generation total 393216K, used 191223K [0x00000000e8000000, 0x0000000100000000, 0x0000000100000000)
 Metaspace       used 47085K, capacity 48847K, committed 49624K, reserved 1093632K
  class space    used 5097K, capacity 5483K, committed 5628K, reserved 1048576K
}
2018-10-23T07:43:40.794+0000: 290.740: Total time for which application threads were stopped: 0.0602021 seconds, Stopping threads took: 0.0118770 seconds
2018-10-23T07:43:40.826+0000: 290.772: [CMS-concurrent-sweep: 0.137/0.196 secs] [Times: user=0.35 sys=0.00, real=0.20 secs] 
2018-10-23T07:43:40.826+0000: 290.772: [CMS-concurrent-reset-start]
2018-10-23T07:43:40.827+0000: 290.773: [CMS-concurrent-reset: 0.001/0.001 secs] [Times: user=0.00 sys=0.00, real=0.00 secs] 
{Heap before GC invocations=470 (full 23):
 par new generation   total 109248K, used 95831K [0x00000000e0000000, 0x00000000e8000000, 0x00000000e8000000)
  eden space 87424K, 100% used [0x00000000e0000000, 0x00000000e5560000, 0x00000000e5560000)
  from space 21824K,  38% used [0x00000000e5560000, 0x00000000e5d95c00, 0x00000000e6ab0000)
  to   space 21824K,   0% used [0x00000000e6ab0000, 0x00000000e6ab0000, 0x00000000e8000000)
 concurrent mark-sweep generation total 393216K, used 186089K [0x00000000e8000000, 0x0000000100000000, 0x0000000100000000)
 Metaspace       used 47085K, capacity 48847K, committed 49624K, reserved 1093632K
  class space    used 5097K, capacity 5483K, committed 5628K, reserved 1048576K
2018-10-23T07:43:41.064+0000: 291.009: [GC (Allocation Failure) 2018-10-23T07:43:41.064+0000: 291.009: [ParNew
Desired survivor size 20112992 bytes, new threshold 8 (max 8)
- age   1:    2432784 bytes,    2432784 total
- age   2:    1955568 bytes,    4388352 total
- age   3:     188168 bytes,    4576520 total
- age   4:     669552 bytes,    5246072 total
- age   5:     131040 bytes,    5377112 total
- age   6:     337952 bytes,    5715064 total
- age   7:     718712 bytes,    6433776 total
- age   8:     975408 bytes,    7409184 total
: 95831K->11397K(109248K), 0.0107939 secs] 281920K->197657K(502464K), 0.0108760 secs] [Times: user=0.02 sys=0.00, real=0.01 secs] 
Heap after GC invocations=471 (full 23):
 par new generation   total 109248K, used 11397K [0x00000000e0000000, 0x00000000e8000000, 0x00000000e8000000)
  eden space 87424K,   0% used [0x00000000e0000000, 0x00000000e0000000, 0x00000000e5560000)
  from space 21824K,  52% used [0x00000000e6ab0000, 0x00000000e75d1578, 0x00000000e8000000)
  to   space 21824K,   0% used [0x00000000e5560000, 0x00000000e5560000, 0x00000000e6ab0000)
 concurrent mark-sweep generation total 393216K, used 186260K [0x00000000e8000000, 0x0000000100000000, 0x0000000100000000)
 Metaspace       used 47085K, capacity 48847K, committed 49624K, reserved 1093632K
  class space    used 5097K, capacity 5483K, committed 5628K, reserved 1048576K
}
2018-10-23T07:43:41.075+0000: 291.020: Total time for which application threads were stopped: 0.0114292 seconds, Stopping threads took: 0.0000760 seconds
2018-10-23T07:43:41.743+0000: 291.689: Total time for which application threads were stopped: 0.0004119 seconds, Stopping threads took: 0.0000856 seconds
{Heap before GC invocations=471 (full 23):
 par new generation   total 109248K, used 98821K [0x00000000e0000000, 0x00000000e8000000, 0x00000000e8000000)
  eden space 87424K, 100% used [0x00000000e0000000, 0x00000000e5560000, 0x00000000e5560000)
  from space 21824K,  52% used [0x00000000e6ab0000, 0x00000000e75d1578, 0x00000000e8000000)
  to   space 21824K,   0% used [0x00000000e5560000, 0x00000000e5560000, 0x00000000e6ab0000)
 concurrent mark-sweep generation total 393216K, used 186260K [0x00000000e8000000, 0x0000000100000000, 0x0000000100000000)
 Metaspace       used 47092K, capacity 48847K, committed 49624K, reserved 1093632K
  class space    used 5097K, capacity 5483K, committed 5628K, reserved 1048576K
2018-10-23T07:43:42.040+0000: 291.986: [GC (Allocation Failure) 2018-10-23T07:43:42.040+0000: 291.986: [ParNew
Desired survivor size 20112992 bytes, new threshold 8 (max 8)
- age   1:    1152984 bytes,    1152984 total
- age   2:     273136 bytes,    1426120 total
- age   3:     386936 bytes,    1813056 total
- age   4:     186808 bytes,    1999864 total
- age   5:     669552 bytes,    2669416 total
- age   6:     131040 bytes,    2800456 total
- age   7:     337408 bytes,    3137864 total
- age   8:     717176 bytes,    3855040 total
: 98821K->6011K(109248K), 0.0044790 secs] 285081K->193224K(502464K), 0.0045794 secs] [Times: user=0.02 sys=0.00, real=0.00 secs] 
Heap after GC invocations=472 (full 23):
 par new generation   total 109248K, used 6011K [0x00000000e0000000, 0x00000000e8000000, 0x00000000e8000000)
  eden space 87424K,   0% used [0x00000000e0000000, 0x00000000e0000000, 0x00000000e5560000)
  from space 21824K,  27% used [0x00000000e5560000, 0x00000000e5b3eec0, 0x00000000e6ab0000)
  to   space 21824K,   0% used [0x00000000e6ab0000, 0x00000000e6ab0000, 0x00000000e8000000)
 concurrent mark-sweep generation total 393216K, used 187212K [0x00000000e8000000, 0x0000000100000000, 0x0000000100000000)
 Metaspace       used 47092K, capacity 48847K, committed 49624K, reserved 1093632K
  class space    used 5097K, capacity 5483K, committed 5628K, reserved 1048576K
}
2018-10-23T07:43:42.044+0000: 291.990: Total time for which application threads were stopped: 0.0050849 seconds, Stopping threads took: 0.0000850 seconds
{Heap before GC invocations=472 (full 23):
 par new generation   total 109248K, used 93435K [0x00000000e0000000, 0x00000000e8000000, 0x00000000e8000000)
  eden space 87424K, 100% used [0x00000000e0000000, 0x00000000e5560000, 0x00000000e5560000)
  from space 21824K,  27% used [0x00000000e5560000, 0x00000000e5b3eec0, 0x00000000e6ab0000)
  to   space 21824K,   0% used [0x00000000e6ab0000, 0x00000000e6ab0000, 0x00000000e8000000)
 concurrent mark-sweep generation total 393216K, used 187212K [0x00000000e8000000, 0x0000000100000000, 0x0000000100000000)
 Metaspace       used 47092K, capacity 48847K, committed 49624K, reserved 1093632K
  class space    used 5097K, capacity 5483K, committed 5628K, reserved 1048576K
2018-10-23T07:43:42.176+0000: 292.122: [GC (Allocation Failure) 2018-10-23T07:43:42.177+0000: 292.122: [ParNew
Desired survivor size 20112992 bytes, new threshold 8 (max 8)
- age   1:     146304 bytes,     146304 total
- age   2:    1058760 bytes,    1205064 total
- age   3:     272224 bytes,    1477288 total
- age   4:     386024 bytes,    1863312 total
- age   5:     186808 bytes,    2050120 total
- age   6:     669552 bytes,    2719672 total
- age   7:     131040 bytes,    2850712 total
- age   8:     337408 bytes,    3188120 total
: 93435K->3599K(109248K), 0.0042269 secs] 280648K->191513K(502464K), 0.0043158 secs] [Times: user=0.01 sys=0.00, real=0.01 secs] 
Heap after GC invocations=473 (full 23):
 par new generation   total 109248K, used 3599K [0x00000000e0000000, 0x00000000e8000000, 0x00000000e8000000)
  eden space 87424K,   0% used [0x00000000e0000000, 0x00000000e0000000, 0x00000000e5560000)
  from space 21824K,  16% used [0x00000000e6ab0000, 0x00000000e6e33fc0, 0x00000000e8000000)
  to   space 21824K,   0% used [0x00000000e5560000, 0x00000000e5560000, 0x00000000e6ab0000)
 concurrent mark-sweep generation total 393216K, used 187913K [0x00000000e8000000, 0x0000000100000000, 0x0000000100000000)
 Metaspace       used 47092K, capacity 48847K, committed 49624K, reserved 1093632K
  class space    used 5097K, capacity 5483K, committed 5628K, reserved 1048576K
}
2018-10-23T07:43:42.181+0000: 292.127: Total time for which application threads were stopped: 0.0048329 seconds, Stopping threads took: 0.0000904 seconds
2018-10-23T07:43:43.181+0000: 293.127: Total time for which application threads were stopped: 0.0004175 seconds, Stopping threads took: 0.0000783 seconds
2018-10-23T07:43:47.649+0000: 297.595: Total time for which application threads were stopped: 0.0004544 seconds, Stopping threads took: 0.0000773 seconds
2018-10-23T07:43:47.657+0000: 297.603: Total time for which application threads were stopped: 0.0008373 seconds, Stopping threads took: 0.0001906 seconds
2018-10-23T07:43:47.659+0000: 297.605: Total time for which application threads were stopped: 0.0020775 seconds, Stopping threads took: 0.0016637 seconds
2018-10-23T07:43:47.677+0000: 297.623: Total time for which application threads were stopped: 0.0004038 seconds, Stopping threads took: 0.0001437 seconds
2018-10-23T07:43:47.701+0000: 297.647: Total time for which application threads were stopped: 0.0006572 seconds, Stopping threads took: 0.0003201 seconds
{Heap before GC invocations=473 (full 23):
 par new generation   total 109248K, used 91023K [0x00000000e0000000, 0x00000000e8000000, 0x00000000e8000000)
  eden space 87424K, 100% used [0x00000000e0000000, 0x00000000e5560000, 0x00000000e5560000)
  from space 21824K,  16% used [0x00000000e6ab0000, 0x00000000e6e33fc0, 0x00000000e8000000)
  to   space 21824K,   0% used [0x00000000e5560000, 0x00000000e5560000, 0x00000000e6ab0000)
 concurrent mark-sweep generation total 393216K, used 187913K [0x00000000e8000000, 0x0000000100000000, 0x0000000100000000)
 Metaspace       used 47096K, capacity 48847K, committed 49624K, reserved 1093632K
  class space    used 5097K, capacity 5483K, committed 5628K, reserved 1048576K
2018-10-23T07:43:47.739+0000: 297.685: [GC (Allocation Failure) 2018-10-23T07:43:47.739+0000: 297.685: [ParNew
Desired survivor size 20112992 bytes, new threshold 8 (max 8)
- age   1:    2216816 bytes,    2216816 total
- age   3:     789360 bytes,    3006176 total
- age   4:     271984 bytes,    3278160 total
- age   5:     385800 bytes,    3663960 total
- age   6:     186568 bytes,    3850528 total
- age   7:     669328 bytes,    4519856 total
- age   8:     131040 bytes,    4650896 total
: 91023K->5569K(109248K), 0.0271834 secs] 278937K->193813K(502464K), 0.0272805 secs] [Times: user=0.03 sys=0.00, real=0.02 secs] 
Heap after GC invocations=474 (full 23):
 par new generation   total 109248K, used 5569K [0x00000000e0000000, 0x00000000e8000000, 0x00000000e8000000)
  eden space 87424K,   0% used [0x00000000e0000000, 0x00000000e0000000, 0x00000000e5560000)
  from space 21824K,  25% used [0x00000000e5560000, 0x00000000e5ad0780, 0x00000000e6ab0000)
  to   space 21824K,   0% used [0x00000000e6ab0000, 0x00000000e6ab0000, 0x00000000e8000000)
 concurrent mark-sweep generation total 393216K, used 188243K [0x00000000e8000000, 0x0000000100000000, 0x0000000100000000)
 Metaspace       used 47096K, capacity 48847K, committed 49624K, reserved 1093632K
  class space    used 5097K, capacity 5483K, committed 5628K, reserved 1048576K
}
2018-10-23T07:43:47.767+0000: 297.712: Total time for which application threads were stopped: 0.0278025 seconds, Stopping threads took: 0.0000690 seconds
{Heap before GC invocations=474 (full 23):
 par new generation   total 109248K, used 92993K [0x00000000e0000000, 0x00000000e8000000, 0x00000000e8000000)
  eden space 87424K, 100% used [0x00000000e0000000, 0x00000000e5560000, 0x00000000e5560000)
  from space 21824K,  25% used [0x00000000e5560000, 0x00000000e5ad0780, 0x00000000e6ab0000)
  to   space 21824K,   0% used [0x00000000e6ab0000, 0x00000000e6ab0000, 0x00000000e8000000)
 concurrent mark-sweep generation total 393216K, used 188243K [0x00000000e8000000, 0x0000000100000000, 0x0000000100000000)
 Metaspace       used 47096K, capacity 48847K, committed 49624K, reserved 1093632K
  class space    used 5097K, capacity 5483K, committed 5628K, reserved 1048576K
2018-10-23T07:43:47.836+0000: 297.782: [GC (Allocation Failure) 2018-10-23T07:43:47.836+0000: 297.782: [ParNew
Desired survivor size 20112992 bytes, new threshold 8 (max 8)
- age   1:    1475144 bytes,    1475144 total
- age   2:    1899328 bytes,    3374472 total
- age   4:     789280 bytes,    4163752 total
- age   5:     271984 bytes,    4435736 total
- age   6:     385800 bytes,    4821536 total
- age   7:     186568 bytes,    5008104 total
- age   8:     669328 bytes,    5677432 total
: 92993K->8205K(109248K), 0.0370326 secs] 281237K->196577K(502464K), 0.0371337 secs] [Times: user=0.04 sys=0.00, real=0.04 secs] 
Heap after GC invocations=475 (full 23):
 par new generation   total 109248K, used 8205K [0x00000000e0000000, 0x00000000e8000000, 0x00000000e8000000)
  eden space 87424K,   0% used [0x00000000e0000000, 0x00000000e0000000, 0x00000000e5560000)
  from space 21824K,  37% used [0x00000000e6ab0000, 0x00000000e72b3580, 0x00000000e8000000)
  to   space 21824K,   0% used [0x00000000e5560000, 0x00000000e5560000, 0x00000000e6ab0000)
 concurrent mark-sweep generation total 393216K, used 188371K [0x00000000e8000000, 0x0000000100000000, 0x0000000100000000)
 Metaspace       used 47096K, capacity 48847K, committed 49624K, reserved 1093632K
  class space    used 5097K, capacity 5483K, committed 5628K, reserved 1048576K
}
2018-10-23T07:43:47.874+0000: 297.819: Total time for which application threads were stopped: 0.0377302 seconds, Stopping threads took: 0.0001182 seconds
{Heap before GC invocations=475 (full 23):
 par new generation   total 109248K, used 95629K [0x00000000e0000000, 0x00000000e8000000, 0x00000000e8000000)
  eden space 87424K, 100% used [0x00000000e0000000, 0x00000000e5560000, 0x00000000e5560000)
  from space 21824K,  37% used [0x00000000e6ab0000, 0x00000000e72b3580, 0x00000000e8000000)
  to   space 21824K,   0% used [0x00000000e5560000, 0x00000000e5560000, 0x00000000e6ab0000)
 concurrent mark-sweep generation total 393216K, used 188371K [0x00000000e8000000, 0x0000000100000000, 0x0000000100000000)
 Metaspace       used 47096K, capacity 48847K, committed 49624K, reserved 1093632K
  class space    used 5097K, capacity 5483K, committed 5628K, reserved 1048576K
2018-10-23T07:43:47.971+0000: 297.917: [GC (Allocation Failure) 2018-10-23T07:43:47.971+0000: 297.917: [ParNew
Desired survivor size 20112992 bytes, new threshold 8 (max 8)
- age   1:    2158928 bytes,    2158928 total
- age   2:     808512 bytes,    2967440 total
- age   3:    1837856 bytes,    4805296 total
- age   5:     789224 bytes,    5594520 total
- age   6:     271984 bytes,    5866504 total
- age   7:     385800 bytes,    6252304 total
- age   8:     186568 bytes,    6438872 total
: 95629K->6985K(109248K), 0.0280599 secs] 284001K->196011K(502464K), 0.0281583 secs] [Times: user=0.04 sys=0.00, real=0.03 secs] 
Heap after GC invocations=476 (full 23):
 par new generation   total 109248K, used 6985K [0x00000000e0000000, 0x00000000e8000000, 0x00000000e8000000)
  eden space 87424K,   0% used [0x00000000e0000000, 0x00000000e0000000, 0x00000000e5560000)
  from space 21824K,  32% used [0x00000000e5560000, 0x00000000e5c32708, 0x00000000e6ab0000)
  to   space 21824K,   0% used [0x00000000e6ab0000, 0x00000000e6ab0000, 0x00000000e8000000)
 concurrent mark-sweep generation total 393216K, used 189026K [0x00000000e8000000, 0x0000000100000000, 0x0000000100000000)
 Metaspace       used 47096K, capacity 48847K, committed 49624K, reserved 1093632K
  class space    used 5097K, capacity 5483K, committed 5628K, reserved 1048576K
}
2018-10-23T07:43:47.999+0000: 297.945: Total time for which application threads were stopped: 0.0287725 seconds, Stopping threads took: 0.0001613 seconds
{Heap before GC invocations=476 (full 23):
 par new generation   total 109248K, used 94409K [0x00000000e0000000, 0x00000000e8000000, 0x00000000e8000000)
  eden space 87424K, 100% used [0x00000000e0000000, 0x00000000e5560000, 0x00000000e5560000)
  from space 21824K,  32% used [0x00000000e5560000, 0x00000000e5c32708, 0x00000000e6ab0000)
  to   space 21824K,   0% used [0x00000000e6ab0000, 0x00000000e6ab0000, 0x00000000e8000000)
 concurrent mark-sweep generation total 393216K, used 189026K [0x00000000e8000000, 0x0000000100000000, 0x0000000100000000)
 Metaspace       used 47096K, capacity 48847K, committed 49624K, reserved 1093632K
  class space    used 5097K, capacity 5483K, committed 5628K, reserved 1048576K
2018-10-23T07:43:48.125+0000: 298.070: [GC (Allocation Failure) 2018-10-23T07:43:48.125+0000: 298.071: [ParNew
Desired survivor size 20112992 bytes, new threshold 8 (max 8)
- age   1:    2596032 bytes,    2596032 total
- age   2:    1359744 bytes,    3955776 total
- age   3:     805440 bytes,    4761216 total
- age   4:    1812312 bytes,    6573528 total
- age   6:     789224 bytes,    7362752 total
- age   7:     271984 bytes,    7634736 total
- age   8:     385800 bytes,    8020536 total
: 94409K->12355K(109248K), 0.0132634 secs] 283435K->201564K(502464K), 0.0133623 secs] [Times: user=0.02 sys=0.00, real=0.02 secs] 
Heap after GC invocations=477 (full 23):
 par new generation   total 109248K, used 12355K [0x00000000e0000000, 0x00000000e8000000, 0x00000000e8000000)
  eden space 87424K,   0% used [0x00000000e0000000, 0x00000000e0000000, 0x00000000e5560000)
  from space 21824K,  56% used [0x00000000e6ab0000, 0x00000000e76c0e60, 0x00000000e8000000)
  to   space 21824K,   0% used [0x00000000e5560000, 0x00000000e5560000, 0x00000000e6ab0000)
 concurrent mark-sweep generation total 393216K, used 189209K [0x00000000e8000000, 0x0000000100000000, 0x0000000100000000)
 Metaspace       used 47096K, capacity 48847K, committed 49624K, reserved 1093632K
  class space    used 5097K, capacity 5483K, committed 5628K, reserved 1048576K
}
2018-10-23T07:43:48.138+0000: 298.084: Total time for which application threads were stopped: 0.0139916 seconds, Stopping threads took: 0.0001657 seconds
{Heap before GC invocations=477 (full 23):
 par new generation   total 109248K, used 99779K [0x00000000e0000000, 0x00000000e8000000, 0x00000000e8000000)
  eden space 87424K, 100% used [0x00000000e0000000, 0x00000000e5560000, 0x00000000e5560000)
  from space 21824K,  56% used [0x00000000e6ab0000, 0x00000000e76c0e60, 0x00000000e8000000)
  to   space 21824K,   0% used [0x00000000e5560000, 0x00000000e5560000, 0x00000000e6ab0000)
 concurrent mark-sweep generation total 393216K, used 189209K [0x00000000e8000000, 0x0000000100000000, 0x0000000100000000)
 Metaspace       used 47096K, capacity 48847K, committed 49624K, reserved 1093632K
  class space    used 5097K, capacity 5483K, committed 5628K, reserved 1048576K
2018-10-23T07:43:48.270+0000: 298.216: [GC (Allocation Failure) 2018-10-23T07:43:48.270+0000: 298.216: [ParNew
Desired survivor size 20112992 bytes, new threshold 8 (max 8)
- age   1:    2136464 bytes,    2136464 total
- age   2:    1856352 bytes,    3992816 total
- age   3:    1286208 bytes,    5279024 total
- age   4:     802568 bytes,    6081592 total
- age   5:    1812432 bytes,    7894024 total
- age   7:     789224 bytes,    8683248 total
- age   8:     271984 bytes,    8955232 total
: 99779K->9992K(109248K), 0.0293493 secs] 288988K->199579K(502464K), 0.0294485 secs] [Times: user=0.05 sys=0.00, real=0.03 secs] 
Heap after GC invocations=478 (full 23):
 par new generation   total 109248K, used 9992K [0x00000000e0000000, 0x00000000e8000000, 0x00000000e8000000)
  eden space 87424K,   0% used [0x00000000e0000000, 0x00000000e0000000, 0x00000000e5560000)
  from space 21824K,  45% used [0x00000000e5560000, 0x00000000e5f223a0, 0x00000000e6ab0000)
  to   space 21824K,   0% used [0x00000000e6ab0000, 0x00000000e6ab0000, 0x00000000e8000000)
 concurrent mark-sweep generation total 393216K, used 189586K [0x00000000e8000000, 0x0000000100000000, 0x0000000100000000)
 Metaspace       used 47096K, capacity 48847K, committed 49624K, reserved 1093632K
  class space    used 5097K, capacity 5483K, committed 5628K, reserved 1048576K
}
2018-10-23T07:43:48.300+0000: 298.245: Total time for which application threads were stopped: 0.0379021 seconds, Stopping threads took: 0.0079880 seconds
{Heap before GC invocations=478 (full 23):
 par new generation   total 109248K, used 97416K [0x00000000e0000000, 0x00000000e8000000, 0x00000000e8000000)
  eden space 87424K, 100% used [0x00000000e0000000, 0x00000000e5560000, 0x00000000e5560000)
  from space 21824K,  45% used [0x00000000e5560000, 0x00000000e5f223a0, 0x00000000e6ab0000)
  to   space 21824K,   0% used [0x00000000e6ab0000, 0x00000000e6ab0000, 0x00000000e8000000)
 concurrent mark-sweep generation total 393216K, used 189586K [0x00000000e8000000, 0x0000000100000000, 0x0000000100000000)
 Metaspace       used 47096K, capacity 48847K, committed 49624K, reserved 1093632K
  class space    used 5097K, capacity 5483K, committed 5628K, reserved 1048576K
2018-10-23T07:43:48.399+0000: 298.345: [GC (Allocation Failure) 2018-10-23T07:43:48.400+0000: 298.345: [ParNew
Desired survivor size 20112992 bytes, new threshold 8 (max 8)
- age   1:    2143368 bytes,    2143368 total
- age   2:    1679520 bytes,    3822888 total
- age   3:    1777160 bytes,    5600048 total
- age   4:    1286016 bytes,    6886064 total
- age   5:     802496 bytes,    7688560 total
- age   6:    1812312 bytes,    9500872 total
- age   8:     789224 bytes,   10290096 total
: 97416K->11086K(109248K), 0.0290473 secs] 287003K->200938K(502464K), 0.0291518 secs] [Times: user=0.05 sys=0.00, real=0.02 secs] 
Heap after GC invocations=479 (full 23):
 par new generation   total 109248K, used 11086K [0x00000000e0000000, 0x00000000e8000000, 0x00000000e8000000)
  eden space 87424K,   0% used [0x00000000e0000000, 0x00000000e0000000, 0x00000000e5560000)
  from space 21824K,  50% used [0x00000000e6ab0000, 0x00000000e7583ac0, 0x00000000e8000000)
  to   space 21824K,   0% used [0x00000000e5560000, 0x00000000e5560000, 0x00000000e6ab0000)
 concurrent mark-sweep generation total 393216K, used 189852K [0x00000000e8000000, 0x0000000100000000, 0x0000000100000000)
 Metaspace       used 47096K, capacity 48847K, committed 49624K, reserved 1093632K
  class space    used 5097K, capacity 5483K, committed 5628K, reserved 1048576K
}
2018-10-23T07:43:48.429+0000: 298.375: Total time for which application threads were stopped: 0.0297664 seconds, Stopping threads took: 0.0001210 seconds
{Heap before GC invocations=479 (full 23):
 par new generation   total 109248K, used 98510K [0x00000000e0000000, 0x00000000e8000000, 0x00000000e8000000)
  eden space 87424K, 100% used [0x00000000e0000000, 0x00000000e5560000, 0x00000000e5560000)
  from space 21824K,  50% used [0x00000000e6ab0000, 0x00000000e7583ac0, 0x00000000e8000000)
  to   space 21824K,   0% used [0x00000000e5560000, 0x00000000e5560000, 0x00000000e6ab0000)
 concurrent mark-sweep generation total 393216K, used 189852K [0x00000000e8000000, 0x0000000100000000, 0x0000000100000000)
 Metaspace       used 47096K, capacity 48847K, committed 49624K, reserved 1093632K
  class space    used 5097K, capacity 5483K, committed 5628K, reserved 1048576K
2018-10-23T07:43:48.538+0000: 298.484: [GC (Allocation Failure) 2018-10-23T07:43:48.538+0000: 298.484: [ParNew
Desired survivor size 20112992 bytes, new threshold 8 (max 8)
- age   1:    2579552 bytes,    2579552 total
- age   2:    1242160 bytes,    3821712 total
- age   3:    1407704 bytes,    5229416 total
- age   4:    1516672 bytes,    6746088 total
- age   5:    1220416 bytes,    7966504 total
- age   6:     802496 bytes,    8769000 total
- age   7:    1811816 bytes,   10580816 total
: 98510K->11730K(109248K), 0.0229632 secs] 288362K->202358K(502464K), 0.0230661 secs] [Times: user=0.03 sys=0.00, real=0.02 secs] 
Heap after GC invocations=480 (full 23):
 par new generation   total 109248K, used 11730K [0x00000000e0000000, 0x00000000e8000000, 0x00000000e8000000)
  eden space 87424K,   0% used [0x00000000e0000000, 0x00000000e0000000, 0x00000000e5560000)
  from space 21824K,  53% used [0x00000000e5560000, 0x00000000e60d4a58, 0x00000000e6ab0000)
  to   space 21824K,   0% used [0x00000000e6ab0000, 0x00000000e6ab0000, 0x00000000e8000000)
 concurrent mark-sweep generation total 393216K, used 190627K [0x00000000e8000000, 0x0000000100000000, 0x0000000100000000)
 Metaspace       used 47096K, capacity 48847K, committed 49624K, reserved 1093632K
  class space    used 5097K, capacity 5483K, committed 5628K, reserved 1048576K
}
2018-10-23T07:43:48.561+0000: 298.507: Total time for which application threads were stopped: 0.0237095 seconds, Stopping threads took: 0.0001576 seconds
{Heap before GC invocations=480 (full 23):
 par new generation   total 109248K, used 99154K [0x00000000e0000000, 0x00000000e8000000, 0x00000000e8000000)
  eden space 87424K, 100% used [0x00000000e0000000, 0x00000000e5560000, 0x00000000e5560000)
  from space 21824K,  53% used [0x00000000e5560000, 0x00000000e60d4a58, 0x00000000e6ab0000)
  to   space 21824K,   0% used [0x00000000e6ab0000, 0x00000000e6ab0000, 0x00000000e8000000)
 concurrent mark-sweep generation total 393216K, used 190627K [0x00000000e8000000, 0x0000000100000000, 0x0000000100000000)
 Metaspace       used 47096K, capacity 48847K, committed 49624K, reserved 1093632K
  class space    used 5097K, capacity 5483K, committed 5628K, reserved 1048576K
2018-10-23T07:43:48.730+0000: 298.676: [GC (Allocation Failure) 2018-10-23T07:43:48.730+0000: 298.676: [ParNew
Desired survivor size 20112992 bytes, new threshold 8 (max 8)
- age   1:    4129384 bytes,    4129384 total
- age   2:    1914856 bytes,    6044240 total
- age   3:     938592 bytes,    6982832 total
- age   4:    1113240 bytes,    8096072 total
- age   5:    1245296 bytes,    9341368 total
- age   6:    1079312 bytes,   10420680 total
- age   7:     711672 bytes,   11132352 total
- age   8:    1257648 bytes,   12390000 total
: 99154K->17667K(109248K), 0.0099097 secs] 289782K->208295K(502464K), 0.0100340 secs] [Times: user=0.03 sys=0.00, real=0.01 secs] 
Heap after GC invocations=481 (full 23):
 par new generation   total 109248K, used 17667K [0x00000000e0000000, 0x00000000e8000000, 0x00000000e8000000)
  eden space 87424K,   0% used [0x00000000e0000000, 0x00000000e0000000, 0x00000000e5560000)
  from space 21824K,  80% used [0x00000000e6ab0000, 0x00000000e7bf0e40, 0x00000000e8000000)
  to   space 21824K,   0% used [0x00000000e5560000, 0x00000000e5560000, 0x00000000e6ab0000)
 concurrent mark-sweep generation total 393216K, used 190627K [0x00000000e8000000, 0x0000000100000000, 0x0000000100000000)
 Metaspace       used 47096K, capacity 48847K, committed 49624K, reserved 1093632K
  class space    used 5097K, capacity 5483K, committed 5628K, reserved 1048576K
}
2018-10-23T07:43:48.740+0000: 298.686: Total time for which application threads were stopped: 0.0169031 seconds, Stopping threads took: 0.0063427 seconds
2018-10-23T07:43:48.763+0000: 298.709: Total time for which application threads were stopped: 0.0006358 seconds, Stopping threads took: 0.0002421 seconds
{Heap before GC invocations=481 (full 23):
 par new generation   total 109248K, used 105091K [0x00000000e0000000, 0x00000000e8000000, 0x00000000e8000000)
  eden space 87424K, 100% used [0x00000000e0000000, 0x00000000e5560000, 0x00000000e5560000)
  from space 21824K,  80% used [0x00000000e6ab0000, 0x00000000e7bf0e40, 0x00000000e8000000)
  to   space 21824K,   0% used [0x00000000e5560000, 0x00000000e5560000, 0x00000000e6ab0000)
 concurrent mark-sweep generation total 393216K, used 190627K [0x00000000e8000000, 0x0000000100000000, 0x0000000100000000)
 Metaspace       used 47097K, capacity 48847K, committed 49624K, reserved 1093632K
  class space    used 5097K, capacity 5483K, committed 5628K, reserved 1048576K
2018-10-23T07:43:48.850+0000: 298.796: [GC (Allocation Failure) 2018-10-23T07:43:48.850+0000: 298.796: [ParNew
Desired survivor size 20112992 bytes, new threshold 8 (max 8)
- age   1:    2250040 bytes,    2250040 total
- age   2:    2470832 bytes,    4720872 total
- age   3:     714840 bytes,    5435712 total
- age   4:     408616 bytes,    5844328 total
- age   5:     455776 bytes,    6300104 total
- age   6:     524416 bytes,    6824520 total
- age   7:     483328 bytes,    7307848 total
- age   8:     279352 bytes,    7587200 total
: 105091K->10591K(109248K), 0.0258460 secs] 295719K->201581K(502464K), 0.0259439 secs] [Times: user=0.04 sys=0.00, real=0.02 secs] 
Heap after GC invocations=482 (full 23):
 par new generation   total 109248K, used 10591K [0x00000000e0000000, 0x00000000e8000000, 0x00000000e8000000)
  eden space 87424K,   0% used [0x00000000e0000000, 0x00000000e0000000, 0x00000000e5560000)
  from space 21824K,  48% used [0x00000000e5560000, 0x00000000e5fb7fb0, 0x00000000e6ab0000)
  to   space 21824K,   0% used [0x00000000e6ab0000, 0x00000000e6ab0000, 0x00000000e8000000)
 concurrent mark-sweep generation total 393216K, used 190989K [0x00000000e8000000, 0x0000000100000000, 0x0000000100000000)
 Metaspace       used 47097K, capacity 48847K, committed 49624K, reserved 1093632K
  class space    used 5097K, capacity 5483K, committed 5628K, reserved 1048576K
}
2018-10-23T07:43:48.876+0000: 298.822: Total time for which application threads were stopped: 0.0366642 seconds, Stopping threads took: 0.0102243 seconds
{Heap before GC invocations=482 (full 23):
 par new generation   total 109248K, used 98015K [0x00000000e0000000, 0x00000000e8000000, 0x00000000e8000000)
  eden space 87424K, 100% used [0x00000000e0000000, 0x00000000e5560000, 0x00000000e5560000)
  from space 21824K,  48% used [0x00000000e5560000, 0x00000000e5fb7fb0, 0x00000000e6ab0000)
  to   space 21824K,   0% used [0x00000000e6ab0000, 0x00000000e6ab0000, 0x00000000e8000000)
 concurrent mark-sweep generation total 393216K, used 190989K [0x00000000e8000000, 0x0000000100000000, 0x0000000100000000)
 Metaspace       used 47097K, capacity 48847K, committed 49624K, reserved 1093632K
  class space    used 5097K, capacity 5483K, committed 5628K, reserved 1048576K
2018-10-23T07:43:48.965+0000: 298.911: [GC (Allocation Failure) 2018-10-23T07:43:48.965+0000: 298.911: [ParNew
Desired survivor size 20112992 bytes, new threshold 8 (max 8)
- age   1:    1823672 bytes,    1823672 total
- age   2:    1808664 bytes,    3632336 total
- age   3:    2470584 bytes,    6102920 total
- age   4:     714840 bytes,    6817760 total
- age   5:     408616 bytes,    7226376 total
- age   6:     455776 bytes,    7682152 total
- age   7:     524416 bytes,    8206568 total
- age   8:     483328 bytes,    8689896 total
: 98015K->9087K(109248K), 0.0470619 secs] 289005K->200349K(502464K), 0.0471767 secs] [Times: user=0.04 sys=0.00, real=0.05 secs] 
Heap after GC invocations=483 (full 23):
 par new generation   total 109248K, used 9087K [0x00000000e0000000, 0x00000000e8000000, 0x00000000e8000000)
  eden space 87424K,   0% used [0x00000000e0000000, 0x00000000e0000000, 0x00000000e5560000)
  from space 21824K,  41% used [0x00000000e6ab0000, 0x00000000e738fec0, 0x00000000e8000000)
  to   space 21824K,   0% used [0x00000000e5560000, 0x00000000e5560000, 0x00000000e6ab0000)
 concurrent mark-sweep generation total 393216K, used 191262K [0x00000000e8000000, 0x0000000100000000, 0x0000000100000000)
 Metaspace       used 47097K, capacity 48847K, committed 49624K, reserved 1093632K
  class space    used 5097K, capacity 5483K, committed 5628K, reserved 1048576K
}
2018-10-23T07:43:49.013+0000: 298.958: Total time for which application threads were stopped: 0.0477673 seconds, Stopping threads took: 0.0000992 seconds
{Heap before GC invocations=483 (full 23):
 par new generation   total 109248K, used 96511K [0x00000000e0000000, 0x00000000e8000000, 0x00000000e8000000)
  eden space 87424K, 100% used [0x00000000e0000000, 0x00000000e5560000, 0x00000000e5560000)
  from space 21824K,  41% used [0x00000000e6ab0000, 0x00000000e738fec0, 0x00000000e8000000)
  to   space 21824K,   0% used [0x00000000e5560000, 0x00000000e5560000, 0x00000000e6ab0000)
 concurrent mark-sweep generation total 393216K, used 191262K [0x00000000e8000000, 0x0000000100000000, 0x0000000100000000)
 Metaspace       used 47097K, capacity 48847K, committed 49624K, reserved 1093632K
  class space    used 5097K, capacity 5483K, committed 5628K, reserved 1048576K
2018-10-23T07:43:49.098+0000: 299.044: [GC (Allocation Failure) 2018-10-23T07:43:49.098+0000: 299.044: [ParNew
Desired survivor size 20112992 bytes, new threshold 8 (max 8)
- age   1:    1981632 bytes,    1981632 total
- age   2:     791560 bytes,    2773192 total
- age   3:    1727728 bytes,    4500920 total
- age   4:    2470584 bytes,    6971504 total
- age   5:     714840 bytes,    7686344 total
- age   6:     408616 bytes,    8094960 total
- age   7:     455776 bytes,    8550736 total
- age   8:     524416 bytes,    9075152 total
: 96511K->13126K(109248K), 0.0457576 secs] 287773K->204860K(502464K), 0.0458900 secs] [Times: user=0.04 sys=0.00, real=0.04 secs] 
Heap after GC invocations=484 (full 23):
 par new generation   total 109248K, used 13126K [0x00000000e0000000, 0x00000000e8000000, 0x00000000e8000000)
  eden space 87424K,   0% used [0x00000000e0000000, 0x00000000e0000000, 0x00000000e5560000)
  from space 21824K,  60% used [0x00000000e5560000, 0x00000000e6231860, 0x00000000e6ab0000)
  to   space 21824K,   0% used [0x00000000e6ab0000, 0x00000000e6ab0000, 0x00000000e8000000)
 concurrent mark-sweep generation total 393216K, used 191734K [0x00000000e8000000, 0x0000000100000000, 0x0000000100000000)
 Metaspace       used 47097K, capacity 48847K, committed 49624K, reserved 1093632K
  class space    used 5097K, capacity 5483K, committed 5628K, reserved 1048576K
}
2018-10-23T07:43:49.144+0000: 299.090: Total time for which application threads were stopped: 0.0588548 seconds, Stopping threads took: 0.0124785 seconds
{Heap before GC invocations=484 (full 23):
 par new generation   total 109248K, used 100550K [0x00000000e0000000, 0x00000000e8000000, 0x00000000e8000000)
  eden space 87424K, 100% used [0x00000000e0000000, 0x00000000e5560000, 0x00000000e5560000)
  from space 21824K,  60% used [0x00000000e5560000, 0x00000000e6231860, 0x00000000e6ab0000)
  to   space 21824K,   0% used [0x00000000e6ab0000, 0x00000000e6ab0000, 0x00000000e8000000)
 concurrent mark-sweep generation total 393216K, used 191734K [0x00000000e8000000, 0x0000000100000000, 0x0000000100000000)
 Metaspace       used 47097K, capacity 48847K, committed 49624K, reserved 1093632K
  class space    used 5097K, capacity 5483K, committed 5628K, reserved 1048576K
2018-10-23T07:43:49.209+0000: 299.155: [GC (Allocation Failure) 2018-10-23T07:43:49.209+0000: 299.155: [ParNew
Desired survivor size 20112992 bytes, new threshold 8 (max 8)
- age   1:    1636856 bytes,    1636856 total
- age   2:    1045392 bytes,    2682248 total
- age   3:     770936 bytes,    3453184 total
- age   4:    1715528 bytes,    5168712 total
- age   5:    2503368 bytes,    7672080 total
- age   6:     714840 bytes,    8386920 total
- age   7:     408616 bytes,    8795536 total
- age   8:     455776 bytes,    9251312 total
: 100550K->10397K(109248K), 0.0127637 secs] 292284K->202643K(502464K), 0.0128522 secs] [Times: user=0.04 sys=0.00, real=0.02 secs] 
Heap after GC invocations=485 (full 23):
 par new generation   total 109248K, used 10397K [0x00000000e0000000, 0x00000000e8000000, 0x00000000e8000000)
  eden space 87424K,   0% used [0x00000000e0000000, 0x00000000e0000000, 0x00000000e5560000)
  from space 21824K,  47% used [0x00000000e6ab0000, 0x00000000e74d7440, 0x00000000e8000000)
  to   space 21824K,   0% used [0x00000000e5560000, 0x00000000e5560000, 0x00000000e6ab0000)
 concurrent mark-sweep generation total 393216K, used 192246K [0x00000000e8000000, 0x0000000100000000, 0x0000000100000000)
 Metaspace       used 47097K, capacity 48847K, committed 49624K, reserved 1093632K
  class space    used 5097K, capacity 5483K, committed 5628K, reserved 1048576K
}
2018-10-23T07:43:49.222+0000: 299.168: Total time for which application threads were stopped: 0.0145220 seconds, Stopping threads took: 0.0012219 seconds
{Heap before GC invocations=485 (full 23):
 par new generation   total 109248K, used 97821K [0x00000000e0000000, 0x00000000e8000000, 0x00000000e8000000)
  eden space 87424K, 100% used [0x00000000e0000000, 0x00000000e5560000, 0x00000000e5560000)
  from space 21824K,  47% used [0x00000000e6ab0000, 0x00000000e74d7440, 0x00000000e8000000)
  to   space 21824K,   0% used [0x00000000e5560000, 0x00000000e5560000, 0x00000000e6ab0000)
 concurrent mark-sweep generation total 393216K, used 192246K [0x00000000e8000000, 0x0000000100000000, 0x0000000100000000)
 Metaspace       used 47097K, capacity 48847K, committed 49624K, reserved 1093632K
  class space    used 5097K, capacity 5483K, committed 5628K, reserved 1048576K
2018-10-23T07:43:49.358+0000: 299.304: [GC (Allocation Failure) 2018-10-23T07:43:49.358+0000: 299.304: [ParNew
Desired survivor size 20112992 bytes, new threshold 8 (max 8)
- age   1:    2336976 bytes,    2336976 total
- age   2:     748072 bytes,    3085048 total
- age   3:     910584 bytes,    3995632 total
- age   4:     670504 bytes,    4666136 total
- age   5:    1715432 bytes,    6381568 total
- age   6:    2470168 bytes,    8851736 total
- age   7:     714840 bytes,    9566576 total
- age   8:     408616 bytes,    9975192 total
: 97821K->16103K(109248K), 0.0272190 secs] 290067K->208794K(502464K), 0.0273300 secs] [Times: user=0.04 sys=0.00, real=0.02 secs] 
Heap after GC invocations=486 (full 23):
 par new generation   total 109248K, used 16103K [0x00000000e0000000, 0x00000000e8000000, 0x00000000e8000000)
  eden space 87424K,   0% used [0x00000000e0000000, 0x00000000e0000000, 0x00000000e5560000)
  from space 21824K,  73% used [0x00000000e5560000, 0x00000000e6519c00, 0x00000000e6ab0000)
  to   space 21824K,   0% used [0x00000000e6ab0000, 0x00000000e6ab0000, 0x00000000e8000000)
 concurrent mark-sweep generation total 393216K, used 192691K [0x00000000e8000000, 0x0000000100000000, 0x0000000100000000)
 Metaspace       used 47097K, capacity 48847K, committed 49624K, reserved 1093632K
  class space    used 5097K, capacity 5483K, committed 5628K, reserved 1048576K
}
2018-10-23T07:43:49.386+0000: 299.331: Total time for which application threads were stopped: 0.0279357 seconds, Stopping threads took: 0.0001275 seconds
{Heap before GC invocations=486 (full 23):
 par new generation   total 109248K, used 103527K [0x00000000e0000000, 0x00000000e8000000, 0x00000000e8000000)
  eden space 87424K, 100% used [0x00000000e0000000, 0x00000000e5560000, 0x00000000e5560000)
  from space 21824K,  73% used [0x00000000e5560000, 0x00000000e6519c00, 0x00000000e6ab0000)
  to   space 21824K,   0% used [0x00000000e6ab0000, 0x00000000e6ab0000, 0x00000000e8000000)
 concurrent mark-sweep generation total 393216K, used 192691K [0x00000000e8000000, 0x0000000100000000, 0x0000000100000000)
 Metaspace       used 47097K, capacity 48847K, committed 49624K, reserved 1093632K
  class space    used 5097K, capacity 5483K, committed 5628K, reserved 1048576K
2018-10-23T07:43:49.498+0000: 299.444: [GC (Allocation Failure) 2018-10-23T07:43:49.498+0000: 299.444: [ParNew
Desired survivor size 20112992 bytes, new threshold 8 (max 8)
- age   1:    2677632 bytes,    2677632 total
- age   2:    1435248 bytes,    4112880 total
- age   3:     594296 bytes,    4707176 total
- age   4:     866560 bytes,    5573736 total
- age   5:     626416 bytes,    6200152 total
- age   6:    1663552 bytes,    7863704 total
- age   7:    2469880 bytes,   10333584 total
- age   8:     714840 bytes,   11048424 total
: 103527K->14455K(109248K), 0.0305105 secs] 296218K->207545K(502464K), 0.0306224 secs] [Times: user=0.03 sys=0.00, real=0.02 secs] 
Heap after GC invocations=487 (full 23):
 par new generation   total 109248K, used 14455K [0x00000000e0000000, 0x00000000e8000000, 0x00000000e8000000)
  eden space 87424K,   0% used [0x00000000e0000000, 0x00000000e0000000, 0x00000000e5560000)
  from space 21824K,  66% used [0x00000000e6ab0000, 0x00000000e78cdc58, 0x00000000e8000000)
  to   space 21824K,   0% used [0x00000000e5560000, 0x00000000e5560000, 0x00000000e6ab0000)
 concurrent mark-sweep generation total 393216K, used 193090K [0x00000000e8000000, 0x0000000100000000, 0x0000000100000000)
 Metaspace       used 47097K, capacity 48847K, committed 49624K, reserved 1093632K
  class space    used 5097K, capacity 5483K, committed 5628K, reserved 1048576K
}
2018-10-23T07:43:49.529+0000: 299.474: Total time for which application threads were stopped: 0.0312282 seconds, Stopping threads took: 0.0001036 seconds
{Heap before GC invocations=487 (full 23):
 par new generation   total 109248K, used 101879K [0x00000000e0000000, 0x00000000e8000000, 0x00000000e8000000)
  eden space 87424K, 100% used [0x00000000e0000000, 0x00000000e5560000, 0x00000000e5560000)
  from space 21824K,  66% used [0x00000000e6ab0000, 0x00000000e78cdc58, 0x00000000e8000000)
  to   space 21824K,   0% used [0x00000000e5560000, 0x00000000e5560000, 0x00000000e6ab0000)
 concurrent mark-sweep generation total 393216K, used 193090K [0x00000000e8000000, 0x0000000100000000, 0x0000000100000000)
 Metaspace       used 47097K, capacity 48847K, committed 49624K, reserved 1093632K
  class space    used 5097K, capacity 5483K, committed 5628K, reserved 1048576K
2018-10-23T07:43:49.648+0000: 299.594: [GC (Allocation Failure) 2018-10-23T07:43:49.648+0000: 299.594: [ParNew
Desired survivor size 20112992 bytes, new threshold 8 (max 8)
- age   1:    2948104 bytes,    2948104 total
- age   2:    1471432 bytes,    4419536 total
- age   3:    1335560 bytes,    5755096 total
- age   4:     583576 bytes,    6338672 total
- age   5:     825344 bytes,    7164016 total
- age   6:     617672 bytes,    7781688 total
- age   7:    1629768 bytes,    9411456 total
- age   8:    2469552 bytes,   11881008 total
: 101879K->14117K(109248K), 0.0679439 secs] 294969K->207906K(502464K), 0.0680800 secs] [Times: user=0.06 sys=0.00, real=0.07 secs] 
Heap after GC invocations=488 (full 23):
 par new generation   total 109248K, used 14117K [0x00000000e0000000, 0x00000000e8000000, 0x00000000e8000000)
  eden space 87424K,   0% used [0x00000000e0000000, 0x00000000e0000000, 0x00000000e5560000)
  from space 21824K,  64% used [0x00000000e5560000, 0x00000000e6329690, 0x00000000e6ab0000)
  to   space 21824K,   0% used [0x00000000e6ab0000, 0x00000000e6ab0000, 0x00000000e8000000)
 concurrent mark-sweep generation total 393216K, used 193788K [0x00000000e8000000, 0x0000000100000000, 0x0000000100000000)
 Metaspace       used 47097K, capacity 48847K, committed 49624K, reserved 1093632K
  class space    used 5097K, capacity 5483K, committed 5628K, reserved 1048576K
}
2018-10-23T07:43:49.716+0000: 299.662: Total time for which application threads were stopped: 0.0686925 seconds, Stopping threads took: 0.0001040 seconds
{Heap before GC invocations=488 (full 23):
 par new generation   total 109248K, used 101541K [0x00000000e0000000, 0x00000000e8000000, 0x00000000e8000000)
  eden space 87424K, 100% used [0x00000000e0000000, 0x00000000e5560000, 0x00000000e5560000)
  from space 21824K,  64% used [0x00000000e5560000, 0x00000000e6329690, 0x00000000e6ab0000)
  to   space 21824K,   0% used [0x00000000e6ab0000, 0x00000000e6ab0000, 0x00000000e8000000)
 concurrent mark-sweep generation total 393216K, used 193788K [0x00000000e8000000, 0x0000000100000000, 0x0000000100000000)
 Metaspace       used 47102K, capacity 48911K, committed 49624K, reserved 1093632K
  class space    used 5097K, capacity 5483K, committed 5628K, reserved 1048576K
2018-10-23T07:43:49.812+0000: 299.758: [GC (Allocation Failure) 2018-10-23T07:43:49.812+0000: 299.758: [ParNew
Desired survivor size 20112992 bytes, new threshold 8 (max 8)
- age   1:    3814912 bytes,    3814912 total
- age   2:    1424880 bytes,    5239792 total
- age   3:     803296 bytes,    6043088 total
- age   4:     664424 bytes,    6707512 total
- age   5:     315248 bytes,    7022760 total
- age   6:     399768 bytes,    7422528 total
- age   7:     252096 bytes,    7674624 total
- age   8:     955432 bytes,    8630056 total
: 101541K->12481K(109248K), 0.0594240 secs] 295330K->207318K(502464K), 0.0595381 secs] [Times: user=0.04 sys=0.00, real=0.06 secs] 
Heap after GC invocations=489 (full 23):
 par new generation   total 109248K, used 12481K [0x00000000e0000000, 0x00000000e8000000, 0x00000000e8000000)
  eden space 87424K,   0% used [0x00000000e0000000, 0x00000000e0000000, 0x00000000e5560000)
  from space 21824K,  57% used [0x00000000e6ab0000, 0x00000000e76e06b8, 0x00000000e8000000)
  to   space 21824K,   0% used [0x00000000e5560000, 0x00000000e5560000, 0x00000000e6ab0000)
 concurrent mark-sweep generation total 393216K, used 194836K [0x00000000e8000000, 0x0000000100000000, 0x0000000100000000)
 Metaspace       used 47102K, capacity 48911K, committed 49624K, reserved 1093632K
  class space    used 5097K, capacity 5483K, committed 5628K, reserved 1048576K
}
2018-10-23T07:43:49.872+0000: 299.818: Total time for which application threads were stopped: 0.0600744 seconds, Stopping threads took: 0.0000565 seconds
{Heap before GC invocations=489 (full 23):
 par new generation   total 109248K, used 99905K [0x00000000e0000000, 0x00000000e8000000, 0x00000000e8000000)
  eden space 87424K, 100% used [0x00000000e0000000, 0x00000000e5560000, 0x00000000e5560000)
  from space 21824K,  57% used [0x00000000e6ab0000, 0x00000000e76e06b8, 0x00000000e8000000)
  to   space 21824K,   0% used [0x00000000e5560000, 0x00000000e5560000, 0x00000000e6ab0000)
 concurrent mark-sweep generation total 393216K, used 194836K [0x00000000e8000000, 0x0000000100000000, 0x0000000100000000)
 Metaspace       used 47113K, capacity 48911K, committed 49624K, reserved 1093632K
  class space    used 5097K, capacity 5483K, committed 5628K, reserved 1048576K
2018-10-23T07:43:49.970+0000: 299.916: [GC (Allocation Failure) 2018-10-23T07:43:49.970+0000: 299.916: [ParNew
Desired survivor size 20112992 bytes, new threshold 8 (max 8)
- age   1:    2114792 bytes,    2114792 total
- age   2:    3014336 bytes,    5129128 total
- age   3:    1227864 bytes,    6356992 total
- age   4:     607696 bytes,    6964688 total
- age   5:     498512 bytes,    7463200 total
- age   6:     235328 bytes,    7698528 total
- age   7:     302328 bytes,    8000856 total
- age   8:     189336 bytes,    8190192 total
: 99905K->9899K(109248K), 0.0256972 secs] 294742K->205596K(502464K), 0.0258173 secs] [Times: user=0.03 sys=0.00, real=0.02 secs] 
Heap after GC invocations=490 (full 23):
 par new generation   total 109248K, used 9899K [0x00000000e0000000, 0x00000000e8000000, 0x00000000e8000000)
  eden space 87424K,   0% used [0x00000000e0000000, 0x00000000e0000000, 0x00000000e5560000)
  from space 21824K,  45% used [0x00000000e5560000, 0x00000000e5f0ad40, 0x00000000e6ab0000)
  to   space 21824K,   0% used [0x00000000e6ab0000, 0x00000000e6ab0000, 0x00000000e8000000)
 concurrent mark-sweep generation total 393216K, used 195696K [0x00000000e8000000, 0x0000000100000000, 0x0000000100000000)
 Metaspace       used 47113K, capacity 48911K, committed 49624K, reserved 1093632K
  class space    used 5097K, capacity 5483K, committed 5628K, reserved 1048576K
}
2018-10-23T07:43:49.996+0000: 299.942: Total time for which application threads were stopped: 0.0263742 seconds, Stopping threads took: 0.0000644 seconds
{Heap before GC invocations=490 (full 23):
 par new generation   total 109248K, used 97323K [0x00000000e0000000, 0x00000000e8000000, 0x00000000e8000000)
  eden space 87424K, 100% used [0x00000000e0000000, 0x00000000e5560000, 0x00000000e5560000)
  from space 21824K,  45% used [0x00000000e5560000, 0x00000000e5f0ad40, 0x00000000e6ab0000)
  to   space 21824K,   0% used [0x00000000e6ab0000, 0x00000000e6ab0000, 0x00000000e8000000)
 concurrent mark-sweep generation total 393216K, used 195696K [0x00000000e8000000, 0x0000000100000000, 0x0000000100000000)
 Metaspace       used 47113K, capacity 48911K, committed 49624K, reserved 1093632K
  class space    used 5097K, capacity 5483K, committed 5628K, reserved 1048576K
2018-10-23T07:43:50.095+0000: 300.041: [GC (Allocation Failure) 2018-10-23T07:43:50.095+0000: 300.041: [ParNew
Desired survivor size 20112992 bytes, new threshold 8 (max 8)
- age   1:    2624728 bytes,    2624728 total
- age   2:    1552688 bytes,    4177416 total
- age   3:    2986624 bytes,    7164040 total
- age   4:    1227864 bytes,    8391904 total
- age   5:     607696 bytes,    8999600 total
- age   6:     498512 bytes,    9498112 total
- age   7:     235328 bytes,    9733440 total
- age   8:     302328 bytes,   10035768 total
: 97323K->11119K(109248K), 0.0246811 secs] 293020K->207000K(502464K), 0.0247811 secs] [Times: user=0.03 sys=0.00, real=0.03 secs] 
Heap after GC invocations=491 (full 23):
 par new generation   total 109248K, used 11119K [0x00000000e0000000, 0x00000000e8000000, 0x00000000e8000000)
  eden space 87424K,   0% used [0x00000000e0000000, 0x00000000e0000000, 0x00000000e5560000)
  from space 21824K,  50% used [0x00000000e6ab0000, 0x00000000e758bd40, 0x00000000e8000000)
  to   space 21824K,   0% used [0x00000000e5560000, 0x00000000e5560000, 0x00000000e6ab0000)
 concurrent mark-sweep generation total 393216K, used 195881K [0x00000000e8000000, 0x0000000100000000, 0x0000000100000000)
 Metaspace       used 47113K, capacity 48911K, committed 49624K, reserved 1093632K
  class space    used 5097K, capacity 5483K, committed 5628K, reserved 1048576K
}
2018-10-23T07:43:50.120+0000: 300.066: Total time for which application threads were stopped: 0.0262828 seconds, Stopping threads took: 0.0010150 seconds
{Heap before GC invocations=491 (full 23):
 par new generation   total 109248K, used 98543K [0x00000000e0000000, 0x00000000e8000000, 0x00000000e8000000)
  eden space 87424K, 100% used [0x00000000e0000000, 0x00000000e5560000, 0x00000000e5560000)
  from space 21824K,  50% used [0x00000000e6ab0000, 0x00000000e758bd40, 0x00000000e8000000)
  to   space 21824K,   0% used [0x00000000e5560000, 0x00000000e5560000, 0x00000000e6ab0000)
 concurrent mark-sweep generation total 393216K, used 195881K [0x00000000e8000000, 0x0000000100000000, 0x0000000100000000)
 Metaspace       used 47113K, capacity 48911K, committed 49624K, reserved 1093632K
  class space    used 5097K, capacity 5483K, committed 5628K, reserved 1048576K
2018-10-23T07:43:50.226+0000: 300.172: [GC (Allocation Failure) 2018-10-23T07:43:50.226+0000: 300.172: [ParNew
Desired survivor size 20112992 bytes, new threshold 8 (max 8)
- age   1:    2677728 bytes,    2677728 total
- age   2:    1552784 bytes,    4230512 total
- age   3:    1443912 bytes,    5674424 total
- age   4:    2985984 bytes,    8660408 total
- age   5:    1227864 bytes,    9888272 total
- age   6:     607696 bytes,   10495968 total
- age   7:     498512 bytes,   10994480 total
- age   8:     235328 bytes,   11229808 total
: 98543K->16106K(109248K), 0.0275263 secs] 294424K->212283K(502464K), 0.0276307 secs] [Times: user=0.03 sys=0.00, real=0.03 secs] 
Heap after GC invocations=492 (full 23):
 par new generation   total 109248K, used 16106K [0x00000000e0000000, 0x00000000e8000000, 0x00000000e8000000)
  eden space 87424K,   0% used [0x00000000e0000000, 0x00000000e0000000, 0x00000000e5560000)
  from space 21824K,  73% used [0x00000000e5560000, 0x00000000e651a998, 0x00000000e6ab0000)
  to   space 21824K,   0% used [0x00000000e6ab0000, 0x00000000e6ab0000, 0x00000000e8000000)
 concurrent mark-sweep generation total 393216K, used 196177K [0x00000000e8000000, 0x0000000100000000, 0x0000000100000000)
 Metaspace       used 47113K, capacity 48911K, committed 49624K, reserved 1093632K
  class space    used 5097K, capacity 5483K, committed 5628K, reserved 1048576K
}
2018-10-23T07:43:50.254+0000: 300.200: Total time for which application threads were stopped: 0.0284296 seconds, Stopping threads took: 0.0003174 seconds
{Heap before GC invocations=492 (full 23):
 par new generation   total 109248K, used 103530K [0x00000000e0000000, 0x00000000e8000000, 0x00000000e8000000)
  eden space 87424K, 100% used [0x00000000e0000000, 0x00000000e5560000, 0x00000000e5560000)
  from space 21824K,  73% used [0x00000000e5560000, 0x00000000e651a998, 0x00000000e6ab0000)
  to   space 21824K,   0% used [0x00000000e6ab0000, 0x00000000e6ab0000, 0x00000000e8000000)
 concurrent mark-sweep generation total 393216K, used 196177K [0x00000000e8000000, 0x0000000100000000, 0x0000000100000000)
 Metaspace       used 47113K, capacity 48911K, committed 49624K, reserved 1093632K
  class space    used 5097K, capacity 5483K, committed 5628K, reserved 1048576K
2018-10-23T07:43:50.368+0000: 300.314: [GC (Allocation Failure) 2018-10-23T07:43:50.368+0000: 300.314: [ParNew
Desired survivor size 20112992 bytes, new threshold 8 (max 8)
- age   1:    2769928 bytes,    2769928 total
- age   2:    1556496 bytes,    4326424 total
- age   3:    1365328 bytes,    5691752 total
- age   4:    1409048 bytes,    7100800 total
- age   5:    2985840 bytes,   10086640 total
- age   6:    1227864 bytes,   11314504 total
- age   7:     607696 bytes,   11922200 total
- age   8:     498512 bytes,   12420712 total
: 103530K->17636K(109248K), 0.0189476 secs] 299707K->214043K(502464K), 0.0190857 secs] [Times: user=0.03 sys=0.00, real=0.02 secs] 
Heap after GC invocations=493 (full 23):
 par new generation   total 109248K, used 17636K [0x00000000e0000000, 0x00000000e8000000, 0x00000000e8000000)
  eden space 87424K,   0% used [0x00000000e0000000, 0x00000000e0000000, 0x00000000e5560000)
  from space 21824K,  80% used [0x00000000e6ab0000, 0x00000000e7be9320, 0x00000000e8000000)
  to   space 21824K,   0% used [0x00000000e5560000, 0x00000000e5560000, 0x00000000e6ab0000)
 concurrent mark-sweep generation total 393216K, used 196406K [0x00000000e8000000, 0x0000000100000000, 0x0000000100000000)
 Metaspace       used 47113K, capacity 48911K, committed 49624K, reserved 1093632K
  class space    used 5097K, capacity 5483K, committed 5628K, reserved 1048576K
}
2018-10-23T07:43:50.388+0000: 300.333: Total time for which application threads were stopped: 0.0258240 seconds, Stopping threads took: 0.0062395 seconds
{Heap before GC invocations=493 (full 23):
 par new generation   total 109248K, used 105060K [0x00000000e0000000, 0x00000000e8000000, 0x00000000e8000000)
  eden space 87424K, 100% used [0x00000000e0000000, 0x00000000e5560000, 0x00000000e5560000)
  from space 21824K,  80% used [0x00000000e6ab0000, 0x00000000e7be9320, 0x00000000e8000000)
  to   space 21824K,   0% used [0x00000000e5560000, 0x00000000e5560000, 0x00000000e6ab0000)
 concurrent mark-sweep generation total 393216K, used 196406K [0x00000000e8000000, 0x0000000100000000, 0x0000000100000000)
 Metaspace       used 47113K, capacity 48911K, committed 49624K, reserved 1093632K
  class space    used 5097K, capacity 5483K, committed 5628K, reserved 1048576K
2018-10-23T07:43:50.534+0000: 300.479: [GC (Allocation Failure) 2018-10-23T07:43:50.534+0000: 300.480: [ParNew
Desired survivor size 20112992 bytes, new threshold 8 (max 8)
- age   1:    3372312 bytes,    3372312 total
- age   2:    1635936 bytes,    5008248 total
- age   3:    1229704 bytes,    6237952 total
- age   4:    1277656 bytes,    7515608 total
- age   5:    1408752 bytes,    8924360 total
- age   6:    2985296 bytes,   11909656 total
- age   7:    1227832 bytes,   13137488 total
- age   8:     607696 bytes,   13745184 total
: 105060K->15379K(109248K), 0.0289834 secs] 301467K->212273K(502464K), 0.0291011 secs] [Times: user=0.06 sys=0.00, real=0.03 secs] 
Heap after GC invocations=494 (full 23):
 par new generation   total 109248K, used 15379K [0x00000000e0000000, 0x00000000e8000000, 0x00000000e8000000)
  eden space 87424K,   0% used [0x00000000e0000000, 0x00000000e0000000, 0x00000000e5560000)
  from space 21824K,  70% used [0x00000000e5560000, 0x00000000e6464f60, 0x00000000e6ab0000)
  to   space 21824K,   0% used [0x00000000e6ab0000, 0x00000000e6ab0000, 0x00000000e8000000)
 concurrent mark-sweep generation total 393216K, used 196893K [0x00000000e8000000, 0x0000000100000000, 0x0000000100000000)
 Metaspace       used 47113K, capacity 48911K, committed 49624K, reserved 1093632K
  class space    used 5097K, capacity 5483K, committed 5628K, reserved 1048576K
}
2018-10-23T07:43:50.563+0000: 300.509: Total time for which application threads were stopped: 0.0365742 seconds, Stopping threads took: 0.0069590 seconds
2018-10-23T07:43:50.574+0000: 300.520: [GC (CMS Initial Mark) [1 CMS-initial-mark: 196893K(393216K)] 218521K(502464K), 0.0060448 secs] [Times: user=0.02 sys=0.00, real=0.01 secs] 
2018-10-23T07:43:50.580+0000: 300.526: Total time for which application threads were stopped: 0.0106309 seconds, Stopping threads took: 0.0042105 seconds
2018-10-23T07:43:50.580+0000: 300.526: [CMS-concurrent-mark-start]
2018-10-23T07:43:50.774+0000: 300.720: [CMS-concurrent-mark: 0.193/0.193 secs] [Times: user=0.44 sys=0.00, real=0.19 secs] 
2018-10-23T07:43:50.774+0000: 300.720: [CMS-concurrent-preclean-start]
2018-10-23T07:43:50.776+0000: 300.721: [CMS-concurrent-preclean: 0.002/0.002 secs] [Times: user=0.01 sys=0.00, real=0.00 secs] 
2018-10-23T07:43:50.776+0000: 300.721: [CMS-concurrent-abortable-preclean-start]
{Heap before GC invocations=494 (full 24):
 par new generation   total 109248K, used 102803K [0x00000000e0000000, 0x00000000e8000000, 0x00000000e8000000)
  eden space 87424K, 100% used [0x00000000e0000000, 0x00000000e5560000, 0x00000000e5560000)
  from space 21824K,  70% used [0x00000000e5560000, 0x00000000e6464f60, 0x00000000e6ab0000)
  to   space 21824K,   0% used [0x00000000e6ab0000, 0x00000000e6ab0000, 0x00000000e8000000)
 concurrent mark-sweep generation total 393216K, used 196893K [0x00000000e8000000, 0x0000000100000000, 0x0000000100000000)
 Metaspace       used 47122K, capacity 48911K, committed 49624K, reserved 1093632K
  class space    used 5097K, capacity 5483K, committed 5628K, reserved 1048576K
2018-10-23T07:43:50.826+0000: 300.772: [GC (Allocation Failure) 2018-10-23T07:43:50.826+0000: 300.772: [ParNew
Desired survivor size 20112992 bytes, new threshold 8 (max 8)
- age   1:    3750488 bytes,    3750488 total
- age   2:    2174040 bytes,    5924528 total
- age   3:    1354864 bytes,    7279392 total
- age   4:    1058456 bytes,    8337848 total
- age   5:    1144824 bytes,    9482672 total
- age   6:    1271144 bytes,   10753816 total
- age   7:    2423872 bytes,   13177688 total
- age   8:    1227760 bytes,   14405448 total
: 102803K->20309K(109248K), 0.0423643 secs] 299697K->217797K(502464K), 0.0424647 secs] [Times: user=0.04 sys=0.00, real=0.04 secs] 
Heap after GC invocations=495 (full 24):
 par new generation   total 109248K, used 20309K [0x00000000e0000000, 0x00000000e8000000, 0x00000000e8000000)
  eden space 87424K,   0% used [0x00000000e0000000, 0x00000000e0000000, 0x00000000e5560000)
  from space 21824K,  93% used [0x00000000e6ab0000, 0x00000000e7e854f8, 0x00000000e8000000)
  to   space 21824K,   0% used [0x00000000e5560000, 0x00000000e5560000, 0x00000000e6ab0000)
 concurrent mark-sweep generation total 393216K, used 197487K [0x00000000e8000000, 0x0000000100000000, 0x0000000100000000)
 Metaspace       used 47122K, capacity 48911K, committed 49624K, reserved 1093632K
  class space    used 5097K, capacity 5483K, committed 5628K, reserved 1048576K
}
2018-10-23T07:43:50.869+0000: 300.814: Total time for which application threads were stopped: 0.0430461 seconds, Stopping threads took: 0.0001301 seconds
{Heap before GC invocations=495 (full 24):
 par new generation   total 109248K, used 107733K [0x00000000e0000000, 0x00000000e8000000, 0x00000000e8000000)
  eden space 87424K, 100% used [0x00000000e0000000, 0x00000000e5560000, 0x00000000e5560000)
  from space 21824K,  93% used [0x00000000e6ab0000, 0x00000000e7e854f8, 0x00000000e8000000)
  to   space 21824K,   0% used [0x00000000e5560000, 0x00000000e5560000, 0x00000000e6ab0000)
 concurrent mark-sweep generation total 393216K, used 197487K [0x00000000e8000000, 0x0000000100000000, 0x0000000100000000)
 Metaspace       used 47125K, capacity 48911K, committed 49624K, reserved 1093632K
  class space    used 5097K, capacity 5483K, committed 5628K, reserved 1048576K
2018-10-23T07:43:50.950+0000: 300.895: [GC (Allocation Failure) 2018-10-23T07:43:50.950+0000: 300.895: [ParNew
Desired survivor size 20112992 bytes, new threshold 8 (max 8)
- age   1:    2872576 bytes,    2872576 total
- age   2:    2260336 bytes,    5132912 total
- age   3:     410376 bytes,    5543288 total
- age   4:     291376 bytes,    5834664 total
- age   5:     321160 bytes,    6155824 total
- age   6:     328504 bytes,    6484328 total
- age   7:     496400 bytes,    6980728 total
- age   8:    1464928 bytes,    8445656 total
: 107733K->12265K(109248K), 0.0206181 secs] 305221K->210952K(502464K), 0.0207259 secs] [Times: user=0.03 sys=0.00, real=0.03 secs] 
Heap after GC invocations=496 (full 24):
 par new generation   total 109248K, used 12265K [0x00000000e0000000, 0x00000000e8000000, 0x00000000e8000000)
  eden space 87424K,   0% used [0x00000000e0000000, 0x00000000e0000000, 0x00000000e5560000)
  from space 21824K,  56% used [0x00000000e5560000, 0x00000000e615a480, 0x00000000e6ab0000)
  to   space 21824K,   0% used [0x00000000e6ab0000, 0x00000000e6ab0000, 0x00000000e8000000)
 concurrent mark-sweep generation total 393216K, used 198686K [0x00000000e8000000, 0x0000000100000000, 0x0000000100000000)
 Metaspace       used 47125K, capacity 48911K, committed 49624K, reserved 1093632K
  class space    used 5097K, capacity 5483K, committed 5628K, reserved 1048576K
}
2018-10-23T07:43:50.970+0000: 300.916: Total time for which application threads were stopped: 0.0299470 seconds, Stopping threads took: 0.0087724 seconds
2018-10-23T07:43:50.977+0000: 300.923: [CMS-concurrent-abortable-preclean: 0.108/0.201 secs] [Times: user=0.39 sys=0.00, real=0.20 secs] 
2018-10-23T07:43:50.995+0000: 300.941: [GC (CMS Final Remark) [YG occupancy: 27289 K (109248 K)]{Heap before GC invocations=496 (full 24):
 par new generation   total 109248K, used 27289K [0x00000000e0000000, 0x00000000e8000000, 0x00000000e8000000)
  eden space 87424K,  17% used [0x00000000e0000000, 0x00000000e0eac068, 0x00000000e5560000)
  from space 21824K,  56% used [0x00000000e5560000, 0x00000000e615a480, 0x00000000e6ab0000)
  to   space 21824K,   0% used [0x00000000e6ab0000, 0x00000000e6ab0000, 0x00000000e8000000)
 concurrent mark-sweep generation total 393216K, used 198686K [0x00000000e8000000, 0x0000000100000000, 0x0000000100000000)
 Metaspace       used 47125K, capacity 48911K, committed 49624K, reserved 1093632K
  class space    used 5097K, capacity 5483K, committed 5628K, reserved 1048576K
2018-10-23T07:43:50.995+0000: 300.941: [GC (CMS Final Remark) 2018-10-23T07:43:50.995+0000: 300.941: [ParNew
Desired survivor size 20112992 bytes, new threshold 8 (max 8)
- age   1:     954184 bytes,     954184 total
- age   2:    1874592 bytes,    2828776 total
- age   3:    2170696 bytes,    4999472 total
- age   4:     164624 bytes,    5164096 total
- age   5:     140960 bytes,    5305056 total
- age   6:     176800 bytes,    5481856 total
- age   7:     162240 bytes,    5644096 total
- age   8:     349768 bytes,    5993864 total
: 27289K->6421K(109248K), 0.0190764 secs] 225976K->206429K(502464K), 0.0191439 secs] [Times: user=0.03 sys=0.00, real=0.02 secs] 
Heap after GC invocations=497 (full 24):
 par new generation   total 109248K, used 6421K [0x00000000e0000000, 0x00000000e8000000, 0x00000000e8000000)
  eden space 87424K,   0% used [0x00000000e0000000, 0x00000000e0000000, 0x00000000e5560000)
  from space 21824K,  29% used [0x00000000e6ab0000, 0x00000000e70f5578, 0x00000000e8000000)
  to   space 21824K,   0% used [0x00000000e5560000, 0x00000000e5560000, 0x00000000e6ab0000)
 concurrent mark-sweep generation total 393216K, used 200007K [0x00000000e8000000, 0x0000000100000000, 0x0000000100000000)
 Metaspace       used 47125K, capacity 48911K, committed 49624K, reserved 1093632K
  class space    used 5097K, capacity 5483K, committed 5628K, reserved 1048576K
}
2018-10-23T07:43:51.014+0000: 300.960: [Rescan (parallel) , 0.0032592 secs]2018-10-23T07:43:51.018+0000: 300.964: [weak refs processing, 0.0028555 secs]2018-10-23T07:43:51.021+0000: 300.966: [class unloading, 0.0138467 secs]2018-10-23T07:43:51.034+0000: 300.980: [scrub symbol table, 0.0067546 secs]2018-10-23T07:43:51.041+0000: 300.987: [scrub string table, 0.0008657 secs][1 CMS-remark: 200007K(393216K)] 206429K(502464K), 0.0472166 secs] [Times: user=0.06 sys=0.00, real=0.05 secs] 
2018-10-23T07:43:51.042+0000: 300.988: Total time for which application threads were stopped: 0.0477532 seconds, Stopping threads took: 0.0001237 seconds
2018-10-23T07:43:51.043+0000: 300.989: [CMS-concurrent-sweep-start]
{Heap before GC invocations=497 (full 24):
 par new generation   total 109248K, used 93845K [0x00000000e0000000, 0x00000000e8000000, 0x00000000e8000000)
  eden space 87424K, 100% used [0x00000000e0000000, 0x00000000e5560000, 0x00000000e5560000)
  from space 21824K,  29% used [0x00000000e6ab0000, 0x00000000e70f5578, 0x00000000e8000000)
  to   space 21824K,   0% used [0x00000000e5560000, 0x00000000e5560000, 0x00000000e6ab0000)
 concurrent mark-sweep generation total 393216K, used 188697K [0x00000000e8000000, 0x0000000100000000, 0x0000000100000000)
 Metaspace       used 47125K, capacity 48911K, committed 49624K, reserved 1093632K
  class space    used 5097K, capacity 5483K, committed 5628K, reserved 1048576K
2018-10-23T07:43:51.150+0000: 301.096: [GC (Allocation Failure) 2018-10-23T07:43:51.150+0000: 301.096: [ParNew
Desired survivor size 20112992 bytes, new threshold 8 (max 8)
- age   1:    2202408 bytes,    2202408 total
- age   2:     292704 bytes,    2495112 total
- age   3:    1648120 bytes,    4143232 total
- age   4:    2165472 bytes,    6308704 total
- age   5:     164624 bytes,    6473328 total
- age   6:     140960 bytes,    6614288 total
- age   7:     176800 bytes,    6791088 total
- age   8:     162240 bytes,    6953328 total
: 93845K->7092K(109248K), 0.0277882 secs] 282543K->196132K(502464K), 0.0278766 secs] [Times: user=0.03 sys=0.00, real=0.03 secs] 
Heap after GC invocations=498 (full 24):
 par new generation   total 109248K, used 7092K [0x00000000e0000000, 0x00000000e8000000, 0x00000000e8000000)
  eden space 87424K,   0% used [0x00000000e0000000, 0x00000000e0000000, 0x00000000e5560000)
  from space 21824K,  32% used [0x00000000e5560000, 0x00000000e5c4d390, 0x00000000e6ab0000)
  to   space 21824K,   0% used [0x00000000e6ab0000, 0x00000000e6ab0000, 0x00000000e8000000)
 concurrent mark-sweep generation total 393216K, used 189039K [0x00000000e8000000, 0x0000000100000000, 0x0000000100000000)
 Metaspace       used 47125K, capacity 48911K, committed 49624K, reserved 1093632K
  class space    used 5097K, capacity 5483K, committed 5628K, reserved 1048576K
}
2018-10-23T07:43:51.178+0000: 301.124: Total time for which application threads were stopped: 0.0343580 seconds, Stopping threads took: 0.0060435 seconds
2018-10-23T07:43:51.215+0000: 301.161: [CMS-concurrent-sweep: 0.138/0.172 secs] [Times: user=0.36 sys=0.00, real=0.17 secs] 
2018-10-23T07:43:51.215+0000: 301.161: [CMS-concurrent-reset-start]
2018-10-23T07:43:51.216+0000: 301.162: [CMS-concurrent-reset: 0.001/0.001 secs] [Times: user=0.01 sys=0.00, real=0.00 secs] 
{Heap before GC invocations=498 (full 24):
 par new generation   total 109248K, used 94516K [0x00000000e0000000, 0x00000000e8000000, 0x00000000e8000000)
  eden space 87424K, 100% used [0x00000000e0000000, 0x00000000e5560000, 0x00000000e5560000)
  from space 21824K,  32% used [0x00000000e5560000, 0x00000000e5c4d390, 0x00000000e6ab0000)
  to   space 21824K,   0% used [0x00000000e6ab0000, 0x00000000e6ab0000, 0x00000000e8000000)
 concurrent mark-sweep generation total 393216K, used 183915K [0x00000000e8000000, 0x0000000100000000, 0x0000000100000000)
 Metaspace       used 47125K, capacity 48911K, committed 49624K, reserved 1093632K
  class space    used 5097K, capacity 5483K, committed 5628K, reserved 1048576K
2018-10-23T07:43:51.307+0000: 301.253: [GC (Allocation Failure) 2018-10-23T07:43:51.307+0000: 301.253: [ParNew
Desired survivor size 20112992 bytes, new threshold 8 (max 8)
- age   1:    2836192 bytes,    2836192 total
- age   2:    1206640 bytes,    4042832 total
- age   3:     273232 bytes,    4316064 total
- age   4:    1643000 bytes,    5959064 total
- age   5:    2165192 bytes,    8124256 total
- age   6:     164624 bytes,    8288880 total
- age   7:     140960 bytes,    8429840 total
- age   8:     176800 bytes,    8606640 total
: 94516K->11394K(109248K), 0.0217451 secs] 278432K->195469K(502464K), 0.0218521 secs] [Times: user=0.04 sys=0.00, real=0.02 secs] 
Heap after GC invocations=499 (full 24):
 par new generation   total 109248K, used 11394K [0x00000000e0000000, 0x00000000e8000000, 0x00000000e8000000)
  eden space 87424K,   0% used [0x00000000e0000000, 0x00000000e0000000, 0x00000000e5560000)
  from space 21824K,  52% used [0x00000000e6ab0000, 0x00000000e75d0b68, 0x00000000e8000000)
  to   space 21824K,   0% used [0x00000000e5560000, 0x00000000e5560000, 0x00000000e6ab0000)
 concurrent mark-sweep generation total 393216K, used 184074K [0x00000000e8000000, 0x0000000100000000, 0x0000000100000000)
 Metaspace       used 47125K, capacity 48911K, committed 49624K, reserved 1093632K
  class space    used 5097K, capacity 5483K, committed 5628K, reserved 1048576K
}
2018-10-23T07:43:51.329+0000: 301.275: Total time for which application threads were stopped: 0.0225891 seconds, Stopping threads took: 0.0002722 seconds
2018-10-23T07:43:51.338+0000: 301.284: Total time for which application threads were stopped: 0.0063926 seconds, Stopping threads took: 0.0060555 seconds
2018-10-23T07:43:51.342+0000: 301.288: Total time for which application threads were stopped: 0.0003314 seconds, Stopping threads took: 0.0000933 seconds
2018-10-23T07:43:51.346+0000: 301.292: Total time for which application threads were stopped: 0.0020159 seconds, Stopping threads took: 0.0018570 seconds
2018-10-23T07:43:51.361+0000: 301.306: Total time for which application threads were stopped: 0.0070187 seconds, Stopping threads took: 0.0068242 seconds
{Heap before GC invocations=499 (full 24):
 par new generation   total 109248K, used 98818K [0x00000000e0000000, 0x00000000e8000000, 0x00000000e8000000)
  eden space 87424K, 100% used [0x00000000e0000000, 0x00000000e5560000, 0x00000000e5560000)
  from space 21824K,  52% used [0x00000000e6ab0000, 0x00000000e75d0b68, 0x00000000e8000000)
  to   space 21824K,   0% used [0x00000000e5560000, 0x00000000e5560000, 0x00000000e6ab0000)
 concurrent mark-sweep generation total 393216K, used 184074K [0x00000000e8000000, 0x0000000100000000, 0x0000000100000000)
 Metaspace       used 47125K, capacity 48911K, committed 49624K, reserved 1093632K
  class space    used 5097K, capacity 5483K, committed 5628K, reserved 1048576K
2018-10-23T07:43:51.473+0000: 301.418: [GC (Allocation Failure) 2018-10-23T07:43:51.473+0000: 301.418: [ParNew
Desired survivor size 20112992 bytes, new threshold 8 (max 8)
- age   1:    3252096 bytes,    3252096 total
- age   2:    1322776 bytes,    4574872 total
- age   3:    1075768 bytes,    5650640 total
- age   4:     265008 bytes,    5915648 total
- age   5:    1641512 bytes,    7557160 total
- age   6:    2162456 bytes,    9719616 total
- age   7:     164624 bytes,    9884240 total
- age   8:     140960 bytes,   10025200 total
: 98818K->10754K(109248K), 0.0203145 secs] 282893K->195001K(502464K), 0.0204256 secs] [Times: user=0.04 sys=0.00, real=0.02 secs] 
Heap after GC invocations=500 (full 24):
 par new generation   total 109248K, used 10754K [0x00000000e0000000, 0x00000000e8000000, 0x00000000e8000000)
  eden space 87424K,   0% used [0x00000000e0000000, 0x00000000e0000000, 0x00000000e5560000)
  from space 21824K,  49% used [0x00000000e5560000, 0x00000000e5fe0930, 0x00000000e6ab0000)
  to   space 21824K,   0% used [0x00000000e6ab0000, 0x00000000e6ab0000, 0x00000000e8000000)
 concurrent mark-sweep generation total 393216K, used 184247K [0x00000000e8000000, 0x0000000100000000, 0x0000000100000000)
 Metaspace       used 47125K, capacity 48911K, committed 49624K, reserved 1093632K
  class space    used 5097K, capacity 5483K, committed 5628K, reserved 1048576K
}
2018-10-23T07:43:51.493+0000: 301.439: Total time for which application threads were stopped: 0.0269719 seconds, Stopping threads took: 0.0060762 seconds
{Heap before GC invocations=500 (full 24):
 par new generation   total 109248K, used 98178K [0x00000000e0000000, 0x00000000e8000000, 0x00000000e8000000)
  eden space 87424K, 100% used [0x00000000e0000000, 0x00000000e5560000, 0x00000000e5560000)
  from space 21824K,  49% used [0x00000000e5560000, 0x00000000e5fe0930, 0x00000000e6ab0000)
  to   space 21824K,   0% used [0x00000000e6ab0000, 0x00000000e6ab0000, 0x00000000e8000000)
 concurrent mark-sweep generation total 393216K, used 184247K [0x00000000e8000000, 0x0000000100000000, 0x0000000100000000)
 Metaspace       used 47125K, capacity 48911K, committed 49624K, reserved 1093632K
  class space    used 5097K, capacity 5483K, committed 5628K, reserved 1048576K
2018-10-23T07:43:51.606+0000: 301.552: [GC (Allocation Failure) 2018-10-23T07:43:51.607+0000: 301.552: [ParNew
Desired survivor size 20112992 bytes, new threshold 8 (max 8)
- age   1:    3268952 bytes,    3268952 total
- age   2:    1798640 bytes,    5067592 total
- age   3:    1315448 bytes,    6383040 total
- age   4:     998224 bytes,    7381264 total
- age   5:     265104 bytes,    7646368 total
- age   6:    1639952 bytes,    9286320 total
- age   7:    2195688 bytes,   11482008 total
- age   8:     164624 bytes,   11646632 total
: 98178K->14940K(109248K), 0.0254776 secs] 282425K->199325K(502464K), 0.0255880 secs] [Times: user=0.04 sys=0.00, real=0.03 secs] 
Heap after GC invocations=501 (full 24):
 par new generation   total 109248K, used 14940K [0x00000000e0000000, 0x00000000e8000000, 0x00000000e8000000)
  eden space 87424K,   0% used [0x00000000e0000000, 0x00000000e0000000, 0x00000000e5560000)
  from space 21824K,  68% used [0x00000000e6ab0000, 0x00000000e7947328, 0x00000000e8000000)
  to   space 21824K,   0% used [0x00000000e5560000, 0x00000000e5560000, 0x00000000e6ab0000)
 concurrent mark-sweep generation total 393216K, used 184384K [0x00000000e8000000, 0x0000000100000000, 0x0000000100000000)
 Metaspace       used 47125K, capacity 48911K, committed 49624K, reserved 1093632K
  class space    used 5097K, capacity 5483K, committed 5628K, reserved 1048576K
}
2018-10-23T07:43:51.632+0000: 301.578: Total time for which application threads were stopped: 0.0328495 seconds, Stopping threads took: 0.0067995 seconds
{Heap before GC invocations=501 (full 24):
 par new generation   total 109248K, used 102364K [0x00000000e0000000, 0x00000000e8000000, 0x00000000e8000000)
  eden space 87424K, 100% used [0x00000000e0000000, 0x00000000e5560000, 0x00000000e5560000)
  from space 21824K,  68% used [0x00000000e6ab0000, 0x00000000e7947328, 0x00000000e8000000)
  to   space 21824K,   0% used [0x00000000e5560000, 0x00000000e5560000, 0x00000000e6ab0000)
 concurrent mark-sweep generation total 393216K, used 184384K [0x00000000e8000000, 0x0000000100000000, 0x0000000100000000)
 Metaspace       used 47125K, capacity 48911K, committed 49624K, reserved 1093632K
  class space    used 5097K, capacity 5483K, committed 5628K, reserved 1048576K
2018-10-23T07:43:51.801+0000: 301.747: [GC (Allocation Failure) 2018-10-23T07:43:51.801+0000: 301.747: [ParNew
Desired survivor size 20112992 bytes, new threshold 8 (max 8)
- age   1:    4804168 bytes,    4804168 total
- age   2:    1719776 bytes,    6523944 total
- age   3:    1308328 bytes,    7832272 total
- age   4:    1065864 bytes,    8898136 total
- age   5:     892512 bytes,    9790648 total
- age   6:     232096 bytes,   10022744 total
- age   7:    1564376 bytes,   11587120 total
- age   8:    1709840 bytes,   13296960 total
: 102364K->15962K(109248K), 0.0482793 secs] 286749K->200508K(502464K), 0.0483884 secs] [Times: user=0.07 sys=0.00, real=0.04 secs] 
Heap after GC invocations=502 (full 24):
 par new generation   total 109248K, used 15962K [0x00000000e0000000, 0x00000000e8000000, 0x00000000e8000000)
  eden space 87424K,   0% used [0x00000000e0000000, 0x00000000e0000000, 0x00000000e5560000)
  from space 21824K,  73% used [0x00000000e5560000, 0x00000000e64f6b40, 0x00000000e6ab0000)
  to   space 21824K,   0% used [0x00000000e6ab0000, 0x00000000e6ab0000, 0x00000000e8000000)
 concurrent mark-sweep generation total 393216K, used 184545K [0x00000000e8000000, 0x0000000100000000, 0x0000000100000000)
 Metaspace       used 47125K, capacity 48911K, committed 49624K, reserved 1093632K
  class space    used 5097K, capacity 5483K, committed 5628K, reserved 1048576K
}
2018-10-23T07:43:51.850+0000: 301.795: Total time for which application threads were stopped: 0.0489779 seconds, Stopping threads took: 0.0001075 seconds
{Heap before GC invocations=502 (full 24):
 par new generation   total 109248K, used 103386K [0x00000000e0000000, 0x00000000e8000000, 0x00000000e8000000)
  eden space 87424K, 100% used [0x00000000e0000000, 0x00000000e5560000, 0x00000000e5560000)
  from space 21824K,  73% used [0x00000000e5560000, 0x00000000e64f6b40, 0x00000000e6ab0000)
  to   space 21824K,   0% used [0x00000000e6ab0000, 0x00000000e6ab0000, 0x00000000e8000000)
 concurrent mark-sweep generation total 393216K, used 184545K [0x00000000e8000000, 0x0000000100000000, 0x0000000100000000)
 Metaspace       used 47125K, capacity 48911K, committed 49624K, reserved 1093632K
  class space    used 5097K, capacity 5483K, committed 5628K, reserved 1048576K
2018-10-23T07:43:51.921+0000: 301.867: [GC (Allocation Failure) 2018-10-23T07:43:51.921+0000: 301.867: [ParNew
Desired survivor size 20112992 bytes, new threshold 8 (max 8)
- age   1:    1885160 bytes,    1885160 total
- age   2:    3198760 bytes,    5083920 total
- age   3:     764232 bytes,    5848152 total
- age   4:     653480 bytes,    6501632 total
- age   5:     637592 bytes,    7139224 total
- age   6:     571064 bytes,    7710288 total
- age   7:     190192 bytes,    7900480 total
- age   8:    1316464 bytes,    9216944 total
: 103386K->14169K(109248K), 0.0322071 secs] 287932K->199882K(502464K), 0.0323272 secs] [Times: user=0.05 sys=0.00, real=0.03 secs] 
Heap after GC invocations=503 (full 24):
 par new generation   total 109248K, used 14169K [0x00000000e0000000, 0x00000000e8000000, 0x00000000e8000000)
  eden space 87424K,   0% used [0x00000000e0000000, 0x00000000e0000000, 0x00000000e5560000)
  from space 21824K,  64% used [0x00000000e6ab0000, 0x00000000e7886468, 0x00000000e8000000)
  to   space 21824K,   0% used [0x00000000e5560000, 0x00000000e5560000, 0x00000000e6ab0000)
 concurrent mark-sweep generation total 393216K, used 185712K [0x00000000e8000000, 0x0000000100000000, 0x0000000100000000)
 Metaspace       used 47125K, capacity 48911K, committed 49624K, reserved 1093632K
  class space    used 5097K, capacity 5483K, committed 5628K, reserved 1048576K
}
2018-10-23T07:43:51.954+0000: 301.899: Total time for which application threads were stopped: 0.0330682 seconds, Stopping threads took: 0.0002350 seconds
{Heap before GC invocations=503 (full 24):
 par new generation   total 109248K, used 101590K [0x00000000e0000000, 0x00000000e8000000, 0x00000000e8000000)
  eden space 87424K,  99% used [0x00000000e0000000, 0x00000000e555f3d8, 0x00000000e5560000)
  from space 21824K,  64% used [0x00000000e6ab0000, 0x00000000e7886468, 0x00000000e8000000)
  to   space 21824K,   0% used [0x00000000e5560000, 0x00000000e5560000, 0x00000000e6ab0000)
 concurrent mark-sweep generation total 393216K, used 185712K [0x00000000e8000000, 0x0000000100000000, 0x0000000100000000)
 Metaspace       used 47125K, capacity 48911K, committed 49624K, reserved 1093632K
  class space    used 5097K, capacity 5483K, committed 5628K, reserved 1048576K
2018-10-23T07:43:52.060+0000: 302.006: [GC (Allocation Failure) 2018-10-23T07:43:52.060+0000: 302.006: [ParNew
Desired survivor size 20112992 bytes, new threshold 8 (max 8)
- age   1:    2406184 bytes,    2406184 total
- age   2:    1340752 bytes,    3746936 total
- age   3:    3020696 bytes,    6767632 total
- age   4:     655152 bytes,    7422784 total
- age   5:     527192 bytes,    7949976 total
- age   6:     494672 bytes,    8444648 total
- age   7:     435992 bytes,    8880640 total
- age   8:     114568 bytes,    8995208 total
: 101590K->11439K(109248K), 0.0314074 secs] 287303K->198348K(502464K), 0.0315133 secs] [Times: user=0.05 sys=0.00, real=0.03 secs] 
Heap after GC invocations=504 (full 24):
 par new generation   total 109248K, used 11439K [0x00000000e0000000, 0x00000000e8000000, 0x00000000e8000000)
  eden space 87424K,   0% used [0x00000000e0000000, 0x00000000e0000000, 0x00000000e5560000)
  from space 21824K,  52% used [0x00000000e5560000, 0x00000000e608bc48, 0x00000000e6ab0000)
  to   space 21824K,   0% used [0x00000000e6ab0000, 0x00000000e6ab0000, 0x00000000e8000000)
 concurrent mark-sweep generation total 393216K, used 186909K [0x00000000e8000000, 0x0000000100000000, 0x0000000100000000)
 Metaspace       used 47125K, capacity 48911K, committed 49624K, reserved 1093632K
  class space    used 5097K, capacity 5483K, committed 5628K, reserved 1048576K
}
2018-10-23T07:43:52.092+0000: 302.038: Total time for which application threads were stopped: 0.0380423 seconds, Stopping threads took: 0.0060585 seconds
{Heap before GC invocations=504 (full 24):
 par new generation   total 109248K, used 98863K [0x00000000e0000000, 0x00000000e8000000, 0x00000000e8000000)
  eden space 87424K, 100% used [0x00000000e0000000, 0x00000000e5560000, 0x00000000e5560000)
  from space 21824K,  52% used [0x00000000e5560000, 0x00000000e608bc48, 0x00000000e6ab0000)
  to   space 21824K,   0% used [0x00000000e6ab0000, 0x00000000e6ab0000, 0x00000000e8000000)
 concurrent mark-sweep generation total 393216K, used 186909K [0x00000000e8000000, 0x0000000100000000, 0x0000000100000000)
 Metaspace       used 47125K, capacity 48911K, committed 49624K, reserved 1093632K
  class space    used 5097K, capacity 5483K, committed 5628K, reserved 1048576K
2018-10-23T07:43:52.221+0000: 302.167: [GC (Allocation Failure) 2018-10-23T07:43:52.221+0000: 302.167: [ParNew
Desired survivor size 20112992 bytes, new threshold 8 (max 8)
- age   1:    2552464 bytes,    2552464 total
- age   2:    1692416 bytes,    4244880 total
- age   3:    1331640 bytes,    5576520 total
- age   4:    3020520 bytes,    8597040 total
- age   5:     655152 bytes,    9252192 total
- age   6:     527192 bytes,    9779384 total
- age   7:     494672 bytes,   10274056 total
- age   8:     435992 bytes,   10710048 total
: 98863K->13695K(109248K), 0.0102141 secs] 285772K->200715K(502464K), 0.0103161 secs] [Times: user=0.02 sys=0.00, real=0.01 secs] 
Heap after GC invocations=505 (full 24):
 par new generation   total 109248K, used 13695K [0x00000000e0000000, 0x00000000e8000000, 0x00000000e8000000)
  eden space 87424K,   0% used [0x00000000e0000000, 0x00000000e0000000, 0x00000000e5560000)
  from space 21824K,  62% used [0x00000000e6ab0000, 0x00000000e780fd80, 0x00000000e8000000)
  to   space 21824K,   0% used [0x00000000e5560000, 0x00000000e5560000, 0x00000000e6ab0000)
 concurrent mark-sweep generation total 393216K, used 187020K [0x00000000e8000000, 0x0000000100000000, 0x0000000100000000)
 Metaspace       used 47125K, capacity 48911K, committed 49624K, reserved 1093632K
  class space    used 5097K, capacity 5483K, committed 5628K, reserved 1048576K
}
2018-10-23T07:43:52.231+0000: 302.177: Total time for which application threads were stopped: 0.0108187 seconds, Stopping threads took: 0.0000607 seconds
2018-10-23T07:43:55.232+0000: 305.178: Total time for which application threads were stopped: 0.0004009 seconds, Stopping threads took: 0.0000710 seconds
2018-10-23T07:43:56.527+0000: 306.473: Total time for which application threads were stopped: 0.0004253 seconds, Stopping threads took: 0.0000761 seconds
{Heap before GC invocations=505 (full 24):
 par new generation   total 109248K, used 101119K [0x00000000e0000000, 0x00000000e8000000, 0x00000000e8000000)
  eden space 87424K, 100% used [0x00000000e0000000, 0x00000000e5560000, 0x00000000e5560000)
  from space 21824K,  62% used [0x00000000e6ab0000, 0x00000000e780fd80, 0x00000000e8000000)
  to   space 21824K,   0% used [0x00000000e5560000, 0x00000000e5560000, 0x00000000e6ab0000)
 concurrent mark-sweep generation total 393216K, used 187020K [0x00000000e8000000, 0x0000000100000000, 0x0000000100000000)
 Metaspace       used 47132K, capacity 48975K, committed 49624K, reserved 1093632K
  class space    used 5097K, capacity 5483K, committed 5628K, reserved 1048576K
2018-10-23T07:43:56.543+0000: 306.489: [GC (Allocation Failure) 2018-10-23T07:43:56.543+0000: 306.489: [ParNew
Desired survivor size 20112992 bytes, new threshold 8 (max 8)
- age   1:    3224456 bytes,    3224456 total
- age   2:     236832 bytes,    3461288 total
- age   3:     286344 bytes,    3747632 total
- age   4:     980696 bytes,    4728328 total
- age   5:    1803776 bytes,    6532104 total
- age   6:     654544 bytes,    7186648 total
- age   7:     527192 bytes,    7713840 total
- age   8:     494672 bytes,    8208512 total
: 101119K->8861K(109248K), 0.0271402 secs] 288139K->196307K(502464K), 0.0272382 secs] [Times: user=0.04 sys=0.00, real=0.03 secs] 
Heap after GC invocations=506 (full 24):
 par new generation   total 109248K, used 8861K [0x00000000e0000000, 0x00000000e8000000, 0x00000000e8000000)
  eden space 87424K,   0% used [0x00000000e0000000, 0x00000000e0000000, 0x00000000e5560000)
  from space 21824K,  40% used [0x00000000e5560000, 0x00000000e5e07410, 0x00000000e6ab0000)
  to   space 21824K,   0% used [0x00000000e6ab0000, 0x00000000e6ab0000, 0x00000000e8000000)
 concurrent mark-sweep generation total 393216K, used 187446K [0x00000000e8000000, 0x0000000100000000, 0x0000000100000000)
 Metaspace       used 47132K, capacity 48975K, committed 49624K, reserved 1093632K
  class space    used 5097K, capacity 5483K, committed 5628K, reserved 1048576K
}
2018-10-23T07:43:56.570+0000: 306.516: Total time for which application threads were stopped: 0.0277711 seconds, Stopping threads took: 0.0001129 seconds
{Heap before GC invocations=506 (full 24):
 par new generation   total 109248K, used 96285K [0x00000000e0000000, 0x00000000e8000000, 0x00000000e8000000)
  eden space 87424K, 100% used [0x00000000e0000000, 0x00000000e5560000, 0x00000000e5560000)
  from space 21824K,  40% used [0x00000000e5560000, 0x00000000e5e07410, 0x00000000e6ab0000)
  to   space 21824K,   0% used [0x00000000e6ab0000, 0x00000000e6ab0000, 0x00000000e8000000)
 concurrent mark-sweep generation total 393216K, used 187446K [0x00000000e8000000, 0x0000000100000000, 0x0000000100000000)
 Metaspace       used 47132K, capacity 48975K, committed 49624K, reserved 1093632K
  class space    used 5097K, capacity 5483K, committed 5628K, reserved 1048576K
2018-10-23T07:43:56.651+0000: 306.596: [GC (Allocation Failure) 2018-10-23T07:43:56.651+0000: 306.596: [ParNew
Desired survivor size 20112992 bytes, new threshold 8 (max 8)
- age   1:    1175064 bytes,    1175064 total
- age   2:    2819248 bytes,    3994312 total
- age   3:     236832 bytes,    4231144 total
- age   4:     285432 bytes,    4516576 total
- age   5:     979784 bytes,    5496360 total
- age   6:    1803776 bytes,    7300136 total
- age   7:     654544 bytes,    7954680 total
- age   8:     527192 bytes,    8481872 total
: 96285K->12736K(109248K), 0.0189221 secs] 283731K->200666K(502464K), 0.0190248 secs] [Times: user=0.02 sys=0.00, real=0.01 secs] 
Heap after GC invocations=507 (full 24):
 par new generation   total 109248K, used 12736K [0x00000000e0000000, 0x00000000e8000000, 0x00000000e8000000)
  eden space 87424K,   0% used [0x00000000e0000000, 0x00000000e0000000, 0x00000000e5560000)
  from space 21824K,  58% used [0x00000000e6ab0000, 0x00000000e77201c8, 0x00000000e8000000)
  to   space 21824K,   0% used [0x00000000e5560000, 0x00000000e5560000, 0x00000000e6ab0000)
 concurrent mark-sweep generation total 393216K, used 187929K [0x00000000e8000000, 0x0000000100000000, 0x0000000100000000)
 Metaspace       used 47132K, capacity 48975K, committed 49624K, reserved 1093632K
  class space    used 5097K, capacity 5483K, committed 5628K, reserved 1048576K
}
2018-10-23T07:43:56.670+0000: 306.615: Total time for which application threads were stopped: 0.0196276 seconds, Stopping threads took: 0.0001007 seconds
{Heap before GC invocations=507 (full 24):
 par new generation   total 109248K, used 100160K [0x00000000e0000000, 0x00000000e8000000, 0x00000000e8000000)
  eden space 87424K, 100% used [0x00000000e0000000, 0x00000000e5560000, 0x00000000e5560000)
  from space 21824K,  58% used [0x00000000e6ab0000, 0x00000000e77201c8, 0x00000000e8000000)
  to   space 21824K,   0% used [0x00000000e5560000, 0x00000000e5560000, 0x00000000e6ab0000)
 concurrent mark-sweep generation total 393216K, used 187929K [0x00000000e8000000, 0x0000000100000000, 0x0000000100000000)
 Metaspace       used 47132K, capacity 48975K, committed 49624K, reserved 1093632K
  class space    used 5097K, capacity 5483K, committed 5628K, reserved 1048576K
2018-10-23T07:43:56.789+0000: 306.734: [GC (Allocation Failure) 2018-10-23T07:43:56.789+0000: 306.734: [ParNew
Desired survivor size 20112992 bytes, new threshold 8 (max 8)
- age   1:    2252824 bytes,    2252824 total
- age   2:     777256 bytes,    3030080 total
- age   3:    2814488 bytes,    5844568 total
- age   4:     236832 bytes,    6081400 total
- age   5:     285432 bytes,    6366832 total
- age   6:     979784 bytes,    7346616 total
- age   7:    1803776 bytes,    9150392 total
- age   8:     654544 bytes,    9804936 total
: 100160K->10698K(109248K), 0.0259807 secs] 288090K->199142K(502464K), 0.0260839 secs] [Times: user=0.04 sys=0.00, real=0.03 secs] 
Heap after GC invocations=508 (full 24):
 par new generation   total 109248K, used 10698K [0x00000000e0000000, 0x00000000e8000000, 0x00000000e8000000)
  eden space 87424K,   0% used [0x00000000e0000000, 0x00000000e0000000, 0x00000000e5560000)
  from space 21824K,  49% used [0x00000000e5560000, 0x00000000e5fd28c0, 0x00000000e6ab0000)
  to   space 21824K,   0% used [0x00000000e6ab0000, 0x00000000e6ab0000, 0x00000000e8000000)
 concurrent mark-sweep generation total 393216K, used 188444K [0x00000000e8000000, 0x0000000100000000, 0x0000000100000000)
 Metaspace       used 47132K, capacity 48975K, committed 49624K, reserved 1093632K
  class space    used 5097K, capacity 5483K, committed 5628K, reserved 1048576K
}
2018-10-23T07:43:56.815+0000: 306.761: Total time for which application threads were stopped: 0.0266028 seconds, Stopping threads took: 0.0000574 seconds
{Heap before GC invocations=508 (full 24):
 par new generation   total 109248K, used 98122K [0x00000000e0000000, 0x00000000e8000000, 0x00000000e8000000)
  eden space 87424K, 100% used [0x00000000e0000000, 0x00000000e5560000, 0x00000000e5560000)
  from space 21824K,  49% used [0x00000000e5560000, 0x00000000e5fd28c0, 0x00000000e6ab0000)
  to   space 21824K,   0% used [0x00000000e6ab0000, 0x00000000e6ab0000, 0x00000000e8000000)
 concurrent mark-sweep generation total 393216K, used 188444K [0x00000000e8000000, 0x0000000100000000, 0x0000000100000000)
 Metaspace       used 47132K, capacity 48975K, committed 49624K, reserved 1093632K
  class space    used 5097K, capacity 5483K, committed 5628K, reserved 1048576K
2018-10-23T07:43:57.000+0000: 306.946: [GC (Allocation Failure) 2018-10-23T07:43:57.000+0000: 306.946: [ParNew
Desired survivor size 20112992 bytes, new threshold 8 (max 8)
- age   1:    3330056 bytes,    3330056 total
- age   2:    1023304 bytes,    4353360 total
- age   3:     707888 bytes,    5061248 total
- age   4:    2760008 bytes,    7821256 total
- age   5:     236736 bytes,    8057992 total
- age   6:     285432 bytes,    8343424 total
- age   7:     979784 bytes,    9323208 total
- age   8:    1803776 bytes,   11126984 total
: 98122K->14269K(109248K), 0.0141662 secs] 286566K->203353K(502464K), 0.0142671 secs] [Times: user=0.03 sys=0.00, real=0.01 secs] 
Heap after GC invocations=509 (full 24):
 par new generation   total 109248K, used 14269K [0x00000000e0000000, 0x00000000e8000000, 0x00000000e8000000)
  eden space 87424K,   0% used [0x00000000e0000000, 0x00000000e0000000, 0x00000000e5560000)
  from space 21824K,  65% used [0x00000000e6ab0000, 0x00000000e789f558, 0x00000000e8000000)
  to   space 21824K,   0% used [0x00000000e5560000, 0x00000000e5560000, 0x00000000e6ab0000)
 concurrent mark-sweep generation total 393216K, used 189083K [0x00000000e8000000, 0x0000000100000000, 0x0000000100000000)
 Metaspace       used 47132K, capacity 48975K, committed 49624K, reserved 1093632K
  class space    used 5097K, capacity 5483K, committed 5628K, reserved 1048576K
}
2018-10-23T07:43:57.015+0000: 306.961: Total time for which application threads were stopped: 0.0147877 seconds, Stopping threads took: 0.0000735 seconds
2018-10-23T07:43:58.015+0000: 307.961: Total time for which application threads were stopped: 0.0004157 seconds, Stopping threads took: 0.0001149 seconds
2018-10-23T07:44:02.603+0000: 312.549: Total time for which application threads were stopped: 0.0004661 seconds, Stopping threads took: 0.0000846 seconds
{Heap before GC invocations=509 (full 24):
 par new generation   total 109248K, used 101693K [0x00000000e0000000, 0x00000000e8000000, 0x00000000e8000000)
  eden space 87424K, 100% used [0x00000000e0000000, 0x00000000e5560000, 0x00000000e5560000)
  from space 21824K,  65% used [0x00000000e6ab0000, 0x00000000e789f558, 0x00000000e8000000)
  to   space 21824K,   0% used [0x00000000e5560000, 0x00000000e5560000, 0x00000000e6ab0000)
 concurrent mark-sweep generation total 393216K, used 189083K [0x00000000e8000000, 0x0000000100000000, 0x0000000100000000)
 Metaspace       used 47166K, capacity 48975K, committed 49624K, reserved 1093632K
  class space    used 5097K, capacity 5483K, committed 5628K, reserved 1048576K
2018-10-23T07:44:02.639+0000: 312.585: [GC (Allocation Failure) 2018-10-23T07:44:02.639+0000: 312.585: [ParNew
Desired survivor size 20112992 bytes, new threshold 8 (max 8)
- age   1:    3077152 bytes,    3077152 total
- age   2:     236824 bytes,    3313976 total
- age   3:     141616 bytes,    3455592 total
- age   4:     105176 bytes,    3560768 total
- age   5:    1316464 bytes,    4877232 total
- age   6:     236704 bytes,    5113936 total
- age   7:     285000 bytes,    5398936 total
- age   8:     979192 bytes,    6378128 total
: 101693K->9169K(109248K), 0.0203834 secs] 290777K->200015K(502464K), 0.0205150 secs] [Times: user=0.02 sys=0.00, real=0.02 secs] 
Heap after GC invocations=510 (full 24):
 par new generation   total 109248K, used 9169K [0x00000000e0000000, 0x00000000e8000000, 0x00000000e8000000)
  eden space 87424K,   0% used [0x00000000e0000000, 0x00000000e0000000, 0x00000000e5560000)
  from space 21824K,  42% used [0x00000000e5560000, 0x00000000e5e547e0, 0x00000000e6ab0000)
  to   space 21824K,   0% used [0x00000000e6ab0000, 0x00000000e6ab0000, 0x00000000e8000000)
 concurrent mark-sweep generation total 393216K, used 190845K [0x00000000e8000000, 0x0000000100000000, 0x0000000100000000)
 Metaspace       used 47166K, capacity 48975K, committed 49624K, reserved 1093632K
  class space    used 5097K, capacity 5483K, committed 5628K, reserved 1048576K
}
2018-10-23T07:44:02.660+0000: 312.606: Total time for which application threads were stopped: 0.0210382 seconds, Stopping threads took: 0.0000574 seconds
2018-10-23T07:44:02.675+0000: 312.621: Total time for which application threads were stopped: 0.0088333 seconds, Stopping threads took: 0.0084817 seconds
2018-10-23T07:44:02.680+0000: 312.625: Total time for which application threads were stopped: 0.0002441 seconds, Stopping threads took: 0.0000768 seconds
{Heap before GC invocations=510 (full 24):
 par new generation   total 109248K, used 96593K [0x00000000e0000000, 0x00000000e8000000, 0x00000000e8000000)
  eden space 87424K, 100% used [0x00000000e0000000, 0x00000000e5560000, 0x00000000e5560000)
  from space 21824K,  42% used [0x00000000e5560000, 0x00000000e5e547e0, 0x00000000e6ab0000)
  to   space 21824K,   0% used [0x00000000e6ab0000, 0x00000000e6ab0000, 0x00000000e8000000)
 concurrent mark-sweep generation total 393216K, used 190845K [0x00000000e8000000, 0x0000000100000000, 0x0000000100000000)
 Metaspace       used 47166K, capacity 48975K, committed 49624K, reserved 1093632K
  class space    used 5097K, capacity 5483K, committed 5628K, reserved 1048576K
2018-10-23T07:44:02.759+0000: 312.705: [GC (Allocation Failure) 2018-10-23T07:44:02.759+0000: 312.705: [ParNew
Desired survivor size 20112992 bytes, new threshold 8 (max 8)
- age   1:    1171960 bytes,    1171960 total
- age   2:    2424632 bytes,    3596592 total
- age   3:     236824 bytes,    3833416 total
- age   4:     141616 bytes,    3975032 total
- age   5:     105176 bytes,    4080208 total
- age   6:    1314560 bytes,    5394768 total
- age   7:     236704 bytes,    5631472 total
- age   8:     285000 bytes,    5916472 total
: 96593K->7728K(109248K), 0.0098758 secs] 287439K->199530K(502464K), 0.0099655 secs] [Times: user=0.03 sys=0.00, real=0.00 secs] 
Heap after GC invocations=511 (full 24):
 par new generation   total 109248K, used 7728K [0x00000000e0000000, 0x00000000e8000000, 0x00000000e8000000)
  eden space 87424K,   0% used [0x00000000e0000000, 0x00000000e0000000, 0x00000000e5560000)
  from space 21824K,  35% used [0x00000000e6ab0000, 0x00000000e723c080, 0x00000000e8000000)
  to   space 21824K,   0% used [0x00000000e5560000, 0x00000000e5560000, 0x00000000e6ab0000)
 concurrent mark-sweep generation total 393216K, used 191801K [0x00000000e8000000, 0x0000000100000000, 0x0000000100000000)
 Metaspace       used 47166K, capacity 48975K, committed 49624K, reserved 1093632K
  class space    used 5097K, capacity 5483K, committed 5628K, reserved 1048576K
}
2018-10-23T07:44:02.769+0000: 312.715: Total time for which application threads were stopped: 0.0105926 seconds, Stopping threads took: 0.0001646 seconds
{Heap before GC invocations=511 (full 24):
 par new generation   total 109248K, used 95152K [0x00000000e0000000, 0x00000000e8000000, 0x00000000e8000000)
  eden space 87424K, 100% used [0x00000000e0000000, 0x00000000e5560000, 0x00000000e5560000)
  from space 21824K,  35% used [0x00000000e6ab0000, 0x00000000e723c080, 0x00000000e8000000)
  to   space 21824K,   0% used [0x00000000e5560000, 0x00000000e5560000, 0x00000000e6ab0000)
 concurrent mark-sweep generation total 393216K, used 191801K [0x00000000e8000000, 0x0000000100000000, 0x0000000100000000)
 Metaspace       used 47166K, capacity 48975K, committed 49624K, reserved 1093632K
  class space    used 5097K, capacity 5483K, committed 5628K, reserved 1048576K
2018-10-23T07:44:02.882+0000: 312.828: [GC (Allocation Failure) 2018-10-23T07:44:02.882+0000: 312.828: [ParNew
Desired survivor size 20112992 bytes, new threshold 8 (max 8)
- age   1:    2284672 bytes,    2284672 total
- age   2:     835744 bytes,    3120416 total
- age   3:    2391064 bytes,    5511480 total
- age   4:     236824 bytes,    5748304 total
- age   5:     141616 bytes,    5889920 total
- age   6:     105176 bytes,    5995096 total
- age   7:    1313256 bytes,    7308352 total
- age   8:     236704 bytes,    7545056 total
: 95152K->8581K(109248K), 0.0172080 secs] 286954K->200662K(502464K), 0.0173179 secs] [Times: user=0.03 sys=0.00, real=0.02 secs] 
Heap after GC invocations=512 (full 24):
 par new generation   total 109248K, used 8581K [0x00000000e0000000, 0x00000000e8000000, 0x00000000e8000000)
  eden space 87424K,   0% used [0x00000000e0000000, 0x00000000e0000000, 0x00000000e5560000)
  from space 21824K,  39% used [0x00000000e5560000, 0x00000000e5dc1790, 0x00000000e6ab0000)
  to   space 21824K,   0% used [0x00000000e6ab0000, 0x00000000e6ab0000, 0x00000000e8000000)
 concurrent mark-sweep generation total 393216K, used 192080K [0x00000000e8000000, 0x0000000100000000, 0x0000000100000000)
 Metaspace       used 47166K, capacity 48975K, committed 49624K, reserved 1093632K
  class space    used 5097K, capacity 5483K, committed 5628K, reserved 1048576K
}
2018-10-23T07:44:02.899+0000: 312.845: Total time for which application threads were stopped: 0.0210489 seconds, Stopping threads took: 0.0032458 seconds
{Heap before GC invocations=512 (full 24):
 par new generation   total 109248K, used 96005K [0x00000000e0000000, 0x00000000e8000000, 0x00000000e8000000)
  eden space 87424K, 100% used [0x00000000e0000000, 0x00000000e5560000, 0x00000000e5560000)
  from space 21824K,  39% used [0x00000000e5560000, 0x00000000e5dc1790, 0x00000000e6ab0000)
  to   space 21824K,   0% used [0x00000000e6ab0000, 0x00000000e6ab0000, 0x00000000e8000000)
 concurrent mark-sweep generation total 393216K, used 192080K [0x00000000e8000000, 0x0000000100000000, 0x0000000100000000)
 Metaspace       used 47166K, capacity 48975K, committed 49624K, reserved 1093632K
  class space    used 5097K, capacity 5483K, committed 5628K, reserved 1048576K
2018-10-23T07:44:03.010+0000: 312.956: [GC (Allocation Failure) 2018-10-23T07:44:03.010+0000: 312.956: [ParNew
Desired survivor size 20112992 bytes, new threshold 8 (max 8)
- age   1:    2031800 bytes,    2031800 total
- age   2:    1320776 bytes,    3352576 total
- age   3:     811096 bytes,    4163672 total
- age   4:    2391056 bytes,    6554728 total
- age   5:     236824 bytes,    6791552 total
- age   6:     141616 bytes,    6933168 total
- age   7:     105176 bytes,    7038344 total
- age   8:    1313280 bytes,    8351624 total
: 96005K->11036K(109248K), 0.0111372 secs] 288086K->203348K(502464K), 0.0112316 secs] [Times: user=0.02 sys=0.00, real=0.01 secs] 
Heap after GC invocations=513 (full 24):
 par new generation   total 109248K, used 11036K [0x00000000e0000000, 0x00000000e8000000, 0x00000000e8000000)
  eden space 87424K,   0% used [0x00000000e0000000, 0x00000000e0000000, 0x00000000e5560000)
  from space 21824K,  50% used [0x00000000e6ab0000, 0x00000000e7577068, 0x00000000e8000000)
  to   space 21824K,   0% used [0x00000000e5560000, 0x00000000e5560000, 0x00000000e6ab0000)
 concurrent mark-sweep generation total 393216K, used 192312K [0x00000000e8000000, 0x0000000100000000, 0x0000000100000000)
 Metaspace       used 47166K, capacity 48975K, committed 49624K, reserved 1093632K
  class space    used 5097K, capacity 5483K, committed 5628K, reserved 1048576K
}
2018-10-23T07:44:03.022+0000: 312.967: Total time for which application threads were stopped: 0.0196766 seconds, Stopping threads took: 0.0080016 seconds
{Heap before GC invocations=513 (full 24):
 par new generation   total 109248K, used 98460K [0x00000000e0000000, 0x00000000e8000000, 0x00000000e8000000)
  eden space 87424K, 100% used [0x00000000e0000000, 0x00000000e5560000, 0x00000000e5560000)
  from space 21824K,  50% used [0x00000000e6ab0000, 0x00000000e7577068, 0x00000000e8000000)
  to   space 21824K,   0% used [0x00000000e5560000, 0x00000000e5560000, 0x00000000e6ab0000)
 concurrent mark-sweep generation total 393216K, used 192312K [0x00000000e8000000, 0x0000000100000000, 0x0000000100000000)
 Metaspace       used 47166K, capacity 48975K, committed 49624K, reserved 1093632K
  class space    used 5097K, capacity 5483K, committed 5628K, reserved 1048576K
2018-10-23T07:44:03.143+0000: 313.089: [GC (Allocation Failure) 2018-10-23T07:44:03.143+0000: 313.089: [ParNew
Desired survivor size 20112992 bytes, new threshold 8 (max 8)
- age   1:    2609472 bytes,    2609472 total
- age   2:    1155704 bytes,    3765176 total
- age   3:    1200840 bytes,    4966016 total
- age   4:     812104 bytes,    5778120 total
- age   5:    2391176 bytes,    8169296 total
- age   6:     236792 bytes,    8406088 total
- age   7:     141616 bytes,    8547704 total
- age   8:     105176 bytes,    8652880 total
: 98460K->10426K(109248K), 0.0254721 secs] 290772K->204022K(502464K), 0.0255804 secs] [Times: user=0.04 sys=0.00, real=0.02 secs] 
Heap after GC invocations=514 (full 24):
 par new generation   total 109248K, used 10426K [0x00000000e0000000, 0x00000000e8000000, 0x00000000e8000000)
  eden space 87424K,   0% used [0x00000000e0000000, 0x00000000e0000000, 0x00000000e5560000)
  from space 21824K,  47% used [0x00000000e5560000, 0x00000000e5f8ebb0, 0x00000000e6ab0000)
  to   space 21824K,   0% used [0x00000000e6ab0000, 0x00000000e6ab0000, 0x00000000e8000000)
 concurrent mark-sweep generation total 393216K, used 193595K [0x00000000e8000000, 0x0000000100000000, 0x0000000100000000)
 Metaspace       used 47166K, capacity 48975K, committed 49624K, reserved 1093632K
  class space    used 5097K, capacity 5483K, committed 5628K, reserved 1048576K
}
2018-10-23T07:44:03.169+0000: 313.115: Total time for which application threads were stopped: 0.0263031 seconds, Stopping threads took: 0.0002587 seconds
{Heap before GC invocations=514 (full 24):
 par new generation   total 109248K, used 97850K [0x00000000e0000000, 0x00000000e8000000, 0x00000000e8000000)
  eden space 87424K, 100% used [0x00000000e0000000, 0x00000000e5560000, 0x00000000e5560000)
  from space 21824K,  47% used [0x00000000e5560000, 0x00000000e5f8ebb0, 0x00000000e6ab0000)
  to   space 21824K,   0% used [0x00000000e6ab0000, 0x00000000e6ab0000, 0x00000000e8000000)
 concurrent mark-sweep generation total 393216K, used 193595K [0x00000000e8000000, 0x0000000100000000, 0x0000000100000000)
 Metaspace       used 47166K, capacity 48975K, committed 49624K, reserved 1093632K
  class space    used 5097K, capacity 5483K, committed 5628K, reserved 1048576K
2018-10-23T07:44:03.281+0000: 313.227: [GC (Allocation Failure) 2018-10-23T07:44:03.281+0000: 313.227: [ParNew
Desired survivor size 20112992 bytes, new threshold 8 (max 8)
- age   1:    2426016 bytes,    2426016 total
- age   2:    1538992 bytes,    3965008 total
- age   3:    1126000 bytes,    5091008 total
- age   4:    1181184 bytes,    6272192 total
- age   5:     810544 bytes,    7082736 total
- age   6:    2390912 bytes,    9473648 total
- age   7:     236792 bytes,    9710440 total
- age   8:     141616 bytes,    9852056 total
: 97850K->13099K(109248K), 0.0218517 secs] 291446K->206798K(502464K), 0.0219621 secs] [Times: user=0.02 sys=0.00, real=0.02 secs] 
Heap after GC invocations=515 (full 24):
 par new generation   total 109248K, used 13099K [0x00000000e0000000, 0x00000000e8000000, 0x00000000e8000000)
  eden space 87424K,   0% used [0x00000000e0000000, 0x00000000e0000000, 0x00000000e5560000)
  from space 21824K,  60% used [0x00000000e6ab0000, 0x00000000e777af98, 0x00000000e8000000)
  to   space 21824K,   0% used [0x00000000e5560000, 0x00000000e5560000, 0x00000000e6ab0000)
 concurrent mark-sweep generation total 393216K, used 193698K [0x00000000e8000000, 0x0000000100000000, 0x0000000100000000)
 Metaspace       used 47166K, capacity 48975K, committed 49624K, reserved 1093632K
  class space    used 5097K, capacity 5483K, committed 5628K, reserved 1048576K
}
2018-10-23T07:44:03.303+0000: 313.249: Total time for which application threads were stopped: 0.0225029 seconds, Stopping threads took: 0.0000610 seconds
{Heap before GC invocations=515 (full 24):
 par new generation   total 109248K, used 100523K [0x00000000e0000000, 0x00000000e8000000, 0x00000000e8000000)
  eden space 87424K, 100% used [0x00000000e0000000, 0x00000000e5560000, 0x00000000e5560000)
  from space 21824K,  60% used [0x00000000e6ab0000, 0x00000000e777af98, 0x00000000e8000000)
  to   space 21824K,   0% used [0x00000000e5560000, 0x00000000e5560000, 0x00000000e6ab0000)
 concurrent mark-sweep generation total 393216K, used 193698K [0x00000000e8000000, 0x0000000100000000, 0x0000000100000000)
 Metaspace       used 47166K, capacity 48975K, committed 49624K, reserved 1093632K
  class space    used 5097K, capacity 5483K, committed 5628K, reserved 1048576K
2018-10-23T07:44:03.411+0000: 313.357: [GC (Allocation Failure) 2018-10-23T07:44:03.411+0000: 313.357: [ParNew
Desired survivor size 20112992 bytes, new threshold 8 (max 8)
- age   1:    2936112 bytes,    2936112 total
- age   2:    1203616 bytes,    4139728 total
- age   3:    1379664 bytes,    5519392 total
- age   4:    1016624 bytes,    6536016 total
- age   5:    1178600 bytes,    7714616 total
- age   6:     807584 bytes,    8522200 total
- age   7:    2390296 bytes,   10912496 total
- age   8:     236792 bytes,   11149288 total
: 100523K->12324K(109248K), 0.0225869 secs] 294222K->206160K(502464K), 0.0226833 secs] [Times: user=0.04 sys=0.00, real=0.02 secs] 
Heap after GC invocations=516 (full 24):
 par new generation   total 109248K, used 12324K [0x00000000e0000000, 0x00000000e8000000, 0x00000000e8000000)
  eden space 87424K,   0% used [0x00000000e0000000, 0x00000000e0000000, 0x00000000e5560000)
  from space 21824K,  56% used [0x00000000e5560000, 0x00000000e6169060, 0x00000000e6ab0000)
  to   space 21824K,   0% used [0x00000000e6ab0000, 0x00000000e6ab0000, 0x00000000e8000000)
 concurrent mark-sweep generation total 393216K, used 193836K [0x00000000e8000000, 0x0000000100000000, 0x0000000100000000)
 Metaspace       used 47166K, capacity 48975K, committed 49624K, reserved 1093632K
  class space    used 5097K, capacity 5483K, committed 5628K, reserved 1048576K
}
2018-10-23T07:44:03.434+0000: 313.380: Total time for which application threads were stopped: 0.0232800 seconds, Stopping threads took: 0.0001259 seconds
{Heap before GC invocations=516 (full 24):
 par new generation   total 109248K, used 99748K [0x00000000e0000000, 0x00000000e8000000, 0x00000000e8000000)
  eden space 87424K, 100% used [0x00000000e0000000, 0x00000000e5560000, 0x00000000e5560000)
  from space 21824K,  56% used [0x00000000e5560000, 0x00000000e6169060, 0x00000000e6ab0000)
  to   space 21824K,   0% used [0x00000000e6ab0000, 0x00000000e6ab0000, 0x00000000e8000000)
 concurrent mark-sweep generation total 393216K, used 193836K [0x00000000e8000000, 0x0000000100000000, 0x0000000100000000)
 Metaspace       used 47166K, capacity 48975K, committed 49624K, reserved 1093632K
  class space    used 5097K, capacity 5483K, committed 5628K, reserved 1048576K
2018-10-23T07:44:03.566+0000: 313.512: [GC (Allocation Failure) 2018-10-23T07:44:03.566+0000: 313.512: [ParNew
Desired survivor size 20112992 bytes, new threshold 8 (max 8)
- age   1:    2651120 bytes,    2651120 total
- age   2:    1573088 bytes,    4224208 total
- age   3:    1167248 bytes,    5391456 total
- age   4:    1379568 bytes,    6771024 total
- age   5:    1008400 bytes,    7779424 total
- age   6:    1178072 bytes,    8957496 total
- age   7:     806664 bytes,    9764160 total
- age   8:    2389504 bytes,   12153664 total
: 99748K->16686K(109248K), 0.0800913 secs] 293584K->210754K(502464K), 0.0802015 secs] [Times: user=0.05 sys=0.00, real=0.08 secs] 
Heap after GC invocations=517 (full 24):
 par new generation   total 109248K, used 16686K [0x00000000e0000000, 0x00000000e8000000, 0x00000000e8000000)
  eden space 87424K,   0% used [0x00000000e0000000, 0x00000000e0000000, 0x00000000e5560000)
  from space 21824K,  76% used [0x00000000e6ab0000, 0x00000000e7afbb68, 0x00000000e8000000)
  to   space 21824K,   0% used [0x00000000e5560000, 0x00000000e5560000, 0x00000000e6ab0000)
 concurrent mark-sweep generation total 393216K, used 194067K [0x00000000e8000000, 0x0000000100000000, 0x0000000100000000)
 Metaspace       used 47166K, capacity 48975K, committed 49624K, reserved 1093632K
  class space    used 5097K, capacity 5483K, committed 5628K, reserved 1048576K
}
2018-10-23T07:44:03.646+0000: 313.592: Total time for which application threads were stopped: 0.0807302 seconds, Stopping threads took: 0.0000591 seconds
{Heap before GC invocations=517 (full 24):
 par new generation   total 109248K, used 104110K [0x00000000e0000000, 0x00000000e8000000, 0x00000000e8000000)
  eden space 87424K, 100% used [0x00000000e0000000, 0x00000000e5560000, 0x00000000e5560000)
  from space 21824K,  76% used [0x00000000e6ab0000, 0x00000000e7afbb68, 0x00000000e8000000)
  to   space 21824K,   0% used [0x00000000e5560000, 0x00000000e5560000, 0x00000000e6ab0000)
 concurrent mark-sweep generation total 393216K, used 194067K [0x00000000e8000000, 0x0000000100000000, 0x0000000100000000)
 Metaspace       used 47166K, capacity 48975K, committed 49624K, reserved 1093632K
  class space    used 5097K, capacity 5483K, committed 5628K, reserved 1048576K
2018-10-23T07:44:03.722+0000: 313.668: [GC (Allocation Failure) 2018-10-23T07:44:03.722+0000: 313.668: [ParNew
Desired survivor size 20112992 bytes, new threshold 8 (max 8)
- age   1:    3549128 bytes,    3549128 total
- age   2:    1793688 bytes,    5342816 total
- age   3:    1397760 bytes,    6740576 total
- age   4:    1029296 bytes,    7769872 total
- age   5:    1092208 bytes,    8862080 total
- age   6:     884144 bytes,    9746224 total
- age   7:    1034400 bytes,   10780624 total
- age   8:     710952 bytes,   11491576 total
: 104110K->13645K(109248K), 0.0420836 secs] 298178K->209556K(502464K), 0.0421984 secs] [Times: user=0.04 sys=0.00, real=0.04 secs] 
Heap after GC invocations=518 (full 24):
 par new generation   total 109248K, used 13645K [0x00000000e0000000, 0x00000000e8000000, 0x00000000e8000000)
  eden space 87424K,   0% used [0x00000000e0000000, 0x00000000e0000000, 0x00000000e5560000)
  from space 21824K,  62% used [0x00000000e5560000, 0x00000000e62b3500, 0x00000000e6ab0000)
  to   space 21824K,   0% used [0x00000000e6ab0000, 0x00000000e6ab0000, 0x00000000e8000000)
 concurrent mark-sweep generation total 393216K, used 195911K [0x00000000e8000000, 0x0000000100000000, 0x0000000100000000)
 Metaspace       used 47166K, capacity 48975K, committed 49624K, reserved 1093632K
  class space    used 5097K, capacity 5483K, committed 5628K, reserved 1048576K
}
2018-10-23T07:44:03.765+0000: 313.710: Total time for which application threads were stopped: 0.0442376 seconds, Stopping threads took: 0.0015291 seconds
{Heap before GC invocations=518 (full 24):
 par new generation   total 109248K, used 101069K [0x00000000e0000000, 0x00000000e8000000, 0x00000000e8000000)
  eden space 87424K, 100% used [0x00000000e0000000, 0x00000000e5560000, 0x00000000e5560000)
  from space 21824K,  62% used [0x00000000e5560000, 0x00000000e62b3500, 0x00000000e6ab0000)
  to   space 21824K,   0% used [0x00000000e6ab0000, 0x00000000e6ab0000, 0x00000000e8000000)
 concurrent mark-sweep generation total 393216K, used 195911K [0x00000000e8000000, 0x0000000100000000, 0x0000000100000000)
 Metaspace       used 47166K, capacity 48975K, committed 49624K, reserved 1093632K
  class space    used 5097K, capacity 5483K, committed 5628K, reserved 1048576K
2018-10-23T07:44:03.892+0000: 313.837: [GC (Allocation Failure) 2018-10-23T07:44:03.892+0000: 313.837: [ParNew
Desired survivor size 20112992 bytes, new threshold 8 (max 8)
- age   1:    3222776 bytes,    3222776 total
- age   2:    2704656 bytes,    5927432 total
- age   3:    1512840 bytes,    7440272 total
- age   4:    1122312 bytes,    8562584 total
- age   5:     763976 bytes,    9326560 total
- age   6:     883680 bytes,   10210240 total
- age   7:     652784 bytes,   10863024 total
- age   8:     754968 bytes,   11617992 total
: 101069K->12652K(109248K), 0.0338213 secs] 296980K->209066K(502464K), 0.0339322 secs] [Times: user=0.06 sys=0.00, real=0.03 secs] 
Heap after GC invocations=519 (full 24):
 par new generation   total 109248K, used 12652K [0x00000000e0000000, 0x00000000e8000000, 0x00000000e8000000)
  eden space 87424K,   0% used [0x00000000e0000000, 0x00000000e0000000, 0x00000000e5560000)
  from space 21824K,  57% used [0x00000000e6ab0000, 0x00000000e770b3b8, 0x00000000e8000000)
  to   space 21824K,   0% used [0x00000000e5560000, 0x00000000e5560000, 0x00000000e6ab0000)
 concurrent mark-sweep generation total 393216K, used 196413K [0x00000000e8000000, 0x0000000100000000, 0x0000000100000000)
 Metaspace       used 47166K, capacity 48975K, committed 49624K, reserved 1093632K
  class space    used 5097K, capacity 5483K, committed 5628K, reserved 1048576K
}
2018-10-23T07:44:03.926+0000: 313.871: Total time for which application threads were stopped: 0.0345190 seconds, Stopping threads took: 0.0000786 seconds
{Heap before GC invocations=519 (full 24):
 par new generation   total 109248K, used 100076K [0x00000000e0000000, 0x00000000e8000000, 0x00000000e8000000)
  eden space 87424K, 100% used [0x00000000e0000000, 0x00000000e5560000, 0x00000000e5560000)
  from space 21824K,  57% used [0x00000000e6ab0000, 0x00000000e770b3b8, 0x00000000e8000000)
  to   space 21824K,   0% used [0x00000000e5560000, 0x00000000e5560000, 0x00000000e6ab0000)
 concurrent mark-sweep generation total 393216K, used 196413K [0x00000000e8000000, 0x0000000100000000, 0x0000000100000000)
 Metaspace       used 47166K, capacity 48975K, committed 49624K, reserved 1093632K
  class space    used 5097K, capacity 5483K, committed 5628K, reserved 1048576K
2018-10-23T07:44:04.107+0000: 314.053: [GC (Allocation Failure) 2018-10-23T07:44:04.107+0000: 314.053: [ParNew
Desired survivor size 20112992 bytes, new threshold 8 (max 8)
- age   1:    2195904 bytes,    2195904 total
- age   2:    2258824 bytes,    4454728 total
- age   3:    2699768 bytes,    7154496 total
- age   4:    1512808 bytes,    8667304 total
- age   5:    1122312 bytes,    9789616 total
- age   6:     763976 bytes,   10553592 total
- age   7:     818128 bytes,   11371720 total
- age   8:     652784 bytes,   12024504 total
: 100076K->16487K(109248K), 0.0519651 secs] 296490K->213638K(502464K), 0.0520725 secs] [Times: user=0.04 sys=0.00, real=0.06 secs] 
Heap after GC invocations=520 (full 24):
 par new generation   total 109248K, used 16487K [0x00000000e0000000, 0x00000000e8000000, 0x00000000e8000000)
  eden space 87424K,   0% used [0x00000000e0000000, 0x00000000e0000000, 0x00000000e5560000)
  from space 21824K,  75% used [0x00000000e5560000, 0x00000000e6579f10, 0x00000000e6ab0000)
  to   space 21824K,   0% used [0x00000000e6ab0000, 0x00000000e6ab0000, 0x00000000e8000000)
 concurrent mark-sweep generation total 393216K, used 197150K [0x00000000e8000000, 0x0000000100000000, 0x0000000100000000)
 Metaspace       used 47166K, capacity 48975K, committed 49624K, reserved 1093632K
  class space    used 5097K, capacity 5483K, committed 5628K, reserved 1048576K
}
2018-10-23T07:44:04.159+0000: 314.105: Total time for which application threads were stopped: 0.0525981 seconds, Stopping threads took: 0.0000745 seconds
2018-10-23T07:44:04.172+0000: 314.118: [GC (CMS Initial Mark) [1 CMS-initial-mark: 197150K(393216K)] 219012K(502464K), 0.0163174 secs] [Times: user=0.01 sys=0.00, real=0.01 secs] 
2018-10-23T07:44:04.189+0000: 314.134: Total time for which application threads were stopped: 0.0221078 seconds, Stopping threads took: 0.0053580 seconds
2018-10-23T07:44:04.189+0000: 314.134: [CMS-concurrent-mark-start]
{Heap before GC invocations=520 (full 25):
 par new generation   total 109248K, used 103911K [0x00000000e0000000, 0x00000000e8000000, 0x00000000e8000000)
  eden space 87424K, 100% used [0x00000000e0000000, 0x00000000e5560000, 0x00000000e5560000)
  from space 21824K,  75% used [0x00000000e5560000, 0x00000000e6579f10, 0x00000000e6ab0000)
  to   space 21824K,   0% used [0x00000000e6ab0000, 0x00000000e6ab0000, 0x00000000e8000000)
 concurrent mark-sweep generation total 393216K, used 197150K [0x00000000e8000000, 0x0000000100000000, 0x0000000100000000)
 Metaspace       used 47166K, capacity 48975K, committed 49624K, reserved 1093632K
  class space    used 5097K, capacity 5483K, committed 5628K, reserved 1048576K
2018-10-23T07:44:04.415+0000: 314.361: [GC (Allocation Failure) 2018-10-23T07:44:04.415+0000: 314.361: [ParNew
Desired survivor size 20112992 bytes, new threshold 8 (max 8)
- age   1:    2706296 bytes,    2706296 total
- age   2:    1251592 bytes,    3957888 total
- age   3:    2134800 bytes,    6092688 total
- age   4:    2699512 bytes,    8792200 total
- age   5:    1512808 bytes,   10305008 total
- age   6:    1122312 bytes,   11427320 total
- age   7:     763976 bytes,   12191296 total
- age   8:     818128 bytes,   13009424 total
: 103911K->17878K(109248K), 0.0687850 secs] 301062K->215666K(502464K), 0.0688993 secs] [Times: user=0.04 sys=0.00, real=0.07 secs] 
Heap after GC invocations=521 (full 25):
 par new generation   total 109248K, used 17878K [0x00000000e0000000, 0x00000000e8000000, 0x00000000e8000000)
  eden space 87424K,   0% used [0x00000000e0000000, 0x00000000e0000000, 0x00000000e5560000)
  from space 21824K,  81% used [0x00000000e6ab0000, 0x00000000e7c25ab0, 0x00000000e8000000)
  to   space 21824K,   0% used [0x00000000e5560000, 0x00000000e5560000, 0x00000000e6ab0000)
 concurrent mark-sweep generation total 393216K, used 197788K [0x00000000e8000000, 0x0000000100000000, 0x0000000100000000)
 Metaspace       used 47166K, capacity 48975K, committed 49624K, reserved 1093632K
  class space    used 5097K, capacity 5483K, committed 5628K, reserved 1048576K
}
2018-10-23T07:44:04.484+0000: 314.430: Total time for which application threads were stopped: 0.0812934 seconds, Stopping threads took: 0.0118948 seconds
2018-10-23T07:44:04.502+0000: 314.447: [CMS-concurrent-mark: 0.232/0.313 secs] [Times: user=0.55 sys=0.00, real=0.32 secs] 
2018-10-23T07:44:04.502+0000: 314.448: [CMS-concurrent-preclean-start]
2018-10-23T07:44:04.506+0000: 314.452: [CMS-concurrent-preclean: 0.004/0.005 secs] [Times: user=0.01 sys=0.00, real=0.00 secs] 
2018-10-23T07:44:04.507+0000: 314.452: [CMS-concurrent-abortable-preclean-start]
{Heap before GC invocations=521 (full 25):
 par new generation   total 109248K, used 105302K [0x00000000e0000000, 0x00000000e8000000, 0x00000000e8000000)
  eden space 87424K, 100% used [0x00000000e0000000, 0x00000000e5560000, 0x00000000e5560000)
  from space 21824K,  81% used [0x00000000e6ab0000, 0x00000000e7c25ab0, 0x00000000e8000000)
  to   space 21824K,   0% used [0x00000000e5560000, 0x00000000e5560000, 0x00000000e6ab0000)
 concurrent mark-sweep generation total 393216K, used 197788K [0x00000000e8000000, 0x0000000100000000, 0x0000000100000000)
 Metaspace       used 47166K, capacity 48975K, committed 49624K, reserved 1093632K
  class space    used 5097K, capacity 5483K, committed 5628K, reserved 1048576K
2018-10-23T07:44:04.601+0000: 314.546: [GC (Allocation Failure) 2018-10-23T07:44:04.601+0000: 314.546: [ParNew
Desired survivor size 20112992 bytes, new threshold 8 (max 8)
- age   1:    2600072 bytes,    2600072 total
- age   2:    1581504 bytes,    4181576 total
- age   3:    1191832 bytes,    5373408 total
- age   4:    2099280 bytes,    7472688 total
- age   5:    2699512 bytes,   10172200 total
- age   6:    1512808 bytes,   11685008 total
- age   7:    1122312 bytes,   12807320 total
- age   8:     763976 bytes,   13571296 total
: 105302K->16380K(109248K), 0.0180709 secs] 303090K->214967K(502464K), 0.0181641 secs] [Times: user=0.03 sys=0.00, real=0.02 secs] 
Heap after GC invocations=522 (full 25):
 par new generation   total 109248K, used 16380K [0x00000000e0000000, 0x00000000e8000000, 0x00000000e8000000)
  eden space 87424K,   0% used [0x00000000e0000000, 0x00000000e0000000, 0x00000000e5560000)
  from space 21824K,  75% used [0x00000000e5560000, 0x00000000e655f0a0, 0x00000000e6ab0000)
  to   space 21824K,   0% used [0x00000000e6ab0000, 0x00000000e6ab0000, 0x00000000e8000000)
 concurrent mark-sweep generation total 393216K, used 198587K [0x00000000e8000000, 0x0000000100000000, 0x0000000100000000)
 Metaspace       used 47166K, capacity 48975K, committed 49624K, reserved 1093632K
  class space    used 5097K, capacity 5483K, committed 5628K, reserved 1048576K
}
2018-10-23T07:44:04.619+0000: 314.565: Total time for which application threads were stopped: 0.0187385 seconds, Stopping threads took: 0.0001250 seconds
2018-10-23T07:44:04.747+0000: 314.693: [CMS-concurrent-abortable-preclean: 0.172/0.241 secs] [Times: user=0.49 sys=0.00, real=0.24 secs] 
2018-10-23T07:44:04.749+0000: 314.695: [GC (CMS Final Remark) [YG occupancy: 86194 K (109248 K)]{Heap before GC invocations=522 (full 25):
 par new generation   total 109248K, used 86194K [0x00000000e0000000, 0x00000000e8000000, 0x00000000e8000000)
  eden space 87424K,  79% used [0x00000000e0000000, 0x00000000e442da48, 0x00000000e5560000)
  from space 21824K,  75% used [0x00000000e5560000, 0x00000000e655f0a0, 0x00000000e6ab0000)
  to   space 21824K,   0% used [0x00000000e6ab0000, 0x00000000e6ab0000, 0x00000000e8000000)
 concurrent mark-sweep generation total 393216K, used 198587K [0x00000000e8000000, 0x0000000100000000, 0x0000000100000000)
 Metaspace       used 47172K, capacity 48975K, committed 49624K, reserved 1093632K
  class space    used 5097K, capacity 5483K, committed 5628K, reserved 1048576K
2018-10-23T07:44:04.749+0000: 314.695: [GC (CMS Final Remark) 2018-10-23T07:44:04.749+0000: 314.695: [ParNew
Desired survivor size 20112992 bytes, new threshold 8 (max 8)
- age   1:    3375776 bytes,    3375776 total
- age   2:     136272 bytes,    3512048 total
- age   3:     163720 bytes,    3675768 total
- age   4:     155368 bytes,    3831136 total
- age   5:     789136 bytes,    4620272 total
- age   6:    1093256 bytes,    5713528 total
- age   7:    1512528 bytes,    7226056 total
- age   8:    1122312 bytes,    8348368 total
: 86194K->14442K(109248K), 0.0518153 secs] 284781K->213775K(502464K), 0.0519025 secs] [Times: user=0.03 sys=0.00, real=0.06 secs] 
Heap after GC invocations=523 (full 25):
 par new generation   total 109248K, used 14442K [0x00000000e0000000, 0x00000000e8000000, 0x00000000e8000000)
  eden space 87424K,   0% used [0x00000000e0000000, 0x00000000e0000000, 0x00000000e5560000)
  from space 21824K,  66% used [0x00000000e6ab0000, 0x00000000e78ca9b0, 0x00000000e8000000)
  to   space 21824K,   0% used [0x00000000e5560000, 0x00000000e5560000, 0x00000000e6ab0000)
 concurrent mark-sweep generation total 393216K, used 199333K [0x00000000e8000000, 0x0000000100000000, 0x0000000100000000)
 Metaspace       used 47172K, capacity 48975K, committed 49624K, reserved 1093632K
  class space    used 5097K, capacity 5483K, committed 5628K, reserved 1048576K
}
2018-10-23T07:44:04.801+0000: 314.747: [Rescan (parallel) , 0.0030321 secs]2018-10-23T07:44:04.804+0000: 314.750: [weak refs processing, 0.0586964 secs]2018-10-23T07:44:04.863+0000: 314.809: [class unloading, 0.0142104 secs]2018-10-23T07:44:04.877+0000: 314.823: [scrub symbol table, 0.0107477 secs]2018-10-23T07:44:04.888+0000: 314.834: [scrub string table, 0.0008413 secs][1 CMS-remark: 199333K(393216K)] 213775K(502464K), 0.1443023 secs] [Times: user=0.09 sys=0.00, real=0.15 secs] 
2018-10-23T07:44:04.894+0000: 314.840: Total time for which application threads were stopped: 0.1447156 seconds, Stopping threads took: 0.0000517 seconds
2018-10-23T07:44:04.922+0000: 314.867: [CMS-concurrent-sweep-start]
{Heap before GC invocations=523 (full 25):
 par new generation   total 109248K, used 101866K [0x00000000e0000000, 0x00000000e8000000, 0x00000000e8000000)
  eden space 87424K, 100% used [0x00000000e0000000, 0x00000000e5560000, 0x00000000e5560000)
  from space 21824K,  66% used [0x00000000e6ab0000, 0x00000000e78ca9b0, 0x00000000e8000000)
  to   space 21824K,   0% used [0x00000000e5560000, 0x00000000e5560000, 0x00000000e6ab0000)
 concurrent mark-sweep generation total 393216K, used 194774K [0x00000000e8000000, 0x0000000100000000, 0x0000000100000000)
 Metaspace       used 47172K, capacity 48975K, committed 49624K, reserved 1093632K
  class space    used 5097K, capacity 5483K, committed 5628K, reserved 1048576K
2018-10-23T07:44:05.018+0000: 314.964: [GC (Allocation Failure) 2018-10-23T07:44:05.018+0000: 314.964: [ParNew
Desired survivor size 20112992 bytes, new threshold 8 (max 8)
- age   1:    2282496 bytes,    2282496 total
- age   2:    2800424 bytes,    5082920 total
- age   3:     136240 bytes,    5219160 total
- age   4:     163720 bytes,    5382880 total
- age   5:     155368 bytes,    5538248 total
- age   6:     787312 bytes,    6325560 total
- age   7:    1090800 bytes,    7416360 total
- age   8:     240632 bytes,    7656992 total
: 101866K->8621K(109248K), 0.0251483 secs] 296641K->203896K(502464K), 0.0252508 secs] [Times: user=0.02 sys=0.00, real=0.02 secs] 
Heap after GC invocations=524 (full 25):
 par new generation   total 109248K, used 8621K [0x00000000e0000000, 0x00000000e8000000, 0x00000000e8000000)
  eden space 87424K,   0% used [0x00000000e0000000, 0x00000000e0000000, 0x00000000e5560000)
  from space 21824K,  39% used [0x00000000e5560000, 0x00000000e5dcb698, 0x00000000e6ab0000)
  to   space 21824K,   0% used [0x00000000e6ab0000, 0x00000000e6ab0000, 0x00000000e8000000)
 concurrent mark-sweep generation total 393216K, used 195274K [0x00000000e8000000, 0x0000000100000000, 0x0000000100000000)
 Metaspace       used 47172K, capacity 48975K, committed 49624K, reserved 1093632K
  class space    used 5097K, capacity 5483K, committed 5628K, reserved 1048576K
}
2018-10-23T07:44:05.044+0000: 314.990: Total time for which application threads were stopped: 0.0258279 seconds, Stopping threads took: 0.0001083 seconds
2018-10-23T07:44:05.079+0000: 315.025: [CMS-concurrent-sweep: 0.131/0.157 secs] [Times: user=0.30 sys=0.00, real=0.16 secs] 
2018-10-23T07:44:05.079+0000: 315.025: [CMS-concurrent-reset-start]
2018-10-23T07:44:05.080+0000: 315.026: [CMS-concurrent-reset: 0.001/0.001 secs] [Times: user=0.00 sys=0.00, real=0.00 secs] 
{Heap before GC invocations=524 (full 25):
 par new generation   total 109248K, used 96045K [0x00000000e0000000, 0x00000000e8000000, 0x00000000e8000000)
  eden space 87424K, 100% used [0x00000000e0000000, 0x00000000e5560000, 0x00000000e5560000)
  from space 21824K,  39% used [0x00000000e5560000, 0x00000000e5dcb698, 0x00000000e6ab0000)
  to   space 21824K,   0% used [0x00000000e6ab0000, 0x00000000e6ab0000, 0x00000000e8000000)
 concurrent mark-sweep generation total 393216K, used 190327K [0x00000000e8000000, 0x0000000100000000, 0x0000000100000000)
 Metaspace       used 47172K, capacity 48975K, committed 49624K, reserved 1093632K
  class space    used 5097K, capacity 5483K, committed 5628K, reserved 1048576K
2018-10-23T07:44:05.202+0000: 315.148: [GC (Allocation Failure) 2018-10-23T07:44:05.202+0000: 315.148: [ParNew
Desired survivor size 20112992 bytes, new threshold 8 (max 8)
- age   1:    2233792 bytes,    2233792 total
- age   2:    1412792 bytes,    3646584 total
- age   3:    2799016 bytes,    6445600 total
- age   4:     136240 bytes,    6581840 total
- age   5:     163720 bytes,    6745560 total
- age   6:     155368 bytes,    6900928 total
- age   7:     787312 bytes,    7688240 total
- age   8:    1090800 bytes,    8779040 total
: 96045K->10259K(109248K), 0.0354697 secs] 286373K->200822K(502464K), 0.0355720 secs] [Times: user=0.04 sys=0.00, real=0.04 secs] 
Heap after GC invocations=525 (full 25):
 par new generation   total 109248K, used 10259K [0x00000000e0000000, 0x00000000e8000000, 0x00000000e8000000)
  eden space 87424K,   0% used [0x00000000e0000000, 0x00000000e0000000, 0x00000000e5560000)
  from space 21824K,  47% used [0x00000000e6ab0000, 0x00000000e74b4ee0, 0x00000000e8000000)
  to   space 21824K,   0% used [0x00000000e5560000, 0x00000000e5560000, 0x00000000e6ab0000)
 concurrent mark-sweep generation total 393216K, used 190562K [0x00000000e8000000, 0x0000000100000000, 0x0000000100000000)
 Metaspace       used 47172K, capacity 48975K, committed 49624K, reserved 1093632K
  class space    used 5097K, capacity 5483K, committed 5628K, reserved 1048576K
}
2018-10-23T07:44:05.238+0000: 315.184: Total time for which application threads were stopped: 0.0506214 seconds, Stopping threads took: 0.0145269 seconds
{Heap before GC invocations=525 (full 25):
 par new generation   total 109248K, used 97683K [0x00000000e0000000, 0x00000000e8000000, 0x00000000e8000000)
  eden space 87424K, 100% used [0x00000000e0000000, 0x00000000e5560000, 0x00000000e5560000)
  from space 21824K,  47% used [0x00000000e6ab0000, 0x00000000e74b4ee0, 0x00000000e8000000)
  to   space 21824K,   0% used [0x00000000e5560000, 0x00000000e5560000, 0x00000000e6ab0000)
 concurrent mark-sweep generation total 393216K, used 190562K [0x00000000e8000000, 0x0000000100000000, 0x0000000100000000)
 Metaspace       used 47172K, capacity 48975K, committed 49624K, reserved 1093632K
  class space    used 5097K, capacity 5483K, committed 5628K, reserved 1048576K
2018-10-23T07:44:05.434+0000: 315.380: [GC (Allocation Failure) 2018-10-23T07:44:05.434+0000: 315.380: [ParNew
Desired survivor size 20112992 bytes, new threshold 8 (max 8)
- age   1:    2417344 bytes,    2417344 total
- age   2:    1226504 bytes,    3643848 total
- age   3:    1352616 bytes,    4996464 total
- age   4:    2798496 bytes,    7794960 total
- age   5:     136240 bytes,    7931200 total
- age   6:     163720 bytes,    8094920 total
- age   7:     155368 bytes,    8250288 total
- age   8:     787312 bytes,    9037600 total
: 97683K->12209K(109248K), 0.0218282 secs] 288246K->203838K(502464K), 0.0219239 secs] [Times: user=0.04 sys=0.00, real=0.02 secs] 
Heap after GC invocations=526 (full 25):
 par new generation   total 109248K, used 12209K [0x00000000e0000000, 0x00000000e8000000, 0x00000000e8000000)
  eden space 87424K,   0% used [0x00000000e0000000, 0x00000000e0000000, 0x00000000e5560000)
  from space 21824K,  55% used [0x00000000e5560000, 0x00000000e614c7a0, 0x00000000e6ab0000)
  to   space 21824K,   0% used [0x00000000e6ab0000, 0x00000000e6ab0000, 0x00000000e8000000)
 concurrent mark-sweep generation total 393216K, used 191628K [0x00000000e8000000, 0x0000000100000000, 0x0000000100000000)
 Metaspace       used 47172K, capacity 48975K, committed 49624K, reserved 1093632K
  class space    used 5097K, capacity 5483K, committed 5628K, reserved 1048576K
}
2018-10-23T07:44:05.456+0000: 315.402: Total time for which application threads were stopped: 0.0263561 seconds, Stopping threads took: 0.0039658 seconds
2018-10-23T07:44:05.742+0000: 315.688: Total time for which application threads were stopped: 0.0011856 seconds, Stopping threads took: 0.0007937 seconds
{Heap before GC invocations=526 (full 25):
 par new generation   total 109248K, used 99633K [0x00000000e0000000, 0x00000000e8000000, 0x00000000e8000000)
  eden space 87424K, 100% used [0x00000000e0000000, 0x00000000e5560000, 0x00000000e5560000)
  from space 21824K,  55% used [0x00000000e5560000, 0x00000000e614c7a0, 0x00000000e6ab0000)
  to   space 21824K,   0% used [0x00000000e6ab0000, 0x00000000e6ab0000, 0x00000000e8000000)
 concurrent mark-sweep generation total 393216K, used 191628K [0x00000000e8000000, 0x0000000100000000, 0x0000000100000000)
 Metaspace       used 47177K, capacity 48975K, committed 49624K, reserved 1093632K
  class space    used 5097K, capacity 5483K, committed 5628K, reserved 1048576K
2018-10-23T07:44:05.778+0000: 315.724: [GC (Allocation Failure) 2018-10-23T07:44:05.778+0000: 315.724: [ParNew
Desired survivor size 20112992 bytes, new threshold 8 (max 8)
- age   1:    3691696 bytes,    3691696 total
- age   2:     777496 bytes,    4469192 total
- age   3:     742000 bytes,    5211192 total
- age   4:     470800 bytes,    5681992 total
- age   5:    1784904 bytes,    7466896 total
- age   6:     136240 bytes,    7603136 total
- age   7:     163720 bytes,    7766856 total
- age   8:     155336 bytes,    7922192 total
: 99633K->10665K(109248K), 0.0763368 secs] 291262K->203062K(502464K), 0.0764616 secs] [Times: user=0.04 sys=0.00, real=0.07 secs] 
Heap after GC invocations=527 (full 25):
 par new generation   total 109248K, used 10665K [0x00000000e0000000, 0x00000000e8000000, 0x00000000e8000000)
  eden space 87424K,   0% used [0x00000000e0000000, 0x00000000e0000000, 0x00000000e5560000)
  from space 21824K,  48% used [0x00000000e6ab0000, 0x00000000e751a540, 0x00000000e8000000)
  to   space 21824K,   0% used [0x00000000e5560000, 0x00000000e5560000, 0x00000000e6ab0000)
 concurrent mark-sweep generation total 393216K, used 192397K [0x00000000e8000000, 0x0000000100000000, 0x0000000100000000)
 Metaspace       used 47177K, capacity 48975K, committed 49624K, reserved 1093632K
  class space    used 5097K, capacity 5483K, committed 5628K, reserved 1048576K
}
2018-10-23T07:44:05.854+0000: 315.800: Total time for which application threads were stopped: 0.0861508 seconds, Stopping threads took: 0.0091711 seconds
{Heap before GC invocations=527 (full 25):
 par new generation   total 109248K, used 98089K [0x00000000e0000000, 0x00000000e8000000, 0x00000000e8000000)
  eden space 87424K, 100% used [0x00000000e0000000, 0x00000000e5560000, 0x00000000e5560000)
  from space 21824K,  48% used [0x00000000e6ab0000, 0x00000000e751a540, 0x00000000e8000000)
  to   space 21824K,   0% used [0x00000000e5560000, 0x00000000e5560000, 0x00000000e6ab0000)
 concurrent mark-sweep generation total 393216K, used 192397K [0x00000000e8000000, 0x0000000100000000, 0x0000000100000000)
 Metaspace       used 47182K, capacity 48975K, committed 49624K, reserved 1093632K
  class space    used 5097K, capacity 5483K, committed 5628K, reserved 1048576K
2018-10-23T07:44:06.008+0000: 315.954: [GC (Allocation Failure) 2018-10-23T07:44:06.008+0000: 315.954: [ParNew
Desired survivor size 20112992 bytes, new threshold 8 (max 8)
- age   1:    2212264 bytes,    2212264 total
- age   2:    2405520 bytes,    4617784 total
- age   3:     169960 bytes,    4787744 total
- age   4:     153920 bytes,    4941664 total
- age   5:     156000 bytes,    5097664 total
- age   6:    1363712 bytes,    6461376 total
- age   7:     136240 bytes,    6597616 total
- age   8:     163720 bytes,    6761336 total
: 98089K->8468K(109248K), 0.0072529 secs] 290486K->201017K(502464K), 0.0073307 secs] [Times: user=0.01 sys=0.00, real=0.01 secs] 
Heap after GC invocations=528 (full 25):
 par new generation   total 109248K, used 8468K [0x00000000e0000000, 0x00000000e8000000, 0x00000000e8000000)
  eden space 87424K,   0% used [0x00000000e0000000, 0x00000000e0000000, 0x00000000e5560000)
  from space 21824K,  38% used [0x00000000e5560000, 0x00000000e5da5300, 0x00000000e6ab0000)
  to   space 21824K,   0% used [0x00000000e6ab0000, 0x00000000e6ab0000, 0x00000000e8000000)
 concurrent mark-sweep generation total 393216K, used 192549K [0x00000000e8000000, 0x0000000100000000, 0x0000000100000000)
 Metaspace       used 47182K, capacity 48975K, committed 49624K, reserved 1093632K
  class space    used 5097K, capacity 5483K, committed 5628K, reserved 1048576K
}
2018-10-23T07:44:06.016+0000: 315.961: Total time for which application threads were stopped: 0.0078655 seconds, Stopping threads took: 0.0000785 seconds
{Heap before GC invocations=528 (full 25):
 par new generation   total 109248K, used 95892K [0x00000000e0000000, 0x00000000e8000000, 0x00000000e8000000)
  eden space 87424K, 100% used [0x00000000e0000000, 0x00000000e5560000, 0x00000000e5560000)
  from space 21824K,  38% used [0x00000000e5560000, 0x00000000e5da5300, 0x00000000e6ab0000)
  to   space 21824K,   0% used [0x00000000e6ab0000, 0x00000000e6ab0000, 0x00000000e8000000)
 concurrent mark-sweep generation total 393216K, used 192549K [0x00000000e8000000, 0x0000000100000000, 0x0000000100000000)
 Metaspace       used 47182K, capacity 48975K, committed 49624K, reserved 1093632K
  class space    used 5097K, capacity 5483K, committed 5628K, reserved 1048576K
2018-10-23T07:44:06.166+0000: 316.112: [GC (Allocation Failure) 2018-10-23T07:44:06.166+0000: 316.112: [ParNew
Desired survivor size 20112992 bytes, new threshold 8 (max 8)
- age   1:    1597504 bytes,    1597504 total
- age   2:    1271440 bytes,    2868944 total
- age   3:    2405120 bytes,    5274064 total
- age   4:     169960 bytes,    5444024 total
- age   5:     153920 bytes,    5597944 total
- age   6:     156000 bytes,    5753944 total
- age   7:    1362800 bytes,    7116744 total
- age   8:     136240 bytes,    7252984 total
: 95892K->7513K(109248K), 0.0354646 secs] 288441K->200222K(502464K), 0.0355689 secs] [Times: user=0.03 sys=0.00, real=0.04 secs] 
Heap after GC invocations=529 (full 25):
 par new generation   total 109248K, used 7513K [0x00000000e0000000, 0x00000000e8000000, 0x00000000e8000000)
  eden space 87424K,   0% used [0x00000000e0000000, 0x00000000e0000000, 0x00000000e5560000)
  from space 21824K,  34% used [0x00000000e6ab0000, 0x00000000e72065c0, 0x00000000e8000000)
  to   space 21824K,   0% used [0x00000000e5560000, 0x00000000e5560000, 0x00000000e6ab0000)
 concurrent mark-sweep generation total 393216K, used 192708K [0x00000000e8000000, 0x0000000100000000, 0x0000000100000000)
 Metaspace       used 47182K, capacity 48975K, committed 49624K, reserved 1093632K
  class space    used 5097K, capacity 5483K, committed 5628K, reserved 1048576K
}
2018-10-23T07:44:06.202+0000: 316.148: Total time for which application threads were stopped: 0.0504979 seconds, Stopping threads took: 0.0144332 seconds
{Heap before GC invocations=529 (full 25):
 par new generation   total 109248K, used 94937K [0x00000000e0000000, 0x00000000e8000000, 0x00000000e8000000)
  eden space 87424K, 100% used [0x00000000e0000000, 0x00000000e5560000, 0x00000000e5560000)
  from space 21824K,  34% used [0x00000000e6ab0000, 0x00000000e72065c0, 0x00000000e8000000)
  to   space 21824K,   0% used [0x00000000e5560000, 0x00000000e5560000, 0x00000000e6ab0000)
 concurrent mark-sweep generation total 393216K, used 192708K [0x00000000e8000000, 0x0000000100000000, 0x0000000100000000)
 Metaspace       used 47182K, capacity 48975K, committed 49624K, reserved 1093632K
  class space    used 5097K, capacity 5483K, committed 5628K, reserved 1048576K
2018-10-23T07:44:06.290+0000: 316.236: [GC (Allocation Failure) 2018-10-23T07:44:06.290+0000: 316.236: [ParNew
Desired survivor size 20112992 bytes, new threshold 8 (max 8)
- age   1:    1612040 bytes,    1612040 total
- age   2:     694808 bytes,    2306848 total
- age   3:    1225200 bytes,    3532048 total
- age   4:    2405088 bytes,    5937136 total
- age   5:     169960 bytes,    6107096 total
- age   6:     153920 bytes,    6261016 total
- age   7:     156000 bytes,    6417016 total
- age   8:    1362800 bytes,    7779816 total
: 94937K->10222K(109248K), 0.0769378 secs] 287646K->203064K(502464K), 0.0770460 secs] [Times: user=0.03 sys=0.00, real=0.07 secs] 
Heap after GC invocations=530 (full 25):
 par new generation   total 109248K, used 10222K [0x00000000e0000000, 0x00000000e8000000, 0x00000000e8000000)
  eden space 87424K,   0% used [0x00000000e0000000, 0x00000000e0000000, 0x00000000e5560000)
  from space 21824K,  46% used [0x00000000e5560000, 0x00000000e5f5b9a0, 0x00000000e6ab0000)
  to   space 21824K,   0% used [0x00000000e6ab0000, 0x00000000e6ab0000, 0x00000000e8000000)
 concurrent mark-sweep generation total 393216K, used 192842K [0x00000000e8000000, 0x0000000100000000, 0x0000000100000000)
 Metaspace       used 47182K, capacity 48975K, committed 49624K, reserved 1093632K
  class space    used 5097K, capacity 5483K, committed 5628K, reserved 1048576K
}
2018-10-23T07:44:06.367+0000: 316.313: Total time for which application threads were stopped: 0.0776192 seconds, Stopping threads took: 0.0000844 seconds
{Heap before GC invocations=530 (full 25):
 par new generation   total 109248K, used 97646K [0x00000000e0000000, 0x00000000e8000000, 0x00000000e8000000)
  eden space 87424K, 100% used [0x00000000e0000000, 0x00000000e5560000, 0x00000000e5560000)
  from space 21824K,  46% used [0x00000000e5560000, 0x00000000e5f5b9a0, 0x00000000e6ab0000)
  to   space 21824K,   0% used [0x00000000e6ab0000, 0x00000000e6ab0000, 0x00000000e8000000)
 concurrent mark-sweep generation total 393216K, used 192842K [0x00000000e8000000, 0x0000000100000000, 0x0000000100000000)
 Metaspace       used 47182K, capacity 48975K, committed 49624K, reserved 1093632K
  class space    used 5097K, capacity 5483K, committed 5628K, reserved 1048576K
2018-10-23T07:44:06.487+0000: 316.432: [GC (Allocation Failure) 2018-10-23T07:44:06.487+0000: 316.432: [ParNew
Desired survivor size 20112992 bytes, new threshold 8 (max 8)
- age   1:    1708608 bytes,    1708608 total
- age   2:     800680 bytes,    2509288 total
- age   3:     583856 bytes,    3093144 total
- age   4:    1212488 bytes,    4305632 total
- age   5:    2404976 bytes,    6710608 total
- age   6:     169960 bytes,    6880568 total
- age   7:     153920 bytes,    7034488 total
- age   8:     156000 bytes,    7190488 total
: 97646K->10243K(109248K), 0.0229281 secs] 290488K->204417K(502464K), 0.0230259 secs] [Times: user=0.03 sys=0.00, real=0.03 secs] 
Heap after GC invocations=531 (full 25):
 par new generation   total 109248K, used 10243K [0x00000000e0000000, 0x00000000e8000000, 0x00000000e8000000)
  eden space 87424K,   0% used [0x00000000e0000000, 0x00000000e0000000, 0x00000000e5560000)
  from space 21824K,  46% used [0x00000000e6ab0000, 0x00000000e74b0f08, 0x00000000e8000000)
  to   space 21824K,   0% used [0x00000000e5560000, 0x00000000e5560000, 0x00000000e6ab0000)
 concurrent mark-sweep generation total 393216K, used 194173K [0x00000000e8000000, 0x0000000100000000, 0x0000000100000000)
 Metaspace       used 47182K, capacity 48975K, committed 49624K, reserved 1093632K
  class space    used 5097K, capacity 5483K, committed 5628K, reserved 1048576K
}
2018-10-23T07:44:06.510+0000: 316.456: Total time for which application threads were stopped: 0.0269886 seconds, Stopping threads took: 0.0034806 seconds
{Heap before GC invocations=531 (full 25):
 par new generation   total 109248K, used 97667K [0x00000000e0000000, 0x00000000e8000000, 0x00000000e8000000)
  eden space 87424K, 100% used [0x00000000e0000000, 0x00000000e5560000, 0x00000000e5560000)
  from space 21824K,  46% used [0x00000000e6ab0000, 0x00000000e74b0f08, 0x00000000e8000000)
  to   space 21824K,   0% used [0x00000000e5560000, 0x00000000e5560000, 0x00000000e6ab0000)
 concurrent mark-sweep generation total 393216K, used 194173K [0x00000000e8000000, 0x0000000100000000, 0x0000000100000000)
 Metaspace       used 47182K, capacity 48975K, committed 49624K, reserved 1093632K
  class space    used 5097K, capacity 5483K, committed 5628K, reserved 1048576K
2018-10-23T07:44:06.663+0000: 316.609: [GC (Allocation Failure) 2018-10-23T07:44:06.663+0000: 316.609: [ParNew
Desired survivor size 20112992 bytes, new threshold 8 (max 8)
- age   1:    2843016 bytes,    2843016 total
- age   2:     686920 bytes,    3529936 total
- age   3:     613576 bytes,    4143512 total
- age   4:     525048 bytes,    4668560 total
- age   5:    1109048 bytes,    5777608 total
- age   6:    2404368 bytes,    8181976 total
- age   7:     169960 bytes,    8351936 total
- age   8:     153920 bytes,    8505856 total
: 97667K->10371K(109248K), 0.0314091 secs] 291841K->204697K(502464K), 0.0315062 secs] [Times: user=0.02 sys=0.00, real=0.03 secs] 
Heap after GC invocations=532 (full 25):
 par new generation   total 109248K, used 10371K [0x00000000e0000000, 0x00000000e8000000, 0x00000000e8000000)
  eden space 87424K,   0% used [0x00000000e0000000, 0x00000000e0000000, 0x00000000e5560000)
  from space 21824K,  47% used [0x00000000e5560000, 0x00000000e5f80d78, 0x00000000e6ab0000)
  to   space 21824K,   0% used [0x00000000e6ab0000, 0x00000000e6ab0000, 0x00000000e8000000)
 concurrent mark-sweep generation total 393216K, used 194325K [0x00000000e8000000, 0x0000000100000000, 0x0000000100000000)
 Metaspace       used 47182K, capacity 48975K, committed 49624K, reserved 1093632K
  class space    used 5097K, capacity 5483K, committed 5628K, reserved 1048576K
}
2018-10-23T07:44:06.694+0000: 316.640: Total time for which application threads were stopped: 0.0402970 seconds, Stopping threads took: 0.0083127 seconds
2018-10-23T07:44:06.785+0000: 316.730: Total time for which application threads were stopped: 0.0064436 seconds, Stopping threads took: 0.0060430 seconds
{Heap before GC invocations=532 (full 25):
 par new generation   total 109248K, used 97795K [0x00000000e0000000, 0x00000000e8000000, 0x00000000e8000000)
  eden space 87424K, 100% used [0x00000000e0000000, 0x00000000e5560000, 0x00000000e5560000)
  from space 21824K,  47% used [0x00000000e5560000, 0x00000000e5f80d78, 0x00000000e6ab0000)
  to   space 21824K,   0% used [0x00000000e6ab0000, 0x00000000e6ab0000, 0x00000000e8000000)
 concurrent mark-sweep generation total 393216K, used 194325K [0x00000000e8000000, 0x0000000100000000, 0x0000000100000000)
 Metaspace       used 47185K, capacity 48975K, committed 49624K, reserved 1093632K
  class space    used 5097K, capacity 5483K, committed 5628K, reserved 1048576K
2018-10-23T07:44:06.885+0000: 316.831: [GC (Allocation Failure) 2018-10-23T07:44:06.885+0000: 316.831: [ParNew
Desired survivor size 20112992 bytes, new threshold 8 (max 8)
- age   1:    3559984 bytes,    3559984 total
- age   2:     162744 bytes,    3722728 total
- age   3:      80032 bytes,    3802760 total
- age   4:      78032 bytes,    3880792 total
- age   5:      48880 bytes,    3929672 total
- age   6:     265664 bytes,    4195336 total
- age   7:    1088624 bytes,    5283960 total
- age   8:     169960 bytes,    5453920 total
: 97795K->8965K(109248K), 0.0265283 secs] 292121K->203442K(502464K), 0.0266392 secs] [Times: user=0.03 sys=0.00, real=0.03 secs] 
Heap after GC invocations=533 (full 25):
 par new generation   total 109248K, used 8965K [0x00000000e0000000, 0x00000000e8000000, 0x00000000e8000000)
  eden space 87424K,   0% used [0x00000000e0000000, 0x00000000e0000000, 0x00000000e5560000)
  from space 21824K,  41% used [0x00000000e6ab0000, 0x00000000e73717c0, 0x00000000e8000000)
  to   space 21824K,   0% used [0x00000000e5560000, 0x00000000e5560000, 0x00000000e6ab0000)
 concurrent mark-sweep generation total 393216K, used 194476K [0x00000000e8000000, 0x0000000100000000, 0x0000000100000000)
 Metaspace       used 47185K, capacity 48975K, committed 49624K, reserved 1093632K
  class space    used 5097K, capacity 5483K, committed 5628K, reserved 1048576K
}
2018-10-23T07:44:06.912+0000: 316.857: Total time for which application threads were stopped: 0.0341714 seconds, Stopping threads took: 0.0070448 seconds
{Heap before GC invocations=533 (full 25):
 par new generation   total 109248K, used 96389K [0x00000000e0000000, 0x00000000e8000000, 0x00000000e8000000)
  eden space 87424K, 100% used [0x00000000e0000000, 0x00000000e5560000, 0x00000000e5560000)
  from space 21824K,  41% used [0x00000000e6ab0000, 0x00000000e73717c0, 0x00000000e8000000)
  to   space 21824K,   0% used [0x00000000e5560000, 0x00000000e5560000, 0x00000000e6ab0000)
 concurrent mark-sweep generation total 393216K, used 194476K [0x00000000e8000000, 0x0000000100000000, 0x0000000100000000)
 Metaspace       used 47185K, capacity 48975K, committed 49624K, reserved 1093632K
  class space    used 5097K, capacity 5483K, committed 5628K, reserved 1048576K
2018-10-23T07:44:07.074+0000: 317.020: [GC (Allocation Failure) 2018-10-23T07:44:07.074+0000: 317.020: [ParNew
Desired survivor size 20112992 bytes, new threshold 8 (max 8)
- age   1:    1717784 bytes,    1717784 total
- age   2:    3198312 bytes,    4916096 total
- age   3:     158520 bytes,    5074616 total
- age   4:      80032 bytes,    5154648 total
- age   5:      78032 bytes,    5232680 total
- age   6:      48880 bytes,    5281560 total
- age   7:     220808 bytes,    5502368 total
- age   8:    1033760 bytes,    6536128 total
: 96389K->7811K(109248K), 0.0120539 secs] 290866K->202453K(502464K), 0.0121513 secs] [Times: user=0.02 sys=0.00, real=0.01 secs] 
Heap after GC invocations=534 (full 25):
 par new generation   total 109248K, used 7811K [0x00000000e0000000, 0x00000000e8000000, 0x00000000e8000000)
  eden space 87424K,   0% used [0x00000000e0000000, 0x00000000e0000000, 0x00000000e5560000)
  from space 21824K,  35% used [0x00000000e5560000, 0x00000000e5d00f30, 0x00000000e6ab0000)
  to   space 21824K,   0% used [0x00000000e6ab0000, 0x00000000e6ab0000, 0x00000000e8000000)
 concurrent mark-sweep generation total 393216K, used 194642K [0x00000000e8000000, 0x0000000100000000, 0x0000000100000000)
 Metaspace       used 47185K, capacity 48975K, committed 49624K, reserved 1093632K
  class space    used 5097K, capacity 5483K, committed 5628K, reserved 1048576K
}
2018-10-23T07:44:07.086+0000: 317.032: Total time for which application threads were stopped: 0.0166434 seconds, Stopping threads took: 0.0040389 seconds
{Heap before GC invocations=534 (full 25):
 par new generation   total 109248K, used 95235K [0x00000000e0000000, 0x00000000e8000000, 0x00000000e8000000)
  eden space 87424K, 100% used [0x00000000e0000000, 0x00000000e5560000, 0x00000000e5560000)
  from space 21824K,  35% used [0x00000000e5560000, 0x00000000e5d00f30, 0x00000000e6ab0000)
  to   space 21824K,   0% used [0x00000000e6ab0000, 0x00000000e6ab0000, 0x00000000e8000000)
 concurrent mark-sweep generation total 393216K, used 194642K [0x00000000e8000000, 0x0000000100000000, 0x0000000100000000)
 Metaspace       used 47186K, capacity 48975K, committed 49624K, reserved 1093632K
  class space    used 5097K, capacity 5483K, committed 5628K, reserved 1048576K
2018-10-23T07:44:07.273+0000: 317.219: [GC (Allocation Failure) 2018-10-23T07:44:07.273+0000: 317.219: [ParNew
Desired survivor size 20112992 bytes, new threshold 8 (max 8)
- age   1:    2418152 bytes,    2418152 total
- age   2:    1207440 bytes,    3625592 total
- age   3:    3063432 bytes,    6689024 total
- age   4:     158520 bytes,    6847544 total
- age   5:      80032 bytes,    6927576 total
- age   6:      78032 bytes,    7005608 total
- age   7:      48880 bytes,    7054488 total
- age   8:     220808 bytes,    7275296 total
: 95235K->11126K(109248K), 0.0222957 secs] 289877K->206779K(502464K), 0.0224037 secs] [Times: user=0.03 sys=0.00, real=0.02 secs] 
Heap after GC invocations=535 (full 25):
 par new generation   total 109248K, used 11126K [0x00000000e0000000, 0x00000000e8000000, 0x00000000e8000000)
  eden space 87424K,   0% used [0x00000000e0000000, 0x00000000e0000000, 0x00000000e5560000)
  from space 21824K,  50% used [0x00000000e6ab0000, 0x00000000e758dbc0, 0x00000000e8000000)
  to   space 21824K,   0% used [0x00000000e5560000, 0x00000000e5560000, 0x00000000e6ab0000)
 concurrent mark-sweep generation total 393216K, used 195652K [0x00000000e8000000, 0x0000000100000000, 0x0000000100000000)
 Metaspace       used 47186K, capacity 48975K, committed 49624K, reserved 1093632K
  class space    used 5097K, capacity 5483K, committed 5628K, reserved 1048576K
}
2018-10-23T07:44:07.296+0000: 317.242: Total time for which application threads were stopped: 0.0230005 seconds, Stopping threads took: 0.0001012 seconds
{Heap before GC invocations=535 (full 25):
 par new generation   total 109248K, used 98550K [0x00000000e0000000, 0x00000000e8000000, 0x00000000e8000000)
  eden space 87424K, 100% used [0x00000000e0000000, 0x00000000e5560000, 0x00000000e5560000)
  from space 21824K,  50% used [0x00000000e6ab0000, 0x00000000e758dbc0, 0x00000000e8000000)
  to   space 21824K,   0% used [0x00000000e5560000, 0x00000000e5560000, 0x00000000e6ab0000)
 concurrent mark-sweep generation total 393216K, used 195652K [0x00000000e8000000, 0x0000000100000000, 0x0000000100000000)
 Metaspace       used 47186K, capacity 48975K, committed 49624K, reserved 1093632K
  class space    used 5097K, capacity 5483K, committed 5628K, reserved 1048576K
2018-10-23T07:44:07.362+0000: 317.308: [GC (Allocation Failure) 2018-10-23T07:44:07.362+0000: 317.308: [ParNew
Desired survivor size 20112992 bytes, new threshold 8 (max 8)
- age   1:    1235424 bytes,    1235424 total
- age   2:    1550792 bytes,    2786216 total
- age   3:    1157800 bytes,    3944016 total
- age   4:    3063320 bytes,    7007336 total
- age   5:     158520 bytes,    7165856 total
- age   6:      80032 bytes,    7245888 total
- age   7:      78032 bytes,    7323920 total
- age   8:      48880 bytes,    7372800 total
: 98550K->8709K(109248K), 0.0268258 secs] 294203K->204577K(502464K), 0.0269396 secs] [Times: user=0.05 sys=0.00, real=0.02 secs] 
Heap after GC invocations=536 (full 25):
 par new generation   total 109248K, used 8709K [0x00000000e0000000, 0x00000000e8000000, 0x00000000e8000000)
  eden space 87424K,   0% used [0x00000000e0000000, 0x00000000e0000000, 0x00000000e5560000)
  from space 21824K,  39% used [0x00000000e5560000, 0x00000000e5de15b0, 0x00000000e6ab0000)
  to   space 21824K,   0% used [0x00000000e6ab0000, 0x00000000e6ab0000, 0x00000000e8000000)
 concurrent mark-sweep generation total 393216K, used 195868K [0x00000000e8000000, 0x0000000100000000, 0x0000000100000000)
 Metaspace       used 47186K, capacity 48975K, committed 49624K, reserved 1093632K
  class space    used 5097K, capacity 5483K, committed 5628K, reserved 1048576K
}
2018-10-23T07:44:07.389+0000: 317.335: Total time for which application threads were stopped: 0.0278473 seconds, Stopping threads took: 0.0004015 seconds
{Heap before GC invocations=536 (full 25):
 par new generation   total 109248K, used 96133K [0x00000000e0000000, 0x00000000e8000000, 0x00000000e8000000)
  eden space 87424K, 100% used [0x00000000e0000000, 0x00000000e5560000, 0x00000000e5560000)
  from space 21824K,  39% used [0x00000000e5560000, 0x00000000e5de15b0, 0x00000000e6ab0000)
  to   space 21824K,   0% used [0x00000000e6ab0000, 0x00000000e6ab0000, 0x00000000e8000000)
 concurrent mark-sweep generation total 393216K, used 195868K [0x00000000e8000000, 0x0000000100000000, 0x0000000100000000)
 Metaspace       used 47186K, capacity 48975K, committed 49624K, reserved 1093632K
  class space    used 5097K, capacity 5483K, committed 5628K, reserved 1048576K
2018-10-23T07:44:07.462+0000: 317.408: [GC (Allocation Failure) 2018-10-23T07:44:07.462+0000: 317.408: [ParNew
Desired survivor size 20112992 bytes, new threshold 8 (max 8)
- age   1:    1231728 bytes,    1231728 total
- age   2:     935272 bytes,    2167000 total
- age   3:    1396216 bytes,    3563216 total
- age   4:    1153688 bytes,    4716904 total
- age   5:    3063320 bytes,    7780224 total
- age   6:     158520 bytes,    7938744 total
- age   7:      80032 bytes,    8018776 total
- age   8:      78032 bytes,    8096808 total
: 96133K->10835K(109248K), 0.0248557 secs] 292001K->206751K(502464K), 0.0249520 secs] [Times: user=0.05 sys=0.00, real=0.02 secs] 
Heap after GC invocations=537 (full 25):
 par new generation   total 109248K, used 10835K [0x00000000e0000000, 0x00000000e8000000, 0x00000000e8000000)
  eden space 87424K,   0% used [0x00000000e0000000, 0x00000000e0000000, 0x00000000e5560000)
  from space 21824K,  49% used [0x00000000e6ab0000, 0x00000000e7544e78, 0x00000000e8000000)
  to   space 21824K,   0% used [0x00000000e5560000, 0x00000000e5560000, 0x00000000e6ab0000)
 concurrent mark-sweep generation total 393216K, used 195915K [0x00000000e8000000, 0x0000000100000000, 0x0000000100000000)
 Metaspace       used 47186K, capacity 48975K, committed 49624K, reserved 1093632K
  class space    used 5097K, capacity 5483K, committed 5628K, reserved 1048576K
}
2018-10-23T07:44:07.487+0000: 317.433: Total time for which application threads were stopped: 0.0301582 seconds, Stopping threads took: 0.0047235 seconds
{Heap before GC invocations=537 (full 25):
 par new generation   total 109248K, used 98259K [0x00000000e0000000, 0x00000000e8000000, 0x00000000e8000000)
  eden space 87424K, 100% used [0x00000000e0000000, 0x00000000e5560000, 0x00000000e5560000)
  from space 21824K,  49% used [0x00000000e6ab0000, 0x00000000e7544e78, 0x00000000e8000000)
  to   space 21824K,   0% used [0x00000000e5560000, 0x00000000e5560000, 0x00000000e6ab0000)
 concurrent mark-sweep generation total 393216K, used 195915K [0x00000000e8000000, 0x0000000100000000, 0x0000000100000000)
 Metaspace       used 47186K, capacity 48975K, committed 49624K, reserved 1093632K
  class space    used 5097K, capacity 5483K, committed 5628K, reserved 1048576K
2018-10-23T07:44:07.571+0000: 317.517: [GC (Allocation Failure) 2018-10-23T07:44:07.571+0000: 317.517: [ParNew
Desired survivor size 20112992 bytes, new threshold 8 (max 8)
- age   1:    2177656 bytes,    2177656 total
- age   2:     441416 bytes,    2619072 total
- age   3:     807936 bytes,    3427008 total
- age   4:    1329568 bytes,    4756576 total
- age   5:    1112520 bytes,    5869096 total
- age   6:    3063320 bytes,    8932416 total
- age   7:     158520 bytes,    9090936 total
- age   8:      80032 bytes,    9170968 total
: 98259K->10154K(109248K), 0.0156136 secs] 294175K->206146K(502464K), 0.0157007 secs] [Times: user=0.02 sys=0.00, real=0.01 secs] 
Heap after GC invocations=538 (full 25):
 par new generation   total 109248K, used 10154K [0x00000000e0000000, 0x00000000e8000000, 0x00000000e8000000)
  eden space 87424K,   0% used [0x00000000e0000000, 0x00000000e0000000, 0x00000000e5560000)
  from space 21824K,  46% used [0x00000000e5560000, 0x00000000e5f4a9d8, 0x00000000e6ab0000)
  to   space 21824K,   0% used [0x00000000e6ab0000, 0x00000000e6ab0000, 0x00000000e8000000)
 concurrent mark-sweep generation total 393216K, used 195992K [0x00000000e8000000, 0x0000000100000000, 0x0000000100000000)
 Metaspace       used 47186K, capacity 48975K, committed 49624K, reserved 1093632K
  class space    used 5097K, capacity 5483K, committed 5628K, reserved 1048576K
}
2018-10-23T07:44:07.587+0000: 317.532: Total time for which application threads were stopped: 0.0277054 seconds, Stopping threads took: 0.0115606 seconds
{Heap before GC invocations=538 (full 25):
 par new generation   total 109248K, used 97578K [0x00000000e0000000, 0x00000000e8000000, 0x00000000e8000000)
  eden space 87424K, 100% used [0x00000000e0000000, 0x00000000e5560000, 0x00000000e5560000)
  from space 21824K,  46% used [0x00000000e5560000, 0x00000000e5f4a9d8, 0x00000000e6ab0000)
  to   space 21824K,   0% used [0x00000000e6ab0000, 0x00000000e6ab0000, 0x00000000e8000000)
 concurrent mark-sweep generation total 393216K, used 195992K [0x00000000e8000000, 0x0000000100000000, 0x0000000100000000)
 Metaspace       used 47186K, capacity 48975K, committed 49624K, reserved 1093632K
  class space    used 5097K, capacity 5483K, committed 5628K, reserved 1048576K
2018-10-23T07:44:07.735+0000: 317.681: [GC (Allocation Failure) 2018-10-23T07:44:07.735+0000: 317.681: [ParNew
Desired survivor size 20112992 bytes, new threshold 8 (max 8)
- age   1:    3572272 bytes,    3572272 total
- age   2:    1090232 bytes,    4662504 total
- age   3:     269184 bytes,    4931688 total
- age   4:     643152 bytes,    5574840 total
- age   5:    1178976 bytes,    6753816 total
- age   6:    1010968 bytes,    7764784 total
- age   7:    2853872 bytes,   10618656 total
- age   8:     158520 bytes,   10777176 total
: 97578K->13729K(109248K), 0.0374410 secs] 293570K->209799K(502464K), 0.0375432 secs] [Times: user=0.04 sys=0.00, real=0.04 secs] 
Heap after GC invocations=539 (full 25):
 par new generation   total 109248K, used 13729K [0x00000000e0000000, 0x00000000e8000000, 0x00000000e8000000)
  eden space 87424K,   0% used [0x00000000e0000000, 0x00000000e0000000, 0x00000000e5560000)
  from space 21824K,  62% used [0x00000000e6ab0000, 0x00000000e78184f8, 0x00000000e8000000)
  to   space 21824K,   0% used [0x00000000e5560000, 0x00000000e5560000, 0x00000000e6ab0000)
 concurrent mark-sweep generation total 393216K, used 196070K [0x00000000e8000000, 0x0000000100000000, 0x0000000100000000)
 Metaspace       used 47186K, capacity 48975K, committed 49624K, reserved 1093632K
  class space    used 5097K, capacity 5483K, committed 5628K, reserved 1048576K
}
2018-10-23T07:44:07.772+0000: 317.718: Total time for which application threads were stopped: 0.0434653 seconds, Stopping threads took: 0.0054501 seconds
{Heap before GC invocations=539 (full 25):
 par new generation   total 109248K, used 101153K [0x00000000e0000000, 0x00000000e8000000, 0x00000000e8000000)
  eden space 87424K, 100% used [0x00000000e0000000, 0x00000000e5560000, 0x00000000e5560000)
  from space 21824K,  62% used [0x00000000e6ab0000, 0x00000000e78184f8, 0x00000000e8000000)
  to   space 21824K,   0% used [0x00000000e5560000, 0x00000000e5560000, 0x00000000e6ab0000)
 concurrent mark-sweep generation total 393216K, used 196070K [0x00000000e8000000, 0x0000000100000000, 0x0000000100000000)
 Metaspace       used 47186K, capacity 48975K, committed 49624K, reserved 1093632K
  class space    used 5097K, capacity 5483K, committed 5628K, reserved 1048576K
2018-10-23T07:44:07.874+0000: 317.820: [GC (Allocation Failure) 2018-10-23T07:44:07.874+0000: 317.820: [ParNew
Desired survivor size 20112992 bytes, new threshold 8 (max 8)
- age   1:    2428784 bytes,    2428784 total
- age   2:    2138312 bytes,    4567096 total
- age   3:     733424 bytes,    5300520 total
- age   4:     218016 bytes,    5518536 total
- age   5:     565152 bytes,    6083688 total
- age   6:     821488 bytes,    6905176 total
- age   7:     717120 bytes,    7622296 total
- age   8:    1938920 bytes,    9561216 total
: 101153K->11816K(109248K), 0.0265811 secs] 297223K->208041K(502464K), 0.0266943 secs] [Times: user=0.05 sys=0.00, real=0.03 secs] 
Heap after GC invocations=540 (full 25):
 par new generation   total 109248K, used 11816K [0x00000000e0000000, 0x00000000e8000000, 0x00000000e8000000)
  eden space 87424K,   0% used [0x00000000e0000000, 0x00000000e0000000, 0x00000000e5560000)
  from space 21824K,  54% used [0x00000000e5560000, 0x00000000e60ea040, 0x00000000e6ab0000)
  to   space 21824K,   0% used [0x00000000e6ab0000, 0x00000000e6ab0000, 0x00000000e8000000)
 concurrent mark-sweep generation total 393216K, used 196225K [0x00000000e8000000, 0x0000000100000000, 0x0000000100000000)
 Metaspace       used 47186K, capacity 48975K, committed 49624K, reserved 1093632K
  class space    used 5097K, capacity 5483K, committed 5628K, reserved 1048576K
}
2018-10-23T07:44:07.901+0000: 317.847: Total time for which application threads were stopped: 0.0332748 seconds, Stopping threads took: 0.0060583 seconds
{Heap before GC invocations=540 (full 25):
 par new generation   total 109248K, used 99240K [0x00000000e0000000, 0x00000000e8000000, 0x00000000e8000000)
  eden space 87424K, 100% used [0x00000000e0000000, 0x00000000e5560000, 0x00000000e5560000)
  from space 21824K,  54% used [0x00000000e5560000, 0x00000000e60ea040, 0x00000000e6ab0000)
  to   space 21824K,   0% used [0x00000000e6ab0000, 0x00000000e6ab0000, 0x00000000e8000000)
 concurrent mark-sweep generation total 393216K, used 196225K [0x00000000e8000000, 0x0000000100000000, 0x0000000100000000)
 Metaspace       used 47186K, capacity 48975K, committed 49624K, reserved 1093632K
  class space    used 5097K, capacity 5483K, committed 5628K, reserved 1048576K
2018-10-23T07:44:08.014+0000: 317.960: [GC (Allocation Failure) 2018-10-23T07:44:08.014+0000: 317.960: [ParNew
Desired survivor size 20112992 bytes, new threshold 8 (max 8)
- age   1:    2604336 bytes,    2604336 total
- age   2:    1583904 bytes,    4188240 total
- age   3:    1311888 bytes,    5500128 total
- age   4:      63752 bytes,    5563880 total
- age   5:      37216 bytes,    5601096 total
- age   6:      64480 bytes,    5665576 total
- age   7:     276112 bytes,    5941688 total
- age   8:     131264 bytes,    6072952 total
: 99240K->10599K(109248K), 0.0208784 secs] 295465K->208108K(502464K), 0.0209817 secs] [Times: user=0.03 sys=0.00, real=0.02 secs] 
Heap after GC invocations=541 (full 25):
 par new generation   total 109248K, used 10599K [0x00000000e0000000, 0x00000000e8000000, 0x00000000e8000000)
  eden space 87424K,   0% used [0x00000000e0000000, 0x00000000e0000000, 0x00000000e5560000)
  from space 21824K,  48% used [0x00000000e6ab0000, 0x00000000e7509f60, 0x00000000e8000000)
  to   space 21824K,   0% used [0x00000000e5560000, 0x00000000e5560000, 0x00000000e6ab0000)
 concurrent mark-sweep generation total 393216K, used 197508K [0x00000000e8000000, 0x0000000100000000, 0x0000000100000000)
 Metaspace       used 47186K, capacity 48975K, committed 49624K, reserved 1093632K
  class space    used 5097K, capacity 5483K, committed 5628K, reserved 1048576K
}
2018-10-23T07:44:08.035+0000: 317.981: Total time for which application threads were stopped: 0.0215397 seconds, Stopping threads took: 0.0000656 seconds
2018-10-23T07:44:08.042+0000: 317.988: [GC (CMS Initial Mark) [1 CMS-initial-mark: 197508K(393216K)] 208361K(502464K), 0.0026283 secs] [Times: user=0.00 sys=0.00, real=0.00 secs] 
2018-10-23T07:44:08.045+0000: 317.990: Total time for which application threads were stopped: 0.0094480 seconds, Stopping threads took: 0.0064445 seconds
2018-10-23T07:44:08.046+0000: 317.991: [CMS-concurrent-mark-start]
{Heap before GC invocations=541 (full 26):
 par new generation   total 109248K, used 98023K [0x00000000e0000000, 0x00000000e8000000, 0x00000000e8000000)
  eden space 87424K, 100% used [0x00000000e0000000, 0x00000000e5560000, 0x00000000e5560000)
  from space 21824K,  48% used [0x00000000e6ab0000, 0x00000000e7509f60, 0x00000000e8000000)
  to   space 21824K,   0% used [0x00000000e5560000, 0x00000000e5560000, 0x00000000e6ab0000)
 concurrent mark-sweep generation total 393216K, used 197508K [0x00000000e8000000, 0x0000000100000000, 0x0000000100000000)
 Metaspace       used 47186K, capacity 48975K, committed 49624K, reserved 1093632K
  class space    used 5097K, capacity 5483K, committed 5628K, reserved 1048576K
2018-10-23T07:44:08.155+0000: 318.101: [GC (Allocation Failure) 2018-10-23T07:44:08.155+0000: 318.101: [ParNew
Desired survivor size 20112992 bytes, new threshold 8 (max 8)
- age   1:    1457384 bytes,    1457384 total
- age   2:    1649544 bytes,    3106928 total
- age   3:    1581544 bytes,    4688472 total
- age   4:    1311472 bytes,    5999944 total
- age   5:      63752 bytes,    6063696 total
- age   6:      37216 bytes,    6100912 total
- age   7:      64480 bytes,    6165392 total
- age   8:     276112 bytes,    6441504 total
: 98023K->8105K(109248K), 0.0142962 secs] 295532K->205742K(502464K), 0.0143836 secs] [Times: user=0.02 sys=0.00, real=0.02 secs] 
Heap after GC invocations=542 (full 26):
 par new generation   total 109248K, used 8105K [0x00000000e0000000, 0x00000000e8000000, 0x00000000e8000000)
  eden space 87424K,   0% used [0x00000000e0000000, 0x00000000e0000000, 0x00000000e5560000)
  from space 21824K,  37% used [0x00000000e5560000, 0x00000000e5d4a7a0, 0x00000000e6ab0000)
  to   space 21824K,   0% used [0x00000000e6ab0000, 0x00000000e6ab0000, 0x00000000e8000000)
 concurrent mark-sweep generation total 393216K, used 197636K [0x00000000e8000000, 0x0000000100000000, 0x0000000100000000)
 Metaspace       used 47186K, capacity 48975K, committed 49624K, reserved 1093632K
  class space    used 5097K, capacity 5483K, committed 5628K, reserved 1048576K
}
2018-10-23T07:44:08.170+0000: 318.116: Total time for which application threads were stopped: 0.0149321 seconds, Stopping threads took: 0.0001404 seconds
{Heap before GC invocations=542 (full 26):
 par new generation   total 109248K, used 95529K [0x00000000e0000000, 0x00000000e8000000, 0x00000000e8000000)
  eden space 87424K, 100% used [0x00000000e0000000, 0x00000000e5560000, 0x00000000e5560000)
  from space 21824K,  37% used [0x00000000e5560000, 0x00000000e5d4a7a0, 0x00000000e6ab0000)
  to   space 21824K,   0% used [0x00000000e6ab0000, 0x00000000e6ab0000, 0x00000000e8000000)
 concurrent mark-sweep generation total 393216K, used 197636K [0x00000000e8000000, 0x0000000100000000, 0x0000000100000000)
 Metaspace       used 47186K, capacity 48975K, committed 49624K, reserved 1093632K
  class space    used 5097K, capacity 5483K, committed 5628K, reserved 1048576K
2018-10-23T07:44:08.292+0000: 318.238: [GC (Allocation Failure) 2018-10-23T07:44:08.292+0000: 318.238: [ParNew
Desired survivor size 20112992 bytes, new threshold 8 (max 8)
- age   1:    1372080 bytes,    1372080 total
- age   2:     609696 bytes,    1981776 total
- age   3:    1538936 bytes,    3520712 total
- age   4:    1570896 bytes,    5091608 total
- age   5:    1311360 bytes,    6402968 total
- age   6:      63752 bytes,    6466720 total
- age   7:      37216 bytes,    6503936 total
- age   8:      64480 bytes,    6568416 total
: 95529K->8143K(109248K), 0.0357811 secs] 293166K->206050K(502464K), 0.0358912 secs] [Times: user=0.05 sys=0.00, real=0.03 secs] 
Heap after GC invocations=543 (full 26):
 par new generation   total 109248K, used 8143K [0x00000000e0000000, 0x00000000e8000000, 0x00000000e8000000)
  eden space 87424K,   0% used [0x00000000e0000000, 0x00000000e0000000, 0x00000000e5560000)
  from space 21824K,  37% used [0x00000000e6ab0000, 0x00000000e72a3eb0, 0x00000000e8000000)
  to   space 21824K,   0% used [0x00000000e5560000, 0x00000000e5560000, 0x00000000e6ab0000)
 concurrent mark-sweep generation total 393216K, used 197907K [0x00000000e8000000, 0x0000000100000000, 0x0000000100000000)
 Metaspace       used 47186K, capacity 48975K, committed 49624K, reserved 1093632K
  class space    used 5097K, capacity 5483K, committed 5628K, reserved 1048576K
}
2018-10-23T07:44:08.328+0000: 318.274: Total time for which application threads were stopped: 0.0434346 seconds, Stopping threads took: 0.0070660 seconds
2018-10-23T07:44:08.328+0000: 318.274: [CMS-concurrent-mark: 0.222/0.283 secs] [Times: user=0.67 sys=0.00, real=0.28 secs] 
2018-10-23T07:44:08.328+0000: 318.274: [CMS-concurrent-preclean-start]
2018-10-23T07:44:08.332+0000: 318.278: [CMS-concurrent-preclean: 0.003/0.004 secs] [Times: user=0.01 sys=0.00, real=0.01 secs] 
2018-10-23T07:44:08.332+0000: 318.278: [CMS-concurrent-abortable-preclean-start]
{Heap before GC invocations=543 (full 26):
 par new generation   total 109248K, used 95567K [0x00000000e0000000, 0x00000000e8000000, 0x00000000e8000000)
  eden space 87424K, 100% used [0x00000000e0000000, 0x00000000e5560000, 0x00000000e5560000)
  from space 21824K,  37% used [0x00000000e6ab0000, 0x00000000e72a3eb0, 0x00000000e8000000)
  to   space 21824K,   0% used [0x00000000e5560000, 0x00000000e5560000, 0x00000000e6ab0000)
 concurrent mark-sweep generation total 393216K, used 197907K [0x00000000e8000000, 0x0000000100000000, 0x0000000100000000)
 Metaspace       used 47186K, capacity 48975K, committed 49624K, reserved 1093632K
  class space    used 5097K, capacity 5483K, committed 5628K, reserved 1048576K
2018-10-23T07:44:08.410+0000: 318.356: [GC (Allocation Failure) 2018-10-23T07:44:08.410+0000: 318.356: [ParNew
Desired survivor size 20112992 bytes, new threshold 8 (max 8)
- age   1:    1452456 bytes,    1452456 total
- age   2:     955920 bytes,    2408376 total
- age   3:     552568 bytes,    2960944 total
- age   4:    1505904 bytes,    4466848 total
- age   5:    1570896 bytes,    6037744 total
- age   6:    1343648 bytes,    7381392 total
- age   7:      63752 bytes,    7445144 total
- age   8:      37216 bytes,    7482360 total
: 95567K->11250K(109248K), 0.0307938 secs] 293474K->209220K(502464K), 0.0308883 secs] [Times: user=0.05 sys=0.00, real=0.03 secs] 
Heap after GC invocations=544 (full 26):
 par new generation   total 109248K, used 11250K [0x00000000e0000000, 0x00000000e8000000, 0x00000000e8000000)
  eden space 87424K,   0% used [0x00000000e0000000, 0x00000000e0000000, 0x00000000e5560000)
  from space 21824K,  51% used [0x00000000e5560000, 0x00000000e605c9c0, 0x00000000e6ab0000)
  to   space 21824K,   0% used [0x00000000e6ab0000, 0x00000000e6ab0000, 0x00000000e8000000)
 concurrent mark-sweep generation total 393216K, used 197970K [0x00000000e8000000, 0x0000000100000000, 0x0000000100000000)
 Metaspace       used 47186K, capacity 48975K, committed 49624K, reserved 1093632K
  class space    used 5097K, capacity 5483K, committed 5628K, reserved 1048576K
}
2018-10-23T07:44:08.441+0000: 318.387: Total time for which application threads were stopped: 0.0353599 seconds, Stopping threads took: 0.0039856 seconds
2018-10-23T07:44:08.493+0000: 318.439: [CMS-concurrent-abortable-preclean: 0.072/0.161 secs] [Times: user=0.33 sys=0.00, real=0.16 secs] 
2018-10-23T07:44:08.510+0000: 318.456: [GC (CMS Final Remark) [YG occupancy: 83243 K (109248 K)]{Heap before GC invocations=544 (full 26):
 par new generation   total 109248K, used 83243K [0x00000000e0000000, 0x00000000e8000000, 0x00000000e8000000)
  eden space 87424K,  82% used [0x00000000e0000000, 0x00000000e464e420, 0x00000000e5560000)
  from space 21824K,  51% used [0x00000000e5560000, 0x00000000e605c9c0, 0x00000000e6ab0000)
  to   space 21824K,   0% used [0x00000000e6ab0000, 0x00000000e6ab0000, 0x00000000e8000000)
 concurrent mark-sweep generation total 393216K, used 197970K [0x00000000e8000000, 0x0000000100000000, 0x0000000100000000)
 Metaspace       used 47186K, capacity 48975K, committed 49624K, reserved 1093632K
  class space    used 5097K, capacity 5483K, committed 5628K, reserved 1048576K
2018-10-23T07:44:08.510+0000: 318.456: [GC (CMS Final Remark) 2018-10-23T07:44:08.510+0000: 318.456: [ParNew
Desired survivor size 20112992 bytes, new threshold 8 (max 8)
- age   1:    1643120 bytes,    1643120 total
- age   2:     994312 bytes,    2637432 total
- age   3:     811488 bytes,    3448920 total
- age   4:     548968 bytes,    3997888 total
- age   5:    1489040 bytes,    5486928 total
- age   6:    1569928 bytes,    7056856 total
- age   7:    1308312 bytes,    8365168 total
- age   8:      63752 bytes,    8428920 total
: 83243K->9675K(109248K), 0.0317063 secs] 281213K->207681K(502464K), 0.0317810 secs] [Times: user=0.05 sys=0.00, real=0.03 secs] 
Heap after GC invocations=545 (full 26):
 par new generation   total 109248K, used 9675K [0x00000000e0000000, 0x00000000e8000000, 0x00000000e8000000)
  eden space 87424K,   0% used [0x00000000e0000000, 0x00000000e0000000, 0x00000000e5560000)
  from space 21824K,  44% used [0x00000000e6ab0000, 0x00000000e7422c60, 0x00000000e8000000)
  to   space 21824K,   0% used [0x00000000e5560000, 0x00000000e5560000, 0x00000000e6ab0000)
 concurrent mark-sweep generation total 393216K, used 198006K [0x00000000e8000000, 0x0000000100000000, 0x0000000100000000)
 Metaspace       used 47186K, capacity 48975K, committed 49624K, reserved 1093632K
  class space    used 5097K, capacity 5483K, committed 5628K, reserved 1048576K
}
2018-10-23T07:44:08.542+0000: 318.488: [Rescan (parallel) , 0.0028642 secs]2018-10-23T07:44:08.545+0000: 318.491: [weak refs processing, 0.0023195 secs]2018-10-23T07:44:08.547+0000: 318.493: [class unloading, 0.0136504 secs]2018-10-23T07:44:08.561+0000: 318.507: [scrub symbol table, 0.0066970 secs]2018-10-23T07:44:08.568+0000: 318.513: [scrub string table, 0.0008325 secs][1 CMS-remark: 198006K(393216K)] 207681K(502464K), 0.0585888 secs] [Times: user=0.09 sys=0.00, real=0.05 secs] 
2018-10-23T07:44:08.569+0000: 318.515: Total time for which application threads were stopped: 0.0631330 seconds, Stopping threads took: 0.0041024 seconds
2018-10-23T07:44:08.569+0000: 318.515: [CMS-concurrent-sweep-start]
2018-10-23T07:44:08.640+0000: 318.586: [CMS-concurrent-sweep: 0.071/0.071 secs] [Times: user=0.26 sys=0.00, real=0.08 secs] 
2018-10-23T07:44:08.640+0000: 318.586: [CMS-concurrent-reset-start]
2018-10-23T07:44:08.641+0000: 318.587: [CMS-concurrent-reset: 0.001/0.001 secs] [Times: user=0.00 sys=0.00, real=0.00 secs] 
{Heap before GC invocations=545 (full 26):
 par new generation   total 109248K, used 97099K [0x00000000e0000000, 0x00000000e8000000, 0x00000000e8000000)
  eden space 87424K, 100% used [0x00000000e0000000, 0x00000000e5560000, 0x00000000e5560000)
  from space 21824K,  44% used [0x00000000e6ab0000, 0x00000000e7422c60, 0x00000000e8000000)
  to   space 21824K,   0% used [0x00000000e5560000, 0x00000000e5560000, 0x00000000e6ab0000)
 concurrent mark-sweep generation total 393216K, used 189288K [0x00000000e8000000, 0x0000000100000000, 0x0000000100000000)
 Metaspace       used 47190K, capacity 48975K, committed 49624K, reserved 1093632K
  class space    used 5097K, capacity 5483K, committed 5628K, reserved 1048576K
2018-10-23T07:44:08.673+0000: 318.618: [GC (Allocation Failure) 2018-10-23T07:44:08.673+0000: 318.618: [ParNew
Desired survivor size 20112992 bytes, new threshold 8 (max 8)
- age   1:    2133088 bytes,    2133088 total
- age   2:     969592 bytes,    3102680 total
- age   3:     953384 bytes,    4056064 total
- age   4:     798736 bytes,    4854800 total
- age   5:     426456 bytes,    5281256 total
- age   6:    1487800 bytes,    6769056 total
- age   7:    1569432 bytes,    8338488 total
- age   8:    1294768 bytes,    9633256 total
: 97099K->12214K(109248K), 0.0164167 secs] 286387K->201565K(502464K), 0.0165259 secs] [Times: user=0.03 sys=0.00, real=0.01 secs] 
Heap after GC invocations=546 (full 26):
 par new generation   total 109248K, used 12214K [0x00000000e0000000, 0x00000000e8000000, 0x00000000e8000000)
  eden space 87424K,   0% used [0x00000000e0000000, 0x00000000e0000000, 0x00000000e5560000)
  from space 21824K,  55% used [0x00000000e5560000, 0x00000000e614da78, 0x00000000e6ab0000)
  to   space 21824K,   0% used [0x00000000e6ab0000, 0x00000000e6ab0000, 0x00000000e8000000)
 concurrent mark-sweep generation total 393216K, used 189350K [0x00000000e8000000, 0x0000000100000000, 0x0000000100000000)
 Metaspace       used 47190K, capacity 48975K, committed 49624K, reserved 1093632K
  class space    used 5097K, capacity 5483K, committed 5628K, reserved 1048576K
}
2018-10-23T07:44:08.689+0000: 318.635: Total time for which application threads were stopped: 0.0202537 seconds, Stopping threads took: 0.0032740 seconds
2018-10-23T07:44:09.694+0000: 319.640: Total time for which application threads were stopped: 0.0004487 seconds, Stopping threads took: 0.0000899 seconds
2018-10-23T07:44:11.695+0000: 321.640: Total time for which application threads were stopped: 0.0004068 seconds, Stopping threads took: 0.0000990 seconds
2018-10-23T07:44:13.695+0000: 323.641: Total time for which application threads were stopped: 0.0004596 seconds, Stopping threads took: 0.0000804 seconds
2018-10-23T07:44:14.249+0000: 324.195: Total time for which application threads were stopped: 0.0004629 seconds, Stopping threads took: 0.0001219 seconds
2018-10-23T07:44:14.256+0000: 324.202: Total time for which application threads were stopped: 0.0058221 seconds, Stopping threads took: 0.0056385 seconds
{Heap before GC invocations=546 (full 26):
 par new generation   total 109248K, used 99638K [0x00000000e0000000, 0x00000000e8000000, 0x00000000e8000000)
  eden space 87424K, 100% used [0x00000000e0000000, 0x00000000e5560000, 0x00000000e5560000)
  from space 21824K,  55% used [0x00000000e5560000, 0x00000000e614da78, 0x00000000e6ab0000)
  to   space 21824K,   0% used [0x00000000e6ab0000, 0x00000000e6ab0000, 0x00000000e8000000)
 concurrent mark-sweep generation total 393216K, used 189350K [0x00000000e8000000, 0x0000000100000000, 0x0000000100000000)
 Metaspace       used 47209K, capacity 49039K, committed 49624K, reserved 1093632K
  class space    used 5097K, capacity 5483K, committed 5628K, reserved 1048576K
2018-10-23T07:44:14.270+0000: 324.216: [GC (Allocation Failure) 2018-10-23T07:44:14.270+0000: 324.216: [ParNew
Desired survivor size 20112992 bytes, new threshold 8 (max 8)
- age   1:    3012536 bytes,    3012536 total
- age   2:     147736 bytes,    3160272 total
- age   3:      94040 bytes,    3254312 total
- age   4:      77608 bytes,    3331920 total
- age   5:      79072 bytes,    3410992 total
- age   6:      48256 bytes,    3459248 total
- age   7:     277456 bytes,    3736704 total
- age   8:     994608 bytes,    4731312 total
: 99638K->6590K(109248K), 0.0287510 secs] 288989K->196180K(502464K), 0.0288461 secs] [Times: user=0.05 sys=0.00, real=0.03 secs] 
Heap after GC invocations=547 (full 26):
 par new generation   total 109248K, used 6590K [0x00000000e0000000, 0x00000000e8000000, 0x00000000e8000000)
  eden space 87424K,   0% used [0x00000000e0000000, 0x00000000e0000000, 0x00000000e5560000)
  from space 21824K,  30% used [0x00000000e6ab0000, 0x00000000e711fbc0, 0x00000000e8000000)
  to   space 21824K,   0% used [0x00000000e5560000, 0x00000000e5560000, 0x00000000e6ab0000)
 concurrent mark-sweep generation total 393216K, used 189589K [0x00000000e8000000, 0x0000000100000000, 0x0000000100000000)
 Metaspace       used 47209K, capacity 49039K, committed 49624K, reserved 1093632K
  class space    used 5097K, capacity 5483K, committed 5628K, reserved 1048576K
}
2018-10-23T07:44:14.299+0000: 324.245: Total time for which application threads were stopped: 0.0295164 seconds, Stopping threads took: 0.0002677 seconds
{Heap before GC invocations=547 (full 26):
 par new generation   total 109248K, used 94014K [0x00000000e0000000, 0x00000000e8000000, 0x00000000e8000000)
  eden space 87424K, 100% used [0x00000000e0000000, 0x00000000e5560000, 0x00000000e5560000)
  from space 21824K,  30% used [0x00000000e6ab0000, 0x00000000e711fbc0, 0x00000000e8000000)
  to   space 21824K,   0% used [0x00000000e5560000, 0x00000000e5560000, 0x00000000e6ab0000)
 concurrent mark-sweep generation total 393216K, used 189589K [0x00000000e8000000, 0x0000000100000000, 0x0000000100000000)
 Metaspace       used 47214K, capacity 49039K, committed 49624K, reserved 1093632K
  class space    used 5097K, capacity 5483K, committed 5628K, reserved 1048576K
2018-10-23T07:44:14.402+0000: 324.347: [GC (Allocation Failure) 2018-10-23T07:44:14.402+0000: 324.348: [ParNew
Desired survivor size 20112992 bytes, new threshold 8 (max 8)
- age   1:    1645968 bytes,    1645968 total
- age   2:    2938880 bytes,    4584848 total
- age   3:     147736 bytes,    4732584 total
- age   4:      94040 bytes,    4826624 total
- age   5:      77608 bytes,    4904232 total
- age   6:      79072 bytes,    4983304 total
- age   7:      48256 bytes,    5031560 total
- age   8:     275600 bytes,    5307160 total
: 94014K->6101K(109248K), 0.0128672 secs] 283604K->196662K(502464K), 0.0132330 secs] [Times: user=0.01 sys=0.00, real=0.01 secs] 
Heap after GC invocations=548 (full 26):
 par new generation   total 109248K, used 6101K [0x00000000e0000000, 0x00000000e8000000, 0x00000000e8000000)
  eden space 87424K,   0% used [0x00000000e0000000, 0x00000000e0000000, 0x00000000e5560000)
  from space 21824K,  27% used [0x00000000e5560000, 0x00000000e5b556c0, 0x00000000e6ab0000)
  to   space 21824K,   0% used [0x00000000e6ab0000, 0x00000000e6ab0000, 0x00000000e8000000)
 concurrent mark-sweep generation total 393216K, used 190561K [0x00000000e8000000, 0x0000000100000000, 0x0000000100000000)
 Metaspace       used 47214K, capacity 49039K, committed 49624K, reserved 1093632K
  class space    used 5097K, capacity 5483K, committed 5628K, reserved 1048576K
}
2018-10-23T07:44:14.415+0000: 324.361: Total time for which application threads were stopped: 0.0137540 seconds, Stopping threads took: 0.0000653 seconds
{Heap before GC invocations=548 (full 26):
 par new generation   total 109248K, used 93525K [0x00000000e0000000, 0x00000000e8000000, 0x00000000e8000000)
  eden space 87424K, 100% used [0x00000000e0000000, 0x00000000e5560000, 0x00000000e5560000)
  from space 21824K,  27% used [0x00000000e5560000, 0x00000000e5b556c0, 0x00000000e6ab0000)
  to   space 21824K,   0% used [0x00000000e6ab0000, 0x00000000e6ab0000, 0x00000000e8000000)
 concurrent mark-sweep generation total 393216K, used 190561K [0x00000000e8000000, 0x0000000100000000, 0x0000000100000000)
 Metaspace       used 47214K, capacity 49039K, committed 49624K, reserved 1093632K
  class space    used 5097K, capacity 5483K, committed 5628K, reserved 1048576K
2018-10-23T07:44:14.548+0000: 324.493: [GC (Allocation Failure) 2018-10-23T07:44:14.548+0000: 324.493: [ParNew
Desired survivor size 20112992 bytes, new threshold 8 (max 8)
- age   1:    1854552 bytes,    1854552 total
- age   2:     831880 bytes,    2686432 total
- age   3:    2938552 bytes,    5624984 total
- age   4:     147736 bytes,    5772720 total
- age   5:      94040 bytes,    5866760 total
- age   6:      77608 bytes,    5944368 total
- age   7:      79072 bytes,    6023440 total
- age   8:      48256 bytes,    6071696 total
: 93525K->8137K(109248K), 0.0280112 secs] 284086K->198968K(502464K), 0.0281044 secs] [Times: user=0.05 sys=0.00, real=0.03 secs] 
Heap after GC invocations=549 (full 26):
 par new generation   total 109248K, used 8137K [0x00000000e0000000, 0x00000000e8000000, 0x00000000e8000000)
  eden space 87424K,   0% used [0x00000000e0000000, 0x00000000e0000000, 0x00000000e5560000)
  from space 21824K,  37% used [0x00000000e6ab0000, 0x00000000e72a24b0, 0x00000000e8000000)
  to   space 21824K,   0% used [0x00000000e5560000, 0x00000000e5560000, 0x00000000e6ab0000)
 concurrent mark-sweep generation total 393216K, used 190831K [0x00000000e8000000, 0x0000000100000000, 0x0000000100000000)
 Metaspace       used 47214K, capacity 49039K, committed 49624K, reserved 1093632K
  class space    used 5097K, capacity 5483K, committed 5628K, reserved 1048576K
}
2018-10-23T07:44:14.576+0000: 324.522: Total time for which application threads were stopped: 0.0286971 seconds, Stopping threads took: 0.0001252 seconds
{Heap before GC invocations=549 (full 26):
 par new generation   total 109248K, used 95561K [0x00000000e0000000, 0x00000000e8000000, 0x00000000e8000000)
  eden space 87424K, 100% used [0x00000000e0000000, 0x00000000e5560000, 0x00000000e5560000)
  from space 21824K,  37% used [0x00000000e6ab0000, 0x00000000e72a24b0, 0x00000000e8000000)
  to   space 21824K,   0% used [0x00000000e5560000, 0x00000000e5560000, 0x00000000e6ab0000)
 concurrent mark-sweep generation total 393216K, used 190831K [0x00000000e8000000, 0x0000000100000000, 0x0000000100000000)
 Metaspace       used 47214K, capacity 49039K, committed 49624K, reserved 1093632K
  class space    used 5097K, capacity 5483K, committed 5628K, reserved 1048576K
2018-10-23T07:44:14.663+0000: 324.609: [GC (Allocation Failure) 2018-10-23T07:44:14.663+0000: 324.609: [ParNew
Desired survivor size 20112992 bytes, new threshold 8 (max 8)
- age   1:    1885024 bytes,    1885024 total
- age   2:    1189976 bytes,    3075000 total
- age   3:     819456 bytes,    3894456 total
- age   4:    2938472 bytes,    6832928 total
- age   5:     147736 bytes,    6980664 total
- age   6:      94040 bytes,    7074704 total
- age   7:      77608 bytes,    7152312 total
- age   8:      79072 bytes,    7231384 total
: 95561K->8464K(109248K), 0.0210604 secs] 286392K->199343K(502464K), 0.0211628 secs] [Times: user=0.03 sys=0.00, real=0.02 secs] 
Heap after GC invocations=550 (full 26):
 par new generation   total 109248K, used 8464K [0x00000000e0000000, 0x00000000e8000000, 0x00000000e8000000)
  eden space 87424K,   0% used [0x00000000e0000000, 0x00000000e0000000, 0x00000000e5560000)
  from space 21824K,  38% used [0x00000000e5560000, 0x00000000e5da43b0, 0x00000000e6ab0000)
  to   space 21824K,   0% used [0x00000000e6ab0000, 0x00000000e6ab0000, 0x00000000e8000000)
 concurrent mark-sweep generation total 393216K, used 190878K [0x00000000e8000000, 0x0000000100000000, 0x0000000100000000)
 Metaspace       used 47214K, capacity 49039K, committed 49624K, reserved 1093632K
  class space    used 5097K, capacity 5483K, committed 5628K, reserved 1048576K
}
2018-10-23T07:44:14.685+0000: 324.630: Total time for which application threads were stopped: 0.0218003 seconds, Stopping threads took: 0.0001689 seconds
{Heap before GC invocations=550 (full 26):
 par new generation   total 109248K, used 95888K [0x00000000e0000000, 0x00000000e8000000, 0x00000000e8000000)
  eden space 87424K, 100% used [0x00000000e0000000, 0x00000000e5560000, 0x00000000e5560000)
  from space 21824K,  38% used [0x00000000e5560000, 0x00000000e5da43b0, 0x00000000e6ab0000)
  to   space 21824K,   0% used [0x00000000e6ab0000, 0x00000000e6ab0000, 0x00000000e8000000)
 concurrent mark-sweep generation total 393216K, used 190878K [0x00000000e8000000, 0x0000000100000000, 0x0000000100000000)
 Metaspace       used 47214K, capacity 49039K, committed 49624K, reserved 1093632K
  class space    used 5097K, capacity 5483K, committed 5628K, reserved 1048576K
2018-10-23T07:44:14.775+0000: 324.721: [GC (Allocation Failure) 2018-10-23T07:44:14.775+0000: 324.721: [ParNew
Desired survivor size 20112992 bytes, new threshold 8 (max 8)
- age   1:    2663816 bytes,    2663816 total
- age   2:    1109288 bytes,    3773104 total
- age   3:    1075080 bytes,    4848184 total
- age   4:     817120 bytes,    5665304 total
- age   5:    2938360 bytes,    8603664 total
- age   6:     147736 bytes,    8751400 total
- age   7:      94040 bytes,    8845440 total
- age   8:      77608 bytes,    8923048 total
: 95888K->10750K(109248K), 0.0372889 secs] 286767K->201705K(502464K), 0.0373956 secs] [Times: user=0.04 sys=0.00, real=0.04 secs] 
Heap after GC invocations=551 (full 26):
 par new generation   total 109248K, used 10750K [0x00000000e0000000, 0x00000000e8000000, 0x00000000e8000000)
  eden space 87424K,   0% used [0x00000000e0000000, 0x00000000e0000000, 0x00000000e5560000)
  from space 21824K,  49% used [0x00000000e6ab0000, 0x00000000e752f890, 0x00000000e8000000)
  to   space 21824K,   0% used [0x00000000e5560000, 0x00000000e5560000, 0x00000000e6ab0000)
 concurrent mark-sweep generation total 393216K, used 190955K [0x00000000e8000000, 0x0000000100000000, 0x0000000100000000)
 Metaspace       used 47214K, capacity 49039K, committed 49624K, reserved 1093632K
  class space    used 5097K, capacity 5483K, committed 5628K, reserved 1048576K
}
2018-10-23T07:44:14.813+0000: 324.758: Total time for which application threads were stopped: 0.0380140 seconds, Stopping threads took: 0.0001355 seconds
{Heap before GC invocations=551 (full 26):
 par new generation   total 109248K, used 98174K [0x00000000e0000000, 0x00000000e8000000, 0x00000000e8000000)
  eden space 87424K, 100% used [0x00000000e0000000, 0x00000000e5560000, 0x00000000e5560000)
  from space 21824K,  49% used [0x00000000e6ab0000, 0x00000000e752f890, 0x00000000e8000000)
  to   space 21824K,   0% used [0x00000000e5560000, 0x00000000e5560000, 0x00000000e6ab0000)
 concurrent mark-sweep generation total 393216K, used 190955K [0x00000000e8000000, 0x0000000100000000, 0x0000000100000000)
 Metaspace       used 47214K, capacity 49039K, committed 49624K, reserved 1093632K
  class space    used 5097K, capacity 5483K, committed 5628K, reserved 1048576K
2018-10-23T07:44:14.935+0000: 324.880: [GC (Allocation Failure) 2018-10-23T07:44:14.935+0000: 324.880: [ParNew
Desired survivor size 20112992 bytes, new threshold 8 (max 8)
- age   1:    3088632 bytes,    3088632 total
- age   2:    1353848 bytes,    4442480 total
- age   3:     936216 bytes,    5378696 total
- age   4:     980728 bytes,    6359424 total
- age   5:     817120 bytes,    7176544 total
- age   6:    2938360 bytes,   10114904 total
- age   7:     147736 bytes,   10262640 total
- age   8:      94040 bytes,   10356680 total
: 98174K->12106K(109248K), 0.0239977 secs] 289129K->203137K(502464K), 0.0240961 secs] [Times: user=0.04 sys=0.00, real=0.03 secs] 
Heap after GC invocations=552 (full 26):
 par new generation   total 109248K, used 12106K [0x00000000e0000000, 0x00000000e8000000, 0x00000000e8000000)
  eden space 87424K,   0% used [0x00000000e0000000, 0x00000000e0000000, 0x00000000e5560000)
  from space 21824K,  55% used [0x00000000e5560000, 0x00000000e6132b20, 0x00000000e6ab0000)
  to   space 21824K,   0% used [0x00000000e6ab0000, 0x00000000e6ab0000, 0x00000000e8000000)
 concurrent mark-sweep generation total 393216K, used 191031K [0x00000000e8000000, 0x0000000100000000, 0x0000000100000000)
 Metaspace       used 47214K, capacity 49039K, committed 49624K, reserved 1093632K
  class space    used 5097K, capacity 5483K, committed 5628K, reserved 1048576K
}
2018-10-23T07:44:14.959+0000: 324.905: Total time for which application threads were stopped: 0.0305862 seconds, Stopping threads took: 0.0060355 seconds
{Heap before GC invocations=552 (full 26):
 par new generation   total 109248K, used 99530K [0x00000000e0000000, 0x00000000e8000000, 0x00000000e8000000)
  eden space 87424K, 100% used [0x00000000e0000000, 0x00000000e5560000, 0x00000000e5560000)
  from space 21824K,  55% used [0x00000000e5560000, 0x00000000e6132b20, 0x00000000e6ab0000)
  to   space 21824K,   0% used [0x00000000e6ab0000, 0x00000000e6ab0000, 0x00000000e8000000)
 concurrent mark-sweep generation total 393216K, used 191031K [0x00000000e8000000, 0x0000000100000000, 0x0000000100000000)
 Metaspace       used 47214K, capacity 49039K, committed 49624K, reserved 1093632K
  class space    used 5097K, capacity 5483K, committed 5628K, reserved 1048576K
2018-10-23T07:44:15.071+0000: 325.017: [GC (Allocation Failure) 2018-10-23T07:44:15.071+0000: 325.017: [ParNew
Desired survivor size 20112992 bytes, new threshold 8 (max 8)
- age   1:    2349360 bytes,    2349360 total
- age   2:    1880440 bytes,    4229800 total
- age   3:    1270768 bytes,    5500568 total
- age   4:     936216 bytes,    6436784 total
- age   5:     972504 bytes,    7409288 total
- age   6:     816064 bytes,    8225352 total
- age   7:    2938104 bytes,   11163456 total
- age   8:     147736 bytes,   11311192 total
: 99530K->14368K(109248K), 0.0239036 secs] 290561K->205491K(502464K), 0.0240142 secs] [Times: user=0.03 sys=0.00, real=0.02 secs] 
Heap after GC invocations=553 (full 26):
 par new generation   total 109248K, used 14368K [0x00000000e0000000, 0x00000000e8000000, 0x00000000e8000000)
  eden space 87424K,   0% used [0x00000000e0000000, 0x00000000e0000000, 0x00000000e5560000)
  from space 21824K,  65% used [0x00000000e6ab0000, 0x00000000e78b8380, 0x00000000e8000000)
  to   space 21824K,   0% used [0x00000000e5560000, 0x00000000e5560000, 0x00000000e6ab0000)
 concurrent mark-sweep generation total 393216K, used 191123K [0x00000000e8000000, 0x0000000100000000, 0x0000000100000000)
 Metaspace       used 47214K, capacity 49039K, committed 49624K, reserved 1093632K
  class space    used 5097K, capacity 5483K, committed 5628K, reserved 1048576K
}
2018-10-23T07:44:15.095+0000: 325.041: Total time for which application threads were stopped: 0.0247431 seconds, Stopping threads took: 0.0002518 seconds
{Heap before GC invocations=553 (full 26):
 par new generation   total 109248K, used 101792K [0x00000000e0000000, 0x00000000e8000000, 0x00000000e8000000)
  eden space 87424K, 100% used [0x00000000e0000000, 0x00000000e5560000, 0x00000000e5560000)
  from space 21824K,  65% used [0x00000000e6ab0000, 0x00000000e78b8380, 0x00000000e8000000)
  to   space 21824K,   0% used [0x00000000e5560000, 0x00000000e5560000, 0x00000000e6ab0000)
 concurrent mark-sweep generation total 393216K, used 191123K [0x00000000e8000000, 0x0000000100000000, 0x0000000100000000)
 Metaspace       used 47214K, capacity 49039K, committed 49624K, reserved 1093632K
  class space    used 5097K, capacity 5483K, committed 5628K, reserved 1048576K
2018-10-23T07:44:15.222+0000: 325.167: [GC (Allocation Failure) 2018-10-23T07:44:15.222+0000: 325.167: [ParNew
Desired survivor size 20112992 bytes, new threshold 8 (max 8)
- age   1:    2838056 bytes,    2838056 total
- age   2:    1421312 bytes,    4259368 total
- age   3:    1728784 bytes,    5988152 total
- age   4:    1139632 bytes,    7127784 total
- age   5:     928008 bytes,    8055792 total
- age   6:     971208 bytes,    9027000 total
- age   7:     815248 bytes,    9842248 total
- age   8:    2938104 bytes,   12780352 total
: 101792K->16312K(109248K), 0.0681916 secs] 292915K->207580K(502464K), 0.0683257 secs] [Times: user=0.04 sys=0.00, real=0.07 secs] 
Heap after GC invocations=554 (full 26):
 par new generation   total 109248K, used 16312K [0x00000000e0000000, 0x00000000e8000000, 0x00000000e8000000)
  eden space 87424K,   0% used [0x00000000e0000000, 0x00000000e0000000, 0x00000000e5560000)
  from space 21824K,  74% used [0x00000000e5560000, 0x00000000e654e2f0, 0x00000000e6ab0000)
  to   space 21824K,   0% used [0x00000000e6ab0000, 0x00000000e6ab0000, 0x00000000e8000000)
 concurrent mark-sweep generation total 393216K, used 191267K [0x00000000e8000000, 0x0000000100000000, 0x0000000100000000)
 Metaspace       used 47214K, capacity 49039K, committed 49624K, reserved 1093632K
  class space    used 5097K, capacity 5483K, committed 5628K, reserved 1048576K
}
2018-10-23T07:44:15.290+0000: 325.236: Total time for which application threads were stopped: 0.0729097 seconds, Stopping threads took: 0.0041052 seconds
{Heap before GC invocations=554 (full 26):
 par new generation   total 109248K, used 103736K [0x00000000e0000000, 0x00000000e8000000, 0x00000000e8000000)
  eden space 87424K, 100% used [0x00000000e0000000, 0x00000000e5560000, 0x00000000e5560000)
  from space 21824K,  74% used [0x00000000e5560000, 0x00000000e654e2f0, 0x00000000e6ab0000)
  to   space 21824K,   0% used [0x00000000e6ab0000, 0x00000000e6ab0000, 0x00000000e8000000)
 concurrent mark-sweep generation total 393216K, used 191267K [0x00000000e8000000, 0x0000000100000000, 0x0000000100000000)
 Metaspace       used 47215K, capacity 49039K, committed 49624K, reserved 1093632K
  class space    used 5097K, capacity 5483K, committed 5628K, reserved 1048576K
2018-10-23T07:44:15.366+0000: 325.311: [GC (Allocation Failure) 2018-10-23T07:44:15.366+0000: 325.311: [ParNew
Desired survivor size 20112992 bytes, new threshold 8 (max 8)
- age   1:    4108600 bytes,    4108600 total
- age   2:    1061088 bytes,    5169688 total
- age   3:     685680 bytes,    5855368 total
- age   4:     795160 bytes,    6650528 total
- age   5:     476296 bytes,    7126824 total
- age   6:     484832 bytes,    7611656 total
- age   7:     537224 bytes,    8148880 total
- age   8:     404520 bytes,    8553400 total
: 103736K->11045K(109248K), 0.0242230 secs] 295004K->204442K(502464K), 0.0243334 secs] [Times: user=0.02 sys=0.00, real=0.03 secs] 
Heap after GC invocations=555 (full 26):
 par new generation   total 109248K, used 11045K [0x00000000e0000000, 0x00000000e8000000, 0x00000000e8000000)
  eden space 87424K,   0% used [0x00000000e0000000, 0x00000000e0000000, 0x00000000e5560000)
  from space 21824K,  50% used [0x00000000e6ab0000, 0x00000000e7579528, 0x00000000e8000000)
  to   space 21824K,   0% used [0x00000000e5560000, 0x00000000e5560000, 0x00000000e6ab0000)
 concurrent mark-sweep generation total 393216K, used 193396K [0x00000000e8000000, 0x0000000100000000, 0x0000000100000000)
 Metaspace       used 47215K, capacity 49039K, committed 49624K, reserved 1093632K
  class space    used 5097K, capacity 5483K, committed 5628K, reserved 1048576K
}
2018-10-23T07:44:15.390+0000: 325.336: Total time for which application threads were stopped: 0.0249922 seconds, Stopping threads took: 0.0002006 seconds
{Heap before GC invocations=555 (full 26):
 par new generation   total 109248K, used 98469K [0x00000000e0000000, 0x00000000e8000000, 0x00000000e8000000)
  eden space 87424K, 100% used [0x00000000e0000000, 0x00000000e5560000, 0x00000000e5560000)
  from space 21824K,  50% used [0x00000000e6ab0000, 0x00000000e7579528, 0x00000000e8000000)
  to   space 21824K,   0% used [0x00000000e5560000, 0x00000000e5560000, 0x00000000e6ab0000)
 concurrent mark-sweep generation total 393216K, used 193396K [0x00000000e8000000, 0x0000000100000000, 0x0000000100000000)
 Metaspace       used 47216K, capacity 49039K, committed 49624K, reserved 1093632K
  class space    used 5097K, capacity 5483K, committed 5628K, reserved 1048576K
2018-10-23T07:44:15.549+0000: 325.495: [GC (Allocation Failure) 2018-10-23T07:44:15.549+0000: 325.495: [ParNew
Desired survivor size 20112992 bytes, new threshold 8 (max 8)
- age   1:    2921032 bytes,    2921032 total
- age   2:    3255152 bytes,    6176184 total
- age   3:     927120 bytes,    7103304 total
- age   4:     557952 bytes,    7661256 total
- age   5:     646360 bytes,    8307616 total
- age   6:     376936 bytes,    8684552 total
- age   7:     366080 bytes,    9050632 total
- age   8:     412496 bytes,    9463128 total
: 98469K->10598K(109248K), 0.0528807 secs] 291866K->204317K(502464K), 0.0529946 secs] [Times: user=0.04 sys=0.00, real=0.06 secs] 
Heap after GC invocations=556 (full 26):
 par new generation   total 109248K, used 10598K [0x00000000e0000000, 0x00000000e8000000, 0x00000000e8000000)
  eden space 87424K,   0% used [0x00000000e0000000, 0x00000000e0000000, 0x00000000e5560000)
  from space 21824K,  48% used [0x00000000e5560000, 0x00000000e5fb9840, 0x00000000e6ab0000)
  to   space 21824K,   0% used [0x00000000e6ab0000, 0x00000000e6ab0000, 0x00000000e8000000)
 concurrent mark-sweep generation total 393216K, used 193719K [0x00000000e8000000, 0x0000000100000000, 0x0000000100000000)
 Metaspace       used 47216K, capacity 49039K, committed 49624K, reserved 1093632K
  class space    used 5097K, capacity 5483K, committed 5628K, reserved 1048576K
}
2018-10-23T07:44:15.602+0000: 325.548: Total time for which application threads were stopped: 0.0536152 seconds, Stopping threads took: 0.0001441 seconds
{Heap before GC invocations=556 (full 26):
 par new generation   total 109248K, used 98022K [0x00000000e0000000, 0x00000000e8000000, 0x00000000e8000000)
  eden space 87424K, 100% used [0x00000000e0000000, 0x00000000e5560000, 0x00000000e5560000)
  from space 21824K,  48% used [0x00000000e5560000, 0x00000000e5fb9840, 0x00000000e6ab0000)
  to   space 21824K,   0% used [0x00000000e6ab0000, 0x00000000e6ab0000, 0x00000000e8000000)
 concurrent mark-sweep generation total 393216K, used 193719K [0x00000000e8000000, 0x0000000100000000, 0x0000000100000000)
 Metaspace       used 47216K, capacity 49039K, committed 49624K, reserved 1093632K
  class space    used 5097K, capacity 5483K, committed 5628K, reserved 1048576K
2018-10-23T07:44:15.687+0000: 325.633: [GC (Allocation Failure) 2018-10-23T07:44:15.687+0000: 325.633: [ParNew
Desired survivor size 20112992 bytes, new threshold 8 (max 8)
- age   1:    2852768 bytes,    2852768 total
- age   2:    1853744 bytes,    4706512 total
- age   3:    3252304 bytes,    7958816 total
- age   4:     927120 bytes,    8885936 total
- age   5:     557952 bytes,    9443888 total
- age   6:     646360 bytes,   10090248 total
- age   7:     376936 bytes,   10467184 total
- age   8:     366080 bytes,   10833264 total
: 98022K->16217K(109248K), 0.0172454 secs] 291741K->210339K(502464K), 0.0173484 secs] [Times: user=0.03 sys=0.00, real=0.02 secs] 
Heap after GC invocations=557 (full 26):
 par new generation   total 109248K, used 16217K [0x00000000e0000000, 0x00000000e8000000, 0x00000000e8000000)
  eden space 87424K,   0% used [0x00000000e0000000, 0x00000000e0000000, 0x00000000e5560000)
  from space 21824K,  74% used [0x00000000e6ab0000, 0x00000000e7a86480, 0x00000000e8000000)
  to   space 21824K,   0% used [0x00000000e5560000, 0x00000000e5560000, 0x00000000e6ab0000)
 concurrent mark-sweep generation total 393216K, used 194122K [0x00000000e8000000, 0x0000000100000000, 0x0000000100000000)
 Metaspace       used 47216K, capacity 49039K, committed 49624K, reserved 1093632K
  class space    used 5097K, capacity 5483K, committed 5628K, reserved 1048576K
}
2018-10-23T07:44:15.704+0000: 325.650: Total time for which application threads were stopped: 0.0178704 seconds, Stopping threads took: 0.0000612 seconds
{Heap before GC invocations=557 (full 26):
 par new generation   total 109248K, used 103641K [0x00000000e0000000, 0x00000000e8000000, 0x00000000e8000000)
  eden space 87424K, 100% used [0x00000000e0000000, 0x00000000e5560000, 0x00000000e5560000)
  from space 21824K,  74% used [0x00000000e6ab0000, 0x00000000e7a86480, 0x00000000e8000000)
  to   space 21824K,   0% used [0x00000000e5560000, 0x00000000e5560000, 0x00000000e6ab0000)
 concurrent mark-sweep generation total 393216K, used 194122K [0x00000000e8000000, 0x0000000100000000, 0x0000000100000000)
 Metaspace       used 47216K, capacity 49039K, committed 49624K, reserved 1093632K
  class space    used 5097K, capacity 5483K, committed 5628K, reserved 1048576K
2018-10-23T07:44:15.823+0000: 325.768: [GC (Allocation Failure) 2018-10-23T07:44:15.823+0000: 325.768: [ParNew
Desired survivor size 20112992 bytes, new threshold 8 (max 8)
- age   1:    2358408 bytes,    2358408 total
- age   2:    1356744 bytes,    3715152 total
- age   3:    1717088 bytes,    5432240 total
- age   4:    3252192 bytes,    8684432 total
- age   5:     927120 bytes,    9611552 total
- age   6:     557952 bytes,   10169504 total
- age   7:     646360 bytes,   10815864 total
- age   8:     376936 bytes,   11192800 total
: 103641K->11679K(109248K), 0.0345854 secs] 297763K->206159K(502464K), 0.0346789 secs] [Times: user=0.03 sys=0.00, real=0.03 secs] 
Heap after GC invocations=558 (full 26):
 par new generation   total 109248K, used 11679K [0x00000000e0000000, 0x00000000e8000000, 0x00000000e8000000)
  eden space 87424K,   0% used [0x00000000e0000000, 0x00000000e0000000, 0x00000000e5560000)
  from space 21824K,  53% used [0x00000000e5560000, 0x00000000e60c7fb0, 0x00000000e6ab0000)
  to   space 21824K,   0% used [0x00000000e6ab0000, 0x00000000e6ab0000, 0x00000000e8000000)
 concurrent mark-sweep generation total 393216K, used 194479K [0x00000000e8000000, 0x0000000100000000, 0x0000000100000000)
 Metaspace       used 47216K, capacity 49039K, committed 49624K, reserved 1093632K
  class space    used 5097K, capacity 5483K, committed 5628K, reserved 1048576K
}
2018-10-23T07:44:15.857+0000: 325.803: Total time for which application threads were stopped: 0.0353010 seconds, Stopping threads took: 0.0001628 seconds
{Heap before GC invocations=558 (full 26):
 par new generation   total 109248K, used 99103K [0x00000000e0000000, 0x00000000e8000000, 0x00000000e8000000)
  eden space 87424K, 100% used [0x00000000e0000000, 0x00000000e5560000, 0x00000000e5560000)
  from space 21824K,  53% used [0x00000000e5560000, 0x00000000e60c7fb0, 0x00000000e6ab0000)
  to   space 21824K,   0% used [0x00000000e6ab0000, 0x00000000e6ab0000, 0x00000000e8000000)
 concurrent mark-sweep generation total 393216K, used 194479K [0x00000000e8000000, 0x0000000100000000, 0x0000000100000000)
 Metaspace       used 47216K, capacity 49039K, committed 49624K, reserved 1093632K
  class space    used 5097K, capacity 5483K, committed 5628K, reserved 1048576K
2018-10-23T07:44:15.970+0000: 325.916: [GC (Allocation Failure) 2018-10-23T07:44:15.970+0000: 325.916: [ParNew
Desired survivor size 20112992 bytes, new threshold 8 (max 8)
- age   1:    2429296 bytes,    2429296 total
- age   2:    1452728 bytes,    3882024 total
- age   3:    1300128 bytes,    5182152 total
- age   4:    1697984 bytes,    6880136 total
- age   5:    3250848 bytes,   10130984 total
- age   6:     927120 bytes,   11058104 total
- age   7:     557952 bytes,   11616056 total
- age   8:     646360 bytes,   12262416 total
: 99103K->14038K(109248K), 0.0232925 secs] 293583K->208885K(502464K), 0.0234028 secs] [Times: user=0.04 sys=0.00, real=0.02 secs] 
Heap after GC invocations=559 (full 26):
 par new generation   total 109248K, used 14038K [0x00000000e0000000, 0x00000000e8000000, 0x00000000e8000000)
  eden space 87424K,   0% used [0x00000000e0000000, 0x00000000e0000000, 0x00000000e5560000)
  from space 21824K,  64% used [0x00000000e6ab0000, 0x00000000e7865820, 0x00000000e8000000)
  to   space 21824K,   0% used [0x00000000e5560000, 0x00000000e5560000, 0x00000000e6ab0000)
 concurrent mark-sweep generation total 393216K, used 194847K [0x00000000e8000000, 0x0000000100000000, 0x0000000100000000)
 Metaspace       used 47216K, capacity 49039K, committed 49624K, reserved 1093632K
  class space    used 5097K, capacity 5483K, committed 5628K, reserved 1048576K
}
2018-10-23T07:44:15.994+0000: 325.939: Total time for which application threads were stopped: 0.0300024 seconds, Stopping threads took: 0.0061070 seconds
{Heap before GC invocations=559 (full 26):
 par new generation   total 109248K, used 101462K [0x00000000e0000000, 0x00000000e8000000, 0x00000000e8000000)
  eden space 87424K, 100% used [0x00000000e0000000, 0x00000000e5560000, 0x00000000e5560000)
  from space 21824K,  64% used [0x00000000e6ab0000, 0x00000000e7865820, 0x00000000e8000000)
  to   space 21824K,   0% used [0x00000000e5560000, 0x00000000e5560000, 0x00000000e6ab0000)
 concurrent mark-sweep generation total 393216K, used 194847K [0x00000000e8000000, 0x0000000100000000, 0x0000000100000000)
 Metaspace       used 47216K, capacity 49039K, committed 49624K, reserved 1093632K
  class space    used 5097K, capacity 5483K, committed 5628K, reserved 1048576K
2018-10-23T07:44:16.111+0000: 326.057: [GC (Allocation Failure) 2018-10-23T07:44:16.111+0000: 326.057: [ParNew
Desired survivor size 20112992 bytes, new threshold 8 (max 8)
- age   1:    2960112 bytes,    2960112 total
- age   2:    1674248 bytes,    4634360 total
- age   3:    1310384 bytes,    5944744 total
- age   4:    1189456 bytes,    7134200 total
- age   5:    1693872 bytes,    8828072 total
- age   6:    3250848 bytes,   12078920 total
- age   7:     927120 bytes,   13006040 total
- age   8:     557952 bytes,   13563992 total
: 101462K->19811K(109248K), 0.0079705 secs] 296309K->215290K(502464K), 0.0080730 secs] [Times: user=0.03 sys=0.00, real=0.01 secs] 
Heap after GC invocations=560 (full 26):
 par new generation   total 109248K, used 19811K [0x00000000e0000000, 0x00000000e8000000, 0x00000000e8000000)
  eden space 87424K,   0% used [0x00000000e0000000, 0x00000000e0000000, 0x00000000e5560000)
  from space 21824K,  90% used [0x00000000e5560000, 0x00000000e68b8ec8, 0x00000000e6ab0000)
  to   space 21824K,   0% used [0x00000000e6ab0000, 0x00000000e6ab0000, 0x00000000e8000000)
 concurrent mark-sweep generation total 393216K, used 195478K [0x00000000e8000000, 0x0000000100000000, 0x0000000100000000)
 Metaspace       used 47216K, capacity 49039K, committed 49624K, reserved 1093632K
  class space    used 5097K, capacity 5483K, committed 5628K, reserved 1048576K
}
2018-10-23T07:44:16.120+0000: 326.065: Total time for which application threads were stopped: 0.0086617 seconds, Stopping threads took: 0.0001203 seconds
{Heap before GC invocations=560 (full 26):
 par new generation   total 109248K, used 107235K [0x00000000e0000000, 0x00000000e8000000, 0x00000000e8000000)
  eden space 87424K, 100% used [0x00000000e0000000, 0x00000000e5560000, 0x00000000e5560000)
  from space 21824K,  90% used [0x00000000e5560000, 0x00000000e68b8ec8, 0x00000000e6ab0000)
  to   space 21824K,   0% used [0x00000000e6ab0000, 0x00000000e6ab0000, 0x00000000e8000000)
 concurrent mark-sweep generation total 393216K, used 195478K [0x00000000e8000000, 0x0000000100000000, 0x0000000100000000)
 Metaspace       used 47216K, capacity 49039K, committed 49624K, reserved 1093632K
  class space    used 5097K, capacity 5483K, committed 5628K, reserved 1048576K
2018-10-23T07:44:16.239+0000: 326.185: [GC (Allocation Failure) 2018-10-23T07:44:16.239+0000: 326.185: [ParNew
Desired survivor size 20112992 bytes, new threshold 8 (max 8)
- age   1:    3097680 bytes,    3097680 total
- age   2:    1693856 bytes,    4791536 total
- age   3:    1338496 bytes,    6130032 total
- age   4:    1279808 bytes,    7409840 total
- age   5:    1192720 bytes,    8602560 total
- age   6:    1692240 bytes,   10294800 total
- age   7:    3252344 bytes,   13547144 total
- age   8:     927120 bytes,   14474264 total
: 107235K->19493K(109248K), 0.0332688 secs] 302714K->215517K(502464K), 0.0333777 secs] [Times: user=0.04 sys=0.00, real=0.03 secs] 
Heap after GC invocations=561 (full 26):
 par new generation   total 109248K, used 19493K [0x00000000e0000000, 0x00000000e8000000, 0x00000000e8000000)
  eden space 87424K,   0% used [0x00000000e0000000, 0x00000000e0000000, 0x00000000e5560000)
  from space 21824K,  89% used [0x00000000e6ab0000, 0x00000000e7db9750, 0x00000000e8000000)
  to   space 21824K,   0% used [0x00000000e5560000, 0x00000000e5560000, 0x00000000e6ab0000)
 concurrent mark-sweep generation total 393216K, used 196023K [0x00000000e8000000, 0x0000000100000000, 0x0000000100000000)
 Metaspace       used 47216K, capacity 49039K, committed 49624K, reserved 1093632K
  class space    used 5097K, capacity 5483K, committed 5628K, reserved 1048576K
}
2018-10-23T07:44:16.273+0000: 326.219: Total time for which application threads were stopped: 0.0355641 seconds, Stopping threads took: 0.0016951 seconds
{Heap before GC invocations=561 (full 26):
 par new generation   total 109248K, used 106917K [0x00000000e0000000, 0x00000000e8000000, 0x00000000e8000000)
  eden space 87424K, 100% used [0x00000000e0000000, 0x00000000e5560000, 0x00000000e5560000)
  from space 21824K,  89% used [0x00000000e6ab0000, 0x00000000e7db9750, 0x00000000e8000000)
  to   space 21824K,   0% used [0x00000000e5560000, 0x00000000e5560000, 0x00000000e6ab0000)
 concurrent mark-sweep generation total 393216K, used 196023K [0x00000000e8000000, 0x0000000100000000, 0x0000000100000000)
 Metaspace       used 47217K, capacity 49039K, committed 49624K, reserved 1093632K
  class space    used 5097K, capacity 5483K, committed 5628K, reserved 1048576K
2018-10-23T07:44:16.401+0000: 326.347: [GC (Allocation Failure) 2018-10-23T07:44:16.401+0000: 326.347: [ParNew
Desired survivor size 20112992 bytes, new threshold 8 (max 8)
- age   1:    3761600 bytes,    3761600 total
- age   2:    1998488 bytes,    5760088 total
- age   3:    1516128 bytes,    7276216 total
- age   4:    1119272 bytes,    8395488 total
- age   5:    1012720 bytes,    9408208 total
- age   6:    1055584 bytes,   10463792 total
- age   7:    1514632 bytes,   11978424 total
- age   8:    2682216 bytes,   14660640 total
: 106917K->16297K(109248K), 0.0169024 secs] 302941K->213226K(502464K), 0.0170120 secs] [Times: user=0.04 sys=0.00, real=0.02 secs] 
Heap after GC invocations=562 (full 26):
 par new generation   total 109248K, used 16297K [0x00000000e0000000, 0x00000000e8000000, 0x00000000e8000000)
  eden space 87424K,   0% used [0x00000000e0000000, 0x00000000e0000000, 0x00000000e5560000)
  from space 21824K,  74% used [0x00000000e5560000, 0x00000000e654a588, 0x00000000e6ab0000)
  to   space 21824K,   0% used [0x00000000e6ab0000, 0x00000000e6ab0000, 0x00000000e8000000)
 concurrent mark-sweep generation total 393216K, used 196929K [0x00000000e8000000, 0x0000000100000000, 0x0000000100000000)
 Metaspace       used 47217K, capacity 49039K, committed 49624K, reserved 1093632K
  class space    used 5097K, capacity 5483K, committed 5628K, reserved 1048576K
}
2018-10-23T07:44:16.418+0000: 326.364: Total time for which application threads were stopped: 0.0175858 seconds, Stopping threads took: 0.0000902 seconds
2018-10-23T07:44:16.419+0000: 326.365: [GC (CMS Initial Mark) [1 CMS-initial-mark: 196929K(393216K)] 213430K(502464K), 0.0044026 secs] [Times: user=0.01 sys=0.00, real=0.00 secs] 
2018-10-23T07:44:16.423+0000: 326.369: Total time for which application threads were stopped: 0.0048797 seconds, Stopping threads took: 0.0001759 seconds
2018-10-23T07:44:16.423+0000: 326.369: [CMS-concurrent-mark-start]
2018-10-23T07:44:16.565+0000: 326.511: [CMS-concurrent-mark: 0.142/0.142 secs] [Times: user=0.41 sys=0.00, real=0.14 secs] 
2018-10-23T07:44:16.565+0000: 326.511: [CMS-concurrent-preclean-start]
2018-10-23T07:44:16.567+0000: 326.513: [CMS-concurrent-preclean: 0.002/0.002 secs] [Times: user=0.01 sys=0.00, real=0.00 secs] 
2018-10-23T07:44:16.567+0000: 326.513: [CMS-concurrent-abortable-preclean-start]
{Heap before GC invocations=562 (full 27):
 par new generation   total 109248K, used 103721K [0x00000000e0000000, 0x00000000e8000000, 0x00000000e8000000)
  eden space 87424K, 100% used [0x00000000e0000000, 0x00000000e5560000, 0x00000000e5560000)
  from space 21824K,  74% used [0x00000000e5560000, 0x00000000e654a588, 0x00000000e6ab0000)
  to   space 21824K,   0% used [0x00000000e6ab0000, 0x00000000e6ab0000, 0x00000000e8000000)
 concurrent mark-sweep generation total 393216K, used 196929K [0x00000000e8000000, 0x0000000100000000, 0x0000000100000000)
 Metaspace       used 47217K, capacity 49039K, committed 49624K, reserved 1093632K
  class space    used 5097K, capacity 5483K, committed 5628K, reserved 1048576K
2018-10-23T07:44:16.634+0000: 326.579: [GC (Allocation Failure) 2018-10-23T07:44:16.634+0000: 326.579: [ParNew
Desired survivor size 20112992 bytes, new threshold 8 (max 8)
- age   1:    2535536 bytes,    2535536 total
- age   2:    2255000 bytes,    4790536 total
- age   3:     180144 bytes,    4970680 total
- age   4:     151840 bytes,    5122520 total
- age   5:     177976 bytes,    5300496 total
- age   6:     163280 bytes,    5463776 total
- age   7:     170560 bytes,    5634336 total
- age   8:     429912 bytes,    6064248 total
: 103721K->9411K(109248K), 0.0236142 secs] 300650K->207852K(502464K), 0.0237089 secs] [Times: user=0.03 sys=0.00, real=0.02 secs] 
Heap after GC invocations=563 (full 27):
 par new generation   total 109248K, used 9411K [0x00000000e0000000, 0x00000000e8000000, 0x00000000e8000000)
  eden space 87424K,   0% used [0x00000000e0000000, 0x00000000e0000000, 0x00000000e5560000)
  from space 21824K,  43% used [0x00000000e6ab0000, 0x00000000e73e0de0, 0x00000000e8000000)
  to   space 21824K,   0% used [0x00000000e5560000, 0x00000000e5560000, 0x00000000e6ab0000)
 concurrent mark-sweep generation total 393216K, used 198440K [0x00000000e8000000, 0x0000000100000000, 0x0000000100000000)
 Metaspace       used 47217K, capacity 49039K, committed 49624K, reserved 1093632K
  class space    used 5097K, capacity 5483K, committed 5628K, reserved 1048576K
}
2018-10-23T07:44:16.657+0000: 326.603: Total time for which application threads were stopped: 0.0242925 seconds, Stopping threads took: 0.0000998 seconds
{Heap before GC invocations=563 (full 27):
 par new generation   total 109248K, used 96835K [0x00000000e0000000, 0x00000000e8000000, 0x00000000e8000000)
  eden space 87424K, 100% used [0x00000000e0000000, 0x00000000e5560000, 0x00000000e5560000)
  from space 21824K,  43% used [0x00000000e6ab0000, 0x00000000e73e0de0, 0x00000000e8000000)
  to   space 21824K,   0% used [0x00000000e5560000, 0x00000000e5560000, 0x00000000e6ab0000)
 concurrent mark-sweep generation total 393216K, used 198440K [0x00000000e8000000, 0x0000000100000000, 0x0000000100000000)
 Metaspace       used 47217K, capacity 49039K, committed 49624K, reserved 1093632K
  class space    used 5097K, capacity 5483K, committed 5628K, reserved 1048576K
2018-10-23T07:44:16.790+0000: 326.736: [GC (Allocation Failure) 2018-10-23T07:44:16.790+0000: 326.736: [ParNew
Desired survivor size 20112992 bytes, new threshold 8 (max 8)
- age   1:    2285992 bytes,    2285992 total
- age   2:    1501744 bytes,    3787736 total
- age   3:    2240672 bytes,    6028408 total
- age   4:     180144 bytes,    6208552 total
- age   5:     151840 bytes,    6360392 total
- age   6:     177976 bytes,    6538368 total
- age   7:     163280 bytes,    6701648 total
- age   8:     170560 bytes,    6872208 total
: 96835K->9235K(109248K), 0.0228764 secs] 295276K->208095K(502464K), 0.0229922 secs] [Times: user=0.03 sys=0.00, real=0.02 secs] 
Heap after GC invocations=564 (full 27):
 par new generation   total 109248K, used 9235K [0x00000000e0000000, 0x00000000e8000000, 0x00000000e8000000)
  eden space 87424K,   0% used [0x00000000e0000000, 0x00000000e0000000, 0x00000000e5560000)
  from space 21824K,  42% used [0x00000000e5560000, 0x00000000e5e64d40, 0x00000000e6ab0000)
  to   space 21824K,   0% used [0x00000000e6ab0000, 0x00000000e6ab0000, 0x00000000e8000000)
 concurrent mark-sweep generation total 393216K, used 198860K [0x00000000e8000000, 0x0000000100000000, 0x0000000100000000)
 Metaspace       used 47217K, capacity 49039K, committed 49624K, reserved 1093632K
  class space    used 5097K, capacity 5483K, committed 5628K, reserved 1048576K
}
2018-10-23T07:44:16.813+0000: 326.759: Total time for which application threads were stopped: 0.0282027 seconds, Stopping threads took: 0.0047356 seconds
2018-10-23T07:44:16.813+0000: 326.759: [CMS-concurrent-abortable-preclean: 0.132/0.246 secs] [Times: user=0.46 sys=0.00, real=0.25 secs] 
2018-10-23T07:44:16.814+0000: 326.760: [GC (CMS Final Remark) [YG occupancy: 11081 K (109248 K)]{Heap before GC invocations=564 (full 27):
 par new generation   total 109248K, used 11081K [0x00000000e0000000, 0x00000000e8000000, 0x00000000e8000000)
  eden space 87424K,   2% used [0x00000000e0000000, 0x00000000e01cd830, 0x00000000e5560000)
  from space 21824K,  42% used [0x00000000e5560000, 0x00000000e5e64d40, 0x00000000e6ab0000)
  to   space 21824K,   0% used [0x00000000e6ab0000, 0x00000000e6ab0000, 0x00000000e8000000)
 concurrent mark-sweep generation total 393216K, used 198860K [0x00000000e8000000, 0x0000000100000000, 0x0000000100000000)
 Metaspace       used 47217K, capacity 49039K, committed 49624K, reserved 1093632K
  class space    used 5097K, capacity 5483K, committed 5628K, reserved 1048576K
2018-10-23T07:44:16.815+0000: 326.760: [GC (CMS Final Remark) 2018-10-23T07:44:16.815+0000: 326.760: [ParNew
Desired survivor size 20112992 bytes, new threshold 8 (max 8)
- age   1:     131640 bytes,     131640 total
- age   2:    2165960 bytes,    2297600 total
- age   3:    1501744 bytes,    3799344 total
- age   4:    2240672 bytes,    6040016 total
- age   5:     180144 bytes,    6220160 total
- age   6:     151840 bytes,    6372000 total
- age   7:     177976 bytes,    6549976 total
- age   8:     163280 bytes,    6713256 total
: 11081K->8259K(109248K), 0.0150361 secs] 209941K->207287K(502464K), 0.0151099 secs] [Times: user=0.02 sys=0.00, real=0.02 secs] 
Heap after GC invocations=565 (full 27):
 par new generation   total 109248K, used 8259K [0x00000000e0000000, 0x00000000e8000000, 0x00000000e8000000)
  eden space 87424K,   0% used [0x00000000e0000000, 0x00000000e0000000, 0x00000000e5560000)
  from space 21824K,  37% used [0x00000000e6ab0000, 0x00000000e72c0fd8, 0x00000000e8000000)
  to   space 21824K,   0% used [0x00000000e5560000, 0x00000000e5560000, 0x00000000e6ab0000)
 concurrent mark-sweep generation total 393216K, used 199027K [0x00000000e8000000, 0x0000000100000000, 0x0000000100000000)
 Metaspace       used 47217K, capacity 49039K, committed 49624K, reserved 1093632K
  class space    used 5097K, capacity 5483K, committed 5628K, reserved 1048576K
}
2018-10-23T07:44:16.830+0000: 326.776: [Rescan (parallel) , 0.0026776 secs]2018-10-23T07:44:16.832+0000: 326.778: [weak refs processing, 0.0025239 secs]2018-10-23T07:44:16.835+0000: 326.781: [class unloading, 0.0196145 secs]2018-10-23T07:44:16.855+0000: 326.800: [scrub symbol table, 0.0064616 secs]2018-10-23T07:44:16.861+0000: 326.807: [scrub string table, 0.0008719 secs][1 CMS-remark: 199027K(393216K)] 207287K(502464K), 0.0615712 secs] [Times: user=0.07 sys=0.00, real=0.06 secs] 
2018-10-23T07:44:16.876+0000: 326.822: Total time for which application threads were stopped: 0.0621062 seconds, Stopping threads took: 0.0001661 seconds
2018-10-23T07:44:16.879+0000: 326.825: [CMS-concurrent-sweep-start]
{Heap before GC invocations=565 (full 27):
 par new generation   total 109248K, used 95683K [0x00000000e0000000, 0x00000000e8000000, 0x00000000e8000000)
  eden space 87424K, 100% used [0x00000000e0000000, 0x00000000e5560000, 0x00000000e5560000)
  from space 21824K,  37% used [0x00000000e6ab0000, 0x00000000e72c0fd8, 0x00000000e8000000)
  to   space 21824K,   0% used [0x00000000e5560000, 0x00000000e5560000, 0x00000000e6ab0000)
 concurrent mark-sweep generation total 393216K, used 192721K [0x00000000e8000000, 0x0000000100000000, 0x0000000100000000)
 Metaspace       used 47217K, capacity 49039K, committed 49624K, reserved 1093632K
  class space    used 5097K, capacity 5483K, committed 5628K, reserved 1048576K
2018-10-23T07:44:16.987+0000: 326.932: [GC (Allocation Failure) 2018-10-23T07:44:16.987+0000: 326.932: [ParNew
Desired survivor size 20112992 bytes, new threshold 8 (max 8)
- age   1:    1970416 bytes,    1970416 total
- age   3:    1530848 bytes,    3501264 total
- age   4:    1491112 bytes,    4992376 total
- age   5:    2240184 bytes,    7232560 total
- age   6:     180144 bytes,    7412704 total
- age   7:     151840 bytes,    7564544 total
- age   8:     177976 bytes,    7742520 total
: 95683K->10210K(109248K), 0.0117356 secs] 288405K->203091K(502464K), 0.0118182 secs] [Times: user=0.03 sys=0.00, real=0.02 secs] 
Heap after GC invocations=566 (full 27):
 par new generation   total 109248K, used 10210K [0x00000000e0000000, 0x00000000e8000000, 0x00000000e8000000)
  eden space 87424K,   0% used [0x00000000e0000000, 0x00000000e0000000, 0x00000000e5560000)
  from space 21824K,  46% used [0x00000000e5560000, 0x00000000e5f58b08, 0x00000000e6ab0000)
  to   space 21824K,   0% used [0x00000000e6ab0000, 0x00000000e6ab0000, 0x00000000e8000000)
 concurrent mark-sweep generation total 393216K, used 192880K [0x00000000e8000000, 0x0000000100000000, 0x0000000100000000)
 Metaspace       used 47217K, capacity 49039K, committed 49624K, reserved 1093632K
  class space    used 5097K, capacity 5483K, committed 5628K, reserved 1048576K
}
2018-10-23T07:44:16.998+0000: 326.944: Total time for which application threads were stopped: 0.0123095 seconds, Stopping threads took: 0.0000599 seconds
2018-10-23T07:44:17.069+0000: 327.014: [CMS-concurrent-sweep: 0.173/0.190 secs] [Times: user=0.44 sys=0.00, real=0.18 secs] 
2018-10-23T07:44:17.069+0000: 327.015: [CMS-concurrent-reset-start]
2018-10-23T07:44:17.070+0000: 327.016: [CMS-concurrent-reset: 0.001/0.001 secs] [Times: user=0.00 sys=0.00, real=0.01 secs] 
{Heap before GC invocations=566 (full 27):
 par new generation   total 109248K, used 97634K [0x00000000e0000000, 0x00000000e8000000, 0x00000000e8000000)
  eden space 87424K, 100% used [0x00000000e0000000, 0x00000000e5560000, 0x00000000e5560000)
  from space 21824K,  46% used [0x00000000e5560000, 0x00000000e5f58b08, 0x00000000e6ab0000)
  to   space 21824K,   0% used [0x00000000e6ab0000, 0x00000000e6ab0000, 0x00000000e8000000)
 concurrent mark-sweep generation total 393216K, used 186947K [0x00000000e8000000, 0x0000000100000000, 0x0000000100000000)
 Metaspace       used 47209K, capacity 49029K, committed 49624K, reserved 1093632K
  class space    used 5097K, capacity 5482K, committed 5628K, reserved 1048576K
2018-10-23T07:44:17.110+0000: 327.056: [GC (Allocation Failure) 2018-10-23T07:44:17.110+0000: 327.056: [ParNew
Desired survivor size 20112992 bytes, new threshold 8 (max 8)
- age   1:    2644504 bytes,    2644504 total
- age   2:    1389256 bytes,    4033760 total
- age   4:    1288816 bytes,    5322576 total
- age   5:    1472456 bytes,    6795032 total
- age   6:    2239216 bytes,    9034248 total
- age   7:     180144 bytes,    9214392 total
- age   8:     151840 bytes,    9366232 total
: 97634K->10731K(109248K), 0.0242052 secs] 284581K->197851K(502464K), 0.0243212 secs] [Times: user=0.04 sys=0.00, real=0.02 secs] 
Heap after GC invocations=567 (full 27):
 par new generation   total 109248K, used 10731K [0x00000000e0000000, 0x00000000e8000000, 0x00000000e8000000)
  eden space 87424K,   0% used [0x00000000e0000000, 0x00000000e0000000, 0x00000000e5560000)
  from space 21824K,  49% used [0x00000000e6ab0000, 0x00000000e752ac10, 0x00000000e8000000)
  to   space 21824K,   0% used [0x00000000e5560000, 0x00000000e5560000, 0x00000000e6ab0000)
 concurrent mark-sweep generation total 393216K, used 187120K [0x00000000e8000000, 0x0000000100000000, 0x0000000100000000)
 Metaspace       used 47209K, capacity 49029K, committed 49624K, reserved 1093632K
  class space    used 5097K, capacity 5482K, committed 5628K, reserved 1048576K
}
2018-10-23T07:44:17.134+0000: 327.080: Total time for which application threads were stopped: 0.0274810 seconds, Stopping threads took: 0.0026669 seconds
{Heap before GC invocations=567 (full 27):
 par new generation   total 109248K, used 98155K [0x00000000e0000000, 0x00000000e8000000, 0x00000000e8000000)
  eden space 87424K, 100% used [0x00000000e0000000, 0x00000000e5560000, 0x00000000e5560000)
  from space 21824K,  49% used [0x00000000e6ab0000, 0x00000000e752ac10, 0x00000000e8000000)
  to   space 21824K,   0% used [0x00000000e5560000, 0x00000000e5560000, 0x00000000e6ab0000)
 concurrent mark-sweep generation total 393216K, used 187120K [0x00000000e8000000, 0x0000000100000000, 0x0000000100000000)
 Metaspace       used 47209K, capacity 49029K, committed 49624K, reserved 1093632K
  class space    used 5097K, capacity 5482K, committed 5628K, reserved 1048576K
2018-10-23T07:44:17.263+0000: 327.209: [GC (Allocation Failure) 2018-10-23T07:44:17.263+0000: 327.209: [ParNew
Desired survivor size 20112992 bytes, new threshold 8 (max 8)
- age   1:    2990168 bytes,    2990168 total
- age   2:    1344416 bytes,    4334584 total
- age   3:    1293080 bytes,    5627664 total
- age   5:    1187784 bytes,    6815448 total
- age   6:    1474288 bytes,    8289736 total
- age   7:    2240552 bytes,   10530288 total
- age   8:     180144 bytes,   10710432 total
: 98155K->13882K(109248K), 0.0555412 secs] 285275K->201152K(502464K), 0.0556536 secs] [Times: user=0.05 sys=0.00, real=0.06 secs] 
Heap after GC invocations=568 (full 27):
 par new generation   total 109248K, used 13882K [0x00000000e0000000, 0x00000000e8000000, 0x00000000e8000000)
  eden space 87424K,   0% used [0x00000000e0000000, 0x00000000e0000000, 0x00000000e5560000)
  from space 21824K,  63% used [0x00000000e5560000, 0x00000000e62eebe0, 0x00000000e6ab0000)
  to   space 21824K,   0% used [0x00000000e6ab0000, 0x00000000e6ab0000, 0x00000000e8000000)
 concurrent mark-sweep generation total 393216K, used 187269K [0x00000000e8000000, 0x0000000100000000, 0x0000000100000000)
 Metaspace       used 47209K, capacity 49029K, committed 49624K, reserved 1093632K
  class space    used 5097K, capacity 5482K, committed 5628K, reserved 1048576K
}
2018-10-23T07:44:17.319+0000: 327.265: Total time for which application threads were stopped: 0.0621581 seconds, Stopping threads took: 0.0060112 seconds
{Heap before GC invocations=568 (full 27):
 par new generation   total 109248K, used 101306K [0x00000000e0000000, 0x00000000e8000000, 0x00000000e8000000)
  eden space 87424K, 100% used [0x00000000e0000000, 0x00000000e5560000, 0x00000000e5560000)
  from space 21824K,  63% used [0x00000000e5560000, 0x00000000e62eebe0, 0x00000000e6ab0000)
  to   space 21824K,   0% used [0x00000000e6ab0000, 0x00000000e6ab0000, 0x00000000e8000000)
 concurrent mark-sweep generation total 393216K, used 187269K [0x00000000e8000000, 0x0000000100000000, 0x0000000100000000)
 Metaspace       used 47225K, capacity 49029K, committed 49624K, reserved 1093632K
  class space    used 5097K, capacity 5482K, committed 5628K, reserved 1048576K
2018-10-23T07:44:17.414+0000: 327.360: [GC (Allocation Failure) 2018-10-23T07:44:17.414+0000: 327.360: [ParNew
Desired survivor size 20112992 bytes, new threshold 8 (max 8)
- age   1:    2992056 bytes,    2992056 total
- age   2:    2182224 bytes,    5174280 total
- age   3:    1075416 bytes,    6249696 total
- age   4:    1163592 bytes,    7413288 total
- age   6:    1050848 bytes,    8464136 total
- age   7:    1352616 bytes,    9816752 total
- age   8:    1690048 bytes,   11506800 total
: 101306K->13277K(109248K), 0.0241953 secs] 288576K->200723K(502464K), 0.0242931 secs] [Times: user=0.03 sys=0.00, real=0.03 secs] 
Heap after GC invocations=569 (full 27):
 par new generation   total 109248K, used 13277K [0x00000000e0000000, 0x00000000e8000000, 0x00000000e8000000)
  eden space 87424K,   0% used [0x00000000e0000000, 0x00000000e0000000, 0x00000000e5560000)
  from space 21824K,  60% used [0x00000000e6ab0000, 0x00000000e77a7788, 0x00000000e8000000)
  to   space 21824K,   0% used [0x00000000e5560000, 0x00000000e5560000, 0x00000000e6ab0000)
 concurrent mark-sweep generation total 393216K, used 187445K [0x00000000e8000000, 0x0000000100000000, 0x0000000100000000)
 Metaspace       used 47225K, capacity 49029K, committed 49624K, reserved 1093632K
  class space    used 5097K, capacity 5482K, committed 5628K, reserved 1048576K
}
2018-10-23T07:44:17.438+0000: 327.384: Total time for which application threads were stopped: 0.0250087 seconds, Stopping threads took: 0.0001954 seconds
{Heap before GC invocations=569 (full 27):
 par new generation   total 109248K, used 100701K [0x00000000e0000000, 0x00000000e8000000, 0x00000000e8000000)
  eden space 87424K, 100% used [0x00000000e0000000, 0x00000000e5560000, 0x00000000e5560000)
  from space 21824K,  60% used [0x00000000e6ab0000, 0x00000000e77a7788, 0x00000000e8000000)
  to   space 21824K,   0% used [0x00000000e5560000, 0x00000000e5560000, 0x00000000e6ab0000)
 concurrent mark-sweep generation total 393216K, used 187445K [0x00000000e8000000, 0x0000000100000000, 0x0000000100000000)
 Metaspace       used 47228K, capacity 49029K, committed 49624K, reserved 1093632K
  class space    used 5097K, capacity 5482K, committed 5628K, reserved 1048576K
2018-10-23T07:44:17.526+0000: 327.472: [GC (Allocation Failure) 2018-10-23T07:44:17.526+0000: 327.472: [ParNew
Desired survivor size 20112992 bytes, new threshold 8 (max 8)
- age   1:    2373200 bytes,    2373200 total
- age   2:    2408040 bytes,    4781240 total
- age   3:     179216 bytes,    4960456 total
- age   4:     157112 bytes,    5117568 total
- age   5:     147680 bytes,    5265248 total
- age   7:     168480 bytes,    5433728 total
- age   8:     435192 bytes,    5868920 total
: 100701K->9903K(109248K), 0.0264364 secs] 288147K->198064K(502464K), 0.0265360 secs] [Times: user=0.02 sys=0.00, real=0.03 secs] 
Heap after GC invocations=570 (full 27):
 par new generation   total 109248K, used 9903K [0x00000000e0000000, 0x00000000e8000000, 0x00000000e8000000)
  eden space 87424K,   0% used [0x00000000e0000000, 0x00000000e0000000, 0x00000000e5560000)
  from space 21824K,  45% used [0x00000000e5560000, 0x00000000e5f0bc80, 0x00000000e6ab0000)
  to   space 21824K,   0% used [0x00000000e6ab0000, 0x00000000e6ab0000, 0x00000000e8000000)
 concurrent mark-sweep generation total 393216K, used 188161K [0x00000000e8000000, 0x0000000100000000, 0x0000000100000000)
 Metaspace       used 47228K, capacity 49029K, committed 49624K, reserved 1093632K
  class space    used 5097K, capacity 5482K, committed 5628K, reserved 1048576K
}
2018-10-23T07:44:17.553+0000: 327.499: Total time for which application threads were stopped: 0.0271806 seconds, Stopping threads took: 0.0000605 seconds
{Heap before GC invocations=570 (full 27):
 par new generation   total 109248K, used 97327K [0x00000000e0000000, 0x00000000e8000000, 0x00000000e8000000)
  eden space 87424K, 100% used [0x00000000e0000000, 0x00000000e5560000, 0x00000000e5560000)
  from space 21824K,  45% used [0x00000000e5560000, 0x00000000e5f0bc80, 0x00000000e6ab0000)
  to   space 21824K,   0% used [0x00000000e6ab0000, 0x00000000e6ab0000, 0x00000000e8000000)
 concurrent mark-sweep generation total 393216K, used 188161K [0x00000000e8000000, 0x0000000100000000, 0x0000000100000000)
 Metaspace       used 47228K, capacity 49029K, committed 49624K, reserved 1093632K
  class space    used 5097K, capacity 5482K, committed 5628K, reserved 1048576K
2018-10-23T07:44:17.640+0000: 327.585: [GC (Allocation Failure) 2018-10-23T07:44:17.640+0000: 327.586: [ParNew
Desired survivor size 20112992 bytes, new threshold 8 (max 8)
- age   1:    2218696 bytes,    2218696 total
- age   2:    1583312 bytes,    3802008 total
- age   3:    2353880 bytes,    6155888 total
- age   4:     179216 bytes,    6335104 total
- age   5:     157112 bytes,    6492216 total
- age   6:     147680 bytes,    6639896 total
- age   8:     168480 bytes,    6808376 total
: 97327K->7801K(109248K), 0.0219523 secs] 285488K->196386K(502464K), 0.0220582 secs] [Times: user=0.03 sys=0.00, real=0.02 secs] 
Heap after GC invocations=571 (full 27):
 par new generation   total 109248K, used 7801K [0x00000000e0000000, 0x00000000e8000000, 0x00000000e8000000)
  eden space 87424K,   0% used [0x00000000e0000000, 0x00000000e0000000, 0x00000000e5560000)
  from space 21824K,  35% used [0x00000000e6ab0000, 0x00000000e724e4c0, 0x00000000e8000000)
  to   space 21824K,   0% used [0x00000000e5560000, 0x00000000e5560000, 0x00000000e6ab0000)
 concurrent mark-sweep generation total 393216K, used 188585K [0x00000000e8000000, 0x0000000100000000, 0x0000000100000000)
 Metaspace       used 47228K, capacity 49029K, committed 49624K, reserved 1093632K
  class space    used 5097K, capacity 5482K, committed 5628K, reserved 1048576K
}
2018-10-23T07:44:17.662+0000: 327.608: Total time for which application threads were stopped: 0.0226380 seconds, Stopping threads took: 0.0001114 seconds
{Heap before GC invocations=571 (full 27):
 par new generation   total 109248K, used 95225K [0x00000000e0000000, 0x00000000e8000000, 0x00000000e8000000)
  eden space 87424K, 100% used [0x00000000e0000000, 0x00000000e5560000, 0x00000000e5560000)
  from space 21824K,  35% used [0x00000000e6ab0000, 0x00000000e724e4c0, 0x00000000e8000000)
  to   space 21824K,   0% used [0x00000000e5560000, 0x00000000e5560000, 0x00000000e6ab0000)
 concurrent mark-sweep generation total 393216K, used 188585K [0x00000000e8000000, 0x0000000100000000, 0x0000000100000000)
 Metaspace       used 47228K, capacity 49029K, committed 49624K, reserved 1093632K
  class space    used 5097K, capacity 5482K, committed 5628K, reserved 1048576K
2018-10-23T07:44:17.758+0000: 327.704: [GC (Allocation Failure) 2018-10-23T07:44:17.758+0000: 327.704: [ParNew
Desired survivor size 20112992 bytes, new threshold 8 (max 8)
- age   1:    3050576 bytes,    3050576 total
- age   2:    1218160 bytes,    4268736 total
- age   3:    1514752 bytes,    5783488 total
- age   4:    2353208 bytes,    8136696 total
- age   5:     179216 bytes,    8315912 total
- age   6:     157112 bytes,    8473024 total
- age   7:     147680 bytes,    8620704 total
: 95225K->8942K(109248K), 0.0308255 secs] 283810K->197692K(502464K), 0.0309228 secs] [Times: user=0.05 sys=0.00, real=0.02 secs] 
Heap after GC invocations=572 (full 27):
 par new generation   total 109248K, used 8942K [0x00000000e0000000, 0x00000000e8000000, 0x00000000e8000000)
  eden space 87424K,   0% used [0x00000000e0000000, 0x00000000e0000000, 0x00000000e5560000)
  from space 21824K,  40% used [0x00000000e5560000, 0x00000000e5e1bab0, 0x00000000e6ab0000)
  to   space 21824K,   0% used [0x00000000e6ab0000, 0x00000000e6ab0000, 0x00000000e8000000)
 concurrent mark-sweep generation total 393216K, used 188750K [0x00000000e8000000, 0x0000000100000000, 0x0000000100000000)
 Metaspace       used 47228K, capacity 49029K, committed 49624K, reserved 1093632K
  class space    used 5097K, capacity 5482K, committed 5628K, reserved 1048576K
}
2018-10-23T07:44:17.789+0000: 327.735: Total time for which application threads were stopped: 0.0320867 seconds, Stopping threads took: 0.0006822 seconds
{Heap before GC invocations=572 (full 27):
 par new generation   total 109248K, used 96366K [0x00000000e0000000, 0x00000000e8000000, 0x00000000e8000000)
  eden space 87424K, 100% used [0x00000000e0000000, 0x00000000e5560000, 0x00000000e5560000)
  from space 21824K,  40% used [0x00000000e5560000, 0x00000000e5e1bab0, 0x00000000e6ab0000)
  to   space 21824K,   0% used [0x00000000e6ab0000, 0x00000000e6ab0000, 0x00000000e8000000)
 concurrent mark-sweep generation total 393216K, used 188750K [0x00000000e8000000, 0x0000000100000000, 0x0000000100000000)
 Metaspace       used 47228K, capacity 49029K, committed 49624K, reserved 1093632K
  class space    used 5097K, capacity 5482K, committed 5628K, reserved 1048576K
2018-10-23T07:44:17.883+0000: 327.828: [GC (Allocation Failure) 2018-10-23T07:44:17.883+0000: 327.829: [ParNew
Desired survivor size 20112992 bytes, new threshold 8 (max 8)
- age   1:    3087584 bytes,    3087584 total
- age   2:    1786336 bytes,    4873920 total
- age   3:    1211376 bytes,    6085296 total
- age   4:    1511712 bytes,    7597008 total
- age   5:    2353176 bytes,    9950184 total
- age   6:     179216 bytes,   10129400 total
- age   7:     157040 bytes,   10286440 total
- age   8:     147680 bytes,   10434120 total
: 96366K->15608K(109248K), 0.0262563 secs] 285116K->204358K(502464K), 0.0263339 secs] [Times: user=0.03 sys=0.00, real=0.02 secs] 
Heap after GC invocations=573 (full 27):
 par new generation   total 109248K, used 15608K [0x00000000e0000000, 0x00000000e8000000, 0x00000000e8000000)
  eden space 87424K,   0% used [0x00000000e0000000, 0x00000000e0000000, 0x00000000e5560000)
  from space 21824K,  71% used [0x00000000e6ab0000, 0x00000000e79ee380, 0x00000000e8000000)
  to   space 21824K,   0% used [0x00000000e5560000, 0x00000000e5560000, 0x00000000e6ab0000)
 concurrent mark-sweep generation total 393216K, used 188750K [0x00000000e8000000, 0x0000000100000000, 0x0000000100000000)
 Metaspace       used 47228K, capacity 49029K, committed 49624K, reserved 1093632K
  class space    used 5097K, capacity 5482K, committed 5628K, reserved 1048576K
}
2018-10-23T07:44:17.909+0000: 327.855: Total time for which application threads were stopped: 0.0328133 seconds, Stopping threads took: 0.0060133 seconds
{Heap before GC invocations=573 (full 27):
 par new generation   total 109248K, used 103032K [0x00000000e0000000, 0x00000000e8000000, 0x00000000e8000000)
  eden space 87424K, 100% used [0x00000000e0000000, 0x00000000e5560000, 0x00000000e5560000)
  from space 21824K,  71% used [0x00000000e6ab0000, 0x00000000e79ee380, 0x00000000e8000000)
  to   space 21824K,   0% used [0x00000000e5560000, 0x00000000e5560000, 0x00000000e6ab0000)
 concurrent mark-sweep generation total 393216K, used 188750K [0x00000000e8000000, 0x0000000100000000, 0x0000000100000000)
 Metaspace       used 47228K, capacity 49029K, committed 49624K, reserved 1093632K
  class space    used 5097K, capacity 5482K, committed 5628K, reserved 1048576K
2018-10-23T07:44:18.042+0000: 327.988: [GC (Allocation Failure) 2018-10-23T07:44:18.042+0000: 327.988: [ParNew
Desired survivor size 20112992 bytes, new threshold 8 (max 8)
- age   1:    3355160 bytes,    3355160 total
- age   2:    1783504 bytes,    5138664 total
- age   3:    1564096 bytes,    6702760 total
- age   4:    1147312 bytes,    7850072 total
- age   5:    1512864 bytes,    9362936 total
- age   6:    2353624 bytes,   11716560 total
- age   7:     179216 bytes,   11895776 total
- age   8:     157040 bytes,   12052816 total
: 103032K->13495K(109248K), 0.0257093 secs] 291782K->202389K(502464K), 0.0258195 secs] [Times: user=0.05 sys=0.00, real=0.02 secs] 
Heap after GC invocations=574 (full 27):
 par new generation   total 109248K, used 13495K [0x00000000e0000000, 0x00000000e8000000, 0x00000000e8000000)
  eden space 87424K,   0% used [0x00000000e0000000, 0x00000000e0000000, 0x00000000e5560000)
  from space 21824K,  61% used [0x00000000e5560000, 0x00000000e628de00, 0x00000000e6ab0000)
  to   space 21824K,   0% used [0x00000000e6ab0000, 0x00000000e6ab0000, 0x00000000e8000000)
 concurrent mark-sweep generation total 393216K, used 188894K [0x00000000e8000000, 0x0000000100000000, 0x0000000100000000)
 Metaspace       used 47228K, capacity 49029K, committed 49624K, reserved 1093632K
  class space    used 5097K, capacity 5482K, committed 5628K, reserved 1048576K
}
2018-10-23T07:44:18.068+0000: 328.014: Total time for which application threads were stopped: 0.0263566 seconds, Stopping threads took: 0.0000609 seconds
{Heap before GC invocations=574 (full 27):
 par new generation   total 109248K, used 100919K [0x00000000e0000000, 0x00000000e8000000, 0x00000000e8000000)
  eden space 87424K, 100% used [0x00000000e0000000, 0x00000000e5560000, 0x00000000e5560000)
  from space 21824K,  61% used [0x00000000e5560000, 0x00000000e628de00, 0x00000000e6ab0000)
  to   space 21824K,   0% used [0x00000000e6ab0000, 0x00000000e6ab0000, 0x00000000e8000000)
 concurrent mark-sweep generation total 393216K, used 188894K [0x00000000e8000000, 0x0000000100000000, 0x0000000100000000)
 Metaspace       used 47228K, capacity 49029K, committed 49624K, reserved 1093632K
  class space    used 5097K, capacity 5482K, committed 5628K, reserved 1048576K
2018-10-23T07:44:18.186+0000: 328.132: [GC (Allocation Failure) 2018-10-23T07:44:18.186+0000: 328.132: [ParNew
Desired survivor size 20112992 bytes, new threshold 8 (max 8)
- age   1:    2809928 bytes,    2809928 total
- age   2:    2075088 bytes,    4885016 total
- age   3:    1566288 bytes,    6451304 total
- age   4:    1545848 bytes,    7997152 total
- age   5:    1145632 bytes,    9142784 total
- age   6:    1511712 bytes,   10654496 total
- age   7:    2353144 bytes,   13007640 total
- age   8:     179216 bytes,   13186856 total
: 100919K->14921K(109248K), 0.0180409 secs] 289813K->203969K(502464K), 0.0181389 secs] [Times: user=0.03 sys=0.00, real=0.02 secs] 
Heap after GC invocations=575 (full 27):
 par new generation   total 109248K, used 14921K [0x00000000e0000000, 0x00000000e8000000, 0x00000000e8000000)
  eden space 87424K,   0% used [0x00000000e0000000, 0x00000000e0000000, 0x00000000e5560000)
  from space 21824K,  68% used [0x00000000e6ab0000, 0x00000000e7942740, 0x00000000e8000000)
  to   space 21824K,   0% used [0x00000000e5560000, 0x00000000e5560000, 0x00000000e6ab0000)
 concurrent mark-sweep generation total 393216K, used 189047K [0x00000000e8000000, 0x0000000100000000, 0x0000000100000000)
 Metaspace       used 47228K, capacity 49029K, committed 49624K, reserved 1093632K
  class space    used 5097K, capacity 5482K, committed 5628K, reserved 1048576K
}
2018-10-23T07:44:18.204+0000: 328.150: Total time for which application threads were stopped: 0.0187561 seconds, Stopping threads took: 0.0001408 seconds
{Heap before GC invocations=575 (full 27):
 par new generation   total 109248K, used 102345K [0x00000000e0000000, 0x00000000e8000000, 0x00000000e8000000)
  eden space 87424K, 100% used [0x00000000e0000000, 0x00000000e5560000, 0x00000000e5560000)
  from space 21824K,  68% used [0x00000000e6ab0000, 0x00000000e7942740, 0x00000000e8000000)
  to   space 21824K,   0% used [0x00000000e5560000, 0x00000000e5560000, 0x00000000e6ab0000)
 concurrent mark-sweep generation total 393216K, used 189047K [0x00000000e8000000, 0x0000000100000000, 0x0000000100000000)
 Metaspace       used 47228K, capacity 49029K, committed 49624K, reserved 1093632K
  class space    used 5097K, capacity 5482K, committed 5628K, reserved 1048576K
2018-10-23T07:44:18.359+0000: 328.304: [GC (Allocation Failure) 2018-10-23T07:44:18.359+0000: 328.305: [ParNew
Desired survivor size 20112992 bytes, new threshold 8 (max 8)
- age   1:    4633840 bytes,    4633840 total
- age   2:    1358928 bytes,    5992768 total
- age   3:    1798824 bytes,    7791592 total
- age   4:    1345576 bytes,    9137168 total
- age   5:    1380808 bytes,   10517976 total
- age   6:    1104112 bytes,   11622088 total
- age   7:    1466768 bytes,   13088856 total
- age   8:    2084248 bytes,   15173104 total
: 102345K->21254K(109248K), 0.0215956 secs] 291393K->210476K(502464K), 0.0216907 secs] [Times: user=0.02 sys=0.00, real=0.02 secs] 
Heap after GC invocations=576 (full 27):
 par new generation   total 109248K, used 21254K [0x00000000e0000000, 0x00000000e8000000, 0x00000000e8000000)
  eden space 87424K,   0% used [0x00000000e0000000, 0x00000000e0000000, 0x00000000e5560000)
  from space 21824K,  97% used [0x00000000e5560000, 0x00000000e6a21930, 0x00000000e6ab0000)
  to   space 21824K,   0% used [0x00000000e6ab0000, 0x00000000e6ab0000, 0x00000000e8000000)
 concurrent mark-sweep generation total 393216K, used 189222K [0x00000000e8000000, 0x0000000100000000, 0x0000000100000000)
 Metaspace       used 47228K, capacity 49029K, committed 49624K, reserved 1093632K
  class space    used 5097K, capacity 5482K, committed 5628K, reserved 1048576K
}
2018-10-23T07:44:18.380+0000: 328.326: Total time for which application threads were stopped: 0.0239974 seconds, Stopping threads took: 0.0018348 seconds
2018-10-23T07:44:18.422+0000: 328.368: Total time for which application threads were stopped: 0.0084996 seconds, Stopping threads took: 0.0080492 seconds
{Heap before GC invocations=576 (full 27):
 par new generation   total 109248K, used 108678K [0x00000000e0000000, 0x00000000e8000000, 0x00000000e8000000)
  eden space 87424K, 100% used [0x00000000e0000000, 0x00000000e5560000, 0x00000000e5560000)
  from space 21824K,  97% used [0x00000000e5560000, 0x00000000e6a21930, 0x00000000e6ab0000)
  to   space 21824K,   0% used [0x00000000e6ab0000, 0x00000000e6ab0000, 0x00000000e8000000)
 concurrent mark-sweep generation total 393216K, used 189222K [0x00000000e8000000, 0x0000000100000000, 0x0000000100000000)
 Metaspace       used 47228K, capacity 49029K, committed 49624K, reserved 1093632K
  class space    used 5097K, capacity 5482K, committed 5628K, reserved 1048576K
2018-10-23T07:44:18.482+0000: 328.428: [GC (Allocation Failure) 2018-10-23T07:44:18.482+0000: 328.428: [ParNew
Desired survivor size 20112992 bytes, new threshold 8 (max 8)
- age   1:    1740240 bytes,    1740240 total
- age   2:    1793176 bytes,    3533416 total
- age   3:     324784 bytes,    3858200 total
- age   4:     364520 bytes,    4222720 total
- age   5:     367456 bytes,    4590176 total
- age   6:     375568 bytes,    4965744 total
- age   7:     333360 bytes,    5299104 total
- age   8:     813112 bytes,    6112216 total
: 108678K->10741K(109248K), 0.0275897 secs] 297900K->200968K(502464K), 0.0276987 secs] [Times: user=0.04 sys=0.00, real=0.03 secs] 
Heap after GC invocations=577 (full 27):
 par new generation   total 109248K, used 10741K [0x00000000e0000000, 0x00000000e8000000, 0x00000000e8000000)
  eden space 87424K,   0% used [0x00000000e0000000, 0x00000000e0000000, 0x00000000e5560000)
  from space 21824K,  49% used [0x00000000e6ab0000, 0x00000000e752d460, 0x00000000e8000000)
  to   space 21824K,   0% used [0x00000000e5560000, 0x00000000e5560000, 0x00000000e6ab0000)
 concurrent mark-sweep generation total 393216K, used 190227K [0x00000000e8000000, 0x0000000100000000, 0x0000000100000000)
 Metaspace       used 47228K, capacity 49029K, committed 49624K, reserved 1093632K
  class space    used 5097K, capacity 5482K, committed 5628K, reserved 1048576K
}
2018-10-23T07:44:18.510+0000: 328.456: Total time for which application threads were stopped: 0.0346992 seconds, Stopping threads took: 0.0064574 seconds
{Heap before GC invocations=577 (full 27):
 par new generation   total 109248K, used 98165K [0x00000000e0000000, 0x00000000e8000000, 0x00000000e8000000)
  eden space 87424K, 100% used [0x00000000e0000000, 0x00000000e5560000, 0x00000000e5560000)
  from space 21824K,  49% used [0x00000000e6ab0000, 0x00000000e752d460, 0x00000000e8000000)
  to   space 21824K,   0% used [0x00000000e5560000, 0x00000000e5560000, 0x00000000e6ab0000)
 concurrent mark-sweep generation total 393216K, used 190227K [0x00000000e8000000, 0x0000000100000000, 0x0000000100000000)
 Metaspace       used 47228K, capacity 49029K, committed 49624K, reserved 1093632K
  class space    used 5097K, capacity 5482K, committed 5628K, reserved 1048576K
2018-10-23T07:44:18.696+0000: 328.642: [GC (Allocation Failure) 2018-10-23T07:44:18.696+0000: 328.642: [ParNew
Desired survivor size 20112992 bytes, new threshold 8 (max 8)
- age   1:    2901352 bytes,    2901352 total
- age   2:    1268896 bytes,    4170248 total
- age   3:    1777456 bytes,    5947704 total
- age   4:     324784 bytes,    6272488 total
- age   5:     364520 bytes,    6637008 total
- age   6:     367456 bytes,    7004464 total
- age   7:     375568 bytes,    7380032 total
- age   8:     333360 bytes,    7713392 total
: 98165K->9101K(109248K), 0.0212786 secs] 288392K->200109K(502464K), 0.0213755 secs] [Times: user=0.04 sys=0.00, real=0.03 secs] 
Heap after GC invocations=578 (full 27):
 par new generation   total 109248K, used 9101K [0x00000000e0000000, 0x00000000e8000000, 0x00000000e8000000)
  eden space 87424K,   0% used [0x00000000e0000000, 0x00000000e0000000, 0x00000000e5560000)
  from space 21824K,  41% used [0x00000000e5560000, 0x00000000e5e43460, 0x00000000e6ab0000)
  to   space 21824K,   0% used [0x00000000e6ab0000, 0x00000000e6ab0000, 0x00000000e8000000)
 concurrent mark-sweep generation total 393216K, used 191008K [0x00000000e8000000, 0x0000000100000000, 0x0000000100000000)
 Metaspace       used 47228K, capacity 49029K, committed 49624K, reserved 1093632K
  class space    used 5097K, capacity 5482K, committed 5628K, reserved 1048576K
}
2018-10-23T07:44:18.718+0000: 328.664: Total time for which application threads were stopped: 0.0279409 seconds, Stopping threads took: 0.0060551 seconds
2018-10-23T07:44:19.718+0000: 329.664: Total time for which application threads were stopped: 0.0003722 seconds, Stopping threads took: 0.0000653 seconds
2018-10-23T07:44:23.720+0000: 333.665: Total time for which application threads were stopped: 0.0006097 seconds, Stopping threads took: 0.0001323 seconds
2018-10-23T07:44:24.274+0000: 334.220: Total time for which application threads were stopped: 0.0004700 seconds, Stopping threads took: 0.0000614 seconds
2018-10-23T07:44:24.305+0000: 334.250: Total time for which application threads were stopped: 0.0006255 seconds, Stopping threads took: 0.0002098 seconds
2018-10-23T07:44:24.315+0000: 334.261: Total time for which application threads were stopped: 0.0009035 seconds, Stopping threads took: 0.0001013 seconds
{Heap before GC invocations=578 (full 27):
 par new generation   total 109248K, used 96525K [0x00000000e0000000, 0x00000000e8000000, 0x00000000e8000000)
  eden space 87424K, 100% used [0x00000000e0000000, 0x00000000e5560000, 0x00000000e5560000)
  from space 21824K,  41% used [0x00000000e5560000, 0x00000000e5e43460, 0x00000000e6ab0000)
  to   space 21824K,   0% used [0x00000000e6ab0000, 0x00000000e6ab0000, 0x00000000e8000000)
 concurrent mark-sweep generation total 393216K, used 191008K [0x00000000e8000000, 0x0000000100000000, 0x0000000100000000)
 Metaspace       used 47265K, capacity 49093K, committed 49624K, reserved 1093632K
  class space    used 5097K, capacity 5482K, committed 5628K, reserved 1048576K
2018-10-23T07:44:24.316+0000: 334.262: [GC (Allocation Failure) 2018-10-23T07:44:24.316+0000: 334.262: [ParNew
Desired survivor size 20112992 bytes, new threshold 8 (max 8)
- age   1:    2662952 bytes,    2662952 total
- age   2:     285320 bytes,    2948272 total
- age   3:     710256 bytes,    3658528 total
- age   4:     643536 bytes,    4302064 total
- age   5:     324784 bytes,    4626848 total
- age   6:     364520 bytes,    4991368 total
- age   7:     367456 bytes,    5358824 total
- age   8:     375568 bytes,    5734392 total
: 96525K->8197K(109248K), 0.0085772 secs] 287533K->199531K(502464K), 0.0086695 secs] [Times: user=0.02 sys=0.00, real=0.01 secs] 
Heap after GC invocations=579 (full 27):
 par new generation   total 109248K, used 8197K [0x00000000e0000000, 0x00000000e8000000, 0x00000000e8000000)
  eden space 87424K,   0% used [0x00000000e0000000, 0x00000000e0000000, 0x00000000e5560000)
  from space 21824K,  37% used [0x00000000e6ab0000, 0x00000000e72b1628, 0x00000000e8000000)
  to   space 21824K,   0% used [0x00000000e5560000, 0x00000000e5560000, 0x00000000e6ab0000)
 concurrent mark-sweep generation total 393216K, used 191333K [0x00000000e8000000, 0x0000000100000000, 0x0000000100000000)
 Metaspace       used 47265K, capacity 49093K, committed 49624K, reserved 1093632K
  class space    used 5097K, capacity 5482K, committed 5628K, reserved 1048576K
}
2018-10-23T07:44:24.325+0000: 334.271: Total time for which application threads were stopped: 0.0090978 seconds, Stopping threads took: 0.0001724 seconds
{Heap before GC invocations=579 (full 27):
 par new generation   total 109248K, used 95621K [0x00000000e0000000, 0x00000000e8000000, 0x00000000e8000000)
  eden space 87424K, 100% used [0x00000000e0000000, 0x00000000e5560000, 0x00000000e5560000)
  from space 21824K,  37% used [0x00000000e6ab0000, 0x00000000e72b1628, 0x00000000e8000000)
  to   space 21824K,   0% used [0x00000000e5560000, 0x00000000e5560000, 0x00000000e6ab0000)
 concurrent mark-sweep generation total 393216K, used 191333K [0x00000000e8000000, 0x0000000100000000, 0x0000000100000000)
 Metaspace       used 47265K, capacity 49093K, committed 49624K, reserved 1093632K
  class space    used 5097K, capacity 5482K, committed 5628K, reserved 1048576K
2018-10-23T07:44:24.430+0000: 334.376: [GC (Allocation Failure) 2018-10-23T07:44:24.430+0000: 334.376: [ParNew
Desired survivor size 20112992 bytes, new threshold 8 (max 8)
- age   1:     978648 bytes,     978648 total
- age   2:    2329416 bytes,    3308064 total
- age   3:     284408 bytes,    3592472 total
- age   4:     709344 bytes,    4301816 total
- age   5:     643536 bytes,    4945352 total
- age   6:     324784 bytes,    5270136 total
- age   7:     364520 bytes,    5634656 total
- age   8:     367456 bytes,    6002112 total
: 95621K->6544K(109248K), 0.0313996 secs] 286955K->198244K(502464K), 0.0314969 secs] [Times: user=0.05 sys=0.00, real=0.03 secs] 
Heap after GC invocations=580 (full 27):
 par new generation   total 109248K, used 6544K [0x00000000e0000000, 0x00000000e8000000, 0x00000000e8000000)
  eden space 87424K,   0% used [0x00000000e0000000, 0x00000000e0000000, 0x00000000e5560000)
  from space 21824K,  29% used [0x00000000e5560000, 0x00000000e5bc4080, 0x00000000e6ab0000)
  to   space 21824K,   0% used [0x00000000e6ab0000, 0x00000000e6ab0000, 0x00000000e8000000)
 concurrent mark-sweep generation total 393216K, used 191700K [0x00000000e8000000, 0x0000000100000000, 0x0000000100000000)
 Metaspace       used 47265K, capacity 49093K, committed 49624K, reserved 1093632K
  class space    used 5097K, capacity 5482K, committed 5628K, reserved 1048576K
}
2018-10-23T07:44:24.462+0000: 334.408: Total time for which application threads were stopped: 0.0321181 seconds, Stopping threads took: 0.0001536 seconds
{Heap before GC invocations=580 (full 27):
 par new generation   total 109248K, used 93968K [0x00000000e0000000, 0x00000000e8000000, 0x00000000e8000000)
  eden space 87424K, 100% used [0x00000000e0000000, 0x00000000e5560000, 0x00000000e5560000)
  from space 21824K,  29% used [0x00000000e5560000, 0x00000000e5bc4080, 0x00000000e6ab0000)
  to   space 21824K,   0% used [0x00000000e6ab0000, 0x00000000e6ab0000, 0x00000000e8000000)
 concurrent mark-sweep generation total 393216K, used 191700K [0x00000000e8000000, 0x0000000100000000, 0x0000000100000000)
 Metaspace       used 47265K, capacity 49093K, committed 49624K, reserved 1093632K
  class space    used 5097K, capacity 5482K, committed 5628K, reserved 1048576K
2018-10-23T07:44:24.551+0000: 334.497: [GC (Allocation Failure) 2018-10-23T07:44:24.551+0000: 334.497: [ParNew
Desired survivor size 20112992 bytes, new threshold 8 (max 8)
- age   1:    1917624 bytes,    1917624 total
- age   2:     610328 bytes,    2527952 total
- age   3:    2329416 bytes,    4857368 total
- age   4:     284408 bytes,    5141776 total
- age   5:     709344 bytes,    5851120 total
- age   6:     643536 bytes,    6494656 total
- age   7:     324784 bytes,    6819440 total
- age   8:     364520 bytes,    7183960 total
: 93968K->10661K(109248K), 0.0166586 secs] 285668K->202721K(502464K), 0.0167562 secs] [Times: user=0.02 sys=0.00, real=0.01 secs] 
Heap after GC invocations=581 (full 27):
 par new generation   total 109248K, used 10661K [0x00000000e0000000, 0x00000000e8000000, 0x00000000e8000000)
  eden space 87424K,   0% used [0x00000000e0000000, 0x00000000e0000000, 0x00000000e5560000)
  from space 21824K,  48% used [0x00000000e6ab0000, 0x00000000e7519780, 0x00000000e8000000)
  to   space 21824K,   0% used [0x00000000e5560000, 0x00000000e5560000, 0x00000000e6ab0000)
 concurrent mark-sweep generation total 393216K, used 192059K [0x00000000e8000000, 0x0000000100000000, 0x0000000100000000)
 Metaspace       used 47265K, capacity 49093K, committed 49624K, reserved 1093632K
  class space    used 5097K, capacity 5482K, committed 5628K, reserved 1048576K
}
2018-10-23T07:44:24.568+0000: 334.514: Total time for which application threads were stopped: 0.0173544 seconds, Stopping threads took: 0.0001437 seconds
{Heap before GC invocations=581 (full 27):
 par new generation   total 109248K, used 98085K [0x00000000e0000000, 0x00000000e8000000, 0x00000000e8000000)
  eden space 87424K, 100% used [0x00000000e0000000, 0x00000000e5560000, 0x00000000e5560000)
  from space 21824K,  48% used [0x00000000e6ab0000, 0x00000000e7519780, 0x00000000e8000000)
  to   space 21824K,   0% used [0x00000000e5560000, 0x00000000e5560000, 0x00000000e6ab0000)
 concurrent mark-sweep generation total 393216K, used 192059K [0x00000000e8000000, 0x0000000100000000, 0x0000000100000000)
 Metaspace       used 47265K, capacity 49093K, committed 49624K, reserved 1093632K
  class space    used 5097K, capacity 5482K, committed 5628K, reserved 1048576K
2018-10-23T07:44:24.674+0000: 334.620: [GC (Allocation Failure) 2018-10-23T07:44:24.674+0000: 334.620: [ParNew
Desired survivor size 20112992 bytes, new threshold 8 (max 8)
- age   1:    2073352 bytes,    2073352 total
- age   2:    1132288 bytes,    3205640 total
- age   3:     571992 bytes,    3777632 total
- age   4:    2327440 bytes,    6105072 total
- age   5:     284408 bytes,    6389480 total
- age   6:     709344 bytes,    7098824 total
- age   7:     643536 bytes,    7742360 total
- age   8:     324784 bytes,    8067144 total
: 98085K->9253K(109248K), 0.0242187 secs] 290145K->201668K(502464K), 0.0243182 secs] [Times: user=0.03 sys=0.00, real=0.03 secs] 
Heap after GC invocations=582 (full 27):
 par new generation   total 109248K, used 9253K [0x00000000e0000000, 0x00000000e8000000, 0x00000000e8000000)
  eden space 87424K,   0% used [0x00000000e0000000, 0x00000000e0000000, 0x00000000e5560000)
  from space 21824K,  42% used [0x00000000e5560000, 0x00000000e5e69600, 0x00000000e6ab0000)
  to   space 21824K,   0% used [0x00000000e6ab0000, 0x00000000e6ab0000, 0x00000000e8000000)
 concurrent mark-sweep generation total 393216K, used 192415K [0x00000000e8000000, 0x0000000100000000, 0x0000000100000000)
 Metaspace       used 47265K, capacity 49093K, committed 49624K, reserved 1093632K
  class space    used 5097K, capacity 5482K, committed 5628K, reserved 1048576K
}
2018-10-23T07:44:24.698+0000: 334.644: Total time for which application threads were stopped: 0.0248542 seconds, Stopping threads took: 0.0000597 seconds
{Heap before GC invocations=582 (full 27):
 par new generation   total 109248K, used 96677K [0x00000000e0000000, 0x00000000e8000000, 0x00000000e8000000)
  eden space 87424K, 100% used [0x00000000e0000000, 0x00000000e5560000, 0x00000000e5560000)
  from space 21824K,  42% used [0x00000000e5560000, 0x00000000e5e69600, 0x00000000e6ab0000)
  to   space 21824K,   0% used [0x00000000e6ab0000, 0x00000000e6ab0000, 0x00000000e8000000)
 concurrent mark-sweep generation total 393216K, used 192415K [0x00000000e8000000, 0x0000000100000000, 0x0000000100000000)
 Metaspace       used 47265K, capacity 49093K, committed 49624K, reserved 1093632K
  class space    used 5097K, capacity 5482K, committed 5628K, reserved 1048576K
2018-10-23T07:44:24.808+0000: 334.754: [GC (Allocation Failure) 2018-10-23T07:44:24.808+0000: 334.754: [ParNew
Desired survivor size 20112992 bytes, new threshold 8 (max 8)
- age   1:    2538168 bytes,    2538168 total
- age   2:    1138424 bytes,    3676592 total
- age   3:    1033888 bytes,    4710480 total
- age   4:     571776 bytes,    5282256 total
- age   5:    2327176 bytes,    7609432 total
- age   6:     284408 bytes,    7893840 total
- age   7:     709344 bytes,    8603184 total
- age   8:     643536 bytes,    9246720 total
: 96677K->13359K(109248K), 0.0300932 secs] 289092K->206091K(502464K), 0.0302169 secs] [Times: user=0.04 sys=0.00, real=0.04 secs] 
Heap after GC invocations=583 (full 27):
 par new generation   total 109248K, used 13359K [0x00000000e0000000, 0x00000000e8000000, 0x00000000e8000000)
  eden space 87424K,   0% used [0x00000000e0000000, 0x00000000e0000000, 0x00000000e5560000)
  from space 21824K,  61% used [0x00000000e6ab0000, 0x00000000e77bbd80, 0x00000000e8000000)
  to   space 21824K,   0% used [0x00000000e5560000, 0x00000000e5560000, 0x00000000e6ab0000)
 concurrent mark-sweep generation total 393216K, used 192732K [0x00000000e8000000, 0x0000000100000000, 0x0000000100000000)
 Metaspace       used 47265K, capacity 49093K, committed 49624K, reserved 1093632K
  class space    used 5097K, capacity 5482K, committed 5628K, reserved 1048576K
}
2018-10-23T07:44:24.839+0000: 334.784: Total time for which application threads were stopped: 0.0307881 seconds, Stopping threads took: 0.0001066 seconds
{Heap before GC invocations=583 (full 27):
 par new generation   total 109248K, used 100783K [0x00000000e0000000, 0x00000000e8000000, 0x00000000e8000000)
  eden space 87424K, 100% used [0x00000000e0000000, 0x00000000e5560000, 0x00000000e5560000)
  from space 21824K,  61% used [0x00000000e6ab0000, 0x00000000e77bbd80, 0x00000000e8000000)
  to   space 21824K,   0% used [0x00000000e5560000, 0x00000000e5560000, 0x00000000e6ab0000)
 concurrent mark-sweep generation total 393216K, used 192732K [0x00000000e8000000, 0x0000000100000000, 0x0000000100000000)
 Metaspace       used 47265K, capacity 49093K, committed 49624K, reserved 1093632K
  class space    used 5097K, capacity 5482K, committed 5628K, reserved 1048576K
2018-10-23T07:44:24.936+0000: 334.882: [GC (Allocation Failure) 2018-10-23T07:44:24.936+0000: 334.882: [ParNew
Desired survivor size 20112992 bytes, new threshold 8 (max 8)
- age   1:    2295184 bytes,    2295184 total
- age   2:    1378664 bytes,    3673848 total
- age   3:    1072200 bytes,    4746048 total
- age   4:    1033888 bytes,    5779936 total
- age   5:     571280 bytes,    6351216 total
- age   6:    2326920 bytes,    8678136 total
- age   7:     284408 bytes,    8962544 total
- age   8:     709344 bytes,    9671888 total
: 100783K->11376K(109248K), 0.0156324 secs] 293515K->204737K(502464K), 0.0157312 secs] [Times: user=0.02 sys=0.00, real=0.02 secs] 
Heap after GC invocations=584 (full 27):
 par new generation   total 109248K, used 11376K [0x00000000e0000000, 0x00000000e8000000, 0x00000000e8000000)
  eden space 87424K,   0% used [0x00000000e0000000, 0x00000000e0000000, 0x00000000e5560000)
  from space 21824K,  52% used [0x00000000e5560000, 0x00000000e607c1b0, 0x00000000e6ab0000)
  to   space 21824K,   0% used [0x00000000e6ab0000, 0x00000000e6ab0000, 0x00000000e8000000)
 concurrent mark-sweep generation total 393216K, used 193361K [0x00000000e8000000, 0x0000000100000000, 0x0000000100000000)
 Metaspace       used 47265K, capacity 49093K, committed 49624K, reserved 1093632K
  class space    used 5097K, capacity 5482K, committed 5628K, reserved 1048576K
}
2018-10-23T07:44:24.952+0000: 334.897: Total time for which application threads were stopped: 0.0163278 seconds, Stopping threads took: 0.0001216 seconds
{Heap before GC invocations=584 (full 27):
 par new generation   total 109248K, used 98800K [0x00000000e0000000, 0x00000000e8000000, 0x00000000e8000000)
  eden space 87424K, 100% used [0x00000000e0000000, 0x00000000e5560000, 0x00000000e5560000)
  from space 21824K,  52% used [0x00000000e5560000, 0x00000000e607c1b0, 0x00000000e6ab0000)
  to   space 21824K,   0% used [0x00000000e6ab0000, 0x00000000e6ab0000, 0x00000000e8000000)
 concurrent mark-sweep generation total 393216K, used 193361K [0x00000000e8000000, 0x0000000100000000, 0x0000000100000000)
 Metaspace       used 47265K, capacity 49093K, committed 49624K, reserved 1093632K
  class space    used 5097K, capacity 5482K, committed 5628K, reserved 1048576K
2018-10-23T07:44:25.075+0000: 335.021: [GC (Allocation Failure) 2018-10-23T07:44:25.075+0000: 335.021: [ParNew
Desired survivor size 20112992 bytes, new threshold 8 (max 8)
- age   1:    2415632 bytes,    2415632 total
- age   2:    1729752 bytes,    4145384 total
- age   3:    1170256 bytes,    5315640 total
- age   4:    1071192 bytes,    6386832 total
- age   5:    1001280 bytes,    7388112 total
- age   6:     571400 bytes,    7959512 total
- age   7:    2326920 bytes,   10286432 total
- age   8:     284408 bytes,   10570840 total
: 98800K->14608K(109248K), 0.0187682 secs] 292161K->208663K(502464K), 0.0188791 secs] [Times: user=0.03 sys=0.00, real=0.02 secs] 
Heap after GC invocations=585 (full 27):
 par new generation   total 109248K, used 14608K [0x00000000e0000000, 0x00000000e8000000, 0x00000000e8000000)
  eden space 87424K,   0% used [0x00000000e0000000, 0x00000000e0000000, 0x00000000e5560000)
  from space 21824K,  66% used [0x00000000e6ab0000, 0x00000000e78f43c8, 0x00000000e8000000)
  to   space 21824K,   0% used [0x00000000e5560000, 0x00000000e5560000, 0x00000000e6ab0000)
 concurrent mark-sweep generation total 393216K, used 194054K [0x00000000e8000000, 0x0000000100000000, 0x0000000100000000)
 Metaspace       used 47265K, capacity 49093K, committed 49624K, reserved 1093632K
  class space    used 5097K, capacity 5482K, committed 5628K, reserved 1048576K
}
2018-10-23T07:44:25.094+0000: 335.040: Total time for which application threads were stopped: 0.0194881 seconds, Stopping threads took: 0.0001284 seconds
{Heap before GC invocations=585 (full 27):
 par new generation   total 109248K, used 102032K [0x00000000e0000000, 0x00000000e8000000, 0x00000000e8000000)
  eden space 87424K, 100% used [0x00000000e0000000, 0x00000000e5560000, 0x00000000e5560000)
  from space 21824K,  66% used [0x00000000e6ab0000, 0x00000000e78f43c8, 0x00000000e8000000)
  to   space 21824K,   0% used [0x00000000e5560000, 0x00000000e5560000, 0x00000000e6ab0000)
 concurrent mark-sweep generation total 393216K, used 194054K [0x00000000e8000000, 0x0000000100000000, 0x0000000100000000)
 Metaspace       used 47265K, capacity 49093K, committed 49624K, reserved 1093632K
  class space    used 5097K, capacity 5482K, committed 5628K, reserved 1048576K
2018-10-23T07:44:25.214+0000: 335.160: [GC (Allocation Failure) 2018-10-23T07:44:25.214+0000: 335.160: [ParNew
Desired survivor size 20112992 bytes, new threshold 8 (max 8)
- age   1:    2219840 bytes,    2219840 total
- age   2:    1740368 bytes,    3960208 total
- age   3:    1608600 bytes,    5568808 total
- age   4:    1170184 bytes,    6738992 total
- age   5:    1029464 bytes,    7768456 total
- age   6:    1001088 bytes,    8769544 total
- age   7:     571280 bytes,    9340824 total
- age   8:    2326608 bytes,   11667432 total
: 102032K->11915K(109248K), 0.0295018 secs] 296087K->206248K(502464K), 0.0296042 secs] [Times: user=0.05 sys=0.00, real=0.03 secs] 
Heap after GC invocations=586 (full 27):
 par new generation   total 109248K, used 11915K [0x00000000e0000000, 0x00000000e8000000, 0x00000000e8000000)
  eden space 87424K,   0% used [0x00000000e0000000, 0x00000000e0000000, 0x00000000e5560000)
  from space 21824K,  54% used [0x00000000e5560000, 0x00000000e6102f80, 0x00000000e6ab0000)
  to   space 21824K,   0% used [0x00000000e6ab0000, 0x00000000e6ab0000, 0x00000000e8000000)
 concurrent mark-sweep generation total 393216K, used 194332K [0x00000000e8000000, 0x0000000100000000, 0x0000000100000000)
 Metaspace       used 47265K, capacity 49093K, committed 49624K, reserved 1093632K
  class space    used 5097K, capacity 5482K, committed 5628K, reserved 1048576K
}
2018-10-23T07:44:25.244+0000: 335.190: Total time for which application threads were stopped: 0.0301504 seconds, Stopping threads took: 0.0000659 seconds
{Heap before GC invocations=586 (full 27):
 par new generation   total 109248K, used 99339K [0x00000000e0000000, 0x00000000e8000000, 0x00000000e8000000)
  eden space 87424K, 100% used [0x00000000e0000000, 0x00000000e5560000, 0x00000000e5560000)
  from space 21824K,  54% used [0x00000000e5560000, 0x00000000e6102f80, 0x00000000e6ab0000)
  to   space 21824K,   0% used [0x00000000e6ab0000, 0x00000000e6ab0000, 0x00000000e8000000)
 concurrent mark-sweep generation total 393216K, used 194332K [0x00000000e8000000, 0x0000000100000000, 0x0000000100000000)
 Metaspace       used 47270K, capacity 49093K, committed 49624K, reserved 1093632K
  class space    used 5097K, capacity 5482K, committed 5628K, reserved 1048576K
2018-10-23T07:44:25.382+0000: 335.328: [GC (Allocation Failure) 2018-10-23T07:44:25.382+0000: 335.328: [ParNew
Desired survivor size 20112992 bytes, new threshold 8 (max 8)
- age   1:    4420872 bytes,    4420872 total
- age   2:    1186440 bytes,    5607312 total
- age   3:    1594280 bytes,    7201592 total
- age   4:    1308624 bytes,    8510216 total
- age   5:    1030760 bytes,    9540976 total
- age   6:     903832 bytes,   10444808 total
- age   7:     866064 bytes,   11310872 total
- age   8:     511848 bytes,   11822720 total
: 99339K->12543K(109248K), 0.0249489 secs] 293672K->208651K(502464K), 0.0250418 secs] [Times: user=0.03 sys=0.00, real=0.02 secs] 
Heap after GC invocations=587 (full 27):
 par new generation   total 109248K, used 12543K [0x00000000e0000000, 0x00000000e8000000, 0x00000000e8000000)
  eden space 87424K,   0% used [0x00000000e0000000, 0x00000000e0000000, 0x00000000e5560000)
  from space 21824K,  57% used [0x00000000e6ab0000, 0x00000000e76efed8, 0x00000000e8000000)
  to   space 21824K,   0% used [0x00000000e5560000, 0x00000000e5560000, 0x00000000e6ab0000)
 concurrent mark-sweep generation total 393216K, used 196107K [0x00000000e8000000, 0x0000000100000000, 0x0000000100000000)
 Metaspace       used 47270K, capacity 49093K, committed 49624K, reserved 1093632K
  class space    used 5097K, capacity 5482K, committed 5628K, reserved 1048576K
}
2018-10-23T07:44:25.407+0000: 335.353: Total time for which application threads were stopped: 0.0316050 seconds, Stopping threads took: 0.0060659 seconds
{Heap before GC invocations=587 (full 27):
 par new generation   total 109248K, used 99967K [0x00000000e0000000, 0x00000000e8000000, 0x00000000e8000000)
  eden space 87424K, 100% used [0x00000000e0000000, 0x00000000e5560000, 0x00000000e5560000)
  from space 21824K,  57% used [0x00000000e6ab0000, 0x00000000e76efed8, 0x00000000e8000000)
  to   space 21824K,   0% used [0x00000000e5560000, 0x00000000e5560000, 0x00000000e6ab0000)
 concurrent mark-sweep generation total 393216K, used 196107K [0x00000000e8000000, 0x0000000100000000, 0x0000000100000000)
 Metaspace       used 47270K, capacity 49093K, committed 49624K, reserved 1093632K
  class space    used 5097K, capacity 5482K, committed 5628K, reserved 1048576K
2018-10-23T07:44:25.520+0000: 335.466: [GC (Allocation Failure) 2018-10-23T07:44:25.520+0000: 335.466: [ParNew
Desired survivor size 20112992 bytes, new threshold 8 (max 8)
- age   1:    2551976 bytes,    2551976 total
- age   2:    3442648 bytes,    5994624 total
- age   3:     938568 bytes,    6933192 total
- age   4:    1307720 bytes,    8240912 total
- age   5:    1041744 bytes,    9282656 total
- age   6:     762848 bytes,   10045504 total
- age   7:     661984 bytes,   10707488 total
- age   8:     606624 bytes,   11314112 total
: 99967K->13960K(109248K), 0.0159778 secs] 296075K->210426K(502464K), 0.0160876 secs] [Times: user=0.03 sys=0.00, real=0.01 secs] 
Heap after GC invocations=588 (full 27):
 par new generation   total 109248K, used 13960K [0x00000000e0000000, 0x00000000e8000000, 0x00000000e8000000)
  eden space 87424K,   0% used [0x00000000e0000000, 0x00000000e0000000, 0x00000000e5560000)
  from space 21824K,  63% used [0x00000000e5560000, 0x00000000e6302000, 0x00000000e6ab0000)
  to   space 21824K,   0% used [0x00000000e6ab0000, 0x00000000e6ab0000, 0x00000000e8000000)
 concurrent mark-sweep generation total 393216K, used 196466K [0x00000000e8000000, 0x0000000100000000, 0x0000000100000000)
 Metaspace       used 47270K, capacity 49093K, committed 49624K, reserved 1093632K
  class space    used 5097K, capacity 5482K, committed 5628K, reserved 1048576K
}
2018-10-23T07:44:25.536+0000: 335.482: Total time for which application threads were stopped: 0.0167071 seconds, Stopping threads took: 0.0001178 seconds
{Heap before GC invocations=588 (full 27):
 par new generation   total 109248K, used 101384K [0x00000000e0000000, 0x00000000e8000000, 0x00000000e8000000)
  eden space 87424K, 100% used [0x00000000e0000000, 0x00000000e5560000, 0x00000000e5560000)
  from space 21824K,  63% used [0x00000000e5560000, 0x00000000e6302000, 0x00000000e6ab0000)
  to   space 21824K,   0% used [0x00000000e6ab0000, 0x00000000e6ab0000, 0x00000000e8000000)
 concurrent mark-sweep generation total 393216K, used 196466K [0x00000000e8000000, 0x0000000100000000, 0x0000000100000000)
 Metaspace       used 47270K, capacity 49093K, committed 49624K, reserved 1093632K
  class space    used 5097K, capacity 5482K, committed 5628K, reserved 1048576K
2018-10-23T07:44:25.652+0000: 335.598: [GC (Allocation Failure) 2018-10-23T07:44:25.652+0000: 335.598: [ParNew
Desired survivor size 20112992 bytes, new threshold 8 (max 8)
- age   1:    2645416 bytes,    2645416 total
- age   2:    1551768 bytes,    4197184 total
- age   3:    3423224 bytes,    7620408 total
- age   4:     938568 bytes,    8558976 total
- age   5:    1307720 bytes,    9866696 total
- age   6:    1041744 bytes,   10908440 total
- age   7:     762848 bytes,   11671288 total
- age   8:     661984 bytes,   12333272 total
: 101384K->19387K(109248K), 0.0289785 secs] 297850K->216446K(502464K), 0.0290893 secs] [Times: user=0.05 sys=0.00, real=0.03 secs] 
Heap after GC invocations=589 (full 27):
 par new generation   total 109248K, used 19387K [0x00000000e0000000, 0x00000000e8000000, 0x00000000e8000000)
  eden space 87424K,   0% used [0x00000000e0000000, 0x00000000e0000000, 0x00000000e5560000)
  from space 21824K,  88% used [0x00000000e6ab0000, 0x00000000e7d9ef08, 0x00000000e8000000)
  to   space 21824K,   0% used [0x00000000e5560000, 0x00000000e5560000, 0x00000000e6ab0000)
 concurrent mark-sweep generation total 393216K, used 197059K [0x00000000e8000000, 0x0000000100000000, 0x0000000100000000)
 Metaspace       used 47270K, capacity 49093K, committed 49624K, reserved 1093632K
  class space    used 5097K, capacity 5482K, committed 5628K, reserved 1048576K
}
2018-10-23T07:44:25.681+0000: 335.627: Total time for which application threads were stopped: 0.0298336 seconds, Stopping threads took: 0.0002351 seconds
2018-10-23T07:44:25.684+0000: 335.630: [GC (CMS Initial Mark) [1 CMS-initial-mark: 197059K(393216K)] 221183K(502464K), 0.0048561 secs] [Times: user=0.00 sys=0.00, real=0.00 secs] 
2018-10-23T07:44:25.689+0000: 335.635: Total time for which application threads were stopped: 0.0053454 seconds, Stopping threads took: 0.0001030 seconds
2018-10-23T07:44:25.689+0000: 335.635: [CMS-concurrent-mark-start]
2018-10-23T07:44:25.862+0000: 335.807: [CMS-concurrent-mark: 0.172/0.172 secs] [Times: user=0.46 sys=0.00, real=0.18 secs] 
2018-10-23T07:44:25.862+0000: 335.808: [CMS-concurrent-preclean-start]
2018-10-23T07:44:25.863+0000: 335.809: [CMS-concurrent-preclean: 0.001/0.002 secs] [Times: user=0.00 sys=0.00, real=0.00 secs] 
2018-10-23T07:44:25.863+0000: 335.809: [CMS-concurrent-abortable-preclean-start]
{Heap before GC invocations=589 (full 28):
 par new generation   total 109248K, used 106811K [0x00000000e0000000, 0x00000000e8000000, 0x00000000e8000000)
  eden space 87424K, 100% used [0x00000000e0000000, 0x00000000e5560000, 0x00000000e5560000)
  from space 21824K,  88% used [0x00000000e6ab0000, 0x00000000e7d9ef08, 0x00000000e8000000)
  to   space 21824K,   0% used [0x00000000e5560000, 0x00000000e5560000, 0x00000000e6ab0000)
 concurrent mark-sweep generation total 393216K, used 197059K [0x00000000e8000000, 0x0000000100000000, 0x0000000100000000)
 Metaspace       used 47270K, capacity 49093K, committed 49624K, reserved 1093632K
  class space    used 5097K, capacity 5482K, committed 5628K, reserved 1048576K
2018-10-23T07:44:25.891+0000: 335.836: [GC (Allocation Failure) 2018-10-23T07:44:25.891+0000: 335.836: [ParNew
Desired survivor size 20112992 bytes, new threshold 8 (max 8)
- age   1:    2738616 bytes,    2738616 total
- age   2:    1485720 bytes,    4224336 total
- age   3:    1491920 bytes,    5716256 total
- age   4:    3423136 bytes,    9139392 total
- age   5:     938568 bytes,   10077960 total
- age   6:    1307720 bytes,   11385680 total
- age   7:    1041744 bytes,   12427424 total
- age   8:     762848 bytes,   13190272 total
: 106811K->15896K(109248K), 0.0323349 secs] 303870K->213602K(502464K), 0.0324506 secs] [Times: user=0.05 sys=0.00, real=0.03 secs] 
Heap after GC invocations=590 (full 28):
 par new generation   total 109248K, used 15896K [0x00000000e0000000, 0x00000000e8000000, 0x00000000e8000000)
  eden space 87424K,   0% used [0x00000000e0000000, 0x00000000e0000000, 0x00000000e5560000)
  from space 21824K,  72% used [0x00000000e5560000, 0x00000000e64e63e8, 0x00000000e6ab0000)
  to   space 21824K,   0% used [0x00000000e6ab0000, 0x00000000e6ab0000, 0x00000000e8000000)
 concurrent mark-sweep generation total 393216K, used 197705K [0x00000000e8000000, 0x0000000100000000, 0x0000000100000000)
 Metaspace       used 47270K, capacity 49093K, committed 49624K, reserved 1093632K
  class space    used 5097K, capacity 5482K, committed 5628K, reserved 1048576K
}
2018-10-23T07:44:25.923+0000: 335.869: Total time for which application threads were stopped: 0.0390053 seconds, Stopping threads took: 0.0060723 seconds
{Heap before GC invocations=590 (full 28):
 par new generation   total 109248K, used 103320K [0x00000000e0000000, 0x00000000e8000000, 0x00000000e8000000)
  eden space 87424K, 100% used [0x00000000e0000000, 0x00000000e5560000, 0x00000000e5560000)
  from space 21824K,  72% used [0x00000000e5560000, 0x00000000e64e63e8, 0x00000000e6ab0000)
  to   space 21824K,   0% used [0x00000000e6ab0000, 0x00000000e6ab0000, 0x00000000e8000000)
 concurrent mark-sweep generation total 393216K, used 197705K [0x00000000e8000000, 0x0000000100000000, 0x0000000100000000)
 Metaspace       used 47270K, capacity 49093K, committed 49624K, reserved 1093632K
  class space    used 5097K, capacity 5482K, committed 5628K, reserved 1048576K
2018-10-23T07:44:26.036+0000: 335.982: [GC (Allocation Failure) 2018-10-23T07:44:26.036+0000: 335.982: [ParNew
Desired survivor size 20112992 bytes, new threshold 8 (max 8)
- age   1:    2445496 bytes,    2445496 total
- age   2:    1548648 bytes,    3994144 total
- age   3:    1388376 bytes,    5382520 total
- age   4:    1483712 bytes,    6866232 total
- age   5:    3423136 bytes,   10289368 total
- age   6:     938568 bytes,   11227936 total
- age   7:    1307720 bytes,   12535656 total
- age   8:    1041744 bytes,   13577400 total
: 103320K->16659K(109248K), 0.0327951 secs] 301026K->215110K(502464K), 0.0329048 secs] [Times: user=0.04 sys=0.00, real=0.03 secs] 
Heap after GC invocations=591 (full 28):
 par new generation   total 109248K, used 16659K [0x00000000e0000000, 0x00000000e8000000, 0x00000000e8000000)
  eden space 87424K,   0% used [0x00000000e0000000, 0x00000000e0000000, 0x00000000e5560000)
  from space 21824K,  76% used [0x00000000e6ab0000, 0x00000000e7af4c30, 0x00000000e8000000)
  to   space 21824K,   0% used [0x00000000e5560000, 0x00000000e5560000, 0x00000000e6ab0000)
 concurrent mark-sweep generation total 393216K, used 198451K [0x00000000e8000000, 0x0000000100000000, 0x0000000100000000)
 Metaspace       used 47270K, capacity 49093K, committed 49624K, reserved 1093632K
  class space    used 5097K, capacity 5482K, committed 5628K, reserved 1048576K
}
2018-10-23T07:44:26.069+0000: 336.015: Total time for which application threads were stopped: 0.0335215 seconds, Stopping threads took: 0.0001295 seconds
2018-10-23T07:44:26.171+0000: 336.117: [CMS-concurrent-abortable-preclean: 0.168/0.308 secs] [Times: user=0.61 sys=0.00, real=0.31 secs] 
2018-10-23T07:44:26.175+0000: 336.121: [GC (CMS Final Remark) [YG occupancy: 100602 K (109248 K)]{Heap before GC invocations=591 (full 28):
 par new generation   total 109248K, used 100602K [0x00000000e0000000, 0x00000000e8000000, 0x00000000e8000000)
  eden space 87424K,  96% used [0x00000000e0000000, 0x00000000e51f9bd8, 0x00000000e5560000)
  from space 21824K,  76% used [0x00000000e6ab0000, 0x00000000e7af4c30, 0x00000000e8000000)
  to   space 21824K,   0% used [0x00000000e5560000, 0x00000000e5560000, 0x00000000e6ab0000)
 concurrent mark-sweep generation total 393216K, used 198451K [0x00000000e8000000, 0x0000000100000000, 0x0000000100000000)
 Metaspace       used 47270K, capacity 49093K, committed 49624K, reserved 1093632K
  class space    used 5097K, capacity 5482K, committed 5628K, reserved 1048576K
2018-10-23T07:44:26.175+0000: 336.121: [GC (CMS Final Remark) 2018-10-23T07:44:26.175+0000: 336.121: [ParNew
Desired survivor size 20112992 bytes, new threshold 8 (max 8)
- age   1:    2405128 bytes,    2405128 total
- age   2:    1404592 bytes,    3809720 total
- age   3:    1438432 bytes,    5248152 total
- age   4:    1386928 bytes,    6635080 total
- age   5:    1482672 bytes,    8117752 total
- age   6:    3423136 bytes,   11540888 total
- age   7:     938568 bytes,   12479456 total
- age   8:    1307720 bytes,   13787176 total
: 100602K->21824K(109248K), 0.0352761 secs] 299053K->221292K(502464K), 0.0353663 secs] [Times: user=0.04 sys=0.00, real=0.04 secs] 
Heap after GC invocations=592 (full 28):
 par new generation   total 109248K, used 21824K [0x00000000e0000000, 0x00000000e8000000, 0x00000000e8000000)
  eden space 87424K,   0% used [0x00000000e0000000, 0x00000000e0000000, 0x00000000e5560000)
  from space 21824K, 100% used [0x00000000e5560000, 0x00000000e6ab0000, 0x00000000e6ab0000)
  to   space 21824K,   0% used [0x00000000e6ab0000, 0x00000000e6ab0000, 0x00000000e8000000)
 concurrent mark-sweep generation total 393216K, used 199468K [0x00000000e8000000, 0x0000000100000000, 0x0000000100000000)
 Metaspace       used 47270K, capacity 49093K, committed 49624K, reserved 1093632K
  class space    used 5097K, capacity 5482K, committed 5628K, reserved 1048576K
}
2018-10-23T07:44:26.210+0000: 336.156: [Rescan (parallel) , 0.0150267 secs]2018-10-23T07:44:26.225+0000: 336.171: [weak refs processing, 0.0021481 secs]2018-10-23T07:44:26.227+0000: 336.173: [class unloading, 0.0140552 secs]2018-10-23T07:44:26.242+0000: 336.187: [scrub symbol table, 0.0067543 secs]2018-10-23T07:44:26.248+0000: 336.194: [scrub string table, 0.0008649 secs][1 CMS-remark: 199468K(393216K)] 221292K(502464K), 0.0829576 secs] [Times: user=0.10 sys=0.00, real=0.09 secs] 
2018-10-23T07:44:26.258+0000: 336.204: Total time for which application threads were stopped: 0.0834936 seconds, Stopping threads took: 0.0000947 seconds
2018-10-23T07:44:26.268+0000: 336.213: [CMS-concurrent-sweep-start]
2018-10-23T07:44:26.364+0000: 336.310: [CMS-concurrent-sweep: 0.096/0.096 secs] [Times: user=0.22 sys=0.00, real=0.10 secs] 
2018-10-23T07:44:26.364+0000: 336.310: [CMS-concurrent-reset-start]
2018-10-23T07:44:26.365+0000: 336.311: [CMS-concurrent-reset: 0.001/0.001 secs] [Times: user=0.00 sys=0.00, real=0.00 secs] 
{Heap before GC invocations=592 (full 28):
 par new generation   total 109248K, used 109248K [0x00000000e0000000, 0x00000000e8000000, 0x00000000e8000000)
  eden space 87424K, 100% used [0x00000000e0000000, 0x00000000e5560000, 0x00000000e5560000)
  from space 21824K, 100% used [0x00000000e5560000, 0x00000000e6ab0000, 0x00000000e6ab0000)
  to   space 21824K,   0% used [0x00000000e6ab0000, 0x00000000e6ab0000, 0x00000000e8000000)
 concurrent mark-sweep generation total 393216K, used 193803K [0x00000000e8000000, 0x0000000100000000, 0x0000000100000000)
 Metaspace       used 47270K, capacity 49093K, committed 49624K, reserved 1093632K
  class space    used 5097K, capacity 5482K, committed 5628K, reserved 1048576K
2018-10-23T07:44:26.391+0000: 336.337: [GC (Allocation Failure) 2018-10-23T07:44:26.391+0000: 336.337: [ParNew
Desired survivor size 20112992 bytes, new threshold 8 (max 8)
- age   1:    3518512 bytes,    3518512 total
- age   2:    1610808 bytes,    5129320 total
- age   3:    1080912 bytes,    6210232 total
- age   4:    1203920 bytes,    7414152 total
- age   5:    1203072 bytes,    8617224 total
- age   6:    1365536 bytes,    9982760 total
- age   7:    2493704 bytes,   12476464 total
- age   8:     207104 bytes,   12683568 total
: 109248K->14729K(109248K), 0.0238779 secs] 303051K->209008K(502464K), 0.0240074 secs] [Times: user=0.03 sys=0.00, real=0.02 secs] 
Heap after GC invocations=593 (full 28):
 par new generation   total 109248K, used 14729K [0x00000000e0000000, 0x00000000e8000000, 0x00000000e8000000)
  eden space 87424K,   0% used [0x00000000e0000000, 0x00000000e0000000, 0x00000000e5560000)
  from space 21824K,  67% used [0x00000000e6ab0000, 0x00000000e7912440, 0x00000000e8000000)
  to   space 21824K,   0% used [0x00000000e5560000, 0x00000000e5560000, 0x00000000e6ab0000)
 concurrent mark-sweep generation total 393216K, used 194279K [0x00000000e8000000, 0x0000000100000000, 0x0000000100000000)
 Metaspace       used 47270K, capacity 49093K, committed 49624K, reserved 1093632K
  class space    used 5097K, capacity 5482K, committed 5628K, reserved 1048576K
}
2018-10-23T07:44:26.415+0000: 336.361: Total time for which application threads were stopped: 0.0277000 seconds, Stopping threads took: 0.0031785 seconds
2018-10-23T07:44:26.470+0000: 336.416: Total time for which application threads were stopped: 0.0016759 seconds, Stopping threads took: 0.0012506 seconds
{Heap before GC invocations=593 (full 28):
 par new generation   total 109248K, used 102153K [0x00000000e0000000, 0x00000000e8000000, 0x00000000e8000000)
  eden space 87424K, 100% used [0x00000000e0000000, 0x00000000e5560000, 0x00000000e5560000)
  from space 21824K,  67% used [0x00000000e6ab0000, 0x00000000e7912440, 0x00000000e8000000)
  to   space 21824K,   0% used [0x00000000e5560000, 0x00000000e5560000, 0x00000000e6ab0000)
 concurrent mark-sweep generation total 393216K, used 194279K [0x00000000e8000000, 0x0000000100000000, 0x0000000100000000)
 Metaspace       used 47270K, capacity 49093K, committed 49624K, reserved 1093632K
  class space    used 5097K, capacity 5482K, committed 5628K, reserved 1048576K
2018-10-23T07:44:26.510+0000: 336.456: [GC (Allocation Failure) 2018-10-23T07:44:26.510+0000: 336.456: [ParNew
Desired survivor size 20112992 bytes, new threshold 8 (max 8)
- age   1:    2709704 bytes,    2709704 total
- age   2:    2091416 bytes,    4801120 total
- age   3:     146776 bytes,    4947896 total
- age   4:     126880 bytes,    5074776 total
- age   5:     152952 bytes,    5227728 total
- age   6:     170848 bytes,    5398576 total
- age   7:     431896 bytes,    5830472 total
- age   8:    1550848 bytes,    7381320 total
: 102153K->13627K(109248K), 0.0293403 secs] 296432K->208109K(502464K), 0.0294544 secs] [Times: user=0.04 sys=0.00, real=0.03 secs] 
Heap after GC invocations=594 (full 28):
 par new generation   total 109248K, used 13627K [0x00000000e0000000, 0x00000000e8000000, 0x00000000e8000000)
  eden space 87424K,   0% used [0x00000000e0000000, 0x00000000e0000000, 0x00000000e5560000)
  from space 21824K,  62% used [0x00000000e5560000, 0x00000000e62aef90, 0x00000000e6ab0000)
  to   space 21824K,   0% used [0x00000000e6ab0000, 0x00000000e6ab0000, 0x00000000e8000000)
 concurrent mark-sweep generation total 393216K, used 194481K [0x00000000e8000000, 0x0000000100000000, 0x0000000100000000)
 Metaspace       used 47270K, capacity 49093K, committed 49624K, reserved 1093632K
  class space    used 5097K, capacity 5482K, committed 5628K, reserved 1048576K
}
2018-10-23T07:44:26.540+0000: 336.486: Total time for which application threads were stopped: 0.0349067 seconds, Stopping threads took: 0.0049459 seconds
{Heap before GC invocations=594 (full 28):
 par new generation   total 109248K, used 101051K [0x00000000e0000000, 0x00000000e8000000, 0x00000000e8000000)
  eden space 87424K, 100% used [0x00000000e0000000, 0x00000000e5560000, 0x00000000e5560000)
  from space 21824K,  62% used [0x00000000e5560000, 0x00000000e62aef90, 0x00000000e6ab0000)
  to   space 21824K,   0% used [0x00000000e6ab0000, 0x00000000e6ab0000, 0x00000000e8000000)
 concurrent mark-sweep generation total 393216K, used 194481K [0x00000000e8000000, 0x0000000100000000, 0x0000000100000000)
 Metaspace       used 47270K, capacity 49093K, committed 49624K, reserved 1093632K
  class space    used 5097K, capacity 5482K, committed 5628K, reserved 1048576K
2018-10-23T07:44:26.634+0000: 336.580: [GC (Allocation Failure) 2018-10-23T07:44:26.634+0000: 336.580: [ParNew
Desired survivor size 20112992 bytes, new threshold 8 (max 8)
- age   1:    2212968 bytes,    2212968 total
- age   2:    1960936 bytes,    4173904 total
- age   3:    2089064 bytes,    6262968 total
- age   4:     146776 bytes,    6409744 total
- age   5:     126880 bytes,    6536624 total
- age   6:     152952 bytes,    6689576 total
- age   7:     170848 bytes,    6860424 total
- age   8:     430072 bytes,    7290496 total
: 101051K->8154K(109248K), 0.0236506 secs] 295533K->204150K(502464K), 0.0237712 secs] [Times: user=0.04 sys=0.00, real=0.03 secs] 
Heap after GC invocations=595 (full 28):
 par new generation   total 109248K, used 8154K [0x00000000e0000000, 0x00000000e8000000, 0x00000000e8000000)
  eden space 87424K,   0% used [0x00000000e0000000, 0x00000000e0000000, 0x00000000e5560000)
  from space 21824K,  37% used [0x00000000e6ab0000, 0x00000000e72a6900, 0x00000000e8000000)
  to   space 21824K,   0% used [0x00000000e5560000, 0x00000000e5560000, 0x00000000e6ab0000)
 concurrent mark-sweep generation total 393216K, used 195996K [0x00000000e8000000, 0x0000000100000000, 0x0000000100000000)
 Metaspace       used 47270K, capacity 49093K, committed 49624K, reserved 1093632K
  class space    used 5097K, capacity 5482K, committed 5628K, reserved 1048576K
}
2018-10-23T07:44:26.658+0000: 336.604: Total time for which application threads were stopped: 0.0287848 seconds, Stopping threads took: 0.0044763 seconds
{Heap before GC invocations=595 (full 28):
 par new generation   total 109248K, used 95578K [0x00000000e0000000, 0x00000000e8000000, 0x00000000e8000000)
  eden space 87424K, 100% used [0x00000000e0000000, 0x00000000e5560000, 0x00000000e5560000)
  from space 21824K,  37% used [0x00000000e6ab0000, 0x00000000e72a6900, 0x00000000e8000000)
  to   space 21824K,   0% used [0x00000000e5560000, 0x00000000e5560000, 0x00000000e6ab0000)
 concurrent mark-sweep generation total 393216K, used 195996K [0x00000000e8000000, 0x0000000100000000, 0x0000000100000000)
 Metaspace       used 47270K, capacity 49093K, committed 49624K, reserved 1093632K
  class space    used 5097K, capacity 5482K, committed 5628K, reserved 1048576K
2018-10-23T07:44:26.752+0000: 336.698: [GC (Allocation Failure) 2018-10-23T07:44:26.752+0000: 336.698: [ParNew
Desired survivor size 20112992 bytes, new threshold 8 (max 8)
- age   1:    2111248 bytes,    2111248 total
- age   2:    1204480 bytes,    3315728 total
- age   3:    1926600 bytes,    5242328 total
- age   4:    2089064 bytes,    7331392 total
- age   5:     146776 bytes,    7478168 total
- age   6:     126880 bytes,    7605048 total
- age   7:     152952 bytes,    7758000 total
- age   8:     170848 bytes,    7928848 total
: 95578K->11128K(109248K), 0.0330252 secs] 291574K->207545K(502464K), 0.0331387 secs] [Times: user=0.05 sys=0.00, real=0.03 secs] 
Heap after GC invocations=596 (full 28):
 par new generation   total 109248K, used 11128K [0x00000000e0000000, 0x00000000e8000000, 0x00000000e8000000)
  eden space 87424K,   0% used [0x00000000e0000000, 0x00000000e0000000, 0x00000000e5560000)
  from space 21824K,  50% used [0x00000000e5560000, 0x00000000e603e100, 0x00000000e6ab0000)
  to   space 21824K,   0% used [0x00000000e6ab0000, 0x00000000e6ab0000, 0x00000000e8000000)
 concurrent mark-sweep generation total 393216K, used 196417K [0x00000000e8000000, 0x0000000100000000, 0x0000000100000000)
 Metaspace       used 47270K, capacity 49093K, committed 49624K, reserved 1093632K
  class space    used 5097K, capacity 5482K, committed 5628K, reserved 1048576K
}
2018-10-23T07:44:26.785+0000: 336.731: Total time for which application threads were stopped: 0.0337806 seconds, Stopping threads took: 0.0001298 seconds
{Heap before GC invocations=596 (full 28):
 par new generation   total 109248K, used 98552K [0x00000000e0000000, 0x00000000e8000000, 0x00000000e8000000)
  eden space 87424K, 100% used [0x00000000e0000000, 0x00000000e5560000, 0x00000000e5560000)
  from space 21824K,  50% used [0x00000000e5560000, 0x00000000e603e100, 0x00000000e6ab0000)
  to   space 21824K,   0% used [0x00000000e6ab0000, 0x00000000e6ab0000, 0x00000000e8000000)
 concurrent mark-sweep generation total 393216K, used 196417K [0x00000000e8000000, 0x0000000100000000, 0x0000000100000000)
 Metaspace       used 47270K, capacity 49093K, committed 49624K, reserved 1093632K
  class space    used 5097K, capacity 5482K, committed 5628K, reserved 1048576K
2018-10-23T07:44:26.862+0000: 336.808: [GC (Allocation Failure) 2018-10-23T07:44:26.862+0000: 336.808: [ParNew
Desired survivor size 20112992 bytes, new threshold 8 (max 8)
- age   1:    2103920 bytes,    2103920 total
- age   2:    1109192 bytes,    3213112 total
- age   3:    1100928 bytes,    4314040 total
- age   4:    1926600 bytes,    6240640 total
- age   5:    2088728 bytes,    8329368 total
- age   6:     146776 bytes,    8476144 total
- age   7:     126880 bytes,    8603024 total
- age   8:     152952 bytes,    8755976 total
: 98552K->8986K(109248K), 0.0275533 secs] 294969K->205571K(502464K), 0.0276801 secs] [Times: user=0.05 sys=0.00, real=0.03 secs] 
Heap after GC invocations=597 (full 28):
 par new generation   total 109248K, used 8986K [0x00000000e0000000, 0x00000000e8000000, 0x00000000e8000000)
  eden space 87424K,   0% used [0x00000000e0000000, 0x00000000e0000000, 0x00000000e5560000)
  from space 21824K,  41% used [0x00000000e6ab0000, 0x00000000e7376b00, 0x00000000e8000000)
  to   space 21824K,   0% used [0x00000000e5560000, 0x00000000e5560000, 0x00000000e6ab0000)
 concurrent mark-sweep generation total 393216K, used 196584K [0x00000000e8000000, 0x0000000100000000, 0x0000000100000000)
 Metaspace       used 47270K, capacity 49093K, committed 49624K, reserved 1093632K
  class space    used 5097K, capacity 5482K, committed 5628K, reserved 1048576K
}
2018-10-23T07:44:26.890+0000: 336.836: Total time for which application threads were stopped: 0.0336974 seconds, Stopping threads took: 0.0055161 seconds
{Heap before GC invocations=597 (full 28):
 par new generation   total 109248K, used 96410K [0x00000000e0000000, 0x00000000e8000000, 0x00000000e8000000)
  eden space 87424K, 100% used [0x00000000e0000000, 0x00000000e5560000, 0x00000000e5560000)
  from space 21824K,  41% used [0x00000000e6ab0000, 0x00000000e7376b00, 0x00000000e8000000)
  to   space 21824K,   0% used [0x00000000e5560000, 0x00000000e5560000, 0x00000000e6ab0000)
 concurrent mark-sweep generation total 393216K, used 196584K [0x00000000e8000000, 0x0000000100000000, 0x0000000100000000)
 Metaspace       used 47270K, capacity 49093K, committed 49624K, reserved 1093632K
  class space    used 5097K, capacity 5482K, committed 5628K, reserved 1048576K
2018-10-23T07:44:26.979+0000: 336.925: [GC (Allocation Failure) 2018-10-23T07:44:26.979+0000: 336.925: [ParNew
Desired survivor size 20112992 bytes, new threshold 8 (max 8)
- age   1:    2027944 bytes,    2027944 total
- age   2:    1145688 bytes,    3173632 total
- age   3:     933880 bytes,    4107512 total
- age   4:    1018880 bytes,    5126392 total
- age   5:    1923448 bytes,    7049840 total
- age   6:    2088728 bytes,    9138568 total
- age   7:     146776 bytes,    9285344 total
- age   8:     126880 bytes,    9412224 total
: 96410K->11304K(109248K), 0.0188470 secs] 292995K->208038K(502464K), 0.0189522 secs] [Times: user=0.04 sys=0.00, real=0.02 secs] 
Heap after GC invocations=598 (full 28):
 par new generation   total 109248K, used 11304K [0x00000000e0000000, 0x00000000e8000000, 0x00000000e8000000)
  eden space 87424K,   0% used [0x00000000e0000000, 0x00000000e0000000, 0x00000000e5560000)
  from space 21824K,  51% used [0x00000000e5560000, 0x00000000e606a2a0, 0x00000000e6ab0000)
  to   space 21824K,   0% used [0x00000000e6ab0000, 0x00000000e6ab0000, 0x00000000e8000000)
 concurrent mark-sweep generation total 393216K, used 196733K [0x00000000e8000000, 0x0000000100000000, 0x0000000100000000)
 Metaspace       used 47270K, capacity 49093K, committed 49624K, reserved 1093632K
  class space    used 5097K, capacity 5482K, committed 5628K, reserved 1048576K
}
2018-10-23T07:44:26.998+0000: 336.944: Total time for which application threads were stopped: 0.0196753 seconds, Stopping threads took: 0.0002443 seconds
2018-10-23T07:44:26.999+0000: 336.945: [GC (CMS Initial Mark) [1 CMS-initial-mark: 196733K(393216K)] 208346K(502464K), 0.0059298 secs] [Times: user=0.00 sys=0.00, real=0.00 secs] 
2018-10-23T07:44:27.005+0000: 336.951: Total time for which application threads were stopped: 0.0063671 seconds, Stopping threads took: 0.0001465 seconds
2018-10-23T07:44:27.005+0000: 336.951: [CMS-concurrent-mark-start]
{Heap before GC invocations=598 (full 29):
 par new generation   total 109248K, used 98728K [0x00000000e0000000, 0x00000000e8000000, 0x00000000e8000000)
  eden space 87424K, 100% used [0x00000000e0000000, 0x00000000e5560000, 0x00000000e5560000)
  from space 21824K,  51% used [0x00000000e5560000, 0x00000000e606a2a0, 0x00000000e6ab0000)
  to   space 21824K,   0% used [0x00000000e6ab0000, 0x00000000e6ab0000, 0x00000000e8000000)
 concurrent mark-sweep generation total 393216K, used 196733K [0x00000000e8000000, 0x0000000100000000, 0x0000000100000000)
 Metaspace       used 47270K, capacity 49093K, committed 49624K, reserved 1093632K
  class space    used 5097K, capacity 5482K, committed 5628K, reserved 1048576K
2018-10-23T07:44:27.194+0000: 337.140: [GC (Allocation Failure) 2018-10-23T07:44:27.194+0000: 337.140: [ParNew
Desired survivor size 20112992 bytes, new threshold 8 (max 8)
- age   1:    2715536 bytes,    2715536 total
- age   2:     830624 bytes,    3546160 total
- age   3:     976040 bytes,    4522200 total
- age   4:     880344 bytes,    5402544 total
- age   5:     990152 bytes,    6392696 total
- age   6:    1890104 bytes,    8282800 total
- age   7:    2088592 bytes,   10371392 total
- age   8:     146776 bytes,   10518168 total
: 98728K->13166K(109248K), 0.0293805 secs] 295462K->210024K(502464K), 0.0294924 secs] [Times: user=0.04 sys=0.00, real=0.03 secs] 
Heap after GC invocations=599 (full 29):
 par new generation   total 109248K, used 13166K [0x00000000e0000000, 0x00000000e8000000, 0x00000000e8000000)
  eden space 87424K,   0% used [0x00000000e0000000, 0x00000000e0000000, 0x00000000e5560000)
  from space 21824K,  60% used [0x00000000e6ab0000, 0x00000000e778bb10, 0x00000000e8000000)
  to   space 21824K,   0% used [0x00000000e5560000, 0x00000000e5560000, 0x00000000e6ab0000)
 concurrent mark-sweep generation total 393216K, used 196857K [0x00000000e8000000, 0x0000000100000000, 0x0000000100000000)
 Metaspace       used 47270K, capacity 49093K, committed 49624K, reserved 1093632K
  class space    used 5097K, capacity 5482K, committed 5628K, reserved 1048576K
}
2018-10-23T07:44:27.224+0000: 337.170: Total time for which application threads were stopped: 0.0300653 seconds, Stopping threads took: 0.0000598 seconds
2018-10-23T07:44:27.250+0000: 337.196: [CMS-concurrent-mark: 0.215/0.245 secs] [Times: user=0.58 sys=0.00, real=0.25 secs] 
2018-10-23T07:44:27.250+0000: 337.196: [CMS-concurrent-preclean-start]
2018-10-23T07:44:27.253+0000: 337.199: [CMS-concurrent-preclean: 0.002/0.003 secs] [Times: user=0.00 sys=0.00, real=0.00 secs] 
2018-10-23T07:44:27.253+0000: 337.199: [CMS-concurrent-abortable-preclean-start]
{Heap before GC invocations=599 (full 29):
 par new generation   total 109248K, used 100590K [0x00000000e0000000, 0x00000000e8000000, 0x00000000e8000000)
  eden space 87424K, 100% used [0x00000000e0000000, 0x00000000e5560000, 0x00000000e5560000)
  from space 21824K,  60% used [0x00000000e6ab0000, 0x00000000e778bb10, 0x00000000e8000000)
  to   space 21824K,   0% used [0x00000000e5560000, 0x00000000e5560000, 0x00000000e6ab0000)
 concurrent mark-sweep generation total 393216K, used 196857K [0x00000000e8000000, 0x0000000100000000, 0x0000000100000000)
 Metaspace       used 47270K, capacity 49093K, committed 49624K, reserved 1093632K
  class space    used 5097K, capacity 5482K, committed 5628K, reserved 1048576K
2018-10-23T07:44:27.382+0000: 337.328: [GC (Allocation Failure) 2018-10-23T07:44:27.382+0000: 337.328: [ParNew
Desired survivor size 20112992 bytes, new threshold 8 (max 8)
- age   1:    4013128 bytes,    4013128 total
- age   2:    1273392 bytes,    5286520 total
- age   3:     660992 bytes,    5947512 total
- age   4:     869936 bytes,    6817448 total
- age   5:     770720 bytes,    7588168 total
- age   6:     786784 bytes,    8374952 total
- age   7:    1781344 bytes,   10156296 total
- age   8:    1670360 bytes,   11826656 total
: 100590K->14847K(109248K), 0.0339400 secs] 297448K->211848K(502464K), 0.0340602 secs] [Times: user=0.03 sys=0.00, real=0.03 secs] 
Heap after GC invocations=600 (full 29):
 par new generation   total 109248K, used 14847K [0x00000000e0000000, 0x00000000e8000000, 0x00000000e8000000)
  eden space 87424K,   0% used [0x00000000e0000000, 0x00000000e0000000, 0x00000000e5560000)
  from space 21824K,  68% used [0x00000000e5560000, 0x00000000e63dfd20, 0x00000000e6ab0000)
  to   space 21824K,   0% used [0x00000000e6ab0000, 0x00000000e6ab0000, 0x00000000e8000000)
 concurrent mark-sweep generation total 393216K, used 197001K [0x00000000e8000000, 0x0000000100000000, 0x0000000100000000)
 Metaspace       used 47270K, capacity 49093K, committed 49624K, reserved 1093632K
  class space    used 5097K, capacity 5482K, committed 5628K, reserved 1048576K
}
2018-10-23T07:44:27.417+0000: 337.362: Total time for which application threads were stopped: 0.0468908 seconds, Stopping threads took: 0.0122807 seconds
2018-10-23T07:44:27.457+0000: 337.403: [CMS-concurrent-abortable-preclean: 0.128/0.203 secs] [Times: user=0.39 sys=0.00, real=0.20 secs] 
2018-10-23T07:44:27.474+0000: 337.420: [GC (CMS Final Remark) [YG occupancy: 67928 K (109248 K)]{Heap before GC invocations=600 (full 29):
 par new generation   total 109248K, used 67928K [0x00000000e0000000, 0x00000000e8000000, 0x00000000e8000000)
  eden space 87424K,  60% used [0x00000000e0000000, 0x00000000e33d65c8, 0x00000000e5560000)
  from space 21824K,  68% used [0x00000000e5560000, 0x00000000e63dfd20, 0x00000000e6ab0000)
  to   space 21824K,   0% used [0x00000000e6ab0000, 0x00000000e6ab0000, 0x00000000e8000000)
 concurrent mark-sweep generation total 393216K, used 197001K [0x00000000e8000000, 0x0000000100000000, 0x0000000100000000)
 Metaspace       used 47270K, capacity 49093K, committed 49624K, reserved 1093632K
  class space    used 5097K, capacity 5482K, committed 5628K, reserved 1048576K
2018-10-23T07:44:27.474+0000: 337.420: [GC (CMS Final Remark) 2018-10-23T07:44:27.474+0000: 337.420: [ParNew
Desired survivor size 20112992 bytes, new threshold 8 (max 8)
- age   1:    1291280 bytes,    1291280 total
- age   2:    3218144 bytes,    4509424 total
- age   3:    1207824 bytes,    5717248 total
- age   4:     660992 bytes,    6378240 total
- age   5:     869936 bytes,    7248176 total
- age   6:     770720 bytes,    8018896 total
- age   7:     786224 bytes,    8805120 total
- age   8:    1781008 bytes,   10586128 total
: 67928K->13920K(109248K), 0.0467350 secs] 264929K->212446K(502464K), 0.0468264 secs] [Times: user=0.06 sys=0.00, real=0.05 secs] 
Heap after GC invocations=601 (full 29):
 par new generation   total 109248K, used 13920K [0x00000000e0000000, 0x00000000e8000000, 0x00000000e8000000)
  eden space 87424K,   0% used [0x00000000e0000000, 0x00000000e0000000, 0x00000000e5560000)
  from space 21824K,  63% used [0x00000000e6ab0000, 0x00000000e7848370, 0x00000000e8000000)
  to   space 21824K,   0% used [0x00000000e5560000, 0x00000000e5560000, 0x00000000e6ab0000)
 concurrent mark-sweep generation total 393216K, used 198525K [0x00000000e8000000, 0x0000000100000000, 0x0000000100000000)
 Metaspace       used 47270K, capacity 49093K, committed 49624K, reserved 1093632K
  class space    used 5097K, capacity 5482K, committed 5628K, reserved 1048576K
}
2018-10-23T07:44:27.521+0000: 337.467: [Rescan (parallel) , 0.0054231 secs]2018-10-23T07:44:27.527+0000: 337.472: [weak refs processing, 0.0110110 secs]2018-10-23T07:44:27.538+0000: 337.483: [class unloading, 0.0203405 secs]2018-10-23T07:44:27.558+0000: 337.504: [scrub symbol table, 0.0064222 secs]2018-10-23T07:44:27.564+0000: 337.510: [scrub string table, 0.0008644 secs][1 CMS-remark: 198525K(393216K)] 212446K(502464K), 0.1007353 secs] [Times: user=0.12 sys=0.00, real=0.10 secs] 
2018-10-23T07:44:27.575+0000: 337.521: Total time for which application threads were stopped: 0.1123743 seconds, Stopping threads took: 0.0110703 seconds
2018-10-23T07:44:27.575+0000: 337.521: [CMS-concurrent-sweep-start]
2018-10-23T07:44:27.630+0000: 337.575: Total time for which application threads were stopped: 0.0007649 seconds, Stopping threads took: 0.0001766 seconds
2018-10-23T07:44:27.660+0000: 337.606: [CMS-concurrent-sweep: 0.080/0.085 secs] [Times: user=0.23 sys=0.00, real=0.09 secs] 
2018-10-23T07:44:27.660+0000: 337.606: [CMS-concurrent-reset-start]
2018-10-23T07:44:27.661+0000: 337.607: [CMS-concurrent-reset: 0.001/0.001 secs] [Times: user=0.01 sys=0.00, real=0.00 secs] 
{Heap before GC invocations=601 (full 29):
 par new generation   total 109248K, used 101344K [0x00000000e0000000, 0x00000000e8000000, 0x00000000e8000000)
  eden space 87424K, 100% used [0x00000000e0000000, 0x00000000e5560000, 0x00000000e5560000)
  from space 21824K,  63% used [0x00000000e6ab0000, 0x00000000e7848370, 0x00000000e8000000)
  to   space 21824K,   0% used [0x00000000e5560000, 0x00000000e5560000, 0x00000000e6ab0000)
 concurrent mark-sweep generation total 393216K, used 194884K [0x00000000e8000000, 0x0000000100000000, 0x0000000100000000)
 Metaspace       used 47211K, capacity 48955K, committed 49624K, reserved 1093632K
  class space    used 5084K, capacity 5459K, committed 5628K, reserved 1048576K
2018-10-23T07:44:27.690+0000: 337.636: [GC (Allocation Failure) 2018-10-23T07:44:27.690+0000: 337.636: [ParNew
Desired survivor size 20112992 bytes, new threshold 8 (max 8)
- age   1:    2464216 bytes,    2464216 total
- age   2:     767272 bytes,    3231488 total
- age   3:    2964376 bytes,    6195864 total
- age   4:    1000032 bytes,    7195896 total
- age   5:     519392 bytes,    7715288 total
- age   6:     706064 bytes,    8421352 total
- age   7:     558224 bytes,    8979576 total
- age   8:     558056 bytes,    9537632 total
: 101344K->13321K(109248K), 0.0338436 secs] 296229K->209674K(502464K), 0.0339419 secs] [Times: user=0.04 sys=0.00, real=0.03 secs] 
Heap after GC invocations=602 (full 29):
 par new generation   total 109248K, used 13321K [0x00000000e0000000, 0x00000000e8000000, 0x00000000e8000000)
  eden space 87424K,   0% used [0x00000000e0000000, 0x00000000e0000000, 0x00000000e5560000)
  from space 21824K,  61% used [0x00000000e5560000, 0x00000000e6262780, 0x00000000e6ab0000)
  to   space 21824K,   0% used [0x00000000e6ab0000, 0x00000000e6ab0000, 0x00000000e8000000)
 concurrent mark-sweep generation total 393216K, used 196352K [0x00000000e8000000, 0x0000000100000000, 0x0000000100000000)
 Metaspace       used 47211K, capacity 48955K, committed 49624K, reserved 1093632K
  class space    used 5084K, capacity 5459K, committed 5628K, reserved 1048576K
}
2018-10-23T07:44:27.724+0000: 337.670: Total time for which application threads were stopped: 0.0396324 seconds, Stopping threads took: 0.0050981 seconds
{Heap before GC invocations=602 (full 29):
 par new generation   total 109248K, used 100745K [0x00000000e0000000, 0x00000000e8000000, 0x00000000e8000000)
  eden space 87424K, 100% used [0x00000000e0000000, 0x00000000e5560000, 0x00000000e5560000)
  from space 21824K,  61% used [0x00000000e5560000, 0x00000000e6262780, 0x00000000e6ab0000)
  to   space 21824K,   0% used [0x00000000e6ab0000, 0x00000000e6ab0000, 0x00000000e8000000)
 concurrent mark-sweep generation total 393216K, used 196352K [0x00000000e8000000, 0x0000000100000000, 0x0000000100000000)
 Metaspace       used 47211K, capacity 48955K, committed 49624K, reserved 1093632K
  class space    used 5084K, capacity 5459K, committed 5628K, reserved 1048576K
2018-10-23T07:44:27.807+0000: 337.753: [GC (Allocation Failure) 2018-10-23T07:44:27.807+0000: 337.753: [ParNew
Desired survivor size 20112992 bytes, new threshold 8 (max 8)
- age   1:    2197520 bytes,    2197520 total
- age   2:    1468920 bytes,    3666440 total
- age   3:     749720 bytes,    4416160 total
- age   4:    2963776 bytes,    7379936 total
- age   5:    1000032 bytes,    8379968 total
- age   6:     519392 bytes,    8899360 total
- age   7:     706064 bytes,    9605424 total
- age   8:     558224 bytes,   10163648 total
: 100745K->11605K(109248K), 0.0312109 secs] 297098K->208503K(502464K), 0.0313210 secs] [Times: user=0.04 sys=0.00, real=0.04 secs] 
Heap after GC invocations=603 (full 29):
 par new generation   total 109248K, used 11605K [0x00000000e0000000, 0x00000000e8000000, 0x00000000e8000000)
  eden space 87424K,   0% used [0x00000000e0000000, 0x00000000e0000000, 0x00000000e5560000)
  from space 21824K,  53% used [0x00000000e6ab0000, 0x00000000e7605648, 0x00000000e8000000)
  to   space 21824K,   0% used [0x00000000e5560000, 0x00000000e5560000, 0x00000000e6ab0000)
 concurrent mark-sweep generation total 393216K, used 196898K [0x00000000e8000000, 0x0000000100000000, 0x0000000100000000)
 Metaspace       used 47211K, capacity 48955K, committed 49624K, reserved 1093632K
  class space    used 5084K, capacity 5459K, committed 5628K, reserved 1048576K
}
2018-10-23T07:44:27.838+0000: 337.784: Total time for which application threads were stopped: 0.0381937 seconds, Stopping threads took: 0.0063399 seconds
2018-10-23T07:44:27.844+0000: 337.790: [GC (CMS Initial Mark) [1 CMS-initial-mark: 196898K(393216K)] 212892K(502464K), 0.0081517 secs] [Times: user=0.01 sys=0.00, real=0.01 secs] 
2018-10-23T07:44:27.852+0000: 337.798: Total time for which application threads were stopped: 0.0105498 seconds, Stopping threads took: 0.0020001 seconds
2018-10-23T07:44:27.854+0000: 337.799: [CMS-concurrent-mark-start]
{Heap before GC invocations=603 (full 30):
 par new generation   total 109248K, used 99029K [0x00000000e0000000, 0x00000000e8000000, 0x00000000e8000000)
  eden space 87424K, 100% used [0x00000000e0000000, 0x00000000e5560000, 0x00000000e5560000)
  from space 21824K,  53% used [0x00000000e6ab0000, 0x00000000e7605648, 0x00000000e8000000)
  to   space 21824K,   0% used [0x00000000e5560000, 0x00000000e5560000, 0x00000000e6ab0000)
 concurrent mark-sweep generation total 393216K, used 196898K [0x00000000e8000000, 0x0000000100000000, 0x0000000100000000)
 Metaspace       used 47211K, capacity 48955K, committed 49624K, reserved 1093632K
  class space    used 5084K, capacity 5459K, committed 5628K, reserved 1048576K
2018-10-23T07:44:27.970+0000: 337.916: [GC (Allocation Failure) 2018-10-23T07:44:27.970+0000: 337.916: [ParNew
Desired survivor size 20112992 bytes, new threshold 8 (max 8)
- age   1:    2175568 bytes,    2175568 total
- age   2:    1245760 bytes,    3421328 total
- age   3:    1425784 bytes,    4847112 total
- age   4:     748680 bytes,    5595792 total
- age   5:    2963544 bytes,    8559336 total
- age   6:    1000032 bytes,    9559368 total
- age   7:     519392 bytes,   10078760 total
- age   8:     706064 bytes,   10784824 total
: 99029K->15283K(109248K), 0.0430932 secs] 295927K->212727K(502464K), 0.0431932 secs] [Times: user=0.06 sys=0.00, real=0.04 secs] 
Heap after GC invocations=604 (full 30):
 par new generation   total 109248K, used 15283K [0x00000000e0000000, 0x00000000e8000000, 0x00000000e8000000)
  eden space 87424K,   0% used [0x00000000e0000000, 0x00000000e0000000, 0x00000000e5560000)
  from space 21824K,  70% used [0x00000000e5560000, 0x00000000e644cf28, 0x00000000e6ab0000)
  to   space 21824K,   0% used [0x00000000e6ab0000, 0x00000000e6ab0000, 0x00000000e8000000)
 concurrent mark-sweep generation total 393216K, used 197443K [0x00000000e8000000, 0x0000000100000000, 0x0000000100000000)
 Metaspace       used 47211K, capacity 48955K, committed 49624K, reserved 1093632K
  class space    used 5084K, capacity 5459K, committed 5628K, reserved 1048576K
}
2018-10-23T07:44:28.013+0000: 337.959: Total time for which application threads were stopped: 0.0506007 seconds, Stopping threads took: 0.0068927 seconds
2018-10-23T07:44:28.114+0000: 338.060: [CMS-concurrent-mark: 0.209/0.260 secs] [Times: user=0.69 sys=0.00, real=0.26 secs] 
2018-10-23T07:44:28.114+0000: 338.060: [CMS-concurrent-preclean-start]
2018-10-23T07:44:28.124+0000: 338.070: [CMS-concurrent-preclean: 0.005/0.011 secs] [Times: user=0.03 sys=0.00, real=0.01 secs] 
2018-10-23T07:44:28.125+0000: 338.070: [CMS-concurrent-abortable-preclean-start]
{Heap before GC invocations=604 (full 30):
 par new generation   total 109248K, used 102707K [0x00000000e0000000, 0x00000000e8000000, 0x00000000e8000000)
  eden space 87424K, 100% used [0x00000000e0000000, 0x00000000e5560000, 0x00000000e5560000)
  from space 21824K,  70% used [0x00000000e5560000, 0x00000000e644cf28, 0x00000000e6ab0000)
  to   space 21824K,   0% used [0x00000000e6ab0000, 0x00000000e6ab0000, 0x00000000e8000000)
 concurrent mark-sweep generation total 393216K, used 197443K [0x00000000e8000000, 0x0000000100000000, 0x0000000100000000)
 Metaspace       used 47211K, capacity 48955K, committed 49624K, reserved 1093632K
  class space    used 5084K, capacity 5459K, committed 5628K, reserved 1048576K
2018-10-23T07:44:28.142+0000: 338.088: [GC (Allocation Failure) 2018-10-23T07:44:28.142+0000: 338.088: [ParNew
Desired survivor size 20112992 bytes, new threshold 8 (max 8)
- age   1:    2192840 bytes,    2192840 total
- age   2:    1053208 bytes,    3246048 total
- age   3:    1175528 bytes,    4421576 total
- age   4:    1424728 bytes,    5846304 total
- age   5:     781464 bytes,    6627768 total
- age   6:    2963488 bytes,    9591256 total
- age   7:    1000032 bytes,   10591288 total
- age   8:     519392 bytes,   11110680 total
: 102707K->13799K(109248K), 0.0114139 secs] 300151K->211932K(502464K), 0.0114991 secs] [Times: user=0.02 sys=0.00, real=0.01 secs] 
Heap after GC invocations=605 (full 30):
 par new generation   total 109248K, used 13799K [0x00000000e0000000, 0x00000000e8000000, 0x00000000e8000000)
  eden space 87424K,   0% used [0x00000000e0000000, 0x00000000e0000000, 0x00000000e5560000)
  from space 21824K,  63% used [0x00000000e6ab0000, 0x00000000e7829c28, 0x00000000e8000000)
  to   space 21824K,   0% used [0x00000000e5560000, 0x00000000e5560000, 0x00000000e6ab0000)
 concurrent mark-sweep generation total 393216K, used 198133K [0x00000000e8000000, 0x0000000100000000, 0x0000000100000000)
 Metaspace       used 47211K, capacity 48955K, committed 49624K, reserved 1093632K
  class space    used 5084K, capacity 5459K, committed 5628K, reserved 1048576K
}
2018-10-23T07:44:28.154+0000: 338.100: Total time for which application threads were stopped: 0.0142629 seconds, Stopping threads took: 0.0023120 seconds
{Heap before GC invocations=605 (full 30):
 par new generation   total 109248K, used 101223K [0x00000000e0000000, 0x00000000e8000000, 0x00000000e8000000)
  eden space 87424K, 100% used [0x00000000e0000000, 0x00000000e5560000, 0x00000000e5560000)
  from space 21824K,  63% used [0x00000000e6ab0000, 0x00000000e7829c28, 0x00000000e8000000)
  to   space 21824K,   0% used [0x00000000e5560000, 0x00000000e5560000, 0x00000000e6ab0000)
 concurrent mark-sweep generation total 393216K, used 198133K [0x00000000e8000000, 0x0000000100000000, 0x0000000100000000)
 Metaspace       used 47211K, capacity 48955K, committed 49624K, reserved 1093632K
  class space    used 5084K, capacity 5459K, committed 5628K, reserved 1048576K
2018-10-23T07:44:28.226+0000: 338.172: [GC (Allocation Failure) 2018-10-23T07:44:28.226+0000: 338.172: [ParNew
Desired survivor size 20112992 bytes, new threshold 8 (max 8)
- age   1:    3168360 bytes,    3168360 total
- age   2:    1330504 bytes,    4498864 total
- age   3:     881264 bytes,    5380128 total
- age   4:    1138632 bytes,    6518760 total
- age   5:    1423264 bytes,    7942024 total
- age   6:     748536 bytes,    8690560 total
- age   7:    2963240 bytes,   11653800 total
- age   8:    1000032 bytes,   12653832 total
: 101223K->14470K(109248K), 0.0403857 secs] 299356K->213111K(502464K), 0.0405022 secs] [Times: user=0.04 sys=0.00, real=0.04 secs] 
Heap after GC invocations=606 (full 30):
 par new generation   total 109248K, used 14470K [0x00000000e0000000, 0x00000000e8000000, 0x00000000e8000000)
  eden space 87424K,   0% used [0x00000000e0000000, 0x00000000e0000000, 0x00000000e5560000)
  from space 21824K,  66% used [0x00000000e5560000, 0x00000000e63819a0, 0x00000000e6ab0000)
  to   space 21824K,   0% used [0x00000000e6ab0000, 0x00000000e6ab0000, 0x00000000e8000000)
 concurrent mark-sweep generation total 393216K, used 198641K [0x00000000e8000000, 0x0000000100000000, 0x0000000100000000)
 Metaspace       used 47211K, capacity 48955K, committed 49624K, reserved 1093632K
  class space    used 5084K, capacity 5459K, committed 5628K, reserved 1048576K
}
2018-10-23T07:44:28.267+0000: 338.213: Total time for which application threads were stopped: 0.0411916 seconds, Stopping threads took: 0.0001484 seconds
2018-10-23T07:44:28.288+0000: 338.233: [CMS-concurrent-abortable-preclean: 0.105/0.163 secs] [Times: user=0.36 sys=0.00, real=0.16 secs] 
2018-10-23T07:44:28.304+0000: 338.250: [GC (CMS Final Remark) [YG occupancy: 44413 K (109248 K)]{Heap before GC invocations=606 (full 30):
 par new generation   total 109248K, used 44413K [0x00000000e0000000, 0x00000000e8000000, 0x00000000e8000000)
  eden space 87424K,  34% used [0x00000000e0000000, 0x00000000e1d3ddf0, 0x00000000e5560000)
  from space 21824K,  66% used [0x00000000e5560000, 0x00000000e63819a0, 0x00000000e6ab0000)
  to   space 21824K,   0% used [0x00000000e6ab0000, 0x00000000e6ab0000, 0x00000000e8000000)
 concurrent mark-sweep generation total 393216K, used 198641K [0x00000000e8000000, 0x0000000100000000, 0x0000000100000000)
 Metaspace       used 47211K, capacity 48955K, committed 49624K, reserved 1093632K
  class space    used 5084K, capacity 5459K, committed 5628K, reserved 1048576K
2018-10-23T07:44:28.304+0000: 338.250: [GC (CMS Final Remark) 2018-10-23T07:44:28.304+0000: 338.250: [ParNew
Desired survivor size 20112992 bytes, new threshold 8 (max 8)
- age   1:     950920 bytes,     950920 total
- age   2:    2460976 bytes,    3411896 total
- age   3:    1262712 bytes,    4674608 total
- age   4:     881264 bytes,    5555872 total
- age   5:    1137584 bytes,    6693456 total
- age   6:    1423264 bytes,    8116720 total
- age   7:     748536 bytes,    8865256 total
- age   8:    2963240 bytes,   11828496 total
: 44413K->20439K(109248K), 0.0486350 secs] 243055K->220058K(502464K), 0.0487215 secs] [Times: user=0.07 sys=0.00, real=0.05 secs] 
Heap after GC invocations=607 (full 30):
 par new generation   total 109248K, used 20439K [0x00000000e0000000, 0x00000000e8000000, 0x00000000e8000000)
  eden space 87424K,   0% used [0x00000000e0000000, 0x00000000e0000000, 0x00000000e5560000)
  from space 21824K,  93% used [0x00000000e6ab0000, 0x00000000e7ea5dd0, 0x00000000e8000000)
  to   space 21824K,   0% used [0x00000000e5560000, 0x00000000e5560000, 0x00000000e6ab0000)
 concurrent mark-sweep generation total 393216K, used 199618K [0x00000000e8000000, 0x0000000100000000, 0x0000000100000000)
 Metaspace       used 47211K, capacity 48955K, committed 49624K, reserved 1093632K
  class space    used 5084K, capacity 5459K, committed 5628K, reserved 1048576K
}
2018-10-23T07:44:28.353+0000: 338.299: [Rescan (parallel) , 0.0050908 secs]2018-10-23T07:44:28.358+0000: 338.304: [weak refs processing, 0.0089917 secs]2018-10-23T07:44:28.367+0000: 338.313: [class unloading, 0.0139474 secs]2018-10-23T07:44:28.381+0000: 338.327: [scrub symbol table, 0.0066815 secs]2018-10-23T07:44:28.387+0000: 338.333: [scrub string table, 0.0008307 secs][1 CMS-remark: 199618K(393216K)] 220058K(502464K), 0.0898501 secs] [Times: user=0.12 sys=0.00, real=0.09 secs] 
2018-10-23T07:44:28.394+0000: 338.340: Total time for which application threads were stopped: 0.1000020 seconds, Stopping threads took: 0.0097128 seconds
2018-10-23T07:44:28.410+0000: 338.355: [CMS-concurrent-sweep-start]
2018-10-23T07:44:28.463+0000: 338.409: Total time for which application threads were stopped: 0.0011240 seconds, Stopping threads took: 0.0006302 seconds
{Heap before GC invocations=607 (full 30):
 par new generation   total 109248K, used 107863K [0x00000000e0000000, 0x00000000e8000000, 0x00000000e8000000)
  eden space 87424K, 100% used [0x00000000e0000000, 0x00000000e5560000, 0x00000000e5560000)
  from space 21824K,  93% used [0x00000000e6ab0000, 0x00000000e7ea5dd0, 0x00000000e8000000)
  to   space 21824K,   0% used [0x00000000e5560000, 0x00000000e5560000, 0x00000000e6ab0000)
 concurrent mark-sweep generation total 393216K, used 196425K [0x00000000e8000000, 0x0000000100000000, 0x0000000100000000)
 Metaspace       used 47212K, capacity 48955K, committed 49624K, reserved 1093632K
  class space    used 5084K, capacity 5459K, committed 5628K, reserved 1048576K
2018-10-23T07:44:28.476+0000: 338.422: [GC (Allocation Failure) 2018-10-23T07:44:28.476+0000: 338.422: [ParNew
Desired survivor size 20112992 bytes, new threshold 8 (max 8)
- age   1:    3480696 bytes,    3480696 total
- age   2:      59912 bytes,    3540608 total
- age   3:     315128 bytes,    3855736 total
- age   4:     251600 bytes,    4107336 total
- age   5:     255368 bytes,    4362704 total
- age   6:     318224 bytes,    4680928 total
- age   7:     765096 bytes,    5446024 total
- age   8:     570224 bytes,    6016248 total
: 107863K->8711K(109248K), 0.0312223 secs] 304288K->206098K(502464K), 0.0313464 secs] [Times: user=0.05 sys=0.00, real=0.03 secs] 
Heap after GC invocations=608 (full 30):
 par new generation   total 109248K, used 8711K [0x00000000e0000000, 0x00000000e8000000, 0x00000000e8000000)
  eden space 87424K,   0% used [0x00000000e0000000, 0x00000000e0000000, 0x00000000e5560000)
  from space 21824K,  39% used [0x00000000e5560000, 0x00000000e5de1e80, 0x00000000e6ab0000)
  to   space 21824K,   0% used [0x00000000e6ab0000, 0x00000000e6ab0000, 0x00000000e8000000)
 concurrent mark-sweep generation total 393216K, used 197386K [0x00000000e8000000, 0x0000000100000000, 0x0000000100000000)
 Metaspace       used 47212K, capacity 48955K, committed 49624K, reserved 1093632K
  class space    used 5084K, capacity 5459K, committed 5628K, reserved 1048576K
}
2018-10-23T07:44:28.507+0000: 338.453: Total time for which application threads were stopped: 0.0320557 seconds, Stopping threads took: 0.0002191 seconds
2018-10-23T07:44:28.583+0000: 338.529: [CMS-concurrent-sweep: 0.141/0.174 secs] [Times: user=0.48 sys=0.00, real=0.17 secs] 
2018-10-23T07:44:28.583+0000: 338.529: [CMS-concurrent-reset-start]
2018-10-23T07:44:28.584+0000: 338.530: [CMS-concurrent-reset: 0.001/0.001 secs] [Times: user=0.01 sys=0.00, real=0.00 secs] 
{Heap before GC invocations=608 (full 30):
 par new generation   total 109248K, used 96135K [0x00000000e0000000, 0x00000000e8000000, 0x00000000e8000000)
  eden space 87424K, 100% used [0x00000000e0000000, 0x00000000e5560000, 0x00000000e5560000)
  from space 21824K,  39% used [0x00000000e5560000, 0x00000000e5de1e80, 0x00000000e6ab0000)
  to   space 21824K,   0% used [0x00000000e6ab0000, 0x00000000e6ab0000, 0x00000000e8000000)
 concurrent mark-sweep generation total 393216K, used 194168K [0x00000000e8000000, 0x0000000100000000, 0x0000000100000000)
 Metaspace       used 47212K, capacity 48955K, committed 49624K, reserved 1093632K
  class space    used 5084K, capacity 5459K, committed 5628K, reserved 1048576K
2018-10-23T07:44:28.636+0000: 338.582: [GC (Allocation Failure) 2018-10-23T07:44:28.636+0000: 338.582: [ParNew
Desired survivor size 20112992 bytes, new threshold 8 (max 8)
- age   1:    2366192 bytes,    2366192 total
- age   2:    2734080 bytes,    5100272 total
- age   3:      59912 bytes,    5160184 total
- age   4:     315128 bytes,    5475312 total
- age   5:     251600 bytes,    5726912 total
- age   6:     255368 bytes,    5982280 total
- age   7:     293344 bytes,    6275624 total
- age   8:     638712 bytes,    6914336 total
: 96135K->8224K(109248K), 0.0244352 secs] 290304K->202949K(502464K), 0.0245368 secs] [Times: user=0.03 sys=0.00, real=0.03 secs] 
Heap after GC invocations=609 (full 30):
 par new generation   total 109248K, used 8224K [0x00000000e0000000, 0x00000000e8000000, 0x00000000e8000000)
  eden space 87424K,   0% used [0x00000000e0000000, 0x00000000e0000000, 0x00000000e5560000)
  from space 21824K,  37% used [0x00000000e6ab0000, 0x00000000e72b8068, 0x00000000e8000000)
  to   space 21824K,   0% used [0x00000000e5560000, 0x00000000e5560000, 0x00000000e6ab0000)
 concurrent mark-sweep generation total 393216K, used 194725K [0x00000000e8000000, 0x0000000100000000, 0x0000000100000000)
 Metaspace       used 47212K, capacity 48955K, committed 49624K, reserved 1093632K
  class space    used 5084K, capacity 5459K, committed 5628K, reserved 1048576K
}
2018-10-23T07:44:28.661+0000: 338.607: Total time for which application threads were stopped: 0.0310484 seconds, Stopping threads took: 0.0060174 seconds
{Heap before GC invocations=609 (full 30):
 par new generation   total 109248K, used 95648K [0x00000000e0000000, 0x00000000e8000000, 0x00000000e8000000)
  eden space 87424K, 100% used [0x00000000e0000000, 0x00000000e5560000, 0x00000000e5560000)
  from space 21824K,  37% used [0x00000000e6ab0000, 0x00000000e72b8068, 0x00000000e8000000)
  to   space 21824K,   0% used [0x00000000e5560000, 0x00000000e5560000, 0x00000000e6ab0000)
 concurrent mark-sweep generation total 393216K, used 194725K [0x00000000e8000000, 0x0000000100000000, 0x0000000100000000)
 Metaspace       used 47212K, capacity 48955K, committed 49624K, reserved 1093632K
  class space    used 5084K, capacity 5459K, committed 5628K, reserved 1048576K
2018-10-23T07:44:28.770+0000: 338.716: [GC (Allocation Failure) 2018-10-23T07:44:28.770+0000: 338.716: [ParNew
Desired survivor size 20112992 bytes, new threshold 8 (max 8)
- age   1:    2171512 bytes,    2171512 total
- age   2:    1419376 bytes,    3590888 total
- age   3:    2731320 bytes,    6322208 total
- age   4:      59912 bytes,    6382120 total
- age   5:     315128 bytes,    6697248 total
- age   6:     251600 bytes,    6948848 total
- age   7:     255368 bytes,    7204216 total
- age   8:     293344 bytes,    7497560 total
: 95648K->8966K(109248K), 0.0180124 secs] 290373K->204316K(502464K), 0.0181112 secs] [Times: user=0.03 sys=0.00, real=0.01 secs] 
Heap after GC invocations=610 (full 30):
 par new generation   total 109248K, used 8966K [0x00000000e0000000, 0x00000000e8000000, 0x00000000e8000000)
  eden space 87424K,   0% used [0x00000000e0000000, 0x00000000e0000000, 0x00000000e5560000)
  from space 21824K,  41% used [0x00000000e5560000, 0x00000000e5e21960, 0x00000000e6ab0000)
  to   space 21824K,   0% used [0x00000000e6ab0000, 0x00000000e6ab0000, 0x00000000e8000000)
 concurrent mark-sweep generation total 393216K, used 195350K [0x00000000e8000000, 0x0000000100000000, 0x0000000100000000)
 Metaspace       used 47212K, capacity 48955K, committed 49624K, reserved 1093632K
  class space    used 5084K, capacity 5459K, committed 5628K, reserved 1048576K
}
2018-10-23T07:44:28.788+0000: 338.734: Total time for which application threads were stopped: 0.0246980 seconds, Stopping threads took: 0.0060578 seconds
{Heap before GC invocations=610 (full 30):
 par new generation   total 109248K, used 96390K [0x00000000e0000000, 0x00000000e8000000, 0x00000000e8000000)
  eden space 87424K, 100% used [0x00000000e0000000, 0x00000000e5560000, 0x00000000e5560000)
  from space 21824K,  41% used [0x00000000e5560000, 0x00000000e5e21960, 0x00000000e6ab0000)
  to   space 21824K,   0% used [0x00000000e6ab0000, 0x00000000e6ab0000, 0x00000000e8000000)
 concurrent mark-sweep generation total 393216K, used 195350K [0x00000000e8000000, 0x0000000100000000, 0x0000000100000000)
 Metaspace       used 47212K, capacity 48955K, committed 49624K, reserved 1093632K
  class space    used 5084K, capacity 5459K, committed 5628K, reserved 1048576K
2018-10-23T07:44:28.921+0000: 338.867: [GC (Allocation Failure) 2018-10-23T07:44:28.921+0000: 338.867: [ParNew
Desired survivor size 20112992 bytes, new threshold 8 (max 8)
- age   1:    3824024 bytes,    3824024 total
- age   2:    1392680 bytes,    5216704 total
- age   3:    1286024 bytes,    6502728 total
- age   4:    2730448 bytes,    9233176 total
- age   5:      59912 bytes,    9293088 total
- age   6:     315128 bytes,    9608216 total
- age   7:     251600 bytes,    9859816 total
- age   8:     255368 bytes,   10115184 total
: 96390K->13971K(109248K), 0.0101951 secs] 291740K->209608K(502464K), 0.0102984 secs] [Times: user=0.03 sys=0.00, real=0.01 secs] 
Heap after GC invocations=611 (full 30):
 par new generation   total 109248K, used 13971K [0x00000000e0000000, 0x00000000e8000000, 0x00000000e8000000)
  eden space 87424K,   0% used [0x00000000e0000000, 0x00000000e0000000, 0x00000000e5560000)
  from space 21824K,  64% used [0x00000000e6ab0000, 0x00000000e7854e00, 0x00000000e8000000)
  to   space 21824K,   0% used [0x00000000e5560000, 0x00000000e5560000, 0x00000000e6ab0000)
 concurrent mark-sweep generation total 393216K, used 195636K [0x00000000e8000000, 0x0000000100000000, 0x0000000100000000)
 Metaspace       used 47212K, capacity 48955K, committed 49624K, reserved 1093632K
  class space    used 5084K, capacity 5459K, committed 5628K, reserved 1048576K
}
2018-10-23T07:44:28.932+0000: 338.877: Total time for which application threads were stopped: 0.0108710 seconds, Stopping threads took: 0.0000833 seconds
{Heap before GC invocations=611 (full 30):
 par new generation   total 109248K, used 101395K [0x00000000e0000000, 0x00000000e8000000, 0x00000000e8000000)
  eden space 87424K, 100% used [0x00000000e0000000, 0x00000000e5560000, 0x00000000e5560000)
  from space 21824K,  64% used [0x00000000e6ab0000, 0x00000000e7854e00, 0x00000000e8000000)
  to   space 21824K,   0% used [0x00000000e5560000, 0x00000000e5560000, 0x00000000e6ab0000)
 concurrent mark-sweep generation total 393216K, used 195636K [0x00000000e8000000, 0x0000000100000000, 0x0000000100000000)
 Metaspace       used 47212K, capacity 48955K, committed 49624K, reserved 1093632K
  class space    used 5084K, capacity 5459K, committed 5628K, reserved 1048576K
2018-10-23T07:44:29.062+0000: 339.008: [GC (Allocation Failure) 2018-10-23T07:44:29.062+0000: 339.008: [ParNew
Desired survivor size 20112992 bytes, new threshold 8 (max 8)
- age   1:    3957128 bytes,    3957128 total
- age   2:    2680296 bytes,    6637424 total
- age   3:    1380840 bytes,    8018264 total
- age   4:    1272688 bytes,    9290952 total
- age   5:    2730328 bytes,   12021280 total
- age   6:      59912 bytes,   12081192 total
- age   7:     315128 bytes,   12396320 total
- age   8:     251600 bytes,   12647920 total
: 101395K->16352K(109248K), 0.0073853 secs] 297032K->212238K(502464K), 0.0074815 secs] [Times: user=0.02 sys=0.00, real=0.00 secs] 
Heap after GC invocations=612 (full 30):
 par new generation   total 109248K, used 16352K [0x00000000e0000000, 0x00000000e8000000, 0x00000000e8000000)
  eden space 87424K,   0% used [0x00000000e0000000, 0x00000000e0000000, 0x00000000e5560000)
  from space 21824K,  74% used [0x00000000e5560000, 0x00000000e65580a0, 0x00000000e6ab0000)
  to   space 21824K,   0% used [0x00000000e6ab0000, 0x00000000e6ab0000, 0x00000000e8000000)
 concurrent mark-sweep generation total 393216K, used 195886K [0x00000000e8000000, 0x0000000100000000, 0x0000000100000000)
 Metaspace       used 47212K, capacity 48955K, committed 49624K, reserved 1093632K
  class space    used 5084K, capacity 5459K, committed 5628K, reserved 1048576K
}
2018-10-23T07:44:29.069+0000: 339.015: Total time for which application threads were stopped: 0.0080610 seconds, Stopping threads took: 0.0000856 seconds
2018-10-23T07:44:29.512+0000: 339.458: Total time for which application threads were stopped: 0.0004379 seconds, Stopping threads took: 0.0000799 seconds
2018-10-23T07:44:29.513+0000: 339.459: Total time for which application threads were stopped: 0.0001668 seconds, Stopping threads took: 0.0000381 seconds
2018-10-23T07:44:29.607+0000: 339.553: Total time for which application threads were stopped: 0.0003813 seconds, Stopping threads took: 0.0000768 seconds
2018-10-23T07:44:35.609+0000: 345.555: Total time for which application threads were stopped: 0.0004038 seconds, Stopping threads took: 0.0000831 seconds
2018-10-23T07:44:36.321+0000: 346.266: Total time for which application threads were stopped: 0.0004632 seconds, Stopping threads took: 0.0000961 seconds
{Heap before GC invocations=612 (full 30):
 par new generation   total 109248K, used 103776K [0x00000000e0000000, 0x00000000e8000000, 0x00000000e8000000)
  eden space 87424K, 100% used [0x00000000e0000000, 0x00000000e5560000, 0x00000000e5560000)
  from space 21824K,  74% used [0x00000000e5560000, 0x00000000e65580a0, 0x00000000e6ab0000)
  to   space 21824K,   0% used [0x00000000e6ab0000, 0x00000000e6ab0000, 0x00000000e8000000)
 concurrent mark-sweep generation total 393216K, used 195886K [0x00000000e8000000, 0x0000000100000000, 0x0000000100000000)
 Metaspace       used 47212K, capacity 48955K, committed 49624K, reserved 1093632K
  class space    used 5084K, capacity 5459K, committed 5628K, reserved 1048576K
2018-10-23T07:44:36.325+0000: 346.271: [GC (Allocation Failure) 2018-10-23T07:44:36.325+0000: 346.271: [ParNew
Desired survivor size 20112992 bytes, new threshold 8 (max 8)
- age   1:    2159040 bytes,    2159040 total
- age   4:       3808 bytes,    2162848 total
- age   5:      21744 bytes,    2184592 total
- age   6:    1239248 bytes,    3423840 total
- age   7:      59776 bytes,    3483616 total
- age   8:     315128 bytes,    3798744 total
: 103776K->7491K(109248K), 0.0125192 secs] 299662K->203623K(502464K), 0.0126125 secs] [Times: user=0.02 sys=0.00, real=0.02 secs] 
Heap after GC invocations=613 (full 30):
 par new generation   total 109248K, used 7491K [0x00000000e0000000, 0x00000000e8000000, 0x00000000e8000000)
  eden space 87424K,   0% used [0x00000000e0000000, 0x00000000e0000000, 0x00000000e5560000)
  from space 21824K,  34% used [0x00000000e6ab0000, 0x00000000e7200f30, 0x00000000e8000000)
  to   space 21824K,   0% used [0x00000000e5560000, 0x00000000e5560000, 0x00000000e6ab0000)
 concurrent mark-sweep generation total 393216K, used 196132K [0x00000000e8000000, 0x0000000100000000, 0x0000000100000000)
 Metaspace       used 47212K, capacity 48955K, committed 49624K, reserved 1093632K
  class space    used 5084K, capacity 5459K, committed 5628K, reserved 1048576K
}
2018-10-23T07:44:36.338+0000: 346.284: Total time for which application threads were stopped: 0.0130556 seconds, Stopping threads took: 0.0001111 seconds
{Heap before GC invocations=613 (full 30):
 par new generation   total 109248K, used 94915K [0x00000000e0000000, 0x00000000e8000000, 0x00000000e8000000)
  eden space 87424K, 100% used [0x00000000e0000000, 0x00000000e5560000, 0x00000000e5560000)
  from space 21824K,  34% used [0x00000000e6ab0000, 0x00000000e7200f30, 0x00000000e8000000)
  to   space 21824K,   0% used [0x00000000e5560000, 0x00000000e5560000, 0x00000000e6ab0000)
 concurrent mark-sweep generation total 393216K, used 196132K [0x00000000e8000000, 0x0000000100000000, 0x0000000100000000)
 Metaspace       used 47212K, capacity 48955K, committed 49624K, reserved 1093632K
  class space    used 5084K, capacity 5459K, committed 5628K, reserved 1048576K
2018-10-23T07:44:36.416+0000: 346.362: [GC (Allocation Failure) 2018-10-23T07:44:36.416+0000: 346.362: [ParNew
Desired survivor size 20112992 bytes, new threshold 8 (max 8)
- age   1:     918080 bytes,     918080 total
- age   2:    1801112 bytes,    2719192 total
- age   5:       3808 bytes,    2723000 total
- age   6:      20800 bytes,    2743800 total
- age   7:    1238304 bytes,    3982104 total
- age   8:      59776 bytes,    4041880 total
: 94915K->5469K(109248K), 0.0279214 secs] 291047K->201909K(502464K), 0.0280292 secs] [Times: user=0.04 sys=0.00, real=0.03 secs] 
Heap after GC invocations=614 (full 30):
 par new generation   total 109248K, used 5469K [0x00000000e0000000, 0x00000000e8000000, 0x00000000e8000000)
  eden space 87424K,   0% used [0x00000000e0000000, 0x00000000e0000000, 0x00000000e5560000)
  from space 21824K,  25% used [0x00000000e5560000, 0x00000000e5ab7760, 0x00000000e6ab0000)
  to   space 21824K,   0% used [0x00000000e6ab0000, 0x00000000e6ab0000, 0x00000000e8000000)
 concurrent mark-sweep generation total 393216K, used 196439K [0x00000000e8000000, 0x0000000100000000, 0x0000000100000000)
 Metaspace       used 47212K, capacity 48955K, committed 49624K, reserved 1093632K
  class space    used 5084K, capacity 5459K, committed 5628K, reserved 1048576K
}
2018-10-23T07:44:36.444+0000: 346.390: Total time for which application threads were stopped: 0.0285510 seconds, Stopping threads took: 0.0000788 seconds
{Heap before GC invocations=614 (full 30):
 par new generation   total 109248K, used 92893K [0x00000000e0000000, 0x00000000e8000000, 0x00000000e8000000)
  eden space 87424K, 100% used [0x00000000e0000000, 0x00000000e5560000, 0x00000000e5560000)
  from space 21824K,  25% used [0x00000000e5560000, 0x00000000e5ab7760, 0x00000000e6ab0000)
  to   space 21824K,   0% used [0x00000000e6ab0000, 0x00000000e6ab0000, 0x00000000e8000000)
 concurrent mark-sweep generation total 393216K, used 196439K [0x00000000e8000000, 0x0000000100000000, 0x0000000100000000)
 Metaspace       used 47212K, capacity 48955K, committed 49624K, reserved 1093632K
  class space    used 5084K, capacity 5459K, committed 5628K, reserved 1048576K
2018-10-23T07:44:36.524+0000: 346.470: [GC (Allocation Failure) 2018-10-23T07:44:36.524+0000: 346.470: [ParNew
Desired survivor size 20112992 bytes, new threshold 8 (max 8)
- age   1:    1778632 bytes,    1778632 total
- age   2:     527920 bytes,    2306552 total
- age   3:    1800664 bytes,    4107216 total
- age   6:       3808 bytes,    4111024 total
- age   7:      20800 bytes,    4131824 total
- age   8:    1238304 bytes,    5370128 total
: 92893K->6081K(109248K), 0.0191854 secs] 289333K->202579K(502464K), 0.0192793 secs] [Times: user=0.02 sys=0.00, real=0.02 secs] 
Heap after GC invocations=615 (full 30):
 par new generation   total 109248K, used 6081K [0x00000000e0000000, 0x00000000e8000000, 0x00000000e8000000)
  eden space 87424K,   0% used [0x00000000e0000000, 0x00000000e0000000, 0x00000000e5560000)
  from space 21824K,  27% used [0x00000000e6ab0000, 0x00000000e70a05e0, 0x00000000e8000000)
  to   space 21824K,   0% used [0x00000000e5560000, 0x00000000e5560000, 0x00000000e6ab0000)
 concurrent mark-sweep generation total 393216K, used 196498K [0x00000000e8000000, 0x0000000100000000, 0x0000000100000000)
 Metaspace       used 47212K, capacity 48955K, committed 49624K, reserved 1093632K
  class space    used 5084K, capacity 5459K, committed 5628K, reserved 1048576K
}
2018-10-23T07:44:36.543+0000: 346.489: Total time for which application threads were stopped: 0.0199980 seconds, Stopping threads took: 0.0002481 seconds
{Heap before GC invocations=615 (full 30):
 par new generation   total 109248K, used 93505K [0x00000000e0000000, 0x00000000e8000000, 0x00000000e8000000)
  eden space 87424K, 100% used [0x00000000e0000000, 0x00000000e5560000, 0x00000000e5560000)
  from space 21824K,  27% used [0x00000000e6ab0000, 0x00000000e70a05e0, 0x00000000e8000000)
  to   space 21824K,   0% used [0x00000000e5560000, 0x00000000e5560000, 0x00000000e6ab0000)
 concurrent mark-sweep generation total 393216K, used 196498K [0x00000000e8000000, 0x0000000100000000, 0x0000000100000000)
 Metaspace       used 47212K, capacity 48955K, committed 49624K, reserved 1093632K
  class space    used 5084K, capacity 5459K, committed 5628K, reserved 1048576K
2018-10-23T07:44:36.623+0000: 346.569: [GC (Allocation Failure) 2018-10-23T07:44:36.623+0000: 346.569: [ParNew
Desired survivor size 20112992 bytes, new threshold 8 (max 8)
- age   1:    2386016 bytes,    2386016 total
- age   2:     990072 bytes,    3376088 total
- age   3:     522952 bytes,    3899040 total
- age   4:    1800664 bytes,    5699704 total
- age   7:       3808 bytes,    5703512 total
- age   8:      20800 bytes,    5724312 total
: 93505K->8880K(109248K), 0.0249439 secs] 290003K->206588K(502464K), 0.0250446 secs] [Times: user=0.04 sys=0.00, real=0.02 secs] 
Heap after GC invocations=616 (full 30):
 par new generation   total 109248K, used 8880K [0x00000000e0000000, 0x00000000e8000000, 0x00000000e8000000)
  eden space 87424K,   0% used [0x00000000e0000000, 0x00000000e0000000, 0x00000000e5560000)
  from space 21824K,  40% used [0x00000000e5560000, 0x00000000e5e0c000, 0x00000000e6ab0000)
  to   space 21824K,   0% used [0x00000000e6ab0000, 0x00000000e6ab0000, 0x00000000e8000000)
 concurrent mark-sweep generation total 393216K, used 197708K [0x00000000e8000000, 0x0000000100000000, 0x0000000100000000)
 Metaspace       used 47212K, capacity 48955K, committed 49624K, reserved 1093632K
  class space    used 5084K, capacity 5459K, committed 5628K, reserved 1048576K
}
2018-10-23T07:44:36.648+0000: 346.594: Total time for which application threads were stopped: 0.0260342 seconds, Stopping threads took: 0.0005401 seconds
2018-10-23T07:44:36.669+0000: 346.615: [GC (CMS Initial Mark) [1 CMS-initial-mark: 197708K(393216K)] 228988K(502464K), 0.0083258 secs] [Times: user=0.02 sys=0.00, real=0.01 secs] 
2018-10-23T07:44:36.678+0000: 346.623: Total time for which application threads were stopped: 0.0140786 seconds, Stopping threads took: 0.0053174 seconds
2018-10-23T07:44:36.678+0000: 346.623: [CMS-concurrent-mark-start]
{Heap before GC invocations=616 (full 31):
 par new generation   total 109248K, used 96304K [0x00000000e0000000, 0x00000000e8000000, 0x00000000e8000000)
  eden space 87424K, 100% used [0x00000000e0000000, 0x00000000e5560000, 0x00000000e5560000)
  from space 21824K,  40% used [0x00000000e5560000, 0x00000000e5e0c000, 0x00000000e6ab0000)
  to   space 21824K,   0% used [0x00000000e6ab0000, 0x00000000e6ab0000, 0x00000000e8000000)
 concurrent mark-sweep generation total 393216K, used 197708K [0x00000000e8000000, 0x0000000100000000, 0x0000000100000000)
 Metaspace       used 47212K, capacity 48955K, committed 49624K, reserved 1093632K
  class space    used 5084K, capacity 5459K, committed 5628K, reserved 1048576K
2018-10-23T07:44:36.800+0000: 346.745: [GC (Allocation Failure) 2018-10-23T07:44:36.800+0000: 346.745: [ParNew
Desired survivor size 20112992 bytes, new threshold 8 (max 8)
- age   1:    2781920 bytes,    2781920 total
- age   2:    1199728 bytes,    3981648 total
- age   3:     986272 bytes,    4967920 total
- age   4:     521536 bytes,    5489456 total
- age   5:    1800552 bytes,    7290008 total
- age   8:       3808 bytes,    7293816 total
: 96304K->8149K(109248K), 0.0283172 secs] 294012K->205877K(502464K), 0.0284146 secs] [Times: user=0.05 sys=0.00, real=0.02 secs] 
Heap after GC invocations=617 (full 31):
 par new generation   total 109248K, used 8149K [0x00000000e0000000, 0x00000000e8000000, 0x00000000e8000000)
  eden space 87424K,   0% used [0x00000000e0000000, 0x00000000e0000000, 0x00000000e5560000)
  from space 21824K,  37% used [0x00000000e6ab0000, 0x00000000e72a55e8, 0x00000000e8000000)
  to   space 21824K,   0% used [0x00000000e5560000, 0x00000000e5560000, 0x00000000e6ab0000)
 concurrent mark-sweep generation total 393216K, used 197728K [0x00000000e8000000, 0x0000000100000000, 0x0000000100000000)
 Metaspace       used 47212K, capacity 48955K, committed 49624K, reserved 1093632K
  class space    used 5084K, capacity 5459K, committed 5628K, reserved 1048576K
}
2018-10-23T07:44:36.828+0000: 346.774: Total time for which application threads were stopped: 0.0289488 seconds, Stopping threads took: 0.0000719 seconds
2018-10-23T07:44:36.995+0000: 346.941: [CMS-concurrent-mark: 0.288/0.317 secs] [Times: user=0.72 sys=0.00, real=0.31 secs] 
2018-10-23T07:44:36.995+0000: 346.941: [CMS-concurrent-preclean-start]
2018-10-23T07:44:36.999+0000: 346.945: [CMS-concurrent-preclean: 0.003/0.004 secs] [Times: user=0.00 sys=0.00, real=0.01 secs] 
2018-10-23T07:44:36.999+0000: 346.945: [CMS-concurrent-abortable-preclean-start]
{Heap before GC invocations=617 (full 31):
 par new generation   total 109248K, used 95573K [0x00000000e0000000, 0x00000000e8000000, 0x00000000e8000000)
  eden space 87424K, 100% used [0x00000000e0000000, 0x00000000e5560000, 0x00000000e5560000)
  from space 21824K,  37% used [0x00000000e6ab0000, 0x00000000e72a55e8, 0x00000000e8000000)
  to   space 21824K,   0% used [0x00000000e5560000, 0x00000000e5560000, 0x00000000e6ab0000)
 concurrent mark-sweep generation total 393216K, used 197728K [0x00000000e8000000, 0x0000000100000000, 0x0000000100000000)
 Metaspace       used 47212K, capacity 48955K, committed 49624K, reserved 1093632K
  class space    used 5084K, capacity 5459K, committed 5628K, reserved 1048576K
2018-10-23T07:44:37.010+0000: 346.956: [GC (Allocation Failure) 2018-10-23T07:44:37.010+0000: 346.956: [ParNew
Desired survivor size 20112992 bytes, new threshold 8 (max 8)
- age   1:    2866088 bytes,    2866088 total
- age   2:    1408920 bytes,    4275008 total
- age   3:    1072504 bytes,    5347512 total
- age   4:     982016 bytes,    6329528 total
- age   5:     520480 bytes,    6850008 total
- age   6:    1800552 bytes,    8650560 total
: 95573K->11938K(109248K), 0.0302438 secs] 293301K->209670K(502464K), 0.0303282 secs] [Times: user=0.04 sys=0.00, real=0.03 secs] 
Heap after GC invocations=618 (full 31):
 par new generation   total 109248K, used 11938K [0x00000000e0000000, 0x00000000e8000000, 0x00000000e8000000)
  eden space 87424K,   0% used [0x00000000e0000000, 0x00000000e0000000, 0x00000000e5560000)
  from space 21824K,  54% used [0x00000000e5560000, 0x00000000e6108880, 0x00000000e6ab0000)
  to   space 21824K,   0% used [0x00000000e6ab0000, 0x00000000e6ab0000, 0x00000000e8000000)
 concurrent mark-sweep generation total 393216K, used 197732K [0x00000000e8000000, 0x0000000100000000, 0x0000000100000000)
 Metaspace       used 47212K, capacity 48955K, committed 49624K, reserved 1093632K
  class space    used 5084K, capacity 5459K, committed 5628K, reserved 1048576K
}
2018-10-23T07:44:37.040+0000: 346.986: Total time for which application threads were stopped: 0.0308348 seconds, Stopping threads took: 0.0000590 seconds
{Heap before GC invocations=618 (full 31):
 par new generation   total 109248K, used 99362K [0x00000000e0000000, 0x00000000e8000000, 0x00000000e8000000)
  eden space 87424K, 100% used [0x00000000e0000000, 0x00000000e5560000, 0x00000000e5560000)
  from space 21824K,  54% used [0x00000000e5560000, 0x00000000e6108880, 0x00000000e6ab0000)
  to   space 21824K,   0% used [0x00000000e6ab0000, 0x00000000e6ab0000, 0x00000000e8000000)
 concurrent mark-sweep generation total 393216K, used 197732K [0x00000000e8000000, 0x0000000100000000, 0x0000000100000000)
 Metaspace       used 47213K, capacity 48955K, committed 49624K, reserved 1093632K
  class space    used 5084K, capacity 5459K, committed 5628K, reserved 1048576K
2018-10-23T07:44:37.160+0000: 347.106: [GC (Allocation Failure) 2018-10-23T07:44:37.160+0000: 347.106: [ParNew2018-10-23T07:44:37.176+0000: 347.122: [CMS-concurrent-abortable-preclean: 0.041/0.177 secs] [Times: user=0.34 sys=0.00, real=0.17 secs] 

Desired survivor size 20112992 bytes, new threshold 8 (max 8)
- age   1:    3393584 bytes,    3393584 total
- age   2:    1468896 bytes,    4862480 total
- age   3:    1244656 bytes,    6107136 total
- age   4:     996208 bytes,    7103344 total
- age   5:     976848 bytes,    8080192 total
- age   6:     520088 bytes,    8600280 total
- age   7:    1800288 bytes,   10400568 total
: 99362K->11650K(109248K), 0.0264149 secs] 297094K->209382K(502464K), 0.0265148 secs] [Times: user=0.05 sys=0.00, real=0.02 secs] 
Heap after GC invocations=619 (full 31):
 par new generation   total 109248K, used 11650K [0x00000000e0000000, 0x00000000e8000000, 0x00000000e8000000)
  eden space 87424K,   0% used [0x00000000e0000000, 0x00000000e0000000, 0x00000000e5560000)
  from space 21824K,  53% used [0x00000000e6ab0000, 0x00000000e76109e0, 0x00000000e8000000)
  to   space 21824K,   0% used [0x00000000e5560000, 0x00000000e5560000, 0x00000000e6ab0000)
 concurrent mark-sweep generation total 393216K, used 197732K [0x00000000e8000000, 0x0000000100000000, 0x0000000100000000)
 Metaspace       used 47213K, capacity 48955K, committed 49624K, reserved 1093632K
  class space    used 5084K, capacity 5459K, committed 5628K, reserved 1048576K
}
2018-10-23T07:44:37.187+0000: 347.132: Total time for which application threads were stopped: 0.0271066 seconds, Stopping threads took: 0.0001446 seconds
2018-10-23T07:44:37.190+0000: 347.136: [GC (CMS Final Remark) [YG occupancy: 12811 K (109248 K)]{Heap before GC invocations=619 (full 31):
 par new generation   total 109248K, used 12811K [0x00000000e0000000, 0x00000000e8000000, 0x00000000e8000000)
  eden space 87424K,   1% used [0x00000000e0000000, 0x00000000e0122248, 0x00000000e5560000)
  from space 21824K,  53% used [0x00000000e6ab0000, 0x00000000e76109e0, 0x00000000e8000000)
  to   space 21824K,   0% used [0x00000000e5560000, 0x00000000e5560000, 0x00000000e6ab0000)
 concurrent mark-sweep generation total 393216K, used 197732K [0x00000000e8000000, 0x0000000100000000, 0x0000000100000000)
 Metaspace       used 47213K, capacity 48955K, committed 49624K, reserved 1093632K
  class space    used 5084K, capacity 5459K, committed 5628K, reserved 1048576K
2018-10-23T07:44:37.190+0000: 347.136: [GC (CMS Final Remark) 2018-10-23T07:44:37.190+0000: 347.136: [ParNew
Desired survivor size 20112992 bytes, new threshold 8 (max 8)
- age   1:      25160 bytes,      25160 total
- age   2:    3386272 bytes,    3411432 total
- age   3:    1468896 bytes,    4880328 total
- age   4:    1244656 bytes,    6124984 total
- age   5:     996208 bytes,    7121192 total
- age   6:     976848 bytes,    8098040 total
- age   7:     520088 bytes,    8618128 total
- age   8:    1800288 bytes,   10418416 total
: 12811K->13173K(109248K), 0.0178472 secs] 210543K->210906K(502464K), 0.0179076 secs] [Times: user=0.03 sys=0.00, real=0.01 secs] 
Heap after GC invocations=620 (full 31):
 par new generation   total 109248K, used 13173K [0x00000000e0000000, 0x00000000e8000000, 0x00000000e8000000)
  eden space 87424K,   0% used [0x00000000e0000000, 0x00000000e0000000, 0x00000000e5560000)
  from space 21824K,  60% used [0x00000000e5560000, 0x00000000e623d7f0, 0x00000000e6ab0000)
  to   space 21824K,   0% used [0x00000000e6ab0000, 0x00000000e6ab0000, 0x00000000e8000000)
 concurrent mark-sweep generation total 393216K, used 197732K [0x00000000e8000000, 0x0000000100000000, 0x0000000100000000)
 Metaspace       used 47213K, capacity 48955K, committed 49624K, reserved 1093632K
  class space    used 5084K, capacity 5459K, committed 5628K, reserved 1048576K
}
2018-10-23T07:44:37.208+0000: 347.154: [Rescan (parallel) , 0.0096705 secs]2018-10-23T07:44:37.218+0000: 347.164: [weak refs processing, 0.0173779 secs]2018-10-23T07:44:37.235+0000: 347.181: [class unloading, 0.0142489 secs]2018-10-23T07:44:37.249+0000: 347.195: [scrub symbol table, 0.0070249 secs]2018-10-23T07:44:37.257+0000: 347.202: [scrub string table, 0.0008359 secs][1 CMS-remark: 197732K(393216K)] 210906K(502464K), 0.0674405 secs] [Times: user=0.08 sys=0.00, real=0.06 secs] 
2018-10-23T07:44:37.258+0000: 347.203: Total time for which application threads were stopped: 0.0679272 seconds, Stopping threads took: 0.0000884 seconds
2018-10-23T07:44:37.280+0000: 347.226: [CMS-concurrent-sweep-start]
{Heap before GC invocations=620 (full 31):
 par new generation   total 109248K, used 100597K [0x00000000e0000000, 0x00000000e8000000, 0x00000000e8000000)
  eden space 87424K, 100% used [0x00000000e0000000, 0x00000000e5560000, 0x00000000e5560000)
  from space 21824K,  60% used [0x00000000e5560000, 0x00000000e623d7f0, 0x00000000e6ab0000)
  to   space 21824K,   0% used [0x00000000e6ab0000, 0x00000000e6ab0000, 0x00000000e8000000)
 concurrent mark-sweep generation total 393216K, used 190489K [0x00000000e8000000, 0x0000000100000000, 0x0000000100000000)
 Metaspace       used 47213K, capacity 48955K, committed 49624K, reserved 1093632K
  class space    used 5084K, capacity 5459K, committed 5628K, reserved 1048576K
2018-10-23T07:44:37.362+0000: 347.307: [GC (Allocation Failure) 2018-10-23T07:44:37.362+0000: 347.307: [ParNew
Desired survivor size 20112992 bytes, new threshold 8 (max 8)
- age   1:    4051472 bytes,    4051472 total
- age   2:      15488 bytes,    4066960 total
- age   3:    1934832 bytes,    6001792 total
- age   4:    1249152 bytes,    7250944 total
- age   5:    1123824 bytes,    8374768 total
- age   6:     847920 bytes,    9222688 total
- age   7:     869088 bytes,   10091776 total
- age   8:     469296 bytes,   10561072 total
: 100597K->13524K(109248K), 0.0078332 secs] 291087K->205379K(502464K), 0.0079410 secs] [Times: user=0.02 sys=0.00, real=0.00 secs] 
Heap after GC invocations=621 (full 31):
 par new generation   total 109248K, used 13524K [0x00000000e0000000, 0x00000000e8000000, 0x00000000e8000000)
  eden space 87424K,   0% used [0x00000000e0000000, 0x00000000e0000000, 0x00000000e5560000)
  from space 21824K,  61% used [0x00000000e6ab0000, 0x00000000e77e5300, 0x00000000e8000000)
  to   space 21824K,   0% used [0x00000000e5560000, 0x00000000e5560000, 0x00000000e6ab0000)
 concurrent mark-sweep generation total 393216K, used 191854K [0x00000000e8000000, 0x0000000100000000, 0x0000000100000000)
 Metaspace       used 47213K, capacity 48955K, committed 49624K, reserved 1093632K
  class space    used 5084K, capacity 5459K, committed 5628K, reserved 1048576K
}
2018-10-23T07:44:37.370+0000: 347.315: Total time for which application threads were stopped: 0.0145721 seconds, Stopping threads took: 0.0061484 seconds
2018-10-23T07:44:37.511+0000: 347.457: [CMS-concurrent-sweep: 0.200/0.231 secs] [Times: user=0.53 sys=0.00, real=0.23 secs] 
2018-10-23T07:44:37.511+0000: 347.457: [CMS-concurrent-reset-start]
2018-10-23T07:44:37.512+0000: 347.458: [CMS-concurrent-reset: 0.001/0.001 secs] [Times: user=0.00 sys=0.00, real=0.00 secs] 
{Heap before GC invocations=621 (full 31):
 par new generation   total 109248K, used 100948K [0x00000000e0000000, 0x00000000e8000000, 0x00000000e8000000)
  eden space 87424K, 100% used [0x00000000e0000000, 0x00000000e5560000, 0x00000000e5560000)
  from space 21824K,  61% used [0x00000000e6ab0000, 0x00000000e77e5300, 0x00000000e8000000)
  to   space 21824K,   0% used [0x00000000e5560000, 0x00000000e5560000, 0x00000000e6ab0000)
 concurrent mark-sweep generation total 393216K, used 185149K [0x00000000e8000000, 0x0000000100000000, 0x0000000100000000)
 Metaspace       used 47213K, capacity 48955K, committed 49624K, reserved 1093632K
  class space    used 5084K, capacity 5459K, committed 5628K, reserved 1048576K
2018-10-23T07:44:37.533+0000: 347.479: [GC (Allocation Failure) 2018-10-23T07:44:37.533+0000: 347.479: [ParNew
Desired survivor size 20112992 bytes, new threshold 8 (max 8)
- age   1:    2712768 bytes,    2712768 total
- age   2:    3234912 bytes,    5947680 total
- age   3:      10208 bytes,    5957888 total
- age   4:    1788624 bytes,    7746512 total
- age   5:    1154832 bytes,    8901344 total
- age   6:    1039272 bytes,    9940616 total
- age   7:     737040 bytes,   10677656 total
- age   8:     776808 bytes,   11454464 total
: 100948K->13425K(109248K), 0.0235336 secs] 286098K->198968K(502464K), 0.0236222 secs] [Times: user=0.04 sys=0.00, real=0.02 secs] 
Heap after GC invocations=622 (full 31):
 par new generation   total 109248K, used 13425K [0x00000000e0000000, 0x00000000e8000000, 0x00000000e8000000)
  eden space 87424K,   0% used [0x00000000e0000000, 0x00000000e0000000, 0x00000000e5560000)
  from space 21824K,  61% used [0x00000000e5560000, 0x00000000e627c720, 0x00000000e6ab0000)
  to   space 21824K,   0% used [0x00000000e6ab0000, 0x00000000e6ab0000, 0x00000000e8000000)
 concurrent mark-sweep generation total 393216K, used 185542K [0x00000000e8000000, 0x0000000100000000, 0x0000000100000000)
 Metaspace       used 47213K, capacity 48955K, committed 49624K, reserved 1093632K
  class space    used 5084K, capacity 5459K, committed 5628K, reserved 1048576K
}
2018-10-23T07:44:37.557+0000: 347.503: Total time for which application threads were stopped: 0.0266406 seconds, Stopping threads took: 0.0025523 seconds
{Heap before GC invocations=622 (full 31):
 par new generation   total 109248K, used 100849K [0x00000000e0000000, 0x00000000e8000000, 0x00000000e8000000)
  eden space 87424K, 100% used [0x00000000e0000000, 0x00000000e5560000, 0x00000000e5560000)
  from space 21824K,  61% used [0x00000000e5560000, 0x00000000e627c720, 0x00000000e6ab0000)
  to   space 21824K,   0% used [0x00000000e6ab0000, 0x00000000e6ab0000, 0x00000000e8000000)
 concurrent mark-sweep generation total 393216K, used 185542K [0x00000000e8000000, 0x0000000100000000, 0x0000000100000000)
 Metaspace       used 47213K, capacity 48955K, committed 49624K, reserved 1093632K
  class space    used 5084K, capacity 5459K, committed 5628K, reserved 1048576K
2018-10-23T07:44:37.670+0000: 347.615: [GC (Allocation Failure) 2018-10-23T07:44:37.670+0000: 347.616: [ParNew
Desired survivor size 20112992 bytes, new threshold 8 (max 8)
- age   1:    2331656 bytes,    2331656 total
- age   2:    2212000 bytes,    4543656 total
- age   3:    3145880 bytes,    7689536 total
- age   4:      10208 bytes,    7699744 total
- age   5:    1639032 bytes,    9338776 total
- age   6:    1001232 bytes,   10340008 total
- age   7:     864672 bytes,   11204680 total
- age   8:     638280 bytes,   11842960 total
: 100849K->14595K(109248K), 0.0439883 secs] 286392K->200784K(502464K), 0.0441092 secs] [Times: user=0.04 sys=0.00, real=0.04 secs] 
Heap after GC invocations=623 (full 31):
 par new generation   total 109248K, used 14595K [0x00000000e0000000, 0x00000000e8000000, 0x00000000e8000000)
  eden space 87424K,   0% used [0x00000000e0000000, 0x00000000e0000000, 0x00000000e5560000)
  from space 21824K,  66% used [0x00000000e6ab0000, 0x00000000e78f0fc0, 0x00000000e8000000)
  to   space 21824K,   0% used [0x00000000e5560000, 0x00000000e5560000, 0x00000000e6ab0000)
 concurrent mark-sweep generation total 393216K, used 186188K [0x00000000e8000000, 0x0000000100000000, 0x0000000100000000)
 Metaspace       used 47213K, capacity 48955K, committed 49624K, reserved 1093632K
  class space    used 5084K, capacity 5459K, committed 5628K, reserved 1048576K
}
2018-10-23T07:44:37.714+0000: 347.660: Total time for which application threads were stopped: 0.0507056 seconds, Stopping threads took: 0.0060923 seconds
{Heap before GC invocations=623 (full 31):
 par new generation   total 109248K, used 102019K [0x00000000e0000000, 0x00000000e8000000, 0x00000000e8000000)
  eden space 87424K, 100% used [0x00000000e0000000, 0x00000000e5560000, 0x00000000e5560000)
  from space 21824K,  66% used [0x00000000e6ab0000, 0x00000000e78f0fc0, 0x00000000e8000000)
  to   space 21824K,   0% used [0x00000000e5560000, 0x00000000e5560000, 0x00000000e6ab0000)
 concurrent mark-sweep generation total 393216K, used 186188K [0x00000000e8000000, 0x0000000100000000, 0x0000000100000000)
 Metaspace       used 47213K, capacity 48955K, committed 49624K, reserved 1093632K
  class space    used 5084K, capacity 5459K, committed 5628K, reserved 1048576K
2018-10-23T07:44:37.806+0000: 347.751: [GC (Allocation Failure) 2018-10-23T07:44:37.806+0000: 347.751: [ParNew
Desired survivor size 20112992 bytes, new threshold 8 (max 8)
- age   1:    2595872 bytes,    2595872 total
- age   2:    1374496 bytes,    3970368 total
- age   3:    2153504 bytes,    6123872 total
- age   4:    3143752 bytes,    9267624 total
- age   5:      10208 bytes,    9277832 total
- age   6:    1639032 bytes,   10916864 total
- age   7:    1001232 bytes,   11918096 total
- age   8:     864672 bytes,   12782768 total
: 102019K->16660K(109248K), 0.0245329 secs] 288208K->203472K(502464K), 0.0246243 secs] [Times: user=0.04 sys=0.00, real=0.03 secs] 
Heap after GC invocations=624 (full 31):
 par new generation   total 109248K, used 16660K [0x00000000e0000000, 0x00000000e8000000, 0x00000000e8000000)
  eden space 87424K,   0% used [0x00000000e0000000, 0x00000000e0000000, 0x00000000e5560000)
  from space 21824K,  76% used [0x00000000e5560000, 0x00000000e65a5050, 0x00000000e6ab0000)
  to   space 21824K,   0% used [0x00000000e6ab0000, 0x00000000e6ab0000, 0x00000000e8000000)
 concurrent mark-sweep generation total 393216K, used 186812K [0x00000000e8000000, 0x0000000100000000, 0x0000000100000000)
 Metaspace       used 47213K, capacity 48955K, committed 49624K, reserved 1093632K
  class space    used 5084K, capacity 5459K, committed 5628K, reserved 1048576K
}
2018-10-23T07:44:37.830+0000: 347.776: Total time for which application threads were stopped: 0.0252338 seconds, Stopping threads took: 0.0001343 seconds
{Heap before GC invocations=624 (full 31):
 par new generation   total 109248K, used 104084K [0x00000000e0000000, 0x00000000e8000000, 0x00000000e8000000)
  eden space 87424K, 100% used [0x00000000e0000000, 0x00000000e5560000, 0x00000000e5560000)
  from space 21824K,  76% used [0x00000000e5560000, 0x00000000e65a5050, 0x00000000e6ab0000)
  to   space 21824K,   0% used [0x00000000e6ab0000, 0x00000000e6ab0000, 0x00000000e8000000)
 concurrent mark-sweep generation total 393216K, used 186812K [0x00000000e8000000, 0x0000000100000000, 0x0000000100000000)
 Metaspace       used 47213K, capacity 48955K, committed 49624K, reserved 1093632K
  class space    used 5084K, capacity 5459K, committed 5628K, reserved 1048576K
2018-10-23T07:44:37.942+0000: 347.888: [GC (Allocation Failure) 2018-10-23T07:44:37.942+0000: 347.888: [ParNew
Desired survivor size 20112992 bytes, new threshold 8 (max 8)
- age   1:    3291992 bytes,    3291992 total
- age   2:    1476360 bytes,    4768352 total
- age   3:    1248808 bytes,    6017160 total
- age   4:    2143200 bytes,    8160360 total
- age   5:    3143448 bytes,   11303808 total
- age   6:      10208 bytes,   11314016 total
- age   7:    1639032 bytes,   12953048 total
- age   8:    1001160 bytes,   13954208 total
: 104084K->16780K(109248K), 0.0242897 secs] 290896K->204437K(502464K), 0.0244010 secs] [Times: user=0.04 sys=0.00, real=0.02 secs] 
Heap after GC invocations=625 (full 31):
 par new generation   total 109248K, used 16780K [0x00000000e0000000, 0x00000000e8000000, 0x00000000e8000000)
  eden space 87424K,   0% used [0x00000000e0000000, 0x00000000e0000000, 0x00000000e5560000)
  from space 21824K,  76% used [0x00000000e6ab0000, 0x00000000e7b130e0, 0x00000000e8000000)
  to   space 21824K,   0% used [0x00000000e5560000, 0x00000000e5560000, 0x00000000e6ab0000)
 concurrent mark-sweep generation total 393216K, used 187657K [0x00000000e8000000, 0x0000000100000000, 0x0000000100000000)
 Metaspace       used 47213K, capacity 48955K, committed 49624K, reserved 1093632K
  class space    used 5084K, capacity 5459K, committed 5628K, reserved 1048576K
}
2018-10-23T07:44:37.967+0000: 347.912: Total time for which application threads were stopped: 0.0256615 seconds, Stopping threads took: 0.0007794 seconds
{Heap before GC invocations=625 (full 31):
 par new generation   total 109248K, used 104204K [0x00000000e0000000, 0x00000000e8000000, 0x00000000e8000000)
  eden space 87424K, 100% used [0x00000000e0000000, 0x00000000e5560000, 0x00000000e5560000)
  from space 21824K,  76% used [0x00000000e6ab0000, 0x00000000e7b130e0, 0x00000000e8000000)
  to   space 21824K,   0% used [0x00000000e5560000, 0x00000000e5560000, 0x00000000e6ab0000)
 concurrent mark-sweep generation total 393216K, used 187657K [0x00000000e8000000, 0x0000000100000000, 0x0000000100000000)
 Metaspace       used 47213K, capacity 48955K, committed 49624K, reserved 1093632K
  class space    used 5084K, capacity 5459K, committed 5628K, reserved 1048576K
2018-10-23T07:44:38.082+0000: 348.028: [GC (Allocation Failure) 2018-10-23T07:44:38.082+0000: 348.028: [ParNew
Desired survivor size 20112992 bytes, new threshold 8 (max 8)
- age   1:    3047704 bytes,    3047704 total
- age   2:    2059656 bytes,    5107360 total
- age   3:    1282064 bytes,    6389424 total
- age   4:    1247312 bytes,    7636736 total
- age   5:    2143200 bytes,    9779936 total
- age   6:    3143368 bytes,   12923304 total
- age   7:      10208 bytes,   12933512 total
- age   8:    1639032 bytes,   14572544 total
: 104204K->21148K(109248K), 0.0239430 secs] 291861K->209783K(502464K), 0.0240406 secs] [Times: user=0.04 sys=0.00, real=0.02 secs] 
Heap after GC invocations=626 (full 31):
 par new generation   total 109248K, used 21148K [0x00000000e0000000, 0x00000000e8000000, 0x00000000e8000000)
  eden space 87424K,   0% used [0x00000000e0000000, 0x00000000e0000000, 0x00000000e5560000)
  from space 21824K,  96% used [0x00000000e5560000, 0x00000000e6a071e8, 0x00000000e6ab0000)
  to   space 21824K,   0% used [0x00000000e6ab0000, 0x00000000e6ab0000, 0x00000000e8000000)
 concurrent mark-sweep generation total 393216K, used 188635K [0x00000000e8000000, 0x0000000100000000, 0x0000000100000000)
 Metaspace       used 47213K, capacity 48955K, committed 49624K, reserved 1093632K
  class space    used 5084K, capacity 5459K, committed 5628K, reserved 1048576K
}
2018-10-23T07:44:38.106+0000: 348.052: Total time for which application threads were stopped: 0.0246086 seconds, Stopping threads took: 0.0000726 seconds
{Heap before GC invocations=626 (full 31):
 par new generation   total 109248K, used 108572K [0x00000000e0000000, 0x00000000e8000000, 0x00000000e8000000)
  eden space 87424K, 100% used [0x00000000e0000000, 0x00000000e5560000, 0x00000000e5560000)
  from space 21824K,  96% used [0x00000000e5560000, 0x00000000e6a071e8, 0x00000000e6ab0000)
  to   space 21824K,   0% used [0x00000000e6ab0000, 0x00000000e6ab0000, 0x00000000e8000000)
 concurrent mark-sweep generation total 393216K, used 188635K [0x00000000e8000000, 0x0000000100000000, 0x0000000100000000)
 Metaspace       used 47213K, capacity 48955K, committed 49624K, reserved 1093632K
  class space    used 5084K, capacity 5459K, committed 5628K, reserved 1048576K
2018-10-23T07:44:38.233+0000: 348.179: [GC (Allocation Failure) 2018-10-23T07:44:38.233+0000: 348.179: [ParNew
Desired survivor size 20112992 bytes, new threshold 8 (max 8)
- age   1:    3758144 bytes,    3758144 total
- age   2:    1370408 bytes,    5128552 total
- age   3:    1858720 bytes,    6987272 total
- age   4:    1181384 bytes,    8168656 total
- age   5:    1247312 bytes,    9415968 total
- age   6:    2143056 bytes,   11559024 total
- age   7:    3143144 bytes,   14702168 total
- age   8:      10208 bytes,   14712376 total
: 108572K->18778K(109248K), 0.0181806 secs] 297207K->209014K(502464K), 0.0182971 secs] [Times: user=0.03 sys=0.00, real=0.02 secs] 
Heap after GC invocations=627 (full 31):
 par new generation   total 109248K, used 18778K [0x00000000e0000000, 0x00000000e8000000, 0x00000000e8000000)
  eden space 87424K,   0% used [0x00000000e0000000, 0x00000000e0000000, 0x00000000e5560000)
  from space 21824K,  86% used [0x00000000e6ab0000, 0x00000000e7d06850, 0x00000000e8000000)
  to   space 21824K,   0% used [0x00000000e5560000, 0x00000000e5560000, 0x00000000e6ab0000)
 concurrent mark-sweep generation total 393216K, used 190236K [0x00000000e8000000, 0x0000000100000000, 0x0000000100000000)
 Metaspace       used 47213K, capacity 48955K, committed 49624K, reserved 1093632K
  class space    used 5084K, capacity 5459K, committed 5628K, reserved 1048576K
}
2018-10-23T07:44:38.252+0000: 348.197: Total time for which application threads were stopped: 0.0248365 seconds, Stopping threads took: 0.0060478 seconds
{Heap before GC invocations=627 (full 31):
 par new generation   total 109248K, used 106202K [0x00000000e0000000, 0x00000000e8000000, 0x00000000e8000000)
  eden space 87424K, 100% used [0x00000000e0000000, 0x00000000e5560000, 0x00000000e5560000)
  from space 21824K,  86% used [0x00000000e6ab0000, 0x00000000e7d06850, 0x00000000e8000000)
  to   space 21824K,   0% used [0x00000000e5560000, 0x00000000e5560000, 0x00000000e6ab0000)
 concurrent mark-sweep generation total 393216K, used 190236K [0x00000000e8000000, 0x0000000100000000, 0x0000000100000000)
 Metaspace       used 47214K, capacity 48955K, committed 49624K, reserved 1093632K
  class space    used 5085K, capacity 5459K, committed 5628K, reserved 1048576K
2018-10-23T07:44:38.410+0000: 348.356: [GC (Allocation Failure) 2018-10-23T07:44:38.410+0000: 348.356: [ParNew
Desired survivor size 20112992 bytes, new threshold 8 (max 8)
- age   1:    4302584 bytes,    4302584 total
- age   2:    2151792 bytes,    6454376 total
- age   3:    1198648 bytes,    7653024 total
- age   4:    1592832 bytes,    9245856 total
- age   5:    1030824 bytes,   10276680 total
- age   6:    1137744 bytes,   11414424 total
- age   7:    2050120 bytes,   13464544 total
- age   8:    2777920 bytes,   16242464 total
: 106202K->16817K(109248K), 0.0222848 secs] 296438K->207063K(502464K), 0.0223903 secs] [Times: user=0.04 sys=0.00, real=0.02 secs] 
Heap after GC invocations=628 (full 31):
 par new generation   total 109248K, used 16817K [0x00000000e0000000, 0x00000000e8000000, 0x00000000e8000000)
  eden space 87424K,   0% used [0x00000000e0000000, 0x00000000e0000000, 0x00000000e5560000)
  from space 21824K,  77% used [0x00000000e5560000, 0x00000000e65cc488, 0x00000000e6ab0000)
  to   space 21824K,   0% used [0x00000000e6ab0000, 0x00000000e6ab0000, 0x00000000e8000000)
 concurrent mark-sweep generation total 393216K, used 190246K [0x00000000e8000000, 0x0000000100000000, 0x0000000100000000)
 Metaspace       used 47214K, capacity 48955K, committed 49624K, reserved 1093632K
  class space    used 5085K, capacity 5459K, committed 5628K, reserved 1048576K
}
2018-10-23T07:44:38.433+0000: 348.378: Total time for which application threads were stopped: 0.0297432 seconds, Stopping threads took: 0.0068492 seconds
{Heap before GC invocations=628 (full 31):
 par new generation   total 109248K, used 104241K [0x00000000e0000000, 0x00000000e8000000, 0x00000000e8000000)
  eden space 87424K, 100% used [0x00000000e0000000, 0x00000000e5560000, 0x00000000e5560000)
  from space 21824K,  77% used [0x00000000e5560000, 0x00000000e65cc488, 0x00000000e6ab0000)
  to   space 21824K,   0% used [0x00000000e6ab0000, 0x00000000e6ab0000, 0x00000000e8000000)
 concurrent mark-sweep generation total 393216K, used 190246K [0x00000000e8000000, 0x0000000100000000, 0x0000000100000000)
 Metaspace       used 47214K, capacity 48955K, committed 49624K, reserved 1093632K
  class space    used 5085K, capacity 5459K, committed 5628K, reserved 1048576K
2018-10-23T07:44:38.510+0000: 348.456: [GC (Allocation Failure) 2018-10-23T07:44:38.510+0000: 348.456: [ParNew
Desired survivor size 20112992 bytes, new threshold 8 (max 8)
- age   1:    2603448 bytes,    2603448 total
- age   2:    2037304 bytes,    4640752 total
- age   3:     192432 bytes,    4833184 total
- age   4:     177976 bytes,    5011160 total
- age   5:     210080 bytes,    5221240 total
- age   6:     159120 bytes,    5380360 total
- age   7:     295656 bytes,    5676016 total
- age   8:    1370936 bytes,    7046952 total
: 104241K->13740K(109248K), 0.0361932 secs] 294487K->205908K(502464K), 0.0363122 secs] [Times: user=0.05 sys=0.00, real=0.03 secs] 
Heap after GC invocations=629 (full 31):
 par new generation   total 109248K, used 13740K [0x00000000e0000000, 0x00000000e8000000, 0x00000000e8000000)
  eden space 87424K,   0% used [0x00000000e0000000, 0x00000000e0000000, 0x00000000e5560000)
  from space 21824K,  62% used [0x00000000e6ab0000, 0x00000000e781b3a0, 0x00000000e8000000)
  to   space 21824K,   0% used [0x00000000e5560000, 0x00000000e5560000, 0x00000000e6ab0000)
 concurrent mark-sweep generation total 393216K, used 192167K [0x00000000e8000000, 0x0000000100000000, 0x0000000100000000)
 Metaspace       used 47214K, capacity 48955K, committed 49624K, reserved 1093632K
  class space    used 5085K, capacity 5459K, committed 5628K, reserved 1048576K
}
2018-10-23T07:44:38.546+0000: 348.492: Total time for which application threads were stopped: 0.0451243 seconds, Stopping threads took: 0.0083161 seconds
{Heap before GC invocations=629 (full 31):
 par new generation   total 109248K, used 101164K [0x00000000e0000000, 0x00000000e8000000, 0x00000000e8000000)
  eden space 87424K, 100% used [0x00000000e0000000, 0x00000000e5560000, 0x00000000e5560000)
  from space 21824K,  62% used [0x00000000e6ab0000, 0x00000000e781b3a0, 0x00000000e8000000)
  to   space 21824K,   0% used [0x00000000e5560000, 0x00000000e5560000, 0x00000000e6ab0000)
 concurrent mark-sweep generation total 393216K, used 192167K [0x00000000e8000000, 0x0000000100000000, 0x0000000100000000)
 Metaspace       used 47216K, capacity 48955K, committed 49624K, reserved 1093632K
  class space    used 5085K, capacity 5459K, committed 5628K, reserved 1048576K
2018-10-23T07:44:38.657+0000: 348.603: [GC (Allocation Failure) 2018-10-23T07:44:38.657+0000: 348.603: [ParNew
Desired survivor size 20112992 bytes, new threshold 8 (max 8)
- age   1:    1908600 bytes,    1908600 total
- age   2:    1845048 bytes,    3753648 total
- age   3:    2009720 bytes,    5763368 total
- age   4:     192432 bytes,    5955800 total
- age   5:     177976 bytes,    6133776 total
- age   6:     210080 bytes,    6343856 total
- age   7:     159120 bytes,    6502976 total
- age   8:     233560 bytes,    6736536 total
: 101164K->8269K(109248K), 0.0199218 secs] 293332K->201775K(502464K), 0.0200255 secs] [Times: user=0.03 sys=0.00, real=0.02 secs] 
Heap after GC invocations=630 (full 31):
 par new generation   total 109248K, used 8269K [0x00000000e0000000, 0x00000000e8000000, 0x00000000e8000000)
  eden space 87424K,   0% used [0x00000000e0000000, 0x00000000e0000000, 0x00000000e5560000)
  from space 21824K,  37% used [0x00000000e5560000, 0x00000000e5d736b8, 0x00000000e6ab0000)
  to   space 21824K,   0% used [0x00000000e6ab0000, 0x00000000e6ab0000, 0x00000000e8000000)
 concurrent mark-sweep generation total 393216K, used 193505K [0x00000000e8000000, 0x0000000100000000, 0x0000000100000000)
 Metaspace       used 47216K, capacity 48955K, committed 49624K, reserved 1093632K
  class space    used 5085K, capacity 5459K, committed 5628K, reserved 1048576K
}
2018-10-23T07:44:38.677+0000: 348.623: Total time for which application threads were stopped: 0.0274784 seconds, Stopping threads took: 0.0069978 seconds
{Heap before GC invocations=630 (full 31):
 par new generation   total 109248K, used 95693K [0x00000000e0000000, 0x00000000e8000000, 0x00000000e8000000)
  eden space 87424K, 100% used [0x00000000e0000000, 0x00000000e5560000, 0x00000000e5560000)
  from space 21824K,  37% used [0x00000000e5560000, 0x00000000e5d736b8, 0x00000000e6ab0000)
  to   space 21824K,   0% used [0x00000000e6ab0000, 0x00000000e6ab0000, 0x00000000e8000000)
 concurrent mark-sweep generation total 393216K, used 193505K [0x00000000e8000000, 0x0000000100000000, 0x0000000100000000)
 Metaspace       used 47216K, capacity 48955K, committed 49624K, reserved 1093632K
  class space    used 5085K, capacity 5459K, committed 5628K, reserved 1048576K
2018-10-23T07:44:38.785+0000: 348.731: [GC (Allocation Failure) 2018-10-23T07:44:38.785+0000: 348.731: [ParNew
Desired survivor size 20112992 bytes, new threshold 8 (max 8)
- age   1:    2456336 bytes,    2456336 total
- age   2:    1315080 bytes,    3771416 total
- age   3:    1837736 bytes,    5609152 total
- age   4:    2009288 bytes,    7618440 total
- age   5:     192432 bytes,    7810872 total
- age   6:     177976 bytes,    7988848 total
- age   7:     210080 bytes,    8198928 total
- age   8:     159120 bytes,    8358048 total
: 95693K->10701K(109248K), 0.0576270 secs] 289199K->204435K(502464K), 0.0577416 secs] [Times: user=0.05 sys=0.00, real=0.06 secs] 
Heap after GC invocations=631 (full 31):
 par new generation   total 109248K, used 10701K [0x00000000e0000000, 0x00000000e8000000, 0x00000000e8000000)
  eden space 87424K,   0% used [0x00000000e0000000, 0x00000000e0000000, 0x00000000e5560000)
  from space 21824K,  49% used [0x00000000e6ab0000, 0x00000000e75237a0, 0x00000000e8000000)
  to   space 21824K,   0% used [0x00000000e5560000, 0x00000000e5560000, 0x00000000e6ab0000)
 concurrent mark-sweep generation total 393216K, used 193733K [0x00000000e8000000, 0x0000000100000000, 0x0000000100000000)
 Metaspace       used 47216K, capacity 48955K, committed 49624K, reserved 1093632K
  class space    used 5085K, capacity 5459K, committed 5628K, reserved 1048576K
}
2018-10-23T07:44:38.843+0000: 348.788: Total time for which application threads were stopped: 0.0620757 seconds, Stopping threads took: 0.0038554 seconds
{Heap before GC invocations=631 (full 31):
 par new generation   total 109248K, used 98125K [0x00000000e0000000, 0x00000000e8000000, 0x00000000e8000000)
  eden space 87424K, 100% used [0x00000000e0000000, 0x00000000e5560000, 0x00000000e5560000)
  from space 21824K,  49% used [0x00000000e6ab0000, 0x00000000e75237a0, 0x00000000e8000000)
  to   space 21824K,   0% used [0x00000000e5560000, 0x00000000e5560000, 0x00000000e6ab0000)
 concurrent mark-sweep generation total 393216K, used 193733K [0x00000000e8000000, 0x0000000100000000, 0x0000000100000000)
 Metaspace       used 47216K, capacity 48955K, committed 49624K, reserved 1093632K
  class space    used 5085K, capacity 5459K, committed 5628K, reserved 1048576K
2018-10-23T07:44:38.945+0000: 348.890: [GC (Allocation Failure) 2018-10-23T07:44:38.945+0000: 348.890: [ParNew
Desired survivor size 20112992 bytes, new threshold 8 (max 8)
- age   1:    2897776 bytes,    2897776 total
- age   2:    1217128 bytes,    4114904 total
- age   3:    1209416 bytes,    5324320 total
- age   4:    1830680 bytes,    7155000 total
- age   5:    2009344 bytes,    9164344 total
- age   6:     192432 bytes,    9356776 total
- age   7:     177976 bytes,    9534752 total
- age   8:     210080 bytes,    9744832 total
: 98125K->11474K(109248K), 0.0355923 secs] 291859K->205363K(502464K), 0.0357215 secs] [Times: user=0.04 sys=0.00, real=0.04 secs] 
Heap after GC invocations=632 (full 31):
 par new generation   total 109248K, used 11474K [0x00000000e0000000, 0x00000000e8000000, 0x00000000e8000000)
  eden space 87424K,   0% used [0x00000000e0000000, 0x00000000e0000000, 0x00000000e5560000)
  from space 21824K,  52% used [0x00000000e5560000, 0x00000000e6094890, 0x00000000e6ab0000)
  to   space 21824K,   0% used [0x00000000e6ab0000, 0x00000000e6ab0000, 0x00000000e8000000)
 concurrent mark-sweep generation total 393216K, used 193888K [0x00000000e8000000, 0x0000000100000000, 0x0000000100000000)
 Metaspace       used 47216K, capacity 48955K, committed 49624K, reserved 1093632K
  class space    used 5085K, capacity 5459K, committed 5628K, reserved 1048576K
}
2018-10-23T07:44:38.980+0000: 348.926: Total time for which application threads were stopped: 0.0362947 seconds, Stopping threads took: 0.0000899 seconds
{Heap before GC invocations=632 (full 31):
 par new generation   total 109248K, used 98898K [0x00000000e0000000, 0x00000000e8000000, 0x00000000e8000000)
  eden space 87424K, 100% used [0x00000000e0000000, 0x00000000e5560000, 0x00000000e5560000)
  from space 21824K,  52% used [0x00000000e5560000, 0x00000000e6094890, 0x00000000e6ab0000)
  to   space 21824K,   0% used [0x00000000e6ab0000, 0x00000000e6ab0000, 0x00000000e8000000)
 concurrent mark-sweep generation total 393216K, used 193888K [0x00000000e8000000, 0x0000000100000000, 0x0000000100000000)
 Metaspace       used 47216K, capacity 48955K, committed 49624K, reserved 1093632K
  class space    used 5085K, capacity 5459K, committed 5628K, reserved 1048576K
2018-10-23T07:44:39.070+0000: 349.016: [GC (Allocation Failure) 2018-10-23T07:44:39.070+0000: 349.016: [ParNew
Desired survivor size 20112992 bytes, new threshold 8 (max 8)
- age   1:    3107752 bytes,    3107752 total
- age   2:    1569872 bytes,    4677624 total
- age   3:    1106864 bytes,    5784488 total
- age   4:    1187568 bytes,    6972056 total
- age   5:    1829384 bytes,    8801440 total
- age   6:    2008048 bytes,   10809488 total
- age   7:     192432 bytes,   11001920 total
- age   8:     177976 bytes,   11179896 total
: 98898K->16554K(109248K), 0.0286939 secs] 292787K->210648K(502464K), 0.0288157 secs] [Times: user=0.04 sys=0.00, real=0.03 secs] 
Heap after GC invocations=633 (full 31):
 par new generation   total 109248K, used 16554K [0x00000000e0000000, 0x00000000e8000000, 0x00000000e8000000)
  eden space 87424K,   0% used [0x00000000e0000000, 0x00000000e0000000, 0x00000000e5560000)
  from space 21824K,  75% used [0x00000000e6ab0000, 0x00000000e7ada900, 0x00000000e8000000)
  to   space 21824K,   0% used [0x00000000e5560000, 0x00000000e5560000, 0x00000000e6ab0000)
 concurrent mark-sweep generation total 393216K, used 194094K [0x00000000e8000000, 0x0000000100000000, 0x0000000100000000)
 Metaspace       used 47216K, capacity 48955K, committed 49624K, reserved 1093632K
  class space    used 5085K, capacity 5459K, committed 5628K, reserved 1048576K
}
2018-10-23T07:44:39.099+0000: 349.045: Total time for which application threads were stopped: 0.0294057 seconds, Stopping threads took: 0.0000625 seconds
{Heap before GC invocations=633 (full 31):
 par new generation   total 109248K, used 103978K [0x00000000e0000000, 0x00000000e8000000, 0x00000000e8000000)
  eden space 87424K, 100% used [0x00000000e0000000, 0x00000000e5560000, 0x00000000e5560000)
  from space 21824K,  75% used [0x00000000e6ab0000, 0x00000000e7ada900, 0x00000000e8000000)
  to   space 21824K,   0% used [0x00000000e5560000, 0x00000000e5560000, 0x00000000e6ab0000)
 concurrent mark-sweep generation total 393216K, used 194094K [0x00000000e8000000, 0x0000000100000000, 0x0000000100000000)
 Metaspace       used 47216K, capacity 48955K, committed 49624K, reserved 1093632K
  class space    used 5085K, capacity 5459K, committed 5628K, reserved 1048576K
2018-10-23T07:44:39.219+0000: 349.165: [GC (Allocation Failure) 2018-10-23T07:44:39.219+0000: 349.165: [ParNew
Desired survivor size 20112992 bytes, new threshold 8 (max 8)
- age   1:    3786696 bytes,    3786696 total
- age   2:    1347840 bytes,    5134536 total
- age   3:    1324872 bytes,    6459408 total
- age   4:    1065408 bytes,    7524816 total
- age   5:    1170640 bytes,    8695456 total
- age   6:    1829240 bytes,   10524696 total
- age   7:    2008048 bytes,   12532744 total
- age   8:     192432 bytes,   12725176 total
: 103978K->14396K(109248K), 0.0326774 secs] 298072K->208664K(502464K), 0.0327970 secs] [Times: user=0.06 sys=0.00, real=0.03 secs] 
Heap after GC invocations=634 (full 31):
 par new generation   total 109248K, used 14396K [0x00000000e0000000, 0x00000000e8000000, 0x00000000e8000000)
  eden space 87424K,   0% used [0x00000000e0000000, 0x00000000e0000000, 0x00000000e5560000)
  from space 21824K,  65% used [0x00000000e5560000, 0x00000000e636f0a0, 0x00000000e6ab0000)
  to   space 21824K,   0% used [0x00000000e6ab0000, 0x00000000e6ab0000, 0x00000000e8000000)
 concurrent mark-sweep generation total 393216K, used 194267K [0x00000000e8000000, 0x0000000100000000, 0x0000000100000000)
 Metaspace       used 47216K, capacity 48955K, committed 49624K, reserved 1093632K
  class space    used 5085K, capacity 5459K, committed 5628K, reserved 1048576K
}
2018-10-23T07:44:39.252+0000: 349.198: Total time for which application threads were stopped: 0.0393610 seconds, Stopping threads took: 0.0060786 seconds
{Heap before GC invocations=634 (full 31):
 par new generation   total 109248K, used 101820K [0x00000000e0000000, 0x00000000e8000000, 0x00000000e8000000)
  eden space 87424K, 100% used [0x00000000e0000000, 0x00000000e5560000, 0x00000000e5560000)
  from space 21824K,  65% used [0x00000000e5560000, 0x00000000e636f0a0, 0x00000000e6ab0000)
  to   space 21824K,   0% used [0x00000000e6ab0000, 0x00000000e6ab0000, 0x00000000e8000000)
 concurrent mark-sweep generation total 393216K, used 194267K [0x00000000e8000000, 0x0000000100000000, 0x0000000100000000)
 Metaspace       used 47216K, capacity 48955K, committed 49624K, reserved 1093632K
  class space    used 5085K, capacity 5459K, committed 5628K, reserved 1048576K
2018-10-23T07:44:39.390+0000: 349.336: [GC (Allocation Failure) 2018-10-23T07:44:39.390+0000: 349.336: [ParNew
Desired survivor size 20112992 bytes, new threshold 8 (max 8)
- age   1:    3877528 bytes,    3877528 total
- age   2:    2159440 bytes,    6036968 total
- age   3:    1220000 bytes,    7256968 total
- age   4:    1235384 bytes,    8492352 total
- age   5:     989752 bytes,    9482104 total
- age   6:    1095384 bytes,   10577488 total
- age   7:    1810864 bytes,   12388352 total
- age   8:    1739320 bytes,   14127672 total
: 101820K->21039K(109248K), 0.0448140 secs] 296088K->215495K(502464K), 0.0449288 secs] [Times: user=0.06 sys=0.00, real=0.04 secs] 
Heap after GC invocations=635 (full 31):
 par new generation   total 109248K, used 21039K [0x00000000e0000000, 0x00000000e8000000, 0x00000000e8000000)
  eden space 87424K,   0% used [0x00000000e0000000, 0x00000000e0000000, 0x00000000e5560000)
  from space 21824K,  96% used [0x00000000e6ab0000, 0x00000000e7f3bf40, 0x00000000e8000000)
  to   space 21824K,   0% used [0x00000000e5560000, 0x00000000e5560000, 0x00000000e6ab0000)
 concurrent mark-sweep generation total 393216K, used 194455K [0x00000000e8000000, 0x0000000100000000, 0x0000000100000000)
 Metaspace       used 47216K, capacity 48955K, committed 49624K, reserved 1093632K
  class space    used 5085K, capacity 5459K, committed 5628K, reserved 1048576K
}
2018-10-23T07:44:39.435+0000: 349.381: Total time for which application threads were stopped: 0.0574467 seconds, Stopping threads took: 0.0120138 seconds
{Heap before GC invocations=635 (full 31):
 par new generation   total 109248K, used 108463K [0x00000000e0000000, 0x00000000e8000000, 0x00000000e8000000)
  eden space 87424K, 100% used [0x00000000e0000000, 0x00000000e5560000, 0x00000000e5560000)
  from space 21824K,  96% used [0x00000000e6ab0000, 0x00000000e7f3bf40, 0x00000000e8000000)
  to   space 21824K,   0% used [0x00000000e5560000, 0x00000000e5560000, 0x00000000e6ab0000)
 concurrent mark-sweep generation total 393216K, used 194455K [0x00000000e8000000, 0x0000000100000000, 0x0000000100000000)
 Metaspace       used 47216K, capacity 48955K, committed 49624K, reserved 1093632K
  class space    used 5085K, capacity 5459K, committed 5628K, reserved 1048576K
2018-10-23T07:44:39.530+0000: 349.476: [GC (Allocation Failure) 2018-10-23T07:44:39.530+0000: 349.476: [ParNew
Desired survivor size 20112992 bytes, new threshold 8 (max 8)
- age   1:    3639016 bytes,    3639016 total
- age   2:    2200072 bytes,    5839088 total
- age   3:    1163328 bytes,    7002416 total
- age   4:     640080 bytes,    7642496 total
- age   5:     695176 bytes,    8337672 total
- age   6:     554048 bytes,    8891720 total
- age   7:     548520 bytes,    9440240 total
- age   8:    1634720 bytes,   11074960 total
: 108463K->13677K(109248K), 0.0194815 secs] 302919K->209164K(502464K), 0.0195911 secs] [Times: user=0.02 sys=0.00, real=0.02 secs] 
Heap after GC invocations=636 (full 31):
 par new generation   total 109248K, used 13677K [0x00000000e0000000, 0x00000000e8000000, 0x00000000e8000000)
  eden space 87424K,   0% used [0x00000000e0000000, 0x00000000e0000000, 0x00000000e5560000)
  from space 21824K,  62% used [0x00000000e5560000, 0x00000000e62bb7d8, 0x00000000e6ab0000)
  to   space 21824K,   0% used [0x00000000e6ab0000, 0x00000000e6ab0000, 0x00000000e8000000)
 concurrent mark-sweep generation total 393216K, used 195486K [0x00000000e8000000, 0x0000000100000000, 0x0000000100000000)
 Metaspace       used 47216K, capacity 48955K, committed 49624K, reserved 1093632K
  class space    used 5085K, capacity 5459K, committed 5628K, reserved 1048576K
}
2018-10-23T07:44:39.550+0000: 349.496: Total time for which application threads were stopped: 0.0241394 seconds, Stopping threads took: 0.0040016 seconds
{Heap before GC invocations=636 (full 31):
 par new generation   total 109248K, used 101101K [0x00000000e0000000, 0x00000000e8000000, 0x00000000e8000000)
  eden space 87424K, 100% used [0x00000000e0000000, 0x00000000e5560000, 0x00000000e5560000)
  from space 21824K,  62% used [0x00000000e5560000, 0x00000000e62bb7d8, 0x00000000e6ab0000)
  to   space 21824K,   0% used [0x00000000e6ab0000, 0x00000000e6ab0000, 0x00000000e8000000)
 concurrent mark-sweep generation total 393216K, used 195486K [0x00000000e8000000, 0x0000000100000000, 0x0000000100000000)
 Metaspace       used 47216K, capacity 48955K, committed 49624K, reserved 1093632K
  class space    used 5085K, capacity 5459K, committed 5628K, reserved 1048576K
2018-10-23T07:44:39.666+0000: 349.612: [GC (Allocation Failure) 2018-10-23T07:44:39.666+0000: 349.612: [ParNew
Desired survivor size 20112992 bytes, new threshold 8 (max 8)
- age   1:    2234432 bytes,    2234432 total
- age   2:    2649280 bytes,    4883712 total
- age   3:    2081832 bytes,    6965544 total
- age   4:     963816 bytes,    7929360 total
- age   5:     528912 bytes,    8458272 total
- age   6:     542656 bytes,    9000928 total
- age   7:     414776 bytes,    9415704 total
- age   8:     445952 bytes,    9861656 total
: 101101K->12039K(109248K), 0.0283760 secs] 296588K->209058K(502464K), 0.0284916 secs] [Times: user=0.04 sys=0.00, real=0.03 secs] 
Heap after GC invocations=637 (full 31):
 par new generation   total 109248K, used 12039K [0x00000000e0000000, 0x00000000e8000000, 0x00000000e8000000)
  eden space 87424K,   0% used [0x00000000e0000000, 0x00000000e0000000, 0x00000000e5560000)
  from space 21824K,  55% used [0x00000000e6ab0000, 0x00000000e7671cb8, 0x00000000e8000000)
  to   space 21824K,   0% used [0x00000000e5560000, 0x00000000e5560000, 0x00000000e6ab0000)
 concurrent mark-sweep generation total 393216K, used 197019K [0x00000000e8000000, 0x0000000100000000, 0x0000000100000000)
 Metaspace       used 47216K, capacity 48955K, committed 49624K, reserved 1093632K
  class space    used 5085K, capacity 5459K, committed 5628K, reserved 1048576K
}
2018-10-23T07:44:39.695+0000: 349.641: Total time for which application threads were stopped: 0.0350605 seconds, Stopping threads took: 0.0060690 seconds
2018-10-23T07:44:39.706+0000: 349.652: [GC (CMS Initial Mark) [1 CMS-initial-mark: 197019K(393216K)] 215466K(502464K), 0.0057644 secs] [Times: user=0.01 sys=0.00, real=0.01 secs] 
2018-10-23T07:44:39.712+0000: 349.658: Total time for which application threads were stopped: 0.0076326 seconds, Stopping threads took: 0.0014620 seconds
2018-10-23T07:44:39.712+0000: 349.658: [CMS-concurrent-mark-start]
{Heap before GC invocations=637 (full 32):
 par new generation   total 109248K, used 99463K [0x00000000e0000000, 0x00000000e8000000, 0x00000000e8000000)
  eden space 87424K, 100% used [0x00000000e0000000, 0x00000000e5560000, 0x00000000e5560000)
  from space 21824K,  55% used [0x00000000e6ab0000, 0x00000000e7671cb8, 0x00000000e8000000)
  to   space 21824K,   0% used [0x00000000e5560000, 0x00000000e5560000, 0x00000000e6ab0000)
 concurrent mark-sweep generation total 393216K, used 197019K [0x00000000e8000000, 0x0000000100000000, 0x0000000100000000)
 Metaspace       used 47216K, capacity 48955K, committed 49624K, reserved 1093632K
  class space    used 5085K, capacity 5459K, committed 5628K, reserved 1048576K
2018-10-23T07:44:39.850+0000: 349.796: [GC (Allocation Failure) 2018-10-23T07:44:39.850+0000: 349.796: [ParNew
Desired survivor size 20112992 bytes, new threshold 8 (max 8)
- age   1:    2303728 bytes,    2303728 total
- age   2:    1464944 bytes,    3768672 total
- age   3:    2642440 bytes,    6411112 total
- age   4:    2081776 bytes,    8492888 total
- age   5:     963816 bytes,    9456704 total
- age   6:     528912 bytes,    9985616 total
- age   7:     542656 bytes,   10528272 total
- age   8:     414776 bytes,   10943048 total
: 99463K->16853K(109248K), 0.0212813 secs] 296482K->214308K(502464K), 0.0213796 secs] [Times: user=0.02 sys=0.00, real=0.02 secs] 
Heap after GC invocations=638 (full 32):
 par new generation   total 109248K, used 16853K [0x00000000e0000000, 0x00000000e8000000, 0x00000000e8000000)
  eden space 87424K,   0% used [0x00000000e0000000, 0x00000000e0000000, 0x00000000e5560000)
  from space 21824K,  77% used [0x00000000e5560000, 0x00000000e65d5708, 0x00000000e6ab0000)
  to   space 21824K,   0% used [0x00000000e6ab0000, 0x00000000e6ab0000, 0x00000000e8000000)
 concurrent mark-sweep generation total 393216K, used 197455K [0x00000000e8000000, 0x0000000100000000, 0x0000000100000000)
 Metaspace       used 47216K, capacity 48955K, committed 49624K, reserved 1093632K
  class space    used 5085K, capacity 5459K, committed 5628K, reserved 1048576K
}
2018-10-23T07:44:39.872+0000: 349.817: Total time for which application threads were stopped: 0.0219186 seconds, Stopping threads took: 0.0000583 seconds
2018-10-23T07:44:39.998+0000: 349.944: [CMS-concurrent-mark: 0.264/0.286 secs] [Times: user=0.61 sys=0.00, real=0.29 secs] 
2018-10-23T07:44:39.998+0000: 349.944: [CMS-concurrent-preclean-start]
2018-10-23T07:44:40.016+0000: 349.962: [CMS-concurrent-preclean: 0.017/0.018 secs] [Times: user=0.03 sys=0.00, real=0.01 secs] 
2018-10-23T07:44:40.016+0000: 349.962: [CMS-concurrent-abortable-preclean-start]
{Heap before GC invocations=638 (full 32):
 par new generation   total 109248K, used 104277K [0x00000000e0000000, 0x00000000e8000000, 0x00000000e8000000)
  eden space 87424K, 100% used [0x00000000e0000000, 0x00000000e5560000, 0x00000000e5560000)
  from space 21824K,  77% used [0x00000000e5560000, 0x00000000e65d5708, 0x00000000e6ab0000)
  to   space 21824K,   0% used [0x00000000e6ab0000, 0x00000000e6ab0000, 0x00000000e8000000)
 concurrent mark-sweep generation total 393216K, used 197455K [0x00000000e8000000, 0x0000000100000000, 0x0000000100000000)
 Metaspace       used 47216K, capacity 48955K, committed 49624K, reserved 1093632K
  class space    used 5085K, capacity 5459K, committed 5628K, reserved 1048576K
2018-10-23T07:44:40.024+0000: 349.970: [GC (Allocation Failure) 2018-10-23T07:44:40.024+0000: 349.970: [ParNew
Desired survivor size 20112992 bytes, new threshold 8 (max 8)
- age   1:    2427344 bytes,    2427344 total
- age   2:    1125024 bytes,    3552368 total
- age   3:    1379600 bytes,    4931968 total
- age   4:    2641760 bytes,    7573728 total
- age   5:    2081696 bytes,    9655424 total
- age   6:     963816 bytes,   10619240 total
- age   7:     561696 bytes,   11180936 total
- age   8:     542656 bytes,   11723592 total
: 104277K->15237K(109248K), 0.0409775 secs] 301732K->213098K(502464K), 0.0411230 secs] [Times: user=0.02 sys=0.00, real=0.04 secs] 
Heap after GC invocations=639 (full 32):
 par new generation   total 109248K, used 15237K [0x00000000e0000000, 0x00000000e8000000, 0x00000000e8000000)
  eden space 87424K,   0% used [0x00000000e0000000, 0x00000000e0000000, 0x00000000e5560000)
  from space 21824K,  69% used [0x00000000e6ab0000, 0x00000000e79917c0, 0x00000000e8000000)
  to   space 21824K,   0% used [0x00000000e5560000, 0x00000000e5560000, 0x00000000e6ab0000)
 concurrent mark-sweep generation total 393216K, used 197860K [0x00000000e8000000, 0x0000000100000000, 0x0000000100000000)
 Metaspace       used 47216K, capacity 48955K, committed 49624K, reserved 1093632K
  class space    used 5085K, capacity 5459K, committed 5628K, reserved 1048576K
}
2018-10-23T07:44:40.065+0000: 350.011: Total time for which application threads were stopped: 0.0425185 seconds, Stopping threads took: 0.0008427 seconds
{Heap before GC invocations=639 (full 32):
 par new generation   total 109248K, used 102661K [0x00000000e0000000, 0x00000000e8000000, 0x00000000e8000000)
  eden space 87424K, 100% used [0x00000000e0000000, 0x00000000e5560000, 0x00000000e5560000)
  from space 21824K,  69% used [0x00000000e6ab0000, 0x00000000e79917c0, 0x00000000e8000000)
  to   space 21824K,   0% used [0x00000000e5560000, 0x00000000e5560000, 0x00000000e6ab0000)
 concurrent mark-sweep generation total 393216K, used 197860K [0x00000000e8000000, 0x0000000100000000, 0x0000000100000000)
 Metaspace       used 47216K, capacity 48955K, committed 49624K, reserved 1093632K
  class space    used 5085K, capacity 5459K, committed 5628K, reserved 1048576K
2018-10-23T07:44:40.184+0000: 350.130: [GC (Allocation Failure) 2018-10-23T07:44:40.184+0000: 350.130: [ParNew
Desired survivor size 20112992 bytes, new threshold 8 (max 8)
- age   1:    3161808 bytes,    3161808 total
- age   2:    1174552 bytes,    4336360 total
- age   3:     982976 bytes,    5319336 total
- age   4:    1304976 bytes,    6624312 total
- age   5:    2641616 bytes,    9265928 total
- age   6:    2081408 bytes,   11347336 total
- age   7:     963816 bytes,   12311152 total
- age   8:     528912 bytes,   12840064 total
: 102661K->15265K(109248K), 0.0227470 secs] 300522K->213655K(502464K), 0.0228529 secs] [Times: user=0.04 sys=0.00, real=0.02 secs] 
Heap after GC invocations=640 (full 32):
 par new generation   total 109248K, used 15265K [0x00000000e0000000, 0x00000000e8000000, 0x00000000e8000000)
  eden space 87424K,   0% used [0x00000000e0000000, 0x00000000e0000000, 0x00000000e5560000)
  from space 21824K,  69% used [0x00000000e5560000, 0x00000000e6448660, 0x00000000e6ab0000)
  to   space 21824K,   0% used [0x00000000e6ab0000, 0x00000000e6ab0000, 0x00000000e8000000)
 concurrent mark-sweep generation total 393216K, used 198390K [0x00000000e8000000, 0x0000000100000000, 0x0000000100000000)
 Metaspace       used 47216K, capacity 48955K, committed 49624K, reserved 1093632K
  class space    used 5085K, capacity 5459K, committed 5628K, reserved 1048576K
}
2018-10-23T07:44:40.207+0000: 350.153: Total time for which application threads were stopped: 0.0293444 seconds, Stopping threads took: 0.0060195 seconds
2018-10-23T07:44:40.207+0000: 350.153: [CMS-concurrent-abortable-preclean: 0.104/0.191 secs] [Times: user=0.32 sys=0.00, real=0.19 secs] 
2018-10-23T07:44:40.208+0000: 350.154: [GC (CMS Final Remark) [YG occupancy: 16015 K (109248 K)]{Heap before GC invocations=640 (full 32):
 par new generation   total 109248K, used 16015K [0x00000000e0000000, 0x00000000e8000000, 0x00000000e8000000)
  eden space 87424K,   0% used [0x00000000e0000000, 0x00000000e00bb838, 0x00000000e5560000)
  from space 21824K,  69% used [0x00000000e5560000, 0x00000000e6448660, 0x00000000e6ab0000)
  to   space 21824K,   0% used [0x00000000e6ab0000, 0x00000000e6ab0000, 0x00000000e8000000)
 concurrent mark-sweep generation total 393216K, used 198390K [0x00000000e8000000, 0x0000000100000000, 0x0000000100000000)
 Metaspace       used 47216K, capacity 48955K, committed 49624K, reserved 1093632K
  class space    used 5085K, capacity 5459K, committed 5628K, reserved 1048576K
2018-10-23T07:44:40.208+0000: 350.154: [GC (CMS Final Remark) 2018-10-23T07:44:40.208+0000: 350.154: [ParNew
Desired survivor size 20112992 bytes, new threshold 8 (max 8)
- age   1:       7248 bytes,       7248 total
- age   2:    3140904 bytes,    3148152 total
- age   3:    1174552 bytes,    4322704 total
- age   4:     982976 bytes,    5305680 total
- age   5:    1304976 bytes,    6610656 total
- age   6:    2641616 bytes,    9252272 total
- age   7:    2081408 bytes,   11333680 total
- age   8:     963816 bytes,   12297496 total
: 16015K->16188K(109248K), 0.0148009 secs] 214405K->215095K(502464K), 0.0148578 secs] [Times: user=0.03 sys=0.00, real=0.02 secs] 
Heap after GC invocations=641 (full 32):
 par new generation   total 109248K, used 16188K [0x00000000e0000000, 0x00000000e8000000, 0x00000000e8000000)
  eden space 87424K,   0% used [0x00000000e0000000, 0x00000000e0000000, 0x00000000e5560000)
  from space 21824K,  74% used [0x00000000e6ab0000, 0x00000000e7a7f0c0, 0x00000000e8000000)
  to   space 21824K,   0% used [0x00000000e5560000, 0x00000000e5560000, 0x00000000e6ab0000)
 concurrent mark-sweep generation total 393216K, used 198906K [0x00000000e8000000, 0x0000000100000000, 0x0000000100000000)
 Metaspace       used 47216K, capacity 48955K, committed 49624K, reserved 1093632K
  class space    used 5085K, capacity 5459K, committed 5628K, reserved 1048576K
}
2018-10-23T07:44:40.223+0000: 350.168: [Rescan (parallel) , 0.0029292 secs]2018-10-23T07:44:40.226+0000: 350.171: [weak refs processing, 0.0232195 secs]2018-10-23T07:44:40.249+0000: 350.195: [class unloading, 0.0142892 secs]2018-10-23T07:44:40.263+0000: 350.209: [scrub symbol table, 0.0067680 secs]2018-10-23T07:44:40.270+0000: 350.216: [scrub string table, 0.0008364 secs][1 CMS-remark: 198906K(393216K)] 215095K(502464K), 0.0632227 secs] [Times: user=0.10 sys=0.00, real=0.07 secs] 
2018-10-23T07:44:40.271+0000: 350.217: Total time for which application threads were stopped: 0.0636868 seconds, Stopping threads took: 0.0000661 seconds
2018-10-23T07:44:40.278+0000: 350.223: [CMS-concurrent-sweep-start]
{Heap before GC invocations=641 (full 32):
 par new generation   total 109248K, used 103612K [0x00000000e0000000, 0x00000000e8000000, 0x00000000e8000000)
  eden space 87424K, 100% used [0x00000000e0000000, 0x00000000e5560000, 0x00000000e5560000)
  from space 21824K,  74% used [0x00000000e6ab0000, 0x00000000e7a7f0c0, 0x00000000e8000000)
  to   space 21824K,   0% used [0x00000000e5560000, 0x00000000e5560000, 0x00000000e6ab0000)
 concurrent mark-sweep generation total 393216K, used 193411K [0x00000000e8000000, 0x0000000100000000, 0x0000000100000000)
 Metaspace       used 47216K, capacity 48955K, committed 49624K, reserved 1093632K
  class space    used 5085K, capacity 5459K, committed 5628K, reserved 1048576K
2018-10-23T07:44:40.387+0000: 350.333: [GC (Allocation Failure) 2018-10-23T07:44:40.387+0000: 350.333: [ParNew
Desired survivor size 20112992 bytes, new threshold 8 (max 8)
- age   1:    2784648 bytes,    2784648 total
- age   2:         64 bytes,    2784712 total
- age   3:    1910576 bytes,    4695288 total
- age   4:    1054096 bytes,    5749384 total
- age   5:     921536 bytes,    6670920 total
- age   6:    1211560 bytes,    7882480 total
- age   7:    2611696 bytes,   10494176 total
- age   8:     909800 bytes,   11403976 total
: 103612K->14403K(109248K), 0.0205315 secs] 297023K->208222K(502464K), 0.0206489 secs] [Times: user=0.04 sys=0.00, real=0.02 secs] 
Heap after GC invocations=642 (full 32):
 par new generation   total 109248K, used 14403K [0x00000000e0000000, 0x00000000e8000000, 0x00000000e8000000)
  eden space 87424K,   0% used [0x00000000e0000000, 0x00000000e0000000, 0x00000000e5560000)
  from space 21824K,  65% used [0x00000000e5560000, 0x00000000e6370c00, 0x00000000e6ab0000)
  to   space 21824K,   0% used [0x00000000e6ab0000, 0x00000000e6ab0000, 0x00000000e8000000)
 concurrent mark-sweep generation total 393216K, used 193819K [0x00000000e8000000, 0x0000000100000000, 0x0000000100000000)
 Metaspace       used 47216K, capacity 48955K, committed 49624K, reserved 1093632K
  class space    used 5085K, capacity 5459K, committed 5628K, reserved 1048576K
}
2018-10-23T07:44:40.408+0000: 350.354: Total time for which application threads were stopped: 0.0272451 seconds, Stopping threads took: 0.0061246 seconds
2018-10-23T07:44:40.495+0000: 350.441: [CMS-concurrent-sweep: 0.190/0.218 secs] [Times: user=0.51 sys=0.00, real=0.21 secs] 
2018-10-23T07:44:40.496+0000: 350.441: [CMS-concurrent-reset-start]
2018-10-23T07:44:40.497+0000: 350.442: [CMS-concurrent-reset: 0.001/0.001 secs] [Times: user=0.01 sys=0.00, real=0.00 secs] 
{Heap before GC invocations=642 (full 32):
 par new generation   total 109248K, used 101797K [0x00000000e0000000, 0x00000000e8000000, 0x00000000e8000000)
  eden space 87424K,  99% used [0x00000000e0000000, 0x00000000e5558bc0, 0x00000000e5560000)
  from space 21824K,  65% used [0x00000000e5560000, 0x00000000e6370c00, 0x00000000e6ab0000)
  to   space 21824K,   0% used [0x00000000e6ab0000, 0x00000000e6ab0000, 0x00000000e8000000)
 concurrent mark-sweep generation total 393216K, used 187824K [0x00000000e8000000, 0x0000000100000000, 0x0000000100000000)
 Metaspace       used 47216K, capacity 48955K, committed 49624K, reserved 1093632K
  class space    used 5085K, capacity 5459K, committed 5628K, reserved 1048576K
2018-10-23T07:44:40.526+0000: 350.472: [GC (Allocation Failure) 2018-10-23T07:44:40.526+0000: 350.472: [ParNew
Desired survivor size 20112992 bytes, new threshold 8 (max 8)
- age   1:    3935736 bytes,    3935736 total
- age   2:    1814192 bytes,    5749928 total
- age   3:         64 bytes,    5749992 total
- age   4:    1075984 bytes,    6825976 total
- age   5:     482632 bytes,    7308608 total
- age   6:     515208 bytes,    7823816 total
- age   7:     719336 bytes,    8543152 total
- age   8:    1996920 bytes,   10540072 total
: 101797K->13447K(109248K), 0.0247122 secs] 289622K->201744K(502464K), 0.0248189 secs] [Times: user=0.05 sys=0.00, real=0.03 secs] 
Heap after GC invocations=643 (full 32):
 par new generation   total 109248K, used 13447K [0x00000000e0000000, 0x00000000e8000000, 0x00000000e8000000)
  eden space 87424K,   0% used [0x00000000e0000000, 0x00000000e0000000, 0x00000000e5560000)
  from space 21824K,  61% used [0x00000000e6ab0000, 0x00000000e77d1da0, 0x00000000e8000000)
  to   space 21824K,   0% used [0x00000000e5560000, 0x00000000e5560000, 0x00000000e6ab0000)
 concurrent mark-sweep generation total 393216K, used 188297K [0x00000000e8000000, 0x0000000100000000, 0x0000000100000000)
 Metaspace       used 47216K, capacity 48955K, committed 49624K, reserved 1093632K
  class space    used 5085K, capacity 5459K, committed 5628K, reserved 1048576K
}
2018-10-23T07:44:40.551+0000: 350.497: Total time for which application threads were stopped: 0.0297551 seconds, Stopping threads took: 0.0044460 seconds
{Heap before GC invocations=643 (full 32):
 par new generation   total 109248K, used 100871K [0x00000000e0000000, 0x00000000e8000000, 0x00000000e8000000)
  eden space 87424K, 100% used [0x00000000e0000000, 0x00000000e5560000, 0x00000000e5560000)
  from space 21824K,  61% used [0x00000000e6ab0000, 0x00000000e77d1da0, 0x00000000e8000000)
  to   space 21824K,   0% used [0x00000000e5560000, 0x00000000e5560000, 0x00000000e6ab0000)
 concurrent mark-sweep generation total 393216K, used 188297K [0x00000000e8000000, 0x0000000100000000, 0x0000000100000000)
 Metaspace       used 47216K, capacity 48955K, committed 49624K, reserved 1093632K
  class space    used 5085K, capacity 5459K, committed 5628K, reserved 1048576K
2018-10-23T07:44:40.654+0000: 350.600: [GC (Allocation Failure) 2018-10-23T07:44:40.654+0000: 350.600: [ParNew
Desired survivor size 20112992 bytes, new threshold 8 (max 8)
- age   1:    3276288 bytes,    3276288 total
- age   2:    2664040 bytes,    5940328 total
- age   3:    1115584 bytes,    7055912 total
- age   4:         64 bytes,    7055976 total
- age   5:     423200 bytes,    7479176 total
- age   6:     255936 bytes,    7735112 total
- age   7:     247048 bytes,    7982160 total
- age   8:     369680 bytes,    8351840 total
: 100871K->10707K(109248K), 0.0405930 secs] 289168K->200534K(502464K), 0.0407149 secs] [Times: user=0.04 sys=0.00, real=0.04 secs] 
Heap after GC invocations=644 (full 32):
 par new generation   total 109248K, used 10707K [0x00000000e0000000, 0x00000000e8000000, 0x00000000e8000000)
  eden space 87424K,   0% used [0x00000000e0000000, 0x00000000e0000000, 0x00000000e5560000)
  from space 21824K,  49% used [0x00000000e5560000, 0x00000000e5fd4e80, 0x00000000e6ab0000)
  to   space 21824K,   0% used [0x00000000e6ab0000, 0x00000000e6ab0000, 0x00000000e8000000)
 concurrent mark-sweep generation total 393216K, used 189826K [0x00000000e8000000, 0x0000000100000000, 0x0000000100000000)
 Metaspace       used 47216K, capacity 48955K, committed 49624K, reserved 1093632K
  class space    used 5085K, capacity 5459K, committed 5628K, reserved 1048576K
}
2018-10-23T07:44:40.695+0000: 350.641: Total time for which application threads were stopped: 0.0435065 seconds, Stopping threads took: 0.0022931 seconds
{Heap before GC invocations=644 (full 32):
 par new generation   total 109248K, used 98131K [0x00000000e0000000, 0x00000000e8000000, 0x00000000e8000000)
  eden space 87424K, 100% used [0x00000000e0000000, 0x00000000e5560000, 0x00000000e5560000)
  from space 21824K,  49% used [0x00000000e5560000, 0x00000000e5fd4e80, 0x00000000e6ab0000)
  to   space 21824K,   0% used [0x00000000e6ab0000, 0x00000000e6ab0000, 0x00000000e8000000)
 concurrent mark-sweep generation total 393216K, used 189826K [0x00000000e8000000, 0x0000000100000000, 0x0000000100000000)
 Metaspace       used 47218K, capacity 48955K, committed 49624K, reserved 1093632K
  class space    used 5085K, capacity 5459K, committed 5628K, reserved 1048576K
2018-10-23T07:44:41.010+0000: 350.956: [GC (Allocation Failure) 2018-10-23T07:44:41.010+0000: 350.956: [ParNew
Desired survivor size 20112992 bytes, new threshold 8 (max 8)
- age   1:    2763224 bytes,    2763224 total
- age   2:    2170040 bytes,    4933264 total
- age   3:    2637064 bytes,    7570328 total
- age   4:    1115224 bytes,    8685552 total
- age   5:         64 bytes,    8685616 total
- age   6:     423200 bytes,    9108816 total
- age   7:     255936 bytes,    9364752 total
- age   8:     247048 bytes,    9611800 total
: 98131K->13191K(109248K), 0.0398734 secs] 287958K->203378K(502464K), 0.0399861 secs] [Times: user=0.05 sys=0.00, real=0.04 secs] 
Heap after GC invocations=645 (full 32):
 par new generation   total 109248K, used 13191K [0x00000000e0000000, 0x00000000e8000000, 0x00000000e8000000)
  eden space 87424K,   0% used [0x00000000e0000000, 0x00000000e0000000, 0x00000000e5560000)
  from space 21824K,  60% used [0x00000000e6ab0000, 0x00000000e7791c00, 0x00000000e8000000)
  to   space 21824K,   0% used [0x00000000e5560000, 0x00000000e5560000, 0x00000000e6ab0000)
 concurrent mark-sweep generation total 393216K, used 190187K [0x00000000e8000000, 0x0000000100000000, 0x0000000100000000)
 Metaspace       used 47218K, capacity 48955K, committed 49624K, reserved 1093632K
  class space    used 5085K, capacity 5459K, committed 5628K, reserved 1048576K
}
2018-10-23T07:44:41.050+0000: 350.996: Total time for which application threads were stopped: 0.0405500 seconds, Stopping threads took: 0.0000845 seconds
{Heap before GC invocations=645 (full 32):
 par new generation   total 109248K, used 100615K [0x00000000e0000000, 0x00000000e8000000, 0x00000000e8000000)
  eden space 87424K, 100% used [0x00000000e0000000, 0x00000000e5560000, 0x00000000e5560000)
  from space 21824K,  60% used [0x00000000e6ab0000, 0x00000000e7791c00, 0x00000000e8000000)
  to   space 21824K,   0% used [0x00000000e5560000, 0x00000000e5560000, 0x00000000e6ab0000)
 concurrent mark-sweep generation total 393216K, used 190187K [0x00000000e8000000, 0x0000000100000000, 0x0000000100000000)
 Metaspace       used 47218K, capacity 48955K, committed 49624K, reserved 1093632K
  class space    used 5085K, capacity 5459K, committed 5628K, reserved 1048576K
2018-10-23T07:44:41.385+0000: 351.331: [GC (Allocation Failure) 2018-10-23T07:44:41.385+0000: 351.331: [ParNew
Desired survivor size 20112992 bytes, new threshold 8 (max 8)
- age   1:    4162440 bytes,    4162440 total
- age   2:    1676312 bytes,    5838752 total
- age   3:    1919264 bytes,    7758016 total
- age   4:    2522112 bytes,   10280128 total
- age   5:     857128 bytes,   11137256 total
- age   6:         64 bytes,   11137320 total
- age   7:     423200 bytes,   11560520 total
- age   8:     255936 bytes,   11816456 total
: 100615K->12702K(109248K), 0.0136031 secs] 290802K->203131K(502464K), 0.0137270 secs] [Times: user=0.03 sys=0.00, real=0.02 secs] 
Heap after GC invocations=646 (full 32):
 par new generation   total 109248K, used 12702K [0x00000000e0000000, 0x00000000e8000000, 0x00000000e8000000)
  eden space 87424K,   0% used [0x00000000e0000000, 0x00000000e0000000, 0x00000000e5560000)
  from space 21824K,  58% used [0x00000000e5560000, 0x00000000e61c7b10, 0x00000000e6ab0000)
  to   space 21824K,   0% used [0x00000000e6ab0000, 0x00000000e6ab0000, 0x00000000e8000000)
 concurrent mark-sweep generation total 393216K, used 190428K [0x00000000e8000000, 0x0000000100000000, 0x0000000100000000)
 Metaspace       used 47218K, capacity 48955K, committed 49624K, reserved 1093632K
  class space    used 5085K, capacity 5459K, committed 5628K, reserved 1048576K
}
2018-10-23T07:44:41.399+0000: 351.345: Total time for which application threads were stopped: 0.0143514 seconds, Stopping threads took: 0.0001614 seconds
2018-10-23T07:44:46.955+0000: 356.900: Total time for which application threads were stopped: 0.0043647 seconds, Stopping threads took: 0.0001597 seconds
2018-10-23T07:44:46.990+0000: 356.936: Total time for which application threads were stopped: 0.0074218 seconds, Stopping threads took: 0.0070772 seconds
2018-10-23T07:44:46.997+0000: 356.943: Total time for which application threads were stopped: 0.0035599 seconds, Stopping threads took: 0.0032697 seconds
{Heap before GC invocations=646 (full 32):
 par new generation   total 109248K, used 100126K [0x00000000e0000000, 0x00000000e8000000, 0x00000000e8000000)
  eden space 87424K, 100% used [0x00000000e0000000, 0x00000000e5560000, 0x00000000e5560000)
  from space 21824K,  58% used [0x00000000e5560000, 0x00000000e61c7b10, 0x00000000e6ab0000)
  to   space 21824K,   0% used [0x00000000e6ab0000, 0x00000000e6ab0000, 0x00000000e8000000)
 concurrent mark-sweep generation total 393216K, used 190428K [0x00000000e8000000, 0x0000000100000000, 0x0000000100000000)
 Metaspace       used 47219K, capacity 48955K, committed 49624K, reserved 1093632K
  class space    used 5085K, capacity 5459K, committed 5628K, reserved 1048576K
2018-10-23T07:44:47.033+0000: 356.978: [GC (Allocation Failure) 2018-10-23T07:44:47.033+0000: 356.978: [ParNew
Desired survivor size 20112992 bytes, new threshold 8 (max 8)
- age   1:    3597240 bytes,    3597240 total
- age   2:     950992 bytes,    4548232 total
- age   3:     248256 bytes,    4796488 total
- age   4:     652280 bytes,    5448768 total
- age   5:    1094368 bytes,    6543136 total
- age   6:     480600 bytes,    7023736 total
- age   7:         64 bytes,    7023800 total
- age   8:     423200 bytes,    7447000 total
: 100126K->9785K(109248K), 0.0166073 secs] 290555K->200463K(502464K), 0.0167157 secs] [Times: user=0.03 sys=0.00, real=0.01 secs] 
Heap after GC invocations=647 (full 32):
 par new generation   total 109248K, used 9785K [0x00000000e0000000, 0x00000000e8000000, 0x00000000e8000000)
  eden space 87424K,   0% used [0x00000000e0000000, 0x00000000e0000000, 0x00000000e5560000)
  from space 21824K,  44% used [0x00000000e6ab0000, 0x00000000e743e5c0, 0x00000000e8000000)
  to   space 21824K,   0% used [0x00000000e5560000, 0x00000000e5560000, 0x00000000e6ab0000)
 concurrent mark-sweep generation total 393216K, used 190678K [0x00000000e8000000, 0x0000000100000000, 0x0000000100000000)
 Metaspace       used 47219K, capacity 48955K, committed 49624K, reserved 1093632K
  class space    used 5085K, capacity 5459K, committed 5628K, reserved 1048576K
}
2018-10-23T07:44:47.049+0000: 356.995: Total time for which application threads were stopped: 0.0260919 seconds, Stopping threads took: 0.0088976 seconds
{Heap before GC invocations=647 (full 32):
 par new generation   total 109248K, used 97209K [0x00000000e0000000, 0x00000000e8000000, 0x00000000e8000000)
  eden space 87424K, 100% used [0x00000000e0000000, 0x00000000e5560000, 0x00000000e5560000)
  from space 21824K,  44% used [0x00000000e6ab0000, 0x00000000e743e5c0, 0x00000000e8000000)
  to   space 21824K,   0% used [0x00000000e5560000, 0x00000000e5560000, 0x00000000e6ab0000)
 concurrent mark-sweep generation total 393216K, used 190678K [0x00000000e8000000, 0x0000000100000000, 0x0000000100000000)
 Metaspace       used 47219K, capacity 48955K, committed 49624K, reserved 1093632K
  class space    used 5085K, capacity 5459K, committed 5628K, reserved 1048576K
2018-10-23T07:44:47.136+0000: 357.082: [GC (Allocation Failure) 2018-10-23T07:44:47.136+0000: 357.082: [ParNew
Desired survivor size 20112992 bytes, new threshold 8 (max 8)
- age   1:    2038048 bytes,    2038048 total
- age   2:    2521304 bytes,    4559352 total
- age   3:     950992 bytes,    5510344 total
- age   4:     248256 bytes,    5758600 total
- age   5:     651368 bytes,    6409968 total
- age   6:    1093456 bytes,    7503424 total
- age   7:     480600 bytes,    7984024 total
- age   8:         64 bytes,    7984088 total
: 97209K->10347K(109248K), 0.0150743 secs] 287887K->201438K(502464K), 0.0151764 secs] [Times: user=0.02 sys=0.00, real=0.02 secs] 
Heap after GC invocations=648 (full 32):
 par new generation   total 109248K, used 10347K [0x00000000e0000000, 0x00000000e8000000, 0x00000000e8000000)
  eden space 87424K,   0% used [0x00000000e0000000, 0x00000000e0000000, 0x00000000e5560000)
  from space 21824K,  47% used [0x00000000e5560000, 0x00000000e5f7ac40, 0x00000000e6ab0000)
  to   space 21824K,   0% used [0x00000000e6ab0000, 0x00000000e6ab0000, 0x00000000e8000000)
 concurrent mark-sweep generation total 393216K, used 191091K [0x00000000e8000000, 0x0000000100000000, 0x0000000100000000)
 Metaspace       used 47219K, capacity 48955K, committed 49624K, reserved 1093632K
  class space    used 5085K, capacity 5459K, committed 5628K, reserved 1048576K
}
2018-10-23T07:44:47.151+0000: 357.097: Total time for which application threads were stopped: 0.0217110 seconds, Stopping threads took: 0.0060786 seconds
{Heap before GC invocations=648 (full 32):
 par new generation   total 109248K, used 97771K [0x00000000e0000000, 0x00000000e8000000, 0x00000000e8000000)
  eden space 87424K, 100% used [0x00000000e0000000, 0x00000000e5560000, 0x00000000e5560000)
  from space 21824K,  47% used [0x00000000e5560000, 0x00000000e5f7ac40, 0x00000000e6ab0000)
  to   space 21824K,   0% used [0x00000000e6ab0000, 0x00000000e6ab0000, 0x00000000e8000000)
 concurrent mark-sweep generation total 393216K, used 191091K [0x00000000e8000000, 0x0000000100000000, 0x0000000100000000)
 Metaspace       used 47219K, capacity 48955K, committed 49624K, reserved 1093632K
  class space    used 5085K, capacity 5459K, committed 5628K, reserved 1048576K
2018-10-23T07:44:47.239+0000: 357.185: [GC (Allocation Failure) 2018-10-23T07:44:47.239+0000: 357.185: [ParNew
Desired survivor size 20112992 bytes, new threshold 8 (max 8)
- age   1:    1530544 bytes,    1530544 total
- age   2:    1070528 bytes,    2601072 total
- age   3:    2513648 bytes,    5114720 total
- age   4:     950992 bytes,    6065712 total
- age   5:     248256 bytes,    6313968 total
- age   6:     651368 bytes,    6965336 total
- age   7:    1093456 bytes,    8058792 total
- age   8:     480600 bytes,    8539392 total
: 97771K->11595K(109248K), 0.0058088 secs] 288862K->202687K(502464K), 0.0059084 secs] [Times: user=0.02 sys=0.00, real=0.00 secs] 
Heap after GC invocations=649 (full 32):
 par new generation   total 109248K, used 11595K [0x00000000e0000000, 0x00000000e8000000, 0x00000000e8000000)
  eden space 87424K,   0% used [0x00000000e0000000, 0x00000000e0000000, 0x00000000e5560000)
  from space 21824K,  53% used [0x00000000e6ab0000, 0x00000000e7602fe8, 0x00000000e8000000)
  to   space 21824K,   0% used [0x00000000e5560000, 0x00000000e5560000, 0x00000000e6ab0000)
 concurrent mark-sweep generation total 393216K, used 191091K [0x00000000e8000000, 0x0000000100000000, 0x0000000100000000)
 Metaspace       used 47219K, capacity 48955K, committed 49624K, reserved 1093632K
  class space    used 5085K, capacity 5459K, committed 5628K, reserved 1048576K
}
2018-10-23T07:44:47.245+0000: 357.191: Total time for which application threads were stopped: 0.0123994 seconds, Stopping threads took: 0.0060372 seconds
{Heap before GC invocations=649 (full 32):
 par new generation   total 109248K, used 99019K [0x00000000e0000000, 0x00000000e8000000, 0x00000000e8000000)
  eden space 87424K, 100% used [0x00000000e0000000, 0x00000000e5560000, 0x00000000e5560000)
  from space 21824K,  53% used [0x00000000e6ab0000, 0x00000000e7602fe8, 0x00000000e8000000)
  to   space 21824K,   0% used [0x00000000e5560000, 0x00000000e5560000, 0x00000000e6ab0000)
 concurrent mark-sweep generation total 393216K, used 191091K [0x00000000e8000000, 0x0000000100000000, 0x0000000100000000)
 Metaspace       used 47219K, capacity 48955K, committed 49624K, reserved 1093632K
  class space    used 5085K, capacity 5459K, committed 5628K, reserved 1048576K
2018-10-23T07:44:47.354+0000: 357.300: [GC (Allocation Failure) 2018-10-23T07:44:47.354+0000: 357.300: [ParNew
Desired survivor size 20112992 bytes, new threshold 8 (max 8)
- age   1:    2500632 bytes,    2500632 total
- age   2:     867368 bytes,    3368000 total
- age   3:    1020392 bytes,    4388392 total
- age   4:    2512232 bytes,    6900624 total
- age   5:     950992 bytes,    7851616 total
- age   6:     248256 bytes,    8099872 total
- age   7:     651368 bytes,    8751240 total
- age   8:    1093456 bytes,    9844696 total
: 99019K->10453K(109248K), 0.0388557 secs] 290111K->202014K(502464K), 0.0389772 secs] [Times: user=0.05 sys=0.00, real=0.04 secs] 
Heap after GC invocations=650 (full 32):
 par new generation   total 109248K, used 10453K [0x00000000e0000000, 0x00000000e8000000, 0x00000000e8000000)
  eden space 87424K,   0% used [0x00000000e0000000, 0x00000000e0000000, 0x00000000e5560000)
  from space 21824K,  47% used [0x00000000e5560000, 0x00000000e5f95610, 0x00000000e6ab0000)
  to   space 21824K,   0% used [0x00000000e6ab0000, 0x00000000e6ab0000, 0x00000000e8000000)
 concurrent mark-sweep generation total 393216K, used 191561K [0x00000000e8000000, 0x0000000100000000, 0x0000000100000000)
 Metaspace       used 47219K, capacity 48955K, committed 49624K, reserved 1093632K
  class space    used 5085K, capacity 5459K, committed 5628K, reserved 1048576K
}
2018-10-23T07:44:47.393+0000: 357.339: Total time for which application threads were stopped: 0.0500024 seconds, Stopping threads took: 0.0105467 seconds
{Heap before GC invocations=650 (full 32):
 par new generation   total 109248K, used 97877K [0x00000000e0000000, 0x00000000e8000000, 0x00000000e8000000)
  eden space 87424K, 100% used [0x00000000e0000000, 0x00000000e5560000, 0x00000000e5560000)
  from space 21824K,  47% used [0x00000000e5560000, 0x00000000e5f95610, 0x00000000e6ab0000)
  to   space 21824K,   0% used [0x00000000e6ab0000, 0x00000000e6ab0000, 0x00000000e8000000)
 concurrent mark-sweep generation total 393216K, used 191561K [0x00000000e8000000, 0x0000000100000000, 0x0000000100000000)
 Metaspace       used 47219K, capacity 48955K, committed 49624K, reserved 1093632K
  class space    used 5085K, capacity 5459K, committed 5628K, reserved 1048576K
2018-10-23T07:44:47.494+0000: 357.440: [GC (Allocation Failure) 2018-10-23T07:44:47.494+0000: 357.440: [ParNew
Desired survivor size 20112992 bytes, new threshold 8 (max 8)
- age   1:    2833088 bytes,    2833088 total
- age   2:    1338600 bytes,    4171688 total
- age   3:     760744 bytes,    4932432 total
- age   4:     954216 bytes,    5886648 total
- age   5:    2512232 bytes,    8398880 total
- age   6:     950992 bytes,    9349872 total
- age   7:     248256 bytes,    9598128 total
- age   8:     651368 bytes,   10249496 total
: 97877K->14447K(109248K), 0.0271756 secs] 289438K->207077K(502464K), 0.0272851 secs] [Times: user=0.04 sys=0.00, real=0.03 secs] 
Heap after GC invocations=651 (full 32):
 par new generation   total 109248K, used 14447K [0x00000000e0000000, 0x00000000e8000000, 0x00000000e8000000)
  eden space 87424K,   0% used [0x00000000e0000000, 0x00000000e0000000, 0x00000000e5560000)
  from space 21824K,  66% used [0x00000000e6ab0000, 0x00000000e78cbeb0, 0x00000000e8000000)
  to   space 21824K,   0% used [0x00000000e5560000, 0x00000000e5560000, 0x00000000e6ab0000)
 concurrent mark-sweep generation total 393216K, used 192629K [0x00000000e8000000, 0x0000000100000000, 0x0000000100000000)
 Metaspace       used 47219K, capacity 48955K, committed 49624K, reserved 1093632K
  class space    used 5085K, capacity 5459K, committed 5628K, reserved 1048576K
}
2018-10-23T07:44:47.521+0000: 357.467: Total time for which application threads were stopped: 0.0317738 seconds, Stopping threads took: 0.0039924 seconds
{Heap before GC invocations=651 (full 32):
 par new generation   total 109248K, used 101871K [0x00000000e0000000, 0x00000000e8000000, 0x00000000e8000000)
  eden space 87424K, 100% used [0x00000000e0000000, 0x00000000e5560000, 0x00000000e5560000)
  from space 21824K,  66% used [0x00000000e6ab0000, 0x00000000e78cbeb0, 0x00000000e8000000)
  to   space 21824K,   0% used [0x00000000e5560000, 0x00000000e5560000, 0x00000000e6ab0000)
 concurrent mark-sweep generation total 393216K, used 192629K [0x00000000e8000000, 0x0000000100000000, 0x0000000100000000)
 Metaspace       used 47219K, capacity 48955K, committed 49624K, reserved 1093632K
  class space    used 5085K, capacity 5459K, committed 5628K, reserved 1048576K
2018-10-23T07:44:47.622+0000: 357.568: [GC (Allocation Failure) 2018-10-23T07:44:47.622+0000: 357.568: [ParNew
Desired survivor size 20112992 bytes, new threshold 8 (max 8)
- age   1:    2712056 bytes,    2712056 total
- age   2:    1642744 bytes,    4354800 total
- age   3:    1145728 bytes,    5500528 total
- age   4:     761168 bytes,    6261696 total
- age   5:     938056 bytes,    7199752 total
- age   6:    2512048 bytes,    9711800 total
- age   7:     950992 bytes,   10662792 total
- age   8:     248256 bytes,   10911048 total
: 101871K->13089K(109248K), 0.0301942 secs] 294501K->206355K(502464K), 0.0302940 secs] [Times: user=0.04 sys=0.00, real=0.03 secs] 
Heap after GC invocations=652 (full 32):
 par new generation   total 109248K, used 13089K [0x00000000e0000000, 0x00000000e8000000, 0x00000000e8000000)
  eden space 87424K,   0% used [0x00000000e0000000, 0x00000000e0000000, 0x00000000e5560000)
  from space 21824K,  59% used [0x00000000e5560000, 0x00000000e62284f0, 0x00000000e6ab0000)
  to   space 21824K,   0% used [0x00000000e6ab0000, 0x00000000e6ab0000, 0x00000000e8000000)
 concurrent mark-sweep generation total 393216K, used 193265K [0x00000000e8000000, 0x0000000100000000, 0x0000000100000000)
 Metaspace       used 47219K, capacity 48955K, committed 49624K, reserved 1093632K
  class space    used 5085K, capacity 5459K, committed 5628K, reserved 1048576K
}
2018-10-23T07:44:47.652+0000: 357.598: Total time for which application threads were stopped: 0.0351022 seconds, Stopping threads took: 0.0043167 seconds
{Heap before GC invocations=652 (full 32):
 par new generation   total 109248K, used 100513K [0x00000000e0000000, 0x00000000e8000000, 0x00000000e8000000)
  eden space 87424K, 100% used [0x00000000e0000000, 0x00000000e5560000, 0x00000000e5560000)
  from space 21824K,  59% used [0x00000000e5560000, 0x00000000e62284f0, 0x00000000e6ab0000)
  to   space 21824K,   0% used [0x00000000e6ab0000, 0x00000000e6ab0000, 0x00000000e8000000)
 concurrent mark-sweep generation total 393216K, used 193265K [0x00000000e8000000, 0x0000000100000000, 0x0000000100000000)
 Metaspace       used 47219K, capacity 48955K, committed 49624K, reserved 1093632K
  class space    used 5085K, capacity 5459K, committed 5628K, reserved 1048576K
2018-10-23T07:44:47.770+0000: 357.716: [GC (Allocation Failure) 2018-10-23T07:44:47.770+0000: 357.716: [ParNew
Desired survivor size 20112992 bytes, new threshold 8 (max 8)
- age   1:    3560720 bytes,    3560720 total
- age   2:    1503872 bytes,    5064592 total
- age   3:    1294208 bytes,    6358800 total
- age   4:    1055672 bytes,    7414472 total
- age   5:     744312 bytes,    8158784 total
- age   6:     920840 bytes,    9079624 total
- age   7:    2511216 bytes,   11590840 total
- age   8:     950992 bytes,   12541832 total
: 100513K->16525K(109248K), 0.0290882 secs] 293779K->210033K(502464K), 0.0292042 secs] [Times: user=0.04 sys=0.00, real=0.03 secs] 
Heap after GC invocations=653 (full 32):
 par new generation   total 109248K, used 16525K [0x00000000e0000000, 0x00000000e8000000, 0x00000000e8000000)
  eden space 87424K,   0% used [0x00000000e0000000, 0x00000000e0000000, 0x00000000e5560000)
  from space 21824K,  75% used [0x00000000e6ab0000, 0x00000000e7ad3538, 0x00000000e8000000)
  to   space 21824K,   0% used [0x00000000e5560000, 0x00000000e5560000, 0x00000000e6ab0000)
 concurrent mark-sweep generation total 393216K, used 193508K [0x00000000e8000000, 0x0000000100000000, 0x0000000100000000)
 Metaspace       used 47219K, capacity 48955K, committed 49624K, reserved 1093632K
  class space    used 5085K, capacity 5459K, committed 5628K, reserved 1048576K
}
2018-10-23T07:44:47.799+0000: 357.745: Total time for which application threads were stopped: 0.0368185 seconds, Stopping threads took: 0.0071103 seconds
{Heap before GC invocations=653 (full 32):
 par new generation   total 109248K, used 103949K [0x00000000e0000000, 0x00000000e8000000, 0x00000000e8000000)
  eden space 87424K, 100% used [0x00000000e0000000, 0x00000000e5560000, 0x00000000e5560000)
  from space 21824K,  75% used [0x00000000e6ab0000, 0x00000000e7ad3538, 0x00000000e8000000)
  to   space 21824K,   0% used [0x00000000e5560000, 0x00000000e5560000, 0x00000000e6ab0000)
 concurrent mark-sweep generation total 393216K, used 193508K [0x00000000e8000000, 0x0000000100000000, 0x0000000100000000)
 Metaspace       used 47219K, capacity 48955K, committed 49624K, reserved 1093632K
  class space    used 5085K, capacity 5459K, committed 5628K, reserved 1048576K
2018-10-23T07:44:47.982+0000: 357.928: [GC (Allocation Failure) 2018-10-23T07:44:47.982+0000: 357.928: [ParNew
Desired survivor size 20112992 bytes, new threshold 8 (max 8)
- age   1:    4553056 bytes,    4553056 total
- age   2:    1946552 bytes,    6499608 total
- age   3:    1386432 bytes,    7886040 total
- age   4:    1284920 bytes,    9170960 total
- age   5:    1055672 bytes,   10226632 total
- age   6:     711512 bytes,   10938144 total
- age   7:     920280 bytes,   11858424 total
- age   8:    2481536 bytes,   14339960 total
: 103949K->15645K(109248K), 0.0243285 secs] 297457K->210082K(502464K), 0.0244319 secs] [Times: user=0.03 sys=0.00, real=0.02 secs] 
Heap after GC invocations=654 (full 32):
 par new generation   total 109248K, used 15645K [0x00000000e0000000, 0x00000000e8000000, 0x00000000e8000000)
  eden space 87424K,   0% used [0x00000000e0000000, 0x00000000e0000000, 0x00000000e5560000)
  from space 21824K,  71% used [0x00000000e5560000, 0x00000000e64a7730, 0x00000000e6ab0000)
  to   space 21824K,   0% used [0x00000000e6ab0000, 0x00000000e6ab0000, 0x00000000e8000000)
 concurrent mark-sweep generation total 393216K, used 194437K [0x00000000e8000000, 0x0000000100000000, 0x0000000100000000)
 Metaspace       used 47219K, capacity 48955K, committed 49624K, reserved 1093632K
  class space    used 5085K, capacity 5459K, committed 5628K, reserved 1048576K
}
2018-10-23T07:44:48.007+0000: 357.952: Total time for which application threads were stopped: 0.0292403 seconds, Stopping threads took: 0.0042948 seconds
2018-10-23T07:44:48.119+0000: 358.065: Total time for which application threads were stopped: 0.0040792 seconds, Stopping threads took: 0.0037137 seconds
{Heap before GC invocations=654 (full 32):
 par new generation   total 109248K, used 103069K [0x00000000e0000000, 0x00000000e8000000, 0x00000000e8000000)
  eden space 87424K, 100% used [0x00000000e0000000, 0x00000000e5560000, 0x00000000e5560000)
  from space 21824K,  71% used [0x00000000e5560000, 0x00000000e64a7730, 0x00000000e6ab0000)
  to   space 21824K,   0% used [0x00000000e6ab0000, 0x00000000e6ab0000, 0x00000000e8000000)
 concurrent mark-sweep generation total 393216K, used 194437K [0x00000000e8000000, 0x0000000100000000, 0x0000000100000000)
 Metaspace       used 47245K, capacity 48969K, committed 49624K, reserved 1093632K
  class space    used 5088K, capacity 5464K, committed 5628K, reserved 1048576K
2018-10-23T07:44:48.150+0000: 358.095: [GC (Allocation Failure) 2018-10-23T07:44:48.150+0000: 358.095: [ParNew
Desired survivor size 20112992 bytes, new threshold 8 (max 8)
- age   1:    3262072 bytes,    3262072 total
- age   2:    1582208 bytes,    4844280 total
- age   3:     484344 bytes,    5328624 total
- age   4:     293552 bytes,    5622176 total
- age   5:     301704 bytes,    5923880 total
- age   6:     281344 bytes,    6205224 total
- age   7:     191584 bytes,    6396808 total
- age   8:     245280 bytes,    6642088 total
: 103069K->9176K(109248K), 0.0282816 secs] 297506K->204698K(502464K), 0.0283725 secs] [Times: user=0.05 sys=0.00, real=0.04 secs] 
Heap after GC invocations=655 (full 32):
 par new generation   total 109248K, used 9176K [0x00000000e0000000, 0x00000000e8000000, 0x00000000e8000000)
  eden space 87424K,   0% used [0x00000000e0000000, 0x00000000e0000000, 0x00000000e5560000)
  from space 21824K,  42% used [0x00000000e6ab0000, 0x00000000e73a6100, 0x00000000e8000000)
  to   space 21824K,   0% used [0x00000000e5560000, 0x00000000e5560000, 0x00000000e6ab0000)
 concurrent mark-sweep generation total 393216K, used 195521K [0x00000000e8000000, 0x0000000100000000, 0x0000000100000000)
 Metaspace       used 47245K, capacity 48969K, committed 49624K, reserved 1093632K
  class space    used 5088K, capacity 5464K, committed 5628K, reserved 1048576K
}
2018-10-23T07:44:48.178+0000: 358.124: Total time for which application threads were stopped: 0.0288867 seconds, Stopping threads took: 0.0000725 seconds
2018-10-23T07:44:48.992+0000: 358.938: Total time for which application threads were stopped: 0.0004809 seconds, Stopping threads took: 0.0001518 seconds
{Heap before GC invocations=655 (full 32):
 par new generation   total 109248K, used 96600K [0x00000000e0000000, 0x00000000e8000000, 0x00000000e8000000)
  eden space 87424K, 100% used [0x00000000e0000000, 0x00000000e5560000, 0x00000000e5560000)
  from space 21824K,  42% used [0x00000000e6ab0000, 0x00000000e73a6100, 0x00000000e8000000)
  to   space 21824K,   0% used [0x00000000e5560000, 0x00000000e5560000, 0x00000000e6ab0000)
 concurrent mark-sweep generation total 393216K, used 195521K [0x00000000e8000000, 0x0000000100000000, 0x0000000100000000)
 Metaspace       used 47246K, capacity 48969K, committed 49624K, reserved 1093632K
  class space    used 5088K, capacity 5464K, committed 5628K, reserved 1048576K
2018-10-23T07:44:49.082+0000: 359.028: [GC (Allocation Failure) 2018-10-23T07:44:49.082+0000: 359.028: [ParNew
Desired survivor size 20112992 bytes, new threshold 8 (max 8)
- age   1:    1161104 bytes,    1161104 total
- age   2:    2069272 bytes,    3230376 total
- age   3:     484872 bytes,    3715248 total
- age   4:     484344 bytes,    4199592 total
- age   5:     293552 bytes,    4493144 total
- age   6:     301704 bytes,    4794848 total
- age   7:     281344 bytes,    5076192 total
- age   8:     191584 bytes,    5267776 total
: 96600K->6863K(109248K), 0.0045749 secs] 292122K->202625K(502464K), 0.0046707 secs] [Times: user=0.02 sys=0.00, real=0.00 secs] 
Heap after GC invocations=656 (full 32):
 par new generation   total 109248K, used 6863K [0x00000000e0000000, 0x00000000e8000000, 0x00000000e8000000)
  eden space 87424K,   0% used [0x00000000e0000000, 0x00000000e0000000, 0x00000000e5560000)
  from space 21824K,  31% used [0x00000000e5560000, 0x00000000e5c13fc8, 0x00000000e6ab0000)
  to   space 21824K,   0% used [0x00000000e6ab0000, 0x00000000e6ab0000, 0x00000000e8000000)
 concurrent mark-sweep generation total 393216K, used 195761K [0x00000000e8000000, 0x0000000100000000, 0x0000000100000000)
 Metaspace       used 47246K, capacity 48969K, committed 49624K, reserved 1093632K
  class space    used 5088K, capacity 5464K, committed 5628K, reserved 1048576K
}
2018-10-23T07:44:49.087+0000: 359.033: Total time for which application threads were stopped: 0.0051909 seconds, Stopping threads took: 0.0001016 seconds
{Heap before GC invocations=656 (full 32):
 par new generation   total 109248K, used 94287K [0x00000000e0000000, 0x00000000e8000000, 0x00000000e8000000)
  eden space 87424K, 100% used [0x00000000e0000000, 0x00000000e5560000, 0x00000000e5560000)
  from space 21824K,  31% used [0x00000000e5560000, 0x00000000e5c13fc8, 0x00000000e6ab0000)
  to   space 21824K,   0% used [0x00000000e6ab0000, 0x00000000e6ab0000, 0x00000000e8000000)
 concurrent mark-sweep generation total 393216K, used 195761K [0x00000000e8000000, 0x0000000100000000, 0x0000000100000000)
 Metaspace       used 47246K, capacity 48969K, committed 49624K, reserved 1093632K
  class space    used 5088K, capacity 5464K, committed 5628K, reserved 1048576K
2018-10-23T07:44:49.228+0000: 359.174: [GC (Allocation Failure) 2018-10-23T07:44:49.228+0000: 359.174: [ParNew
Desired survivor size 20112992 bytes, new threshold 8 (max 8)
- age   1:     127224 bytes,     127224 total
- age   2:    1058240 bytes,    1185464 total
- age   3:    2067448 bytes,    3252912 total
- age   4:     484872 bytes,    3737784 total
- age   5:     484344 bytes,    4222128 total
- age   6:     293552 bytes,    4515680 total
- age   7:     301704 bytes,    4817384 total
- age   8:     281344 bytes,    5098728 total
: 94287K->7429K(109248K), 0.0045423 secs] 290049K->203377K(502464K), 0.0046246 secs] [Times: user=0.01 sys=0.00, real=0.01 secs] 
Heap after GC invocations=657 (full 32):
 par new generation   total 109248K, used 7429K [0x00000000e0000000, 0x00000000e8000000, 0x00000000e8000000)
  eden space 87424K,   0% used [0x00000000e0000000, 0x00000000e0000000, 0x00000000e5560000)
  from space 21824K,  34% used [0x00000000e6ab0000, 0x00000000e71f1528, 0x00000000e8000000)
  to   space 21824K,   0% used [0x00000000e5560000, 0x00000000e5560000, 0x00000000e6ab0000)
 concurrent mark-sweep generation total 393216K, used 195948K [0x00000000e8000000, 0x0000000100000000, 0x0000000100000000)
 Metaspace       used 47246K, capacity 48969K, committed 49624K, reserved 1093632K
  class space    used 5088K, capacity 5464K, committed 5628K, reserved 1048576K
}
2018-10-23T07:44:49.233+0000: 359.179: Total time for which application threads were stopped: 0.0051646 seconds, Stopping threads took: 0.0001153 seconds
{Heap before GC invocations=657 (full 32):
 par new generation   total 109248K, used 94853K [0x00000000e0000000, 0x00000000e8000000, 0x00000000e8000000)
  eden space 87424K, 100% used [0x00000000e0000000, 0x00000000e5560000, 0x00000000e5560000)
  from space 21824K,  34% used [0x00000000e6ab0000, 0x00000000e71f1528, 0x00000000e8000000)
  to   space 21824K,   0% used [0x00000000e5560000, 0x00000000e5560000, 0x00000000e6ab0000)
 concurrent mark-sweep generation total 393216K, used 195948K [0x00000000e8000000, 0x0000000100000000, 0x0000000100000000)
 Metaspace       used 47250K, capacity 48977K, committed 49624K, reserved 1093632K
  class space    used 5088K, capacity 5464K, committed 5628K, reserved 1048576K
2018-10-23T07:44:49.560+0000: 359.506: [GC (Allocation Failure) 2018-10-23T07:44:49.560+0000: 359.506: [ParNew
Desired survivor size 20112992 bytes, new threshold 8 (max 8)
- age   1:     281016 bytes,     281016 total
- age   3:     860272 bytes,    1141288 total
- age   4:    2000880 bytes,    3142168 total
- age   5:     484872 bytes,    3627040 total
- age   6:     484344 bytes,    4111384 total
- age   7:     293552 bytes,    4404936 total
- age   8:     301704 bytes,    4706640 total
: 94853K->6058K(109248K), 0.0044176 secs] 290801K->202281K(502464K), 0.0045157 secs] [Times: user=0.02 sys=0.00, real=0.00 secs] 
Heap after GC invocations=658 (full 32):
 par new generation   total 109248K, used 6058K [0x00000000e0000000, 0x00000000e8000000, 0x00000000e8000000)
  eden space 87424K,   0% used [0x00000000e0000000, 0x00000000e0000000, 0x00000000e5560000)
  from space 21824K,  27% used [0x00000000e5560000, 0x00000000e5b4aa30, 0x00000000e6ab0000)
  to   space 21824K,   0% used [0x00000000e6ab0000, 0x00000000e6ab0000, 0x00000000e8000000)
 concurrent mark-sweep generation total 393216K, used 196223K [0x00000000e8000000, 0x0000000100000000, 0x0000000100000000)
 Metaspace       used 47250K, capacity 48977K, committed 49624K, reserved 1093632K
  class space    used 5088K, capacity 5464K, committed 5628K, reserved 1048576K
}
2018-10-23T07:44:49.565+0000: 359.510: Total time for which application threads were stopped: 0.0050120 seconds, Stopping threads took: 0.0000929 seconds
{Heap before GC invocations=658 (full 32):
 par new generation   total 109248K, used 93482K [0x00000000e0000000, 0x00000000e8000000, 0x00000000e8000000)
  eden space 87424K, 100% used [0x00000000e0000000, 0x00000000e5560000, 0x00000000e5560000)
  from space 21824K,  27% used [0x00000000e5560000, 0x00000000e5b4aa30, 0x00000000e6ab0000)
  to   space 21824K,   0% used [0x00000000e6ab0000, 0x00000000e6ab0000, 0x00000000e8000000)
 concurrent mark-sweep generation total 393216K, used 196223K [0x00000000e8000000, 0x0000000100000000, 0x0000000100000000)
 Metaspace       used 47250K, capacity 48977K, committed 49624K, reserved 1093632K
  class space    used 5088K, capacity 5464K, committed 5628K, reserved 1048576K
2018-10-23T07:44:49.690+0000: 359.636: [GC (Allocation Failure) 2018-10-23T07:44:49.690+0000: 359.636: [ParNew
Desired survivor size 20112992 bytes, new threshold 8 (max 8)
- age   1:     191872 bytes,     191872 total
- age   2:     111968 bytes,     303840 total
- age   4:     860136 bytes,    1163976 total
- age   5:    2000880 bytes,    3164856 total
- age   6:     484872 bytes,    3649728 total
- age   7:     483768 bytes,    4133496 total
- age   8:     293552 bytes,    4427048 total
: 93482K->4793K(109248K), 0.0044608 secs] 289705K->201311K(502464K), 0.0045525 secs] [Times: user=0.01 sys=0.00, real=0.00 secs] 
Heap after GC invocations=659 (full 32):
 par new generation   total 109248K, used 4793K [0x00000000e0000000, 0x00000000e8000000, 0x00000000e8000000)
  eden space 87424K,   0% used [0x00000000e0000000, 0x00000000e0000000, 0x00000000e5560000)
  from space 21824K,  21% used [0x00000000e6ab0000, 0x00000000e6f5e680, 0x00000000e8000000)
  to   space 21824K,   0% used [0x00000000e5560000, 0x00000000e5560000, 0x00000000e6ab0000)
 concurrent mark-sweep generation total 393216K, used 196517K [0x00000000e8000000, 0x0000000100000000, 0x0000000100000000)
 Metaspace       used 47250K, capacity 48977K, committed 49624K, reserved 1093632K
  class space    used 5088K, capacity 5464K, committed 5628K, reserved 1048576K
}
2018-10-23T07:44:49.695+0000: 359.640: Total time for which application threads were stopped: 0.0050784 seconds, Stopping threads took: 0.0000957 seconds
{Heap before GC invocations=659 (full 32):
 par new generation   total 109248K, used 92217K [0x00000000e0000000, 0x00000000e8000000, 0x00000000e8000000)
  eden space 87424K, 100% used [0x00000000e0000000, 0x00000000e5560000, 0x00000000e5560000)
  from space 21824K,  21% used [0x00000000e6ab0000, 0x00000000e6f5e680, 0x00000000e8000000)
  to   space 21824K,   0% used [0x00000000e5560000, 0x00000000e5560000, 0x00000000e6ab0000)
 concurrent mark-sweep generation total 393216K, used 196517K [0x00000000e8000000, 0x0000000100000000, 0x0000000100000000)
 Metaspace       used 47250K, capacity 48977K, committed 49624K, reserved 1093632K
  class space    used 5088K, capacity 5464K, committed 5628K, reserved 1048576K
2018-10-23T07:44:50.033+0000: 359.979: [GC (Allocation Failure) 2018-10-23T07:44:50.033+0000: 359.979: [ParNew
Desired survivor size 20112992 bytes, new threshold 8 (max 8)
- age   1:     156160 bytes,     156160 total
- age   2:       1592 bytes,     157752 total
- age   3:     111768 bytes,     269520 total
- age   5:     860136 bytes,    1129656 total
- age   6:    2000880 bytes,    3130536 total
- age   7:     484872 bytes,    3615408 total
- age   8:     483768 bytes,    4099176 total
: 92217K->5762K(109248K), 0.0042640 secs] 288735K->202567K(502464K), 0.0043670 secs] [Times: user=0.02 sys=0.00, real=0.00 secs] 
Heap after GC invocations=660 (full 32):
 par new generation   total 109248K, used 5762K [0x00000000e0000000, 0x00000000e8000000, 0x00000000e8000000)
  eden space 87424K,   0% used [0x00000000e0000000, 0x00000000e0000000, 0x00000000e5560000)
  from space 21824K,  26% used [0x00000000e5560000, 0x00000000e5b00a20, 0x00000000e6ab0000)
  to   space 21824K,   0% used [0x00000000e6ab0000, 0x00000000e6ab0000, 0x00000000e8000000)
 concurrent mark-sweep generation total 393216K, used 196804K [0x00000000e8000000, 0x0000000100000000, 0x0000000100000000)
 Metaspace       used 47250K, capacity 48977K, committed 49624K, reserved 1093632K
  class space    used 5088K, capacity 5464K, committed 5628K, reserved 1048576K
}
2018-10-23T07:44:50.038+0000: 359.983: Total time for which application threads were stopped: 0.0048828 seconds, Stopping threads took: 0.0000843 seconds
2018-10-23T07:44:50.038+0000: 359.984: [GC (CMS Initial Mark) [1 CMS-initial-mark: 196804K(393216K)] 203830K(502464K), 0.0017967 secs] [Times: user=0.00 sys=0.00, real=0.00 secs] 
2018-10-23T07:44:50.040+0000: 359.986: Total time for which application threads were stopped: 0.0021067 seconds, Stopping threads took: 0.0000969 seconds
2018-10-23T07:44:50.040+0000: 359.986: [CMS-concurrent-mark-start]
{Heap before GC invocations=660 (full 33):
 par new generation   total 109248K, used 93186K [0x00000000e0000000, 0x00000000e8000000, 0x00000000e8000000)
  eden space 87424K, 100% used [0x00000000e0000000, 0x00000000e5560000, 0x00000000e5560000)
  from space 21824K,  26% used [0x00000000e5560000, 0x00000000e5b00a20, 0x00000000e6ab0000)
  to   space 21824K,   0% used [0x00000000e6ab0000, 0x00000000e6ab0000, 0x00000000e8000000)
 concurrent mark-sweep generation total 393216K, used 196804K [0x00000000e8000000, 0x0000000100000000, 0x0000000100000000)
 Metaspace       used 47250K, capacity 48977K, committed 49624K, reserved 1093632K
  class space    used 5088K, capacity 5464K, committed 5628K, reserved 1048576K
2018-10-23T07:44:50.119+0000: 360.065: [GC (Allocation Failure) 2018-10-23T07:44:50.119+0000: 360.065: [ParNew
Desired survivor size 20112992 bytes, new threshold 8 (max 8)
- age   1:      66144 bytes,      66144 total
- age   2:     146840 bytes,     212984 total
- age   3:       1592 bytes,     214576 total
- age   4:     111768 bytes,     326344 total
- age   6:     860136 bytes,    1186480 total
- age   7:    2000880 bytes,    3187360 total
- age   8:     484872 bytes,    3672232 total
: 93186K->4923K(109248K), 0.0042884 secs] 289991K->202200K(502464K), 0.0043717 secs] [Times: user=0.02 sys=0.00, real=0.00 secs] 
Heap after GC invocations=661 (full 33):
 par new generation   total 109248K, used 4923K [0x00000000e0000000, 0x00000000e8000000, 0x00000000e8000000)
  eden space 87424K,   0% used [0x00000000e0000000, 0x00000000e0000000, 0x00000000e5560000)
  from space 21824K,  22% used [0x00000000e6ab0000, 0x00000000e6f7ecc0, 0x00000000e8000000)
  to   space 21824K,   0% used [0x00000000e5560000, 0x00000000e5560000, 0x00000000e6ab0000)
 concurrent mark-sweep generation total 393216K, used 197277K [0x00000000e8000000, 0x0000000100000000, 0x0000000100000000)
 Metaspace       used 47250K, capacity 48977K, committed 49624K, reserved 1093632K
  class space    used 5088K, capacity 5464K, committed 5628K, reserved 1048576K
}
2018-10-23T07:44:50.123+0000: 360.069: Total time for which application threads were stopped: 0.0048987 seconds, Stopping threads took: 0.0001045 seconds
2018-10-23T07:44:50.153+0000: 360.099: [CMS-concurrent-mark: 0.108/0.113 secs] [Times: user=0.44 sys=0.00, real=0.11 secs] 
2018-10-23T07:44:50.153+0000: 360.099: [CMS-concurrent-preclean-start]
2018-10-23T07:44:50.158+0000: 360.104: [CMS-concurrent-preclean: 0.004/0.005 secs] [Times: user=0.02 sys=0.00, real=0.01 secs] 
2018-10-23T07:44:50.158+0000: 360.104: [CMS-concurrent-abortable-preclean-start]
{Heap before GC invocations=661 (full 33):
 par new generation   total 109248K, used 92347K [0x00000000e0000000, 0x00000000e8000000, 0x00000000e8000000)
  eden space 87424K, 100% used [0x00000000e0000000, 0x00000000e5560000, 0x00000000e5560000)
  from space 21824K,  22% used [0x00000000e6ab0000, 0x00000000e6f7ecc0, 0x00000000e8000000)
  to   space 21824K,   0% used [0x00000000e5560000, 0x00000000e5560000, 0x00000000e6ab0000)
 concurrent mark-sweep generation total 393216K, used 197277K [0x00000000e8000000, 0x0000000100000000, 0x0000000100000000)
 Metaspace       used 47250K, capacity 48977K, committed 49624K, reserved 1093632K
  class space    used 5088K, capacity 5464K, committed 5628K, reserved 1048576K
2018-10-23T07:44:50.204+0000: 360.150: [GC (Allocation Failure) 2018-10-23T07:44:50.204+0000: 360.150: [ParNew
Desired survivor size 20112992 bytes, new threshold 8 (max 8)
- age   1:      46760 bytes,      46760 total
- age   2:      28496 bytes,      75256 total
- age   3:     146336 bytes,     221592 total
- age   4:       1592 bytes,     223184 total
- age   5:     111768 bytes,     334952 total
- age   7:     860136 bytes,    1195088 total
- age   8:    2000880 bytes,    3195968 total
: 92347K->4410K(109248K), 0.0044512 secs] 289624K->202161K(502464K), 0.0045404 secs] [Times: user=0.01 sys=0.00, real=0.00 secs] 
Heap after GC invocations=662 (full 33):
 par new generation   total 109248K, used 4410K [0x00000000e0000000, 0x00000000e8000000, 0x00000000e8000000)
  eden space 87424K,   0% used [0x00000000e0000000, 0x00000000e0000000, 0x00000000e5560000)
  from space 21824K,  20% used [0x00000000e5560000, 0x00000000e59ae9f8, 0x00000000e6ab0000)
  to   space 21824K,   0% used [0x00000000e6ab0000, 0x00000000e6ab0000, 0x00000000e8000000)
 concurrent mark-sweep generation total 393216K, used 197750K [0x00000000e8000000, 0x0000000100000000, 0x0000000100000000)
 Metaspace       used 47250K, capacity 48977K, committed 49624K, reserved 1093632K
  class space    used 5088K, capacity 5464K, committed 5628K, reserved 1048576K
}
2018-10-23T07:44:50.209+0000: 360.154: Total time for which application threads were stopped: 0.0050509 seconds, Stopping threads took: 0.0000844 seconds
2018-10-23T07:44:50.430+0000: 360.375: [CMS-concurrent-abortable-preclean: 0.026/0.271 secs] [Times: user=0.38 sys=0.00, real=0.26 secs] 
2018-10-23T07:44:50.430+0000: 360.376: [GC (CMS Final Remark) [YG occupancy: 79345 K (109248 K)]{Heap before GC invocations=662 (full 33):
 par new generation   total 109248K, used 79345K [0x00000000e0000000, 0x00000000e8000000, 0x00000000e8000000)
  eden space 87424K,  85% used [0x00000000e0000000, 0x00000000e492da98, 0x00000000e5560000)
  from space 21824K,  20% used [0x00000000e5560000, 0x00000000e59ae9f8, 0x00000000e6ab0000)
  to   space 21824K,   0% used [0x00000000e6ab0000, 0x00000000e6ab0000, 0x00000000e8000000)
 concurrent mark-sweep generation total 393216K, used 197750K [0x00000000e8000000, 0x0000000100000000, 0x0000000100000000)
 Metaspace       used 47250K, capacity 48977K, committed 49624K, reserved 1093632K
  class space    used 5088K, capacity 5464K, committed 5628K, reserved 1048576K
2018-10-23T07:44:50.430+0000: 360.376: [GC (CMS Final Remark) 2018-10-23T07:44:50.430+0000: 360.376: [ParNew
Desired survivor size 20112992 bytes, new threshold 8 (max 8)
- age   1:     164080 bytes,     164080 total
- age   4:       6200 bytes,     170280 total
- age   5:       1560 bytes,     171840 total
- age   6:     111672 bytes,     283512 total
- age   8:     860136 bytes,    1143648 total
: 79345K->1660K(109248K), 0.0042352 secs] 277095K->201366K(502464K), 0.0043012 secs] [Times: user=0.02 sys=0.00, real=0.00 secs] 
Heap after GC invocations=663 (full 33):
 par new generation   total 109248K, used 1660K [0x00000000e0000000, 0x00000000e8000000, 0x00000000e8000000)
  eden space 87424K,   0% used [0x00000000e0000000, 0x00000000e0000000, 0x00000000e5560000)
  from space 21824K,   7% used [0x00000000e6ab0000, 0x00000000e6c4f1e0, 0x00000000e8000000)
  to   space 21824K,   0% used [0x00000000e5560000, 0x00000000e5560000, 0x00000000e6ab0000)
 concurrent mark-sweep generation total 393216K, used 199705K [0x00000000e8000000, 0x0000000100000000, 0x0000000100000000)
 Metaspace       used 47250K, capacity 48977K, committed 49624K, reserved 1093632K
  class space    used 5088K, capacity 5464K, committed 5628K, reserved 1048576K
}
2018-10-23T07:44:50.435+0000: 360.380: [Rescan (parallel) , 0.0013685 secs]2018-10-23T07:44:50.436+0000: 360.382: [weak refs processing, 0.0016774 secs]2018-10-23T07:44:50.438+0000: 360.383: [class unloading, 0.0138878 secs]2018-10-23T07:44:50.452+0000: 360.397: [scrub symbol table, 0.0067254 secs]2018-10-23T07:44:50.458+0000: 360.404: [scrub string table, 0.0008327 secs][1 CMS-remark: 199705K(393216K)] 201366K(502464K), 0.0293296 secs] [Times: user=0.05 sys=0.00, real=0.03 secs] 
2018-10-23T07:44:50.460+0000: 360.405: Total time for which application threads were stopped: 0.0298825 seconds, Stopping threads took: 0.0001487 seconds
2018-10-23T07:44:50.460+0000: 360.406: [CMS-concurrent-sweep-start]
2018-10-23T07:44:50.528+0000: 360.474: [CMS-concurrent-sweep: 0.069/0.069 secs] [Times: user=0.12 sys=0.00, real=0.06 secs] 
2018-10-23T07:44:50.528+0000: 360.474: [CMS-concurrent-reset-start]
2018-10-23T07:44:50.529+0000: 360.475: [CMS-concurrent-reset: 0.001/0.001 secs] [Times: user=0.00 sys=0.00, real=0.00 secs] 
2018-10-23T07:44:51.046+0000: 360.992: Total time for which application threads were stopped: 0.0004628 seconds, Stopping threads took: 0.0001073 seconds
2018-10-23T07:44:51.047+0000: 360.993: Total time for which application threads were stopped: 0.0002081 seconds, Stopping threads took: 0.0000517 seconds
2018-10-23T07:44:51.049+0000: 360.995: Total time for which application threads were stopped: 0.0002560 seconds, Stopping threads took: 0.0000493 seconds
2018-10-23T07:44:51.050+0000: 360.995: Total time for which application threads were stopped: 0.0003204 seconds, Stopping threads took: 0.0001127 seconds
2018-10-23T07:44:51.412+0000: 361.358: Total time for which application threads were stopped: 0.0004771 seconds, Stopping threads took: 0.0001324 seconds
2018-10-23T07:44:51.600+0000: 361.546: Total time for which application threads were stopped: 0.0003963 seconds, Stopping threads took: 0.0000910 seconds
2018-10-23T07:44:51.841+0000: 361.786: Total time for which application threads were stopped: 0.0004334 seconds, Stopping threads took: 0.0000854 seconds
2018-10-23T07:44:52.529+0000: 362.475: [GC (CMS Initial Mark) [1 CMS-initial-mark: 196760K(393216K)] 232088K(502464K), 0.0033540 secs] [Times: user=0.01 sys=0.00, real=0.01 secs] 
2018-10-23T07:44:52.533+0000: 362.479: Total time for which application threads were stopped: 0.0039099 seconds, Stopping threads took: 0.0001213 seconds
2018-10-23T07:44:52.533+0000: 362.479: [CMS-concurrent-mark-start]
2018-10-23T07:44:52.609+0000: 362.555: [CMS-concurrent-mark: 0.076/0.076 secs] [Times: user=0.30 sys=0.00, real=0.07 secs] 
2018-10-23T07:44:52.609+0000: 362.555: [CMS-concurrent-preclean-start]
2018-10-23T07:44:52.612+0000: 362.558: [CMS-concurrent-preclean: 0.002/0.003 secs] [Times: user=0.00 sys=0.00, real=0.01 secs] 
2018-10-23T07:44:52.612+0000: 362.558: [CMS-concurrent-abortable-preclean-start]
2018-10-23T07:44:53.041+0000: 362.987: Total time for which application threads were stopped: 0.0005077 seconds, Stopping threads took: 0.0001496 seconds
2018-10-23T07:44:53.043+0000: 362.988: Total time for which application threads were stopped: 0.0003817 seconds, Stopping threads took: 0.0001669 seconds
2018-10-23T07:44:54.043+0000: 363.989: Total time for which application threads were stopped: 0.0004002 seconds, Stopping threads took: 0.0000735 seconds
2018-10-23T07:44:58.554+0000: 368.500: Total time for which application threads were stopped: 0.0004580 seconds, Stopping threads took: 0.0001193 seconds
2018-10-23T07:44:58.559+0000: 368.504: Total time for which application threads were stopped: 0.0006959 seconds, Stopping threads took: 0.0001086 seconds
 CMS: abort preclean due to time 2018-10-23T07:44:58.666+0000: 368.612: [CMS-concurrent-abortable-preclean: 0.259/6.054 secs] [Times: user=0.31 sys=0.00, real=6.05 secs] 
2018-10-23T07:44:58.667+0000: 368.612: [GC (CMS Final Remark) [YG occupancy: 37253 K (109248 K)]{Heap before GC invocations=663 (full 34):
 par new generation   total 109248K, used 37253K [0x00000000e0000000, 0x00000000e8000000, 0x00000000e8000000)
  eden space 87424K,  40% used [0x00000000e0000000, 0x00000000e22c2478, 0x00000000e5560000)
  from space 21824K,   7% used [0x00000000e6ab0000, 0x00000000e6c4f1e0, 0x00000000e8000000)
  to   space 21824K,   0% used [0x00000000e5560000, 0x00000000e5560000, 0x00000000e6ab0000)
 concurrent mark-sweep generation total 393216K, used 196760K [0x00000000e8000000, 0x0000000100000000, 0x0000000100000000)
 Metaspace       used 47288K, capacity 49041K, committed 49624K, reserved 1093632K
  class space    used 5088K, capacity 5464K, committed 5628K, reserved 1048576K
2018-10-23T07:44:58.667+0000: 368.612: [GC (CMS Final Remark) 2018-10-23T07:44:58.667+0000: 368.612: [ParNew
Desired survivor size 20112992 bytes, new threshold 8 (max 8)
- age   1:    1703840 bytes,    1703840 total
- age   6:        160 bytes,    1704000 total
- age   7:       8248 bytes,    1712248 total
: 37253K->2174K(109248K), 0.0045311 secs] 234014K->199764K(502464K), 0.0045905 secs] [Times: user=0.01 sys=0.00, real=0.01 secs] 
Heap after GC invocations=664 (full 34):
 par new generation   total 109248K, used 2174K [0x00000000e0000000, 0x00000000e8000000, 0x00000000e8000000)
  eden space 87424K,   0% used [0x00000000e0000000, 0x00000000e0000000, 0x00000000e5560000)
  from space 21824K,   9% used [0x00000000e5560000, 0x00000000e577fa88, 0x00000000e6ab0000)
  to   space 21824K,   0% used [0x00000000e6ab0000, 0x00000000e6ab0000, 0x00000000e8000000)
 concurrent mark-sweep generation total 393216K, used 197589K [0x00000000e8000000, 0x0000000100000000, 0x0000000100000000)
 Metaspace       used 47288K, capacity 49041K, committed 49624K, reserved 1093632K
  class space    used 5088K, capacity 5464K, committed 5628K, reserved 1048576K
}
2018-10-23T07:44:58.671+0000: 368.617: [Rescan (parallel) , 0.0013416 secs]2018-10-23T07:44:58.673+0000: 368.618: [weak refs processing, 0.0014839 secs]2018-10-23T07:44:58.674+0000: 368.620: [class unloading, 0.0138813 secs]2018-10-23T07:44:58.688+0000: 368.634: [scrub symbol table, 0.0070780 secs]2018-10-23T07:44:58.695+0000: 368.641: [scrub string table, 0.0007427 secs][1 CMS-remark: 197589K(393216K)] 199764K(502464K), 0.0295228 secs] [Times: user=0.05 sys=0.00, real=0.03 secs] 
2018-10-23T07:44:58.696+0000: 368.642: Total time for which application threads were stopped: 0.0299401 seconds, Stopping threads took: 0.0000852 seconds
2018-10-23T07:44:58.696+0000: 368.642: [CMS-concurrent-sweep-start]
2018-10-23T07:44:58.765+0000: 368.711: [CMS-concurrent-sweep: 0.069/0.069 secs] [Times: user=0.06 sys=0.00, real=0.07 secs] 
2018-10-23T07:44:58.765+0000: 368.711: [CMS-concurrent-reset-start]
2018-10-23T07:44:58.766+0000: 368.712: [CMS-concurrent-reset: 0.001/0.001 secs] [Times: user=0.00 sys=0.00, real=0.00 secs] 
2018-10-23T07:45:06.410+0000: 376.356: Total time for which application threads were stopped: 0.0005550 seconds, Stopping threads took: 0.0001561 seconds
2018-10-23T07:45:06.858+0000: 376.804: Total time for which application threads were stopped: 0.0005061 seconds, Stopping threads took: 0.0001503 seconds
2018-10-23T07:45:06.917+0000: 376.863: Total time for which application threads were stopped: 0.0005155 seconds, Stopping threads took: 0.0001679 seconds
2018-10-23T07:45:06.917+0000: 376.863: Total time for which application threads were stopped: 0.0002011 seconds, Stopping threads took: 0.0000542 seconds
2018-10-23T07:45:06.920+0000: 376.866: Total time for which application threads were stopped: 0.0002365 seconds, Stopping threads took: 0.0000435 seconds
2018-10-23T07:45:06.922+0000: 376.868: Total time for which application threads were stopped: 0.0002823 seconds, Stopping threads took: 0.0001168 seconds
2018-10-23T07:45:06.925+0000: 376.871: Total time for which application threads were stopped: 0.0008570 seconds, Stopping threads took: 0.0006934 seconds
2018-10-23T07:45:07.926+0000: 377.871: Total time for which application threads were stopped: 0.0005157 seconds, Stopping threads took: 0.0001001 seconds
2018-10-23T07:45:11.919+0000: 381.865: Total time for which application threads were stopped: 0.0004860 seconds, Stopping threads took: 0.0001649 seconds
2018-10-23T07:45:12.920+0000: 382.865: Total time for which application threads were stopped: 0.0004078 seconds, Stopping threads took: 0.0000779 seconds
2018-10-23T07:45:14.677+0000: 384.623: Total time for which application threads were stopped: 0.0006759 seconds, Stopping threads took: 0.0001779 seconds
2018-10-23T07:45:14.807+0000: 384.753: Total time for which application threads were stopped: 0.0006105 seconds, Stopping threads took: 0.0002196 seconds
2018-10-23T07:45:14.809+0000: 384.755: Total time for which application threads were stopped: 0.0003546 seconds, Stopping threads took: 0.0001035 seconds
2018-10-23T07:45:14.813+0000: 384.759: Total time for which application threads were stopped: 0.0003567 seconds, Stopping threads took: 0.0001644 seconds
{Heap before GC invocations=664 (full 34):
 par new generation   total 109248K, used 89598K [0x00000000e0000000, 0x00000000e8000000, 0x00000000e8000000)
  eden space 87424K, 100% used [0x00000000e0000000, 0x00000000e5560000, 0x00000000e5560000)
  from space 21824K,   9% used [0x00000000e5560000, 0x00000000e577fa88, 0x00000000e6ab0000)
  to   space 21824K,   0% used [0x00000000e6ab0000, 0x00000000e6ab0000, 0x00000000e8000000)
 concurrent mark-sweep generation total 393216K, used 196197K [0x00000000e8000000, 0x0000000100000000, 0x0000000100000000)
 Metaspace       used 48885K, capacity 50733K, committed 51032K, reserved 1095680K
  class space    used 5228K, capacity 5624K, committed 5756K, reserved 1048576K
2018-10-23T07:45:14.825+0000: 384.771: [GC (Allocation Failure) 2018-10-23T07:45:14.825+0000: 384.771: [ParNew
Desired survivor size 20112992 bytes, new threshold 8 (max 8)
- age   1:    9821528 bytes,    9821528 total
- age   2:    1689232 bytes,   11510760 total
- age   7:        160 bytes,   11510920 total
- age   8:       8248 bytes,   11519168 total
: 89598K->11511K(109248K), 0.0063342 secs] 285796K->207708K(502464K), 0.0064251 secs] [Times: user=0.01 sys=0.00, real=0.01 secs] 
Heap after GC invocations=665 (full 34):
 par new generation   total 109248K, used 11511K [0x00000000e0000000, 0x00000000e8000000, 0x00000000e8000000)
  eden space 87424K,   0% used [0x00000000e0000000, 0x00000000e0000000, 0x00000000e5560000)
  from space 21824K,  52% used [0x00000000e6ab0000, 0x00000000e75edc78, 0x00000000e8000000)
  to   space 21824K,   0% used [0x00000000e5560000, 0x00000000e5560000, 0x00000000e6ab0000)
 concurrent mark-sweep generation total 393216K, used 196197K [0x00000000e8000000, 0x0000000100000000, 0x0000000100000000)
 Metaspace       used 48885K, capacity 50733K, committed 51032K, reserved 1095680K
  class space    used 5228K, capacity 5624K, committed 5756K, reserved 1048576K
}
2018-10-23T07:45:14.832+0000: 384.777: Total time for which application threads were stopped: 0.0068043 seconds, Stopping threads took: 0.0000761 seconds
2018-10-23T07:45:15.832+0000: 385.778: Total time for which application threads were stopped: 0.0004619 seconds, Stopping threads took: 0.0001119 seconds
2018-10-23T07:45:19.480+0000: 389.426: Total time for which application threads were stopped: 0.0004515 seconds, Stopping threads took: 0.0001257 seconds
2018-10-23T07:45:19.692+0000: 389.638: Total time for which application threads were stopped: 0.0004735 seconds, Stopping threads took: 0.0000919 seconds
2018-10-23T07:45:19.693+0000: 389.639: Total time for which application threads were stopped: 0.0001962 seconds, Stopping threads took: 0.0000520 seconds
2018-10-23T07:45:22.564+0000: 392.510: Total time for which application threads were stopped: 0.0004500 seconds, Stopping threads took: 0.0000964 seconds
2018-10-23T07:45:22.564+0000: 392.510: Total time for which application threads were stopped: 0.0001996 seconds, Stopping threads took: 0.0000536 seconds
2018-10-23T07:45:25.565+0000: 395.511: Total time for which application threads were stopped: 0.0004479 seconds, Stopping threads took: 0.0001058 seconds
2018-10-23T07:45:27.867+0000: 397.813: Total time for which application threads were stopped: 0.0004789 seconds, Stopping threads took: 0.0001594 seconds
2018-10-23T07:45:27.914+0000: 397.860: Total time for which application threads were stopped: 0.0004635 seconds, Stopping threads took: 0.0000899 seconds
2018-10-23T07:45:27.914+0000: 397.860: Total time for which application threads were stopped: 0.0002059 seconds, Stopping threads took: 0.0000489 seconds
2018-10-23T07:45:27.915+0000: 397.860: Total time for which application threads were stopped: 0.0002049 seconds, Stopping threads took: 0.0000535 seconds
2018-10-23T07:45:27.915+0000: 397.861: Total time for which application threads were stopped: 0.0003002 seconds, Stopping threads took: 0.0000934 seconds
2018-10-23T07:45:28.916+0000: 398.861: Total time for which application threads were stopped: 0.0003970 seconds, Stopping threads took: 0.0000709 seconds
2018-10-23T07:45:30.611+0000: 400.556: Total time for which application threads were stopped: 0.0004957 seconds, Stopping threads took: 0.0001283 seconds
{Heap before GC invocations=665 (full 34):
 par new generation   total 109248K, used 98935K [0x00000000e0000000, 0x00000000e8000000, 0x00000000e8000000)
  eden space 87424K, 100% used [0x00000000e0000000, 0x00000000e5560000, 0x00000000e5560000)
  from space 21824K,  52% used [0x00000000e6ab0000, 0x00000000e75edc78, 0x00000000e8000000)
  to   space 21824K,   0% used [0x00000000e5560000, 0x00000000e5560000, 0x00000000e6ab0000)
 concurrent mark-sweep generation total 393216K, used 196197K [0x00000000e8000000, 0x0000000100000000, 0x0000000100000000)
 Metaspace       used 49156K, capacity 50989K, committed 51288K, reserved 1095680K
  class space    used 5234K, capacity 5634K, committed 5756K, reserved 1048576K
2018-10-23T07:45:30.660+0000: 400.605: [GC (Allocation Failure) 2018-10-23T07:45:30.660+0000: 400.605: [ParNew
Desired survivor size 20112992 bytes, new threshold 8 (max 8)
- age   1:    4307784 bytes,    4307784 total
- age   2:    8429048 bytes,   12736832 total
- age   3:    1687720 bytes,   14424552 total
- age   8:        160 bytes,   14424712 total
: 98935K->17263K(109248K), 0.0112977 secs] 295132K->213469K(502464K), 0.0114156 secs] [Times: user=0.03 sys=0.00, real=0.01 secs] 
Heap after GC invocations=666 (full 34):
 par new generation   total 109248K, used 17263K [0x00000000e0000000, 0x00000000e8000000, 0x00000000e8000000)
  eden space 87424K,   0% used [0x00000000e0000000, 0x00000000e0000000, 0x00000000e5560000)
  from space 21824K,  79% used [0x00000000e5560000, 0x00000000e663bc10, 0x00000000e6ab0000)
  to   space 21824K,   0% used [0x00000000e6ab0000, 0x00000000e6ab0000, 0x00000000e8000000)
 concurrent mark-sweep generation total 393216K, used 196206K [0x00000000e8000000, 0x0000000100000000, 0x0000000100000000)
 Metaspace       used 49156K, capacity 50989K, committed 51288K, reserved 1095680K
  class space    used 5234K, capacity 5634K, committed 5756K, reserved 1048576K
}
2018-10-23T07:45:30.671+0000: 400.617: Total time for which application threads were stopped: 0.0119462 seconds, Stopping threads took: 0.0000746 seconds
2018-10-23T07:45:31.672+0000: 401.617: Total time for which application threads were stopped: 0.0004151 seconds, Stopping threads took: 0.0000680 seconds
2018-10-23T07:45:33.674+0000: 403.620: Total time for which application threads were stopped: 0.0005297 seconds, Stopping threads took: 0.0001863 seconds
2018-10-23T07:45:34.675+0000: 404.621: Total time for which application threads were stopped: 0.0004431 seconds, Stopping threads took: 0.0000730 seconds
2018-10-23T07:45:37.676+0000: 407.621: Total time for which application threads were stopped: 0.0004398 seconds, Stopping threads took: 0.0000809 seconds
2018-10-23T07:45:38.676+0000: 408.622: Total time for which application threads were stopped: 0.0005031 seconds, Stopping threads took: 0.0001415 seconds
2018-10-23T07:45:40.677+0000: 410.623: Total time for which application threads were stopped: 0.0004691 seconds, Stopping threads took: 0.0001241 seconds
2018-10-23T07:45:45.678+0000: 415.624: Total time for which application threads were stopped: 0.0004238 seconds, Stopping threads took: 0.0001118 seconds
2018-10-23T07:45:46.679+0000: 416.625: Total time for which application threads were stopped: 0.0004464 seconds, Stopping threads took: 0.0001144 seconds
2018-10-23T07:45:47.680+0000: 417.625: Total time for which application threads were stopped: 0.0003894 seconds, Stopping threads took: 0.0000993 seconds
2018-10-23T07:45:53.681+0000: 423.627: Total time for which application threads were stopped: 0.0003945 seconds, Stopping threads took: 0.0000706 seconds
{Heap before GC invocations=666 (full 34):
 par new generation   total 109248K, used 104687K [0x00000000e0000000, 0x00000000e8000000, 0x00000000e8000000)
  eden space 87424K, 100% used [0x00000000e0000000, 0x00000000e5560000, 0x00000000e5560000)
  from space 21824K,  79% used [0x00000000e5560000, 0x00000000e663bc10, 0x00000000e6ab0000)
  to   space 21824K,   0% used [0x00000000e6ab0000, 0x00000000e6ab0000, 0x00000000e8000000)
 concurrent mark-sweep generation total 393216K, used 196206K [0x00000000e8000000, 0x0000000100000000, 0x0000000100000000)
 Metaspace       used 49326K, capacity 51207K, committed 51544K, reserved 1095680K
  class space    used 5243K, capacity 5649K, committed 5756K, reserved 1048576K
2018-10-23T07:45:54.928+0000: 424.874: [GC (Allocation Failure) 2018-10-23T07:45:54.928+0000: 424.874: [ParNew
Desired survivor size 20112992 bytes, new threshold 8 (max 8)
- age   1:     785552 bytes,     785552 total
- age   2:     802128 bytes,    1587680 total
- age   3:    8408784 bytes,    9996464 total
- age   4:    1686792 bytes,   11683256 total
: 104687K->15045K(109248K), 0.0055271 secs] 300893K->211251K(502464K), 0.0056363 secs] [Times: user=0.02 sys=0.00, real=0.01 secs] 
Heap after GC invocations=667 (full 34):
 par new generation   total 109248K, used 15045K [0x00000000e0000000, 0x00000000e8000000, 0x00000000e8000000)
  eden space 87424K,   0% used [0x00000000e0000000, 0x00000000e0000000, 0x00000000e5560000)
  from space 21824K,  68% used [0x00000000e6ab0000, 0x00000000e79614c0, 0x00000000e8000000)
  to   space 21824K,   0% used [0x00000000e5560000, 0x00000000e5560000, 0x00000000e6ab0000)
 concurrent mark-sweep generation total 393216K, used 196206K [0x00000000e8000000, 0x0000000100000000, 0x0000000100000000)
 Metaspace       used 49326K, capacity 51207K, committed 51544K, reserved 1095680K
  class space    used 5243K, capacity 5649K, committed 5756K, reserved 1048576K
}
2018-10-23T07:45:54.934+0000: 424.880: Total time for which application threads were stopped: 0.0061315 seconds, Stopping threads took: 0.0000739 seconds
2018-10-23T07:45:56.255+0000: 426.201: Total time for which application threads were stopped: 0.0017939 seconds, Stopping threads took: 0.0000457 seconds
2018-10-23T07:45:56.258+0000: 426.204: Total time for which application threads were stopped: 0.0009245 seconds, Stopping threads took: 0.0000451 seconds
2018-10-23T07:45:56.442+0000: 426.388: Total time for which application threads were stopped: 0.0004712 seconds, Stopping threads took: 0.0000848 seconds
2018-10-23T07:45:56.442+0000: 426.388: Total time for which application threads were stopped: 0.0001846 seconds, Stopping threads took: 0.0000434 seconds
2018-10-23T07:46:01.443+0000: 431.389: Total time for which application threads were stopped: 0.0004373 seconds, Stopping threads took: 0.0001102 seconds
2018-10-23T07:46:02.444+0000: 432.390: Total time for which application threads were stopped: 0.0003745 seconds, Stopping threads took: 0.0000691 seconds
2018-10-23T07:46:07.393+0000: 437.339: Total time for which application threads were stopped: 0.0005569 seconds, Stopping threads took: 0.0001623 seconds
2018-10-23T07:46:08.394+0000: 438.340: Total time for which application threads were stopped: 0.0004100 seconds, Stopping threads took: 0.0000656 seconds
2018-10-23T07:46:13.395+0000: 443.341: Total time for which application threads were stopped: 0.0003659 seconds, Stopping threads took: 0.0000622 seconds
{Heap before GC invocations=667 (full 34):
 par new generation   total 109248K, used 102469K [0x00000000e0000000, 0x00000000e8000000, 0x00000000e8000000)
  eden space 87424K, 100% used [0x00000000e0000000, 0x00000000e5560000, 0x00000000e5560000)
  from space 21824K,  68% used [0x00000000e6ab0000, 0x00000000e79614c0, 0x00000000e8000000)
  to   space 21824K,   0% used [0x00000000e5560000, 0x00000000e5560000, 0x00000000e6ab0000)
 concurrent mark-sweep generation total 393216K, used 196206K [0x00000000e8000000, 0x0000000100000000, 0x0000000100000000)
 Metaspace       used 49654K, capacity 51621K, committed 51800K, reserved 1095680K
  class space    used 5268K, capacity 5722K, committed 5756K, reserved 1048576K
2018-10-23T07:46:13.846+0000: 443.792: [GC (Allocation Failure) 2018-10-23T07:46:13.846+0000: 443.792: [ParNew
Desired survivor size 20112992 bytes, new threshold 8 (max 8)
- age   1:    1005608 bytes,    1005608 total
- age   2:     558552 bytes,    1564160 total
- age   3:     801432 bytes,    2365592 total
- age   4:    8408624 bytes,   10774216 total
- age   5:    1686792 bytes,   12461008 total
: 102469K->16731K(109248K), 0.0210882 secs] 298675K->212937K(502464K), 0.0212158 secs] [Times: user=0.04 sys=0.00, real=0.02 secs] 
Heap after GC invocations=668 (full 34):
 par new generation   total 109248K, used 16731K [0x00000000e0000000, 0x00000000e8000000, 0x00000000e8000000)
  eden space 87424K,   0% used [0x00000000e0000000, 0x00000000e0000000, 0x00000000e5560000)
  from space 21824K,  76% used [0x00000000e5560000, 0x00000000e65b6cf0, 0x00000000e6ab0000)
  to   space 21824K,   0% used [0x00000000e6ab0000, 0x00000000e6ab0000, 0x00000000e8000000)
 concurrent mark-sweep generation total 393216K, used 196206K [0x00000000e8000000, 0x0000000100000000, 0x0000000100000000)
 Metaspace       used 49654K, capacity 51621K, committed 51800K, reserved 1095680K
  class space    used 5268K, capacity 5722K, committed 5756K, reserved 1048576K
}
2018-10-23T07:46:13.867+0000: 443.813: Total time for which application threads were stopped: 0.0218098 seconds, Stopping threads took: 0.0000963 seconds
2018-10-23T07:46:14.090+0000: 444.036: Total time for which application threads were stopped: 0.0003960 seconds, Stopping threads took: 0.0000870 seconds
2018-10-23T07:46:14.091+0000: 444.036: Total time for which application threads were stopped: 0.0001937 seconds, Stopping threads took: 0.0000482 seconds
2018-10-23T07:46:22.092+0000: 452.038: Total time for which application threads were stopped: 0.0003884 seconds, Stopping threads took: 0.0000613 seconds
2018-10-23T07:46:25.093+0000: 455.039: Total time for which application threads were stopped: 0.0003814 seconds, Stopping threads took: 0.0000574 seconds
2018-10-23T07:46:28.094+0000: 458.040: Total time for which application threads were stopped: 0.0005291 seconds, Stopping threads took: 0.0001428 seconds
2018-10-23T07:46:29.095+0000: 459.041: Total time for which application threads were stopped: 0.0003690 seconds, Stopping threads took: 0.0000657 seconds
2018-10-23T07:46:34.911+0000: 464.857: Total time for which application threads were stopped: 0.0004193 seconds, Stopping threads took: 0.0000759 seconds
2018-10-23T07:46:34.911+0000: 464.857: Total time for which application threads were stopped: 0.0002630 seconds, Stopping threads took: 0.0000567 seconds
2018-10-23T07:46:34.914+0000: 464.859: Total time for which application threads were stopped: 0.0002087 seconds, Stopping threads took: 0.0000556 seconds
2018-10-23T07:46:34.914+0000: 464.860: Total time for which application threads were stopped: 0.0001965 seconds, Stopping threads took: 0.0000592 seconds
{Heap before GC invocations=668 (full 34):
 par new generation   total 109248K, used 104155K [0x00000000e0000000, 0x00000000e8000000, 0x00000000e8000000)
  eden space 87424K, 100% used [0x00000000e0000000, 0x00000000e5560000, 0x00000000e5560000)
  from space 21824K,  76% used [0x00000000e5560000, 0x00000000e65b6cf0, 0x00000000e6ab0000)
  to   space 21824K,   0% used [0x00000000e6ab0000, 0x00000000e6ab0000, 0x00000000e8000000)
 concurrent mark-sweep generation total 393216K, used 196206K [0x00000000e8000000, 0x0000000100000000, 0x0000000100000000)
 Metaspace       used 49793K, capacity 51847K, committed 52056K, reserved 1095680K
  class space    used 5277K, capacity 5727K, committed 5756K, reserved 1048576K
2018-10-23T07:46:34.928+0000: 464.873: [GC (Allocation Failure) 2018-10-23T07:46:34.928+0000: 464.874: [ParNew
Desired survivor size 20112992 bytes, new threshold 8 (max 8)
- age   1:     486872 bytes,     486872 total
- age   2:     431944 bytes,     918816 total
- age   3:     555304 bytes,    1474120 total
- age   4:     801032 bytes,    2275152 total
- age   5:    8408112 bytes,   10683264 total
- age   6:    1660608 bytes,   12343872 total
: 104155K->16316K(109248K), 0.0073614 secs] 300361K->212522K(502464K), 0.0074554 secs] [Times: user=0.02 sys=0.00, real=0.01 secs] 
